2026-05-25 19:36:33,990 - INFO - Log directory: /home/lizhuoxuan/lzq/Bigscity-LibCity-master/outputs/20260525_193633__traffic_state_pred__new_fuzzy_3__PEMSD4/logs
2026-05-25 19:36:33,991 - INFO - Begin artifact training pipeline, task=traffic_state_pred, model_name=new_fuzzy_3, dataset_name=PEMSD4, exp_id=20260525_193633__traffic_state_pred__new_fuzzy_3__PEMSD4
2026-05-25 19:36:33,991 - INFO - {'task': 'traffic_state_pred', 'model': 'new_fuzzy_3', 'dataset': 'PEMSD4', 'saved_model': True, 'train': True, 'seed': 42, 'train_rate': 0.6, 'eval_rate': 0.2, 'batch_size': 64, 'learning_rate': 0.01, 'max_epoch': 50, 'dataset_class': 'TrafficStatePointDataset', 'executor': 'DiffusionTrafficStateExecutor', 'evaluator': 'TrafficStateEvaluator', 'amp_dtype': 'bfloat16', 'beta_end': 0.01, 'beta_start': 0.0001, 'calculate_weight_adj': False, 'conservation_loss_weight': 0.1, 'conservation_steps_per_epoch': 80, 'conservation_warmup_epochs': 5, 'data_col': ['traffic_flow', 'traffic_occupancy', 'traffic_speed'], 'data_files': ['PEMSD4'], 'ddim_eta': 0, 'decoder_layers': 2, 'denoiser_layers': 2, 'device': device(type='cuda', index=0), 'diffusion_conservation_enabled': False, 'diffusion_schedule': 'linear', 'diffusion_steps': 50, 'disturb_rate': 0.5, 'dropout': 0.1, 'dyna': {'including_types': ['state'], 'state': {'entity_id': 'geo_id', 'traffic_flow': 'num', 'traffic_occupancy': 'num', 'traffic_speed': 'num'}}, 'encoder_layers': 2, 'eval_batch_size': 64, 'evaluator_mode': 'single', 'fcm_loss_weight': 0.01, 'fcm_steps_per_epoch': 80, 'fcm_warmup_epochs': 3, 'ffn_hidden_dim': 128, 'fuzzy_num_sets': 3, 'geo': {'including_types': ['Point'], 'Point': {}}, 'geo_file': 'PEMSD4', 'graph_k_hop': 2, 'hidden_dim': 64, 'init_weight_inf_or_zero': 'zero', 'is_distributed': True, 'metrics': ['MAE', 'MAPE', 'MSE', 'RMSE', 'masked_MAE', 'masked_MAPE', 'masked_MSE', 'masked_RMSE', 'R2', 'EVAR'], 'noise_SD': [10], 'noise_mean': [5], 'noise_type': 'gaussian', 'num_heads': 2, 'num_sampling_steps': 20, 'num_workers': 0, 'output_dim': 3, 'pad_with_last_sample': True, 'physics_channel_idx': 0, 'prediction_clamp_max': 3, 'prediction_clamp_min': -3, 'rank': 0, 'rel': {'including_types': ['geo'], 'geo': {'cost': 'num'}}, 'rel_file': 'PEMSD4', 'robustness_test': False, 'save_mode': ['csv'], 'scale_lr': False, 'set_weight_link_or_dist': 'link', 'time_intervals': 300, 'use_amp': True, 'use_diffusion': True, 'use_fuzzy_conservation': True, 'use_fuzzy_graph': True, 'use_gradient_checkpointing': False, 'use_spatiotemporal_attention': True, 'use_temporal_position_embedding': True, 'weight_adj_epsilon': 0.1, 'weight_col': 'cost', 'world_size': 2, 'clip_grad_norm': True, 'epoch': 0, 'gpu': True, 'gpu_id': 0, 'learner': 'adamw', 'load_best_epoch': True, 'log_every': 1, 'lr_decay': True, 'lr_decay_ratio': 0.5, 'lr_patience': 5, 'lr_scheduler': 'cosineannealinglr', 'lr_threshold': 0.001, 'max_grad_norm': 3, 'patience': 30, 'train_loss': 'none', 'use_early_stop': True, 'weight_decay': 0.0001, 'data_version_id': 'dv_1779707798_a7a9af0f', 'input_window': 12, 'output_window': 12, 'scaler': 'standard', 'load_external': False, 'normal_external': False, 'add_time_in_day': True, 'add_day_in_week': True, 'cache_dataset': True, 'ext_scaler': 'none', 'local_rank': 0, 'dist_backend': 'nccl', 'exp_id': '20260525_193633__traffic_state_pred__new_fuzzy_3__PEMSD4'}
2026-05-25 19:36:48,462 - INFO - DistributedDataParallel(
  (module): NewFuzzy3(
    (diffusion): DiffusionScheduler()
    (fuzzy_graph): FuzzyRelationalGraphLearner(
      (raw_projection): Linear(in_features=3, out_features=64, bias=True)
      (feature_to_membership): Sequential(
        (0): Linear(in_features=64, out_features=32, bias=True)
        (1): GELU(approximate='none')
        (2): Linear(in_features=32, out_features=3, bias=True)
      )
    )
    (condition_encoder): STEncoder(
      (input_projection): Linear(in_features=3, out_features=64, bias=True)
      (blocks): ModuleList(
        (0-1): 2 x STEncoderBlock(
          (temporal_attention): MultiHeadAttention(
            (query_projection): Linear(in_features=64, out_features=64, bias=True)
            (key_projection): Linear(in_features=64, out_features=64, bias=True)
            (value_projection): Linear(in_features=64, out_features=64, bias=True)
            (output_projection): Linear(in_features=64, out_features=64, bias=True)
            (dropout): Dropout(p=0.1, inplace=False)
          )
          (graph_convolution): FuzzyGraphConvolution(
            (projections): ModuleList(
              (0-2): 3 x Linear(in_features=64, out_features=64, bias=True)
            )
          )
          (feed_forward): FeedForwardNetwork(
            (network): Sequential(
              (0): Linear(in_features=64, out_features=128, bias=True)
              (1): GELU(approximate='none')
              (2): Dropout(p=0.1, inplace=False)
              (3): Linear(in_features=128, out_features=64, bias=True)
              (4): Dropout(p=0.1, inplace=False)
            )
          )
          (norm_temporal): LayerNorm((64,), eps=1e-05, elementwise_affine=True)
          (norm_graph): LayerNorm((64,), eps=1e-05, elementwise_affine=True)
          (norm_ffn): LayerNorm((64,), eps=1e-05, elementwise_affine=True)
          (dropout): Dropout(p=0.1, inplace=False)
        )
      )
      (final_norm): LayerNorm((64,), eps=1e-05, elementwise_affine=True)
    )
    (denoiser): FuzzyGuidedDenoiser(
      (input_projection): Linear(in_features=3, out_features=64, bias=True)
      (time_embedding): SinusoidalTimeEmbedding()
      (time_projection): Sequential(
        (0): Linear(in_features=64, out_features=64, bias=True)
        (1): SiLU()
        (2): Linear(in_features=64, out_features=64, bias=True)
      )
      (condition_fusion): Linear(in_features=128, out_features=64, bias=True)
      (blocks): ModuleList(
        (0-1): 2 x DenoiserBlock(
          (temporal_attention): MultiHeadAttention(
            (query_projection): Linear(in_features=64, out_features=64, bias=True)
            (key_projection): Linear(in_features=64, out_features=64, bias=True)
            (value_projection): Linear(in_features=64, out_features=64, bias=True)
            (output_projection): Linear(in_features=64, out_features=64, bias=True)
            (dropout): Dropout(p=0.1, inplace=False)
          )
          (graph_convolution): FuzzyGraphConvolution(
            (projections): ModuleList(
              (0-2): 3 x Linear(in_features=64, out_features=64, bias=True)
            )
          )
          (cross_attention): MultiHeadAttention(
            (query_projection): Linear(in_features=64, out_features=64, bias=True)
            (key_projection): Linear(in_features=64, out_features=64, bias=True)
            (value_projection): Linear(in_features=64, out_features=64, bias=True)
            (output_projection): Linear(in_features=64, out_features=64, bias=True)
            (dropout): Dropout(p=0.1, inplace=False)
          )
          (spatiotemporal_attention): MultiHeadAttention(
            (query_projection): Linear(in_features=64, out_features=64, bias=True)
            (key_projection): Linear(in_features=64, out_features=64, bias=True)
            (value_projection): Linear(in_features=64, out_features=64, bias=True)
            (output_projection): Linear(in_features=64, out_features=64, bias=True)
            (dropout): Dropout(p=0.1, inplace=False)
          )
          (feed_forward): FeedForwardNetwork(
            (network): Sequential(
              (0): Linear(in_features=64, out_features=128, bias=True)
              (1): GELU(approximate='none')
              (2): Dropout(p=0.1, inplace=False)
              (3): Linear(in_features=128, out_features=64, bias=True)
              (4): Dropout(p=0.1, inplace=False)
            )
          )
          (norm_temporal): LayerNorm((64,), eps=1e-05, elementwise_affine=True)
          (norm_graph): LayerNorm((64,), eps=1e-05, elementwise_affine=True)
          (norm_cross): LayerNorm((64,), eps=1e-05, elementwise_affine=True)
          (norm_spatiotemporal): LayerNorm((64,), eps=1e-05, elementwise_affine=True)
          (norm_ffn): LayerNorm((64,), eps=1e-05, elementwise_affine=True)
          (dropout): Dropout(p=0.1, inplace=False)
          (time_scale_shift): Sequential(
            (0): SiLU()
            (1): Linear(in_features=64, out_features=128, bias=True)
          )
        )
      )
      (final_norm): LayerNorm((64,), eps=1e-05, elementwise_affine=True)
      (output_projection): Linear(in_features=64, out_features=3, bias=True)
    )
  )
)
2026-05-25 19:36:48,464 - INFO - module.fuzzy_graph.base_memberships	torch.Size([307, 3])	cuda:0	True
2026-05-25 19:36:48,465 - INFO - module.fuzzy_graph.fuzzy_prototypes	torch.Size([3, 64])	cuda:0	True
2026-05-25 19:36:48,465 - INFO - module.fuzzy_graph.blend_logit	torch.Size([])	cuda:0	True
2026-05-25 19:36:48,465 - INFO - module.fuzzy_graph.raw_projection.weight	torch.Size([64, 3])	cuda:0	True
2026-05-25 19:36:48,465 - INFO - module.fuzzy_graph.raw_projection.bias	torch.Size([64])	cuda:0	True
2026-05-25 19:36:48,465 - INFO - module.fuzzy_graph.feature_to_membership.0.weight	torch.Size([32, 64])	cuda:0	True
2026-05-25 19:36:48,465 - INFO - module.fuzzy_graph.feature_to_membership.0.bias	torch.Size([32])	cuda:0	True
2026-05-25 19:36:48,465 - INFO - module.fuzzy_graph.feature_to_membership.2.weight	torch.Size([3, 32])	cuda:0	True
2026-05-25 19:36:48,465 - INFO - module.fuzzy_graph.feature_to_membership.2.bias	torch.Size([3])	cuda:0	True
2026-05-25 19:36:48,465 - INFO - module.condition_encoder.temporal_position_embedding	torch.Size([1, 12, 1, 64])	cuda:0	True
2026-05-25 19:36:48,465 - INFO - module.condition_encoder.input_projection.weight	torch.Size([64, 3])	cuda:0	True
2026-05-25 19:36:48,465 - INFO - module.condition_encoder.input_projection.bias	torch.Size([64])	cuda:0	True
2026-05-25 19:36:48,465 - INFO - module.condition_encoder.blocks.0.temporal_attention.query_projection.weight	torch.Size([64, 64])	cuda:0	True
2026-05-25 19:36:48,465 - INFO - module.condition_encoder.blocks.0.temporal_attention.query_projection.bias	torch.Size([64])	cuda:0	True
2026-05-25 19:36:48,465 - INFO - module.condition_encoder.blocks.0.temporal_attention.key_projection.weight	torch.Size([64, 64])	cuda:0	True
2026-05-25 19:36:48,465 - INFO - module.condition_encoder.blocks.0.temporal_attention.key_projection.bias	torch.Size([64])	cuda:0	True
2026-05-25 19:36:48,466 - INFO - module.condition_encoder.blocks.0.temporal_attention.value_projection.weight	torch.Size([64, 64])	cuda:0	True
2026-05-25 19:36:48,466 - INFO - module.condition_encoder.blocks.0.temporal_attention.value_projection.bias	torch.Size([64])	cuda:0	True
2026-05-25 19:36:48,466 - INFO - module.condition_encoder.blocks.0.temporal_attention.output_projection.weight	torch.Size([64, 64])	cuda:0	True
2026-05-25 19:36:48,466 - INFO - module.condition_encoder.blocks.0.temporal_attention.output_projection.bias	torch.Size([64])	cuda:0	True
2026-05-25 19:36:48,466 - INFO - module.condition_encoder.blocks.0.graph_convolution.projections.0.weight	torch.Size([64, 64])	cuda:0	True
2026-05-25 19:36:48,466 - INFO - module.condition_encoder.blocks.0.graph_convolution.projections.0.bias	torch.Size([64])	cuda:0	True
2026-05-25 19:36:48,466 - INFO - module.condition_encoder.blocks.0.graph_convolution.projections.1.weight	torch.Size([64, 64])	cuda:0	True
2026-05-25 19:36:48,466 - INFO - module.condition_encoder.blocks.0.graph_convolution.projections.1.bias	torch.Size([64])	cuda:0	True
2026-05-25 19:36:48,466 - INFO - module.condition_encoder.blocks.0.graph_convolution.projections.2.weight	torch.Size([64, 64])	cuda:0	True
2026-05-25 19:36:48,466 - INFO - module.condition_encoder.blocks.0.graph_convolution.projections.2.bias	torch.Size([64])	cuda:0	True
2026-05-25 19:36:48,466 - INFO - module.condition_encoder.blocks.0.feed_forward.network.0.weight	torch.Size([128, 64])	cuda:0	True
2026-05-25 19:36:48,466 - INFO - module.condition_encoder.blocks.0.feed_forward.network.0.bias	torch.Size([128])	cuda:0	True
2026-05-25 19:36:48,466 - INFO - module.condition_encoder.blocks.0.feed_forward.network.3.weight	torch.Size([64, 128])	cuda:0	True
2026-05-25 19:36:48,466 - INFO - module.condition_encoder.blocks.0.feed_forward.network.3.bias	torch.Size([64])	cuda:0	True
2026-05-25 19:36:48,466 - INFO - module.condition_encoder.blocks.0.norm_temporal.weight	torch.Size([64])	cuda:0	True
2026-05-25 19:36:48,467 - INFO - module.condition_encoder.blocks.0.norm_temporal.bias	torch.Size([64])	cuda:0	True
2026-05-25 19:36:48,467 - INFO - module.condition_encoder.blocks.0.norm_graph.weight	torch.Size([64])	cuda:0	True
2026-05-25 19:36:48,467 - INFO - module.condition_encoder.blocks.0.norm_graph.bias	torch.Size([64])	cuda:0	True
2026-05-25 19:36:48,467 - INFO - module.condition_encoder.blocks.0.norm_ffn.weight	torch.Size([64])	cuda:0	True
2026-05-25 19:36:48,467 - INFO - module.condition_encoder.blocks.0.norm_ffn.bias	torch.Size([64])	cuda:0	True
2026-05-25 19:36:48,467 - INFO - module.condition_encoder.blocks.1.temporal_attention.query_projection.weight	torch.Size([64, 64])	cuda:0	True
2026-05-25 19:36:48,467 - INFO - module.condition_encoder.blocks.1.temporal_attention.query_projection.bias	torch.Size([64])	cuda:0	True
2026-05-25 19:36:48,467 - INFO - module.condition_encoder.blocks.1.temporal_attention.key_projection.weight	torch.Size([64, 64])	cuda:0	True
2026-05-25 19:36:48,467 - INFO - module.condition_encoder.blocks.1.temporal_attention.key_projection.bias	torch.Size([64])	cuda:0	True
2026-05-25 19:36:48,467 - INFO - module.condition_encoder.blocks.1.temporal_attention.value_projection.weight	torch.Size([64, 64])	cuda:0	True
2026-05-25 19:36:48,467 - INFO - module.condition_encoder.blocks.1.temporal_attention.value_projection.bias	torch.Size([64])	cuda:0	True
2026-05-25 19:36:48,467 - INFO - module.condition_encoder.blocks.1.temporal_attention.output_projection.weight	torch.Size([64, 64])	cuda:0	True
2026-05-25 19:36:48,467 - INFO - module.condition_encoder.blocks.1.temporal_attention.output_projection.bias	torch.Size([64])	cuda:0	True
2026-05-25 19:36:48,467 - INFO - module.condition_encoder.blocks.1.graph_convolution.projections.0.weight	torch.Size([64, 64])	cuda:0	True
2026-05-25 19:36:48,467 - INFO - module.condition_encoder.blocks.1.graph_convolution.projections.0.bias	torch.Size([64])	cuda:0	True
2026-05-25 19:36:48,467 - INFO - module.condition_encoder.blocks.1.graph_convolution.projections.1.weight	torch.Size([64, 64])	cuda:0	True
2026-05-25 19:36:48,468 - INFO - module.condition_encoder.blocks.1.graph_convolution.projections.1.bias	torch.Size([64])	cuda:0	True
2026-05-25 19:36:48,468 - INFO - module.condition_encoder.blocks.1.graph_convolution.projections.2.weight	torch.Size([64, 64])	cuda:0	True
2026-05-25 19:36:48,468 - INFO - module.condition_encoder.blocks.1.graph_convolution.projections.2.bias	torch.Size([64])	cuda:0	True
2026-05-25 19:36:48,468 - INFO - module.condition_encoder.blocks.1.feed_forward.network.0.weight	torch.Size([128, 64])	cuda:0	True
2026-05-25 19:36:48,468 - INFO - module.condition_encoder.blocks.1.feed_forward.network.0.bias	torch.Size([128])	cuda:0	True
2026-05-25 19:36:48,468 - INFO - module.condition_encoder.blocks.1.feed_forward.network.3.weight	torch.Size([64, 128])	cuda:0	True
2026-05-25 19:36:48,468 - INFO - module.condition_encoder.blocks.1.feed_forward.network.3.bias	torch.Size([64])	cuda:0	True
2026-05-25 19:36:48,468 - INFO - module.condition_encoder.blocks.1.norm_temporal.weight	torch.Size([64])	cuda:0	True
2026-05-25 19:36:48,468 - INFO - module.condition_encoder.blocks.1.norm_temporal.bias	torch.Size([64])	cuda:0	True
2026-05-25 19:36:48,468 - INFO - module.condition_encoder.blocks.1.norm_graph.weight	torch.Size([64])	cuda:0	True
2026-05-25 19:36:48,468 - INFO - module.condition_encoder.blocks.1.norm_graph.bias	torch.Size([64])	cuda:0	True
2026-05-25 19:36:48,468 - INFO - module.condition_encoder.blocks.1.norm_ffn.weight	torch.Size([64])	cuda:0	True
2026-05-25 19:36:48,468 - INFO - module.condition_encoder.blocks.1.norm_ffn.bias	torch.Size([64])	cuda:0	True
2026-05-25 19:36:48,468 - INFO - module.condition_encoder.final_norm.weight	torch.Size([64])	cuda:0	True
2026-05-25 19:36:48,468 - INFO - module.condition_encoder.final_norm.bias	torch.Size([64])	cuda:0	True
2026-05-25 19:36:48,469 - INFO - module.denoiser.future_position_embedding	torch.Size([1, 12, 1, 64])	cuda:0	True
2026-05-25 19:36:48,469 - INFO - module.denoiser.condition_temporal_weight	torch.Size([12])	cuda:0	True
2026-05-25 19:36:48,469 - INFO - module.denoiser.input_projection.weight	torch.Size([64, 3])	cuda:0	True
2026-05-25 19:36:48,469 - INFO - module.denoiser.input_projection.bias	torch.Size([64])	cuda:0	True
2026-05-25 19:36:48,469 - INFO - module.denoiser.time_projection.0.weight	torch.Size([64, 64])	cuda:0	True
2026-05-25 19:36:48,469 - INFO - module.denoiser.time_projection.0.bias	torch.Size([64])	cuda:0	True
2026-05-25 19:36:48,469 - INFO - module.denoiser.time_projection.2.weight	torch.Size([64, 64])	cuda:0	True
2026-05-25 19:36:48,469 - INFO - module.denoiser.time_projection.2.bias	torch.Size([64])	cuda:0	True
2026-05-25 19:36:48,469 - INFO - module.denoiser.condition_fusion.weight	torch.Size([64, 128])	cuda:0	True
2026-05-25 19:36:48,469 - INFO - module.denoiser.condition_fusion.bias	torch.Size([64])	cuda:0	True
2026-05-25 19:36:48,469 - INFO - module.denoiser.blocks.0.temporal_attention.query_projection.weight	torch.Size([64, 64])	cuda:0	True
2026-05-25 19:36:48,469 - INFO - module.denoiser.blocks.0.temporal_attention.query_projection.bias	torch.Size([64])	cuda:0	True
2026-05-25 19:36:48,469 - INFO - module.denoiser.blocks.0.temporal_attention.key_projection.weight	torch.Size([64, 64])	cuda:0	True
2026-05-25 19:36:48,469 - INFO - module.denoiser.blocks.0.temporal_attention.key_projection.bias	torch.Size([64])	cuda:0	True
2026-05-25 19:36:48,469 - INFO - module.denoiser.blocks.0.temporal_attention.value_projection.weight	torch.Size([64, 64])	cuda:0	True
2026-05-25 19:36:48,469 - INFO - module.denoiser.blocks.0.temporal_attention.value_projection.bias	torch.Size([64])	cuda:0	True
2026-05-25 19:36:48,469 - INFO - module.denoiser.blocks.0.temporal_attention.output_projection.weight	torch.Size([64, 64])	cuda:0	True
2026-05-25 19:36:48,469 - INFO - module.denoiser.blocks.0.temporal_attention.output_projection.bias	torch.Size([64])	cuda:0	True
2026-05-25 19:36:48,470 - INFO - module.denoiser.blocks.0.graph_convolution.projections.0.weight	torch.Size([64, 64])	cuda:0	True
2026-05-25 19:36:48,470 - INFO - module.denoiser.blocks.0.graph_convolution.projections.0.bias	torch.Size([64])	cuda:0	True
2026-05-25 19:36:48,470 - INFO - module.denoiser.blocks.0.graph_convolution.projections.1.weight	torch.Size([64, 64])	cuda:0	True
2026-05-25 19:36:48,470 - INFO - module.denoiser.blocks.0.graph_convolution.projections.1.bias	torch.Size([64])	cuda:0	True
2026-05-25 19:36:48,470 - INFO - module.denoiser.blocks.0.graph_convolution.projections.2.weight	torch.Size([64, 64])	cuda:0	True
2026-05-25 19:36:48,470 - INFO - module.denoiser.blocks.0.graph_convolution.projections.2.bias	torch.Size([64])	cuda:0	True
2026-05-25 19:36:48,470 - INFO - module.denoiser.blocks.0.cross_attention.query_projection.weight	torch.Size([64, 64])	cuda:0	True
2026-05-25 19:36:48,470 - INFO - module.denoiser.blocks.0.cross_attention.query_projection.bias	torch.Size([64])	cuda:0	True
2026-05-25 19:36:48,470 - INFO - module.denoiser.blocks.0.cross_attention.key_projection.weight	torch.Size([64, 64])	cuda:0	True
2026-05-25 19:36:48,470 - INFO - module.denoiser.blocks.0.cross_attention.key_projection.bias	torch.Size([64])	cuda:0	True
2026-05-25 19:36:48,470 - INFO - module.denoiser.blocks.0.cross_attention.value_projection.weight	torch.Size([64, 64])	cuda:0	True
2026-05-25 19:36:48,470 - INFO - module.denoiser.blocks.0.cross_attention.value_projection.bias	torch.Size([64])	cuda:0	True
2026-05-25 19:36:48,470 - INFO - module.denoiser.blocks.0.cross_attention.output_projection.weight	torch.Size([64, 64])	cuda:0	True
2026-05-25 19:36:48,470 - INFO - module.denoiser.blocks.0.cross_attention.output_projection.bias	torch.Size([64])	cuda:0	True
2026-05-25 19:36:48,470 - INFO - module.denoiser.blocks.0.spatiotemporal_attention.query_projection.weight	torch.Size([64, 64])	cuda:0	True
2026-05-25 19:36:48,470 - INFO - module.denoiser.blocks.0.spatiotemporal_attention.query_projection.bias	torch.Size([64])	cuda:0	True
2026-05-25 19:36:48,470 - INFO - module.denoiser.blocks.0.spatiotemporal_attention.key_projection.weight	torch.Size([64, 64])	cuda:0	True
2026-05-25 19:36:48,470 - INFO - module.denoiser.blocks.0.spatiotemporal_attention.key_projection.bias	torch.Size([64])	cuda:0	True
2026-05-25 19:36:48,470 - INFO - module.denoiser.blocks.0.spatiotemporal_attention.value_projection.weight	torch.Size([64, 64])	cuda:0	True
2026-05-25 19:36:48,470 - INFO - module.denoiser.blocks.0.spatiotemporal_attention.value_projection.bias	torch.Size([64])	cuda:0	True
2026-05-25 19:36:48,470 - INFO - module.denoiser.blocks.0.spatiotemporal_attention.output_projection.weight	torch.Size([64, 64])	cuda:0	True
2026-05-25 19:36:48,470 - INFO - module.denoiser.blocks.0.spatiotemporal_attention.output_projection.bias	torch.Size([64])	cuda:0	True
2026-05-25 19:36:48,470 - INFO - module.denoiser.blocks.0.feed_forward.network.0.weight	torch.Size([128, 64])	cuda:0	True
2026-05-25 19:36:48,470 - INFO - module.denoiser.blocks.0.feed_forward.network.0.bias	torch.Size([128])	cuda:0	True
2026-05-25 19:36:48,470 - INFO - module.denoiser.blocks.0.feed_forward.network.3.weight	torch.Size([64, 128])	cuda:0	True
2026-05-25 19:36:48,470 - INFO - module.denoiser.blocks.0.feed_forward.network.3.bias	torch.Size([64])	cuda:0	True
2026-05-25 19:36:48,470 - INFO - module.denoiser.blocks.0.norm_temporal.weight	torch.Size([64])	cuda:0	True
2026-05-25 19:36:48,470 - INFO - module.denoiser.blocks.0.norm_temporal.bias	torch.Size([64])	cuda:0	True
2026-05-25 19:36:48,471 - INFO - module.denoiser.blocks.0.norm_graph.weight	torch.Size([64])	cuda:0	True
2026-05-25 19:36:48,471 - INFO - module.denoiser.blocks.0.norm_graph.bias	torch.Size([64])	cuda:0	True
2026-05-25 19:36:48,471 - INFO - module.denoiser.blocks.0.norm_cross.weight	torch.Size([64])	cuda:0	True
2026-05-25 19:36:48,471 - INFO - module.denoiser.blocks.0.norm_cross.bias	torch.Size([64])	cuda:0	True
2026-05-25 19:36:48,471 - INFO - module.denoiser.blocks.0.norm_spatiotemporal.weight	torch.Size([64])	cuda:0	True
2026-05-25 19:36:48,471 - INFO - module.denoiser.blocks.0.norm_spatiotemporal.bias	torch.Size([64])	cuda:0	True
2026-05-25 19:36:48,471 - INFO - module.denoiser.blocks.0.norm_ffn.weight	torch.Size([64])	cuda:0	True
2026-05-25 19:36:48,471 - INFO - module.denoiser.blocks.0.norm_ffn.bias	torch.Size([64])	cuda:0	True
2026-05-25 19:36:48,471 - INFO - module.denoiser.blocks.0.time_scale_shift.1.weight	torch.Size([128, 64])	cuda:0	True
2026-05-25 19:36:48,471 - INFO - module.denoiser.blocks.0.time_scale_shift.1.bias	torch.Size([128])	cuda:0	True
2026-05-25 19:36:48,471 - INFO - module.denoiser.blocks.1.temporal_attention.query_projection.weight	torch.Size([64, 64])	cuda:0	True
2026-05-25 19:36:48,472 - INFO - module.denoiser.blocks.1.temporal_attention.query_projection.bias	torch.Size([64])	cuda:0	True
2026-05-25 19:36:48,472 - INFO - module.denoiser.blocks.1.temporal_attention.key_projection.weight	torch.Size([64, 64])	cuda:0	True
2026-05-25 19:36:48,472 - INFO - module.denoiser.blocks.1.temporal_attention.key_projection.bias	torch.Size([64])	cuda:0	True
2026-05-25 19:36:48,472 - INFO - module.denoiser.blocks.1.temporal_attention.value_projection.weight	torch.Size([64, 64])	cuda:0	True
2026-05-25 19:36:48,472 - INFO - module.denoiser.blocks.1.temporal_attention.value_projection.bias	torch.Size([64])	cuda:0	True
2026-05-25 19:36:48,472 - INFO - module.denoiser.blocks.1.temporal_attention.output_projection.weight	torch.Size([64, 64])	cuda:0	True
2026-05-25 19:36:48,472 - INFO - module.denoiser.blocks.1.temporal_attention.output_projection.bias	torch.Size([64])	cuda:0	True
2026-05-25 19:36:48,472 - INFO - module.denoiser.blocks.1.graph_convolution.projections.0.weight	torch.Size([64, 64])	cuda:0	True
2026-05-25 19:36:48,472 - INFO - module.denoiser.blocks.1.graph_convolution.projections.0.bias	torch.Size([64])	cuda:0	True
2026-05-25 19:36:48,472 - INFO - module.denoiser.blocks.1.graph_convolution.projections.1.weight	torch.Size([64, 64])	cuda:0	True
2026-05-25 19:36:48,472 - INFO - module.denoiser.blocks.1.graph_convolution.projections.1.bias	torch.Size([64])	cuda:0	True
2026-05-25 19:36:48,472 - INFO - module.denoiser.blocks.1.graph_convolution.projections.2.weight	torch.Size([64, 64])	cuda:0	True
2026-05-25 19:36:48,472 - INFO - module.denoiser.blocks.1.graph_convolution.projections.2.bias	torch.Size([64])	cuda:0	True
2026-05-25 19:36:48,472 - INFO - module.denoiser.blocks.1.cross_attention.query_projection.weight	torch.Size([64, 64])	cuda:0	True
2026-05-25 19:36:48,473 - INFO - module.denoiser.blocks.1.cross_attention.query_projection.bias	torch.Size([64])	cuda:0	True
2026-05-25 19:36:48,473 - INFO - module.denoiser.blocks.1.cross_attention.key_projection.weight	torch.Size([64, 64])	cuda:0	True
2026-05-25 19:36:48,473 - INFO - module.denoiser.blocks.1.cross_attention.key_projection.bias	torch.Size([64])	cuda:0	True
2026-05-25 19:36:48,473 - INFO - module.denoiser.blocks.1.cross_attention.value_projection.weight	torch.Size([64, 64])	cuda:0	True
2026-05-25 19:36:48,473 - INFO - module.denoiser.blocks.1.cross_attention.value_projection.bias	torch.Size([64])	cuda:0	True
2026-05-25 19:36:48,473 - INFO - module.denoiser.blocks.1.cross_attention.output_projection.weight	torch.Size([64, 64])	cuda:0	True
2026-05-25 19:36:48,473 - INFO - module.denoiser.blocks.1.cross_attention.output_projection.bias	torch.Size([64])	cuda:0	True
2026-05-25 19:36:48,473 - INFO - module.denoiser.blocks.1.spatiotemporal_attention.query_projection.weight	torch.Size([64, 64])	cuda:0	True
2026-05-25 19:36:48,473 - INFO - module.denoiser.blocks.1.spatiotemporal_attention.query_projection.bias	torch.Size([64])	cuda:0	True
2026-05-25 19:36:48,473 - INFO - module.denoiser.blocks.1.spatiotemporal_attention.key_projection.weight	torch.Size([64, 64])	cuda:0	True
2026-05-25 19:36:48,473 - INFO - module.denoiser.blocks.1.spatiotemporal_attention.key_projection.bias	torch.Size([64])	cuda:0	True
2026-05-25 19:36:48,473 - INFO - module.denoiser.blocks.1.spatiotemporal_attention.value_projection.weight	torch.Size([64, 64])	cuda:0	True
2026-05-25 19:36:48,473 - INFO - module.denoiser.blocks.1.spatiotemporal_attention.value_projection.bias	torch.Size([64])	cuda:0	True
2026-05-25 19:36:48,473 - INFO - module.denoiser.blocks.1.spatiotemporal_attention.output_projection.weight	torch.Size([64, 64])	cuda:0	True
2026-05-25 19:36:48,473 - INFO - module.denoiser.blocks.1.spatiotemporal_attention.output_projection.bias	torch.Size([64])	cuda:0	True
2026-05-25 19:36:48,474 - INFO - module.denoiser.blocks.1.feed_forward.network.0.weight	torch.Size([128, 64])	cuda:0	True
2026-05-25 19:36:48,474 - INFO - module.denoiser.blocks.1.feed_forward.network.0.bias	torch.Size([128])	cuda:0	True
2026-05-25 19:36:48,474 - INFO - module.denoiser.blocks.1.feed_forward.network.3.weight	torch.Size([64, 128])	cuda:0	True
2026-05-25 19:36:48,474 - INFO - module.denoiser.blocks.1.feed_forward.network.3.bias	torch.Size([64])	cuda:0	True
2026-05-25 19:36:48,474 - INFO - module.denoiser.blocks.1.norm_temporal.weight	torch.Size([64])	cuda:0	True
2026-05-25 19:36:48,474 - INFO - module.denoiser.blocks.1.norm_temporal.bias	torch.Size([64])	cuda:0	True
2026-05-25 19:36:48,474 - INFO - module.denoiser.blocks.1.norm_graph.weight	torch.Size([64])	cuda:0	True
2026-05-25 19:36:48,474 - INFO - module.denoiser.blocks.1.norm_graph.bias	torch.Size([64])	cuda:0	True
2026-05-25 19:36:48,474 - INFO - module.denoiser.blocks.1.norm_cross.weight	torch.Size([64])	cuda:0	True
2026-05-25 19:36:48,474 - INFO - module.denoiser.blocks.1.norm_cross.bias	torch.Size([64])	cuda:0	True
2026-05-25 19:36:48,474 - INFO - module.denoiser.blocks.1.norm_spatiotemporal.weight	torch.Size([64])	cuda:0	True
2026-05-25 19:36:48,474 - INFO - module.denoiser.blocks.1.norm_spatiotemporal.bias	torch.Size([64])	cuda:0	True
2026-05-25 19:36:48,474 - INFO - module.denoiser.blocks.1.norm_ffn.weight	torch.Size([64])	cuda:0	True
2026-05-25 19:36:48,474 - INFO - module.denoiser.blocks.1.norm_ffn.bias	torch.Size([64])	cuda:0	True
2026-05-25 19:36:48,474 - INFO - module.denoiser.blocks.1.time_scale_shift.1.weight	torch.Size([128, 64])	cuda:0	True
2026-05-25 19:36:48,474 - INFO - module.denoiser.blocks.1.time_scale_shift.1.bias	torch.Size([128])	cuda:0	True
2026-05-25 19:36:48,474 - INFO - module.denoiser.final_norm.weight	torch.Size([64])	cuda:0	True
2026-05-25 19:36:48,474 - INFO - module.denoiser.final_norm.bias	torch.Size([64])	cuda:0	True
2026-05-25 19:36:48,474 - INFO - module.denoiser.output_projection.weight	torch.Size([3, 64])	cuda:0	True
2026-05-25 19:36:48,474 - INFO - module.denoiser.output_projection.bias	torch.Size([3])	cuda:0	True
2026-05-25 19:36:48,475 - INFO - Total parameter numbers: 290668
2026-05-25 19:36:48,475 - INFO - Enable AMP training (dtype=bfloat16).
2026-05-25 19:36:48,475 - INFO - You select `adamw` optimizer.
2026-05-25 19:36:48,476 - INFO - You select `cosineannealinglr` lr_scheduler.
2026-05-25 19:36:48,476 - WARNING - Received none train loss func and will use the loss func defined in the model.
2026-05-25 19:36:48,476 - INFO - Start training ...
2026-05-25 19:36:48,476 - INFO - num_batches:80
2026-05-25 19:36:58,977 - INFO - epoch complete!
2026-05-25 19:36:58,978 - INFO - evaluating now!
2026-05-25 19:36:59,844 - INFO - Epoch [0/50] train_loss: 9.7632, val_loss: 8.7287, lr: 0.009973, 11.37s
2026-05-25 19:36:59,895 - INFO - Saved model at 0
2026-05-25 19:36:59,895 - INFO - Val loss decrease from inf to 8.7287, saving to /home/lizhuoxuan/lzq/Bigscity-LibCity-master/outputs/20260525_193633__traffic_state_pred__new_fuzzy_3__PEMSD4/model_cache/new_fuzzy_3_PEMSD4_epoch0.tar
2026-05-25 19:37:09,284 - INFO - epoch complete!
2026-05-25 19:37:09,285 - INFO - evaluating now!
2026-05-25 19:37:10,220 - INFO - Epoch [1/50] train_loss: 8.7970, val_loss: 8.6485, lr: 0.009891, 10.32s
2026-05-25 19:37:10,265 - INFO - Saved model at 1
2026-05-25 19:37:10,266 - INFO - Val loss decrease from 8.7287 to 8.6485, saving to /home/lizhuoxuan/lzq/Bigscity-LibCity-master/outputs/20260525_193633__traffic_state_pred__new_fuzzy_3__PEMSD4/model_cache/new_fuzzy_3_PEMSD4_epoch1.tar
2026-05-25 19:37:19,781 - INFO - epoch complete!
2026-05-25 19:37:19,782 - INFO - evaluating now!
2026-05-25 19:37:20,654 - INFO - Epoch [2/50] train_loss: 8.7864, val_loss: 8.7181, lr: 0.009755, 10.39s
2026-05-25 19:37:30,055 - INFO - epoch complete!
2026-05-25 19:37:30,055 - INFO - evaluating now!
2026-05-25 19:37:30,923 - INFO - Epoch [3/50] train_loss: 8.7078, val_loss: 8.6794, lr: 0.009568, 10.27s
2026-05-25 19:37:40,451 - INFO - epoch complete!
2026-05-25 19:37:40,451 - INFO - evaluating now!
2026-05-25 19:37:41,330 - INFO - Epoch [4/50] train_loss: 8.7616, val_loss: 8.7235, lr: 0.009330, 10.41s
2026-05-25 19:37:50,673 - INFO - epoch complete!
2026-05-25 19:37:50,674 - INFO - evaluating now!
2026-05-25 19:37:51,550 - INFO - Epoch [5/50] train_loss: 8.7807, val_loss: 8.7542, lr: 0.009045, 10.22s
2026-05-25 19:38:00,922 - INFO - epoch complete!
2026-05-25 19:38:00,922 - INFO - evaluating now!
2026-05-25 19:38:01,791 - INFO - Epoch [6/50] train_loss: 8.7614, val_loss: 8.7309, lr: 0.008716, 10.24s
2026-05-25 19:38:11,176 - INFO - epoch complete!
2026-05-25 19:38:11,176 - INFO - evaluating now!
2026-05-25 19:38:12,041 - INFO - Epoch [7/50] train_loss: 8.7530, val_loss: 8.7515, lr: 0.008346, 10.25s
2026-05-25 19:38:21,560 - INFO - epoch complete!
2026-05-25 19:38:21,560 - INFO - evaluating now!
2026-05-25 19:38:22,476 - INFO - Epoch [8/50] train_loss: 8.7595, val_loss: 8.7022, lr: 0.007939, 10.43s
2026-05-25 19:38:31,933 - INFO - epoch complete!
2026-05-25 19:38:31,933 - INFO - evaluating now!
2026-05-25 19:38:32,801 - INFO - Epoch [9/50] train_loss: 8.7586, val_loss: 8.7332, lr: 0.007500, 10.32s
2026-05-25 19:38:42,266 - INFO - epoch complete!
2026-05-25 19:38:42,267 - INFO - evaluating now!
2026-05-25 19:38:43,184 - INFO - Epoch [10/50] train_loss: 8.7620, val_loss: 8.7779, lr: 0.007034, 10.38s
2026-05-25 19:38:52,571 - INFO - epoch complete!
2026-05-25 19:38:52,572 - INFO - evaluating now!
2026-05-25 19:38:53,445 - INFO - Epoch [11/50] train_loss: 8.7632, val_loss: 8.8340, lr: 0.006545, 10.26s
2026-05-25 19:39:02,838 - INFO - epoch complete!
2026-05-25 19:39:02,839 - INFO - evaluating now!
2026-05-25 19:39:03,724 - INFO - Epoch [12/50] train_loss: 8.7278, val_loss: 8.6670, lr: 0.006040, 10.28s
2026-05-25 19:39:13,126 - INFO - epoch complete!
2026-05-25 19:39:13,126 - INFO - evaluating now!
2026-05-25 19:39:14,011 - INFO - Epoch [13/50] train_loss: 8.7597, val_loss: 8.7469, lr: 0.005523, 10.29s
2026-05-25 19:39:23,421 - INFO - epoch complete!
2026-05-25 19:39:23,421 - INFO - evaluating now!
2026-05-25 19:39:24,315 - INFO - Epoch [14/50] train_loss: 8.7496, val_loss: 8.7844, lr: 0.005000, 10.30s
2026-05-25 19:39:33,791 - INFO - epoch complete!
2026-05-25 19:39:33,791 - INFO - evaluating now!
2026-05-25 19:39:34,677 - INFO - Epoch [15/50] train_loss: 8.7460, val_loss: 8.8091, lr: 0.004477, 10.36s
2026-05-25 19:39:44,242 - INFO - epoch complete!
2026-05-25 19:39:44,243 - INFO - evaluating now!
2026-05-25 19:39:45,117 - INFO - Epoch [16/50] train_loss: 8.7408, val_loss: 8.6726, lr: 0.003960, 10.44s
2026-05-25 19:39:54,591 - INFO - epoch complete!
2026-05-25 19:39:54,594 - INFO - evaluating now!
2026-05-25 19:39:55,569 - INFO - Epoch [17/50] train_loss: 8.7826, val_loss: 8.7316, lr: 0.003455, 10.45s
2026-05-25 19:40:05,035 - INFO - epoch complete!
2026-05-25 19:40:05,036 - INFO - evaluating now!
2026-05-25 19:40:05,918 - INFO - Epoch [18/50] train_loss: 8.7316, val_loss: 8.7058, lr: 0.002966, 10.35s
2026-05-25 19:40:15,524 - INFO - epoch complete!
2026-05-25 19:40:15,525 - INFO - evaluating now!
2026-05-25 19:40:16,408 - INFO - Epoch [19/50] train_loss: 8.7658, val_loss: 8.8042, lr: 0.002500, 10.49s
2026-05-25 19:40:26,120 - INFO - epoch complete!
2026-05-25 19:40:26,138 - INFO - evaluating now!
2026-05-25 19:40:27,017 - INFO - Epoch [20/50] train_loss: 8.7212, val_loss: 8.7256, lr: 0.002061, 10.61s
2026-05-25 19:40:36,579 - INFO - epoch complete!
2026-05-25 19:40:36,579 - INFO - evaluating now!
2026-05-25 19:40:37,466 - INFO - Epoch [21/50] train_loss: 8.7519, val_loss: 8.7637, lr: 0.001654, 10.45s
2026-05-25 19:40:47,013 - INFO - epoch complete!
2026-05-25 19:40:47,017 - INFO - evaluating now!
2026-05-25 19:40:47,895 - INFO - Epoch [22/50] train_loss: 8.7051, val_loss: 8.7491, lr: 0.001284, 10.43s
2026-05-25 19:40:57,500 - INFO - epoch complete!
2026-05-25 19:40:57,501 - INFO - evaluating now!
2026-05-25 19:40:58,363 - INFO - Epoch [23/50] train_loss: 8.7523, val_loss: 8.7650, lr: 0.000955, 10.47s
2026-05-25 19:41:07,987 - INFO - epoch complete!
2026-05-25 19:41:07,988 - INFO - evaluating now!
2026-05-25 19:41:08,859 - INFO - Epoch [24/50] train_loss: 8.7491, val_loss: 8.7938, lr: 0.000670, 10.50s
2026-05-25 19:41:18,526 - INFO - epoch complete!
2026-05-25 19:41:18,527 - INFO - evaluating now!
2026-05-25 19:41:19,484 - INFO - Epoch [25/50] train_loss: 8.7251, val_loss: 8.7732, lr: 0.000432, 10.62s
2026-05-25 19:41:29,035 - INFO - epoch complete!
2026-05-25 19:41:29,036 - INFO - evaluating now!
2026-05-25 19:41:29,942 - INFO - Epoch [26/50] train_loss: 8.7304, val_loss: 8.7361, lr: 0.000245, 10.46s
2026-05-25 19:41:39,554 - INFO - epoch complete!
2026-05-25 19:41:39,555 - INFO - evaluating now!
2026-05-25 19:41:40,442 - INFO - Epoch [27/50] train_loss: 8.7819, val_loss: 8.8182, lr: 0.000109, 10.50s
2026-05-25 19:41:50,048 - INFO - epoch complete!
2026-05-25 19:41:50,049 - INFO - evaluating now!
2026-05-25 19:41:50,948 - INFO - Epoch [28/50] train_loss: 8.7473, val_loss: 8.8155, lr: 0.000027, 10.51s
2026-05-25 19:42:00,495 - INFO - epoch complete!
2026-05-25 19:42:00,496 - INFO - evaluating now!
2026-05-25 19:42:01,378 - INFO - Epoch [29/50] train_loss: 8.7523, val_loss: 8.7924, lr: 0.000000, 10.43s
2026-05-25 19:42:10,935 - INFO - epoch complete!
2026-05-25 19:42:10,935 - INFO - evaluating now!
2026-05-25 19:42:11,877 - INFO - Epoch [30/50] train_loss: 8.7899, val_loss: 8.7750, lr: 0.000027, 10.50s
2026-05-25 19:42:21,509 - INFO - epoch complete!
2026-05-25 19:42:21,510 - INFO - evaluating now!
2026-05-25 19:42:22,435 - INFO - Epoch [31/50] train_loss: 8.7844, val_loss: 8.7918, lr: 0.000109, 10.56s
2026-05-25 19:42:22,435 - WARNING - Early stopping at epoch: 31
2026-05-25 19:42:22,435 - INFO - Trained totally 32 epochs, average train time is 9.539s, average eval time is 0.892s
2026-05-25 19:42:22,560 - INFO - Loaded model at 1
2026-05-25 19:42:22,561 - INFO - Saved model at /home/lizhuoxuan/lzq/Bigscity-LibCity-master/outputs/20260525_193633__traffic_state_pred__new_fuzzy_3__PEMSD4/model_cache/new_fuzzy_3_PEMSD4.m
2026-05-25 19:42:22,611 - INFO - Start evaluating ...
2026-05-25 19:43:08,504 - INFO - Note that you select the single mode to evaluate!
2026-05-25 19:43:08,510 - INFO - Evaluate result is saved at /home/lizhuoxuan/lzq/Bigscity-LibCity-master/outputs/20260525_193633__traffic_state_pred__new_fuzzy_3__PEMSD4/evaluate_cache/2026_05_25_19_43_08_new_fuzzy_3_PEMSD4.csv
2026-05-25 19:43:08,524 - INFO - 
           MAE         MAPE           MSE  ...  masked_RMSE        R2      EVAR
1   148.138000  2053.127441  36650.246094  ...   191.643280 -1.200682 -1.199997
2   148.088562  2053.304443  36626.792969  ...   191.585739 -1.199245 -1.198620
3   148.081619  2049.943604  36590.285156  ...   191.487961 -1.197018 -1.196373
4   148.048325  2050.345947  36603.437500  ...   191.510895 -1.197778 -1.197119
5   148.020096  2055.663574  36570.710938  ...   191.436081 -1.195786 -1.195137
6   148.112396  2043.093018  36596.292969  ...   191.506775 -1.197306 -1.196634
7   147.983841  2041.693604  36560.937500  ...   191.414413 -1.195173 -1.194550
8   148.082581  2051.009766  36619.300781  ...   191.559158 -1.198668 -1.198010
9   148.097305  2044.112061  36644.585938  ...   191.631653 -1.200171 -1.199535
10  148.191223  2044.626221  36659.386719  ...   191.672256 -1.201049 -1.200294
11  148.257111  2053.987549  36677.136719  ...   191.720123 -1.202106 -1.201433
12  148.054077  2042.378662  36623.710938  ...   191.559036 -1.198886 -1.198230

[12 rows x 10 columns]
