2026-06-04 12:56:37,566 - INFO - Log directory: D:\a_code\A_Agent\projects\LibCity\outputs\20260604_125637__traffic_state_pred__final_3_type2__PEMSD4\logs
2026-06-04 12:56:37,566 - INFO - Begin artifact training pipeline, task=traffic_state_pred, model_name=final_3_type2, dataset_name=PEMSD4, exp_id=20260604_125637__traffic_state_pred__final_3_type2__PEMSD4
2026-06-04 12:56:37,566 - INFO - {'task': 'traffic_state_pred', 'model': 'final_3_type2', 'dataset': 'PEMSD4', 'saved_model': True, 'train': True, 'seed': 42, 'gpu': True, 'gpu_id': 0, 'train_rate': 0.6, 'eval_rate': 0.2, 'batch_size': 64, 'learning_rate': 0.001, 'max_epoch': 20, 'dataset_class': 'TrafficStatePointDataset', 'executor': 'FinalNewExecutor3_Type2', 'evaluator': 'TrafficStateEvaluator', 'band_center_init': 1.1, 'band_width_init': 0.7, 'calculate_weight_adj': True, 'cell_blend_init': 0, 'conservation_loss_weight': 0.1, 'conservation_steps_per_epoch': 80, 'conservation_warmup_epochs': 5, 'data_col': ['traffic_speed'], 'data_files': ['PEMSD4'], 'decoder_layers': 2, 'device': device(type='cuda', index=0), 'disturb_rate': 0.5, 'dropout': 0.1, 'dyna': {'including_types': ['state'], 'state': {'entity_id': 'geo_id', 'traffic_speed': 'num'}}, 'encoder_layers': 2, 'entropy_scale': 0.1, 'eval_batch_size': 64, 'evaluator_mode': 'single', 'ffn_hidden_dim': 128, 'fir_mode': 'lukasiewicz', 'fou_entropy_align_weight': 0.01, 'fuzzy_num_sets': 4, 'geo': {'including_types': ['Point'], 'Point': {}}, 'geo_file': 'PEMSD4', 'graph_k_hop': 2, 'hidden_dim': 96, 'init_weight_inf_or_zero': 'inf', 'is_distributed': False, 'metrics': ['MAE', 'MAPE', 'MSE', 'RMSE', 'masked_MAE', 'masked_MAPE', 'masked_MSE', 'masked_RMSE', 'R2', 'EVAR'], 'noise_SD': [10], 'noise_mean': [5], 'noise_type': 'gaussian', 'num_cells': 8, 'num_heads': 2, 'num_workers': 0, 'output_dim': 1, 'pad_with_last_sample': True, 'physics_channel_idx': 0, 'rank': 0, 'region_transformer_layers': 1, 'rel': {'including_types': ['geo'], 'geo': {'cost': 'num'}}, 'rel_file': 'PEMSD4', 'robustness_test': False, 'save_mode': ['csv'], 'semantic_closure_hops': 3, 'set_weight_link_or_dist': 'dist', 'sparsification_epsilon': 0.05, 'time_intervals': 300, 'type2_fou_gate_scale': 1, 'type2_graph_mode': 'mid', 'use_amp': True, 'use_entropy_dynamic_graph': True, 'use_entropy_fir_weight': True, 'use_fou_entropy_modulation': True, 'use_fuzzy_routing': True, 'use_fuzzy_sparsification': True, 'use_gradient_checkpointing': False, 'use_semantic_closure': True, 'use_temporal_position_embedding': True, 'use_type2_fuzzy': True, 'weight_adj_epsilon': 0.1, 'weight_col': 'cost', 'world_size': 1, 'clip_grad_norm': True, 'epoch': 0, 'learner': 'adamw', 'load_best_epoch': True, 'log_every': 1, 'lr_decay': True, 'lr_decay_ratio': 0.5, 'lr_patience': 5, 'lr_scheduler': 'reduceonplateau', 'lr_threshold': 0.001, 'max_grad_norm': 3, 'patience': 10, 'train_loss': 'none', 'use_early_stop': True, 'weight_decay': 0.0001, 'data_version_id': 'dv_1780547921_ad37021a', 'input_window': 12, 'output_window': 12, 'scaler': 'standard', 'load_external': False, 'normal_external': False, 'add_time_in_day': True, 'add_day_in_week': True, 'cache_dataset': True, 'ext_scaler': 'none', 'exp_id': '20260604_125637__traffic_state_pred__final_3_type2__PEMSD4'}
2026-06-04 12:56:52,345 - INFO - NewFuzzyCellAttention3_Type2(
  (fuzzy_graph): FuzzyRelationalGraphLearner(
    (raw_projection): Linear(in_features=9, out_features=96, bias=True)
    (feature_to_membership): Sequential(
      (0): Linear(in_features=96, out_features=48, bias=True)
      (1): GELU(approximate='none')
      (2): Linear(in_features=48, out_features=4, bias=True)
    )
  )
  (condition_encoder): STEncoder(
    (input_projection): Linear(in_features=9, out_features=96, bias=True)
    (blocks): ModuleList(
      (0-1): 2 x STEncoderBlock(
        (temporal_attention): MultiHeadAttention(
          (query_projection): Linear(in_features=96, out_features=96, bias=True)
          (key_projection): Linear(in_features=96, out_features=96, bias=True)
          (value_projection): Linear(in_features=96, out_features=96, bias=True)
          (output_projection): Linear(in_features=96, out_features=96, bias=True)
          (dropout): Dropout(p=0.1, inplace=False)
        )
        (graph_convolution): FuzzyGraphConvolution(
          (projections): ModuleList(
            (0-2): 3 x Linear(in_features=96, out_features=96, bias=True)
          )
        )
        (feed_forward): FeedForwardNetwork(
          (network): Sequential(
            (0): Linear(in_features=96, out_features=128, bias=True)
            (1): GELU(approximate='none')
            (2): Dropout(p=0.1, inplace=False)
            (3): Linear(in_features=128, out_features=96, bias=True)
            (4): Dropout(p=0.1, inplace=False)
          )
        )
        (norm_temporal): LayerNorm((96,), eps=1e-05, elementwise_affine=True)
        (norm_graph): LayerNorm((96,), eps=1e-05, elementwise_affine=True)
        (norm_ffn): LayerNorm((96,), eps=1e-05, elementwise_affine=True)
        (dropout): Dropout(p=0.1, inplace=False)
        (cell_attention): FuzzyCellAttention(
          (cell_transform): Linear(in_features=96, out_features=96, bias=True)
          (output_projection): Linear(in_features=96, out_features=96, bias=True)
          (region_transformer): RegionTransformer(
            (self_attn): MultiHeadAttention(
              (query_projection): Linear(in_features=96, out_features=96, bias=True)
              (key_projection): Linear(in_features=96, out_features=96, bias=True)
              (value_projection): Linear(in_features=96, out_features=96, bias=True)
              (output_projection): Linear(in_features=96, out_features=96, bias=True)
              (dropout): Dropout(p=0.1, inplace=False)
            )
            (ffn): FeedForwardNetwork(
              (network): Sequential(
                (0): Linear(in_features=96, out_features=192, bias=True)
                (1): GELU(approximate='none')
                (2): Dropout(p=0.1, inplace=False)
                (3): Linear(in_features=192, out_features=96, bias=True)
                (4): Dropout(p=0.1, inplace=False)
              )
            )
            (norm1): LayerNorm((96,), eps=1e-05, elementwise_affine=True)
            (norm2): LayerNorm((96,), eps=1e-05, elementwise_affine=True)
            (dropout): Dropout(p=0.1, inplace=False)
          )
          (fuzzy_to_cell): Linear(in_features=4, out_features=8, bias=True)
        )
        (norm_cell): LayerNorm((96,), eps=1e-05, elementwise_affine=True)
      )
    )
    (final_norm): LayerNorm((96,), eps=1e-05, elementwise_affine=True)
  )
  (future_decoder): FutureDecoder(
    (blocks): ModuleList(
      (0-1): 2 x DecoderBlock(
        (temporal_attention): MultiHeadAttention(
          (query_projection): Linear(in_features=96, out_features=96, bias=True)
          (key_projection): Linear(in_features=96, out_features=96, bias=True)
          (value_projection): Linear(in_features=96, out_features=96, bias=True)
          (output_projection): Linear(in_features=96, out_features=96, bias=True)
          (dropout): Dropout(p=0.1, inplace=False)
        )
        (graph_convolution): FuzzyGraphConvolution(
          (projections): ModuleList(
            (0-2): 3 x Linear(in_features=96, out_features=96, bias=True)
          )
        )
        (cross_attention): MultiHeadAttention(
          (query_projection): Linear(in_features=96, out_features=96, bias=True)
          (key_projection): Linear(in_features=96, out_features=96, bias=True)
          (value_projection): Linear(in_features=96, out_features=96, bias=True)
          (output_projection): Linear(in_features=96, out_features=96, bias=True)
          (dropout): Dropout(p=0.1, inplace=False)
        )
        (feed_forward): FeedForwardNetwork(
          (network): Sequential(
            (0): Linear(in_features=96, out_features=128, bias=True)
            (1): GELU(approximate='none')
            (2): Dropout(p=0.1, inplace=False)
            (3): Linear(in_features=128, out_features=96, bias=True)
            (4): Dropout(p=0.1, inplace=False)
          )
        )
        (norm_temporal): LayerNorm((96,), eps=1e-05, elementwise_affine=True)
        (norm_graph): LayerNorm((96,), eps=1e-05, elementwise_affine=True)
        (norm_cross): LayerNorm((96,), eps=1e-05, elementwise_affine=True)
        (norm_ffn): LayerNorm((96,), eps=1e-05, elementwise_affine=True)
        (dropout): Dropout(p=0.1, inplace=False)
        (cell_attention): FuzzyCellAttention(
          (cell_transform): Linear(in_features=96, out_features=96, bias=True)
          (output_projection): Linear(in_features=96, out_features=96, bias=True)
          (region_transformer): RegionTransformer(
            (self_attn): MultiHeadAttention(
              (query_projection): Linear(in_features=96, out_features=96, bias=True)
              (key_projection): Linear(in_features=96, out_features=96, bias=True)
              (value_projection): Linear(in_features=96, out_features=96, bias=True)
              (output_projection): Linear(in_features=96, out_features=96, bias=True)
              (dropout): Dropout(p=0.1, inplace=False)
            )
            (ffn): FeedForwardNetwork(
              (network): Sequential(
                (0): Linear(in_features=96, out_features=192, bias=True)
                (1): GELU(approximate='none')
                (2): Dropout(p=0.1, inplace=False)
                (3): Linear(in_features=192, out_features=96, bias=True)
                (4): Dropout(p=0.1, inplace=False)
              )
            )
            (norm1): LayerNorm((96,), eps=1e-05, elementwise_affine=True)
            (norm2): LayerNorm((96,), eps=1e-05, elementwise_affine=True)
            (dropout): Dropout(p=0.1, inplace=False)
          )
          (fuzzy_to_cell): Linear(in_features=4, out_features=8, bias=True)
        )
        (norm_cell): LayerNorm((96,), eps=1e-05, elementwise_affine=True)
      )
    )
    (final_norm): LayerNorm((96,), eps=1e-05, elementwise_affine=True)
    (output_projection): Linear(in_features=96, out_features=1, bias=True)
  )
)
2026-06-04 12:56:52,348 - INFO - fuzzy_graph.base_membership_lower	torch.Size([307, 4])	cuda:0	True
2026-06-04 12:56:52,348 - INFO - fuzzy_graph.base_membership_delta	torch.Size([307, 4])	cuda:0	True
2026-06-04 12:56:52,348 - INFO - fuzzy_graph.blend_logit	torch.Size([])	cuda:0	True
2026-06-04 12:56:52,348 - INFO - fuzzy_graph.raw_projection.weight	torch.Size([96, 9])	cuda:0	True
2026-06-04 12:56:52,348 - INFO - fuzzy_graph.raw_projection.bias	torch.Size([96])	cuda:0	True
2026-06-04 12:56:52,348 - INFO - fuzzy_graph.feature_to_membership.0.weight	torch.Size([48, 96])	cuda:0	True
2026-06-04 12:56:52,348 - INFO - fuzzy_graph.feature_to_membership.0.bias	torch.Size([48])	cuda:0	True
2026-06-04 12:56:52,348 - INFO - fuzzy_graph.feature_to_membership.2.weight	torch.Size([4, 48])	cuda:0	True
2026-06-04 12:56:52,348 - INFO - fuzzy_graph.feature_to_membership.2.bias	torch.Size([4])	cuda:0	True
2026-06-04 12:56:52,348 - INFO - condition_encoder.temporal_position_embedding	torch.Size([1, 12, 1, 96])	cuda:0	True
2026-06-04 12:56:52,348 - INFO - condition_encoder.input_projection.weight	torch.Size([96, 9])	cuda:0	True
2026-06-04 12:56:52,348 - INFO - condition_encoder.input_projection.bias	torch.Size([96])	cuda:0	True
2026-06-04 12:56:52,348 - INFO - condition_encoder.blocks.0.temporal_attention.query_projection.weight	torch.Size([96, 96])	cuda:0	True
2026-06-04 12:56:52,348 - INFO - condition_encoder.blocks.0.temporal_attention.query_projection.bias	torch.Size([96])	cuda:0	True
2026-06-04 12:56:52,349 - INFO - condition_encoder.blocks.0.temporal_attention.key_projection.weight	torch.Size([96, 96])	cuda:0	True
2026-06-04 12:56:52,349 - INFO - condition_encoder.blocks.0.temporal_attention.key_projection.bias	torch.Size([96])	cuda:0	True
2026-06-04 12:56:52,349 - INFO - condition_encoder.blocks.0.temporal_attention.value_projection.weight	torch.Size([96, 96])	cuda:0	True
2026-06-04 12:56:52,349 - INFO - condition_encoder.blocks.0.temporal_attention.value_projection.bias	torch.Size([96])	cuda:0	True
2026-06-04 12:56:52,349 - INFO - condition_encoder.blocks.0.temporal_attention.output_projection.weight	torch.Size([96, 96])	cuda:0	True
2026-06-04 12:56:52,349 - INFO - condition_encoder.blocks.0.temporal_attention.output_projection.bias	torch.Size([96])	cuda:0	True
2026-06-04 12:56:52,349 - INFO - condition_encoder.blocks.0.graph_convolution.projections.0.weight	torch.Size([96, 96])	cuda:0	True
2026-06-04 12:56:52,349 - INFO - condition_encoder.blocks.0.graph_convolution.projections.0.bias	torch.Size([96])	cuda:0	True
2026-06-04 12:56:52,349 - INFO - condition_encoder.blocks.0.graph_convolution.projections.1.weight	torch.Size([96, 96])	cuda:0	True
2026-06-04 12:56:52,349 - INFO - condition_encoder.blocks.0.graph_convolution.projections.1.bias	torch.Size([96])	cuda:0	True
2026-06-04 12:56:52,349 - INFO - condition_encoder.blocks.0.graph_convolution.projections.2.weight	torch.Size([96, 96])	cuda:0	True
2026-06-04 12:56:52,349 - INFO - condition_encoder.blocks.0.graph_convolution.projections.2.bias	torch.Size([96])	cuda:0	True
2026-06-04 12:56:52,349 - INFO - condition_encoder.blocks.0.feed_forward.network.0.weight	torch.Size([128, 96])	cuda:0	True
2026-06-04 12:56:52,349 - INFO - condition_encoder.blocks.0.feed_forward.network.0.bias	torch.Size([128])	cuda:0	True
2026-06-04 12:56:52,349 - INFO - condition_encoder.blocks.0.feed_forward.network.3.weight	torch.Size([96, 128])	cuda:0	True
2026-06-04 12:56:52,349 - INFO - condition_encoder.blocks.0.feed_forward.network.3.bias	torch.Size([96])	cuda:0	True
2026-06-04 12:56:52,349 - INFO - condition_encoder.blocks.0.norm_temporal.weight	torch.Size([96])	cuda:0	True
2026-06-04 12:56:52,349 - INFO - condition_encoder.blocks.0.norm_temporal.bias	torch.Size([96])	cuda:0	True
2026-06-04 12:56:52,349 - INFO - condition_encoder.blocks.0.norm_graph.weight	torch.Size([96])	cuda:0	True
2026-06-04 12:56:52,349 - INFO - condition_encoder.blocks.0.norm_graph.bias	torch.Size([96])	cuda:0	True
2026-06-04 12:56:52,349 - INFO - condition_encoder.blocks.0.norm_ffn.weight	torch.Size([96])	cuda:0	True
2026-06-04 12:56:52,349 - INFO - condition_encoder.blocks.0.norm_ffn.bias	torch.Size([96])	cuda:0	True
2026-06-04 12:56:52,349 - INFO - condition_encoder.blocks.0.cell_attention.region_mu	torch.Size([8, 96])	cuda:0	True
2026-06-04 12:56:52,349 - INFO - condition_encoder.blocks.0.cell_attention.region_log_sigma	torch.Size([8])	cuda:0	True
2026-06-04 12:56:52,350 - INFO - condition_encoder.blocks.0.cell_attention.log_sigma_sq	torch.Size([1])	cuda:0	True
2026-06-04 12:56:52,350 - INFO - condition_encoder.blocks.0.cell_attention.cell_blend	torch.Size([])	cuda:0	True
2026-06-04 12:56:52,350 - INFO - condition_encoder.blocks.0.cell_attention.band_center	torch.Size([])	cuda:0	True
2026-06-04 12:56:52,350 - INFO - condition_encoder.blocks.0.cell_attention.band_width_raw	torch.Size([])	cuda:0	True
2026-06-04 12:56:52,350 - INFO - condition_encoder.blocks.0.cell_attention.cell_transform.weight	torch.Size([96, 96])	cuda:0	True
2026-06-04 12:56:52,350 - INFO - condition_encoder.blocks.0.cell_attention.cell_transform.bias	torch.Size([96])	cuda:0	True
2026-06-04 12:56:52,350 - INFO - condition_encoder.blocks.0.cell_attention.output_projection.weight	torch.Size([96, 96])	cuda:0	True
2026-06-04 12:56:52,350 - INFO - condition_encoder.blocks.0.cell_attention.output_projection.bias	torch.Size([96])	cuda:0	True
2026-06-04 12:56:52,350 - INFO - condition_encoder.blocks.0.cell_attention.region_transformer.self_attn.query_projection.weight	torch.Size([96, 96])	cuda:0	True
2026-06-04 12:56:52,350 - INFO - condition_encoder.blocks.0.cell_attention.region_transformer.self_attn.query_projection.bias	torch.Size([96])	cuda:0	True
2026-06-04 12:56:52,350 - INFO - condition_encoder.blocks.0.cell_attention.region_transformer.self_attn.key_projection.weight	torch.Size([96, 96])	cuda:0	True
2026-06-04 12:56:52,350 - INFO - condition_encoder.blocks.0.cell_attention.region_transformer.self_attn.key_projection.bias	torch.Size([96])	cuda:0	True
2026-06-04 12:56:52,350 - INFO - condition_encoder.blocks.0.cell_attention.region_transformer.self_attn.value_projection.weight	torch.Size([96, 96])	cuda:0	True
2026-06-04 12:56:52,350 - INFO - condition_encoder.blocks.0.cell_attention.region_transformer.self_attn.value_projection.bias	torch.Size([96])	cuda:0	True
2026-06-04 12:56:52,350 - INFO - condition_encoder.blocks.0.cell_attention.region_transformer.self_attn.output_projection.weight	torch.Size([96, 96])	cuda:0	True
2026-06-04 12:56:52,350 - INFO - condition_encoder.blocks.0.cell_attention.region_transformer.self_attn.output_projection.bias	torch.Size([96])	cuda:0	True
2026-06-04 12:56:52,350 - INFO - condition_encoder.blocks.0.cell_attention.region_transformer.ffn.network.0.weight	torch.Size([192, 96])	cuda:0	True
2026-06-04 12:56:52,350 - INFO - condition_encoder.blocks.0.cell_attention.region_transformer.ffn.network.0.bias	torch.Size([192])	cuda:0	True
2026-06-04 12:56:52,350 - INFO - condition_encoder.blocks.0.cell_attention.region_transformer.ffn.network.3.weight	torch.Size([96, 192])	cuda:0	True
2026-06-04 12:56:52,350 - INFO - condition_encoder.blocks.0.cell_attention.region_transformer.ffn.network.3.bias	torch.Size([96])	cuda:0	True
2026-06-04 12:56:52,350 - INFO - condition_encoder.blocks.0.cell_attention.region_transformer.norm1.weight	torch.Size([96])	cuda:0	True
2026-06-04 12:56:52,350 - INFO - condition_encoder.blocks.0.cell_attention.region_transformer.norm1.bias	torch.Size([96])	cuda:0	True
2026-06-04 12:56:52,350 - INFO - condition_encoder.blocks.0.cell_attention.region_transformer.norm2.weight	torch.Size([96])	cuda:0	True
2026-06-04 12:56:52,350 - INFO - condition_encoder.blocks.0.cell_attention.region_transformer.norm2.bias	torch.Size([96])	cuda:0	True
2026-06-04 12:56:52,350 - INFO - condition_encoder.blocks.0.cell_attention.fuzzy_to_cell.weight	torch.Size([8, 4])	cuda:0	True
2026-06-04 12:56:52,350 - INFO - condition_encoder.blocks.0.cell_attention.fuzzy_to_cell.bias	torch.Size([8])	cuda:0	True
2026-06-04 12:56:52,350 - INFO - condition_encoder.blocks.0.norm_cell.weight	torch.Size([96])	cuda:0	True
2026-06-04 12:56:52,352 - INFO - condition_encoder.blocks.0.norm_cell.bias	torch.Size([96])	cuda:0	True
2026-06-04 12:56:52,352 - INFO - condition_encoder.blocks.1.temporal_attention.query_projection.weight	torch.Size([96, 96])	cuda:0	True
2026-06-04 12:56:52,352 - INFO - condition_encoder.blocks.1.temporal_attention.query_projection.bias	torch.Size([96])	cuda:0	True
2026-06-04 12:56:52,352 - INFO - condition_encoder.blocks.1.temporal_attention.key_projection.weight	torch.Size([96, 96])	cuda:0	True
2026-06-04 12:56:52,352 - INFO - condition_encoder.blocks.1.temporal_attention.key_projection.bias	torch.Size([96])	cuda:0	True
2026-06-04 12:56:52,352 - INFO - condition_encoder.blocks.1.temporal_attention.value_projection.weight	torch.Size([96, 96])	cuda:0	True
2026-06-04 12:56:52,352 - INFO - condition_encoder.blocks.1.temporal_attention.value_projection.bias	torch.Size([96])	cuda:0	True
2026-06-04 12:56:52,352 - INFO - condition_encoder.blocks.1.temporal_attention.output_projection.weight	torch.Size([96, 96])	cuda:0	True
2026-06-04 12:56:52,352 - INFO - condition_encoder.blocks.1.temporal_attention.output_projection.bias	torch.Size([96])	cuda:0	True
2026-06-04 12:56:52,352 - INFO - condition_encoder.blocks.1.graph_convolution.projections.0.weight	torch.Size([96, 96])	cuda:0	True
2026-06-04 12:56:52,352 - INFO - condition_encoder.blocks.1.graph_convolution.projections.0.bias	torch.Size([96])	cuda:0	True
2026-06-04 12:56:52,352 - INFO - condition_encoder.blocks.1.graph_convolution.projections.1.weight	torch.Size([96, 96])	cuda:0	True
2026-06-04 12:56:52,352 - INFO - condition_encoder.blocks.1.graph_convolution.projections.1.bias	torch.Size([96])	cuda:0	True
2026-06-04 12:56:52,352 - INFO - condition_encoder.blocks.1.graph_convolution.projections.2.weight	torch.Size([96, 96])	cuda:0	True
2026-06-04 12:56:52,352 - INFO - condition_encoder.blocks.1.graph_convolution.projections.2.bias	torch.Size([96])	cuda:0	True
2026-06-04 12:56:52,352 - INFO - condition_encoder.blocks.1.feed_forward.network.0.weight	torch.Size([128, 96])	cuda:0	True
2026-06-04 12:56:52,352 - INFO - condition_encoder.blocks.1.feed_forward.network.0.bias	torch.Size([128])	cuda:0	True
2026-06-04 12:56:52,352 - INFO - condition_encoder.blocks.1.feed_forward.network.3.weight	torch.Size([96, 128])	cuda:0	True
2026-06-04 12:56:52,352 - INFO - condition_encoder.blocks.1.feed_forward.network.3.bias	torch.Size([96])	cuda:0	True
2026-06-04 12:56:52,352 - INFO - condition_encoder.blocks.1.norm_temporal.weight	torch.Size([96])	cuda:0	True
2026-06-04 12:56:52,352 - INFO - condition_encoder.blocks.1.norm_temporal.bias	torch.Size([96])	cuda:0	True
2026-06-04 12:56:52,352 - INFO - condition_encoder.blocks.1.norm_graph.weight	torch.Size([96])	cuda:0	True
2026-06-04 12:56:52,352 - INFO - condition_encoder.blocks.1.norm_graph.bias	torch.Size([96])	cuda:0	True
2026-06-04 12:56:52,352 - INFO - condition_encoder.blocks.1.norm_ffn.weight	torch.Size([96])	cuda:0	True
2026-06-04 12:56:52,352 - INFO - condition_encoder.blocks.1.norm_ffn.bias	torch.Size([96])	cuda:0	True
2026-06-04 12:56:52,352 - INFO - condition_encoder.blocks.1.cell_attention.region_mu	torch.Size([8, 96])	cuda:0	True
2026-06-04 12:56:52,352 - INFO - condition_encoder.blocks.1.cell_attention.region_log_sigma	torch.Size([8])	cuda:0	True
2026-06-04 12:56:52,354 - INFO - condition_encoder.blocks.1.cell_attention.log_sigma_sq	torch.Size([1])	cuda:0	True
2026-06-04 12:56:52,354 - INFO - condition_encoder.blocks.1.cell_attention.cell_blend	torch.Size([])	cuda:0	True
2026-06-04 12:56:52,354 - INFO - condition_encoder.blocks.1.cell_attention.band_center	torch.Size([])	cuda:0	True
2026-06-04 12:56:52,354 - INFO - condition_encoder.blocks.1.cell_attention.band_width_raw	torch.Size([])	cuda:0	True
2026-06-04 12:56:52,354 - INFO - condition_encoder.blocks.1.cell_attention.cell_transform.weight	torch.Size([96, 96])	cuda:0	True
2026-06-04 12:56:52,354 - INFO - condition_encoder.blocks.1.cell_attention.cell_transform.bias	torch.Size([96])	cuda:0	True
2026-06-04 12:56:52,354 - INFO - condition_encoder.blocks.1.cell_attention.output_projection.weight	torch.Size([96, 96])	cuda:0	True
2026-06-04 12:56:52,354 - INFO - condition_encoder.blocks.1.cell_attention.output_projection.bias	torch.Size([96])	cuda:0	True
2026-06-04 12:56:52,354 - INFO - condition_encoder.blocks.1.cell_attention.region_transformer.self_attn.query_projection.weight	torch.Size([96, 96])	cuda:0	True
2026-06-04 12:56:52,354 - INFO - condition_encoder.blocks.1.cell_attention.region_transformer.self_attn.query_projection.bias	torch.Size([96])	cuda:0	True
2026-06-04 12:56:52,354 - INFO - condition_encoder.blocks.1.cell_attention.region_transformer.self_attn.key_projection.weight	torch.Size([96, 96])	cuda:0	True
2026-06-04 12:56:52,354 - INFO - condition_encoder.blocks.1.cell_attention.region_transformer.self_attn.key_projection.bias	torch.Size([96])	cuda:0	True
2026-06-04 12:56:52,354 - INFO - condition_encoder.blocks.1.cell_attention.region_transformer.self_attn.value_projection.weight	torch.Size([96, 96])	cuda:0	True
2026-06-04 12:56:52,354 - INFO - condition_encoder.blocks.1.cell_attention.region_transformer.self_attn.value_projection.bias	torch.Size([96])	cuda:0	True
2026-06-04 12:56:52,354 - INFO - condition_encoder.blocks.1.cell_attention.region_transformer.self_attn.output_projection.weight	torch.Size([96, 96])	cuda:0	True
2026-06-04 12:56:52,354 - INFO - condition_encoder.blocks.1.cell_attention.region_transformer.self_attn.output_projection.bias	torch.Size([96])	cuda:0	True
2026-06-04 12:56:52,354 - INFO - condition_encoder.blocks.1.cell_attention.region_transformer.ffn.network.0.weight	torch.Size([192, 96])	cuda:0	True
2026-06-04 12:56:52,354 - INFO - condition_encoder.blocks.1.cell_attention.region_transformer.ffn.network.0.bias	torch.Size([192])	cuda:0	True
2026-06-04 12:56:52,354 - INFO - condition_encoder.blocks.1.cell_attention.region_transformer.ffn.network.3.weight	torch.Size([96, 192])	cuda:0	True
2026-06-04 12:56:52,354 - INFO - condition_encoder.blocks.1.cell_attention.region_transformer.ffn.network.3.bias	torch.Size([96])	cuda:0	True
2026-06-04 12:56:52,354 - INFO - condition_encoder.blocks.1.cell_attention.region_transformer.norm1.weight	torch.Size([96])	cuda:0	True
2026-06-04 12:56:52,354 - INFO - condition_encoder.blocks.1.cell_attention.region_transformer.norm1.bias	torch.Size([96])	cuda:0	True
2026-06-04 12:56:52,354 - INFO - condition_encoder.blocks.1.cell_attention.region_transformer.norm2.weight	torch.Size([96])	cuda:0	True
2026-06-04 12:56:52,354 - INFO - condition_encoder.blocks.1.cell_attention.region_transformer.norm2.bias	torch.Size([96])	cuda:0	True
2026-06-04 12:56:52,354 - INFO - condition_encoder.blocks.1.cell_attention.fuzzy_to_cell.weight	torch.Size([8, 4])	cuda:0	True
2026-06-04 12:56:52,354 - INFO - condition_encoder.blocks.1.cell_attention.fuzzy_to_cell.bias	torch.Size([8])	cuda:0	True
2026-06-04 12:56:52,354 - INFO - condition_encoder.blocks.1.norm_cell.weight	torch.Size([96])	cuda:0	True
2026-06-04 12:56:52,355 - INFO - condition_encoder.blocks.1.norm_cell.bias	torch.Size([96])	cuda:0	True
2026-06-04 12:56:52,355 - INFO - condition_encoder.final_norm.weight	torch.Size([96])	cuda:0	True
2026-06-04 12:56:52,355 - INFO - condition_encoder.final_norm.bias	torch.Size([96])	cuda:0	True
2026-06-04 12:56:52,355 - INFO - future_decoder.future_queries	torch.Size([1, 12, 307, 96])	cuda:0	True
2026-06-04 12:56:52,355 - INFO - future_decoder.blocks.0.temporal_attention.query_projection.weight	torch.Size([96, 96])	cuda:0	True
2026-06-04 12:56:52,355 - INFO - future_decoder.blocks.0.temporal_attention.query_projection.bias	torch.Size([96])	cuda:0	True
2026-06-04 12:56:52,355 - INFO - future_decoder.blocks.0.temporal_attention.key_projection.weight	torch.Size([96, 96])	cuda:0	True
2026-06-04 12:56:52,355 - INFO - future_decoder.blocks.0.temporal_attention.key_projection.bias	torch.Size([96])	cuda:0	True
2026-06-04 12:56:52,355 - INFO - future_decoder.blocks.0.temporal_attention.value_projection.weight	torch.Size([96, 96])	cuda:0	True
2026-06-04 12:56:52,355 - INFO - future_decoder.blocks.0.temporal_attention.value_projection.bias	torch.Size([96])	cuda:0	True
2026-06-04 12:56:52,355 - INFO - future_decoder.blocks.0.temporal_attention.output_projection.weight	torch.Size([96, 96])	cuda:0	True
2026-06-04 12:56:52,355 - INFO - future_decoder.blocks.0.temporal_attention.output_projection.bias	torch.Size([96])	cuda:0	True
2026-06-04 12:56:52,355 - INFO - future_decoder.blocks.0.graph_convolution.projections.0.weight	torch.Size([96, 96])	cuda:0	True
2026-06-04 12:56:52,355 - INFO - future_decoder.blocks.0.graph_convolution.projections.0.bias	torch.Size([96])	cuda:0	True
2026-06-04 12:56:52,355 - INFO - future_decoder.blocks.0.graph_convolution.projections.1.weight	torch.Size([96, 96])	cuda:0	True
2026-06-04 12:56:52,355 - INFO - future_decoder.blocks.0.graph_convolution.projections.1.bias	torch.Size([96])	cuda:0	True
2026-06-04 12:56:52,355 - INFO - future_decoder.blocks.0.graph_convolution.projections.2.weight	torch.Size([96, 96])	cuda:0	True
2026-06-04 12:56:52,355 - INFO - future_decoder.blocks.0.graph_convolution.projections.2.bias	torch.Size([96])	cuda:0	True
2026-06-04 12:56:52,355 - INFO - future_decoder.blocks.0.cross_attention.query_projection.weight	torch.Size([96, 96])	cuda:0	True
2026-06-04 12:56:52,355 - INFO - future_decoder.blocks.0.cross_attention.query_projection.bias	torch.Size([96])	cuda:0	True
2026-06-04 12:56:52,355 - INFO - future_decoder.blocks.0.cross_attention.key_projection.weight	torch.Size([96, 96])	cuda:0	True
2026-06-04 12:56:52,357 - INFO - future_decoder.blocks.0.cross_attention.key_projection.bias	torch.Size([96])	cuda:0	True
2026-06-04 12:56:52,357 - INFO - future_decoder.blocks.0.cross_attention.value_projection.weight	torch.Size([96, 96])	cuda:0	True
2026-06-04 12:56:52,357 - INFO - future_decoder.blocks.0.cross_attention.value_projection.bias	torch.Size([96])	cuda:0	True
2026-06-04 12:56:52,357 - INFO - future_decoder.blocks.0.cross_attention.output_projection.weight	torch.Size([96, 96])	cuda:0	True
2026-06-04 12:56:52,357 - INFO - future_decoder.blocks.0.cross_attention.output_projection.bias	torch.Size([96])	cuda:0	True
2026-06-04 12:56:52,357 - INFO - future_decoder.blocks.0.feed_forward.network.0.weight	torch.Size([128, 96])	cuda:0	True
2026-06-04 12:56:52,357 - INFO - future_decoder.blocks.0.feed_forward.network.0.bias	torch.Size([128])	cuda:0	True
2026-06-04 12:56:52,357 - INFO - future_decoder.blocks.0.feed_forward.network.3.weight	torch.Size([96, 128])	cuda:0	True
2026-06-04 12:56:52,357 - INFO - future_decoder.blocks.0.feed_forward.network.3.bias	torch.Size([96])	cuda:0	True
2026-06-04 12:56:52,357 - INFO - future_decoder.blocks.0.norm_temporal.weight	torch.Size([96])	cuda:0	True
2026-06-04 12:56:52,357 - INFO - future_decoder.blocks.0.norm_temporal.bias	torch.Size([96])	cuda:0	True
2026-06-04 12:56:52,357 - INFO - future_decoder.blocks.0.norm_graph.weight	torch.Size([96])	cuda:0	True
2026-06-04 12:56:52,357 - INFO - future_decoder.blocks.0.norm_graph.bias	torch.Size([96])	cuda:0	True
2026-06-04 12:56:52,357 - INFO - future_decoder.blocks.0.norm_cross.weight	torch.Size([96])	cuda:0	True
2026-06-04 12:56:52,357 - INFO - future_decoder.blocks.0.norm_cross.bias	torch.Size([96])	cuda:0	True
2026-06-04 12:56:52,357 - INFO - future_decoder.blocks.0.norm_ffn.weight	torch.Size([96])	cuda:0	True
2026-06-04 12:56:52,357 - INFO - future_decoder.blocks.0.norm_ffn.bias	torch.Size([96])	cuda:0	True
2026-06-04 12:56:52,357 - INFO - future_decoder.blocks.0.cell_attention.region_mu	torch.Size([8, 96])	cuda:0	True
2026-06-04 12:56:52,357 - INFO - future_decoder.blocks.0.cell_attention.region_log_sigma	torch.Size([8])	cuda:0	True
2026-06-04 12:56:52,357 - INFO - future_decoder.blocks.0.cell_attention.log_sigma_sq	torch.Size([1])	cuda:0	True
2026-06-04 12:56:52,357 - INFO - future_decoder.blocks.0.cell_attention.cell_blend	torch.Size([])	cuda:0	True
2026-06-04 12:56:52,357 - INFO - future_decoder.blocks.0.cell_attention.band_center	torch.Size([])	cuda:0	True
2026-06-04 12:56:52,357 - INFO - future_decoder.blocks.0.cell_attention.band_width_raw	torch.Size([])	cuda:0	True
2026-06-04 12:56:52,357 - INFO - future_decoder.blocks.0.cell_attention.cell_transform.weight	torch.Size([96, 96])	cuda:0	True
2026-06-04 12:56:52,357 - INFO - future_decoder.blocks.0.cell_attention.cell_transform.bias	torch.Size([96])	cuda:0	True
2026-06-04 12:56:52,357 - INFO - future_decoder.blocks.0.cell_attention.output_projection.weight	torch.Size([96, 96])	cuda:0	True
2026-06-04 12:56:52,357 - INFO - future_decoder.blocks.0.cell_attention.output_projection.bias	torch.Size([96])	cuda:0	True
2026-06-04 12:56:52,357 - INFO - future_decoder.blocks.0.cell_attention.region_transformer.self_attn.query_projection.weight	torch.Size([96, 96])	cuda:0	True
2026-06-04 12:56:52,358 - INFO - future_decoder.blocks.0.cell_attention.region_transformer.self_attn.query_projection.bias	torch.Size([96])	cuda:0	True
2026-06-04 12:56:52,358 - INFO - future_decoder.blocks.0.cell_attention.region_transformer.self_attn.key_projection.weight	torch.Size([96, 96])	cuda:0	True
2026-06-04 12:56:52,358 - INFO - future_decoder.blocks.0.cell_attention.region_transformer.self_attn.key_projection.bias	torch.Size([96])	cuda:0	True
2026-06-04 12:56:52,358 - INFO - future_decoder.blocks.0.cell_attention.region_transformer.self_attn.value_projection.weight	torch.Size([96, 96])	cuda:0	True
2026-06-04 12:56:52,358 - INFO - future_decoder.blocks.0.cell_attention.region_transformer.self_attn.value_projection.bias	torch.Size([96])	cuda:0	True
2026-06-04 12:56:52,358 - INFO - future_decoder.blocks.0.cell_attention.region_transformer.self_attn.output_projection.weight	torch.Size([96, 96])	cuda:0	True
2026-06-04 12:56:52,358 - INFO - future_decoder.blocks.0.cell_attention.region_transformer.self_attn.output_projection.bias	torch.Size([96])	cuda:0	True
2026-06-04 12:56:52,358 - INFO - future_decoder.blocks.0.cell_attention.region_transformer.ffn.network.0.weight	torch.Size([192, 96])	cuda:0	True
2026-06-04 12:56:52,358 - INFO - future_decoder.blocks.0.cell_attention.region_transformer.ffn.network.0.bias	torch.Size([192])	cuda:0	True
2026-06-04 12:56:52,359 - INFO - future_decoder.blocks.0.cell_attention.region_transformer.ffn.network.3.weight	torch.Size([96, 192])	cuda:0	True
2026-06-04 12:56:52,359 - INFO - future_decoder.blocks.0.cell_attention.region_transformer.ffn.network.3.bias	torch.Size([96])	cuda:0	True
2026-06-04 12:56:52,359 - INFO - future_decoder.blocks.0.cell_attention.region_transformer.norm1.weight	torch.Size([96])	cuda:0	True
2026-06-04 12:56:52,359 - INFO - future_decoder.blocks.0.cell_attention.region_transformer.norm1.bias	torch.Size([96])	cuda:0	True
2026-06-04 12:56:52,359 - INFO - future_decoder.blocks.0.cell_attention.region_transformer.norm2.weight	torch.Size([96])	cuda:0	True
2026-06-04 12:56:52,359 - INFO - future_decoder.blocks.0.cell_attention.region_transformer.norm2.bias	torch.Size([96])	cuda:0	True
2026-06-04 12:56:52,359 - INFO - future_decoder.blocks.0.cell_attention.fuzzy_to_cell.weight	torch.Size([8, 4])	cuda:0	True
2026-06-04 12:56:52,359 - INFO - future_decoder.blocks.0.cell_attention.fuzzy_to_cell.bias	torch.Size([8])	cuda:0	True
2026-06-04 12:56:52,359 - INFO - future_decoder.blocks.0.norm_cell.weight	torch.Size([96])	cuda:0	True
2026-06-04 12:56:52,359 - INFO - future_decoder.blocks.0.norm_cell.bias	torch.Size([96])	cuda:0	True
2026-06-04 12:56:52,359 - INFO - future_decoder.blocks.1.temporal_attention.query_projection.weight	torch.Size([96, 96])	cuda:0	True
2026-06-04 12:56:52,359 - INFO - future_decoder.blocks.1.temporal_attention.query_projection.bias	torch.Size([96])	cuda:0	True
2026-06-04 12:56:52,359 - INFO - future_decoder.blocks.1.temporal_attention.key_projection.weight	torch.Size([96, 96])	cuda:0	True
2026-06-04 12:56:52,359 - INFO - future_decoder.blocks.1.temporal_attention.key_projection.bias	torch.Size([96])	cuda:0	True
2026-06-04 12:56:52,359 - INFO - future_decoder.blocks.1.temporal_attention.value_projection.weight	torch.Size([96, 96])	cuda:0	True
2026-06-04 12:56:52,359 - INFO - future_decoder.blocks.1.temporal_attention.value_projection.bias	torch.Size([96])	cuda:0	True
2026-06-04 12:56:52,359 - INFO - future_decoder.blocks.1.temporal_attention.output_projection.weight	torch.Size([96, 96])	cuda:0	True
2026-06-04 12:56:52,359 - INFO - future_decoder.blocks.1.temporal_attention.output_projection.bias	torch.Size([96])	cuda:0	True
2026-06-04 12:56:52,359 - INFO - future_decoder.blocks.1.graph_convolution.projections.0.weight	torch.Size([96, 96])	cuda:0	True
2026-06-04 12:56:52,359 - INFO - future_decoder.blocks.1.graph_convolution.projections.0.bias	torch.Size([96])	cuda:0	True
2026-06-04 12:56:52,359 - INFO - future_decoder.blocks.1.graph_convolution.projections.1.weight	torch.Size([96, 96])	cuda:0	True
2026-06-04 12:56:52,359 - INFO - future_decoder.blocks.1.graph_convolution.projections.1.bias	torch.Size([96])	cuda:0	True
2026-06-04 12:56:52,359 - INFO - future_decoder.blocks.1.graph_convolution.projections.2.weight	torch.Size([96, 96])	cuda:0	True
2026-06-04 12:56:52,359 - INFO - future_decoder.blocks.1.graph_convolution.projections.2.bias	torch.Size([96])	cuda:0	True
2026-06-04 12:56:52,359 - INFO - future_decoder.blocks.1.cross_attention.query_projection.weight	torch.Size([96, 96])	cuda:0	True
2026-06-04 12:56:52,359 - INFO - future_decoder.blocks.1.cross_attention.query_projection.bias	torch.Size([96])	cuda:0	True
2026-06-04 12:56:52,359 - INFO - future_decoder.blocks.1.cross_attention.key_projection.weight	torch.Size([96, 96])	cuda:0	True
2026-06-04 12:56:52,359 - INFO - future_decoder.blocks.1.cross_attention.key_projection.bias	torch.Size([96])	cuda:0	True
2026-06-04 12:56:52,359 - INFO - future_decoder.blocks.1.cross_attention.value_projection.weight	torch.Size([96, 96])	cuda:0	True
2026-06-04 12:56:52,359 - INFO - future_decoder.blocks.1.cross_attention.value_projection.bias	torch.Size([96])	cuda:0	True
2026-06-04 12:56:52,359 - INFO - future_decoder.blocks.1.cross_attention.output_projection.weight	torch.Size([96, 96])	cuda:0	True
2026-06-04 12:56:52,359 - INFO - future_decoder.blocks.1.cross_attention.output_projection.bias	torch.Size([96])	cuda:0	True
2026-06-04 12:56:52,359 - INFO - future_decoder.blocks.1.feed_forward.network.0.weight	torch.Size([128, 96])	cuda:0	True
2026-06-04 12:56:52,359 - INFO - future_decoder.blocks.1.feed_forward.network.0.bias	torch.Size([128])	cuda:0	True
2026-06-04 12:56:52,359 - INFO - future_decoder.blocks.1.feed_forward.network.3.weight	torch.Size([96, 128])	cuda:0	True
2026-06-04 12:56:52,359 - INFO - future_decoder.blocks.1.feed_forward.network.3.bias	torch.Size([96])	cuda:0	True
2026-06-04 12:56:52,361 - INFO - future_decoder.blocks.1.norm_temporal.weight	torch.Size([96])	cuda:0	True
2026-06-04 12:56:52,361 - INFO - future_decoder.blocks.1.norm_temporal.bias	torch.Size([96])	cuda:0	True
2026-06-04 12:56:52,361 - INFO - future_decoder.blocks.1.norm_graph.weight	torch.Size([96])	cuda:0	True
2026-06-04 12:56:52,361 - INFO - future_decoder.blocks.1.norm_graph.bias	torch.Size([96])	cuda:0	True
2026-06-04 12:56:52,361 - INFO - future_decoder.blocks.1.norm_cross.weight	torch.Size([96])	cuda:0	True
2026-06-04 12:56:52,361 - INFO - future_decoder.blocks.1.norm_cross.bias	torch.Size([96])	cuda:0	True
2026-06-04 12:56:52,361 - INFO - future_decoder.blocks.1.norm_ffn.weight	torch.Size([96])	cuda:0	True
2026-06-04 12:56:52,361 - INFO - future_decoder.blocks.1.norm_ffn.bias	torch.Size([96])	cuda:0	True
2026-06-04 12:56:52,361 - INFO - future_decoder.blocks.1.cell_attention.region_mu	torch.Size([8, 96])	cuda:0	True
2026-06-04 12:56:52,361 - INFO - future_decoder.blocks.1.cell_attention.region_log_sigma	torch.Size([8])	cuda:0	True
2026-06-04 12:56:52,361 - INFO - future_decoder.blocks.1.cell_attention.log_sigma_sq	torch.Size([1])	cuda:0	True
2026-06-04 12:56:52,361 - INFO - future_decoder.blocks.1.cell_attention.cell_blend	torch.Size([])	cuda:0	True
2026-06-04 12:56:52,361 - INFO - future_decoder.blocks.1.cell_attention.band_center	torch.Size([])	cuda:0	True
2026-06-04 12:56:52,361 - INFO - future_decoder.blocks.1.cell_attention.band_width_raw	torch.Size([])	cuda:0	True
2026-06-04 12:56:52,361 - INFO - future_decoder.blocks.1.cell_attention.cell_transform.weight	torch.Size([96, 96])	cuda:0	True
2026-06-04 12:56:52,361 - INFO - future_decoder.blocks.1.cell_attention.cell_transform.bias	torch.Size([96])	cuda:0	True
2026-06-04 12:56:52,361 - INFO - future_decoder.blocks.1.cell_attention.output_projection.weight	torch.Size([96, 96])	cuda:0	True
2026-06-04 12:56:52,361 - INFO - future_decoder.blocks.1.cell_attention.output_projection.bias	torch.Size([96])	cuda:0	True
2026-06-04 12:56:52,361 - INFO - future_decoder.blocks.1.cell_attention.region_transformer.self_attn.query_projection.weight	torch.Size([96, 96])	cuda:0	True
2026-06-04 12:56:52,361 - INFO - future_decoder.blocks.1.cell_attention.region_transformer.self_attn.query_projection.bias	torch.Size([96])	cuda:0	True
2026-06-04 12:56:52,361 - INFO - future_decoder.blocks.1.cell_attention.region_transformer.self_attn.key_projection.weight	torch.Size([96, 96])	cuda:0	True
2026-06-04 12:56:52,361 - INFO - future_decoder.blocks.1.cell_attention.region_transformer.self_attn.key_projection.bias	torch.Size([96])	cuda:0	True
2026-06-04 12:56:52,361 - INFO - future_decoder.blocks.1.cell_attention.region_transformer.self_attn.value_projection.weight	torch.Size([96, 96])	cuda:0	True
2026-06-04 12:56:52,361 - INFO - future_decoder.blocks.1.cell_attention.region_transformer.self_attn.value_projection.bias	torch.Size([96])	cuda:0	True
2026-06-04 12:56:52,361 - INFO - future_decoder.blocks.1.cell_attention.region_transformer.self_attn.output_projection.weight	torch.Size([96, 96])	cuda:0	True
2026-06-04 12:56:52,361 - INFO - future_decoder.blocks.1.cell_attention.region_transformer.self_attn.output_projection.bias	torch.Size([96])	cuda:0	True
2026-06-04 12:56:52,361 - INFO - future_decoder.blocks.1.cell_attention.region_transformer.ffn.network.0.weight	torch.Size([192, 96])	cuda:0	True
2026-06-04 12:56:52,361 - INFO - future_decoder.blocks.1.cell_attention.region_transformer.ffn.network.0.bias	torch.Size([192])	cuda:0	True
2026-06-04 12:56:52,362 - INFO - future_decoder.blocks.1.cell_attention.region_transformer.ffn.network.3.weight	torch.Size([96, 192])	cuda:0	True
2026-06-04 12:56:52,362 - INFO - future_decoder.blocks.1.cell_attention.region_transformer.ffn.network.3.bias	torch.Size([96])	cuda:0	True
2026-06-04 12:56:52,362 - INFO - future_decoder.blocks.1.cell_attention.region_transformer.norm1.weight	torch.Size([96])	cuda:0	True
2026-06-04 12:56:52,362 - INFO - future_decoder.blocks.1.cell_attention.region_transformer.norm1.bias	torch.Size([96])	cuda:0	True
2026-06-04 12:56:52,362 - INFO - future_decoder.blocks.1.cell_attention.region_transformer.norm2.weight	torch.Size([96])	cuda:0	True
2026-06-04 12:56:52,362 - INFO - future_decoder.blocks.1.cell_attention.region_transformer.norm2.bias	torch.Size([96])	cuda:0	True
2026-06-04 12:56:52,362 - INFO - future_decoder.blocks.1.cell_attention.fuzzy_to_cell.weight	torch.Size([8, 4])	cuda:0	True
2026-06-04 12:56:52,362 - INFO - future_decoder.blocks.1.cell_attention.fuzzy_to_cell.bias	torch.Size([8])	cuda:0	True
2026-06-04 12:56:52,362 - INFO - future_decoder.blocks.1.norm_cell.weight	torch.Size([96])	cuda:0	True
2026-06-04 12:56:52,362 - INFO - future_decoder.blocks.1.norm_cell.bias	torch.Size([96])	cuda:0	True
2026-06-04 12:56:52,362 - INFO - future_decoder.final_norm.weight	torch.Size([96])	cuda:0	True
2026-06-04 12:56:52,362 - INFO - future_decoder.final_norm.bias	torch.Size([96])	cuda:0	True
2026-06-04 12:56:52,362 - INFO - future_decoder.output_projection.weight	torch.Size([1, 96])	cuda:0	True
2026-06-04 12:56:52,362 - INFO - future_decoder.output_projection.bias	torch.Size([1])	cuda:0	True
2026-06-04 12:56:52,362 - INFO - Total parameter numbers: 1179326
2026-06-04 12:56:52,362 - INFO - Enable AMP training (dtype=float16).
2026-06-04 12:56:52,364 - INFO - You select `adamw` optimizer.
2026-06-04 12:56:53,975 - INFO - You select `reduceonplateau` lr_scheduler.
2026-06-04 12:56:53,975 - WARNING - Received unrecognized lr_scheduler, please check the parameter `lr_scheduler`.
2026-06-04 12:56:53,975 - WARNING - Received none train loss func and will use the loss func defined in the model.
2026-06-04 12:56:53,976 - INFO - Start training ...
2026-06-04 12:56:53,976 - INFO - num_batches:161
2026-06-04 12:57:55,517 - INFO - Epoch [0/20] train_loss: 0.5504, val_loss: 0.5434, lr: 0.001000, 61.54s
2026-06-04 12:57:55,639 - INFO - Saved model at 0
2026-06-04 12:57:55,639 - INFO - Val loss decrease from inf to 0.5434, saving to D:\a_code\A_Agent\projects\LibCity\outputs\20260604_125637__traffic_state_pred__final_3_type2__PEMSD4\model_cache/final_3_type2_PEMSD4_epoch0.tar
2026-06-04 12:58:59,295 - INFO - Epoch [1/20] train_loss: 0.4855, val_loss: 0.5404, lr: 0.001000, 63.66s
2026-06-04 12:58:59,424 - INFO - Saved model at 1
2026-06-04 12:58:59,424 - INFO - Val loss decrease from 0.5434 to 0.5404, saving to D:\a_code\A_Agent\projects\LibCity\outputs\20260604_125637__traffic_state_pred__final_3_type2__PEMSD4\model_cache/final_3_type2_PEMSD4_epoch1.tar
2026-06-04 13:00:03,139 - INFO - Epoch [2/20] train_loss: 0.4816, val_loss: 0.5163, lr: 0.001000, 63.72s
2026-06-04 13:00:03,259 - INFO - Saved model at 2
2026-06-04 13:00:03,259 - INFO - Val loss decrease from 0.5404 to 0.5163, saving to D:\a_code\A_Agent\projects\LibCity\outputs\20260604_125637__traffic_state_pred__final_3_type2__PEMSD4\model_cache/final_3_type2_PEMSD4_epoch2.tar
2026-06-04 13:01:07,156 - INFO - Epoch [3/20] train_loss: 0.4167, val_loss: 0.4215, lr: 0.001000, 63.90s
2026-06-04 13:01:07,286 - INFO - Saved model at 3
2026-06-04 13:01:07,286 - INFO - Val loss decrease from 0.5163 to 0.4215, saving to D:\a_code\A_Agent\projects\LibCity\outputs\20260604_125637__traffic_state_pred__final_3_type2__PEMSD4\model_cache/final_3_type2_PEMSD4_epoch3.tar
2026-06-04 13:02:10,761 - INFO - Epoch [4/20] train_loss: 0.3086, val_loss: 0.2886, lr: 0.001000, 63.47s
2026-06-04 13:02:10,889 - INFO - Saved model at 4
2026-06-04 13:02:10,889 - INFO - Val loss decrease from 0.4215 to 0.2886, saving to D:\a_code\A_Agent\projects\LibCity\outputs\20260604_125637__traffic_state_pred__final_3_type2__PEMSD4\model_cache/final_3_type2_PEMSD4_epoch4.tar
2026-06-04 13:03:14,447 - INFO - Epoch [5/20] train_loss: 0.2525, val_loss: 0.3363, lr: 0.001000, 63.56s
2026-06-04 13:04:18,244 - INFO - Epoch [6/20] train_loss: 0.2484, val_loss: 0.2677, lr: 0.001000, 63.80s
2026-06-04 13:04:18,381 - INFO - Saved model at 6
2026-06-04 13:04:18,381 - INFO - Val loss decrease from 0.2886 to 0.2677, saving to D:\a_code\A_Agent\projects\LibCity\outputs\20260604_125637__traffic_state_pred__final_3_type2__PEMSD4\model_cache/final_3_type2_PEMSD4_epoch6.tar
2026-06-04 13:05:22,234 - INFO - Epoch [7/20] train_loss: 0.2359, val_loss: 0.2631, lr: 0.001000, 63.85s
2026-06-04 13:05:22,367 - INFO - Saved model at 7
2026-06-04 13:05:22,368 - INFO - Val loss decrease from 0.2677 to 0.2631, saving to D:\a_code\A_Agent\projects\LibCity\outputs\20260604_125637__traffic_state_pred__final_3_type2__PEMSD4\model_cache/final_3_type2_PEMSD4_epoch7.tar
2026-06-04 13:06:26,088 - INFO - Epoch [8/20] train_loss: 0.2334, val_loss: 0.2614, lr: 0.001000, 63.72s
2026-06-04 13:06:26,219 - INFO - Saved model at 8
2026-06-04 13:06:26,219 - INFO - Val loss decrease from 0.2631 to 0.2614, saving to D:\a_code\A_Agent\projects\LibCity\outputs\20260604_125637__traffic_state_pred__final_3_type2__PEMSD4\model_cache/final_3_type2_PEMSD4_epoch8.tar
2026-06-04 13:07:30,214 - INFO - Epoch [9/20] train_loss: 0.2339, val_loss: 0.2915, lr: 0.001000, 63.99s
2026-06-04 13:08:34,149 - INFO - Epoch [10/20] train_loss: 0.2295, val_loss: 0.2591, lr: 0.001000, 63.94s
2026-06-04 13:08:34,279 - INFO - Saved model at 10
2026-06-04 13:08:34,280 - INFO - Val loss decrease from 0.2614 to 0.2591, saving to D:\a_code\A_Agent\projects\LibCity\outputs\20260604_125637__traffic_state_pred__final_3_type2__PEMSD4\model_cache/final_3_type2_PEMSD4_epoch10.tar
2026-06-04 13:09:37,967 - INFO - Epoch [11/20] train_loss: 0.2271, val_loss: 0.2726, lr: 0.001000, 63.69s
2026-06-04 13:10:40,480 - INFO - Epoch [12/20] train_loss: 0.2265, val_loss: 0.2741, lr: 0.001000, 62.51s
2026-06-04 13:11:39,072 - INFO - Epoch [13/20] train_loss: 0.2265, val_loss: 0.2674, lr: 0.001000, 58.59s
2026-06-04 13:12:40,851 - INFO - Epoch [14/20] train_loss: 0.2276, val_loss: 0.2548, lr: 0.001000, 61.78s
2026-06-04 13:12:40,971 - INFO - Saved model at 14
2026-06-04 13:12:40,971 - INFO - Val loss decrease from 0.2591 to 0.2548, saving to D:\a_code\A_Agent\projects\LibCity\outputs\20260604_125637__traffic_state_pred__final_3_type2__PEMSD4\model_cache/final_3_type2_PEMSD4_epoch14.tar
2026-06-04 13:13:46,208 - INFO - Epoch [15/20] train_loss: 0.2229, val_loss: 0.2648, lr: 0.001000, 65.24s
2026-06-04 13:14:50,159 - INFO - Epoch [16/20] train_loss: 0.2246, val_loss: 0.2496, lr: 0.001000, 63.95s
2026-06-04 13:14:50,284 - INFO - Saved model at 16
2026-06-04 13:14:50,285 - INFO - Val loss decrease from 0.2548 to 0.2496, saving to D:\a_code\A_Agent\projects\LibCity\outputs\20260604_125637__traffic_state_pred__final_3_type2__PEMSD4\model_cache/final_3_type2_PEMSD4_epoch16.tar
2026-06-04 13:15:54,601 - INFO - Epoch [17/20] train_loss: 0.2215, val_loss: 0.2477, lr: 0.001000, 64.32s
2026-06-04 13:15:54,731 - INFO - Saved model at 17
2026-06-04 13:15:54,732 - INFO - Val loss decrease from 0.2496 to 0.2477, saving to D:\a_code\A_Agent\projects\LibCity\outputs\20260604_125637__traffic_state_pred__final_3_type2__PEMSD4\model_cache/final_3_type2_PEMSD4_epoch17.tar
2026-06-04 13:16:58,809 - INFO - Epoch [18/20] train_loss: 0.2219, val_loss: 0.2870, lr: 0.001000, 64.08s
2026-06-04 13:17:59,216 - INFO - Epoch [19/20] train_loss: 0.2215, val_loss: 0.2536, lr: 0.001000, 60.41s
2026-06-04 13:17:59,216 - INFO - Trained totally 20 epochs, average train time is 56.568s, average eval time is 6.617s
2026-06-04 13:17:59,216 - INFO - Loading best model state from epoch 17
2026-06-04 13:17:59,227 - INFO - Saved model at D:\a_code\A_Agent\projects\LibCity\outputs\20260604_125637__traffic_state_pred__final_3_type2__PEMSD4\model_cache\final_3_type2_PEMSD4.m
2026-06-04 13:17:59,333 - INFO - Start evaluating ...
2026-06-04 13:18:09,539 - INFO - Note that you select the single mode to evaluate!
2026-06-04 13:18:09,553 - INFO - Evaluate result is saved at D:\a_code\A_Agent\projects\LibCity\outputs\20260604_125637__traffic_state_pred__final_3_type2__PEMSD4\evaluate_cache\2026_06_04_13_18_09_final_3_type2_PEMSD4.csv
2026-06-04 13:18:09,563 - INFO - 
         MAE      MAPE        MSE  ...  masked_RMSE        R2      EVAR
1   1.117879  0.023862   4.684247  ...     2.164312  0.929931  0.929940
2   1.365028  0.028879   7.569798  ...     2.751327  0.886729  0.886730
3   1.545423  0.032837  10.385828  ...     3.222705  0.844520  0.844520
4   1.691774  0.036274  13.122822  ...     3.622544  0.803596  0.803596
5   1.822302  0.039501  15.829741  ...     3.978661  0.763055  0.763055
6   1.936650  0.042407  18.296013  ...     4.277384  0.726048  0.726050
7   2.039572  0.045026  20.588419  ...     4.537446  0.691795  0.691799
8   2.132750  0.047428  22.753111  ...     4.770022  0.659524  0.659531
9   2.219709  0.049696  24.760101  ...     4.975952  0.629322  0.629333
10  2.302711  0.051882  26.646818  ...     5.162055  0.601038  0.601057
11  2.378077  0.053890  28.436623  ...     5.332600  0.574170  0.574204
12  2.451154  0.055823  30.163530  ...     5.492134  0.548341  0.548400

[12 rows x 10 columns]
