2026-05-26 14:57:29,574 - INFO - Log directory: D:\a_code\A_Agent\projects\LibCity\outputs\20260526_145729__traffic_state_pred__final_new__METR_LA\logs
2026-05-26 14:57:29,574 - INFO - Begin pipeline, task=traffic_state_pred, model_name=final_new, dataset_name=METR_LA, exp_id=20260526_145729__traffic_state_pred__final_new__METR_LA
2026-05-26 14:57:29,574 - INFO - {'task': 'traffic_state_pred', 'model': 'final_new', 'dataset': 'METR_LA', 'saved_model': True, 'train': True, 'seed': 0, 'input_window': 12, 'output_window': 12, 'hidden_dim': 64, 'num_heads': 2, 'encoder_layers': 2, 'decoder_layers': 2, 'ffn_hidden_dim': 128, 'graph_k_hop': 2, 'fuzzy_num_sets': 4, 'num_cells': 8, 'cell_blend_init': 0.3, 'band_center_init': 1.1, 'band_width_init': 0.7, 'region_transformer_layers': 1, 'use_temporal_position_embedding': True, 'use_gradient_checkpointing': False, 'use_amp': False, 'dropout': 0.1, 'conservation_loss_weight': 0.1, 'conservation_warmup_epochs': 0, 'conservation_steps_per_epoch': 80, 'physics_channel_idx': 0, 'fir_mode': 'lukasiewicz', 'scaler': 'standard', 'load_external': False, 'normal_external': False, 'add_time_in_day': True, 'add_day_in_week': True, 'max_epoch': 1, 'learner': 'adamw', 'learning_rate': 0.0005, 'lr_decay': True, 'lr_scheduler': 'reducelronplateau', 'lr_decay_ratio': 0.5, 'lr_patience': 5, 'lr_threshold': 0.001, 'weight_decay': 0.0001, 'clip_grad_norm': True, 'max_grad_norm': 3, 'use_early_stop': False, 'patience': 30, 'batch_size': 16, 'eval_batch_size': 16, 'dataset_class': 'TrafficStatePointDataset', 'executor': 'TrafficStateExecutor', 'evaluator': 'TrafficStateEvaluator', 'cache_dataset': True, 'num_workers': 0, 'pad_with_last_sample': True, 'train_rate': 0.7, 'eval_rate': 0.1, 'ext_scaler': 'none', 'robustness_test': False, 'noise_type': 'gaussian', 'disturb_rate': 0.5, 'noise_mean': [5], 'noise_SD': [10], 'train_loss': 'none', 'epoch': 0, 'gpu': True, 'gpu_id': 0, 'log_every': 1, 'load_best_epoch': True, 'metrics': ['MAE', 'MAPE', 'MSE', 'RMSE', 'masked_MAE', 'masked_MAPE', 'masked_MSE', 'masked_RMSE', 'R2', 'EVAR'], 'evaluator_mode': 'single', 'save_mode': ['csv'], 'geo': {'including_types': ['Point'], 'Point': {}}, 'rel': {'including_types': ['geo'], 'geo': {'cost': 'num'}}, 'dyna': {'including_types': ['state'], 'state': {'entity_id': 'geo_id', 'traffic_speed': 'num'}}, 'data_col': ['traffic_speed'], 'weight_col': 'cost', 'data_files': ['METR_LA'], 'geo_file': 'METR_LA', 'rel_file': 'METR_LA', 'output_dim': 1, 'time_intervals': 300, 'init_weight_inf_or_zero': 'inf', 'set_weight_link_or_dist': 'dist', 'calculate_weight_adj': True, 'weight_adj_epsilon': 0.1, 'is_distributed': False, 'world_size': 1, 'rank': 0, 'device': device(type='cuda', index=0), 'exp_id': '20260526_145729__traffic_state_pred__final_new__METR_LA'}
2026-05-26 14:57:29,587 - INFO - Loaded file METR_LA.geo, num_nodes=207
2026-05-26 14:57:29,593 - INFO - set_weight_link_or_dist: dist
2026-05-26 14:57:29,593 - INFO - init_weight_inf_or_zero: inf
2026-05-26 14:57:29,600 - INFO - Loaded file METR_LA.rel, shape=(207, 207)
2026-05-26 14:57:29,600 - INFO - Start Calculate the weight by Gauss kernel!
2026-05-26 14:57:29,600 - INFO - Loading file METR_LA.dyna
2026-05-26 14:57:32,231 - INFO - Loaded file METR_LA.dyna, shape=(34272, 207, 1)
2026-05-26 14:57:34,939 - INFO - Dataset created
2026-05-26 14:57:34,939 - INFO - x shape: (34249, 12, 207, 9), y shape: (34249, 12, 207, 9)
2026-05-26 14:57:34,950 - INFO - train	x: (23974, 12, 207, 9), y: (23974, 12, 207, 9)
2026-05-26 14:57:34,951 - INFO - eval	x: (3425, 12, 207, 9), y: (3425, 12, 207, 9)
2026-05-26 14:57:34,951 - INFO - test	x: (6850, 12, 207, 9), y: (6850, 12, 207, 9)
2026-05-26 14:58:37,370 - INFO - Saved at D:\a_code\A_Agent\projects\LibCity\cache\dataset_cache\point_based_METR_LA_12_12_0.7_0.1_standard_16_False_True_True_True.npz
2026-05-26 14:58:42,901 - INFO - StandardScaler mean: 54.405928295876095, std: 19.493739270573062
2026-05-26 14:58:42,901 - INFO - NoneScaler
2026-05-26 14:58:47,306 - INFO - NewFuzzyCellAttention(
  (fuzzy_graph): FuzzyRelationalGraphLearner(
    (raw_projection): Linear(in_features=9, out_features=64, bias=True)
    (feature_to_membership): Sequential(
      (0): Linear(in_features=64, out_features=32, bias=True)
      (1): GELU(approximate='none')
      (2): Linear(in_features=32, out_features=4, bias=True)
    )
  )
  (condition_encoder): STEncoder(
    (input_projection): Linear(in_features=9, out_features=64, bias=True)
    (blocks): ModuleList(
      (0-1): 2 x STEncoderBlock(
        (temporal_attention): MultiHeadAttention(
          (query_projection): Linear(in_features=64, out_features=64, bias=True)
          (key_projection): Linear(in_features=64, out_features=64, bias=True)
          (value_projection): Linear(in_features=64, out_features=64, bias=True)
          (output_projection): Linear(in_features=64, out_features=64, bias=True)
          (dropout): Dropout(p=0.1, inplace=False)
        )
        (graph_convolution): FuzzyGraphConvolution(
          (projections): ModuleList(
            (0-2): 3 x Linear(in_features=64, out_features=64, bias=True)
          )
        )
        (feed_forward): FeedForwardNetwork(
          (network): Sequential(
            (0): Linear(in_features=64, out_features=128, bias=True)
            (1): GELU(approximate='none')
            (2): Dropout(p=0.1, inplace=False)
            (3): Linear(in_features=128, out_features=64, bias=True)
            (4): Dropout(p=0.1, inplace=False)
          )
        )
        (norm_temporal): LayerNorm((64,), eps=1e-05, elementwise_affine=True)
        (norm_graph): LayerNorm((64,), eps=1e-05, elementwise_affine=True)
        (norm_ffn): LayerNorm((64,), eps=1e-05, elementwise_affine=True)
        (dropout): Dropout(p=0.1, inplace=False)
        (cell_attention): FuzzyCellAttention(
          (cell_transform): Linear(in_features=64, out_features=64, bias=True)
          (output_projection): Linear(in_features=64, out_features=64, bias=True)
          (region_transformer): RegionTransformer(
            (self_attn): MultiHeadAttention(
              (query_projection): Linear(in_features=64, out_features=64, bias=True)
              (key_projection): Linear(in_features=64, out_features=64, bias=True)
              (value_projection): Linear(in_features=64, out_features=64, bias=True)
              (output_projection): Linear(in_features=64, out_features=64, bias=True)
              (dropout): Dropout(p=0.1, inplace=False)
            )
            (ffn): FeedForwardNetwork(
              (network): Sequential(
                (0): Linear(in_features=64, out_features=128, bias=True)
                (1): GELU(approximate='none')
                (2): Dropout(p=0.1, inplace=False)
                (3): Linear(in_features=128, out_features=64, bias=True)
                (4): Dropout(p=0.1, inplace=False)
              )
            )
            (norm1): LayerNorm((64,), eps=1e-05, elementwise_affine=True)
            (norm2): LayerNorm((64,), eps=1e-05, elementwise_affine=True)
            (dropout): Dropout(p=0.1, inplace=False)
          )
          (fuzzy_to_cell): Linear(in_features=4, out_features=8, bias=True)
        )
        (norm_cell): LayerNorm((64,), eps=1e-05, elementwise_affine=True)
      )
    )
    (final_norm): LayerNorm((64,), eps=1e-05, elementwise_affine=True)
  )
  (future_decoder): FutureDecoder(
    (blocks): ModuleList(
      (0-1): 2 x DecoderBlock(
        (temporal_attention): MultiHeadAttention(
          (query_projection): Linear(in_features=64, out_features=64, bias=True)
          (key_projection): Linear(in_features=64, out_features=64, bias=True)
          (value_projection): Linear(in_features=64, out_features=64, bias=True)
          (output_projection): Linear(in_features=64, out_features=64, bias=True)
          (dropout): Dropout(p=0.1, inplace=False)
        )
        (graph_convolution): FuzzyGraphConvolution(
          (projections): ModuleList(
            (0-2): 3 x Linear(in_features=64, out_features=64, bias=True)
          )
        )
        (cross_attention): MultiHeadAttention(
          (query_projection): Linear(in_features=64, out_features=64, bias=True)
          (key_projection): Linear(in_features=64, out_features=64, bias=True)
          (value_projection): Linear(in_features=64, out_features=64, bias=True)
          (output_projection): Linear(in_features=64, out_features=64, bias=True)
          (dropout): Dropout(p=0.1, inplace=False)
        )
        (feed_forward): FeedForwardNetwork(
          (network): Sequential(
            (0): Linear(in_features=64, out_features=128, bias=True)
            (1): GELU(approximate='none')
            (2): Dropout(p=0.1, inplace=False)
            (3): Linear(in_features=128, out_features=64, bias=True)
            (4): Dropout(p=0.1, inplace=False)
          )
        )
        (norm_temporal): LayerNorm((64,), eps=1e-05, elementwise_affine=True)
        (norm_graph): LayerNorm((64,), eps=1e-05, elementwise_affine=True)
        (norm_cross): LayerNorm((64,), eps=1e-05, elementwise_affine=True)
        (norm_ffn): LayerNorm((64,), eps=1e-05, elementwise_affine=True)
        (dropout): Dropout(p=0.1, inplace=False)
        (cell_attention): FuzzyCellAttention(
          (cell_transform): Linear(in_features=64, out_features=64, bias=True)
          (output_projection): Linear(in_features=64, out_features=64, bias=True)
          (region_transformer): RegionTransformer(
            (self_attn): MultiHeadAttention(
              (query_projection): Linear(in_features=64, out_features=64, bias=True)
              (key_projection): Linear(in_features=64, out_features=64, bias=True)
              (value_projection): Linear(in_features=64, out_features=64, bias=True)
              (output_projection): Linear(in_features=64, out_features=64, bias=True)
              (dropout): Dropout(p=0.1, inplace=False)
            )
            (ffn): FeedForwardNetwork(
              (network): Sequential(
                (0): Linear(in_features=64, out_features=128, bias=True)
                (1): GELU(approximate='none')
                (2): Dropout(p=0.1, inplace=False)
                (3): Linear(in_features=128, out_features=64, bias=True)
                (4): Dropout(p=0.1, inplace=False)
              )
            )
            (norm1): LayerNorm((64,), eps=1e-05, elementwise_affine=True)
            (norm2): LayerNorm((64,), eps=1e-05, elementwise_affine=True)
            (dropout): Dropout(p=0.1, inplace=False)
          )
          (fuzzy_to_cell): Linear(in_features=4, out_features=8, bias=True)
        )
        (norm_cell): LayerNorm((64,), eps=1e-05, elementwise_affine=True)
      )
    )
    (final_norm): LayerNorm((64,), eps=1e-05, elementwise_affine=True)
    (output_projection): Linear(in_features=64, out_features=1, bias=True)
  )
)
2026-05-26 14:58:47,308 - INFO - fuzzy_graph.base_memberships	torch.Size([207, 4])	cuda:0	True
2026-05-26 14:58:47,308 - INFO - fuzzy_graph.fuzzy_prototypes	torch.Size([4, 64])	cuda:0	True
2026-05-26 14:58:47,308 - INFO - fuzzy_graph.blend_logit	torch.Size([])	cuda:0	True
2026-05-26 14:58:47,308 - INFO - fuzzy_graph.raw_projection.weight	torch.Size([64, 9])	cuda:0	True
2026-05-26 14:58:47,308 - INFO - fuzzy_graph.raw_projection.bias	torch.Size([64])	cuda:0	True
2026-05-26 14:58:47,308 - INFO - fuzzy_graph.feature_to_membership.0.weight	torch.Size([32, 64])	cuda:0	True
2026-05-26 14:58:47,308 - INFO - fuzzy_graph.feature_to_membership.0.bias	torch.Size([32])	cuda:0	True
2026-05-26 14:58:47,308 - INFO - fuzzy_graph.feature_to_membership.2.weight	torch.Size([4, 32])	cuda:0	True
2026-05-26 14:58:47,308 - INFO - fuzzy_graph.feature_to_membership.2.bias	torch.Size([4])	cuda:0	True
2026-05-26 14:58:47,308 - INFO - condition_encoder.temporal_position_embedding	torch.Size([1, 12, 1, 64])	cuda:0	True
2026-05-26 14:58:47,308 - INFO - condition_encoder.input_projection.weight	torch.Size([64, 9])	cuda:0	True
2026-05-26 14:58:47,308 - INFO - condition_encoder.input_projection.bias	torch.Size([64])	cuda:0	True
2026-05-26 14:58:47,308 - INFO - condition_encoder.blocks.0.temporal_attention.query_projection.weight	torch.Size([64, 64])	cuda:0	True
2026-05-26 14:58:47,308 - INFO - condition_encoder.blocks.0.temporal_attention.query_projection.bias	torch.Size([64])	cuda:0	True
2026-05-26 14:58:47,308 - INFO - condition_encoder.blocks.0.temporal_attention.key_projection.weight	torch.Size([64, 64])	cuda:0	True
2026-05-26 14:58:47,308 - INFO - condition_encoder.blocks.0.temporal_attention.key_projection.bias	torch.Size([64])	cuda:0	True
2026-05-26 14:58:47,308 - INFO - condition_encoder.blocks.0.temporal_attention.value_projection.weight	torch.Size([64, 64])	cuda:0	True
2026-05-26 14:58:47,308 - INFO - condition_encoder.blocks.0.temporal_attention.value_projection.bias	torch.Size([64])	cuda:0	True
2026-05-26 14:58:47,308 - INFO - condition_encoder.blocks.0.temporal_attention.output_projection.weight	torch.Size([64, 64])	cuda:0	True
2026-05-26 14:58:47,308 - INFO - condition_encoder.blocks.0.temporal_attention.output_projection.bias	torch.Size([64])	cuda:0	True
2026-05-26 14:58:47,308 - INFO - condition_encoder.blocks.0.graph_convolution.projections.0.weight	torch.Size([64, 64])	cuda:0	True
2026-05-26 14:58:47,308 - INFO - condition_encoder.blocks.0.graph_convolution.projections.0.bias	torch.Size([64])	cuda:0	True
2026-05-26 14:58:47,308 - INFO - condition_encoder.blocks.0.graph_convolution.projections.1.weight	torch.Size([64, 64])	cuda:0	True
2026-05-26 14:58:47,308 - INFO - condition_encoder.blocks.0.graph_convolution.projections.1.bias	torch.Size([64])	cuda:0	True
2026-05-26 14:58:47,308 - INFO - condition_encoder.blocks.0.graph_convolution.projections.2.weight	torch.Size([64, 64])	cuda:0	True
2026-05-26 14:58:47,308 - INFO - condition_encoder.blocks.0.graph_convolution.projections.2.bias	torch.Size([64])	cuda:0	True
2026-05-26 14:58:47,308 - INFO - condition_encoder.blocks.0.feed_forward.network.0.weight	torch.Size([128, 64])	cuda:0	True
2026-05-26 14:58:47,308 - INFO - condition_encoder.blocks.0.feed_forward.network.0.bias	torch.Size([128])	cuda:0	True
2026-05-26 14:58:47,308 - INFO - condition_encoder.blocks.0.feed_forward.network.3.weight	torch.Size([64, 128])	cuda:0	True
2026-05-26 14:58:47,308 - INFO - condition_encoder.blocks.0.feed_forward.network.3.bias	torch.Size([64])	cuda:0	True
2026-05-26 14:58:47,309 - INFO - condition_encoder.blocks.0.norm_temporal.weight	torch.Size([64])	cuda:0	True
2026-05-26 14:58:47,309 - INFO - condition_encoder.blocks.0.norm_temporal.bias	torch.Size([64])	cuda:0	True
2026-05-26 14:58:47,309 - INFO - condition_encoder.blocks.0.norm_graph.weight	torch.Size([64])	cuda:0	True
2026-05-26 14:58:47,309 - INFO - condition_encoder.blocks.0.norm_graph.bias	torch.Size([64])	cuda:0	True
2026-05-26 14:58:47,309 - INFO - condition_encoder.blocks.0.norm_ffn.weight	torch.Size([64])	cuda:0	True
2026-05-26 14:58:47,309 - INFO - condition_encoder.blocks.0.norm_ffn.bias	torch.Size([64])	cuda:0	True
2026-05-26 14:58:47,309 - INFO - condition_encoder.blocks.0.cell_attention.centers	torch.Size([8, 64])	cuda:0	True
2026-05-26 14:58:47,309 - INFO - condition_encoder.blocks.0.cell_attention.log_sigma_sq	torch.Size([1])	cuda:0	True
2026-05-26 14:58:47,309 - INFO - condition_encoder.blocks.0.cell_attention.cell_blend	torch.Size([])	cuda:0	True
2026-05-26 14:58:47,309 - INFO - condition_encoder.blocks.0.cell_attention.band_center	torch.Size([])	cuda:0	True
2026-05-26 14:58:47,309 - INFO - condition_encoder.blocks.0.cell_attention.band_width_raw	torch.Size([])	cuda:0	True
2026-05-26 14:58:47,309 - INFO - condition_encoder.blocks.0.cell_attention.cell_transform.weight	torch.Size([64, 64])	cuda:0	True
2026-05-26 14:58:47,309 - INFO - condition_encoder.blocks.0.cell_attention.cell_transform.bias	torch.Size([64])	cuda:0	True
2026-05-26 14:58:47,309 - INFO - condition_encoder.blocks.0.cell_attention.output_projection.weight	torch.Size([64, 64])	cuda:0	True
2026-05-26 14:58:47,309 - INFO - condition_encoder.blocks.0.cell_attention.output_projection.bias	torch.Size([64])	cuda:0	True
2026-05-26 14:58:47,309 - INFO - condition_encoder.blocks.0.cell_attention.region_transformer.self_attn.query_projection.weight	torch.Size([64, 64])	cuda:0	True
2026-05-26 14:58:47,310 - INFO - condition_encoder.blocks.0.cell_attention.region_transformer.self_attn.query_projection.bias	torch.Size([64])	cuda:0	True
2026-05-26 14:58:47,310 - INFO - condition_encoder.blocks.0.cell_attention.region_transformer.self_attn.key_projection.weight	torch.Size([64, 64])	cuda:0	True
2026-05-26 14:58:47,310 - INFO - condition_encoder.blocks.0.cell_attention.region_transformer.self_attn.key_projection.bias	torch.Size([64])	cuda:0	True
2026-05-26 14:58:47,310 - INFO - condition_encoder.blocks.0.cell_attention.region_transformer.self_attn.value_projection.weight	torch.Size([64, 64])	cuda:0	True
2026-05-26 14:58:47,310 - INFO - condition_encoder.blocks.0.cell_attention.region_transformer.self_attn.value_projection.bias	torch.Size([64])	cuda:0	True
2026-05-26 14:58:47,310 - INFO - condition_encoder.blocks.0.cell_attention.region_transformer.self_attn.output_projection.weight	torch.Size([64, 64])	cuda:0	True
2026-05-26 14:58:47,310 - INFO - condition_encoder.blocks.0.cell_attention.region_transformer.self_attn.output_projection.bias	torch.Size([64])	cuda:0	True
2026-05-26 14:58:47,310 - INFO - condition_encoder.blocks.0.cell_attention.region_transformer.ffn.network.0.weight	torch.Size([128, 64])	cuda:0	True
2026-05-26 14:58:47,310 - INFO - condition_encoder.blocks.0.cell_attention.region_transformer.ffn.network.0.bias	torch.Size([128])	cuda:0	True
2026-05-26 14:58:47,310 - INFO - condition_encoder.blocks.0.cell_attention.region_transformer.ffn.network.3.weight	torch.Size([64, 128])	cuda:0	True
2026-05-26 14:58:47,310 - INFO - condition_encoder.blocks.0.cell_attention.region_transformer.ffn.network.3.bias	torch.Size([64])	cuda:0	True
2026-05-26 14:58:47,310 - INFO - condition_encoder.blocks.0.cell_attention.region_transformer.norm1.weight	torch.Size([64])	cuda:0	True
2026-05-26 14:58:47,310 - INFO - condition_encoder.blocks.0.cell_attention.region_transformer.norm1.bias	torch.Size([64])	cuda:0	True
2026-05-26 14:58:47,310 - INFO - condition_encoder.blocks.0.cell_attention.region_transformer.norm2.weight	torch.Size([64])	cuda:0	True
2026-05-26 14:58:47,310 - INFO - condition_encoder.blocks.0.cell_attention.region_transformer.norm2.bias	torch.Size([64])	cuda:0	True
2026-05-26 14:58:47,310 - INFO - condition_encoder.blocks.0.cell_attention.fuzzy_to_cell.weight	torch.Size([8, 4])	cuda:0	True
2026-05-26 14:58:47,310 - INFO - condition_encoder.blocks.0.cell_attention.fuzzy_to_cell.bias	torch.Size([8])	cuda:0	True
2026-05-26 14:58:47,310 - INFO - condition_encoder.blocks.0.norm_cell.weight	torch.Size([64])	cuda:0	True
2026-05-26 14:58:47,310 - INFO - condition_encoder.blocks.0.norm_cell.bias	torch.Size([64])	cuda:0	True
2026-05-26 14:58:47,310 - INFO - condition_encoder.blocks.1.temporal_attention.query_projection.weight	torch.Size([64, 64])	cuda:0	True
2026-05-26 14:58:47,310 - INFO - condition_encoder.blocks.1.temporal_attention.query_projection.bias	torch.Size([64])	cuda:0	True
2026-05-26 14:58:47,310 - INFO - condition_encoder.blocks.1.temporal_attention.key_projection.weight	torch.Size([64, 64])	cuda:0	True
2026-05-26 14:58:47,310 - INFO - condition_encoder.blocks.1.temporal_attention.key_projection.bias	torch.Size([64])	cuda:0	True
2026-05-26 14:58:47,310 - INFO - condition_encoder.blocks.1.temporal_attention.value_projection.weight	torch.Size([64, 64])	cuda:0	True
2026-05-26 14:58:47,310 - INFO - condition_encoder.blocks.1.temporal_attention.value_projection.bias	torch.Size([64])	cuda:0	True
2026-05-26 14:58:47,310 - INFO - condition_encoder.blocks.1.temporal_attention.output_projection.weight	torch.Size([64, 64])	cuda:0	True
2026-05-26 14:58:47,310 - INFO - condition_encoder.blocks.1.temporal_attention.output_projection.bias	torch.Size([64])	cuda:0	True
2026-05-26 14:58:47,310 - INFO - condition_encoder.blocks.1.graph_convolution.projections.0.weight	torch.Size([64, 64])	cuda:0	True
2026-05-26 14:58:47,310 - INFO - condition_encoder.blocks.1.graph_convolution.projections.0.bias	torch.Size([64])	cuda:0	True
2026-05-26 14:58:47,310 - INFO - condition_encoder.blocks.1.graph_convolution.projections.1.weight	torch.Size([64, 64])	cuda:0	True
2026-05-26 14:58:47,310 - INFO - condition_encoder.blocks.1.graph_convolution.projections.1.bias	torch.Size([64])	cuda:0	True
2026-05-26 14:58:47,310 - INFO - condition_encoder.blocks.1.graph_convolution.projections.2.weight	torch.Size([64, 64])	cuda:0	True
2026-05-26 14:58:47,310 - INFO - condition_encoder.blocks.1.graph_convolution.projections.2.bias	torch.Size([64])	cuda:0	True
2026-05-26 14:58:47,310 - INFO - condition_encoder.blocks.1.feed_forward.network.0.weight	torch.Size([128, 64])	cuda:0	True
2026-05-26 14:58:47,310 - INFO - condition_encoder.blocks.1.feed_forward.network.0.bias	torch.Size([128])	cuda:0	True
2026-05-26 14:58:47,310 - INFO - condition_encoder.blocks.1.feed_forward.network.3.weight	torch.Size([64, 128])	cuda:0	True
2026-05-26 14:58:47,310 - INFO - condition_encoder.blocks.1.feed_forward.network.3.bias	torch.Size([64])	cuda:0	True
2026-05-26 14:58:47,310 - INFO - condition_encoder.blocks.1.norm_temporal.weight	torch.Size([64])	cuda:0	True
2026-05-26 14:58:47,310 - INFO - condition_encoder.blocks.1.norm_temporal.bias	torch.Size([64])	cuda:0	True
2026-05-26 14:58:47,310 - INFO - condition_encoder.blocks.1.norm_graph.weight	torch.Size([64])	cuda:0	True
2026-05-26 14:58:47,310 - INFO - condition_encoder.blocks.1.norm_graph.bias	torch.Size([64])	cuda:0	True
2026-05-26 14:58:47,310 - INFO - condition_encoder.blocks.1.norm_ffn.weight	torch.Size([64])	cuda:0	True
2026-05-26 14:58:47,310 - INFO - condition_encoder.blocks.1.norm_ffn.bias	torch.Size([64])	cuda:0	True
2026-05-26 14:58:47,310 - INFO - condition_encoder.blocks.1.cell_attention.centers	torch.Size([8, 64])	cuda:0	True
2026-05-26 14:58:47,310 - INFO - condition_encoder.blocks.1.cell_attention.log_sigma_sq	torch.Size([1])	cuda:0	True
2026-05-26 14:58:47,310 - INFO - condition_encoder.blocks.1.cell_attention.cell_blend	torch.Size([])	cuda:0	True
2026-05-26 14:58:47,310 - INFO - condition_encoder.blocks.1.cell_attention.band_center	torch.Size([])	cuda:0	True
2026-05-26 14:58:47,310 - INFO - condition_encoder.blocks.1.cell_attention.band_width_raw	torch.Size([])	cuda:0	True
2026-05-26 14:58:47,310 - INFO - condition_encoder.blocks.1.cell_attention.cell_transform.weight	torch.Size([64, 64])	cuda:0	True
2026-05-26 14:58:47,310 - INFO - condition_encoder.blocks.1.cell_attention.cell_transform.bias	torch.Size([64])	cuda:0	True
2026-05-26 14:58:47,310 - INFO - condition_encoder.blocks.1.cell_attention.output_projection.weight	torch.Size([64, 64])	cuda:0	True
2026-05-26 14:58:47,310 - INFO - condition_encoder.blocks.1.cell_attention.output_projection.bias	torch.Size([64])	cuda:0	True
2026-05-26 14:58:47,310 - INFO - condition_encoder.blocks.1.cell_attention.region_transformer.self_attn.query_projection.weight	torch.Size([64, 64])	cuda:0	True
2026-05-26 14:58:47,310 - INFO - condition_encoder.blocks.1.cell_attention.region_transformer.self_attn.query_projection.bias	torch.Size([64])	cuda:0	True
2026-05-26 14:58:47,310 - INFO - condition_encoder.blocks.1.cell_attention.region_transformer.self_attn.key_projection.weight	torch.Size([64, 64])	cuda:0	True
2026-05-26 14:58:47,310 - INFO - condition_encoder.blocks.1.cell_attention.region_transformer.self_attn.key_projection.bias	torch.Size([64])	cuda:0	True
2026-05-26 14:58:47,310 - INFO - condition_encoder.blocks.1.cell_attention.region_transformer.self_attn.value_projection.weight	torch.Size([64, 64])	cuda:0	True
2026-05-26 14:58:47,310 - INFO - condition_encoder.blocks.1.cell_attention.region_transformer.self_attn.value_projection.bias	torch.Size([64])	cuda:0	True
2026-05-26 14:58:47,310 - INFO - condition_encoder.blocks.1.cell_attention.region_transformer.self_attn.output_projection.weight	torch.Size([64, 64])	cuda:0	True
2026-05-26 14:58:47,310 - INFO - condition_encoder.blocks.1.cell_attention.region_transformer.self_attn.output_projection.bias	torch.Size([64])	cuda:0	True
2026-05-26 14:58:47,310 - INFO - condition_encoder.blocks.1.cell_attention.region_transformer.ffn.network.0.weight	torch.Size([128, 64])	cuda:0	True
2026-05-26 14:58:47,310 - INFO - condition_encoder.blocks.1.cell_attention.region_transformer.ffn.network.0.bias	torch.Size([128])	cuda:0	True
2026-05-26 14:58:47,310 - INFO - condition_encoder.blocks.1.cell_attention.region_transformer.ffn.network.3.weight	torch.Size([64, 128])	cuda:0	True
2026-05-26 14:58:47,310 - INFO - condition_encoder.blocks.1.cell_attention.region_transformer.ffn.network.3.bias	torch.Size([64])	cuda:0	True
2026-05-26 14:58:47,312 - INFO - condition_encoder.blocks.1.cell_attention.region_transformer.norm1.weight	torch.Size([64])	cuda:0	True
2026-05-26 14:58:47,312 - INFO - condition_encoder.blocks.1.cell_attention.region_transformer.norm1.bias	torch.Size([64])	cuda:0	True
2026-05-26 14:58:47,312 - INFO - condition_encoder.blocks.1.cell_attention.region_transformer.norm2.weight	torch.Size([64])	cuda:0	True
2026-05-26 14:58:47,312 - INFO - condition_encoder.blocks.1.cell_attention.region_transformer.norm2.bias	torch.Size([64])	cuda:0	True
2026-05-26 14:58:47,312 - INFO - condition_encoder.blocks.1.cell_attention.fuzzy_to_cell.weight	torch.Size([8, 4])	cuda:0	True
2026-05-26 14:58:47,312 - INFO - condition_encoder.blocks.1.cell_attention.fuzzy_to_cell.bias	torch.Size([8])	cuda:0	True
2026-05-26 14:58:47,312 - INFO - condition_encoder.blocks.1.norm_cell.weight	torch.Size([64])	cuda:0	True
2026-05-26 14:58:47,312 - INFO - condition_encoder.blocks.1.norm_cell.bias	torch.Size([64])	cuda:0	True
2026-05-26 14:58:47,312 - INFO - condition_encoder.final_norm.weight	torch.Size([64])	cuda:0	True
2026-05-26 14:58:47,312 - INFO - condition_encoder.final_norm.bias	torch.Size([64])	cuda:0	True
2026-05-26 14:58:47,312 - INFO - future_decoder.future_queries	torch.Size([1, 12, 207, 64])	cuda:0	True
2026-05-26 14:58:47,312 - INFO - future_decoder.blocks.0.temporal_attention.query_projection.weight	torch.Size([64, 64])	cuda:0	True
2026-05-26 14:58:47,312 - INFO - future_decoder.blocks.0.temporal_attention.query_projection.bias	torch.Size([64])	cuda:0	True
2026-05-26 14:58:47,312 - INFO - future_decoder.blocks.0.temporal_attention.key_projection.weight	torch.Size([64, 64])	cuda:0	True
2026-05-26 14:58:47,312 - INFO - future_decoder.blocks.0.temporal_attention.key_projection.bias	torch.Size([64])	cuda:0	True
2026-05-26 14:58:47,312 - INFO - future_decoder.blocks.0.temporal_attention.value_projection.weight	torch.Size([64, 64])	cuda:0	True
2026-05-26 14:58:47,312 - INFO - future_decoder.blocks.0.temporal_attention.value_projection.bias	torch.Size([64])	cuda:0	True
2026-05-26 14:58:47,312 - INFO - future_decoder.blocks.0.temporal_attention.output_projection.weight	torch.Size([64, 64])	cuda:0	True
2026-05-26 14:58:47,312 - INFO - future_decoder.blocks.0.temporal_attention.output_projection.bias	torch.Size([64])	cuda:0	True
2026-05-26 14:58:47,312 - INFO - future_decoder.blocks.0.graph_convolution.projections.0.weight	torch.Size([64, 64])	cuda:0	True
2026-05-26 14:58:47,312 - INFO - future_decoder.blocks.0.graph_convolution.projections.0.bias	torch.Size([64])	cuda:0	True
2026-05-26 14:58:47,312 - INFO - future_decoder.blocks.0.graph_convolution.projections.1.weight	torch.Size([64, 64])	cuda:0	True
2026-05-26 14:58:47,312 - INFO - future_decoder.blocks.0.graph_convolution.projections.1.bias	torch.Size([64])	cuda:0	True
2026-05-26 14:58:47,312 - INFO - future_decoder.blocks.0.graph_convolution.projections.2.weight	torch.Size([64, 64])	cuda:0	True
2026-05-26 14:58:47,312 - INFO - future_decoder.blocks.0.graph_convolution.projections.2.bias	torch.Size([64])	cuda:0	True
2026-05-26 14:58:47,312 - INFO - future_decoder.blocks.0.cross_attention.query_projection.weight	torch.Size([64, 64])	cuda:0	True
2026-05-26 14:58:47,312 - INFO - future_decoder.blocks.0.cross_attention.query_projection.bias	torch.Size([64])	cuda:0	True
2026-05-26 14:58:47,312 - INFO - future_decoder.blocks.0.cross_attention.key_projection.weight	torch.Size([64, 64])	cuda:0	True
2026-05-26 14:58:47,312 - INFO - future_decoder.blocks.0.cross_attention.key_projection.bias	torch.Size([64])	cuda:0	True
2026-05-26 14:58:47,312 - INFO - future_decoder.blocks.0.cross_attention.value_projection.weight	torch.Size([64, 64])	cuda:0	True
2026-05-26 14:58:47,312 - INFO - future_decoder.blocks.0.cross_attention.value_projection.bias	torch.Size([64])	cuda:0	True
2026-05-26 14:58:47,312 - INFO - future_decoder.blocks.0.cross_attention.output_projection.weight	torch.Size([64, 64])	cuda:0	True
2026-05-26 14:58:47,312 - INFO - future_decoder.blocks.0.cross_attention.output_projection.bias	torch.Size([64])	cuda:0	True
2026-05-26 14:58:47,312 - INFO - future_decoder.blocks.0.feed_forward.network.0.weight	torch.Size([128, 64])	cuda:0	True
2026-05-26 14:58:47,312 - INFO - future_decoder.blocks.0.feed_forward.network.0.bias	torch.Size([128])	cuda:0	True
2026-05-26 14:58:47,312 - INFO - future_decoder.blocks.0.feed_forward.network.3.weight	torch.Size([64, 128])	cuda:0	True
2026-05-26 14:58:47,312 - INFO - future_decoder.blocks.0.feed_forward.network.3.bias	torch.Size([64])	cuda:0	True
2026-05-26 14:58:47,312 - INFO - future_decoder.blocks.0.norm_temporal.weight	torch.Size([64])	cuda:0	True
2026-05-26 14:58:47,312 - INFO - future_decoder.blocks.0.norm_temporal.bias	torch.Size([64])	cuda:0	True
2026-05-26 14:58:47,313 - INFO - future_decoder.blocks.0.norm_graph.weight	torch.Size([64])	cuda:0	True
2026-05-26 14:58:47,313 - INFO - future_decoder.blocks.0.norm_graph.bias	torch.Size([64])	cuda:0	True
2026-05-26 14:58:47,313 - INFO - future_decoder.blocks.0.norm_cross.weight	torch.Size([64])	cuda:0	True
2026-05-26 14:58:47,313 - INFO - future_decoder.blocks.0.norm_cross.bias	torch.Size([64])	cuda:0	True
2026-05-26 14:58:47,313 - INFO - future_decoder.blocks.0.norm_ffn.weight	torch.Size([64])	cuda:0	True
2026-05-26 14:58:47,313 - INFO - future_decoder.blocks.0.norm_ffn.bias	torch.Size([64])	cuda:0	True
2026-05-26 14:58:47,313 - INFO - future_decoder.blocks.0.cell_attention.centers	torch.Size([8, 64])	cuda:0	True
2026-05-26 14:58:47,313 - INFO - future_decoder.blocks.0.cell_attention.log_sigma_sq	torch.Size([1])	cuda:0	True
2026-05-26 14:58:47,313 - INFO - future_decoder.blocks.0.cell_attention.cell_blend	torch.Size([])	cuda:0	True
2026-05-26 14:58:47,313 - INFO - future_decoder.blocks.0.cell_attention.band_center	torch.Size([])	cuda:0	True
2026-05-26 14:58:47,313 - INFO - future_decoder.blocks.0.cell_attention.band_width_raw	torch.Size([])	cuda:0	True
2026-05-26 14:58:47,313 - INFO - future_decoder.blocks.0.cell_attention.cell_transform.weight	torch.Size([64, 64])	cuda:0	True
2026-05-26 14:58:47,313 - INFO - future_decoder.blocks.0.cell_attention.cell_transform.bias	torch.Size([64])	cuda:0	True
2026-05-26 14:58:47,313 - INFO - future_decoder.blocks.0.cell_attention.output_projection.weight	torch.Size([64, 64])	cuda:0	True
2026-05-26 14:58:47,313 - INFO - future_decoder.blocks.0.cell_attention.output_projection.bias	torch.Size([64])	cuda:0	True
2026-05-26 14:58:47,313 - INFO - future_decoder.blocks.0.cell_attention.region_transformer.self_attn.query_projection.weight	torch.Size([64, 64])	cuda:0	True
2026-05-26 14:58:47,313 - INFO - future_decoder.blocks.0.cell_attention.region_transformer.self_attn.query_projection.bias	torch.Size([64])	cuda:0	True
2026-05-26 14:58:47,313 - INFO - future_decoder.blocks.0.cell_attention.region_transformer.self_attn.key_projection.weight	torch.Size([64, 64])	cuda:0	True
2026-05-26 14:58:47,313 - INFO - future_decoder.blocks.0.cell_attention.region_transformer.self_attn.key_projection.bias	torch.Size([64])	cuda:0	True
2026-05-26 14:58:47,313 - INFO - future_decoder.blocks.0.cell_attention.region_transformer.self_attn.value_projection.weight	torch.Size([64, 64])	cuda:0	True
2026-05-26 14:58:47,313 - INFO - future_decoder.blocks.0.cell_attention.region_transformer.self_attn.value_projection.bias	torch.Size([64])	cuda:0	True
2026-05-26 14:58:47,313 - INFO - future_decoder.blocks.0.cell_attention.region_transformer.self_attn.output_projection.weight	torch.Size([64, 64])	cuda:0	True
2026-05-26 14:58:47,313 - INFO - future_decoder.blocks.0.cell_attention.region_transformer.self_attn.output_projection.bias	torch.Size([64])	cuda:0	True
2026-05-26 14:58:47,313 - INFO - future_decoder.blocks.0.cell_attention.region_transformer.ffn.network.0.weight	torch.Size([128, 64])	cuda:0	True
2026-05-26 14:58:47,313 - INFO - future_decoder.blocks.0.cell_attention.region_transformer.ffn.network.0.bias	torch.Size([128])	cuda:0	True
2026-05-26 14:58:47,313 - INFO - future_decoder.blocks.0.cell_attention.region_transformer.ffn.network.3.weight	torch.Size([64, 128])	cuda:0	True
2026-05-26 14:58:47,313 - INFO - future_decoder.blocks.0.cell_attention.region_transformer.ffn.network.3.bias	torch.Size([64])	cuda:0	True
2026-05-26 14:58:47,313 - INFO - future_decoder.blocks.0.cell_attention.region_transformer.norm1.weight	torch.Size([64])	cuda:0	True
2026-05-26 14:58:47,313 - INFO - future_decoder.blocks.0.cell_attention.region_transformer.norm1.bias	torch.Size([64])	cuda:0	True
2026-05-26 14:58:47,313 - INFO - future_decoder.blocks.0.cell_attention.region_transformer.norm2.weight	torch.Size([64])	cuda:0	True
2026-05-26 14:58:47,313 - INFO - future_decoder.blocks.0.cell_attention.region_transformer.norm2.bias	torch.Size([64])	cuda:0	True
2026-05-26 14:58:47,313 - INFO - future_decoder.blocks.0.cell_attention.fuzzy_to_cell.weight	torch.Size([8, 4])	cuda:0	True
2026-05-26 14:58:47,313 - INFO - future_decoder.blocks.0.cell_attention.fuzzy_to_cell.bias	torch.Size([8])	cuda:0	True
2026-05-26 14:58:47,313 - INFO - future_decoder.blocks.0.norm_cell.weight	torch.Size([64])	cuda:0	True
2026-05-26 14:58:47,313 - INFO - future_decoder.blocks.0.norm_cell.bias	torch.Size([64])	cuda:0	True
2026-05-26 14:58:47,313 - INFO - future_decoder.blocks.1.temporal_attention.query_projection.weight	torch.Size([64, 64])	cuda:0	True
2026-05-26 14:58:47,313 - INFO - future_decoder.blocks.1.temporal_attention.query_projection.bias	torch.Size([64])	cuda:0	True
2026-05-26 14:58:47,313 - INFO - future_decoder.blocks.1.temporal_attention.key_projection.weight	torch.Size([64, 64])	cuda:0	True
2026-05-26 14:58:47,313 - INFO - future_decoder.blocks.1.temporal_attention.key_projection.bias	torch.Size([64])	cuda:0	True
2026-05-26 14:58:47,313 - INFO - future_decoder.blocks.1.temporal_attention.value_projection.weight	torch.Size([64, 64])	cuda:0	True
2026-05-26 14:58:47,313 - INFO - future_decoder.blocks.1.temporal_attention.value_projection.bias	torch.Size([64])	cuda:0	True
2026-05-26 14:58:47,313 - INFO - future_decoder.blocks.1.temporal_attention.output_projection.weight	torch.Size([64, 64])	cuda:0	True
2026-05-26 14:58:47,313 - INFO - future_decoder.blocks.1.temporal_attention.output_projection.bias	torch.Size([64])	cuda:0	True
2026-05-26 14:58:47,313 - INFO - future_decoder.blocks.1.graph_convolution.projections.0.weight	torch.Size([64, 64])	cuda:0	True
2026-05-26 14:58:47,313 - INFO - future_decoder.blocks.1.graph_convolution.projections.0.bias	torch.Size([64])	cuda:0	True
2026-05-26 14:58:47,313 - INFO - future_decoder.blocks.1.graph_convolution.projections.1.weight	torch.Size([64, 64])	cuda:0	True
2026-05-26 14:58:47,313 - INFO - future_decoder.blocks.1.graph_convolution.projections.1.bias	torch.Size([64])	cuda:0	True
2026-05-26 14:58:47,313 - INFO - future_decoder.blocks.1.graph_convolution.projections.2.weight	torch.Size([64, 64])	cuda:0	True
2026-05-26 14:58:47,313 - INFO - future_decoder.blocks.1.graph_convolution.projections.2.bias	torch.Size([64])	cuda:0	True
2026-05-26 14:58:47,315 - INFO - future_decoder.blocks.1.cross_attention.query_projection.weight	torch.Size([64, 64])	cuda:0	True
2026-05-26 14:58:47,315 - INFO - future_decoder.blocks.1.cross_attention.query_projection.bias	torch.Size([64])	cuda:0	True
2026-05-26 14:58:47,315 - INFO - future_decoder.blocks.1.cross_attention.key_projection.weight	torch.Size([64, 64])	cuda:0	True
2026-05-26 14:58:47,315 - INFO - future_decoder.blocks.1.cross_attention.key_projection.bias	torch.Size([64])	cuda:0	True
2026-05-26 14:58:47,315 - INFO - future_decoder.blocks.1.cross_attention.value_projection.weight	torch.Size([64, 64])	cuda:0	True
2026-05-26 14:58:47,315 - INFO - future_decoder.blocks.1.cross_attention.value_projection.bias	torch.Size([64])	cuda:0	True
2026-05-26 14:58:47,315 - INFO - future_decoder.blocks.1.cross_attention.output_projection.weight	torch.Size([64, 64])	cuda:0	True
2026-05-26 14:58:47,315 - INFO - future_decoder.blocks.1.cross_attention.output_projection.bias	torch.Size([64])	cuda:0	True
2026-05-26 14:58:47,315 - INFO - future_decoder.blocks.1.feed_forward.network.0.weight	torch.Size([128, 64])	cuda:0	True
2026-05-26 14:58:47,315 - INFO - future_decoder.blocks.1.feed_forward.network.0.bias	torch.Size([128])	cuda:0	True
2026-05-26 14:58:47,315 - INFO - future_decoder.blocks.1.feed_forward.network.3.weight	torch.Size([64, 128])	cuda:0	True
2026-05-26 14:58:47,315 - INFO - future_decoder.blocks.1.feed_forward.network.3.bias	torch.Size([64])	cuda:0	True
2026-05-26 14:58:47,315 - INFO - future_decoder.blocks.1.norm_temporal.weight	torch.Size([64])	cuda:0	True
2026-05-26 14:58:47,315 - INFO - future_decoder.blocks.1.norm_temporal.bias	torch.Size([64])	cuda:0	True
2026-05-26 14:58:47,315 - INFO - future_decoder.blocks.1.norm_graph.weight	torch.Size([64])	cuda:0	True
2026-05-26 14:58:47,315 - INFO - future_decoder.blocks.1.norm_graph.bias	torch.Size([64])	cuda:0	True
2026-05-26 14:58:47,315 - INFO - future_decoder.blocks.1.norm_cross.weight	torch.Size([64])	cuda:0	True
2026-05-26 14:58:47,315 - INFO - future_decoder.blocks.1.norm_cross.bias	torch.Size([64])	cuda:0	True
2026-05-26 14:58:47,315 - INFO - future_decoder.blocks.1.norm_ffn.weight	torch.Size([64])	cuda:0	True
2026-05-26 14:58:47,315 - INFO - future_decoder.blocks.1.norm_ffn.bias	torch.Size([64])	cuda:0	True
2026-05-26 14:58:47,315 - INFO - future_decoder.blocks.1.cell_attention.centers	torch.Size([8, 64])	cuda:0	True
2026-05-26 14:58:47,315 - INFO - future_decoder.blocks.1.cell_attention.log_sigma_sq	torch.Size([1])	cuda:0	True
2026-05-26 14:58:47,315 - INFO - future_decoder.blocks.1.cell_attention.cell_blend	torch.Size([])	cuda:0	True
2026-05-26 14:58:47,315 - INFO - future_decoder.blocks.1.cell_attention.band_center	torch.Size([])	cuda:0	True
2026-05-26 14:58:47,315 - INFO - future_decoder.blocks.1.cell_attention.band_width_raw	torch.Size([])	cuda:0	True
2026-05-26 14:58:47,315 - INFO - future_decoder.blocks.1.cell_attention.cell_transform.weight	torch.Size([64, 64])	cuda:0	True
2026-05-26 14:58:47,315 - INFO - future_decoder.blocks.1.cell_attention.cell_transform.bias	torch.Size([64])	cuda:0	True
2026-05-26 14:58:47,315 - INFO - future_decoder.blocks.1.cell_attention.output_projection.weight	torch.Size([64, 64])	cuda:0	True
2026-05-26 14:58:47,315 - INFO - future_decoder.blocks.1.cell_attention.output_projection.bias	torch.Size([64])	cuda:0	True
2026-05-26 14:58:47,315 - INFO - future_decoder.blocks.1.cell_attention.region_transformer.self_attn.query_projection.weight	torch.Size([64, 64])	cuda:0	True
2026-05-26 14:58:47,315 - INFO - future_decoder.blocks.1.cell_attention.region_transformer.self_attn.query_projection.bias	torch.Size([64])	cuda:0	True
2026-05-26 14:58:47,315 - INFO - future_decoder.blocks.1.cell_attention.region_transformer.self_attn.key_projection.weight	torch.Size([64, 64])	cuda:0	True
2026-05-26 14:58:47,315 - INFO - future_decoder.blocks.1.cell_attention.region_transformer.self_attn.key_projection.bias	torch.Size([64])	cuda:0	True
2026-05-26 14:58:47,315 - INFO - future_decoder.blocks.1.cell_attention.region_transformer.self_attn.value_projection.weight	torch.Size([64, 64])	cuda:0	True
2026-05-26 14:58:47,315 - INFO - future_decoder.blocks.1.cell_attention.region_transformer.self_attn.value_projection.bias	torch.Size([64])	cuda:0	True
2026-05-26 14:58:47,315 - INFO - future_decoder.blocks.1.cell_attention.region_transformer.self_attn.output_projection.weight	torch.Size([64, 64])	cuda:0	True
2026-05-26 14:58:47,315 - INFO - future_decoder.blocks.1.cell_attention.region_transformer.self_attn.output_projection.bias	torch.Size([64])	cuda:0	True
2026-05-26 14:58:47,315 - INFO - future_decoder.blocks.1.cell_attention.region_transformer.ffn.network.0.weight	torch.Size([128, 64])	cuda:0	True
2026-05-26 14:58:47,315 - INFO - future_decoder.blocks.1.cell_attention.region_transformer.ffn.network.0.bias	torch.Size([128])	cuda:0	True
2026-05-26 14:58:47,315 - INFO - future_decoder.blocks.1.cell_attention.region_transformer.ffn.network.3.weight	torch.Size([64, 128])	cuda:0	True
2026-05-26 14:58:47,315 - INFO - future_decoder.blocks.1.cell_attention.region_transformer.ffn.network.3.bias	torch.Size([64])	cuda:0	True
2026-05-26 14:58:47,315 - INFO - future_decoder.blocks.1.cell_attention.region_transformer.norm1.weight	torch.Size([64])	cuda:0	True
2026-05-26 14:58:47,315 - INFO - future_decoder.blocks.1.cell_attention.region_transformer.norm1.bias	torch.Size([64])	cuda:0	True
2026-05-26 14:58:47,316 - INFO - future_decoder.blocks.1.cell_attention.region_transformer.norm2.weight	torch.Size([64])	cuda:0	True
2026-05-26 14:58:47,316 - INFO - future_decoder.blocks.1.cell_attention.region_transformer.norm2.bias	torch.Size([64])	cuda:0	True
2026-05-26 14:58:47,316 - INFO - future_decoder.blocks.1.cell_attention.fuzzy_to_cell.weight	torch.Size([8, 4])	cuda:0	True
2026-05-26 14:58:47,316 - INFO - future_decoder.blocks.1.cell_attention.fuzzy_to_cell.bias	torch.Size([8])	cuda:0	True
2026-05-26 14:58:47,316 - INFO - future_decoder.blocks.1.norm_cell.weight	torch.Size([64])	cuda:0	True
2026-05-26 14:58:47,316 - INFO - future_decoder.blocks.1.norm_cell.bias	torch.Size([64])	cuda:0	True
2026-05-26 14:58:47,316 - INFO - future_decoder.final_norm.weight	torch.Size([64])	cuda:0	True
2026-05-26 14:58:47,316 - INFO - future_decoder.final_norm.bias	torch.Size([64])	cuda:0	True
2026-05-26 14:58:47,316 - INFO - future_decoder.output_projection.weight	torch.Size([1, 64])	cuda:0	True
2026-05-26 14:58:47,316 - INFO - future_decoder.output_projection.bias	torch.Size([1])	cuda:0	True
2026-05-26 14:58:47,316 - INFO - Total parameter numbers: 552402
2026-05-26 14:58:47,316 - INFO - You select `adamw` optimizer.
2026-05-26 14:58:48,266 - INFO - You select `reducelronplateau` lr_scheduler.
2026-05-26 14:58:48,266 - WARNING - Received none train loss func and will use the loss func defined in the model.
2026-05-26 14:58:48,266 - INFO - Start training ...
2026-05-26 14:58:48,266 - INFO - num_batches:1500
2026-05-26 15:00:18,851 - INFO - epoch complete!
2026-05-26 15:00:18,851 - INFO - evaluating now!
2026-05-26 15:00:22,972 - INFO - Epoch [0/1] train_loss: 0.6272, val_loss: 0.5554, lr: 0.000500, 94.70s
2026-05-26 15:00:23,035 - INFO - Saved model at 0
2026-05-26 15:00:23,035 - INFO - Val loss decrease from inf to 0.5554, saving to D:\a_code\A_Agent\projects\LibCity\outputs\20260526_145729__traffic_state_pred__final_new__METR_LA\model_cache/final_new_METR_LA_epoch0.tar
2026-05-26 15:00:23,035 - INFO - Trained totally 1 epochs, average train time is 90.585s, average eval time is 4.119s
2026-05-26 15:00:23,173 - INFO - Loaded model at 0
2026-05-26 15:00:23,174 - INFO - Saved model at D:\a_code\A_Agent\projects\LibCity\outputs\20260526_145729__traffic_state_pred__final_new__METR_LA\model_cache\final_new_METR_LA.m
2026-05-26 15:00:23,220 - INFO - Start evaluating ...
2026-05-26 15:00:35,229 - INFO - Note that you select the single mode to evaluate!
2026-05-26 15:00:35,235 - INFO - Evaluate result is saved at D:\a_code\A_Agent\projects\LibCity\outputs\20260526_145729__traffic_state_pred__final_new__METR_LA\evaluate_cache\2026_05_26_15_00_35_final_new_METR_LA.csv
2026-05-26 15:00:35,251 - INFO - 
          MAE      MAPE         MSE  ...  masked_RMSE        R2      EVAR
1   13.965894  0.281540  631.785156  ...    13.773771 -0.219583  0.056581
2   13.977725  0.281804  632.732605  ...    13.786558 -0.221380  0.055830
3   13.980116  0.281800  632.817383  ...    13.784700 -0.221535  0.055400
4   13.982331  0.281801  633.036743  ...    13.784411 -0.221889  0.054964
5   13.991701  0.281969  633.384033  ...    13.788889 -0.222568  0.054276
6   13.990927  0.281904  633.580322  ...    13.786663 -0.223003  0.054086
7   13.993112  0.281904  633.878479  ...    13.787107 -0.223471  0.053623
8   13.995629  0.281902  634.022705  ...    13.785687 -0.223729  0.053162
9   13.999859  0.281946  634.317749  ...    13.786731 -0.224248  0.052660
10  14.002766  0.281962  634.589355  ...    13.787189 -0.224708  0.052194
11  14.006181  0.281989  634.808167  ...    13.787596 -0.225088  0.051762
12  14.008162  0.282018  635.332397  ...    13.791539 -0.226069  0.051419

[12 rows x 10 columns]
