2026-05-25 16:35:07,966 - INFO - Log directory: /home/lizhuoxuan/lzq/Bigscity-LibCity-master/outputs/20260525_163507__traffic_state_pred__new_fuzzy_3__PEMSD4/logs
2026-05-25 16:35:20,295 - INFO - Enable AMP training (dtype=bfloat16).
2026-05-25 16:35:20,295 - INFO - You select `adamw` optimizer.
2026-05-25 16:35:20,296 - INFO - You select `reducelronplateau` lr_scheduler.
2026-05-25 16:35:20,296 - WARNING - Received none train loss func and will use the loss func defined in the model.
2026-05-25 16:35:20,296 - INFO - Start training ...
2026-05-25 16:35:20,296 - INFO - num_batches:40
2026-05-25 16:35:26,585 - INFO - epoch complete!
2026-05-25 16:35:26,585 - INFO - evaluating now!
2026-05-25 16:35:27,143 - INFO - Epoch [0/30] train_loss: 9.1239, val_loss: 8.6921, lr: 0.000500, 6.85s
2026-05-25 16:35:27,179 - INFO - Saved model at 0
2026-05-25 16:35:27,179 - INFO - Val loss decrease from inf to 8.6921, saving to /home/lizhuoxuan/lzq/Bigscity-LibCity-master/outputs/20260525_163507__traffic_state_pred__new_fuzzy_3__PEMSD4/model_cache/new_fuzzy_3_PEMSD4_epoch0.tar
2026-05-25 16:35:32,707 - INFO - epoch complete!
2026-05-25 16:35:32,707 - INFO - evaluating now!
2026-05-25 16:35:33,257 - INFO - Epoch [1/30] train_loss: 8.7842, val_loss: 8.7114, lr: 0.000500, 6.08s
2026-05-25 16:35:38,627 - INFO - epoch complete!
2026-05-25 16:35:38,628 - INFO - evaluating now!
2026-05-25 16:35:39,179 - INFO - Epoch [2/30] train_loss: 8.6563, val_loss: 8.8275, lr: 0.000500, 5.92s
2026-05-25 16:35:44,591 - INFO - epoch complete!
2026-05-25 16:35:44,591 - INFO - evaluating now!
2026-05-25 16:35:45,205 - INFO - Epoch [3/30] train_loss: 6.8107, val_loss: 5.4165, lr: 0.000500, 6.03s
2026-05-25 16:35:45,238 - INFO - Saved model at 3
2026-05-25 16:35:45,238 - INFO - Val loss decrease from 8.6921 to 5.4165, saving to /home/lizhuoxuan/lzq/Bigscity-LibCity-master/outputs/20260525_163507__traffic_state_pred__new_fuzzy_3__PEMSD4/model_cache/new_fuzzy_3_PEMSD4_epoch3.tar
2026-05-25 16:35:50,589 - INFO - epoch complete!
2026-05-25 16:35:50,590 - INFO - evaluating now!
2026-05-25 16:35:51,143 - INFO - Epoch [4/30] train_loss: 5.0005, val_loss: 4.3064, lr: 0.000500, 5.90s
2026-05-25 16:35:51,177 - INFO - Saved model at 4
2026-05-25 16:35:51,177 - INFO - Val loss decrease from 5.4165 to 4.3064, saving to /home/lizhuoxuan/lzq/Bigscity-LibCity-master/outputs/20260525_163507__traffic_state_pred__new_fuzzy_3__PEMSD4/model_cache/new_fuzzy_3_PEMSD4_epoch4.tar
2026-05-25 16:35:56,609 - INFO - epoch complete!
2026-05-25 16:35:56,609 - INFO - evaluating now!
2026-05-25 16:35:57,132 - INFO - Epoch [5/30] train_loss: 4.3177, val_loss: 3.8833, lr: 0.000500, 5.95s
2026-05-25 16:35:57,166 - INFO - Saved model at 5
2026-05-25 16:35:57,166 - INFO - Val loss decrease from 4.3064 to 3.8833, saving to /home/lizhuoxuan/lzq/Bigscity-LibCity-master/outputs/20260525_163507__traffic_state_pred__new_fuzzy_3__PEMSD4/model_cache/new_fuzzy_3_PEMSD4_epoch5.tar
2026-05-25 16:36:02,573 - INFO - epoch complete!
2026-05-25 16:36:02,574 - INFO - evaluating now!
2026-05-25 16:36:03,123 - INFO - Epoch [6/30] train_loss: 3.8935, val_loss: 3.5709, lr: 0.000500, 5.96s
2026-05-25 16:36:03,156 - INFO - Saved model at 6
2026-05-25 16:36:03,156 - INFO - Val loss decrease from 3.8833 to 3.5709, saving to /home/lizhuoxuan/lzq/Bigscity-LibCity-master/outputs/20260525_163507__traffic_state_pred__new_fuzzy_3__PEMSD4/model_cache/new_fuzzy_3_PEMSD4_epoch6.tar
2026-05-25 16:36:08,607 - INFO - epoch complete!
2026-05-25 16:36:08,607 - INFO - evaluating now!
2026-05-25 16:36:09,151 - INFO - Epoch [7/30] train_loss: 3.4760, val_loss: 2.9682, lr: 0.000500, 5.99s
2026-05-25 16:36:09,184 - INFO - Saved model at 7
2026-05-25 16:36:09,185 - INFO - Val loss decrease from 3.5709 to 2.9682, saving to /home/lizhuoxuan/lzq/Bigscity-LibCity-master/outputs/20260525_163507__traffic_state_pred__new_fuzzy_3__PEMSD4/model_cache/new_fuzzy_3_PEMSD4_epoch7.tar
2026-05-25 16:36:14,634 - INFO - epoch complete!
2026-05-25 16:36:14,634 - INFO - evaluating now!
2026-05-25 16:36:15,179 - INFO - Epoch [8/30] train_loss: 3.2295, val_loss: 2.8657, lr: 0.000500, 5.99s
2026-05-25 16:36:15,213 - INFO - Saved model at 8
2026-05-25 16:36:15,213 - INFO - Val loss decrease from 2.9682 to 2.8657, saving to /home/lizhuoxuan/lzq/Bigscity-LibCity-master/outputs/20260525_163507__traffic_state_pred__new_fuzzy_3__PEMSD4/model_cache/new_fuzzy_3_PEMSD4_epoch8.tar
2026-05-25 16:36:20,578 - INFO - epoch complete!
2026-05-25 16:36:20,578 - INFO - evaluating now!
2026-05-25 16:36:21,121 - INFO - Epoch [9/30] train_loss: 3.0184, val_loss: 2.7962, lr: 0.000500, 5.91s
2026-05-25 16:36:21,155 - INFO - Saved model at 9
2026-05-25 16:36:21,155 - INFO - Val loss decrease from 2.8657 to 2.7962, saving to /home/lizhuoxuan/lzq/Bigscity-LibCity-master/outputs/20260525_163507__traffic_state_pred__new_fuzzy_3__PEMSD4/model_cache/new_fuzzy_3_PEMSD4_epoch9.tar
2026-05-25 16:36:26,512 - INFO - epoch complete!
2026-05-25 16:36:26,512 - INFO - evaluating now!
2026-05-25 16:36:27,052 - INFO - Epoch [10/30] train_loss: 2.8223, val_loss: 2.4051, lr: 0.000500, 5.90s
2026-05-25 16:36:27,105 - INFO - Saved model at 10
2026-05-25 16:36:27,105 - INFO - Val loss decrease from 2.7962 to 2.4051, saving to /home/lizhuoxuan/lzq/Bigscity-LibCity-master/outputs/20260525_163507__traffic_state_pred__new_fuzzy_3__PEMSD4/model_cache/new_fuzzy_3_PEMSD4_epoch10.tar
2026-05-25 16:36:32,475 - INFO - epoch complete!
2026-05-25 16:36:32,475 - INFO - evaluating now!
2026-05-25 16:36:33,021 - INFO - Epoch [11/30] train_loss: 2.6975, val_loss: 2.4261, lr: 0.000500, 5.92s
2026-05-25 16:36:38,337 - INFO - epoch complete!
2026-05-25 16:36:38,337 - INFO - evaluating now!
2026-05-25 16:36:38,878 - INFO - Epoch [12/30] train_loss: 2.6786, val_loss: 2.1816, lr: 0.000500, 5.86s
2026-05-25 16:36:38,911 - INFO - Saved model at 12
2026-05-25 16:36:38,911 - INFO - Val loss decrease from 2.4051 to 2.1816, saving to /home/lizhuoxuan/lzq/Bigscity-LibCity-master/outputs/20260525_163507__traffic_state_pred__new_fuzzy_3__PEMSD4/model_cache/new_fuzzy_3_PEMSD4_epoch12.tar
2026-05-25 16:36:44,365 - INFO - epoch complete!
2026-05-25 16:36:44,365 - INFO - evaluating now!
2026-05-25 16:36:44,918 - INFO - Epoch [13/30] train_loss: 2.6256, val_loss: 2.1709, lr: 0.000500, 6.01s
2026-05-25 16:36:44,952 - INFO - Saved model at 13
2026-05-25 16:36:44,952 - INFO - Val loss decrease from 2.1816 to 2.1709, saving to /home/lizhuoxuan/lzq/Bigscity-LibCity-master/outputs/20260525_163507__traffic_state_pred__new_fuzzy_3__PEMSD4/model_cache/new_fuzzy_3_PEMSD4_epoch13.tar
2026-05-25 16:36:50,264 - INFO - epoch complete!
2026-05-25 16:36:50,265 - INFO - evaluating now!
2026-05-25 16:36:50,820 - INFO - Epoch [14/30] train_loss: 2.3953, val_loss: 2.2731, lr: 0.000500, 5.87s
2026-05-25 16:36:56,239 - INFO - epoch complete!
2026-05-25 16:36:56,240 - INFO - evaluating now!
2026-05-25 16:36:56,727 - INFO - Epoch [15/30] train_loss: 2.3761, val_loss: 2.0773, lr: 0.000500, 5.91s
2026-05-25 16:36:56,761 - INFO - Saved model at 15
2026-05-25 16:36:56,761 - INFO - Val loss decrease from 2.1709 to 2.0773, saving to /home/lizhuoxuan/lzq/Bigscity-LibCity-master/outputs/20260525_163507__traffic_state_pred__new_fuzzy_3__PEMSD4/model_cache/new_fuzzy_3_PEMSD4_epoch15.tar
2026-05-25 16:37:02,084 - INFO - epoch complete!
2026-05-25 16:37:02,084 - INFO - evaluating now!
2026-05-25 16:37:02,632 - INFO - Epoch [16/30] train_loss: 2.3990, val_loss: 2.2630, lr: 0.000500, 5.87s
2026-05-25 16:37:07,960 - INFO - epoch complete!
2026-05-25 16:37:07,961 - INFO - evaluating now!
2026-05-25 16:37:08,507 - INFO - Epoch [17/30] train_loss: 2.2741, val_loss: 2.0492, lr: 0.000500, 5.87s
2026-05-25 16:37:08,541 - INFO - Saved model at 17
2026-05-25 16:37:08,541 - INFO - Val loss decrease from 2.0773 to 2.0492, saving to /home/lizhuoxuan/lzq/Bigscity-LibCity-master/outputs/20260525_163507__traffic_state_pred__new_fuzzy_3__PEMSD4/model_cache/new_fuzzy_3_PEMSD4_epoch17.tar
2026-05-25 16:37:13,995 - INFO - epoch complete!
2026-05-25 16:37:13,995 - INFO - evaluating now!
2026-05-25 16:37:14,542 - INFO - Epoch [18/30] train_loss: 2.1999, val_loss: 2.0518, lr: 0.000500, 6.00s
2026-05-25 16:37:19,873 - INFO - epoch complete!
2026-05-25 16:37:19,874 - INFO - evaluating now!
2026-05-25 16:37:20,427 - INFO - Epoch [19/30] train_loss: 2.2462, val_loss: 1.9958, lr: 0.000500, 5.88s
2026-05-25 16:37:20,462 - INFO - Saved model at 19
2026-05-25 16:37:20,462 - INFO - Val loss decrease from 2.0492 to 1.9958, saving to /home/lizhuoxuan/lzq/Bigscity-LibCity-master/outputs/20260525_163507__traffic_state_pred__new_fuzzy_3__PEMSD4/model_cache/new_fuzzy_3_PEMSD4_epoch19.tar
2026-05-25 16:37:25,982 - INFO - epoch complete!
2026-05-25 16:37:25,982 - INFO - evaluating now!
2026-05-25 16:37:26,500 - INFO - Epoch [20/30] train_loss: 2.1589, val_loss: 1.9481, lr: 0.000500, 6.04s
2026-05-25 16:37:26,557 - INFO - Saved model at 20
2026-05-25 16:37:26,558 - INFO - Val loss decrease from 1.9958 to 1.9481, saving to /home/lizhuoxuan/lzq/Bigscity-LibCity-master/outputs/20260525_163507__traffic_state_pred__new_fuzzy_3__PEMSD4/model_cache/new_fuzzy_3_PEMSD4_epoch20.tar
2026-05-25 16:37:31,915 - INFO - epoch complete!
2026-05-25 16:37:31,915 - INFO - evaluating now!
2026-05-25 16:37:32,467 - INFO - Epoch [21/30] train_loss: 2.2128, val_loss: 1.8727, lr: 0.000500, 5.91s
2026-05-25 16:37:32,501 - INFO - Saved model at 21
2026-05-25 16:37:32,501 - INFO - Val loss decrease from 1.9481 to 1.8727, saving to /home/lizhuoxuan/lzq/Bigscity-LibCity-master/outputs/20260525_163507__traffic_state_pred__new_fuzzy_3__PEMSD4/model_cache/new_fuzzy_3_PEMSD4_epoch21.tar
2026-05-25 16:37:38,042 - INFO - epoch complete!
2026-05-25 16:37:38,043 - INFO - evaluating now!
2026-05-25 16:37:38,597 - INFO - Epoch [22/30] train_loss: 2.0871, val_loss: 1.8953, lr: 0.000500, 6.10s
2026-05-25 16:37:43,963 - INFO - epoch complete!
2026-05-25 16:37:43,964 - INFO - evaluating now!
2026-05-25 16:37:44,519 - INFO - Epoch [23/30] train_loss: 2.0432, val_loss: 1.8691, lr: 0.000500, 5.92s
2026-05-25 16:37:44,553 - INFO - Saved model at 23
2026-05-25 16:37:44,553 - INFO - Val loss decrease from 1.8727 to 1.8691, saving to /home/lizhuoxuan/lzq/Bigscity-LibCity-master/outputs/20260525_163507__traffic_state_pred__new_fuzzy_3__PEMSD4/model_cache/new_fuzzy_3_PEMSD4_epoch23.tar
2026-05-25 16:37:50,104 - INFO - epoch complete!
2026-05-25 16:37:50,104 - INFO - evaluating now!
2026-05-25 16:37:50,664 - INFO - Epoch [24/30] train_loss: 2.0837, val_loss: 1.8449, lr: 0.000500, 6.11s
2026-05-25 16:37:50,698 - INFO - Saved model at 24
2026-05-25 16:37:50,699 - INFO - Val loss decrease from 1.8691 to 1.8449, saving to /home/lizhuoxuan/lzq/Bigscity-LibCity-master/outputs/20260525_163507__traffic_state_pred__new_fuzzy_3__PEMSD4/model_cache/new_fuzzy_3_PEMSD4_epoch24.tar
2026-05-25 16:37:56,107 - INFO - epoch complete!
2026-05-25 16:37:56,108 - INFO - evaluating now!
2026-05-25 16:37:56,596 - INFO - Epoch [25/30] train_loss: 2.0670, val_loss: 1.7808, lr: 0.000500, 5.90s
2026-05-25 16:37:56,673 - INFO - Saved model at 25
2026-05-25 16:37:56,673 - INFO - Val loss decrease from 1.8449 to 1.7808, saving to /home/lizhuoxuan/lzq/Bigscity-LibCity-master/outputs/20260525_163507__traffic_state_pred__new_fuzzy_3__PEMSD4/model_cache/new_fuzzy_3_PEMSD4_epoch25.tar
2026-05-25 16:38:01,368 - INFO - epoch complete!
2026-05-25 16:38:01,368 - INFO - evaluating now!
2026-05-25 16:38:01,836 - INFO - Epoch [26/30] train_loss: 2.0928, val_loss: 1.7640, lr: 0.000500, 5.16s
2026-05-25 16:38:01,870 - INFO - Saved model at 26
2026-05-25 16:38:01,870 - INFO - Val loss decrease from 1.7808 to 1.7640, saving to /home/lizhuoxuan/lzq/Bigscity-LibCity-master/outputs/20260525_163507__traffic_state_pred__new_fuzzy_3__PEMSD4/model_cache/new_fuzzy_3_PEMSD4_epoch26.tar
2026-05-25 16:38:06,567 - INFO - epoch complete!
2026-05-25 16:38:06,567 - INFO - evaluating now!
2026-05-25 16:38:07,039 - INFO - Epoch [27/30] train_loss: 2.0516, val_loss: 1.7776, lr: 0.000500, 5.17s
2026-05-25 16:38:11,792 - INFO - epoch complete!
2026-05-25 16:38:11,793 - INFO - evaluating now!
2026-05-25 16:38:12,284 - INFO - Epoch [28/30] train_loss: 1.9688, val_loss: 1.7071, lr: 0.000500, 5.24s
2026-05-25 16:38:12,330 - INFO - Saved model at 28
2026-05-25 16:38:12,330 - INFO - Val loss decrease from 1.7640 to 1.7071, saving to /home/lizhuoxuan/lzq/Bigscity-LibCity-master/outputs/20260525_163507__traffic_state_pred__new_fuzzy_3__PEMSD4/model_cache/new_fuzzy_3_PEMSD4_epoch28.tar
2026-05-25 16:38:17,194 - INFO - epoch complete!
2026-05-25 16:38:17,194 - INFO - evaluating now!
2026-05-25 16:38:17,676 - INFO - Epoch [29/30] train_loss: 1.9326, val_loss: 1.8492, lr: 0.000500, 5.35s
2026-05-25 16:38:17,676 - INFO - Trained totally 30 epochs, average train time is 5.349s, average eval time is 0.536s
2026-05-25 16:38:17,769 - INFO - Loaded model at 28
2026-05-25 16:38:17,769 - INFO - Start evaluating ...
