2026-05-06 22:25:41,035 - INFO - Log directory: /home/lizhuoxuan/lzq/Bigscity-LibCity-master/outputs/20260506_222541__traffic_state_pred__new_diffusion_fuzzy__PEMSD4/logs
2026-05-06 22:25:41,035 - INFO - Begin artifact training pipeline, task=traffic_state_pred, model_name=new_diffusion_fuzzy, dataset_name=PEMSD4, exp_id=20260506_222541__traffic_state_pred__new_diffusion_fuzzy__PEMSD4
2026-05-06 22:25:41,035 - INFO - {'task': 'traffic_state_pred', 'model': 'new_diffusion_fuzzy', 'dataset': 'PEMSD4', 'saved_model': True, 'train': True, 'seed': 0, 'dist_backend': 'nccl', 'scale_lr': True, 'train_rate': 0.6, 'eval_rate': 0.2, 'batch_size': 64, 'learning_rate': 0.0012, 'max_epoch': 3, 'executor': 'TrafficStateExecutor', 'evaluator': 'TrafficStateEvaluator', 'adaptive_graph_blend_init': 0.5, 'adaptive_graph_embed_dim': 32, 'adaptive_graph_topk': 12, 'amp_dtype': 'float16', 'beta_end': 0.02, 'beta_start': 0.0001, 'calculate_weight_adj': False, 'data_col': ['traffic_flow', 'traffic_occupancy', 'traffic_speed'], 'data_files': ['PEMSD4'], 'ddim_eta': 0, 'denoiser_layers': 3, 'device': device(type='cuda', index=0), 'diffusion_schedule': 'linear', 'diffusion_steps': 200, 'disturb_rate': 0.5, 'dropout': 0.1, 'dyna': {'including_types': ['state'], 'state': {'entity_id': 'geo_id', 'traffic_flow': 'num', 'traffic_occupancy': 'num', 'traffic_speed': 'num'}}, 'encoder_layers': 2, 'eval_batch_size': 32, 'evaluator_mode': 'single', 'ffn_hidden_dim': 192, 'flow_conservation_coeff': 1, 'fuzzy_conservation_temperature': 8, 'fuzzy_conservation_threshold': 0.6, 'fuzzy_graph_num_sets': 3, 'fuzzy_graph_sigma_init': 0.7, 'geo': {'including_types': ['Point'], 'Point': {}}, 'geo_file': 'PEMSD4', 'graph_k_hop': 2, 'hidden_dim': 96, 'init_weight_inf_or_zero': 'zero', 'is_distributed': True, 'metrics': ['MAE', 'MAPE', 'MSE', 'RMSE', 'masked_MAE', 'masked_MAPE', 'masked_MSE', 'masked_RMSE', 'R2', 'EVAR'], 'noise_SD': [10], 'noise_mean': [5], 'noise_type': 'gaussian', 'num_heads': 4, 'num_prediction_samples': 2, 'num_sampling_steps': 50, 'num_workers': 0, 'output_dim': 3, 'pad_with_last_sample': True, 'physics_channel_idx': 0, 'physics_loss_weight': 0.05, 'physics_warmup_mode': 'linear', 'physics_warmup_start_ratio': 0.2, 'physics_warmup_steps': 3000, 'rank': 0, 'rel': {'including_types': ['geo'], 'geo': {'cost': 'num'}}, 'rel_file': 'PEMSD4', 'robustness_test': False, 'sampling_method': 'ddpm', 'save_mode': ['csv'], 'set_weight_link_or_dist': 'link', 'time_intervals': 300, 'use_adaptive_graph': True, 'use_amp': True, 'use_fuzzy_conservation': True, 'use_fuzzy_graph': True, 'use_gradient_checkpointing': True, 'use_spatiotemporal_attention': True, 'use_temporal_position_embedding': True, 'weight_adj_epsilon': 0.1, 'weight_col': 'cost', 'world_size': 4, 'clip_grad_norm': True, 'epoch': 0, 'gpu': True, 'gpu_id': 0, 'hyper_tune': False, 'learner': 'adamw', 'load_best_epoch': True, 'log_every': 1, 'log_level': 'INFO', 'lr_T_max': 30, 'lr_alpha': 0.99, 'lr_beta1': 0.9, 'lr_beta2': 0.999, 'lr_decay': True, 'lr_decay_ratio': 0.5, 'lr_epsilon': 1e-08, 'lr_eta_min': 0, 'lr_momentum': 0, 'lr_patience': 10, 'lr_scheduler': 'multisteplr', 'lr_threshold': 0.0001, 'max_grad_norm': 3, 'patience': 20, 'step_size': 10, 'steps': [20, 35], 'train_loss': 'none', 'use_early_stop': True, 'weight_decay': 0.0001, 'data_version_id': 'dv_1778076280_a6fe2641', 'dataset_class': 'TrafficStatePointDataset', 'cache_dataset': True, 'scaler': 'none', 'load_external': False, 'normal_external': False, 'ext_scaler': 'none', 'input_window': 12, 'output_window': 12, 'add_time_in_day': False, 'add_day_in_week': False, 'local_rank': 0, 'exp_id': '20260506_222541__traffic_state_pred__new_diffusion_fuzzy__PEMSD4'}
2026-05-06 22:25:41,147 - INFO - Log directory: /home/lizhuoxuan/lzq/Bigscity-LibCity-master/outputs/20260506_222541__traffic_state_pred__new_diffusion_fuzzy__PEMSD4/logs
2026-05-06 22:25:41,147 - INFO - Begin artifact training pipeline, task=traffic_state_pred, model_name=new_diffusion_fuzzy, dataset_name=PEMSD4, exp_id=20260506_222541__traffic_state_pred__new_diffusion_fuzzy__PEMSD4
2026-05-06 22:25:41,147 - INFO - {'task': 'traffic_state_pred', 'model': 'new_diffusion_fuzzy', 'dataset': 'PEMSD4', 'saved_model': True, 'train': True, 'seed': 0, 'dist_backend': 'nccl', 'scale_lr': True, 'train_rate': 0.6, 'eval_rate': 0.2, 'batch_size': 64, 'learning_rate': 0.0012, 'max_epoch': 3, 'executor': 'TrafficStateExecutor', 'evaluator': 'TrafficStateEvaluator', 'adaptive_graph_blend_init': 0.5, 'adaptive_graph_embed_dim': 32, 'adaptive_graph_topk': 12, 'amp_dtype': 'float16', 'beta_end': 0.02, 'beta_start': 0.0001, 'calculate_weight_adj': False, 'data_col': ['traffic_flow', 'traffic_occupancy', 'traffic_speed'], 'data_files': ['PEMSD4'], 'ddim_eta': 0, 'denoiser_layers': 3, 'device': device(type='cuda', index=2), 'diffusion_schedule': 'linear', 'diffusion_steps': 200, 'disturb_rate': 0.5, 'dropout': 0.1, 'dyna': {'including_types': ['state'], 'state': {'entity_id': 'geo_id', 'traffic_flow': 'num', 'traffic_occupancy': 'num', 'traffic_speed': 'num'}}, 'encoder_layers': 2, 'eval_batch_size': 32, 'evaluator_mode': 'single', 'ffn_hidden_dim': 192, 'flow_conservation_coeff': 1, 'fuzzy_conservation_temperature': 8, 'fuzzy_conservation_threshold': 0.6, 'fuzzy_graph_num_sets': 3, 'fuzzy_graph_sigma_init': 0.7, 'geo': {'including_types': ['Point'], 'Point': {}}, 'geo_file': 'PEMSD4', 'graph_k_hop': 2, 'hidden_dim': 96, 'init_weight_inf_or_zero': 'zero', 'is_distributed': True, 'metrics': ['MAE', 'MAPE', 'MSE', 'RMSE', 'masked_MAE', 'masked_MAPE', 'masked_MSE', 'masked_RMSE', 'R2', 'EVAR'], 'noise_SD': [10], 'noise_mean': [5], 'noise_type': 'gaussian', 'num_heads': 4, 'num_prediction_samples': 2, 'num_sampling_steps': 50, 'num_workers': 0, 'output_dim': 3, 'pad_with_last_sample': True, 'physics_channel_idx': 0, 'physics_loss_weight': 0.05, 'physics_warmup_mode': 'linear', 'physics_warmup_start_ratio': 0.2, 'physics_warmup_steps': 3000, 'rank': 2, 'rel': {'including_types': ['geo'], 'geo': {'cost': 'num'}}, 'rel_file': 'PEMSD4', 'robustness_test': False, 'sampling_method': 'ddpm', 'save_mode': ['csv'], 'set_weight_link_or_dist': 'link', 'time_intervals': 300, 'use_adaptive_graph': True, 'use_amp': True, 'use_fuzzy_conservation': True, 'use_fuzzy_graph': True, 'use_gradient_checkpointing': True, 'use_spatiotemporal_attention': True, 'use_temporal_position_embedding': True, 'weight_adj_epsilon': 0.1, 'weight_col': 'cost', 'world_size': 4, 'clip_grad_norm': True, 'epoch': 0, 'gpu': True, 'gpu_id': 0, 'hyper_tune': False, 'learner': 'adamw', 'load_best_epoch': True, 'log_every': 1, 'log_level': 'INFO', 'lr_T_max': 30, 'lr_alpha': 0.99, 'lr_beta1': 0.9, 'lr_beta2': 0.999, 'lr_decay': True, 'lr_decay_ratio': 0.5, 'lr_epsilon': 1e-08, 'lr_eta_min': 0, 'lr_momentum': 0, 'lr_patience': 10, 'lr_scheduler': 'multisteplr', 'lr_threshold': 0.0001, 'max_grad_norm': 3, 'patience': 20, 'step_size': 10, 'steps': [20, 35], 'train_loss': 'none', 'use_early_stop': True, 'weight_decay': 0.0001, 'data_version_id': 'dv_1778076280_a6fe2641', 'dataset_class': 'TrafficStatePointDataset', 'cache_dataset': True, 'scaler': 'none', 'load_external': False, 'normal_external': False, 'ext_scaler': 'none', 'input_window': 12, 'output_window': 12, 'add_time_in_day': False, 'add_day_in_week': False, 'local_rank': 2, 'exp_id': '20260506_222541__traffic_state_pred__new_diffusion_fuzzy__PEMSD4'}
2026-05-06 22:25:41,621 - INFO - Log directory: /home/lizhuoxuan/lzq/Bigscity-LibCity-master/outputs/20260506_222541__traffic_state_pred__new_diffusion_fuzzy__PEMSD4/logs
2026-05-06 22:25:41,622 - INFO - Begin artifact training pipeline, task=traffic_state_pred, model_name=new_diffusion_fuzzy, dataset_name=PEMSD4, exp_id=20260506_222541__traffic_state_pred__new_diffusion_fuzzy__PEMSD4
2026-05-06 22:25:41,622 - INFO - {'task': 'traffic_state_pred', 'model': 'new_diffusion_fuzzy', 'dataset': 'PEMSD4', 'saved_model': True, 'train': True, 'seed': 0, 'dist_backend': 'nccl', 'scale_lr': True, 'train_rate': 0.6, 'eval_rate': 0.2, 'batch_size': 64, 'learning_rate': 0.0012, 'max_epoch': 3, 'executor': 'TrafficStateExecutor', 'evaluator': 'TrafficStateEvaluator', 'adaptive_graph_blend_init': 0.5, 'adaptive_graph_embed_dim': 32, 'adaptive_graph_topk': 12, 'amp_dtype': 'float16', 'beta_end': 0.02, 'beta_start': 0.0001, 'calculate_weight_adj': False, 'data_col': ['traffic_flow', 'traffic_occupancy', 'traffic_speed'], 'data_files': ['PEMSD4'], 'ddim_eta': 0, 'denoiser_layers': 3, 'device': device(type='cuda', index=1), 'diffusion_schedule': 'linear', 'diffusion_steps': 200, 'disturb_rate': 0.5, 'dropout': 0.1, 'dyna': {'including_types': ['state'], 'state': {'entity_id': 'geo_id', 'traffic_flow': 'num', 'traffic_occupancy': 'num', 'traffic_speed': 'num'}}, 'encoder_layers': 2, 'eval_batch_size': 32, 'evaluator_mode': 'single', 'ffn_hidden_dim': 192, 'flow_conservation_coeff': 1, 'fuzzy_conservation_temperature': 8, 'fuzzy_conservation_threshold': 0.6, 'fuzzy_graph_num_sets': 3, 'fuzzy_graph_sigma_init': 0.7, 'geo': {'including_types': ['Point'], 'Point': {}}, 'geo_file': 'PEMSD4', 'graph_k_hop': 2, 'hidden_dim': 96, 'init_weight_inf_or_zero': 'zero', 'is_distributed': True, 'metrics': ['MAE', 'MAPE', 'MSE', 'RMSE', 'masked_MAE', 'masked_MAPE', 'masked_MSE', 'masked_RMSE', 'R2', 'EVAR'], 'noise_SD': [10], 'noise_mean': [5], 'noise_type': 'gaussian', 'num_heads': 4, 'num_prediction_samples': 2, 'num_sampling_steps': 50, 'num_workers': 0, 'output_dim': 3, 'pad_with_last_sample': True, 'physics_channel_idx': 0, 'physics_loss_weight': 0.05, 'physics_warmup_mode': 'linear', 'physics_warmup_start_ratio': 0.2, 'physics_warmup_steps': 3000, 'rank': 1, 'rel': {'including_types': ['geo'], 'geo': {'cost': 'num'}}, 'rel_file': 'PEMSD4', 'robustness_test': False, 'sampling_method': 'ddpm', 'save_mode': ['csv'], 'set_weight_link_or_dist': 'link', 'time_intervals': 300, 'use_adaptive_graph': True, 'use_amp': True, 'use_fuzzy_conservation': True, 'use_fuzzy_graph': True, 'use_gradient_checkpointing': True, 'use_spatiotemporal_attention': True, 'use_temporal_position_embedding': True, 'weight_adj_epsilon': 0.1, 'weight_col': 'cost', 'world_size': 4, 'clip_grad_norm': True, 'epoch': 0, 'gpu': True, 'gpu_id': 0, 'hyper_tune': False, 'learner': 'adamw', 'load_best_epoch': True, 'log_every': 1, 'log_level': 'INFO', 'lr_T_max': 30, 'lr_alpha': 0.99, 'lr_beta1': 0.9, 'lr_beta2': 0.999, 'lr_decay': True, 'lr_decay_ratio': 0.5, 'lr_epsilon': 1e-08, 'lr_eta_min': 0, 'lr_momentum': 0, 'lr_patience': 10, 'lr_scheduler': 'multisteplr', 'lr_threshold': 0.0001, 'max_grad_norm': 3, 'patience': 20, 'step_size': 10, 'steps': [20, 35], 'train_loss': 'none', 'use_early_stop': True, 'weight_decay': 0.0001, 'data_version_id': 'dv_1778076280_a6fe2641', 'dataset_class': 'TrafficStatePointDataset', 'cache_dataset': True, 'scaler': 'none', 'load_external': False, 'normal_external': False, 'ext_scaler': 'none', 'input_window': 12, 'output_window': 12, 'add_time_in_day': False, 'add_day_in_week': False, 'local_rank': 1, 'exp_id': '20260506_222541__traffic_state_pred__new_diffusion_fuzzy__PEMSD4'}
2026-05-06 22:25:52,798 - INFO - DistributedDataParallel(
  (module): NewDiffusion(
    (condition_encoder): STEncoder(
      (input_projection): Linear(in_features=3, out_features=96, bias=True)
      (blocks): ModuleList(
        (0-1): 2 x STEncoderBlock(
          (temporal_attention): MultiHeadAttention(
            (query_projection): Linear(in_features=96, out_features=96, bias=True)
            (key_projection): Linear(in_features=96, out_features=96, bias=True)
            (value_projection): Linear(in_features=96, out_features=96, bias=True)
            (output_projection): Linear(in_features=96, out_features=96, bias=True)
            (dropout): Dropout(p=0.1, inplace=False)
          )
          (graph_convolution): GraphConvolution(
            (projections): ModuleList(
              (0-2): 3 x Linear(in_features=96, out_features=96, bias=True)
            )
          )
          (feed_forward): FeedForwardNetwork(
            (network): Sequential(
              (0): Linear(in_features=96, out_features=192, bias=True)
              (1): GELU(approximate='none')
              (2): Dropout(p=0.1, inplace=False)
              (3): Linear(in_features=192, out_features=96, bias=True)
              (4): Dropout(p=0.1, inplace=False)
            )
          )
          (norm_temporal): LayerNorm((96,), eps=1e-05, elementwise_affine=True)
          (norm_graph): LayerNorm((96,), eps=1e-05, elementwise_affine=True)
          (norm_ffn): LayerNorm((96,), eps=1e-05, elementwise_affine=True)
          (dropout): Dropout(p=0.1, inplace=False)
        )
      )
      (final_norm): LayerNorm((96,), eps=1e-05, elementwise_affine=True)
    )
    (noise_predictor): AttentionDenoiser(
      (input_projection): Linear(in_features=3, out_features=96, bias=True)
      (time_embedding): SinusoidalTimeEmbedding()
      (time_projection): Sequential(
        (0): Linear(in_features=96, out_features=96, bias=True)
        (1): SiLU()
        (2): Linear(in_features=96, out_features=96, bias=True)
      )
      (blocks): ModuleList(
        (0-2): 3 x DenoiserBlock(
          (temporal_attention): MultiHeadAttention(
            (query_projection): Linear(in_features=96, out_features=96, bias=True)
            (key_projection): Linear(in_features=96, out_features=96, bias=True)
            (value_projection): Linear(in_features=96, out_features=96, bias=True)
            (output_projection): Linear(in_features=96, out_features=96, bias=True)
            (dropout): Dropout(p=0.1, inplace=False)
          )
          (graph_convolution): GraphConvolution(
            (projections): ModuleList(
              (0-2): 3 x Linear(in_features=96, out_features=96, bias=True)
            )
          )
          (cross_attention): MultiHeadAttention(
            (query_projection): Linear(in_features=96, out_features=96, bias=True)
            (key_projection): Linear(in_features=96, out_features=96, bias=True)
            (value_projection): Linear(in_features=96, out_features=96, bias=True)
            (output_projection): Linear(in_features=96, out_features=96, bias=True)
            (dropout): Dropout(p=0.1, inplace=False)
          )
          (spatiotemporal_attention): MultiHeadAttention(
            (query_projection): Linear(in_features=96, out_features=96, bias=True)
            (key_projection): Linear(in_features=96, out_features=96, bias=True)
            (value_projection): Linear(in_features=96, out_features=96, bias=True)
            (output_projection): Linear(in_features=96, out_features=96, bias=True)
            (dropout): Dropout(p=0.1, inplace=False)
          )
          (feed_forward): FeedForwardNetwork(
            (network): Sequential(
              (0): Linear(in_features=96, out_features=192, bias=True)
              (1): GELU(approximate='none')
              (2): Dropout(p=0.1, inplace=False)
              (3): Linear(in_features=192, out_features=96, bias=True)
              (4): Dropout(p=0.1, inplace=False)
            )
          )
          (norm_temporal): LayerNorm((96,), eps=1e-05, elementwise_affine=True)
          (norm_graph): LayerNorm((96,), eps=1e-05, elementwise_affine=True)
          (norm_cross): LayerNorm((96,), eps=1e-05, elementwise_affine=True)
          (norm_spatiotemporal): LayerNorm((96,), eps=1e-05, elementwise_affine=True)
          (norm_ffn): LayerNorm((96,), eps=1e-05, elementwise_affine=True)
          (dropout): Dropout(p=0.1, inplace=False)
        )
      )
      (final_norm): LayerNorm((96,), eps=1e-05, elementwise_affine=True)
      (output_projection): Linear(in_features=96, out_features=3, bias=True)
      (adaptive_graph_learner): AdaptiveGraphLearner(
        (feature_projection): Linear(in_features=96, out_features=32, bias=True)
        (time_projection): Linear(in_features=96, out_features=32, bias=True)
      )
    )
    (diffusion_scheduler): DiffusionScheduler()
  )
)
2026-05-06 22:25:52,798 - INFO - Enable AMP training (dtype=float16).
2026-05-06 22:25:52,799 - INFO - You select `adamw` optimizer.
2026-05-06 22:25:52,799 - WARNING - Received unrecognized optimizer, set default Adam optimizer
2026-05-06 22:25:52,799 - INFO - Enable AMP training (dtype=float16).
2026-05-06 22:25:52,799 - INFO - You select `adamw` optimizer.
2026-05-06 22:25:52,799 - WARNING - Received unrecognized optimizer, set default Adam optimizer
2026-05-06 22:25:52,799 - INFO - module.condition_encoder.temporal_position_embedding	torch.Size([1, 12, 1, 96])	cuda:0	True
2026-05-06 22:25:52,799 - INFO - module.condition_encoder.input_projection.weight	torch.Size([96, 3])	cuda:0	True
2026-05-06 22:25:52,799 - INFO - You select `multisteplr` lr_scheduler.
2026-05-06 22:25:52,799 - INFO - module.condition_encoder.input_projection.bias	torch.Size([96])	cuda:0	True
2026-05-06 22:25:52,799 - INFO - module.condition_encoder.blocks.0.temporal_attention.query_projection.weight	torch.Size([96, 96])	cuda:0	True
2026-05-06 22:25:52,799 - INFO - module.condition_encoder.blocks.0.temporal_attention.query_projection.bias	torch.Size([96])	cuda:0	True
2026-05-06 22:25:52,799 - INFO - module.condition_encoder.blocks.0.temporal_attention.key_projection.weight	torch.Size([96, 96])	cuda:0	True
2026-05-06 22:25:52,799 - WARNING - Received none train loss func and will use the loss func defined in the model.
2026-05-06 22:25:52,799 - INFO - module.condition_encoder.blocks.0.temporal_attention.key_projection.bias	torch.Size([96])	cuda:0	True
2026-05-06 22:25:52,799 - INFO - module.condition_encoder.blocks.0.temporal_attention.value_projection.weight	torch.Size([96, 96])	cuda:0	True
2026-05-06 22:25:52,799 - INFO - module.condition_encoder.blocks.0.temporal_attention.value_projection.bias	torch.Size([96])	cuda:0	True
2026-05-06 22:25:52,799 - INFO - module.condition_encoder.blocks.0.temporal_attention.output_projection.weight	torch.Size([96, 96])	cuda:0	True
2026-05-06 22:25:52,799 - INFO - module.condition_encoder.blocks.0.temporal_attention.output_projection.bias	torch.Size([96])	cuda:0	True
2026-05-06 22:25:52,799 - INFO - module.condition_encoder.blocks.0.graph_convolution.projections.0.weight	torch.Size([96, 96])	cuda:0	True
2026-05-06 22:25:52,799 - INFO - module.condition_encoder.blocks.0.graph_convolution.projections.0.bias	torch.Size([96])	cuda:0	True
2026-05-06 22:25:52,800 - INFO - module.condition_encoder.blocks.0.graph_convolution.projections.1.weight	torch.Size([96, 96])	cuda:0	True
2026-05-06 22:25:52,800 - INFO - module.condition_encoder.blocks.0.graph_convolution.projections.1.bias	torch.Size([96])	cuda:0	True
2026-05-06 22:25:52,800 - INFO - module.condition_encoder.blocks.0.graph_convolution.projections.2.weight	torch.Size([96, 96])	cuda:0	True
2026-05-06 22:25:52,800 - INFO - module.condition_encoder.blocks.0.graph_convolution.projections.2.bias	torch.Size([96])	cuda:0	True
2026-05-06 22:25:52,800 - INFO - module.condition_encoder.blocks.0.feed_forward.network.0.weight	torch.Size([192, 96])	cuda:0	True
2026-05-06 22:25:52,800 - INFO - You select `multisteplr` lr_scheduler.
2026-05-06 22:25:52,800 - INFO - module.condition_encoder.blocks.0.feed_forward.network.0.bias	torch.Size([192])	cuda:0	True
2026-05-06 22:25:52,800 - INFO - module.condition_encoder.blocks.0.feed_forward.network.3.weight	torch.Size([96, 192])	cuda:0	True
2026-05-06 22:25:52,800 - INFO - module.condition_encoder.blocks.0.feed_forward.network.3.bias	torch.Size([96])	cuda:0	True
2026-05-06 22:25:52,800 - INFO - module.condition_encoder.blocks.0.norm_temporal.weight	torch.Size([96])	cuda:0	True
2026-05-06 22:25:52,800 - INFO - module.condition_encoder.blocks.0.norm_temporal.bias	torch.Size([96])	cuda:0	True
2026-05-06 22:25:52,800 - WARNING - Received none train loss func and will use the loss func defined in the model.
2026-05-06 22:25:52,800 - INFO - module.condition_encoder.blocks.0.norm_graph.weight	torch.Size([96])	cuda:0	True
2026-05-06 22:25:52,800 - INFO - module.condition_encoder.blocks.0.norm_graph.bias	torch.Size([96])	cuda:0	True
2026-05-06 22:25:52,800 - INFO - module.condition_encoder.blocks.0.norm_ffn.weight	torch.Size([96])	cuda:0	True
2026-05-06 22:25:52,800 - INFO - module.condition_encoder.blocks.0.norm_ffn.bias	torch.Size([96])	cuda:0	True
2026-05-06 22:25:52,800 - INFO - module.condition_encoder.blocks.1.temporal_attention.query_projection.weight	torch.Size([96, 96])	cuda:0	True
2026-05-06 22:25:52,800 - INFO - module.condition_encoder.blocks.1.temporal_attention.query_projection.bias	torch.Size([96])	cuda:0	True
2026-05-06 22:25:52,800 - INFO - module.condition_encoder.blocks.1.temporal_attention.key_projection.weight	torch.Size([96, 96])	cuda:0	True
2026-05-06 22:25:52,800 - INFO - module.condition_encoder.blocks.1.temporal_attention.key_projection.bias	torch.Size([96])	cuda:0	True
2026-05-06 22:25:52,800 - INFO - module.condition_encoder.blocks.1.temporal_attention.value_projection.weight	torch.Size([96, 96])	cuda:0	True
2026-05-06 22:25:52,800 - INFO - module.condition_encoder.blocks.1.temporal_attention.value_projection.bias	torch.Size([96])	cuda:0	True
2026-05-06 22:25:52,800 - INFO - module.condition_encoder.blocks.1.temporal_attention.output_projection.weight	torch.Size([96, 96])	cuda:0	True
2026-05-06 22:25:52,800 - INFO - module.condition_encoder.blocks.1.temporal_attention.output_projection.bias	torch.Size([96])	cuda:0	True
2026-05-06 22:25:52,800 - INFO - module.condition_encoder.blocks.1.graph_convolution.projections.0.weight	torch.Size([96, 96])	cuda:0	True
2026-05-06 22:25:52,800 - INFO - module.condition_encoder.blocks.1.graph_convolution.projections.0.bias	torch.Size([96])	cuda:0	True
2026-05-06 22:25:52,800 - INFO - module.condition_encoder.blocks.1.graph_convolution.projections.1.weight	torch.Size([96, 96])	cuda:0	True
2026-05-06 22:25:52,800 - INFO - module.condition_encoder.blocks.1.graph_convolution.projections.1.bias	torch.Size([96])	cuda:0	True
2026-05-06 22:25:52,800 - INFO - module.condition_encoder.blocks.1.graph_convolution.projections.2.weight	torch.Size([96, 96])	cuda:0	True
2026-05-06 22:25:52,800 - INFO - module.condition_encoder.blocks.1.graph_convolution.projections.2.bias	torch.Size([96])	cuda:0	True
2026-05-06 22:25:52,800 - INFO - module.condition_encoder.blocks.1.feed_forward.network.0.weight	torch.Size([192, 96])	cuda:0	True
2026-05-06 22:25:52,800 - INFO - module.condition_encoder.blocks.1.feed_forward.network.0.bias	torch.Size([192])	cuda:0	True
2026-05-06 22:25:52,800 - INFO - module.condition_encoder.blocks.1.feed_forward.network.3.weight	torch.Size([96, 192])	cuda:0	True
2026-05-06 22:25:52,800 - INFO - module.condition_encoder.blocks.1.feed_forward.network.3.bias	torch.Size([96])	cuda:0	True
2026-05-06 22:25:52,800 - INFO - module.condition_encoder.blocks.1.norm_temporal.weight	torch.Size([96])	cuda:0	True
2026-05-06 22:25:52,800 - INFO - module.condition_encoder.blocks.1.norm_temporal.bias	torch.Size([96])	cuda:0	True
2026-05-06 22:25:52,800 - INFO - module.condition_encoder.blocks.1.norm_graph.weight	torch.Size([96])	cuda:0	True
2026-05-06 22:25:52,800 - INFO - module.condition_encoder.blocks.1.norm_graph.bias	torch.Size([96])	cuda:0	True
2026-05-06 22:25:52,800 - INFO - module.condition_encoder.blocks.1.norm_ffn.weight	torch.Size([96])	cuda:0	True
2026-05-06 22:25:52,800 - INFO - module.condition_encoder.blocks.1.norm_ffn.bias	torch.Size([96])	cuda:0	True
2026-05-06 22:25:52,800 - INFO - module.condition_encoder.final_norm.weight	torch.Size([96])	cuda:0	True
2026-05-06 22:25:52,800 - INFO - module.condition_encoder.final_norm.bias	torch.Size([96])	cuda:0	True
2026-05-06 22:25:52,801 - INFO - module.noise_predictor.future_position_embedding	torch.Size([1, 12, 1, 96])	cuda:0	True
2026-05-06 22:25:52,801 - INFO - module.noise_predictor.input_projection.weight	torch.Size([96, 3])	cuda:0	True
2026-05-06 22:25:52,801 - INFO - module.noise_predictor.input_projection.bias	torch.Size([96])	cuda:0	True
2026-05-06 22:25:52,801 - INFO - module.noise_predictor.time_projection.0.weight	torch.Size([96, 96])	cuda:0	True
2026-05-06 22:25:52,801 - INFO - module.noise_predictor.time_projection.0.bias	torch.Size([96])	cuda:0	True
2026-05-06 22:25:52,801 - INFO - module.noise_predictor.time_projection.2.weight	torch.Size([96, 96])	cuda:0	True
2026-05-06 22:25:52,801 - INFO - module.noise_predictor.time_projection.2.bias	torch.Size([96])	cuda:0	True
2026-05-06 22:25:52,801 - INFO - module.noise_predictor.blocks.0.temporal_attention.query_projection.weight	torch.Size([96, 96])	cuda:0	True
2026-05-06 22:25:52,801 - INFO - module.noise_predictor.blocks.0.temporal_attention.query_projection.bias	torch.Size([96])	cuda:0	True
2026-05-06 22:25:52,801 - INFO - module.noise_predictor.blocks.0.temporal_attention.key_projection.weight	torch.Size([96, 96])	cuda:0	True
2026-05-06 22:25:52,801 - INFO - module.noise_predictor.blocks.0.temporal_attention.key_projection.bias	torch.Size([96])	cuda:0	True
2026-05-06 22:25:52,801 - INFO - module.noise_predictor.blocks.0.temporal_attention.value_projection.weight	torch.Size([96, 96])	cuda:0	True
2026-05-06 22:25:52,801 - INFO - module.noise_predictor.blocks.0.temporal_attention.value_projection.bias	torch.Size([96])	cuda:0	True
2026-05-06 22:25:52,801 - INFO - module.noise_predictor.blocks.0.temporal_attention.output_projection.weight	torch.Size([96, 96])	cuda:0	True
2026-05-06 22:25:52,801 - INFO - module.noise_predictor.blocks.0.temporal_attention.output_projection.bias	torch.Size([96])	cuda:0	True
2026-05-06 22:25:52,801 - INFO - module.noise_predictor.blocks.0.graph_convolution.projections.0.weight	torch.Size([96, 96])	cuda:0	True
2026-05-06 22:25:52,801 - INFO - module.noise_predictor.blocks.0.graph_convolution.projections.0.bias	torch.Size([96])	cuda:0	True
2026-05-06 22:25:52,801 - INFO - module.noise_predictor.blocks.0.graph_convolution.projections.1.weight	torch.Size([96, 96])	cuda:0	True
2026-05-06 22:25:52,801 - INFO - module.noise_predictor.blocks.0.graph_convolution.projections.1.bias	torch.Size([96])	cuda:0	True
2026-05-06 22:25:52,801 - INFO - module.noise_predictor.blocks.0.graph_convolution.projections.2.weight	torch.Size([96, 96])	cuda:0	True
2026-05-06 22:25:52,801 - INFO - module.noise_predictor.blocks.0.graph_convolution.projections.2.bias	torch.Size([96])	cuda:0	True
2026-05-06 22:25:52,801 - INFO - module.noise_predictor.blocks.0.cross_attention.query_projection.weight	torch.Size([96, 96])	cuda:0	True
2026-05-06 22:25:52,801 - INFO - module.noise_predictor.blocks.0.cross_attention.query_projection.bias	torch.Size([96])	cuda:0	True
2026-05-06 22:25:52,801 - INFO - module.noise_predictor.blocks.0.cross_attention.key_projection.weight	torch.Size([96, 96])	cuda:0	True
2026-05-06 22:25:52,801 - INFO - module.noise_predictor.blocks.0.cross_attention.key_projection.bias	torch.Size([96])	cuda:0	True
2026-05-06 22:25:52,801 - INFO - module.noise_predictor.blocks.0.cross_attention.value_projection.weight	torch.Size([96, 96])	cuda:0	True
2026-05-06 22:25:52,801 - INFO - module.noise_predictor.blocks.0.cross_attention.value_projection.bias	torch.Size([96])	cuda:0	True
2026-05-06 22:25:52,801 - INFO - module.noise_predictor.blocks.0.cross_attention.output_projection.weight	torch.Size([96, 96])	cuda:0	True
2026-05-06 22:25:52,801 - INFO - module.noise_predictor.blocks.0.cross_attention.output_projection.bias	torch.Size([96])	cuda:0	True
2026-05-06 22:25:52,801 - INFO - module.noise_predictor.blocks.0.spatiotemporal_attention.query_projection.weight	torch.Size([96, 96])	cuda:0	True
2026-05-06 22:25:52,801 - INFO - module.noise_predictor.blocks.0.spatiotemporal_attention.query_projection.bias	torch.Size([96])	cuda:0	True
2026-05-06 22:25:52,801 - INFO - module.noise_predictor.blocks.0.spatiotemporal_attention.key_projection.weight	torch.Size([96, 96])	cuda:0	True
2026-05-06 22:25:52,801 - INFO - module.noise_predictor.blocks.0.spatiotemporal_attention.key_projection.bias	torch.Size([96])	cuda:0	True
2026-05-06 22:25:52,801 - INFO - module.noise_predictor.blocks.0.spatiotemporal_attention.value_projection.weight	torch.Size([96, 96])	cuda:0	True
2026-05-06 22:25:52,801 - INFO - module.noise_predictor.blocks.0.spatiotemporal_attention.value_projection.bias	torch.Size([96])	cuda:0	True
2026-05-06 22:25:52,801 - INFO - module.noise_predictor.blocks.0.spatiotemporal_attention.output_projection.weight	torch.Size([96, 96])	cuda:0	True
2026-05-06 22:25:52,801 - INFO - module.noise_predictor.blocks.0.spatiotemporal_attention.output_projection.bias	torch.Size([96])	cuda:0	True
2026-05-06 22:25:52,801 - INFO - module.noise_predictor.blocks.0.feed_forward.network.0.weight	torch.Size([192, 96])	cuda:0	True
2026-05-06 22:25:52,801 - INFO - module.noise_predictor.blocks.0.feed_forward.network.0.bias	torch.Size([192])	cuda:0	True
2026-05-06 22:25:52,801 - INFO - module.noise_predictor.blocks.0.feed_forward.network.3.weight	torch.Size([96, 192])	cuda:0	True
2026-05-06 22:25:52,801 - INFO - module.noise_predictor.blocks.0.feed_forward.network.3.bias	torch.Size([96])	cuda:0	True
2026-05-06 22:25:52,801 - INFO - module.noise_predictor.blocks.0.norm_temporal.weight	torch.Size([96])	cuda:0	True
2026-05-06 22:25:52,802 - INFO - module.noise_predictor.blocks.0.norm_temporal.bias	torch.Size([96])	cuda:0	True
2026-05-06 22:25:52,802 - INFO - module.noise_predictor.blocks.0.norm_graph.weight	torch.Size([96])	cuda:0	True
2026-05-06 22:25:52,802 - INFO - module.noise_predictor.blocks.0.norm_graph.bias	torch.Size([96])	cuda:0	True
2026-05-06 22:25:52,802 - INFO - module.noise_predictor.blocks.0.norm_cross.weight	torch.Size([96])	cuda:0	True
2026-05-06 22:25:52,802 - INFO - module.noise_predictor.blocks.0.norm_cross.bias	torch.Size([96])	cuda:0	True
2026-05-06 22:25:52,802 - INFO - module.noise_predictor.blocks.0.norm_spatiotemporal.weight	torch.Size([96])	cuda:0	True
2026-05-06 22:25:52,802 - INFO - module.noise_predictor.blocks.0.norm_spatiotemporal.bias	torch.Size([96])	cuda:0	True
2026-05-06 22:25:52,802 - INFO - module.noise_predictor.blocks.0.norm_ffn.weight	torch.Size([96])	cuda:0	True
2026-05-06 22:25:52,802 - INFO - module.noise_predictor.blocks.0.norm_ffn.bias	torch.Size([96])	cuda:0	True
2026-05-06 22:25:52,802 - INFO - module.noise_predictor.blocks.1.temporal_attention.query_projection.weight	torch.Size([96, 96])	cuda:0	True
2026-05-06 22:25:52,802 - INFO - module.noise_predictor.blocks.1.temporal_attention.query_projection.bias	torch.Size([96])	cuda:0	True
2026-05-06 22:25:52,802 - INFO - module.noise_predictor.blocks.1.temporal_attention.key_projection.weight	torch.Size([96, 96])	cuda:0	True
2026-05-06 22:25:52,802 - INFO - module.noise_predictor.blocks.1.temporal_attention.key_projection.bias	torch.Size([96])	cuda:0	True
2026-05-06 22:25:52,802 - INFO - module.noise_predictor.blocks.1.temporal_attention.value_projection.weight	torch.Size([96, 96])	cuda:0	True
2026-05-06 22:25:52,802 - INFO - module.noise_predictor.blocks.1.temporal_attention.value_projection.bias	torch.Size([96])	cuda:0	True
2026-05-06 22:25:52,802 - INFO - module.noise_predictor.blocks.1.temporal_attention.output_projection.weight	torch.Size([96, 96])	cuda:0	True
2026-05-06 22:25:52,802 - INFO - module.noise_predictor.blocks.1.temporal_attention.output_projection.bias	torch.Size([96])	cuda:0	True
2026-05-06 22:25:52,802 - INFO - module.noise_predictor.blocks.1.graph_convolution.projections.0.weight	torch.Size([96, 96])	cuda:0	True
2026-05-06 22:25:52,802 - INFO - module.noise_predictor.blocks.1.graph_convolution.projections.0.bias	torch.Size([96])	cuda:0	True
2026-05-06 22:25:52,802 - INFO - module.noise_predictor.blocks.1.graph_convolution.projections.1.weight	torch.Size([96, 96])	cuda:0	True
2026-05-06 22:25:52,802 - INFO - module.noise_predictor.blocks.1.graph_convolution.projections.1.bias	torch.Size([96])	cuda:0	True
2026-05-06 22:25:52,802 - INFO - module.noise_predictor.blocks.1.graph_convolution.projections.2.weight	torch.Size([96, 96])	cuda:0	True
2026-05-06 22:25:52,802 - INFO - module.noise_predictor.blocks.1.graph_convolution.projections.2.bias	torch.Size([96])	cuda:0	True
2026-05-06 22:25:52,802 - INFO - module.noise_predictor.blocks.1.cross_attention.query_projection.weight	torch.Size([96, 96])	cuda:0	True
2026-05-06 22:25:52,802 - INFO - module.noise_predictor.blocks.1.cross_attention.query_projection.bias	torch.Size([96])	cuda:0	True
2026-05-06 22:25:52,802 - INFO - module.noise_predictor.blocks.1.cross_attention.key_projection.weight	torch.Size([96, 96])	cuda:0	True
2026-05-06 22:25:52,802 - INFO - module.noise_predictor.blocks.1.cross_attention.key_projection.bias	torch.Size([96])	cuda:0	True
2026-05-06 22:25:52,802 - INFO - module.noise_predictor.blocks.1.cross_attention.value_projection.weight	torch.Size([96, 96])	cuda:0	True
2026-05-06 22:25:52,802 - INFO - module.noise_predictor.blocks.1.cross_attention.value_projection.bias	torch.Size([96])	cuda:0	True
2026-05-06 22:25:52,802 - INFO - module.noise_predictor.blocks.1.cross_attention.output_projection.weight	torch.Size([96, 96])	cuda:0	True
2026-05-06 22:25:52,802 - INFO - module.noise_predictor.blocks.1.cross_attention.output_projection.bias	torch.Size([96])	cuda:0	True
2026-05-06 22:25:52,802 - INFO - module.noise_predictor.blocks.1.spatiotemporal_attention.query_projection.weight	torch.Size([96, 96])	cuda:0	True
2026-05-06 22:25:52,802 - INFO - module.noise_predictor.blocks.1.spatiotemporal_attention.query_projection.bias	torch.Size([96])	cuda:0	True
2026-05-06 22:25:52,802 - INFO - module.noise_predictor.blocks.1.spatiotemporal_attention.key_projection.weight	torch.Size([96, 96])	cuda:0	True
2026-05-06 22:25:52,802 - INFO - module.noise_predictor.blocks.1.spatiotemporal_attention.key_projection.bias	torch.Size([96])	cuda:0	True
2026-05-06 22:25:52,802 - INFO - module.noise_predictor.blocks.1.spatiotemporal_attention.value_projection.weight	torch.Size([96, 96])	cuda:0	True
2026-05-06 22:25:52,802 - INFO - module.noise_predictor.blocks.1.spatiotemporal_attention.value_projection.bias	torch.Size([96])	cuda:0	True
2026-05-06 22:25:52,802 - INFO - module.noise_predictor.blocks.1.spatiotemporal_attention.output_projection.weight	torch.Size([96, 96])	cuda:0	True
2026-05-06 22:25:52,802 - INFO - module.noise_predictor.blocks.1.spatiotemporal_attention.output_projection.bias	torch.Size([96])	cuda:0	True
2026-05-06 22:25:52,802 - INFO - module.noise_predictor.blocks.1.feed_forward.network.0.weight	torch.Size([192, 96])	cuda:0	True
2026-05-06 22:25:52,802 - INFO - module.noise_predictor.blocks.1.feed_forward.network.0.bias	torch.Size([192])	cuda:0	True
2026-05-06 22:25:52,803 - INFO - module.noise_predictor.blocks.1.feed_forward.network.3.weight	torch.Size([96, 192])	cuda:0	True
2026-05-06 22:25:52,803 - INFO - module.noise_predictor.blocks.1.feed_forward.network.3.bias	torch.Size([96])	cuda:0	True
2026-05-06 22:25:52,803 - INFO - module.noise_predictor.blocks.1.norm_temporal.weight	torch.Size([96])	cuda:0	True
2026-05-06 22:25:52,803 - INFO - module.noise_predictor.blocks.1.norm_temporal.bias	torch.Size([96])	cuda:0	True
2026-05-06 22:25:52,803 - INFO - module.noise_predictor.blocks.1.norm_graph.weight	torch.Size([96])	cuda:0	True
2026-05-06 22:25:52,803 - INFO - module.noise_predictor.blocks.1.norm_graph.bias	torch.Size([96])	cuda:0	True
2026-05-06 22:25:52,803 - INFO - module.noise_predictor.blocks.1.norm_cross.weight	torch.Size([96])	cuda:0	True
2026-05-06 22:25:52,803 - INFO - module.noise_predictor.blocks.1.norm_cross.bias	torch.Size([96])	cuda:0	True
2026-05-06 22:25:52,803 - INFO - module.noise_predictor.blocks.1.norm_spatiotemporal.weight	torch.Size([96])	cuda:0	True
2026-05-06 22:25:52,803 - INFO - module.noise_predictor.blocks.1.norm_spatiotemporal.bias	torch.Size([96])	cuda:0	True
2026-05-06 22:25:52,803 - INFO - module.noise_predictor.blocks.1.norm_ffn.weight	torch.Size([96])	cuda:0	True
2026-05-06 22:25:52,803 - INFO - module.noise_predictor.blocks.1.norm_ffn.bias	torch.Size([96])	cuda:0	True
2026-05-06 22:25:52,803 - INFO - module.noise_predictor.blocks.2.temporal_attention.query_projection.weight	torch.Size([96, 96])	cuda:0	True
2026-05-06 22:25:52,803 - INFO - module.noise_predictor.blocks.2.temporal_attention.query_projection.bias	torch.Size([96])	cuda:0	True
2026-05-06 22:25:52,803 - INFO - module.noise_predictor.blocks.2.temporal_attention.key_projection.weight	torch.Size([96, 96])	cuda:0	True
2026-05-06 22:25:52,803 - INFO - module.noise_predictor.blocks.2.temporal_attention.key_projection.bias	torch.Size([96])	cuda:0	True
2026-05-06 22:25:52,803 - INFO - module.noise_predictor.blocks.2.temporal_attention.value_projection.weight	torch.Size([96, 96])	cuda:0	True
2026-05-06 22:25:52,803 - INFO - module.noise_predictor.blocks.2.temporal_attention.value_projection.bias	torch.Size([96])	cuda:0	True
2026-05-06 22:25:52,803 - INFO - module.noise_predictor.blocks.2.temporal_attention.output_projection.weight	torch.Size([96, 96])	cuda:0	True
2026-05-06 22:25:52,803 - INFO - module.noise_predictor.blocks.2.temporal_attention.output_projection.bias	torch.Size([96])	cuda:0	True
2026-05-06 22:25:52,803 - INFO - module.noise_predictor.blocks.2.graph_convolution.projections.0.weight	torch.Size([96, 96])	cuda:0	True
2026-05-06 22:25:52,803 - INFO - module.noise_predictor.blocks.2.graph_convolution.projections.0.bias	torch.Size([96])	cuda:0	True
2026-05-06 22:25:52,803 - INFO - module.noise_predictor.blocks.2.graph_convolution.projections.1.weight	torch.Size([96, 96])	cuda:0	True
2026-05-06 22:25:52,803 - INFO - module.noise_predictor.blocks.2.graph_convolution.projections.1.bias	torch.Size([96])	cuda:0	True
2026-05-06 22:25:52,803 - INFO - module.noise_predictor.blocks.2.graph_convolution.projections.2.weight	torch.Size([96, 96])	cuda:0	True
2026-05-06 22:25:52,803 - INFO - module.noise_predictor.blocks.2.graph_convolution.projections.2.bias	torch.Size([96])	cuda:0	True
2026-05-06 22:25:52,803 - INFO - module.noise_predictor.blocks.2.cross_attention.query_projection.weight	torch.Size([96, 96])	cuda:0	True
2026-05-06 22:25:52,803 - INFO - module.noise_predictor.blocks.2.cross_attention.query_projection.bias	torch.Size([96])	cuda:0	True
2026-05-06 22:25:52,803 - INFO - module.noise_predictor.blocks.2.cross_attention.key_projection.weight	torch.Size([96, 96])	cuda:0	True
2026-05-06 22:25:52,803 - INFO - module.noise_predictor.blocks.2.cross_attention.key_projection.bias	torch.Size([96])	cuda:0	True
2026-05-06 22:25:52,803 - INFO - module.noise_predictor.blocks.2.cross_attention.value_projection.weight	torch.Size([96, 96])	cuda:0	True
2026-05-06 22:25:52,803 - INFO - module.noise_predictor.blocks.2.cross_attention.value_projection.bias	torch.Size([96])	cuda:0	True
2026-05-06 22:25:52,803 - INFO - module.noise_predictor.blocks.2.cross_attention.output_projection.weight	torch.Size([96, 96])	cuda:0	True
2026-05-06 22:25:52,803 - INFO - module.noise_predictor.blocks.2.cross_attention.output_projection.bias	torch.Size([96])	cuda:0	True
2026-05-06 22:25:52,803 - INFO - module.noise_predictor.blocks.2.spatiotemporal_attention.query_projection.weight	torch.Size([96, 96])	cuda:0	True
2026-05-06 22:25:52,803 - INFO - module.noise_predictor.blocks.2.spatiotemporal_attention.query_projection.bias	torch.Size([96])	cuda:0	True
2026-05-06 22:25:52,803 - INFO - module.noise_predictor.blocks.2.spatiotemporal_attention.key_projection.weight	torch.Size([96, 96])	cuda:0	True
2026-05-06 22:25:52,803 - INFO - module.noise_predictor.blocks.2.spatiotemporal_attention.key_projection.bias	torch.Size([96])	cuda:0	True
2026-05-06 22:25:52,803 - INFO - module.noise_predictor.blocks.2.spatiotemporal_attention.value_projection.weight	torch.Size([96, 96])	cuda:0	True
2026-05-06 22:25:52,803 - INFO - module.noise_predictor.blocks.2.spatiotemporal_attention.value_projection.bias	torch.Size([96])	cuda:0	True
2026-05-06 22:25:52,803 - INFO - module.noise_predictor.blocks.2.spatiotemporal_attention.output_projection.weight	torch.Size([96, 96])	cuda:0	True
2026-05-06 22:25:52,803 - INFO - module.noise_predictor.blocks.2.spatiotemporal_attention.output_projection.bias	torch.Size([96])	cuda:0	True
2026-05-06 22:25:52,804 - INFO - module.noise_predictor.blocks.2.feed_forward.network.0.weight	torch.Size([192, 96])	cuda:0	True
2026-05-06 22:25:52,804 - INFO - module.noise_predictor.blocks.2.feed_forward.network.0.bias	torch.Size([192])	cuda:0	True
2026-05-06 22:25:52,804 - INFO - module.noise_predictor.blocks.2.feed_forward.network.3.weight	torch.Size([96, 192])	cuda:0	True
2026-05-06 22:25:52,804 - INFO - module.noise_predictor.blocks.2.feed_forward.network.3.bias	torch.Size([96])	cuda:0	True
2026-05-06 22:25:52,804 - INFO - module.noise_predictor.blocks.2.norm_temporal.weight	torch.Size([96])	cuda:0	True
2026-05-06 22:25:52,804 - INFO - module.noise_predictor.blocks.2.norm_temporal.bias	torch.Size([96])	cuda:0	True
2026-05-06 22:25:52,804 - INFO - module.noise_predictor.blocks.2.norm_graph.weight	torch.Size([96])	cuda:0	True
2026-05-06 22:25:52,804 - INFO - module.noise_predictor.blocks.2.norm_graph.bias	torch.Size([96])	cuda:0	True
2026-05-06 22:25:52,804 - INFO - module.noise_predictor.blocks.2.norm_cross.weight	torch.Size([96])	cuda:0	True
2026-05-06 22:25:52,804 - INFO - module.noise_predictor.blocks.2.norm_cross.bias	torch.Size([96])	cuda:0	True
2026-05-06 22:25:52,804 - INFO - module.noise_predictor.blocks.2.norm_spatiotemporal.weight	torch.Size([96])	cuda:0	True
2026-05-06 22:25:52,804 - INFO - module.noise_predictor.blocks.2.norm_spatiotemporal.bias	torch.Size([96])	cuda:0	True
2026-05-06 22:25:52,804 - INFO - module.noise_predictor.blocks.2.norm_ffn.weight	torch.Size([96])	cuda:0	True
2026-05-06 22:25:52,804 - INFO - module.noise_predictor.blocks.2.norm_ffn.bias	torch.Size([96])	cuda:0	True
2026-05-06 22:25:52,804 - INFO - module.noise_predictor.final_norm.weight	torch.Size([96])	cuda:0	True
2026-05-06 22:25:52,804 - INFO - module.noise_predictor.final_norm.bias	torch.Size([96])	cuda:0	True
2026-05-06 22:25:52,804 - INFO - module.noise_predictor.output_projection.weight	torch.Size([3, 96])	cuda:0	True
2026-05-06 22:25:52,804 - INFO - module.noise_predictor.output_projection.bias	torch.Size([3])	cuda:0	True
2026-05-06 22:25:52,804 - INFO - module.noise_predictor.adaptive_graph_learner.node_embeddings	torch.Size([307, 32])	cuda:0	True
2026-05-06 22:25:52,804 - INFO - module.noise_predictor.adaptive_graph_learner.blend_logit	torch.Size([])	cuda:0	True
2026-05-06 22:25:52,804 - INFO - module.noise_predictor.adaptive_graph_learner.fuzzy_centers	torch.Size([3])	cuda:0	True
2026-05-06 22:25:52,804 - INFO - module.noise_predictor.adaptive_graph_learner.fuzzy_log_sigmas	torch.Size([3])	cuda:0	True
2026-05-06 22:25:52,804 - INFO - module.noise_predictor.adaptive_graph_learner.fuzzy_rule_logits	torch.Size([3])	cuda:0	True
2026-05-06 22:25:52,804 - INFO - module.noise_predictor.adaptive_graph_learner.feature_projection.weight	torch.Size([32, 96])	cuda:0	True
2026-05-06 22:25:52,804 - INFO - module.noise_predictor.adaptive_graph_learner.feature_projection.bias	torch.Size([32])	cuda:0	True
2026-05-06 22:25:52,804 - INFO - module.noise_predictor.adaptive_graph_learner.time_projection.weight	torch.Size([32, 96])	cuda:0	True
2026-05-06 22:25:52,804 - INFO - module.noise_predictor.adaptive_graph_learner.time_projection.bias	torch.Size([32])	cuda:0	True
2026-05-06 22:25:52,804 - INFO - Total parameter numbers: 777613
2026-05-06 22:25:52,805 - INFO - Enable AMP training (dtype=float16).
2026-05-06 22:25:52,805 - INFO - You select `adamw` optimizer.
2026-05-06 22:25:52,805 - WARNING - Received unrecognized optimizer, set default Adam optimizer
2026-05-06 22:25:52,805 - INFO - You select `multisteplr` lr_scheduler.
2026-05-06 22:25:52,805 - WARNING - Received none train loss func and will use the loss func defined in the model.
2026-05-06 22:25:52,805 - INFO - Start training ...
2026-05-06 22:25:52,805 - INFO - num_batches:40
2026-05-06 22:25:53,100 - INFO - Enable physics warmup: steps=3000 start_ratio=0.200 mode=linear.
2026-05-06 22:25:53,102 - INFO - Enable physics warmup: steps=3000 start_ratio=0.200 mode=linear.
2026-05-06 22:25:53,103 - INFO - Enable physics warmup: steps=3000 start_ratio=0.200 mode=linear.
2026-05-06 22:26:09,422 - INFO - epoch complete!
2026-05-06 22:26:09,422 - INFO - evaluating now!
2026-05-06 22:26:10,674 - INFO - Epoch [0/3] train_loss: 416.6652, val_loss: 513.2372, lr: 0.001200, 17.87s
2026-05-06 22:26:10,717 - INFO - Saved model at 0
2026-05-06 22:26:10,717 - INFO - Val loss decrease from inf to 513.2372, saving to /home/lizhuoxuan/lzq/Bigscity-LibCity-master/outputs/20260506_222541__traffic_state_pred__new_diffusion_fuzzy__PEMSD4/model_cache/new_diffusion_fuzzy_PEMSD4_epoch0.tar
2026-05-06 22:26:26,668 - INFO - epoch complete!
2026-05-06 22:26:26,668 - INFO - evaluating now!
2026-05-06 22:26:27,918 - INFO - Epoch [1/3] train_loss: 316.9992, val_loss: 335.7576, lr: 0.001200, 17.20s
2026-05-06 22:26:27,961 - INFO - Saved model at 1
2026-05-06 22:26:27,961 - INFO - Val loss decrease from 513.2372 to 335.7576, saving to /home/lizhuoxuan/lzq/Bigscity-LibCity-master/outputs/20260506_222541__traffic_state_pred__new_diffusion_fuzzy__PEMSD4/model_cache/new_diffusion_fuzzy_PEMSD4_epoch1.tar
2026-05-06 22:26:44,000 - INFO - epoch complete!
2026-05-06 22:26:44,000 - INFO - evaluating now!
2026-05-06 22:26:45,248 - INFO - Epoch [2/3] train_loss: 208.9356, val_loss: 181.7338, lr: 0.001200, 17.29s
2026-05-06 22:26:45,291 - INFO - Saved model at 2
2026-05-06 22:26:45,292 - INFO - Val loss decrease from 335.7576 to 181.7338, saving to /home/lizhuoxuan/lzq/Bigscity-LibCity-master/outputs/20260506_222541__traffic_state_pred__new_diffusion_fuzzy__PEMSD4/model_cache/new_diffusion_fuzzy_PEMSD4_epoch2.tar
2026-05-06 22:26:45,292 - INFO - Trained totally 3 epochs, average train time is 16.202s, average eval time is 1.250s
2026-05-06 22:26:45,394 - INFO - Loaded model at 2
2026-05-06 22:26:45,395 - INFO - Saved model at /home/lizhuoxuan/lzq/Bigscity-LibCity-master/outputs/20260506_222541__traffic_state_pred__new_diffusion_fuzzy__PEMSD4/model_cache/new_diffusion_fuzzy_PEMSD4.m
2026-05-06 22:26:45,439 - INFO - Start evaluating ...
2026-05-06 22:28:18,488 - INFO - Note that you select the single mode to evaluate!
2026-05-06 22:28:18,491 - INFO - Evaluate result is saved at /home/lizhuoxuan/lzq/Bigscity-LibCity-master/outputs/20260506_222541__traffic_state_pred__new_diffusion_fuzzy__PEMSD4/evaluate_cache/2026_05_06_22_28_18_new_diffusion_fuzzy_PEMSD4.csv
2026-05-06 22:28:18,501 - INFO - 
          MAE        MAPE           MSE  ...  masked_RMSE        R2      EVAR
1   93.935013  705.931030  25483.035156  ...   160.344009 -0.530849 -0.003657
2   93.965530  691.809509  25485.570312  ...   160.338837 -0.531278 -0.003672
3   93.995193  699.168213  25497.507812  ...   160.376480 -0.531390 -0.003631
4   94.017624  684.307312  25501.507812  ...   160.387421 -0.531670 -0.003656
5   93.955620  691.073181  25487.089844  ...   160.354691 -0.531011 -0.003621
6   93.983673  693.203735  25489.304688  ...   160.349121 -0.531430 -0.003625
7   94.013618  685.036682  25501.191406  ...   160.385590 -0.531571 -0.003627
8   94.030411  674.191040  25503.925781  ...   160.393570 -0.531781 -0.003639
9   93.968002  697.015320  25489.546875  ...   160.360947 -0.531129 -0.003616
10  93.995483  684.195496  25491.937500  ...   160.356171 -0.531556 -0.003615
11  94.020760  689.227783  25502.980469  ...   160.389145 -0.531660 -0.003664
12  94.038582  681.789978  25505.777344  ...   160.397949 -0.531869 -0.003619

[12 rows x 10 columns]
2026-05-06 22:32:03,105 - INFO - Log directory: /home/lizhuoxuan/lzq/Bigscity-LibCity-master/outputs/20260506_222541__traffic_state_pred__new_diffusion_fuzzy__PEMSD4/logs
2026-05-06 22:32:03,106 - INFO - Begin resume artifact pipeline, run_id=20260506_222541__traffic_state_pred__new_diffusion_fuzzy__PEMSD4, task=traffic_state_pred, model_name=new_diffusion_fuzzy, dataset_name=PEMSD4
2026-05-06 22:32:03,106 - INFO - {'task': 'traffic_state_pred', 'model': 'new_diffusion_fuzzy', 'dataset': 'PEMSD4', 'saved_model': True, 'train': True, 'exp_id': '20260506_222541__traffic_state_pred__new_diffusion_fuzzy__PEMSD4', 'seed': 0, 'dist_backend': 'nccl', 'scale_lr': True, 'epoch': 2, 'max_epoch': 20, 'data_version_id': 'dv_1778076280_a6fe2641', 'dataset_class': 'TrafficStatePointDataset', 'executor': 'TrafficStateExecutor', 'evaluator': 'TrafficStateEvaluator', 'batch_size': 64, 'cache_dataset': True, 'num_workers': 0, 'pad_with_last_sample': True, 'train_rate': 0.7, 'eval_rate': 0.1, 'scaler': 'none', 'load_external': False, 'normal_external': False, 'ext_scaler': 'none', 'input_window': 12, 'output_window': 12, 'add_time_in_day': False, 'add_day_in_week': False, 'robustness_test': False, 'noise_type': 'gaussian', 'disturb_rate': 0.5, 'noise_mean': [5], 'noise_SD': [10], 'hidden_dim': 96, 'num_heads': 4, 'encoder_layers': 2, 'denoiser_layers': 3, 'ffn_hidden_dim': 192, 'graph_k_hop': 2, 'use_adaptive_graph': True, 'adaptive_graph_embed_dim': 32, 'adaptive_graph_topk': 12, 'adaptive_graph_blend_init': 0.5, 'use_fuzzy_graph': True, 'fuzzy_graph_num_sets': 3, 'fuzzy_graph_sigma_init': 0.7, 'use_spatiotemporal_attention': True, 'use_temporal_position_embedding': True, 'use_gradient_checkpointing': True, 'use_amp': True, 'amp_dtype': 'float16', 'dropout': 0.1, 'diffusion_steps': 200, 'diffusion_schedule': 'linear', 'beta_start': 0.0001, 'beta_end': 0.02, 'num_sampling_steps': 50, 'num_prediction_samples': 2, 'sampling_method': 'ddpm', 'ddim_eta': 0.0, 'physics_loss_weight': 0.05, 'physics_warmup_steps': 3000, 'physics_warmup_start_ratio': 0.2, 'physics_warmup_mode': 'linear', 'flow_conservation_coeff': 1.0, 'physics_channel_idx': 0, 'use_fuzzy_conservation': True, 'fuzzy_conservation_threshold': 0.6, 'fuzzy_conservation_temperature': 8.0, 'learner': 'adamw', 'learning_rate': 0.0003, 'lr_decay': True, 'weight_decay': 0.0001, 'clip_grad_norm': True, 'max_grad_norm': 3, 'use_early_stop': True, 'patience': 20, 'eval_batch_size': 32, 'steps': [20, 35], 'lr_decay_ratio': 0.5, 'gpu': True, 'gpu_id': 0, 'train_loss': 'none', 'lr_epsilon': 1e-08, 'lr_beta1': 0.9, 'lr_beta2': 0.999, 'lr_alpha': 0.99, 'lr_momentum': 0, 'lr_scheduler': 'multisteplr', 'step_size': 10, 'lr_T_max': 30, 'lr_eta_min': 0, 'lr_patience': 10, 'lr_threshold': 0.0001, 'log_level': 'INFO', 'log_every': 1, 'load_best_epoch': True, 'hyper_tune': False, 'metrics': ['MAE', 'MAPE', 'MSE', 'RMSE', 'masked_MAE', 'masked_MAPE', 'masked_MSE', 'masked_RMSE', 'R2', 'EVAR'], 'evaluator_mode': 'single', 'save_mode': ['csv'], 'geo': {'including_types': ['Point'], 'Point': {}}, 'rel': {'including_types': ['geo'], 'geo': {'cost': 'num'}}, 'dyna': {'including_types': ['state'], 'state': {'entity_id': 'geo_id', 'traffic_flow': 'num', 'traffic_occupancy': 'num', 'traffic_speed': 'num'}}, 'data_col': ['traffic_flow', 'traffic_occupancy', 'traffic_speed'], 'weight_col': 'cost', 'data_files': ['PEMSD4'], 'geo_file': 'PEMSD4', 'rel_file': 'PEMSD4', 'output_dim': 3, 'time_intervals': 300, 'init_weight_inf_or_zero': 'zero', 'set_weight_link_or_dist': 'link', 'calculate_weight_adj': False, 'weight_adj_epsilon': 0.1, 'is_distributed': False, 'world_size': 1, 'rank': 0, 'device': device(type='cuda', index=0)}
