2026-05-26 21:48:08,059 - INFO - Log directory: /home/lizhuoxuan/lzq/Bigscity-LibCity-master/outputs/20260526_214808__traffic_state_pred__final_new__PEMSD4/logs
2026-05-26 21:48:08,060 - INFO - Begin artifact training pipeline, task=traffic_state_pred, model_name=final_new, dataset_name=PEMSD4, exp_id=20260526_214808__traffic_state_pred__final_new__PEMSD4
2026-05-26 21:48:08,060 - INFO - {'task': 'traffic_state_pred', 'model': 'final_new', 'dataset': 'PEMSD4', 'saved_model': True, 'train': True, 'seed': 42, 'gpu': True, 'gpu_id': 0, 'train_rate': 0.6, 'eval_rate': 0.2, 'batch_size': 64, 'learning_rate': 0.0005, 'max_epoch': 50, 'dataset_class': 'TrafficStatePointDataset', 'executor': 'FinalNewExecutor', 'evaluator': 'TrafficStateEvaluator', 'band_center_init': 1.1, 'band_width_init': 0.7, 'calculate_weight_adj': False, 'cell_blend_init': 0, 'conservation_loss_weight': 0.1, 'conservation_steps_per_epoch': 80, 'conservation_warmup_epochs': 5, 'data_col': ['traffic_flow', 'traffic_occupancy', 'traffic_speed'], 'data_files': ['PEMSD4'], 'decoder_layers': 2, 'device': device(type='cuda', index=0), 'disturb_rate': 0.5, 'dropout': 0.1, 'dyna': {'including_types': ['state'], 'state': {'entity_id': 'geo_id', 'traffic_flow': 'num', 'traffic_occupancy': 'num', 'traffic_speed': 'num'}}, 'encoder_layers': 2, 'eval_batch_size': 64, 'evaluator_mode': 'single', 'ffn_hidden_dim': 128, 'fir_mode': 'lukasiewicz', 'fuzzy_num_sets': 4, 'geo': {'including_types': ['Point'], 'Point': {}}, 'geo_file': 'PEMSD4', 'graph_k_hop': 2, 'hidden_dim': 96, 'init_weight_inf_or_zero': 'zero', 'is_distributed': False, 'metrics': ['MAE', 'MAPE', 'MSE', 'RMSE', 'masked_MAE', 'masked_MAPE', 'masked_MSE', 'masked_RMSE', 'R2', 'EVAR'], 'noise_SD': [10], 'noise_mean': [5], 'noise_type': 'gaussian', 'num_cells': 8, 'num_heads': 2, 'num_workers': 0, 'output_dim': 3, 'pad_with_last_sample': True, 'physics_channel_idx': 0, 'rank': 0, 'region_transformer_layers': 1, 'rel': {'including_types': ['geo'], 'geo': {'cost': 'num'}}, 'rel_file': 'PEMSD4', 'robustness_test': False, 'save_mode': ['csv'], 'set_weight_link_or_dist': 'link', 'time_intervals': 300, 'use_amp': True, 'use_gradient_checkpointing': False, 'use_temporal_position_embedding': True, 'weight_adj_epsilon': 0.1, 'weight_col': 'cost', 'world_size': 1, 'clip_grad_norm': True, 'epoch': 0, 'learner': 'adamw', 'load_best_epoch': True, 'log_every': 1, 'lr_decay': True, 'lr_decay_ratio': 0.5, 'lr_patience': 5, 'lr_scheduler': 'reducelronplateau', 'lr_threshold': 0.001, 'max_grad_norm': 3, 'patience': 10, 'train_loss': 'none', 'use_early_stop': True, 'weight_decay': 0.0001, 'data_version_id': 'dv_1779803171_f3752292', 'input_window': 12, 'output_window': 12, 'scaler': 'standard', 'load_external': False, 'normal_external': False, 'add_time_in_day': True, 'add_day_in_week': True, 'cache_dataset': True, 'ext_scaler': 'none', 'exp_id': '20260526_214808__traffic_state_pred__final_new__PEMSD4'}
2026-05-26 21:48:18,120 - INFO - NewFuzzyCellAttention(
  (fuzzy_graph): FuzzyRelationalGraphLearner(
    (raw_projection): Linear(in_features=3, out_features=96, bias=True)
    (feature_to_membership): Sequential(
      (0): Linear(in_features=96, out_features=48, bias=True)
      (1): GELU(approximate='none')
      (2): Linear(in_features=48, out_features=4, bias=True)
    )
  )
  (condition_encoder): STEncoder(
    (input_projection): Linear(in_features=3, out_features=96, bias=True)
    (blocks): ModuleList(
      (0-1): 2 x STEncoderBlock(
        (temporal_attention): MultiHeadAttention(
          (query_projection): Linear(in_features=96, out_features=96, bias=True)
          (key_projection): Linear(in_features=96, out_features=96, bias=True)
          (value_projection): Linear(in_features=96, out_features=96, bias=True)
          (output_projection): Linear(in_features=96, out_features=96, bias=True)
          (dropout): Dropout(p=0.1, inplace=False)
        )
        (graph_convolution): FuzzyGraphConvolution(
          (projections): ModuleList(
            (0-2): 3 x Linear(in_features=96, out_features=96, bias=True)
          )
        )
        (feed_forward): FeedForwardNetwork(
          (network): Sequential(
            (0): Linear(in_features=96, out_features=128, bias=True)
            (1): GELU(approximate='none')
            (2): Dropout(p=0.1, inplace=False)
            (3): Linear(in_features=128, out_features=96, bias=True)
            (4): Dropout(p=0.1, inplace=False)
          )
        )
        (norm_temporal): LayerNorm((96,), eps=1e-05, elementwise_affine=True)
        (norm_graph): LayerNorm((96,), eps=1e-05, elementwise_affine=True)
        (norm_ffn): LayerNorm((96,), eps=1e-05, elementwise_affine=True)
        (dropout): Dropout(p=0.1, inplace=False)
        (cell_attention): FuzzyCellAttention(
          (cell_transform): Linear(in_features=96, out_features=96, bias=True)
          (output_projection): Linear(in_features=96, out_features=96, bias=True)
          (region_transformer): RegionTransformer(
            (self_attn): MultiHeadAttention(
              (query_projection): Linear(in_features=96, out_features=96, bias=True)
              (key_projection): Linear(in_features=96, out_features=96, bias=True)
              (value_projection): Linear(in_features=96, out_features=96, bias=True)
              (output_projection): Linear(in_features=96, out_features=96, bias=True)
              (dropout): Dropout(p=0.1, inplace=False)
            )
            (ffn): FeedForwardNetwork(
              (network): Sequential(
                (0): Linear(in_features=96, out_features=192, bias=True)
                (1): GELU(approximate='none')
                (2): Dropout(p=0.1, inplace=False)
                (3): Linear(in_features=192, out_features=96, bias=True)
                (4): Dropout(p=0.1, inplace=False)
              )
            )
            (norm1): LayerNorm((96,), eps=1e-05, elementwise_affine=True)
            (norm2): LayerNorm((96,), eps=1e-05, elementwise_affine=True)
            (dropout): Dropout(p=0.1, inplace=False)
          )
          (fuzzy_to_cell): Linear(in_features=4, out_features=8, bias=True)
        )
        (norm_cell): LayerNorm((96,), eps=1e-05, elementwise_affine=True)
      )
    )
    (final_norm): LayerNorm((96,), eps=1e-05, elementwise_affine=True)
  )
  (future_decoder): FutureDecoder(
    (blocks): ModuleList(
      (0-1): 2 x DecoderBlock(
        (temporal_attention): MultiHeadAttention(
          (query_projection): Linear(in_features=96, out_features=96, bias=True)
          (key_projection): Linear(in_features=96, out_features=96, bias=True)
          (value_projection): Linear(in_features=96, out_features=96, bias=True)
          (output_projection): Linear(in_features=96, out_features=96, bias=True)
          (dropout): Dropout(p=0.1, inplace=False)
        )
        (graph_convolution): FuzzyGraphConvolution(
          (projections): ModuleList(
            (0-2): 3 x Linear(in_features=96, out_features=96, bias=True)
          )
        )
        (cross_attention): MultiHeadAttention(
          (query_projection): Linear(in_features=96, out_features=96, bias=True)
          (key_projection): Linear(in_features=96, out_features=96, bias=True)
          (value_projection): Linear(in_features=96, out_features=96, bias=True)
          (output_projection): Linear(in_features=96, out_features=96, bias=True)
          (dropout): Dropout(p=0.1, inplace=False)
        )
        (feed_forward): FeedForwardNetwork(
          (network): Sequential(
            (0): Linear(in_features=96, out_features=128, bias=True)
            (1): GELU(approximate='none')
            (2): Dropout(p=0.1, inplace=False)
            (3): Linear(in_features=128, out_features=96, bias=True)
            (4): Dropout(p=0.1, inplace=False)
          )
        )
        (norm_temporal): LayerNorm((96,), eps=1e-05, elementwise_affine=True)
        (norm_graph): LayerNorm((96,), eps=1e-05, elementwise_affine=True)
        (norm_cross): LayerNorm((96,), eps=1e-05, elementwise_affine=True)
        (norm_ffn): LayerNorm((96,), eps=1e-05, elementwise_affine=True)
        (dropout): Dropout(p=0.1, inplace=False)
        (cell_attention): FuzzyCellAttention(
          (cell_transform): Linear(in_features=96, out_features=96, bias=True)
          (output_projection): Linear(in_features=96, out_features=96, bias=True)
          (region_transformer): RegionTransformer(
            (self_attn): MultiHeadAttention(
              (query_projection): Linear(in_features=96, out_features=96, bias=True)
              (key_projection): Linear(in_features=96, out_features=96, bias=True)
              (value_projection): Linear(in_features=96, out_features=96, bias=True)
              (output_projection): Linear(in_features=96, out_features=96, bias=True)
              (dropout): Dropout(p=0.1, inplace=False)
            )
            (ffn): FeedForwardNetwork(
              (network): Sequential(
                (0): Linear(in_features=96, out_features=192, bias=True)
                (1): GELU(approximate='none')
                (2): Dropout(p=0.1, inplace=False)
                (3): Linear(in_features=192, out_features=96, bias=True)
                (4): Dropout(p=0.1, inplace=False)
              )
            )
            (norm1): LayerNorm((96,), eps=1e-05, elementwise_affine=True)
            (norm2): LayerNorm((96,), eps=1e-05, elementwise_affine=True)
            (dropout): Dropout(p=0.1, inplace=False)
          )
          (fuzzy_to_cell): Linear(in_features=4, out_features=8, bias=True)
        )
        (norm_cell): LayerNorm((96,), eps=1e-05, elementwise_affine=True)
      )
    )
    (final_norm): LayerNorm((96,), eps=1e-05, elementwise_affine=True)
    (output_projection): Linear(in_features=96, out_features=3, bias=True)
  )
)
2026-05-26 21:48:18,121 - INFO - fuzzy_graph.base_memberships	torch.Size([307, 4])	cuda:0	True
2026-05-26 21:48:18,121 - INFO - fuzzy_graph.blend_logit	torch.Size([])	cuda:0	True
2026-05-26 21:48:18,121 - INFO - fuzzy_graph.raw_projection.weight	torch.Size([96, 3])	cuda:0	True
2026-05-26 21:48:18,121 - INFO - fuzzy_graph.raw_projection.bias	torch.Size([96])	cuda:0	True
2026-05-26 21:48:18,121 - INFO - fuzzy_graph.feature_to_membership.0.weight	torch.Size([48, 96])	cuda:0	True
2026-05-26 21:48:18,121 - INFO - fuzzy_graph.feature_to_membership.0.bias	torch.Size([48])	cuda:0	True
2026-05-26 21:48:18,122 - INFO - fuzzy_graph.feature_to_membership.2.weight	torch.Size([4, 48])	cuda:0	True
2026-05-26 21:48:18,122 - INFO - fuzzy_graph.feature_to_membership.2.bias	torch.Size([4])	cuda:0	True
2026-05-26 21:48:18,122 - INFO - condition_encoder.temporal_position_embedding	torch.Size([1, 12, 1, 96])	cuda:0	True
2026-05-26 21:48:18,122 - INFO - condition_encoder.input_projection.weight	torch.Size([96, 3])	cuda:0	True
2026-05-26 21:48:18,122 - INFO - condition_encoder.input_projection.bias	torch.Size([96])	cuda:0	True
2026-05-26 21:48:18,122 - INFO - condition_encoder.blocks.0.temporal_attention.query_projection.weight	torch.Size([96, 96])	cuda:0	True
2026-05-26 21:48:18,122 - INFO - condition_encoder.blocks.0.temporal_attention.query_projection.bias	torch.Size([96])	cuda:0	True
2026-05-26 21:48:18,122 - INFO - condition_encoder.blocks.0.temporal_attention.key_projection.weight	torch.Size([96, 96])	cuda:0	True
2026-05-26 21:48:18,122 - INFO - condition_encoder.blocks.0.temporal_attention.key_projection.bias	torch.Size([96])	cuda:0	True
2026-05-26 21:48:18,122 - INFO - condition_encoder.blocks.0.temporal_attention.value_projection.weight	torch.Size([96, 96])	cuda:0	True
2026-05-26 21:48:18,122 - INFO - condition_encoder.blocks.0.temporal_attention.value_projection.bias	torch.Size([96])	cuda:0	True
2026-05-26 21:48:18,122 - INFO - condition_encoder.blocks.0.temporal_attention.output_projection.weight	torch.Size([96, 96])	cuda:0	True
2026-05-26 21:48:18,122 - INFO - condition_encoder.blocks.0.temporal_attention.output_projection.bias	torch.Size([96])	cuda:0	True
2026-05-26 21:48:18,122 - INFO - condition_encoder.blocks.0.graph_convolution.projections.0.weight	torch.Size([96, 96])	cuda:0	True
2026-05-26 21:48:18,122 - INFO - condition_encoder.blocks.0.graph_convolution.projections.0.bias	torch.Size([96])	cuda:0	True
2026-05-26 21:48:18,122 - INFO - condition_encoder.blocks.0.graph_convolution.projections.1.weight	torch.Size([96, 96])	cuda:0	True
2026-05-26 21:48:18,122 - INFO - condition_encoder.blocks.0.graph_convolution.projections.1.bias	torch.Size([96])	cuda:0	True
2026-05-26 21:48:18,122 - INFO - condition_encoder.blocks.0.graph_convolution.projections.2.weight	torch.Size([96, 96])	cuda:0	True
2026-05-26 21:48:18,122 - INFO - condition_encoder.blocks.0.graph_convolution.projections.2.bias	torch.Size([96])	cuda:0	True
2026-05-26 21:48:18,122 - INFO - condition_encoder.blocks.0.feed_forward.network.0.weight	torch.Size([128, 96])	cuda:0	True
2026-05-26 21:48:18,122 - INFO - condition_encoder.blocks.0.feed_forward.network.0.bias	torch.Size([128])	cuda:0	True
2026-05-26 21:48:18,122 - INFO - condition_encoder.blocks.0.feed_forward.network.3.weight	torch.Size([96, 128])	cuda:0	True
2026-05-26 21:48:18,122 - INFO - condition_encoder.blocks.0.feed_forward.network.3.bias	torch.Size([96])	cuda:0	True
2026-05-26 21:48:18,122 - INFO - condition_encoder.blocks.0.norm_temporal.weight	torch.Size([96])	cuda:0	True
2026-05-26 21:48:18,122 - INFO - condition_encoder.blocks.0.norm_temporal.bias	torch.Size([96])	cuda:0	True
2026-05-26 21:48:18,122 - INFO - condition_encoder.blocks.0.norm_graph.weight	torch.Size([96])	cuda:0	True
2026-05-26 21:48:18,122 - INFO - condition_encoder.blocks.0.norm_graph.bias	torch.Size([96])	cuda:0	True
2026-05-26 21:48:18,122 - INFO - condition_encoder.blocks.0.norm_ffn.weight	torch.Size([96])	cuda:0	True
2026-05-26 21:48:18,122 - INFO - condition_encoder.blocks.0.norm_ffn.bias	torch.Size([96])	cuda:0	True
2026-05-26 21:48:18,122 - INFO - condition_encoder.blocks.0.cell_attention.centers	torch.Size([8, 96])	cuda:0	True
2026-05-26 21:48:18,122 - INFO - condition_encoder.blocks.0.cell_attention.log_sigma_sq	torch.Size([1])	cuda:0	True
2026-05-26 21:48:18,122 - INFO - condition_encoder.blocks.0.cell_attention.cell_blend	torch.Size([])	cuda:0	True
2026-05-26 21:48:18,122 - INFO - condition_encoder.blocks.0.cell_attention.band_center	torch.Size([])	cuda:0	True
2026-05-26 21:48:18,122 - INFO - condition_encoder.blocks.0.cell_attention.band_width_raw	torch.Size([])	cuda:0	True
2026-05-26 21:48:18,122 - INFO - condition_encoder.blocks.0.cell_attention.cell_transform.weight	torch.Size([96, 96])	cuda:0	True
2026-05-26 21:48:18,122 - INFO - condition_encoder.blocks.0.cell_attention.cell_transform.bias	torch.Size([96])	cuda:0	True
2026-05-26 21:48:18,122 - INFO - condition_encoder.blocks.0.cell_attention.output_projection.weight	torch.Size([96, 96])	cuda:0	True
2026-05-26 21:48:18,122 - INFO - condition_encoder.blocks.0.cell_attention.output_projection.bias	torch.Size([96])	cuda:0	True
2026-05-26 21:48:18,122 - INFO - condition_encoder.blocks.0.cell_attention.region_transformer.self_attn.query_projection.weight	torch.Size([96, 96])	cuda:0	True
2026-05-26 21:48:18,122 - INFO - condition_encoder.blocks.0.cell_attention.region_transformer.self_attn.query_projection.bias	torch.Size([96])	cuda:0	True
2026-05-26 21:48:18,122 - INFO - condition_encoder.blocks.0.cell_attention.region_transformer.self_attn.key_projection.weight	torch.Size([96, 96])	cuda:0	True
2026-05-26 21:48:18,123 - INFO - condition_encoder.blocks.0.cell_attention.region_transformer.self_attn.key_projection.bias	torch.Size([96])	cuda:0	True
2026-05-26 21:48:18,123 - INFO - condition_encoder.blocks.0.cell_attention.region_transformer.self_attn.value_projection.weight	torch.Size([96, 96])	cuda:0	True
2026-05-26 21:48:18,123 - INFO - condition_encoder.blocks.0.cell_attention.region_transformer.self_attn.value_projection.bias	torch.Size([96])	cuda:0	True
2026-05-26 21:48:18,123 - INFO - condition_encoder.blocks.0.cell_attention.region_transformer.self_attn.output_projection.weight	torch.Size([96, 96])	cuda:0	True
2026-05-26 21:48:18,123 - INFO - condition_encoder.blocks.0.cell_attention.region_transformer.self_attn.output_projection.bias	torch.Size([96])	cuda:0	True
2026-05-26 21:48:18,123 - INFO - condition_encoder.blocks.0.cell_attention.region_transformer.ffn.network.0.weight	torch.Size([192, 96])	cuda:0	True
2026-05-26 21:48:18,123 - INFO - condition_encoder.blocks.0.cell_attention.region_transformer.ffn.network.0.bias	torch.Size([192])	cuda:0	True
2026-05-26 21:48:18,123 - INFO - condition_encoder.blocks.0.cell_attention.region_transformer.ffn.network.3.weight	torch.Size([96, 192])	cuda:0	True
2026-05-26 21:48:18,123 - INFO - condition_encoder.blocks.0.cell_attention.region_transformer.ffn.network.3.bias	torch.Size([96])	cuda:0	True
2026-05-26 21:48:18,123 - INFO - condition_encoder.blocks.0.cell_attention.region_transformer.norm1.weight	torch.Size([96])	cuda:0	True
2026-05-26 21:48:18,123 - INFO - condition_encoder.blocks.0.cell_attention.region_transformer.norm1.bias	torch.Size([96])	cuda:0	True
2026-05-26 21:48:18,123 - INFO - condition_encoder.blocks.0.cell_attention.region_transformer.norm2.weight	torch.Size([96])	cuda:0	True
2026-05-26 21:48:18,123 - INFO - condition_encoder.blocks.0.cell_attention.region_transformer.norm2.bias	torch.Size([96])	cuda:0	True
2026-05-26 21:48:18,123 - INFO - condition_encoder.blocks.0.cell_attention.fuzzy_to_cell.weight	torch.Size([8, 4])	cuda:0	True
2026-05-26 21:48:18,123 - INFO - condition_encoder.blocks.0.cell_attention.fuzzy_to_cell.bias	torch.Size([8])	cuda:0	True
2026-05-26 21:48:18,123 - INFO - condition_encoder.blocks.0.norm_cell.weight	torch.Size([96])	cuda:0	True
2026-05-26 21:48:18,123 - INFO - condition_encoder.blocks.0.norm_cell.bias	torch.Size([96])	cuda:0	True
2026-05-26 21:48:18,123 - INFO - condition_encoder.blocks.1.temporal_attention.query_projection.weight	torch.Size([96, 96])	cuda:0	True
2026-05-26 21:48:18,123 - INFO - condition_encoder.blocks.1.temporal_attention.query_projection.bias	torch.Size([96])	cuda:0	True
2026-05-26 21:48:18,123 - INFO - condition_encoder.blocks.1.temporal_attention.key_projection.weight	torch.Size([96, 96])	cuda:0	True
2026-05-26 21:48:18,123 - INFO - condition_encoder.blocks.1.temporal_attention.key_projection.bias	torch.Size([96])	cuda:0	True
2026-05-26 21:48:18,123 - INFO - condition_encoder.blocks.1.temporal_attention.value_projection.weight	torch.Size([96, 96])	cuda:0	True
2026-05-26 21:48:18,123 - INFO - condition_encoder.blocks.1.temporal_attention.value_projection.bias	torch.Size([96])	cuda:0	True
2026-05-26 21:48:18,123 - INFO - condition_encoder.blocks.1.temporal_attention.output_projection.weight	torch.Size([96, 96])	cuda:0	True
2026-05-26 21:48:18,123 - INFO - condition_encoder.blocks.1.temporal_attention.output_projection.bias	torch.Size([96])	cuda:0	True
2026-05-26 21:48:18,123 - INFO - condition_encoder.blocks.1.graph_convolution.projections.0.weight	torch.Size([96, 96])	cuda:0	True
2026-05-26 21:48:18,123 - INFO - condition_encoder.blocks.1.graph_convolution.projections.0.bias	torch.Size([96])	cuda:0	True
2026-05-26 21:48:18,123 - INFO - condition_encoder.blocks.1.graph_convolution.projections.1.weight	torch.Size([96, 96])	cuda:0	True
2026-05-26 21:48:18,123 - INFO - condition_encoder.blocks.1.graph_convolution.projections.1.bias	torch.Size([96])	cuda:0	True
2026-05-26 21:48:18,123 - INFO - condition_encoder.blocks.1.graph_convolution.projections.2.weight	torch.Size([96, 96])	cuda:0	True
2026-05-26 21:48:18,123 - INFO - condition_encoder.blocks.1.graph_convolution.projections.2.bias	torch.Size([96])	cuda:0	True
2026-05-26 21:48:18,123 - INFO - condition_encoder.blocks.1.feed_forward.network.0.weight	torch.Size([128, 96])	cuda:0	True
2026-05-26 21:48:18,123 - INFO - condition_encoder.blocks.1.feed_forward.network.0.bias	torch.Size([128])	cuda:0	True
2026-05-26 21:48:18,123 - INFO - condition_encoder.blocks.1.feed_forward.network.3.weight	torch.Size([96, 128])	cuda:0	True
2026-05-26 21:48:18,123 - INFO - condition_encoder.blocks.1.feed_forward.network.3.bias	torch.Size([96])	cuda:0	True
2026-05-26 21:48:18,123 - INFO - condition_encoder.blocks.1.norm_temporal.weight	torch.Size([96])	cuda:0	True
2026-05-26 21:48:18,123 - INFO - condition_encoder.blocks.1.norm_temporal.bias	torch.Size([96])	cuda:0	True
2026-05-26 21:48:18,123 - INFO - condition_encoder.blocks.1.norm_graph.weight	torch.Size([96])	cuda:0	True
2026-05-26 21:48:18,123 - INFO - condition_encoder.blocks.1.norm_graph.bias	torch.Size([96])	cuda:0	True
2026-05-26 21:48:18,123 - INFO - condition_encoder.blocks.1.norm_ffn.weight	torch.Size([96])	cuda:0	True
2026-05-26 21:48:18,123 - INFO - condition_encoder.blocks.1.norm_ffn.bias	torch.Size([96])	cuda:0	True
2026-05-26 21:48:18,123 - INFO - condition_encoder.blocks.1.cell_attention.centers	torch.Size([8, 96])	cuda:0	True
2026-05-26 21:48:18,124 - INFO - condition_encoder.blocks.1.cell_attention.log_sigma_sq	torch.Size([1])	cuda:0	True
2026-05-26 21:48:18,124 - INFO - condition_encoder.blocks.1.cell_attention.cell_blend	torch.Size([])	cuda:0	True
2026-05-26 21:48:18,124 - INFO - condition_encoder.blocks.1.cell_attention.band_center	torch.Size([])	cuda:0	True
2026-05-26 21:48:18,124 - INFO - condition_encoder.blocks.1.cell_attention.band_width_raw	torch.Size([])	cuda:0	True
2026-05-26 21:48:18,124 - INFO - condition_encoder.blocks.1.cell_attention.cell_transform.weight	torch.Size([96, 96])	cuda:0	True
2026-05-26 21:48:18,124 - INFO - condition_encoder.blocks.1.cell_attention.cell_transform.bias	torch.Size([96])	cuda:0	True
2026-05-26 21:48:18,124 - INFO - condition_encoder.blocks.1.cell_attention.output_projection.weight	torch.Size([96, 96])	cuda:0	True
2026-05-26 21:48:18,124 - INFO - condition_encoder.blocks.1.cell_attention.output_projection.bias	torch.Size([96])	cuda:0	True
2026-05-26 21:48:18,124 - INFO - condition_encoder.blocks.1.cell_attention.region_transformer.self_attn.query_projection.weight	torch.Size([96, 96])	cuda:0	True
2026-05-26 21:48:18,124 - INFO - condition_encoder.blocks.1.cell_attention.region_transformer.self_attn.query_projection.bias	torch.Size([96])	cuda:0	True
2026-05-26 21:48:18,124 - INFO - condition_encoder.blocks.1.cell_attention.region_transformer.self_attn.key_projection.weight	torch.Size([96, 96])	cuda:0	True
2026-05-26 21:48:18,124 - INFO - condition_encoder.blocks.1.cell_attention.region_transformer.self_attn.key_projection.bias	torch.Size([96])	cuda:0	True
2026-05-26 21:48:18,124 - INFO - condition_encoder.blocks.1.cell_attention.region_transformer.self_attn.value_projection.weight	torch.Size([96, 96])	cuda:0	True
2026-05-26 21:48:18,124 - INFO - condition_encoder.blocks.1.cell_attention.region_transformer.self_attn.value_projection.bias	torch.Size([96])	cuda:0	True
2026-05-26 21:48:18,124 - INFO - condition_encoder.blocks.1.cell_attention.region_transformer.self_attn.output_projection.weight	torch.Size([96, 96])	cuda:0	True
2026-05-26 21:48:18,124 - INFO - condition_encoder.blocks.1.cell_attention.region_transformer.self_attn.output_projection.bias	torch.Size([96])	cuda:0	True
2026-05-26 21:48:18,124 - INFO - condition_encoder.blocks.1.cell_attention.region_transformer.ffn.network.0.weight	torch.Size([192, 96])	cuda:0	True
2026-05-26 21:48:18,124 - INFO - condition_encoder.blocks.1.cell_attention.region_transformer.ffn.network.0.bias	torch.Size([192])	cuda:0	True
2026-05-26 21:48:18,124 - INFO - condition_encoder.blocks.1.cell_attention.region_transformer.ffn.network.3.weight	torch.Size([96, 192])	cuda:0	True
2026-05-26 21:48:18,124 - INFO - condition_encoder.blocks.1.cell_attention.region_transformer.ffn.network.3.bias	torch.Size([96])	cuda:0	True
2026-05-26 21:48:18,124 - INFO - condition_encoder.blocks.1.cell_attention.region_transformer.norm1.weight	torch.Size([96])	cuda:0	True
2026-05-26 21:48:18,124 - INFO - condition_encoder.blocks.1.cell_attention.region_transformer.norm1.bias	torch.Size([96])	cuda:0	True
2026-05-26 21:48:18,124 - INFO - condition_encoder.blocks.1.cell_attention.region_transformer.norm2.weight	torch.Size([96])	cuda:0	True
2026-05-26 21:48:18,124 - INFO - condition_encoder.blocks.1.cell_attention.region_transformer.norm2.bias	torch.Size([96])	cuda:0	True
2026-05-26 21:48:18,124 - INFO - condition_encoder.blocks.1.cell_attention.fuzzy_to_cell.weight	torch.Size([8, 4])	cuda:0	True
2026-05-26 21:48:18,124 - INFO - condition_encoder.blocks.1.cell_attention.fuzzy_to_cell.bias	torch.Size([8])	cuda:0	True
2026-05-26 21:48:18,124 - INFO - condition_encoder.blocks.1.norm_cell.weight	torch.Size([96])	cuda:0	True
2026-05-26 21:48:18,124 - INFO - condition_encoder.blocks.1.norm_cell.bias	torch.Size([96])	cuda:0	True
2026-05-26 21:48:18,124 - INFO - condition_encoder.final_norm.weight	torch.Size([96])	cuda:0	True
2026-05-26 21:48:18,124 - INFO - condition_encoder.final_norm.bias	torch.Size([96])	cuda:0	True
2026-05-26 21:48:18,124 - INFO - future_decoder.future_queries	torch.Size([1, 12, 307, 96])	cuda:0	True
2026-05-26 21:48:18,124 - INFO - future_decoder.blocks.0.temporal_attention.query_projection.weight	torch.Size([96, 96])	cuda:0	True
2026-05-26 21:48:18,124 - INFO - future_decoder.blocks.0.temporal_attention.query_projection.bias	torch.Size([96])	cuda:0	True
2026-05-26 21:48:18,124 - INFO - future_decoder.blocks.0.temporal_attention.key_projection.weight	torch.Size([96, 96])	cuda:0	True
2026-05-26 21:48:18,124 - INFO - future_decoder.blocks.0.temporal_attention.key_projection.bias	torch.Size([96])	cuda:0	True
2026-05-26 21:48:18,124 - INFO - future_decoder.blocks.0.temporal_attention.value_projection.weight	torch.Size([96, 96])	cuda:0	True
2026-05-26 21:48:18,124 - INFO - future_decoder.blocks.0.temporal_attention.value_projection.bias	torch.Size([96])	cuda:0	True
2026-05-26 21:48:18,124 - INFO - future_decoder.blocks.0.temporal_attention.output_projection.weight	torch.Size([96, 96])	cuda:0	True
2026-05-26 21:48:18,124 - INFO - future_decoder.blocks.0.temporal_attention.output_projection.bias	torch.Size([96])	cuda:0	True
2026-05-26 21:48:18,124 - INFO - future_decoder.blocks.0.graph_convolution.projections.0.weight	torch.Size([96, 96])	cuda:0	True
2026-05-26 21:48:18,124 - INFO - future_decoder.blocks.0.graph_convolution.projections.0.bias	torch.Size([96])	cuda:0	True
2026-05-26 21:48:18,124 - INFO - future_decoder.blocks.0.graph_convolution.projections.1.weight	torch.Size([96, 96])	cuda:0	True
2026-05-26 21:48:18,125 - INFO - future_decoder.blocks.0.graph_convolution.projections.1.bias	torch.Size([96])	cuda:0	True
2026-05-26 21:48:18,125 - INFO - future_decoder.blocks.0.graph_convolution.projections.2.weight	torch.Size([96, 96])	cuda:0	True
2026-05-26 21:48:18,125 - INFO - future_decoder.blocks.0.graph_convolution.projections.2.bias	torch.Size([96])	cuda:0	True
2026-05-26 21:48:18,125 - INFO - future_decoder.blocks.0.cross_attention.query_projection.weight	torch.Size([96, 96])	cuda:0	True
2026-05-26 21:48:18,125 - INFO - future_decoder.blocks.0.cross_attention.query_projection.bias	torch.Size([96])	cuda:0	True
2026-05-26 21:48:18,125 - INFO - future_decoder.blocks.0.cross_attention.key_projection.weight	torch.Size([96, 96])	cuda:0	True
2026-05-26 21:48:18,125 - INFO - future_decoder.blocks.0.cross_attention.key_projection.bias	torch.Size([96])	cuda:0	True
2026-05-26 21:48:18,125 - INFO - future_decoder.blocks.0.cross_attention.value_projection.weight	torch.Size([96, 96])	cuda:0	True
2026-05-26 21:48:18,125 - INFO - future_decoder.blocks.0.cross_attention.value_projection.bias	torch.Size([96])	cuda:0	True
2026-05-26 21:48:18,125 - INFO - future_decoder.blocks.0.cross_attention.output_projection.weight	torch.Size([96, 96])	cuda:0	True
2026-05-26 21:48:18,125 - INFO - future_decoder.blocks.0.cross_attention.output_projection.bias	torch.Size([96])	cuda:0	True
2026-05-26 21:48:18,125 - INFO - future_decoder.blocks.0.feed_forward.network.0.weight	torch.Size([128, 96])	cuda:0	True
2026-05-26 21:48:18,125 - INFO - future_decoder.blocks.0.feed_forward.network.0.bias	torch.Size([128])	cuda:0	True
2026-05-26 21:48:18,125 - INFO - future_decoder.blocks.0.feed_forward.network.3.weight	torch.Size([96, 128])	cuda:0	True
2026-05-26 21:48:18,125 - INFO - future_decoder.blocks.0.feed_forward.network.3.bias	torch.Size([96])	cuda:0	True
2026-05-26 21:48:18,125 - INFO - future_decoder.blocks.0.norm_temporal.weight	torch.Size([96])	cuda:0	True
2026-05-26 21:48:18,125 - INFO - future_decoder.blocks.0.norm_temporal.bias	torch.Size([96])	cuda:0	True
2026-05-26 21:48:18,125 - INFO - future_decoder.blocks.0.norm_graph.weight	torch.Size([96])	cuda:0	True
2026-05-26 21:48:18,125 - INFO - future_decoder.blocks.0.norm_graph.bias	torch.Size([96])	cuda:0	True
2026-05-26 21:48:18,125 - INFO - future_decoder.blocks.0.norm_cross.weight	torch.Size([96])	cuda:0	True
2026-05-26 21:48:18,125 - INFO - future_decoder.blocks.0.norm_cross.bias	torch.Size([96])	cuda:0	True
2026-05-26 21:48:18,125 - INFO - future_decoder.blocks.0.norm_ffn.weight	torch.Size([96])	cuda:0	True
2026-05-26 21:48:18,125 - INFO - future_decoder.blocks.0.norm_ffn.bias	torch.Size([96])	cuda:0	True
2026-05-26 21:48:18,125 - INFO - future_decoder.blocks.0.cell_attention.centers	torch.Size([8, 96])	cuda:0	True
2026-05-26 21:48:18,125 - INFO - future_decoder.blocks.0.cell_attention.log_sigma_sq	torch.Size([1])	cuda:0	True
2026-05-26 21:48:18,125 - INFO - future_decoder.blocks.0.cell_attention.cell_blend	torch.Size([])	cuda:0	True
2026-05-26 21:48:18,125 - INFO - future_decoder.blocks.0.cell_attention.band_center	torch.Size([])	cuda:0	True
2026-05-26 21:48:18,125 - INFO - future_decoder.blocks.0.cell_attention.band_width_raw	torch.Size([])	cuda:0	True
2026-05-26 21:48:18,125 - INFO - future_decoder.blocks.0.cell_attention.cell_transform.weight	torch.Size([96, 96])	cuda:0	True
2026-05-26 21:48:18,125 - INFO - future_decoder.blocks.0.cell_attention.cell_transform.bias	torch.Size([96])	cuda:0	True
2026-05-26 21:48:18,125 - INFO - future_decoder.blocks.0.cell_attention.output_projection.weight	torch.Size([96, 96])	cuda:0	True
2026-05-26 21:48:18,125 - INFO - future_decoder.blocks.0.cell_attention.output_projection.bias	torch.Size([96])	cuda:0	True
2026-05-26 21:48:18,125 - INFO - future_decoder.blocks.0.cell_attention.region_transformer.self_attn.query_projection.weight	torch.Size([96, 96])	cuda:0	True
2026-05-26 21:48:18,125 - INFO - future_decoder.blocks.0.cell_attention.region_transformer.self_attn.query_projection.bias	torch.Size([96])	cuda:0	True
2026-05-26 21:48:18,125 - INFO - future_decoder.blocks.0.cell_attention.region_transformer.self_attn.key_projection.weight	torch.Size([96, 96])	cuda:0	True
2026-05-26 21:48:18,125 - INFO - future_decoder.blocks.0.cell_attention.region_transformer.self_attn.key_projection.bias	torch.Size([96])	cuda:0	True
2026-05-26 21:48:18,125 - INFO - future_decoder.blocks.0.cell_attention.region_transformer.self_attn.value_projection.weight	torch.Size([96, 96])	cuda:0	True
2026-05-26 21:48:18,125 - INFO - future_decoder.blocks.0.cell_attention.region_transformer.self_attn.value_projection.bias	torch.Size([96])	cuda:0	True
2026-05-26 21:48:18,125 - INFO - future_decoder.blocks.0.cell_attention.region_transformer.self_attn.output_projection.weight	torch.Size([96, 96])	cuda:0	True
2026-05-26 21:48:18,125 - INFO - future_decoder.blocks.0.cell_attention.region_transformer.self_attn.output_projection.bias	torch.Size([96])	cuda:0	True
2026-05-26 21:48:18,125 - INFO - future_decoder.blocks.0.cell_attention.region_transformer.ffn.network.0.weight	torch.Size([192, 96])	cuda:0	True
2026-05-26 21:48:18,125 - INFO - future_decoder.blocks.0.cell_attention.region_transformer.ffn.network.0.bias	torch.Size([192])	cuda:0	True
2026-05-26 21:48:18,126 - INFO - future_decoder.blocks.0.cell_attention.region_transformer.ffn.network.3.weight	torch.Size([96, 192])	cuda:0	True
2026-05-26 21:48:18,126 - INFO - future_decoder.blocks.0.cell_attention.region_transformer.ffn.network.3.bias	torch.Size([96])	cuda:0	True
2026-05-26 21:48:18,126 - INFO - future_decoder.blocks.0.cell_attention.region_transformer.norm1.weight	torch.Size([96])	cuda:0	True
2026-05-26 21:48:18,126 - INFO - future_decoder.blocks.0.cell_attention.region_transformer.norm1.bias	torch.Size([96])	cuda:0	True
2026-05-26 21:48:18,126 - INFO - future_decoder.blocks.0.cell_attention.region_transformer.norm2.weight	torch.Size([96])	cuda:0	True
2026-05-26 21:48:18,126 - INFO - future_decoder.blocks.0.cell_attention.region_transformer.norm2.bias	torch.Size([96])	cuda:0	True
2026-05-26 21:48:18,126 - INFO - future_decoder.blocks.0.cell_attention.fuzzy_to_cell.weight	torch.Size([8, 4])	cuda:0	True
2026-05-26 21:48:18,126 - INFO - future_decoder.blocks.0.cell_attention.fuzzy_to_cell.bias	torch.Size([8])	cuda:0	True
2026-05-26 21:48:18,126 - INFO - future_decoder.blocks.0.norm_cell.weight	torch.Size([96])	cuda:0	True
2026-05-26 21:48:18,126 - INFO - future_decoder.blocks.0.norm_cell.bias	torch.Size([96])	cuda:0	True
2026-05-26 21:48:18,126 - INFO - future_decoder.blocks.1.temporal_attention.query_projection.weight	torch.Size([96, 96])	cuda:0	True
2026-05-26 21:48:18,126 - INFO - future_decoder.blocks.1.temporal_attention.query_projection.bias	torch.Size([96])	cuda:0	True
2026-05-26 21:48:18,126 - INFO - future_decoder.blocks.1.temporal_attention.key_projection.weight	torch.Size([96, 96])	cuda:0	True
2026-05-26 21:48:18,126 - INFO - future_decoder.blocks.1.temporal_attention.key_projection.bias	torch.Size([96])	cuda:0	True
2026-05-26 21:48:18,126 - INFO - future_decoder.blocks.1.temporal_attention.value_projection.weight	torch.Size([96, 96])	cuda:0	True
2026-05-26 21:48:18,126 - INFO - future_decoder.blocks.1.temporal_attention.value_projection.bias	torch.Size([96])	cuda:0	True
2026-05-26 21:48:18,126 - INFO - future_decoder.blocks.1.temporal_attention.output_projection.weight	torch.Size([96, 96])	cuda:0	True
2026-05-26 21:48:18,126 - INFO - future_decoder.blocks.1.temporal_attention.output_projection.bias	torch.Size([96])	cuda:0	True
2026-05-26 21:48:18,126 - INFO - future_decoder.blocks.1.graph_convolution.projections.0.weight	torch.Size([96, 96])	cuda:0	True
2026-05-26 21:48:18,126 - INFO - future_decoder.blocks.1.graph_convolution.projections.0.bias	torch.Size([96])	cuda:0	True
2026-05-26 21:48:18,126 - INFO - future_decoder.blocks.1.graph_convolution.projections.1.weight	torch.Size([96, 96])	cuda:0	True
2026-05-26 21:48:18,126 - INFO - future_decoder.blocks.1.graph_convolution.projections.1.bias	torch.Size([96])	cuda:0	True
2026-05-26 21:48:18,126 - INFO - future_decoder.blocks.1.graph_convolution.projections.2.weight	torch.Size([96, 96])	cuda:0	True
2026-05-26 21:48:18,126 - INFO - future_decoder.blocks.1.graph_convolution.projections.2.bias	torch.Size([96])	cuda:0	True
2026-05-26 21:48:18,126 - INFO - future_decoder.blocks.1.cross_attention.query_projection.weight	torch.Size([96, 96])	cuda:0	True
2026-05-26 21:48:18,126 - INFO - future_decoder.blocks.1.cross_attention.query_projection.bias	torch.Size([96])	cuda:0	True
2026-05-26 21:48:18,126 - INFO - future_decoder.blocks.1.cross_attention.key_projection.weight	torch.Size([96, 96])	cuda:0	True
2026-05-26 21:48:18,126 - INFO - future_decoder.blocks.1.cross_attention.key_projection.bias	torch.Size([96])	cuda:0	True
2026-05-26 21:48:18,126 - INFO - future_decoder.blocks.1.cross_attention.value_projection.weight	torch.Size([96, 96])	cuda:0	True
2026-05-26 21:48:18,126 - INFO - future_decoder.blocks.1.cross_attention.value_projection.bias	torch.Size([96])	cuda:0	True
2026-05-26 21:48:18,126 - INFO - future_decoder.blocks.1.cross_attention.output_projection.weight	torch.Size([96, 96])	cuda:0	True
2026-05-26 21:48:18,126 - INFO - future_decoder.blocks.1.cross_attention.output_projection.bias	torch.Size([96])	cuda:0	True
2026-05-26 21:48:18,126 - INFO - future_decoder.blocks.1.feed_forward.network.0.weight	torch.Size([128, 96])	cuda:0	True
2026-05-26 21:48:18,126 - INFO - future_decoder.blocks.1.feed_forward.network.0.bias	torch.Size([128])	cuda:0	True
2026-05-26 21:48:18,126 - INFO - future_decoder.blocks.1.feed_forward.network.3.weight	torch.Size([96, 128])	cuda:0	True
2026-05-26 21:48:18,126 - INFO - future_decoder.blocks.1.feed_forward.network.3.bias	torch.Size([96])	cuda:0	True
2026-05-26 21:48:18,126 - INFO - future_decoder.blocks.1.norm_temporal.weight	torch.Size([96])	cuda:0	True
2026-05-26 21:48:18,126 - INFO - future_decoder.blocks.1.norm_temporal.bias	torch.Size([96])	cuda:0	True
2026-05-26 21:48:18,126 - INFO - future_decoder.blocks.1.norm_graph.weight	torch.Size([96])	cuda:0	True
2026-05-26 21:48:18,126 - INFO - future_decoder.blocks.1.norm_graph.bias	torch.Size([96])	cuda:0	True
2026-05-26 21:48:18,126 - INFO - future_decoder.blocks.1.norm_cross.weight	torch.Size([96])	cuda:0	True
2026-05-26 21:48:18,126 - INFO - future_decoder.blocks.1.norm_cross.bias	torch.Size([96])	cuda:0	True
2026-05-26 21:48:18,127 - INFO - future_decoder.blocks.1.norm_ffn.weight	torch.Size([96])	cuda:0	True
2026-05-26 21:48:18,127 - INFO - future_decoder.blocks.1.norm_ffn.bias	torch.Size([96])	cuda:0	True
2026-05-26 21:48:18,127 - INFO - future_decoder.blocks.1.cell_attention.centers	torch.Size([8, 96])	cuda:0	True
2026-05-26 21:48:18,127 - INFO - future_decoder.blocks.1.cell_attention.log_sigma_sq	torch.Size([1])	cuda:0	True
2026-05-26 21:48:18,127 - INFO - future_decoder.blocks.1.cell_attention.cell_blend	torch.Size([])	cuda:0	True
2026-05-26 21:48:18,127 - INFO - future_decoder.blocks.1.cell_attention.band_center	torch.Size([])	cuda:0	True
2026-05-26 21:48:18,127 - INFO - future_decoder.blocks.1.cell_attention.band_width_raw	torch.Size([])	cuda:0	True
2026-05-26 21:48:18,127 - INFO - future_decoder.blocks.1.cell_attention.cell_transform.weight	torch.Size([96, 96])	cuda:0	True
2026-05-26 21:48:18,127 - INFO - future_decoder.blocks.1.cell_attention.cell_transform.bias	torch.Size([96])	cuda:0	True
2026-05-26 21:48:18,127 - INFO - future_decoder.blocks.1.cell_attention.output_projection.weight	torch.Size([96, 96])	cuda:0	True
2026-05-26 21:48:18,127 - INFO - future_decoder.blocks.1.cell_attention.output_projection.bias	torch.Size([96])	cuda:0	True
2026-05-26 21:48:18,127 - INFO - future_decoder.blocks.1.cell_attention.region_transformer.self_attn.query_projection.weight	torch.Size([96, 96])	cuda:0	True
2026-05-26 21:48:18,127 - INFO - future_decoder.blocks.1.cell_attention.region_transformer.self_attn.query_projection.bias	torch.Size([96])	cuda:0	True
2026-05-26 21:48:18,127 - INFO - future_decoder.blocks.1.cell_attention.region_transformer.self_attn.key_projection.weight	torch.Size([96, 96])	cuda:0	True
2026-05-26 21:48:18,127 - INFO - future_decoder.blocks.1.cell_attention.region_transformer.self_attn.key_projection.bias	torch.Size([96])	cuda:0	True
2026-05-26 21:48:18,127 - INFO - future_decoder.blocks.1.cell_attention.region_transformer.self_attn.value_projection.weight	torch.Size([96, 96])	cuda:0	True
2026-05-26 21:48:18,127 - INFO - future_decoder.blocks.1.cell_attention.region_transformer.self_attn.value_projection.bias	torch.Size([96])	cuda:0	True
2026-05-26 21:48:18,127 - INFO - future_decoder.blocks.1.cell_attention.region_transformer.self_attn.output_projection.weight	torch.Size([96, 96])	cuda:0	True
2026-05-26 21:48:18,127 - INFO - future_decoder.blocks.1.cell_attention.region_transformer.self_attn.output_projection.bias	torch.Size([96])	cuda:0	True
2026-05-26 21:48:18,127 - INFO - future_decoder.blocks.1.cell_attention.region_transformer.ffn.network.0.weight	torch.Size([192, 96])	cuda:0	True
2026-05-26 21:48:18,127 - INFO - future_decoder.blocks.1.cell_attention.region_transformer.ffn.network.0.bias	torch.Size([192])	cuda:0	True
2026-05-26 21:48:18,127 - INFO - future_decoder.blocks.1.cell_attention.region_transformer.ffn.network.3.weight	torch.Size([96, 192])	cuda:0	True
2026-05-26 21:48:18,127 - INFO - future_decoder.blocks.1.cell_attention.region_transformer.ffn.network.3.bias	torch.Size([96])	cuda:0	True
2026-05-26 21:48:18,127 - INFO - future_decoder.blocks.1.cell_attention.region_transformer.norm1.weight	torch.Size([96])	cuda:0	True
2026-05-26 21:48:18,127 - INFO - future_decoder.blocks.1.cell_attention.region_transformer.norm1.bias	torch.Size([96])	cuda:0	True
2026-05-26 21:48:18,127 - INFO - future_decoder.blocks.1.cell_attention.region_transformer.norm2.weight	torch.Size([96])	cuda:0	True
2026-05-26 21:48:18,127 - INFO - future_decoder.blocks.1.cell_attention.region_transformer.norm2.bias	torch.Size([96])	cuda:0	True
2026-05-26 21:48:18,127 - INFO - future_decoder.blocks.1.cell_attention.fuzzy_to_cell.weight	torch.Size([8, 4])	cuda:0	True
2026-05-26 21:48:18,127 - INFO - future_decoder.blocks.1.cell_attention.fuzzy_to_cell.bias	torch.Size([8])	cuda:0	True
2026-05-26 21:48:18,127 - INFO - future_decoder.blocks.1.norm_cell.weight	torch.Size([96])	cuda:0	True
2026-05-26 21:48:18,127 - INFO - future_decoder.blocks.1.norm_cell.bias	torch.Size([96])	cuda:0	True
2026-05-26 21:48:18,127 - INFO - future_decoder.final_norm.weight	torch.Size([96])	cuda:0	True
2026-05-26 21:48:18,127 - INFO - future_decoder.final_norm.bias	torch.Size([96])	cuda:0	True
2026-05-26 21:48:18,127 - INFO - future_decoder.output_projection.weight	torch.Size([3, 96])	cuda:0	True
2026-05-26 21:48:18,127 - INFO - future_decoder.output_projection.bias	torch.Size([3])	cuda:0	True
2026-05-26 21:48:18,128 - INFO - Total parameter numbers: 1177108
2026-05-26 21:48:18,128 - INFO - Enable AMP training (dtype=float16).
2026-05-26 21:48:18,128 - INFO - You select `adamw` optimizer.
2026-05-26 21:48:18,883 - INFO - You select `reducelronplateau` lr_scheduler.
2026-05-26 21:48:18,883 - WARNING - Received none train loss func and will use the loss func defined in the model.
2026-05-26 21:48:18,883 - INFO - Start training ...
2026-05-26 21:48:18,883 - INFO - num_batches:161
2026-05-26 21:48:45,836 - INFO - Epoch [0/50] train_loss: 0.3121, val_loss: 0.2761, lr: 0.000500, 26.95s
2026-05-26 21:48:45,899 - INFO - Saved model at 0
2026-05-26 21:48:45,899 - INFO - Val loss decrease from inf to 0.2761, saving to /home/lizhuoxuan/lzq/Bigscity-LibCity-master/outputs/20260526_214808__traffic_state_pred__final_new__PEMSD4/model_cache/final_new_PEMSD4_epoch0.tar
2026-05-26 21:49:12,200 - INFO - Epoch [1/50] train_loss: 0.2584, val_loss: 0.2513, lr: 0.000500, 26.30s
2026-05-26 21:49:12,262 - INFO - Saved model at 1
2026-05-26 21:49:12,262 - INFO - Val loss decrease from 0.2761 to 0.2513, saving to /home/lizhuoxuan/lzq/Bigscity-LibCity-master/outputs/20260526_214808__traffic_state_pred__final_new__PEMSD4/model_cache/final_new_PEMSD4_epoch1.tar
2026-05-26 21:49:38,716 - INFO - Epoch [2/50] train_loss: 0.2192, val_loss: 0.2479, lr: 0.000500, 26.45s
2026-05-26 21:49:38,777 - INFO - Saved model at 2
2026-05-26 21:49:38,777 - INFO - Val loss decrease from 0.2513 to 0.2479, saving to /home/lizhuoxuan/lzq/Bigscity-LibCity-master/outputs/20260526_214808__traffic_state_pred__final_new__PEMSD4/model_cache/final_new_PEMSD4_epoch2.tar
2026-05-26 21:50:05,131 - INFO - Epoch [3/50] train_loss: 0.1818, val_loss: 0.1726, lr: 0.000500, 26.35s
2026-05-26 21:50:05,192 - INFO - Saved model at 3
2026-05-26 21:50:05,192 - INFO - Val loss decrease from 0.2479 to 0.1726, saving to /home/lizhuoxuan/lzq/Bigscity-LibCity-master/outputs/20260526_214808__traffic_state_pred__final_new__PEMSD4/model_cache/final_new_PEMSD4_epoch3.tar
2026-05-26 21:50:31,510 - INFO - Epoch [4/50] train_loss: 0.1638, val_loss: 0.1608, lr: 0.000500, 26.32s
2026-05-26 21:50:31,571 - INFO - Saved model at 4
2026-05-26 21:50:31,571 - INFO - Val loss decrease from 0.1726 to 0.1608, saving to /home/lizhuoxuan/lzq/Bigscity-LibCity-master/outputs/20260526_214808__traffic_state_pred__final_new__PEMSD4/model_cache/final_new_PEMSD4_epoch4.tar
2026-05-26 21:50:57,952 - INFO - Epoch [5/50] train_loss: 0.1319, val_loss: 0.1682, lr: 0.000500, 26.38s
2026-05-26 21:51:24,332 - INFO - Epoch [6/50] train_loss: 0.1087, val_loss: 0.1024, lr: 0.000500, 26.38s
2026-05-26 21:51:24,394 - INFO - Saved model at 6
2026-05-26 21:51:24,395 - INFO - Val loss decrease from 0.1608 to 0.1024, saving to /home/lizhuoxuan/lzq/Bigscity-LibCity-master/outputs/20260526_214808__traffic_state_pred__final_new__PEMSD4/model_cache/final_new_PEMSD4_epoch6.tar
2026-05-26 21:51:50,878 - INFO - Epoch [7/50] train_loss: 0.1011, val_loss: 0.0968, lr: 0.000500, 26.48s
2026-05-26 21:51:50,940 - INFO - Saved model at 7
2026-05-26 21:51:50,941 - INFO - Val loss decrease from 0.1024 to 0.0968, saving to /home/lizhuoxuan/lzq/Bigscity-LibCity-master/outputs/20260526_214808__traffic_state_pred__final_new__PEMSD4/model_cache/final_new_PEMSD4_epoch7.tar
2026-05-26 21:52:17,259 - INFO - Epoch [8/50] train_loss: 0.0934, val_loss: 0.1140, lr: 0.000500, 26.32s
2026-05-26 21:52:43,539 - INFO - Epoch [9/50] train_loss: 0.0920, val_loss: 0.1220, lr: 0.000500, 26.28s
2026-05-26 21:53:09,799 - INFO - Epoch [10/50] train_loss: 0.0887, val_loss: 0.0863, lr: 0.000500, 26.26s
2026-05-26 21:53:09,861 - INFO - Saved model at 10
2026-05-26 21:53:09,861 - INFO - Val loss decrease from 0.0968 to 0.0863, saving to /home/lizhuoxuan/lzq/Bigscity-LibCity-master/outputs/20260526_214808__traffic_state_pred__final_new__PEMSD4/model_cache/final_new_PEMSD4_epoch10.tar
2026-05-26 21:53:36,150 - INFO - Epoch [11/50] train_loss: 0.0851, val_loss: 0.0869, lr: 0.000500, 26.29s
2026-05-26 21:54:02,547 - INFO - Epoch [12/50] train_loss: 0.0844, val_loss: 0.0825, lr: 0.000500, 26.40s
2026-05-26 21:54:02,610 - INFO - Saved model at 12
2026-05-26 21:54:02,610 - INFO - Val loss decrease from 0.0863 to 0.0825, saving to /home/lizhuoxuan/lzq/Bigscity-LibCity-master/outputs/20260526_214808__traffic_state_pred__final_new__PEMSD4/model_cache/final_new_PEMSD4_epoch12.tar
2026-05-26 21:54:28,981 - INFO - Epoch [13/50] train_loss: 0.0832, val_loss: 0.1054, lr: 0.000500, 26.37s
2026-05-26 21:54:55,311 - INFO - Epoch [14/50] train_loss: 0.0843, val_loss: 0.0800, lr: 0.000500, 26.33s
2026-05-26 21:54:55,372 - INFO - Saved model at 14
2026-05-26 21:54:55,372 - INFO - Val loss decrease from 0.0825 to 0.0800, saving to /home/lizhuoxuan/lzq/Bigscity-LibCity-master/outputs/20260526_214808__traffic_state_pred__final_new__PEMSD4/model_cache/final_new_PEMSD4_epoch14.tar
2026-05-26 21:55:21,702 - INFO - Epoch [15/50] train_loss: 0.0819, val_loss: 0.0865, lr: 0.000500, 26.33s
2026-05-26 21:55:48,018 - INFO - Epoch [16/50] train_loss: 0.0827, val_loss: 0.0824, lr: 0.000500, 26.32s
2026-05-26 21:56:14,346 - INFO - Epoch [17/50] train_loss: 0.0808, val_loss: 0.0920, lr: 0.000500, 26.33s
2026-05-26 21:56:40,633 - INFO - Epoch [18/50] train_loss: 0.0804, val_loss: 0.0870, lr: 0.000500, 26.29s
2026-05-26 21:57:07,034 - INFO - Epoch [19/50] train_loss: 0.0799, val_loss: 0.0814, lr: 0.000500, 26.40s
2026-05-26 21:57:33,386 - INFO - Epoch [20/50] train_loss: 0.0800, val_loss: 0.0882, lr: 0.000250, 26.35s
2026-05-26 21:57:59,784 - INFO - Epoch [21/50] train_loss: 0.0779, val_loss: 0.0808, lr: 0.000250, 26.40s
2026-05-26 21:58:26,125 - INFO - Epoch [22/50] train_loss: 0.0774, val_loss: 0.0806, lr: 0.000250, 26.34s
2026-05-26 21:58:52,457 - INFO - Epoch [23/50] train_loss: 0.0776, val_loss: 0.0768, lr: 0.000250, 26.33s
2026-05-26 21:58:52,519 - INFO - Saved model at 23
2026-05-26 21:58:52,519 - INFO - Val loss decrease from 0.0800 to 0.0768, saving to /home/lizhuoxuan/lzq/Bigscity-LibCity-master/outputs/20260526_214808__traffic_state_pred__final_new__PEMSD4/model_cache/final_new_PEMSD4_epoch23.tar
2026-05-26 21:59:18,978 - INFO - Epoch [24/50] train_loss: 0.0772, val_loss: 0.0802, lr: 0.000250, 26.46s
2026-05-26 21:59:45,429 - INFO - Epoch [25/50] train_loss: 0.0765, val_loss: 0.0771, lr: 0.000250, 26.45s
2026-05-26 22:00:11,939 - INFO - Epoch [26/50] train_loss: 0.0765, val_loss: 0.0839, lr: 0.000250, 26.51s
2026-05-26 22:00:38,447 - INFO - Epoch [27/50] train_loss: 0.0766, val_loss: 0.0751, lr: 0.000250, 26.51s
2026-05-26 22:00:38,509 - INFO - Saved model at 27
2026-05-26 22:00:38,509 - INFO - Val loss decrease from 0.0768 to 0.0751, saving to /home/lizhuoxuan/lzq/Bigscity-LibCity-master/outputs/20260526_214808__traffic_state_pred__final_new__PEMSD4/model_cache/final_new_PEMSD4_epoch27.tar
2026-05-26 22:01:04,946 - INFO - Epoch [28/50] train_loss: 0.0761, val_loss: 0.0799, lr: 0.000250, 26.44s
2026-05-26 22:01:31,299 - INFO - Epoch [29/50] train_loss: 0.0761, val_loss: 0.0772, lr: 0.000250, 26.35s
2026-05-26 22:01:57,708 - INFO - Epoch [30/50] train_loss: 0.0758, val_loss: 0.0806, lr: 0.000250, 26.41s
2026-05-26 22:02:24,091 - INFO - Epoch [31/50] train_loss: 0.0759, val_loss: 0.0763, lr: 0.000250, 26.38s
2026-05-26 22:02:50,502 - INFO - Epoch [32/50] train_loss: 0.0759, val_loss: 0.0807, lr: 0.000250, 26.41s
2026-05-26 22:03:16,915 - INFO - Epoch [33/50] train_loss: 0.0773, val_loss: 0.0770, lr: 0.000125, 26.41s
2026-05-26 22:03:43,347 - INFO - Epoch [34/50] train_loss: 0.0749, val_loss: 0.0764, lr: 0.000125, 26.43s
2026-05-26 22:04:09,786 - INFO - Epoch [35/50] train_loss: 0.0747, val_loss: 0.0761, lr: 0.000125, 26.44s
2026-05-26 22:04:36,188 - INFO - Epoch [36/50] train_loss: 0.0742, val_loss: 0.0748, lr: 0.000125, 26.40s
2026-05-26 22:04:36,251 - INFO - Saved model at 36
2026-05-26 22:04:36,251 - INFO - Val loss decrease from 0.0751 to 0.0748, saving to /home/lizhuoxuan/lzq/Bigscity-LibCity-master/outputs/20260526_214808__traffic_state_pred__final_new__PEMSD4/model_cache/final_new_PEMSD4_epoch36.tar
2026-05-26 22:05:02,634 - INFO - Epoch [37/50] train_loss: 0.0743, val_loss: 0.0761, lr: 0.000125, 26.38s
2026-05-26 22:05:28,977 - INFO - Epoch [38/50] train_loss: 0.0742, val_loss: 0.0741, lr: 0.000125, 26.34s
2026-05-26 22:05:29,041 - INFO - Saved model at 38
2026-05-26 22:05:29,041 - INFO - Val loss decrease from 0.0748 to 0.0741, saving to /home/lizhuoxuan/lzq/Bigscity-LibCity-master/outputs/20260526_214808__traffic_state_pred__final_new__PEMSD4/model_cache/final_new_PEMSD4_epoch38.tar
2026-05-26 22:05:55,447 - INFO - Epoch [39/50] train_loss: 0.0740, val_loss: 0.0754, lr: 0.000125, 26.41s
2026-05-26 22:06:21,869 - INFO - Epoch [40/50] train_loss: 0.0752, val_loss: 0.0821, lr: 0.000125, 26.42s
2026-05-26 22:06:48,236 - INFO - Epoch [41/50] train_loss: 0.0742, val_loss: 0.0748, lr: 0.000125, 26.37s
2026-05-26 22:07:14,670 - INFO - Epoch [42/50] train_loss: 0.0736, val_loss: 0.0744, lr: 0.000125, 26.43s
2026-05-26 22:07:41,066 - INFO - Epoch [43/50] train_loss: 0.0737, val_loss: 0.0763, lr: 0.000125, 26.40s
2026-05-26 22:08:07,432 - INFO - Epoch [44/50] train_loss: 0.0735, val_loss: 0.0744, lr: 0.000063, 26.37s
2026-05-26 22:08:33,761 - INFO - Epoch [45/50] train_loss: 0.0730, val_loss: 0.0744, lr: 0.000063, 26.33s
2026-05-26 22:09:00,116 - INFO - Epoch [46/50] train_loss: 0.0731, val_loss: 0.0743, lr: 0.000063, 26.35s
2026-05-26 22:09:26,518 - INFO - Epoch [47/50] train_loss: 0.0729, val_loss: 0.0743, lr: 0.000063, 26.40s
2026-05-26 22:09:52,917 - INFO - Epoch [48/50] train_loss: 0.0728, val_loss: 0.0740, lr: 0.000063, 26.40s
2026-05-26 22:09:52,979 - INFO - Saved model at 48
2026-05-26 22:09:52,979 - INFO - Val loss decrease from 0.0741 to 0.0740, saving to /home/lizhuoxuan/lzq/Bigscity-LibCity-master/outputs/20260526_214808__traffic_state_pred__final_new__PEMSD4/model_cache/final_new_PEMSD4_epoch48.tar
2026-05-26 22:10:19,400 - INFO - Epoch [49/50] train_loss: 0.0726, val_loss: 0.0754, lr: 0.000063, 26.42s
2026-05-26 22:10:19,400 - INFO - Trained totally 50 epochs, average train time is 23.907s, average eval time is 2.485s
2026-05-26 22:10:19,400 - INFO - Loading best model state from epoch 48
2026-05-26 22:10:19,405 - INFO - Saved model at /home/lizhuoxuan/lzq/Bigscity-LibCity-master/outputs/20260526_214808__traffic_state_pred__final_new__PEMSD4/model_cache/final_new_PEMSD4.m
2026-05-26 22:10:19,457 - INFO - Start evaluating ...
2026-05-26 22:10:44,608 - INFO - Note that you select the single mode to evaluate!
2026-05-26 22:10:44,614 - INFO - Evaluate result is saved at /home/lizhuoxuan/lzq/Bigscity-LibCity-master/outputs/20260526_214808__traffic_state_pred__final_new__PEMSD4/evaluate_cache/2026_05_26_22_10_44_final_new_PEMSD4.csv
2026-05-26 22:10:44,624 - INFO - 
          MAE      MAPE         MSE  ...  masked_RMSE        R2      EVAR
1    8.101319  2.015771  333.370697  ...    18.172859  0.979731  0.979798
2    8.370395  2.041166  362.289825  ...    18.934994  0.977971  0.978042
3    8.654970  2.087004  391.832001  ...    19.688068  0.976180  0.976253
4    8.918842  2.158121  419.830231  ...    20.375893  0.974473  0.974553
5    9.158670  2.242518  445.425293  ...    20.987976  0.972916  0.972991
6    9.400132  2.283180  472.658783  ...    21.620819  0.971250  0.971315
7    9.687551  2.297642  505.680267  ...    22.370163  0.969239  0.969294
8    9.957469  2.302516  536.318604  ...    23.039724  0.967373  0.967422
9   10.211126  2.308382  564.694397  ...    23.641487  0.965650  0.965700
10  10.435558  2.312205  591.112549  ...    24.186150  0.964037  0.964095
11  10.697391  2.341851  621.007935  ...    24.792351  0.962217  0.962278
12  11.015059  2.391392  659.261841  ...    25.548216  0.959892  0.959952

[12 rows x 10 columns]
