2026-05-26 13:12:30,628 - INFO - Log directory: /home/lizhuoxuan/lzq/Bigscity-LibCity-master/outputs/20260526_131230__traffic_state_pred__new_fuzzy_cellattention__PEMSD4/logs
2026-05-26 13:12:30,823 - INFO - Log directory: /home/lizhuoxuan/lzq/Bigscity-LibCity-master/outputs/20260526_131230__traffic_state_pred__new_fuzzy_cellattention__PEMSD4/logs
2026-05-26 13:12:30,859 - INFO - Begin artifact training pipeline, task=traffic_state_pred, model_name=new_fuzzy_cellattention, dataset_name=PEMSD4, exp_id=20260526_131230__traffic_state_pred__new_fuzzy_cellattention__PEMSD4
2026-05-26 13:12:30,860 - INFO - {'task': 'traffic_state_pred', 'model': 'new_fuzzy_cellattention', 'dataset': 'PEMSD4', 'saved_model': True, 'train': True, 'seed': 42, 'train_rate': 0.6, 'eval_rate': 0.2, 'batch_size': 64, 'learning_rate': 0.001, 'max_epoch': 20, 'dataset_class': 'TrafficStatePointDataset', 'executor': 'TrafficStateExecutor', 'evaluator': 'TrafficStateEvaluator', 'calculate_weight_adj': False, 'cell_blend_init': 0.1, 'conservation_loss_weight': 0.1, 'conservation_steps_per_epoch': 80, 'conservation_warmup_epochs': 5, 'data_col': ['traffic_flow', 'traffic_occupancy', 'traffic_speed'], 'data_files': ['PEMSD4'], 'decoder_layers': 2, 'device': device(type='cuda', index=0), 'disturb_rate': 0.5, 'dropout': 0.1, 'dyna': {'including_types': ['state'], 'state': {'entity_id': 'geo_id', 'traffic_flow': 'num', 'traffic_occupancy': 'num', 'traffic_speed': 'num'}}, 'encoder_layers': 2, 'eval_batch_size': 64, 'evaluator_mode': 'single', 'ffn_hidden_dim': 128, 'fuzzy_num_sets': 3, 'geo': {'including_types': ['Point'], 'Point': {}}, 'geo_file': 'PEMSD4', 'graph_k_hop': 2, 'hidden_dim': 64, 'init_weight_inf_or_zero': 'zero', 'is_distributed': True, 'metrics': ['MAE', 'MAPE', 'MSE', 'RMSE', 'masked_MAE', 'masked_MAPE', 'masked_MSE', 'masked_RMSE', 'R2', 'EVAR'], 'noise_SD': [10], 'noise_mean': [5], 'noise_type': 'gaussian', 'num_cells': 16, 'num_heads': 2, 'num_workers': 0, 'output_dim': 3, 'pad_with_last_sample': True, 'physics_channel_idx': 0, 'rank': 0, 'rel': {'including_types': ['geo'], 'geo': {'cost': 'num'}}, 'rel_file': 'PEMSD4', 'robustness_test': False, 'save_mode': ['csv'], 'scale_lr': False, 'set_weight_link_or_dist': 'link', 'time_intervals': 300, 'use_amp': True, 'use_cell_attention': True, 'use_fuzzy_conservation': True, 'use_fuzzy_graph': True, 'use_gradient_checkpointing': False, 'use_hollow_kernel': True, 'use_spatiotemporal_attention': False, 'use_temporal_position_embedding': True, 'weight_adj_epsilon': 0.1, 'weight_col': 'cost', 'world_size': 2, 'clip_grad_norm': True, 'epoch': 0, 'gpu': True, 'gpu_id': 0, 'learner': 'adamw', 'load_best_epoch': True, 'log_every': 1, 'lr_decay': True, 'lr_decay_ratio': 0.5, 'lr_patience': 5, 'lr_scheduler': 'cosineannealinglr', 'lr_threshold': 0.001, 'max_grad_norm': 3, 'patience': 30, 'train_loss': 'none', 'use_early_stop': True, 'weight_decay': 0.0001, 'data_version_id': 'dv_1779770376_856a4e70', 'input_window': 12, 'output_window': 12, 'scaler': 'standard', 'load_external': False, 'normal_external': False, 'add_time_in_day': True, 'add_day_in_week': True, 'cache_dataset': True, 'ext_scaler': 'none', 'local_rank': 0, 'dist_backend': 'nccl', 'exp_id': '20260526_131230__traffic_state_pred__new_fuzzy_cellattention__PEMSD4'}
2026-05-26 13:12:41,330 - INFO - Enable AMP training (dtype=float16).
2026-05-26 13:12:41,331 - INFO - You select `adamw` optimizer.
2026-05-26 13:12:41,331 - INFO - You select `cosineannealinglr` lr_scheduler.
2026-05-26 13:12:41,331 - WARNING - Received none train loss func and will use the loss func defined in the model.
2026-05-26 13:12:41,331 - INFO - DistributedDataParallel(
  (module): NewFuzzyCellAttention(
    (fuzzy_graph): FuzzyRelationalGraphLearner(
      (raw_projection): Linear(in_features=3, out_features=64, bias=True)
      (feature_to_membership): Sequential(
        (0): Linear(in_features=64, out_features=32, bias=True)
        (1): GELU(approximate='none')
        (2): Linear(in_features=32, out_features=3, bias=True)
      )
    )
    (condition_encoder): STEncoder(
      (input_projection): Linear(in_features=3, out_features=64, bias=True)
      (blocks): ModuleList(
        (0-1): 2 x STEncoderBlock(
          (temporal_attention): MultiHeadAttention(
            (query_projection): Linear(in_features=64, out_features=64, bias=True)
            (key_projection): Linear(in_features=64, out_features=64, bias=True)
            (value_projection): Linear(in_features=64, out_features=64, bias=True)
            (output_projection): Linear(in_features=64, out_features=64, bias=True)
            (dropout): Dropout(p=0.1, inplace=False)
          )
          (graph_convolution): FuzzyGraphConvolution(
            (projections): ModuleList(
              (0-2): 3 x Linear(in_features=64, out_features=64, bias=True)
            )
          )
          (feed_forward): FeedForwardNetwork(
            (network): Sequential(
              (0): Linear(in_features=64, out_features=128, bias=True)
              (1): GELU(approximate='none')
              (2): Dropout(p=0.1, inplace=False)
              (3): Linear(in_features=128, out_features=64, bias=True)
              (4): Dropout(p=0.1, inplace=False)
            )
          )
          (norm_temporal): LayerNorm((64,), eps=1e-05, elementwise_affine=True)
          (norm_graph): LayerNorm((64,), eps=1e-05, elementwise_affine=True)
          (norm_ffn): LayerNorm((64,), eps=1e-05, elementwise_affine=True)
          (dropout): Dropout(p=0.1, inplace=False)
          (cell_attention): FuzzyCellAttention(
            (cell_transform): Linear(in_features=64, out_features=64, bias=True)
            (output_projection): Linear(in_features=64, out_features=64, bias=True)
          )
          (norm_cell): LayerNorm((64,), eps=1e-05, elementwise_affine=True)
        )
      )
      (final_norm): LayerNorm((64,), eps=1e-05, elementwise_affine=True)
    )
    (future_decoder): FutureDecoder(
      (blocks): ModuleList(
        (0-1): 2 x DecoderBlock(
          (temporal_attention): MultiHeadAttention(
            (query_projection): Linear(in_features=64, out_features=64, bias=True)
            (key_projection): Linear(in_features=64, out_features=64, bias=True)
            (value_projection): Linear(in_features=64, out_features=64, bias=True)
            (output_projection): Linear(in_features=64, out_features=64, bias=True)
            (dropout): Dropout(p=0.1, inplace=False)
          )
          (graph_convolution): FuzzyGraphConvolution(
            (projections): ModuleList(
              (0-2): 3 x Linear(in_features=64, out_features=64, bias=True)
            )
          )
          (cross_attention): MultiHeadAttention(
            (query_projection): Linear(in_features=64, out_features=64, bias=True)
            (key_projection): Linear(in_features=64, out_features=64, bias=True)
            (value_projection): Linear(in_features=64, out_features=64, bias=True)
            (output_projection): Linear(in_features=64, out_features=64, bias=True)
            (dropout): Dropout(p=0.1, inplace=False)
          )
          (feed_forward): FeedForwardNetwork(
            (network): Sequential(
              (0): Linear(in_features=64, out_features=128, bias=True)
              (1): GELU(approximate='none')
              (2): Dropout(p=0.1, inplace=False)
              (3): Linear(in_features=128, out_features=64, bias=True)
              (4): Dropout(p=0.1, inplace=False)
            )
          )
          (norm_temporal): LayerNorm((64,), eps=1e-05, elementwise_affine=True)
          (norm_graph): LayerNorm((64,), eps=1e-05, elementwise_affine=True)
          (norm_cross): LayerNorm((64,), eps=1e-05, elementwise_affine=True)
          (norm_ffn): LayerNorm((64,), eps=1e-05, elementwise_affine=True)
          (dropout): Dropout(p=0.1, inplace=False)
          (cell_attention): FuzzyCellAttention(
            (cell_transform): Linear(in_features=64, out_features=64, bias=True)
            (output_projection): Linear(in_features=64, out_features=64, bias=True)
          )
          (norm_cell): LayerNorm((64,), eps=1e-05, elementwise_affine=True)
        )
      )
      (final_norm): LayerNorm((64,), eps=1e-05, elementwise_affine=True)
      (output_projection): Linear(in_features=64, out_features=3, bias=True)
    )
  )
)
2026-05-26 13:12:41,331 - INFO - Start training ...
2026-05-26 13:12:41,331 - INFO - num_batches:80
2026-05-26 13:12:41,332 - INFO - module.fuzzy_graph.base_memberships	torch.Size([307, 3])	cuda:0	True
2026-05-26 13:12:41,332 - INFO - module.fuzzy_graph.fuzzy_prototypes	torch.Size([3, 64])	cuda:0	True
2026-05-26 13:12:41,332 - INFO - module.fuzzy_graph.blend_logit	torch.Size([])	cuda:0	True
2026-05-26 13:12:41,332 - INFO - module.fuzzy_graph.raw_projection.weight	torch.Size([64, 3])	cuda:0	True
2026-05-26 13:12:41,332 - INFO - module.fuzzy_graph.raw_projection.bias	torch.Size([64])	cuda:0	True
2026-05-26 13:12:41,332 - INFO - module.fuzzy_graph.feature_to_membership.0.weight	torch.Size([32, 64])	cuda:0	True
2026-05-26 13:12:41,332 - INFO - module.fuzzy_graph.feature_to_membership.0.bias	torch.Size([32])	cuda:0	True
2026-05-26 13:12:41,332 - INFO - module.fuzzy_graph.feature_to_membership.2.weight	torch.Size([3, 32])	cuda:0	True
2026-05-26 13:12:41,332 - INFO - module.fuzzy_graph.feature_to_membership.2.bias	torch.Size([3])	cuda:0	True
2026-05-26 13:12:41,332 - INFO - module.condition_encoder.temporal_position_embedding	torch.Size([1, 12, 1, 64])	cuda:0	True
2026-05-26 13:12:41,332 - INFO - module.condition_encoder.input_projection.weight	torch.Size([64, 3])	cuda:0	True
2026-05-26 13:12:41,332 - INFO - module.condition_encoder.input_projection.bias	torch.Size([64])	cuda:0	True
2026-05-26 13:12:41,332 - INFO - module.condition_encoder.blocks.0.temporal_attention.query_projection.weight	torch.Size([64, 64])	cuda:0	True
2026-05-26 13:12:41,332 - INFO - module.condition_encoder.blocks.0.temporal_attention.query_projection.bias	torch.Size([64])	cuda:0	True
2026-05-26 13:12:41,332 - INFO - module.condition_encoder.blocks.0.temporal_attention.key_projection.weight	torch.Size([64, 64])	cuda:0	True
2026-05-26 13:12:41,332 - INFO - module.condition_encoder.blocks.0.temporal_attention.key_projection.bias	torch.Size([64])	cuda:0	True
2026-05-26 13:12:41,332 - INFO - module.condition_encoder.blocks.0.temporal_attention.value_projection.weight	torch.Size([64, 64])	cuda:0	True
2026-05-26 13:12:41,332 - INFO - module.condition_encoder.blocks.0.temporal_attention.value_projection.bias	torch.Size([64])	cuda:0	True
2026-05-26 13:12:41,332 - INFO - module.condition_encoder.blocks.0.temporal_attention.output_projection.weight	torch.Size([64, 64])	cuda:0	True
2026-05-26 13:12:41,332 - INFO - module.condition_encoder.blocks.0.temporal_attention.output_projection.bias	torch.Size([64])	cuda:0	True
2026-05-26 13:12:41,332 - INFO - module.condition_encoder.blocks.0.graph_convolution.projections.0.weight	torch.Size([64, 64])	cuda:0	True
2026-05-26 13:12:41,332 - INFO - module.condition_encoder.blocks.0.graph_convolution.projections.0.bias	torch.Size([64])	cuda:0	True
2026-05-26 13:12:41,333 - INFO - module.condition_encoder.blocks.0.graph_convolution.projections.1.weight	torch.Size([64, 64])	cuda:0	True
2026-05-26 13:12:41,333 - INFO - module.condition_encoder.blocks.0.graph_convolution.projections.1.bias	torch.Size([64])	cuda:0	True
2026-05-26 13:12:41,333 - INFO - module.condition_encoder.blocks.0.graph_convolution.projections.2.weight	torch.Size([64, 64])	cuda:0	True
2026-05-26 13:12:41,333 - INFO - module.condition_encoder.blocks.0.graph_convolution.projections.2.bias	torch.Size([64])	cuda:0	True
2026-05-26 13:12:41,333 - INFO - module.condition_encoder.blocks.0.feed_forward.network.0.weight	torch.Size([128, 64])	cuda:0	True
2026-05-26 13:12:41,333 - INFO - module.condition_encoder.blocks.0.feed_forward.network.0.bias	torch.Size([128])	cuda:0	True
2026-05-26 13:12:41,333 - INFO - module.condition_encoder.blocks.0.feed_forward.network.3.weight	torch.Size([64, 128])	cuda:0	True
2026-05-26 13:12:41,333 - INFO - module.condition_encoder.blocks.0.feed_forward.network.3.bias	torch.Size([64])	cuda:0	True
2026-05-26 13:12:41,333 - INFO - module.condition_encoder.blocks.0.norm_temporal.weight	torch.Size([64])	cuda:0	True
2026-05-26 13:12:41,333 - INFO - module.condition_encoder.blocks.0.norm_temporal.bias	torch.Size([64])	cuda:0	True
2026-05-26 13:12:41,333 - INFO - module.condition_encoder.blocks.0.norm_graph.weight	torch.Size([64])	cuda:0	True
2026-05-26 13:12:41,333 - INFO - module.condition_encoder.blocks.0.norm_graph.bias	torch.Size([64])	cuda:0	True
2026-05-26 13:12:41,333 - INFO - module.condition_encoder.blocks.0.norm_ffn.weight	torch.Size([64])	cuda:0	True
2026-05-26 13:12:41,333 - INFO - module.condition_encoder.blocks.0.norm_ffn.bias	torch.Size([64])	cuda:0	True
2026-05-26 13:12:41,333 - INFO - module.condition_encoder.blocks.0.cell_attention.centers	torch.Size([16, 64])	cuda:0	True
2026-05-26 13:12:41,333 - INFO - module.condition_encoder.blocks.0.cell_attention.log_temperature	torch.Size([])	cuda:0	True
2026-05-26 13:12:41,333 - INFO - module.condition_encoder.blocks.0.cell_attention.cell_blend	torch.Size([])	cuda:0	True
2026-05-26 13:12:41,333 - INFO - module.condition_encoder.blocks.0.cell_attention.log_sigma_excite	torch.Size([])	cuda:0	True
2026-05-26 13:12:41,333 - INFO - module.condition_encoder.blocks.0.cell_attention.log_sigma_inhibit	torch.Size([])	cuda:0	True
2026-05-26 13:12:41,333 - INFO - module.condition_encoder.blocks.0.cell_attention.inhibit_weight	torch.Size([])	cuda:0	True
2026-05-26 13:12:41,333 - INFO - module.condition_encoder.blocks.0.cell_attention.cell_transform.weight	torch.Size([64, 64])	cuda:0	True
2026-05-26 13:12:41,333 - INFO - module.condition_encoder.blocks.0.cell_attention.cell_transform.bias	torch.Size([64])	cuda:0	True
2026-05-26 13:12:41,333 - INFO - module.condition_encoder.blocks.0.cell_attention.output_projection.weight	torch.Size([64, 64])	cuda:0	True
2026-05-26 13:12:41,333 - INFO - module.condition_encoder.blocks.0.cell_attention.output_projection.bias	torch.Size([64])	cuda:0	True
2026-05-26 13:12:41,333 - INFO - module.condition_encoder.blocks.0.norm_cell.weight	torch.Size([64])	cuda:0	True
2026-05-26 13:12:41,333 - INFO - module.condition_encoder.blocks.0.norm_cell.bias	torch.Size([64])	cuda:0	True
2026-05-26 13:12:41,333 - INFO - module.condition_encoder.blocks.1.temporal_attention.query_projection.weight	torch.Size([64, 64])	cuda:0	True
2026-05-26 13:12:41,333 - INFO - module.condition_encoder.blocks.1.temporal_attention.query_projection.bias	torch.Size([64])	cuda:0	True
2026-05-26 13:12:41,333 - INFO - module.condition_encoder.blocks.1.temporal_attention.key_projection.weight	torch.Size([64, 64])	cuda:0	True
2026-05-26 13:12:41,333 - INFO - module.condition_encoder.blocks.1.temporal_attention.key_projection.bias	torch.Size([64])	cuda:0	True
2026-05-26 13:12:41,333 - INFO - module.condition_encoder.blocks.1.temporal_attention.value_projection.weight	torch.Size([64, 64])	cuda:0	True
2026-05-26 13:12:41,333 - INFO - module.condition_encoder.blocks.1.temporal_attention.value_projection.bias	torch.Size([64])	cuda:0	True
2026-05-26 13:12:41,333 - INFO - module.condition_encoder.blocks.1.temporal_attention.output_projection.weight	torch.Size([64, 64])	cuda:0	True
2026-05-26 13:12:41,333 - INFO - module.condition_encoder.blocks.1.temporal_attention.output_projection.bias	torch.Size([64])	cuda:0	True
2026-05-26 13:12:41,333 - INFO - module.condition_encoder.blocks.1.graph_convolution.projections.0.weight	torch.Size([64, 64])	cuda:0	True
2026-05-26 13:12:41,333 - INFO - module.condition_encoder.blocks.1.graph_convolution.projections.0.bias	torch.Size([64])	cuda:0	True
2026-05-26 13:12:41,333 - INFO - module.condition_encoder.blocks.1.graph_convolution.projections.1.weight	torch.Size([64, 64])	cuda:0	True
2026-05-26 13:12:41,333 - INFO - module.condition_encoder.blocks.1.graph_convolution.projections.1.bias	torch.Size([64])	cuda:0	True
2026-05-26 13:12:41,333 - INFO - module.condition_encoder.blocks.1.graph_convolution.projections.2.weight	torch.Size([64, 64])	cuda:0	True
2026-05-26 13:12:41,333 - INFO - module.condition_encoder.blocks.1.graph_convolution.projections.2.bias	torch.Size([64])	cuda:0	True
2026-05-26 13:12:41,333 - INFO - module.condition_encoder.blocks.1.feed_forward.network.0.weight	torch.Size([128, 64])	cuda:0	True
2026-05-26 13:12:41,333 - INFO - module.condition_encoder.blocks.1.feed_forward.network.0.bias	torch.Size([128])	cuda:0	True
2026-05-26 13:12:41,334 - INFO - module.condition_encoder.blocks.1.feed_forward.network.3.weight	torch.Size([64, 128])	cuda:0	True
2026-05-26 13:12:41,334 - INFO - module.condition_encoder.blocks.1.feed_forward.network.3.bias	torch.Size([64])	cuda:0	True
2026-05-26 13:12:41,334 - INFO - module.condition_encoder.blocks.1.norm_temporal.weight	torch.Size([64])	cuda:0	True
2026-05-26 13:12:41,334 - INFO - module.condition_encoder.blocks.1.norm_temporal.bias	torch.Size([64])	cuda:0	True
2026-05-26 13:12:41,334 - INFO - module.condition_encoder.blocks.1.norm_graph.weight	torch.Size([64])	cuda:0	True
2026-05-26 13:12:41,334 - INFO - module.condition_encoder.blocks.1.norm_graph.bias	torch.Size([64])	cuda:0	True
2026-05-26 13:12:41,334 - INFO - module.condition_encoder.blocks.1.norm_ffn.weight	torch.Size([64])	cuda:0	True
2026-05-26 13:12:41,334 - INFO - module.condition_encoder.blocks.1.norm_ffn.bias	torch.Size([64])	cuda:0	True
2026-05-26 13:12:41,334 - INFO - module.condition_encoder.blocks.1.cell_attention.centers	torch.Size([16, 64])	cuda:0	True
2026-05-26 13:12:41,334 - INFO - module.condition_encoder.blocks.1.cell_attention.log_temperature	torch.Size([])	cuda:0	True
2026-05-26 13:12:41,334 - INFO - module.condition_encoder.blocks.1.cell_attention.cell_blend	torch.Size([])	cuda:0	True
2026-05-26 13:12:41,334 - INFO - module.condition_encoder.blocks.1.cell_attention.log_sigma_excite	torch.Size([])	cuda:0	True
2026-05-26 13:12:41,334 - INFO - module.condition_encoder.blocks.1.cell_attention.log_sigma_inhibit	torch.Size([])	cuda:0	True
2026-05-26 13:12:41,334 - INFO - module.condition_encoder.blocks.1.cell_attention.inhibit_weight	torch.Size([])	cuda:0	True
2026-05-26 13:12:41,334 - INFO - module.condition_encoder.blocks.1.cell_attention.cell_transform.weight	torch.Size([64, 64])	cuda:0	True
2026-05-26 13:12:41,334 - INFO - module.condition_encoder.blocks.1.cell_attention.cell_transform.bias	torch.Size([64])	cuda:0	True
2026-05-26 13:12:41,334 - INFO - module.condition_encoder.blocks.1.cell_attention.output_projection.weight	torch.Size([64, 64])	cuda:0	True
2026-05-26 13:12:41,334 - INFO - module.condition_encoder.blocks.1.cell_attention.output_projection.bias	torch.Size([64])	cuda:0	True
2026-05-26 13:12:41,334 - INFO - module.condition_encoder.blocks.1.norm_cell.weight	torch.Size([64])	cuda:0	True
2026-05-26 13:12:41,334 - INFO - module.condition_encoder.blocks.1.norm_cell.bias	torch.Size([64])	cuda:0	True
2026-05-26 13:12:41,334 - INFO - module.condition_encoder.final_norm.weight	torch.Size([64])	cuda:0	True
2026-05-26 13:12:41,334 - INFO - module.condition_encoder.final_norm.bias	torch.Size([64])	cuda:0	True
2026-05-26 13:12:41,334 - INFO - module.future_decoder.future_queries	torch.Size([1, 12, 307, 64])	cuda:0	True
2026-05-26 13:12:41,334 - INFO - module.future_decoder.blocks.0.temporal_attention.query_projection.weight	torch.Size([64, 64])	cuda:0	True
2026-05-26 13:12:41,334 - INFO - module.future_decoder.blocks.0.temporal_attention.query_projection.bias	torch.Size([64])	cuda:0	True
2026-05-26 13:12:41,334 - INFO - module.future_decoder.blocks.0.temporal_attention.key_projection.weight	torch.Size([64, 64])	cuda:0	True
2026-05-26 13:12:41,334 - INFO - module.future_decoder.blocks.0.temporal_attention.key_projection.bias	torch.Size([64])	cuda:0	True
2026-05-26 13:12:41,334 - INFO - module.future_decoder.blocks.0.temporal_attention.value_projection.weight	torch.Size([64, 64])	cuda:0	True
2026-05-26 13:12:41,334 - INFO - module.future_decoder.blocks.0.temporal_attention.value_projection.bias	torch.Size([64])	cuda:0	True
2026-05-26 13:12:41,334 - INFO - module.future_decoder.blocks.0.temporal_attention.output_projection.weight	torch.Size([64, 64])	cuda:0	True
2026-05-26 13:12:41,334 - INFO - module.future_decoder.blocks.0.temporal_attention.output_projection.bias	torch.Size([64])	cuda:0	True
2026-05-26 13:12:41,334 - INFO - module.future_decoder.blocks.0.graph_convolution.projections.0.weight	torch.Size([64, 64])	cuda:0	True
2026-05-26 13:12:41,334 - INFO - module.future_decoder.blocks.0.graph_convolution.projections.0.bias	torch.Size([64])	cuda:0	True
2026-05-26 13:12:41,334 - INFO - module.future_decoder.blocks.0.graph_convolution.projections.1.weight	torch.Size([64, 64])	cuda:0	True
2026-05-26 13:12:41,334 - INFO - module.future_decoder.blocks.0.graph_convolution.projections.1.bias	torch.Size([64])	cuda:0	True
2026-05-26 13:12:41,334 - INFO - module.future_decoder.blocks.0.graph_convolution.projections.2.weight	torch.Size([64, 64])	cuda:0	True
2026-05-26 13:12:41,334 - INFO - module.future_decoder.blocks.0.graph_convolution.projections.2.bias	torch.Size([64])	cuda:0	True
2026-05-26 13:12:41,334 - INFO - module.future_decoder.blocks.0.cross_attention.query_projection.weight	torch.Size([64, 64])	cuda:0	True
2026-05-26 13:12:41,334 - INFO - module.future_decoder.blocks.0.cross_attention.query_projection.bias	torch.Size([64])	cuda:0	True
2026-05-26 13:12:41,334 - INFO - module.future_decoder.blocks.0.cross_attention.key_projection.weight	torch.Size([64, 64])	cuda:0	True
2026-05-26 13:12:41,334 - INFO - module.future_decoder.blocks.0.cross_attention.key_projection.bias	torch.Size([64])	cuda:0	True
2026-05-26 13:12:41,334 - INFO - module.future_decoder.blocks.0.cross_attention.value_projection.weight	torch.Size([64, 64])	cuda:0	True
2026-05-26 13:12:41,334 - INFO - module.future_decoder.blocks.0.cross_attention.value_projection.bias	torch.Size([64])	cuda:0	True
2026-05-26 13:12:41,335 - INFO - module.future_decoder.blocks.0.cross_attention.output_projection.weight	torch.Size([64, 64])	cuda:0	True
2026-05-26 13:12:41,335 - INFO - module.future_decoder.blocks.0.cross_attention.output_projection.bias	torch.Size([64])	cuda:0	True
2026-05-26 13:12:41,335 - INFO - module.future_decoder.blocks.0.feed_forward.network.0.weight	torch.Size([128, 64])	cuda:0	True
2026-05-26 13:12:41,335 - INFO - module.future_decoder.blocks.0.feed_forward.network.0.bias	torch.Size([128])	cuda:0	True
2026-05-26 13:12:41,335 - INFO - module.future_decoder.blocks.0.feed_forward.network.3.weight	torch.Size([64, 128])	cuda:0	True
2026-05-26 13:12:41,335 - INFO - module.future_decoder.blocks.0.feed_forward.network.3.bias	torch.Size([64])	cuda:0	True
2026-05-26 13:12:41,335 - INFO - module.future_decoder.blocks.0.norm_temporal.weight	torch.Size([64])	cuda:0	True
2026-05-26 13:12:41,335 - INFO - module.future_decoder.blocks.0.norm_temporal.bias	torch.Size([64])	cuda:0	True
2026-05-26 13:12:41,335 - INFO - module.future_decoder.blocks.0.norm_graph.weight	torch.Size([64])	cuda:0	True
2026-05-26 13:12:41,335 - INFO - module.future_decoder.blocks.0.norm_graph.bias	torch.Size([64])	cuda:0	True
2026-05-26 13:12:41,335 - INFO - module.future_decoder.blocks.0.norm_cross.weight	torch.Size([64])	cuda:0	True
2026-05-26 13:12:41,335 - INFO - module.future_decoder.blocks.0.norm_cross.bias	torch.Size([64])	cuda:0	True
2026-05-26 13:12:41,335 - INFO - module.future_decoder.blocks.0.norm_ffn.weight	torch.Size([64])	cuda:0	True
2026-05-26 13:12:41,335 - INFO - module.future_decoder.blocks.0.norm_ffn.bias	torch.Size([64])	cuda:0	True
2026-05-26 13:12:41,335 - INFO - module.future_decoder.blocks.0.cell_attention.centers	torch.Size([16, 64])	cuda:0	True
2026-05-26 13:12:41,335 - INFO - module.future_decoder.blocks.0.cell_attention.log_temperature	torch.Size([])	cuda:0	True
2026-05-26 13:12:41,335 - INFO - module.future_decoder.blocks.0.cell_attention.cell_blend	torch.Size([])	cuda:0	True
2026-05-26 13:12:41,335 - INFO - module.future_decoder.blocks.0.cell_attention.log_sigma_excite	torch.Size([])	cuda:0	True
2026-05-26 13:12:41,335 - INFO - module.future_decoder.blocks.0.cell_attention.log_sigma_inhibit	torch.Size([])	cuda:0	True
2026-05-26 13:12:41,335 - INFO - module.future_decoder.blocks.0.cell_attention.inhibit_weight	torch.Size([])	cuda:0	True
2026-05-26 13:12:41,335 - INFO - module.future_decoder.blocks.0.cell_attention.cell_transform.weight	torch.Size([64, 64])	cuda:0	True
2026-05-26 13:12:41,335 - INFO - module.future_decoder.blocks.0.cell_attention.cell_transform.bias	torch.Size([64])	cuda:0	True
2026-05-26 13:12:41,335 - INFO - module.future_decoder.blocks.0.cell_attention.output_projection.weight	torch.Size([64, 64])	cuda:0	True
2026-05-26 13:12:41,335 - INFO - module.future_decoder.blocks.0.cell_attention.output_projection.bias	torch.Size([64])	cuda:0	True
2026-05-26 13:12:41,335 - INFO - module.future_decoder.blocks.0.norm_cell.weight	torch.Size([64])	cuda:0	True
2026-05-26 13:12:41,335 - INFO - module.future_decoder.blocks.0.norm_cell.bias	torch.Size([64])	cuda:0	True
2026-05-26 13:12:41,335 - INFO - module.future_decoder.blocks.1.temporal_attention.query_projection.weight	torch.Size([64, 64])	cuda:0	True
2026-05-26 13:12:41,335 - INFO - module.future_decoder.blocks.1.temporal_attention.query_projection.bias	torch.Size([64])	cuda:0	True
2026-05-26 13:12:41,335 - INFO - module.future_decoder.blocks.1.temporal_attention.key_projection.weight	torch.Size([64, 64])	cuda:0	True
2026-05-26 13:12:41,335 - INFO - module.future_decoder.blocks.1.temporal_attention.key_projection.bias	torch.Size([64])	cuda:0	True
2026-05-26 13:12:41,335 - INFO - module.future_decoder.blocks.1.temporal_attention.value_projection.weight	torch.Size([64, 64])	cuda:0	True
2026-05-26 13:12:41,335 - INFO - module.future_decoder.blocks.1.temporal_attention.value_projection.bias	torch.Size([64])	cuda:0	True
2026-05-26 13:12:41,335 - INFO - module.future_decoder.blocks.1.temporal_attention.output_projection.weight	torch.Size([64, 64])	cuda:0	True
2026-05-26 13:12:41,335 - INFO - module.future_decoder.blocks.1.temporal_attention.output_projection.bias	torch.Size([64])	cuda:0	True
2026-05-26 13:12:41,335 - INFO - module.future_decoder.blocks.1.graph_convolution.projections.0.weight	torch.Size([64, 64])	cuda:0	True
2026-05-26 13:12:41,335 - INFO - module.future_decoder.blocks.1.graph_convolution.projections.0.bias	torch.Size([64])	cuda:0	True
2026-05-26 13:12:41,335 - INFO - module.future_decoder.blocks.1.graph_convolution.projections.1.weight	torch.Size([64, 64])	cuda:0	True
2026-05-26 13:12:41,335 - INFO - module.future_decoder.blocks.1.graph_convolution.projections.1.bias	torch.Size([64])	cuda:0	True
2026-05-26 13:12:41,335 - INFO - module.future_decoder.blocks.1.graph_convolution.projections.2.weight	torch.Size([64, 64])	cuda:0	True
2026-05-26 13:12:41,335 - INFO - module.future_decoder.blocks.1.graph_convolution.projections.2.bias	torch.Size([64])	cuda:0	True
2026-05-26 13:12:41,335 - INFO - module.future_decoder.blocks.1.cross_attention.query_projection.weight	torch.Size([64, 64])	cuda:0	True
2026-05-26 13:12:41,335 - INFO - module.future_decoder.blocks.1.cross_attention.query_projection.bias	torch.Size([64])	cuda:0	True
2026-05-26 13:12:41,336 - INFO - module.future_decoder.blocks.1.cross_attention.key_projection.weight	torch.Size([64, 64])	cuda:0	True
2026-05-26 13:12:41,336 - INFO - module.future_decoder.blocks.1.cross_attention.key_projection.bias	torch.Size([64])	cuda:0	True
2026-05-26 13:12:41,336 - INFO - module.future_decoder.blocks.1.cross_attention.value_projection.weight	torch.Size([64, 64])	cuda:0	True
2026-05-26 13:12:41,336 - INFO - module.future_decoder.blocks.1.cross_attention.value_projection.bias	torch.Size([64])	cuda:0	True
2026-05-26 13:12:41,336 - INFO - module.future_decoder.blocks.1.cross_attention.output_projection.weight	torch.Size([64, 64])	cuda:0	True
2026-05-26 13:12:41,336 - INFO - module.future_decoder.blocks.1.cross_attention.output_projection.bias	torch.Size([64])	cuda:0	True
2026-05-26 13:12:41,336 - INFO - module.future_decoder.blocks.1.feed_forward.network.0.weight	torch.Size([128, 64])	cuda:0	True
2026-05-26 13:12:41,336 - INFO - module.future_decoder.blocks.1.feed_forward.network.0.bias	torch.Size([128])	cuda:0	True
2026-05-26 13:12:41,336 - INFO - module.future_decoder.blocks.1.feed_forward.network.3.weight	torch.Size([64, 128])	cuda:0	True
2026-05-26 13:12:41,336 - INFO - module.future_decoder.blocks.1.feed_forward.network.3.bias	torch.Size([64])	cuda:0	True
2026-05-26 13:12:41,336 - INFO - module.future_decoder.blocks.1.norm_temporal.weight	torch.Size([64])	cuda:0	True
2026-05-26 13:12:41,336 - INFO - module.future_decoder.blocks.1.norm_temporal.bias	torch.Size([64])	cuda:0	True
2026-05-26 13:12:41,336 - INFO - module.future_decoder.blocks.1.norm_graph.weight	torch.Size([64])	cuda:0	True
2026-05-26 13:12:41,336 - INFO - module.future_decoder.blocks.1.norm_graph.bias	torch.Size([64])	cuda:0	True
2026-05-26 13:12:41,336 - INFO - module.future_decoder.blocks.1.norm_cross.weight	torch.Size([64])	cuda:0	True
2026-05-26 13:12:41,336 - INFO - module.future_decoder.blocks.1.norm_cross.bias	torch.Size([64])	cuda:0	True
2026-05-26 13:12:41,336 - INFO - module.future_decoder.blocks.1.norm_ffn.weight	torch.Size([64])	cuda:0	True
2026-05-26 13:12:41,336 - INFO - module.future_decoder.blocks.1.norm_ffn.bias	torch.Size([64])	cuda:0	True
2026-05-26 13:12:41,336 - INFO - module.future_decoder.blocks.1.cell_attention.centers	torch.Size([16, 64])	cuda:0	True
2026-05-26 13:12:41,336 - INFO - module.future_decoder.blocks.1.cell_attention.log_temperature	torch.Size([])	cuda:0	True
2026-05-26 13:12:41,336 - INFO - module.future_decoder.blocks.1.cell_attention.cell_blend	torch.Size([])	cuda:0	True
2026-05-26 13:12:41,336 - INFO - module.future_decoder.blocks.1.cell_attention.log_sigma_excite	torch.Size([])	cuda:0	True
2026-05-26 13:12:41,336 - INFO - module.future_decoder.blocks.1.cell_attention.log_sigma_inhibit	torch.Size([])	cuda:0	True
2026-05-26 13:12:41,336 - INFO - module.future_decoder.blocks.1.cell_attention.inhibit_weight	torch.Size([])	cuda:0	True
2026-05-26 13:12:41,336 - INFO - module.future_decoder.blocks.1.cell_attention.cell_transform.weight	torch.Size([64, 64])	cuda:0	True
2026-05-26 13:12:41,336 - INFO - module.future_decoder.blocks.1.cell_attention.cell_transform.bias	torch.Size([64])	cuda:0	True
2026-05-26 13:12:41,336 - INFO - module.future_decoder.blocks.1.cell_attention.output_projection.weight	torch.Size([64, 64])	cuda:0	True
2026-05-26 13:12:41,336 - INFO - module.future_decoder.blocks.1.cell_attention.output_projection.bias	torch.Size([64])	cuda:0	True
2026-05-26 13:12:41,336 - INFO - module.future_decoder.blocks.1.norm_cell.weight	torch.Size([64])	cuda:0	True
2026-05-26 13:12:41,336 - INFO - module.future_decoder.blocks.1.norm_cell.bias	torch.Size([64])	cuda:0	True
2026-05-26 13:12:41,336 - INFO - module.future_decoder.final_norm.weight	torch.Size([64])	cuda:0	True
2026-05-26 13:12:41,336 - INFO - module.future_decoder.final_norm.bias	torch.Size([64])	cuda:0	True
2026-05-26 13:12:41,336 - INFO - module.future_decoder.output_projection.weight	torch.Size([3, 64])	cuda:0	True
2026-05-26 13:12:41,336 - INFO - module.future_decoder.output_projection.bias	torch.Size([3])	cuda:0	True
2026-05-26 13:12:41,337 - INFO - Total parameter numbers: 496564
2026-05-26 13:12:41,337 - INFO - Enable AMP training (dtype=float16).
2026-05-26 13:12:41,337 - INFO - You select `adamw` optimizer.
2026-05-26 13:12:41,337 - INFO - You select `cosineannealinglr` lr_scheduler.
2026-05-26 13:12:41,337 - WARNING - Received none train loss func and will use the loss func defined in the model.
2026-05-26 13:12:41,337 - INFO - Start training ...
2026-05-26 13:12:41,337 - INFO - num_batches:80
2026-05-26 13:12:50,000 - INFO - epoch complete!
2026-05-26 13:12:50,001 - INFO - evaluating now!
2026-05-26 13:12:50,129 - INFO - epoch complete!
2026-05-26 13:12:50,129 - INFO - evaluating now!
2026-05-26 13:12:50,740 - INFO - Epoch [0/20] train_loss: 0.3327, val_loss: 0.2635, lr: 0.000997, 9.40s
2026-05-26 13:12:50,775 - INFO - Saved model at 0
2026-05-26 13:12:50,776 - INFO - Val loss decrease from inf to 0.2635, saving to /home/lizhuoxuan/lzq/Bigscity-LibCity-master/outputs/20260526_131230__traffic_state_pred__new_fuzzy_cellattention__PEMSD4/model_cache/new_fuzzy_cellattention_PEMSD4_epoch0.tar
2026-05-26 13:12:50,852 - INFO - Epoch [0/20] train_loss: 0.3367, val_loss: 0.2669, lr: 0.000997, 9.52s
2026-05-26 13:12:51,076 - INFO - Saved model at 0
2026-05-26 13:12:51,076 - INFO - Val loss decrease from inf to 0.2669, saving to /home/lizhuoxuan/lzq/Bigscity-LibCity-master/outputs/20260526_131230__traffic_state_pred__new_fuzzy_cellattention__PEMSD4/model_cache/new_fuzzy_cellattention_PEMSD4_epoch0.tar
2026-05-26 13:12:58,879 - INFO - epoch complete!
2026-05-26 13:12:58,880 - INFO - evaluating now!
2026-05-26 13:12:59,084 - INFO - epoch complete!
2026-05-26 13:12:59,084 - INFO - evaluating now!
2026-05-26 13:12:59,615 - INFO - Epoch [1/20] train_loss: 0.2611, val_loss: 0.2575, lr: 0.000989, 8.84s
2026-05-26 13:12:59,650 - INFO - Saved model at 1
2026-05-26 13:12:59,650 - INFO - Val loss decrease from 0.2635 to 0.2575, saving to /home/lizhuoxuan/lzq/Bigscity-LibCity-master/outputs/20260526_131230__traffic_state_pred__new_fuzzy_cellattention__PEMSD4/model_cache/new_fuzzy_cellattention_PEMSD4_epoch1.tar
2026-05-26 13:12:59,805 - INFO - Epoch [1/20] train_loss: 0.2602, val_loss: 0.2594, lr: 0.000989, 8.73s
2026-05-26 13:13:00,026 - INFO - Saved model at 1
2026-05-26 13:13:00,026 - INFO - Val loss decrease from 0.2669 to 0.2594, saving to /home/lizhuoxuan/lzq/Bigscity-LibCity-master/outputs/20260526_131230__traffic_state_pred__new_fuzzy_cellattention__PEMSD4/model_cache/new_fuzzy_cellattention_PEMSD4_epoch1.tar
2026-05-26 13:13:07,725 - INFO - epoch complete!
2026-05-26 13:13:07,725 - INFO - evaluating now!
2026-05-26 13:13:08,041 - INFO - epoch complete!
2026-05-26 13:13:08,041 - INFO - evaluating now!
2026-05-26 13:13:08,470 - INFO - Epoch [2/20] train_loss: 0.2401, val_loss: 0.2786, lr: 0.000976, 8.82s
2026-05-26 13:13:08,761 - INFO - Epoch [2/20] train_loss: 0.2442, val_loss: 0.2524, lr: 0.000976, 8.73s
2026-05-26 13:13:08,796 - INFO - Saved model at 2
2026-05-26 13:13:08,796 - INFO - Val loss decrease from 0.2594 to 0.2524, saving to /home/lizhuoxuan/lzq/Bigscity-LibCity-master/outputs/20260526_131230__traffic_state_pred__new_fuzzy_cellattention__PEMSD4/model_cache/new_fuzzy_cellattention_PEMSD4_epoch2.tar
2026-05-26 13:13:16,543 - INFO - epoch complete!
2026-05-26 13:13:16,544 - INFO - evaluating now!
2026-05-26 13:13:16,809 - INFO - epoch complete!
2026-05-26 13:13:16,809 - INFO - evaluating now!
2026-05-26 13:13:17,289 - INFO - Epoch [3/20] train_loss: 0.2011, val_loss: 0.3195, lr: 0.000957, 8.82s
2026-05-26 13:13:17,529 - INFO - Epoch [3/20] train_loss: 0.1785, val_loss: 0.1866, lr: 0.000957, 8.73s
2026-05-26 13:13:17,564 - INFO - Saved model at 3
2026-05-26 13:13:17,564 - INFO - Val loss decrease from 0.2524 to 0.1866, saving to /home/lizhuoxuan/lzq/Bigscity-LibCity-master/outputs/20260526_131230__traffic_state_pred__new_fuzzy_cellattention__PEMSD4/model_cache/new_fuzzy_cellattention_PEMSD4_epoch3.tar
2026-05-26 13:13:25,370 - INFO - epoch complete!
2026-05-26 13:13:25,370 - INFO - evaluating now!
2026-05-26 13:13:25,577 - INFO - epoch complete!
2026-05-26 13:13:25,578 - INFO - evaluating now!
2026-05-26 13:13:26,123 - INFO - Epoch [4/20] train_loss: 0.1699, val_loss: 0.2527, lr: 0.000933, 8.83s
2026-05-26 13:13:26,157 - INFO - Saved model at 4
2026-05-26 13:13:26,158 - INFO - Val loss decrease from 0.2575 to 0.2527, saving to /home/lizhuoxuan/lzq/Bigscity-LibCity-master/outputs/20260526_131230__traffic_state_pred__new_fuzzy_cellattention__PEMSD4/model_cache/new_fuzzy_cellattention_PEMSD4_epoch4.tar
2026-05-26 13:13:26,297 - INFO - Epoch [4/20] train_loss: 0.1477, val_loss: 0.1483, lr: 0.000933, 8.73s
2026-05-26 13:13:26,407 - INFO - Saved model at 4
2026-05-26 13:13:26,407 - INFO - Val loss decrease from 0.1866 to 0.1483, saving to /home/lizhuoxuan/lzq/Bigscity-LibCity-master/outputs/20260526_131230__traffic_state_pred__new_fuzzy_cellattention__PEMSD4/model_cache/new_fuzzy_cellattention_PEMSD4_epoch4.tar
2026-05-26 13:13:34,235 - INFO - epoch complete!
2026-05-26 13:13:34,235 - INFO - evaluating now!
2026-05-26 13:13:34,416 - INFO - epoch complete!
2026-05-26 13:13:34,417 - INFO - evaluating now!
2026-05-26 13:13:34,967 - INFO - Epoch [5/20] train_loss: 0.1470, val_loss: 0.2438, lr: 0.000905, 8.81s
2026-05-26 13:13:35,001 - INFO - Saved model at 5
2026-05-26 13:13:35,001 - INFO - Val loss decrease from 0.2527 to 0.2438, saving to /home/lizhuoxuan/lzq/Bigscity-LibCity-master/outputs/20260526_131230__traffic_state_pred__new_fuzzy_cellattention__PEMSD4/model_cache/new_fuzzy_cellattention_PEMSD4_epoch5.tar
2026-05-26 13:13:35,136 - INFO - Epoch [5/20] train_loss: 0.1441, val_loss: 0.2327, lr: 0.000905, 8.73s
2026-05-26 13:13:43,087 - INFO - epoch complete!
2026-05-26 13:13:43,087 - INFO - evaluating now!
2026-05-26 13:13:43,155 - INFO - epoch complete!
2026-05-26 13:13:43,155 - INFO - evaluating now!
2026-05-26 13:13:43,818 - INFO - Epoch [6/20] train_loss: 0.1326, val_loss: 0.1665, lr: 0.000872, 8.82s
2026-05-26 13:13:43,852 - INFO - Saved model at 6
2026-05-26 13:13:43,852 - INFO - Val loss decrease from 0.2438 to 0.1665, saving to /home/lizhuoxuan/lzq/Bigscity-LibCity-master/outputs/20260526_131230__traffic_state_pred__new_fuzzy_cellattention__PEMSD4/model_cache/new_fuzzy_cellattention_PEMSD4_epoch6.tar
2026-05-26 13:13:43,875 - INFO - Epoch [6/20] train_loss: 0.1426, val_loss: 0.2026, lr: 0.000872, 8.74s
2026-05-26 13:13:51,896 - INFO - epoch complete!
2026-05-26 13:13:51,896 - INFO - evaluating now!
2026-05-26 13:13:51,935 - INFO - epoch complete!
2026-05-26 13:13:51,937 - INFO - evaluating now!
2026-05-26 13:13:52,618 - INFO - Epoch [7/20] train_loss: 0.1195, val_loss: 0.1322, lr: 0.000835, 8.74s
2026-05-26 13:13:52,652 - INFO - Saved model at 7
2026-05-26 13:13:52,652 - INFO - Val loss decrease from 0.1483 to 0.1322, saving to /home/lizhuoxuan/lzq/Bigscity-LibCity-master/outputs/20260526_131230__traffic_state_pred__new_fuzzy_cellattention__PEMSD4/model_cache/new_fuzzy_cellattention_PEMSD4_epoch7.tar
2026-05-26 13:13:52,668 - INFO - Epoch [7/20] train_loss: 0.1111, val_loss: 0.1353, lr: 0.000835, 8.82s
2026-05-26 13:13:52,705 - INFO - Saved model at 7
2026-05-26 13:13:52,705 - INFO - Val loss decrease from 0.1665 to 0.1353, saving to /home/lizhuoxuan/lzq/Bigscity-LibCity-master/outputs/20260526_131230__traffic_state_pred__new_fuzzy_cellattention__PEMSD4/model_cache/new_fuzzy_cellattention_PEMSD4_epoch7.tar
2026-05-26 13:14:00,667 - INFO - epoch complete!
2026-05-26 13:14:00,668 - INFO - evaluating now!
2026-05-26 13:14:00,782 - INFO - epoch complete!
2026-05-26 13:14:00,782 - INFO - evaluating now!
2026-05-26 13:14:01,390 - INFO - Epoch [8/20] train_loss: 0.1061, val_loss: 0.1380, lr: 0.000794, 8.74s
2026-05-26 13:14:01,513 - INFO - Epoch [8/20] train_loss: 0.1025, val_loss: 0.1246, lr: 0.000794, 8.81s
2026-05-26 13:14:01,547 - INFO - Saved model at 8
2026-05-26 13:14:01,547 - INFO - Val loss decrease from 0.1353 to 0.1246, saving to /home/lizhuoxuan/lzq/Bigscity-LibCity-master/outputs/20260526_131230__traffic_state_pred__new_fuzzy_cellattention__PEMSD4/model_cache/new_fuzzy_cellattention_PEMSD4_epoch8.tar
2026-05-26 13:14:09,422 - INFO - epoch complete!
2026-05-26 13:14:09,422 - INFO - evaluating now!
2026-05-26 13:14:09,632 - INFO - epoch complete!
2026-05-26 13:14:09,632 - INFO - evaluating now!
2026-05-26 13:14:10,144 - INFO - Epoch [9/20] train_loss: 0.0955, val_loss: 0.0970, lr: 0.000750, 8.75s
2026-05-26 13:14:10,180 - INFO - Saved model at 9
2026-05-26 13:14:10,180 - INFO - Val loss decrease from 0.1322 to 0.0970, saving to /home/lizhuoxuan/lzq/Bigscity-LibCity-master/outputs/20260526_131230__traffic_state_pred__new_fuzzy_cellattention__PEMSD4/model_cache/new_fuzzy_cellattention_PEMSD4_epoch9.tar
2026-05-26 13:14:10,366 - INFO - Epoch [9/20] train_loss: 0.0948, val_loss: 0.1103, lr: 0.000750, 8.82s
2026-05-26 13:14:10,566 - INFO - Saved model at 9
2026-05-26 13:14:10,566 - INFO - Val loss decrease from 0.1246 to 0.1103, saving to /home/lizhuoxuan/lzq/Bigscity-LibCity-master/outputs/20260526_131230__traffic_state_pred__new_fuzzy_cellattention__PEMSD4/model_cache/new_fuzzy_cellattention_PEMSD4_epoch9.tar
2026-05-26 13:14:18,208 - INFO - epoch complete!
2026-05-26 13:14:18,208 - INFO - evaluating now!
2026-05-26 13:14:18,645 - INFO - epoch complete!
2026-05-26 13:14:18,645 - INFO - evaluating now!
2026-05-26 13:14:18,932 - INFO - Epoch [10/20] train_loss: 0.0892, val_loss: 0.1044, lr: 0.000703, 8.75s
2026-05-26 13:14:19,375 - INFO - Epoch [10/20] train_loss: 0.0914, val_loss: 0.1222, lr: 0.000703, 8.81s
2026-05-26 13:14:26,979 - INFO - epoch complete!
2026-05-26 13:14:26,979 - INFO - evaluating now!
2026-05-26 13:14:27,465 - INFO - epoch complete!
2026-05-26 13:14:27,465 - INFO - evaluating now!
2026-05-26 13:14:27,700 - INFO - Epoch [11/20] train_loss: 0.0894, val_loss: 0.0931, lr: 0.000655, 8.77s
2026-05-26 13:14:27,736 - INFO - Saved model at 11
2026-05-26 13:14:27,737 - INFO - Val loss decrease from 0.0970 to 0.0931, saving to /home/lizhuoxuan/lzq/Bigscity-LibCity-master/outputs/20260526_131230__traffic_state_pred__new_fuzzy_cellattention__PEMSD4/model_cache/new_fuzzy_cellattention_PEMSD4_epoch11.tar
2026-05-26 13:14:28,195 - INFO - Epoch [11/20] train_loss: 0.0911, val_loss: 0.1111, lr: 0.000655, 8.82s
2026-05-26 13:14:35,762 - INFO - epoch complete!
2026-05-26 13:14:35,762 - INFO - evaluating now!
2026-05-26 13:14:36,279 - INFO - epoch complete!
2026-05-26 13:14:36,279 - INFO - evaluating now!
2026-05-26 13:14:36,491 - INFO - Epoch [12/20] train_loss: 0.0867, val_loss: 0.0986, lr: 0.000604, 8.75s
2026-05-26 13:14:37,010 - INFO - Epoch [12/20] train_loss: 0.0871, val_loss: 0.0960, lr: 0.000604, 8.81s
2026-05-26 13:14:37,044 - INFO - Saved model at 12
2026-05-26 13:14:37,044 - INFO - Val loss decrease from 0.1103 to 0.0960, saving to /home/lizhuoxuan/lzq/Bigscity-LibCity-master/outputs/20260526_131230__traffic_state_pred__new_fuzzy_cellattention__PEMSD4/model_cache/new_fuzzy_cellattention_PEMSD4_epoch12.tar
2026-05-26 13:14:44,526 - INFO - epoch complete!
2026-05-26 13:14:44,526 - INFO - evaluating now!
2026-05-26 13:14:45,129 - INFO - epoch complete!
2026-05-26 13:14:45,130 - INFO - evaluating now!
2026-05-26 13:14:45,248 - INFO - Epoch [13/20] train_loss: 0.0873, val_loss: 0.0967, lr: 0.000552, 8.76s
2026-05-26 13:14:45,860 - INFO - Epoch [13/20] train_loss: 0.0858, val_loss: 0.0935, lr: 0.000552, 8.82s
2026-05-26 13:14:45,938 - INFO - Saved model at 13
2026-05-26 13:14:45,938 - INFO - Val loss decrease from 0.0960 to 0.0935, saving to /home/lizhuoxuan/lzq/Bigscity-LibCity-master/outputs/20260526_131230__traffic_state_pred__new_fuzzy_cellattention__PEMSD4/model_cache/new_fuzzy_cellattention_PEMSD4_epoch13.tar
2026-05-26 13:14:53,279 - INFO - epoch complete!
2026-05-26 13:14:53,279 - INFO - evaluating now!
2026-05-26 13:14:54,000 - INFO - Epoch [14/20] train_loss: 0.0859, val_loss: 0.0882, lr: 0.000500, 8.75s
2026-05-26 13:14:54,021 - INFO - epoch complete!
2026-05-26 13:14:54,021 - INFO - evaluating now!
2026-05-26 13:14:54,035 - INFO - Saved model at 14
2026-05-26 13:14:54,035 - INFO - Val loss decrease from 0.0931 to 0.0882, saving to /home/lizhuoxuan/lzq/Bigscity-LibCity-master/outputs/20260526_131230__traffic_state_pred__new_fuzzy_cellattention__PEMSD4/model_cache/new_fuzzy_cellattention_PEMSD4_epoch14.tar
2026-05-26 13:14:54,758 - INFO - Epoch [14/20] train_loss: 0.0841, val_loss: 0.0938, lr: 0.000500, 8.82s
2026-05-26 13:15:02,058 - INFO - epoch complete!
2026-05-26 13:15:02,059 - INFO - evaluating now!
2026-05-26 13:15:02,781 - INFO - Epoch [15/20] train_loss: 0.0830, val_loss: 0.0835, lr: 0.000448, 8.75s
2026-05-26 13:15:02,815 - INFO - Saved model at 15
2026-05-26 13:15:02,815 - INFO - Val loss decrease from 0.0882 to 0.0835, saving to /home/lizhuoxuan/lzq/Bigscity-LibCity-master/outputs/20260526_131230__traffic_state_pred__new_fuzzy_cellattention__PEMSD4/model_cache/new_fuzzy_cellattention_PEMSD4_epoch15.tar
2026-05-26 13:15:02,856 - INFO - epoch complete!
2026-05-26 13:15:02,856 - INFO - evaluating now!
2026-05-26 13:15:03,590 - INFO - Epoch [15/20] train_loss: 0.0836, val_loss: 0.0945, lr: 0.000448, 8.83s
2026-05-26 13:15:10,845 - INFO - epoch complete!
2026-05-26 13:15:10,845 - INFO - evaluating now!
2026-05-26 13:15:11,567 - INFO - Epoch [16/20] train_loss: 0.0826, val_loss: 0.0854, lr: 0.000396, 8.75s
2026-05-26 13:15:11,697 - INFO - epoch complete!
2026-05-26 13:15:11,697 - INFO - evaluating now!
2026-05-26 13:15:12,430 - INFO - Epoch [16/20] train_loss: 0.0882, val_loss: 0.1075, lr: 0.000396, 8.84s
2026-05-26 13:15:19,587 - INFO - epoch complete!
2026-05-26 13:15:19,588 - INFO - evaluating now!
2026-05-26 13:15:20,309 - INFO - Epoch [17/20] train_loss: 0.0819, val_loss: 0.0908, lr: 0.000345, 8.74s
2026-05-26 13:15:20,526 - INFO - epoch complete!
2026-05-26 13:15:20,526 - INFO - evaluating now!
2026-05-26 13:15:21,259 - INFO - Epoch [17/20] train_loss: 0.0851, val_loss: 0.0898, lr: 0.000345, 8.83s
2026-05-26 13:15:21,294 - INFO - Saved model at 17
2026-05-26 13:15:21,294 - INFO - Val loss decrease from 0.0935 to 0.0898, saving to /home/lizhuoxuan/lzq/Bigscity-LibCity-master/outputs/20260526_131230__traffic_state_pred__new_fuzzy_cellattention__PEMSD4/model_cache/new_fuzzy_cellattention_PEMSD4_epoch17.tar
2026-05-26 13:15:28,336 - INFO - epoch complete!
2026-05-26 13:15:28,336 - INFO - evaluating now!
2026-05-26 13:15:29,059 - INFO - Epoch [18/20] train_loss: 0.0822, val_loss: 0.0843, lr: 0.000297, 8.75s
2026-05-26 13:15:29,391 - INFO - epoch complete!
2026-05-26 13:15:29,392 - INFO - evaluating now!
2026-05-26 13:15:30,123 - INFO - Epoch [18/20] train_loss: 0.0829, val_loss: 0.0917, lr: 0.000297, 8.83s
2026-05-26 13:15:37,090 - INFO - epoch complete!
2026-05-26 13:15:37,090 - INFO - evaluating now!
2026-05-26 13:15:37,812 - INFO - Epoch [19/20] train_loss: 0.0812, val_loss: 0.0837, lr: 0.000250, 8.75s
2026-05-26 13:15:37,812 - INFO - Trained totally 20 epochs, average train time is 8.062s, average eval time is 0.722s
2026-05-26 13:15:37,906 - INFO - Loaded model at 15
2026-05-26 13:15:37,907 - INFO - Start evaluating ...
2026-05-26 13:15:38,229 - INFO - epoch complete!
2026-05-26 13:15:38,229 - INFO - evaluating now!
2026-05-26 13:15:38,964 - INFO - Epoch [19/20] train_loss: 0.0823, val_loss: 0.0927, lr: 0.000250, 8.84s
2026-05-26 13:15:38,964 - INFO - Trained totally 20 epochs, average train time is 8.116s, average eval time is 0.735s
2026-05-26 13:15:39,057 - INFO - Loaded model at 17
2026-05-26 13:15:39,057 - INFO - Saved model at /home/lizhuoxuan/lzq/Bigscity-LibCity-master/outputs/20260526_131230__traffic_state_pred__new_fuzzy_cellattention__PEMSD4/model_cache/new_fuzzy_cellattention_PEMSD4.m
2026-05-26 13:15:39,095 - INFO - Start evaluating ...
2026-05-26 13:16:11,719 - INFO - Note that you select the single mode to evaluate!
2026-05-26 13:16:11,723 - INFO - Evaluate result is saved at /home/lizhuoxuan/lzq/Bigscity-LibCity-master/outputs/20260526_131230__traffic_state_pred__new_fuzzy_cellattention__PEMSD4/evaluate_cache/2026_05_26_13_16_11_new_fuzzy_cellattention_PEMSD4.csv
2026-05-26 13:16:11,734 - INFO - 
          MAE      MAPE         MSE  ...  masked_RMSE        R2      EVAR
1    8.961996  4.028093  426.217926  ...    20.557981  0.974408  0.974445
2    9.250748  3.909410  458.089264  ...    21.301620  0.972494  0.972536
3    9.538356  3.812570  489.391235  ...    22.020399  0.970615  0.970661
4    9.788047  3.750859  518.255371  ...    22.655046  0.968882  0.968931
5   10.025641  3.731304  546.349670  ...    23.266201  0.967196  0.967247
6   10.274480  3.737391  576.333923  ...    23.892942  0.965396  0.965446
7   10.549059  3.776716  608.951355  ...    24.567137  0.963438  0.963487
8   10.817436  3.817522  641.585083  ...    25.214699  0.961478  0.961524
9   11.067627  3.934890  672.828918  ...    25.825903  0.959603  0.959643
10  11.314040  4.059453  704.269653  ...    26.419800  0.957715  0.957750
11  11.594275  4.243509  740.915833  ...    27.105188  0.955515  0.955545
12  11.958796  4.389233  790.241211  ...    27.996267  0.952554  0.952581

[12 rows x 10 columns]
