2026-05-07 20:31:28,058 - INFO - Log directory: /home/lizhuoxuan/lzq/Bigscity-LibCity-master/outputs/20260507_203128__traffic_state_pred__new_diffusion_fuzzy__PEMSD4/logs
2026-05-07 20:31:28,066 - INFO - Log directory: /home/lizhuoxuan/lzq/Bigscity-LibCity-master/outputs/20260507_203128__traffic_state_pred__new_diffusion_fuzzy__PEMSD4/logs
2026-05-07 20:31:38,321 - INFO - You select `adamw` optimizer.
2026-05-07 20:31:38,321 - WARNING - Received unrecognized optimizer, set default Adam optimizer
2026-05-07 20:31:38,321 - INFO - You select `exponentiallr` lr_scheduler.
2026-05-07 20:31:38,321 - WARNING - Received none train loss func and will use the loss func defined in the model.
2026-05-07 20:31:38,322 - INFO - Start training ...
2026-05-07 20:31:38,322 - INFO - num_batches:40
2026-05-07 20:31:38,327 - INFO - You select `adamw` optimizer.
2026-05-07 20:31:38,327 - WARNING - Received unrecognized optimizer, set default Adam optimizer
2026-05-07 20:31:38,328 - INFO - You select `exponentiallr` lr_scheduler.
2026-05-07 20:31:38,329 - WARNING - Received none train loss func and will use the loss func defined in the model.
2026-05-07 20:31:38,329 - INFO - Start training ...
2026-05-07 20:31:38,329 - INFO - num_batches:40
2026-05-07 20:31:38,547 - INFO - Enable physics warmup: steps=3000 start_ratio=0.200 mode=linear.
2026-05-07 20:31:38,565 - INFO - Enable physics warmup: steps=3000 start_ratio=0.200 mode=linear.
2026-05-07 20:32:10,334 - INFO - epoch complete!
2026-05-07 20:32:10,334 - INFO - evaluating now!
2026-05-07 20:32:10,350 - INFO - epoch complete!
2026-05-07 20:32:10,350 - INFO - evaluating now!
2026-05-07 20:32:13,644 - INFO - Epoch [0/50] train_loss: 1.2716, val_loss: 1.0025, lr: 0.003920, 35.32s
2026-05-07 20:32:13,661 - INFO - Epoch [0/50] train_loss: 1.2876, val_loss: 1.0020, lr: 0.003920, 35.33s
2026-05-07 20:32:13,934 - INFO - Saved model at 0
2026-05-07 20:32:13,934 - INFO - Val loss decrease from inf to 1.0020, saving to /home/lizhuoxuan/lzq/Bigscity-LibCity-master/outputs/20260507_203128__traffic_state_pred__new_diffusion_fuzzy__PEMSD4/model_cache/new_diffusion_fuzzy_PEMSD4_epoch0.tar
2026-05-07 20:32:13,947 - INFO - Saved model at 0
2026-05-07 20:32:13,948 - INFO - Val loss decrease from inf to 1.0025, saving to /home/lizhuoxuan/lzq/Bigscity-LibCity-master/outputs/20260507_203128__traffic_state_pred__new_diffusion_fuzzy__PEMSD4/model_cache/new_diffusion_fuzzy_PEMSD4_epoch0.tar
2026-05-07 20:32:45,570 - INFO - epoch complete!
2026-05-07 20:32:45,571 - INFO - evaluating now!
2026-05-07 20:32:45,597 - INFO - epoch complete!
2026-05-07 20:32:45,597 - INFO - evaluating now!
2026-05-07 20:32:48,890 - INFO - Epoch [1/50] train_loss: 1.0034, val_loss: 0.9995, lr: 0.003842, 34.94s
2026-05-07 20:32:48,918 - INFO - Epoch [1/50] train_loss: 1.0033, val_loss: 0.9995, lr: 0.003842, 34.98s
2026-05-07 20:32:49,190 - INFO - Saved model at 1
2026-05-07 20:32:49,191 - INFO - Val loss decrease from 1.0025 to 0.9995, saving to /home/lizhuoxuan/lzq/Bigscity-LibCity-master/outputs/20260507_203128__traffic_state_pred__new_diffusion_fuzzy__PEMSD4/model_cache/new_diffusion_fuzzy_PEMSD4_epoch1.tar
2026-05-07 20:32:49,235 - INFO - Saved model at 1
2026-05-07 20:32:49,235 - INFO - Val loss decrease from 1.0020 to 0.9995, saving to /home/lizhuoxuan/lzq/Bigscity-LibCity-master/outputs/20260507_203128__traffic_state_pred__new_diffusion_fuzzy__PEMSD4/model_cache/new_diffusion_fuzzy_PEMSD4_epoch1.tar
2026-05-07 20:33:20,885 - INFO - epoch complete!
2026-05-07 20:33:20,885 - INFO - evaluating now!
2026-05-07 20:33:20,916 - INFO - epoch complete!
2026-05-07 20:33:20,917 - INFO - evaluating now!
2026-05-07 20:33:24,209 - INFO - Epoch [2/50] train_loss: 1.0013, val_loss: 1.0008, lr: 0.003765, 35.02s
2026-05-07 20:33:24,243 - INFO - Epoch [2/50] train_loss: 1.0013, val_loss: 1.0007, lr: 0.003765, 35.01s
2026-05-07 20:33:55,905 - INFO - epoch complete!
2026-05-07 20:33:55,905 - INFO - evaluating now!
2026-05-07 20:33:56,025 - INFO - epoch complete!
2026-05-07 20:33:56,026 - INFO - evaluating now!
2026-05-07 20:33:59,226 - INFO - Epoch [3/50] train_loss: 1.0006, val_loss: 0.9997, lr: 0.003689, 35.02s
2026-05-07 20:33:59,384 - INFO - Epoch [3/50] train_loss: 1.0007, val_loss: 0.9996, lr: 0.003689, 35.14s
2026-05-07 20:34:30,932 - INFO - epoch complete!
2026-05-07 20:34:30,932 - INFO - evaluating now!
2026-05-07 20:34:31,249 - INFO - epoch complete!
2026-05-07 20:34:31,250 - INFO - evaluating now!
2026-05-07 20:34:34,253 - INFO - Epoch [4/50] train_loss: 1.0003, val_loss: 0.9994, lr: 0.003616, 35.03s
2026-05-07 20:34:34,296 - INFO - Saved model at 4
2026-05-07 20:34:34,296 - INFO - Val loss decrease from 0.9995 to 0.9994, saving to /home/lizhuoxuan/lzq/Bigscity-LibCity-master/outputs/20260507_203128__traffic_state_pred__new_diffusion_fuzzy__PEMSD4/model_cache/new_diffusion_fuzzy_PEMSD4_epoch4.tar
2026-05-07 20:34:34,613 - INFO - Epoch [4/50] train_loss: 1.0003, val_loss: 0.9993, lr: 0.003616, 35.23s
2026-05-07 20:34:34,910 - INFO - Saved model at 4
2026-05-07 20:34:34,911 - INFO - Val loss decrease from 0.9995 to 0.9993, saving to /home/lizhuoxuan/lzq/Bigscity-LibCity-master/outputs/20260507_203128__traffic_state_pred__new_diffusion_fuzzy__PEMSD4/model_cache/new_diffusion_fuzzy_PEMSD4_epoch4.tar
2026-05-07 20:35:05,968 - INFO - epoch complete!
2026-05-07 20:35:05,968 - INFO - evaluating now!
2026-05-07 20:35:07,002 - INFO - epoch complete!
2026-05-07 20:35:07,002 - INFO - evaluating now!
2026-05-07 20:35:09,285 - INFO - Epoch [5/50] train_loss: 1.0005, val_loss: 1.0004, lr: 0.003543, 34.99s
2026-05-07 20:35:10,371 - INFO - Epoch [5/50] train_loss: 1.0004, val_loss: 1.0003, lr: 0.003543, 35.46s
2026-05-07 20:35:40,956 - INFO - epoch complete!
2026-05-07 20:35:40,956 - INFO - evaluating now!
2026-05-07 20:35:42,642 - INFO - epoch complete!
2026-05-07 20:35:42,642 - INFO - evaluating now!
2026-05-07 20:35:44,276 - INFO - Epoch [6/50] train_loss: 1.0004, val_loss: 0.9990, lr: 0.003473, 34.99s
2026-05-07 20:35:44,319 - INFO - Saved model at 6
2026-05-07 20:35:44,319 - INFO - Val loss decrease from 0.9994 to 0.9990, saving to /home/lizhuoxuan/lzq/Bigscity-LibCity-master/outputs/20260507_203128__traffic_state_pred__new_diffusion_fuzzy__PEMSD4/model_cache/new_diffusion_fuzzy_PEMSD4_epoch6.tar
2026-05-07 20:35:46,025 - INFO - Epoch [6/50] train_loss: 1.0003, val_loss: 0.9990, lr: 0.003473, 35.65s
2026-05-07 20:35:46,281 - INFO - Saved model at 6
2026-05-07 20:35:46,281 - INFO - Val loss decrease from 0.9993 to 0.9990, saving to /home/lizhuoxuan/lzq/Bigscity-LibCity-master/outputs/20260507_203128__traffic_state_pred__new_diffusion_fuzzy__PEMSD4/model_cache/new_diffusion_fuzzy_PEMSD4_epoch6.tar
2026-05-07 20:36:16,002 - INFO - epoch complete!
2026-05-07 20:36:16,002 - INFO - evaluating now!
2026-05-07 20:36:18,560 - INFO - epoch complete!
2026-05-07 20:36:18,560 - INFO - evaluating now!
2026-05-07 20:36:19,320 - INFO - Epoch [7/50] train_loss: 1.0001, val_loss: 1.0004, lr: 0.003403, 35.00s
2026-05-07 20:36:21,947 - INFO - Epoch [7/50] train_loss: 1.0001, val_loss: 1.0004, lr: 0.003403, 35.67s
2026-05-07 20:36:51,002 - INFO - epoch complete!
2026-05-07 20:36:51,003 - INFO - evaluating now!
2026-05-07 20:36:54,234 - INFO - epoch complete!
2026-05-07 20:36:54,234 - INFO - evaluating now!
2026-05-07 20:36:54,316 - INFO - Epoch [8/50] train_loss: 1.0006, val_loss: 0.9994, lr: 0.003335, 35.00s
2026-05-07 20:36:57,623 - INFO - Epoch [8/50] train_loss: 1.0006, val_loss: 0.9993, lr: 0.003335, 35.68s
2026-05-07 20:37:25,989 - INFO - epoch complete!
2026-05-07 20:37:25,990 - INFO - evaluating now!
2026-05-07 20:37:29,306 - INFO - Epoch [9/50] train_loss: 1.0002, val_loss: 1.0004, lr: 0.003268, 34.99s
2026-05-07 20:37:29,869 - INFO - epoch complete!
2026-05-07 20:37:29,870 - INFO - evaluating now!
2026-05-07 20:37:33,244 - INFO - Epoch [9/50] train_loss: 1.0001, val_loss: 0.9997, lr: 0.003268, 35.62s
