2026-05-26 15:42:10,042 - INFO - Log directory: /home/lizhuoxuan/lzq/Bigscity-LibCity-master/outputs/20260526_154210__traffic_state_pred__final_new__PEMSD4/logs
2026-05-26 15:42:10,042 - INFO - Begin artifact training pipeline, task=traffic_state_pred, model_name=final_new, dataset_name=PEMSD4, exp_id=20260526_154210__traffic_state_pred__final_new__PEMSD4
2026-05-26 15:42:10,042 - INFO - {'task': 'traffic_state_pred', 'model': 'final_new', 'dataset': 'PEMSD4', 'saved_model': True, 'train': True, 'seed': 42, 'train_rate': 0.6, 'eval_rate': 0.2, 'batch_size': 64, 'learning_rate': 0.001, 'max_epoch': 10, 'dataset_class': 'TrafficStatePointDataset', 'executor': 'FinalNewExecutor', 'evaluator': 'TrafficStateEvaluator', 'band_center_init': 1.1, 'band_width_init': 0.7, 'calculate_weight_adj': False, 'cell_blend_init': 0.3, 'conservation_loss_weight': 0.1, 'conservation_steps_per_epoch': 80, 'conservation_warmup_epochs': 5, 'data_col': ['traffic_flow', 'traffic_occupancy', 'traffic_speed'], 'data_files': ['PEMSD4'], 'decoder_layers': 2, 'device': device(type='cuda', index=0), 'disturb_rate': 0.5, 'dropout': 0.1, 'dyna': {'including_types': ['state'], 'state': {'entity_id': 'geo_id', 'traffic_flow': 'num', 'traffic_occupancy': 'num', 'traffic_speed': 'num'}}, 'encoder_layers': 2, 'eval_batch_size': 64, 'evaluator_mode': 'single', 'ffn_hidden_dim': 128, 'fir_mode': 'lukasiewicz', 'fuzzy_num_sets': 4, 'geo': {'including_types': ['Point'], 'Point': {}}, 'geo_file': 'PEMSD4', 'graph_k_hop': 2, 'hidden_dim': 64, 'init_weight_inf_or_zero': 'zero', 'is_distributed': True, 'metrics': ['MAE', 'MAPE', 'MSE', 'RMSE', 'masked_MAE', 'masked_MAPE', 'masked_MSE', 'masked_RMSE', 'R2', 'EVAR'], 'noise_SD': [10], 'noise_mean': [5], 'noise_type': 'gaussian', 'num_cells': 8, 'num_heads': 2, 'num_workers': 0, 'output_dim': 3, 'pad_with_last_sample': True, 'physics_channel_idx': 0, 'rank': 0, 'region_transformer_layers': 1, 'rel': {'including_types': ['geo'], 'geo': {'cost': 'num'}}, 'rel_file': 'PEMSD4', 'robustness_test': False, 'save_mode': ['csv'], 'set_weight_link_or_dist': 'link', 'time_intervals': 300, 'use_amp': True, 'use_gradient_checkpointing': False, 'use_temporal_position_embedding': True, 'weight_adj_epsilon': 0.1, 'weight_col': 'cost', 'world_size': 2, 'clip_grad_norm': True, 'epoch': 0, 'gpu': True, 'gpu_id': 0, 'learner': 'adamw', 'load_best_epoch': True, 'log_every': 1, 'lr_decay': True, 'lr_decay_ratio': 0.5, 'lr_patience': 5, 'lr_scheduler': 'reducelronplateau', 'lr_threshold': 0.001, 'max_grad_norm': 3, 'patience': 30, 'train_loss': 'none', 'use_early_stop': True, 'weight_decay': 0.0001, 'data_version_id': 'dv_1779779588_1e509f4c', 'input_window': 12, 'output_window': 12, 'scaler': 'standard', 'load_external': False, 'normal_external': False, 'add_time_in_day': True, 'add_day_in_week': True, 'cache_dataset': True, 'ext_scaler': 'none', 'local_rank': 0, 'dist_backend': 'nccl', 'exp_id': '20260526_154210__traffic_state_pred__final_new__PEMSD4'}
2026-05-26 15:42:10,051 - INFO - Log directory: /home/lizhuoxuan/lzq/Bigscity-LibCity-master/outputs/20260526_154210__traffic_state_pred__final_new__PEMSD4/logs
2026-05-26 15:42:20,107 - INFO - DistributedDataParallel(
  (module): NewFuzzyCellAttention(
    (fuzzy_graph): FuzzyRelationalGraphLearner(
      (raw_projection): Linear(in_features=3, out_features=64, bias=True)
      (feature_to_membership): Sequential(
        (0): Linear(in_features=64, out_features=32, bias=True)
        (1): GELU(approximate='none')
        (2): Linear(in_features=32, out_features=4, bias=True)
      )
    )
    (condition_encoder): STEncoder(
      (input_projection): Linear(in_features=3, out_features=64, bias=True)
      (blocks): ModuleList(
        (0-1): 2 x STEncoderBlock(
          (temporal_attention): MultiHeadAttention(
            (query_projection): Linear(in_features=64, out_features=64, bias=True)
            (key_projection): Linear(in_features=64, out_features=64, bias=True)
            (value_projection): Linear(in_features=64, out_features=64, bias=True)
            (output_projection): Linear(in_features=64, out_features=64, bias=True)
            (dropout): Dropout(p=0.1, inplace=False)
          )
          (graph_convolution): FuzzyGraphConvolution(
            (projections): ModuleList(
              (0-2): 3 x Linear(in_features=64, out_features=64, bias=True)
            )
          )
          (feed_forward): FeedForwardNetwork(
            (network): Sequential(
              (0): Linear(in_features=64, out_features=128, bias=True)
              (1): GELU(approximate='none')
              (2): Dropout(p=0.1, inplace=False)
              (3): Linear(in_features=128, out_features=64, bias=True)
              (4): Dropout(p=0.1, inplace=False)
            )
          )
          (norm_temporal): LayerNorm((64,), eps=1e-05, elementwise_affine=True)
          (norm_graph): LayerNorm((64,), eps=1e-05, elementwise_affine=True)
          (norm_ffn): LayerNorm((64,), eps=1e-05, elementwise_affine=True)
          (dropout): Dropout(p=0.1, inplace=False)
          (cell_attention): FuzzyCellAttention(
            (cell_transform): Linear(in_features=64, out_features=64, bias=True)
            (output_projection): Linear(in_features=64, out_features=64, bias=True)
            (region_transformer): RegionTransformer(
              (self_attn): MultiHeadAttention(
                (query_projection): Linear(in_features=64, out_features=64, bias=True)
                (key_projection): Linear(in_features=64, out_features=64, bias=True)
                (value_projection): Linear(in_features=64, out_features=64, bias=True)
                (output_projection): Linear(in_features=64, out_features=64, bias=True)
                (dropout): Dropout(p=0.1, inplace=False)
              )
              (ffn): FeedForwardNetwork(
                (network): Sequential(
                  (0): Linear(in_features=64, out_features=128, bias=True)
                  (1): GELU(approximate='none')
                  (2): Dropout(p=0.1, inplace=False)
                  (3): Linear(in_features=128, out_features=64, bias=True)
                  (4): Dropout(p=0.1, inplace=False)
                )
              )
              (norm1): LayerNorm((64,), eps=1e-05, elementwise_affine=True)
              (norm2): LayerNorm((64,), eps=1e-05, elementwise_affine=True)
              (dropout): Dropout(p=0.1, inplace=False)
            )
            (fuzzy_to_cell): Linear(in_features=4, out_features=8, bias=True)
          )
          (norm_cell): LayerNorm((64,), eps=1e-05, elementwise_affine=True)
        )
      )
      (final_norm): LayerNorm((64,), eps=1e-05, elementwise_affine=True)
    )
    (future_decoder): FutureDecoder(
      (blocks): ModuleList(
        (0-1): 2 x DecoderBlock(
          (temporal_attention): MultiHeadAttention(
            (query_projection): Linear(in_features=64, out_features=64, bias=True)
            (key_projection): Linear(in_features=64, out_features=64, bias=True)
            (value_projection): Linear(in_features=64, out_features=64, bias=True)
            (output_projection): Linear(in_features=64, out_features=64, bias=True)
            (dropout): Dropout(p=0.1, inplace=False)
          )
          (graph_convolution): FuzzyGraphConvolution(
            (projections): ModuleList(
              (0-2): 3 x Linear(in_features=64, out_features=64, bias=True)
            )
          )
          (cross_attention): MultiHeadAttention(
            (query_projection): Linear(in_features=64, out_features=64, bias=True)
            (key_projection): Linear(in_features=64, out_features=64, bias=True)
            (value_projection): Linear(in_features=64, out_features=64, bias=True)
            (output_projection): Linear(in_features=64, out_features=64, bias=True)
            (dropout): Dropout(p=0.1, inplace=False)
          )
          (feed_forward): FeedForwardNetwork(
            (network): Sequential(
              (0): Linear(in_features=64, out_features=128, bias=True)
              (1): GELU(approximate='none')
              (2): Dropout(p=0.1, inplace=False)
              (3): Linear(in_features=128, out_features=64, bias=True)
              (4): Dropout(p=0.1, inplace=False)
            )
          )
          (norm_temporal): LayerNorm((64,), eps=1e-05, elementwise_affine=True)
          (norm_graph): LayerNorm((64,), eps=1e-05, elementwise_affine=True)
          (norm_cross): LayerNorm((64,), eps=1e-05, elementwise_affine=True)
          (norm_ffn): LayerNorm((64,), eps=1e-05, elementwise_affine=True)
          (dropout): Dropout(p=0.1, inplace=False)
          (cell_attention): FuzzyCellAttention(
            (cell_transform): Linear(in_features=64, out_features=64, bias=True)
            (output_projection): Linear(in_features=64, out_features=64, bias=True)
            (region_transformer): RegionTransformer(
              (self_attn): MultiHeadAttention(
                (query_projection): Linear(in_features=64, out_features=64, bias=True)
                (key_projection): Linear(in_features=64, out_features=64, bias=True)
                (value_projection): Linear(in_features=64, out_features=64, bias=True)
                (output_projection): Linear(in_features=64, out_features=64, bias=True)
                (dropout): Dropout(p=0.1, inplace=False)
              )
              (ffn): FeedForwardNetwork(
                (network): Sequential(
                  (0): Linear(in_features=64, out_features=128, bias=True)
                  (1): GELU(approximate='none')
                  (2): Dropout(p=0.1, inplace=False)
                  (3): Linear(in_features=128, out_features=64, bias=True)
                  (4): Dropout(p=0.1, inplace=False)
                )
              )
              (norm1): LayerNorm((64,), eps=1e-05, elementwise_affine=True)
              (norm2): LayerNorm((64,), eps=1e-05, elementwise_affine=True)
              (dropout): Dropout(p=0.1, inplace=False)
            )
            (fuzzy_to_cell): Linear(in_features=4, out_features=8, bias=True)
          )
          (norm_cell): LayerNorm((64,), eps=1e-05, elementwise_affine=True)
        )
      )
      (final_norm): LayerNorm((64,), eps=1e-05, elementwise_affine=True)
      (output_projection): Linear(in_features=64, out_features=3, bias=True)
    )
  )
)
2026-05-26 15:42:20,108 - INFO - Enable AMP training (dtype=float16).
2026-05-26 15:42:20,108 - INFO - You select `adamw` optimizer.
2026-05-26 15:42:20,108 - INFO - module.fuzzy_graph.base_memberships	torch.Size([307, 4])	cuda:0	True
2026-05-26 15:42:20,108 - INFO - module.fuzzy_graph.fuzzy_prototypes	torch.Size([4, 64])	cuda:0	True
2026-05-26 15:42:20,108 - INFO - module.fuzzy_graph.blend_logit	torch.Size([])	cuda:0	True
2026-05-26 15:42:20,108 - INFO - module.fuzzy_graph.raw_projection.weight	torch.Size([64, 3])	cuda:0	True
2026-05-26 15:42:20,108 - INFO - module.fuzzy_graph.raw_projection.bias	torch.Size([64])	cuda:0	True
2026-05-26 15:42:20,108 - INFO - module.fuzzy_graph.feature_to_membership.0.weight	torch.Size([32, 64])	cuda:0	True
2026-05-26 15:42:20,108 - INFO - module.fuzzy_graph.feature_to_membership.0.bias	torch.Size([32])	cuda:0	True
2026-05-26 15:42:20,108 - INFO - module.fuzzy_graph.feature_to_membership.2.weight	torch.Size([4, 32])	cuda:0	True
2026-05-26 15:42:20,108 - INFO - module.fuzzy_graph.feature_to_membership.2.bias	torch.Size([4])	cuda:0	True
2026-05-26 15:42:20,109 - INFO - module.condition_encoder.temporal_position_embedding	torch.Size([1, 12, 1, 64])	cuda:0	True
2026-05-26 15:42:20,109 - INFO - module.condition_encoder.input_projection.weight	torch.Size([64, 3])	cuda:0	True
2026-05-26 15:42:20,109 - INFO - module.condition_encoder.input_projection.bias	torch.Size([64])	cuda:0	True
2026-05-26 15:42:20,109 - INFO - module.condition_encoder.blocks.0.temporal_attention.query_projection.weight	torch.Size([64, 64])	cuda:0	True
2026-05-26 15:42:20,109 - INFO - module.condition_encoder.blocks.0.temporal_attention.query_projection.bias	torch.Size([64])	cuda:0	True
2026-05-26 15:42:20,109 - INFO - module.condition_encoder.blocks.0.temporal_attention.key_projection.weight	torch.Size([64, 64])	cuda:0	True
2026-05-26 15:42:20,109 - INFO - module.condition_encoder.blocks.0.temporal_attention.key_projection.bias	torch.Size([64])	cuda:0	True
2026-05-26 15:42:20,109 - INFO - module.condition_encoder.blocks.0.temporal_attention.value_projection.weight	torch.Size([64, 64])	cuda:0	True
2026-05-26 15:42:20,109 - INFO - module.condition_encoder.blocks.0.temporal_attention.value_projection.bias	torch.Size([64])	cuda:0	True
2026-05-26 15:42:20,109 - INFO - module.condition_encoder.blocks.0.temporal_attention.output_projection.weight	torch.Size([64, 64])	cuda:0	True
2026-05-26 15:42:20,109 - INFO - module.condition_encoder.blocks.0.temporal_attention.output_projection.bias	torch.Size([64])	cuda:0	True
2026-05-26 15:42:20,109 - INFO - You select `reducelronplateau` lr_scheduler.
2026-05-26 15:42:20,109 - INFO - module.condition_encoder.blocks.0.graph_convolution.projections.0.weight	torch.Size([64, 64])	cuda:0	True
2026-05-26 15:42:20,109 - INFO - module.condition_encoder.blocks.0.graph_convolution.projections.0.bias	torch.Size([64])	cuda:0	True
2026-05-26 15:42:20,109 - WARNING - Received none train loss func and will use the loss func defined in the model.
2026-05-26 15:42:20,109 - INFO - module.condition_encoder.blocks.0.graph_convolution.projections.1.weight	torch.Size([64, 64])	cuda:0	True
2026-05-26 15:42:20,109 - INFO - module.condition_encoder.blocks.0.graph_convolution.projections.1.bias	torch.Size([64])	cuda:0	True
2026-05-26 15:42:20,109 - INFO - module.condition_encoder.blocks.0.graph_convolution.projections.2.weight	torch.Size([64, 64])	cuda:0	True
2026-05-26 15:42:20,109 - INFO - Start training ...
2026-05-26 15:42:20,109 - INFO - module.condition_encoder.blocks.0.graph_convolution.projections.2.bias	torch.Size([64])	cuda:0	True
2026-05-26 15:42:20,109 - INFO - module.condition_encoder.blocks.0.feed_forward.network.0.weight	torch.Size([128, 64])	cuda:0	True
2026-05-26 15:42:20,109 - INFO - num_batches:80
2026-05-26 15:42:20,109 - INFO - module.condition_encoder.blocks.0.feed_forward.network.0.bias	torch.Size([128])	cuda:0	True
2026-05-26 15:42:20,109 - INFO - module.condition_encoder.blocks.0.feed_forward.network.3.weight	torch.Size([64, 128])	cuda:0	True
2026-05-26 15:42:20,109 - INFO - module.condition_encoder.blocks.0.feed_forward.network.3.bias	torch.Size([64])	cuda:0	True
2026-05-26 15:42:20,109 - INFO - module.condition_encoder.blocks.0.norm_temporal.weight	torch.Size([64])	cuda:0	True
2026-05-26 15:42:20,109 - INFO - module.condition_encoder.blocks.0.norm_temporal.bias	torch.Size([64])	cuda:0	True
2026-05-26 15:42:20,109 - INFO - module.condition_encoder.blocks.0.norm_graph.weight	torch.Size([64])	cuda:0	True
2026-05-26 15:42:20,109 - INFO - module.condition_encoder.blocks.0.norm_graph.bias	torch.Size([64])	cuda:0	True
2026-05-26 15:42:20,109 - INFO - module.condition_encoder.blocks.0.norm_ffn.weight	torch.Size([64])	cuda:0	True
2026-05-26 15:42:20,109 - INFO - module.condition_encoder.blocks.0.norm_ffn.bias	torch.Size([64])	cuda:0	True
2026-05-26 15:42:20,109 - INFO - module.condition_encoder.blocks.0.cell_attention.centers	torch.Size([8, 64])	cuda:0	True
2026-05-26 15:42:20,109 - INFO - module.condition_encoder.blocks.0.cell_attention.log_sigma_sq	torch.Size([1])	cuda:0	True
2026-05-26 15:42:20,109 - INFO - module.condition_encoder.blocks.0.cell_attention.cell_blend	torch.Size([])	cuda:0	True
2026-05-26 15:42:20,109 - INFO - module.condition_encoder.blocks.0.cell_attention.band_center	torch.Size([])	cuda:0	True
2026-05-26 15:42:20,109 - INFO - module.condition_encoder.blocks.0.cell_attention.band_width_raw	torch.Size([])	cuda:0	True
2026-05-26 15:42:20,109 - INFO - module.condition_encoder.blocks.0.cell_attention.cell_transform.weight	torch.Size([64, 64])	cuda:0	True
2026-05-26 15:42:20,109 - INFO - module.condition_encoder.blocks.0.cell_attention.cell_transform.bias	torch.Size([64])	cuda:0	True
2026-05-26 15:42:20,109 - INFO - module.condition_encoder.blocks.0.cell_attention.output_projection.weight	torch.Size([64, 64])	cuda:0	True
2026-05-26 15:42:20,109 - INFO - module.condition_encoder.blocks.0.cell_attention.output_projection.bias	torch.Size([64])	cuda:0	True
2026-05-26 15:42:20,109 - INFO - module.condition_encoder.blocks.0.cell_attention.region_transformer.self_attn.query_projection.weight	torch.Size([64, 64])	cuda:0	True
2026-05-26 15:42:20,109 - INFO - module.condition_encoder.blocks.0.cell_attention.region_transformer.self_attn.query_projection.bias	torch.Size([64])	cuda:0	True
2026-05-26 15:42:20,109 - INFO - module.condition_encoder.blocks.0.cell_attention.region_transformer.self_attn.key_projection.weight	torch.Size([64, 64])	cuda:0	True
2026-05-26 15:42:20,109 - INFO - module.condition_encoder.blocks.0.cell_attention.region_transformer.self_attn.key_projection.bias	torch.Size([64])	cuda:0	True
2026-05-26 15:42:20,110 - INFO - module.condition_encoder.blocks.0.cell_attention.region_transformer.self_attn.value_projection.weight	torch.Size([64, 64])	cuda:0	True
2026-05-26 15:42:20,110 - INFO - module.condition_encoder.blocks.0.cell_attention.region_transformer.self_attn.value_projection.bias	torch.Size([64])	cuda:0	True
2026-05-26 15:42:20,110 - INFO - module.condition_encoder.blocks.0.cell_attention.region_transformer.self_attn.output_projection.weight	torch.Size([64, 64])	cuda:0	True
2026-05-26 15:42:20,110 - INFO - module.condition_encoder.blocks.0.cell_attention.region_transformer.self_attn.output_projection.bias	torch.Size([64])	cuda:0	True
2026-05-26 15:42:20,110 - INFO - module.condition_encoder.blocks.0.cell_attention.region_transformer.ffn.network.0.weight	torch.Size([128, 64])	cuda:0	True
2026-05-26 15:42:20,110 - INFO - module.condition_encoder.blocks.0.cell_attention.region_transformer.ffn.network.0.bias	torch.Size([128])	cuda:0	True
2026-05-26 15:42:20,110 - INFO - module.condition_encoder.blocks.0.cell_attention.region_transformer.ffn.network.3.weight	torch.Size([64, 128])	cuda:0	True
2026-05-26 15:42:20,110 - INFO - module.condition_encoder.blocks.0.cell_attention.region_transformer.ffn.network.3.bias	torch.Size([64])	cuda:0	True
2026-05-26 15:42:20,110 - INFO - module.condition_encoder.blocks.0.cell_attention.region_transformer.norm1.weight	torch.Size([64])	cuda:0	True
2026-05-26 15:42:20,110 - INFO - module.condition_encoder.blocks.0.cell_attention.region_transformer.norm1.bias	torch.Size([64])	cuda:0	True
2026-05-26 15:42:20,110 - INFO - module.condition_encoder.blocks.0.cell_attention.region_transformer.norm2.weight	torch.Size([64])	cuda:0	True
2026-05-26 15:42:20,110 - INFO - module.condition_encoder.blocks.0.cell_attention.region_transformer.norm2.bias	torch.Size([64])	cuda:0	True
2026-05-26 15:42:20,110 - INFO - module.condition_encoder.blocks.0.cell_attention.fuzzy_to_cell.weight	torch.Size([8, 4])	cuda:0	True
2026-05-26 15:42:20,110 - INFO - module.condition_encoder.blocks.0.cell_attention.fuzzy_to_cell.bias	torch.Size([8])	cuda:0	True
2026-05-26 15:42:20,110 - INFO - module.condition_encoder.blocks.0.norm_cell.weight	torch.Size([64])	cuda:0	True
2026-05-26 15:42:20,110 - INFO - module.condition_encoder.blocks.0.norm_cell.bias	torch.Size([64])	cuda:0	True
2026-05-26 15:42:20,110 - INFO - module.condition_encoder.blocks.1.temporal_attention.query_projection.weight	torch.Size([64, 64])	cuda:0	True
2026-05-26 15:42:20,110 - INFO - module.condition_encoder.blocks.1.temporal_attention.query_projection.bias	torch.Size([64])	cuda:0	True
2026-05-26 15:42:20,110 - INFO - module.condition_encoder.blocks.1.temporal_attention.key_projection.weight	torch.Size([64, 64])	cuda:0	True
2026-05-26 15:42:20,110 - INFO - module.condition_encoder.blocks.1.temporal_attention.key_projection.bias	torch.Size([64])	cuda:0	True
2026-05-26 15:42:20,110 - INFO - module.condition_encoder.blocks.1.temporal_attention.value_projection.weight	torch.Size([64, 64])	cuda:0	True
2026-05-26 15:42:20,110 - INFO - module.condition_encoder.blocks.1.temporal_attention.value_projection.bias	torch.Size([64])	cuda:0	True
2026-05-26 15:42:20,110 - INFO - module.condition_encoder.blocks.1.temporal_attention.output_projection.weight	torch.Size([64, 64])	cuda:0	True
2026-05-26 15:42:20,110 - INFO - module.condition_encoder.blocks.1.temporal_attention.output_projection.bias	torch.Size([64])	cuda:0	True
2026-05-26 15:42:20,110 - INFO - module.condition_encoder.blocks.1.graph_convolution.projections.0.weight	torch.Size([64, 64])	cuda:0	True
2026-05-26 15:42:20,110 - INFO - module.condition_encoder.blocks.1.graph_convolution.projections.0.bias	torch.Size([64])	cuda:0	True
2026-05-26 15:42:20,110 - INFO - module.condition_encoder.blocks.1.graph_convolution.projections.1.weight	torch.Size([64, 64])	cuda:0	True
2026-05-26 15:42:20,110 - INFO - module.condition_encoder.blocks.1.graph_convolution.projections.1.bias	torch.Size([64])	cuda:0	True
2026-05-26 15:42:20,110 - INFO - module.condition_encoder.blocks.1.graph_convolution.projections.2.weight	torch.Size([64, 64])	cuda:0	True
2026-05-26 15:42:20,110 - INFO - module.condition_encoder.blocks.1.graph_convolution.projections.2.bias	torch.Size([64])	cuda:0	True
2026-05-26 15:42:20,110 - INFO - module.condition_encoder.blocks.1.feed_forward.network.0.weight	torch.Size([128, 64])	cuda:0	True
2026-05-26 15:42:20,110 - INFO - module.condition_encoder.blocks.1.feed_forward.network.0.bias	torch.Size([128])	cuda:0	True
2026-05-26 15:42:20,110 - INFO - module.condition_encoder.blocks.1.feed_forward.network.3.weight	torch.Size([64, 128])	cuda:0	True
2026-05-26 15:42:20,110 - INFO - module.condition_encoder.blocks.1.feed_forward.network.3.bias	torch.Size([64])	cuda:0	True
2026-05-26 15:42:20,110 - INFO - module.condition_encoder.blocks.1.norm_temporal.weight	torch.Size([64])	cuda:0	True
2026-05-26 15:42:20,110 - INFO - module.condition_encoder.blocks.1.norm_temporal.bias	torch.Size([64])	cuda:0	True
2026-05-26 15:42:20,110 - INFO - module.condition_encoder.blocks.1.norm_graph.weight	torch.Size([64])	cuda:0	True
2026-05-26 15:42:20,110 - INFO - module.condition_encoder.blocks.1.norm_graph.bias	torch.Size([64])	cuda:0	True
2026-05-26 15:42:20,110 - INFO - module.condition_encoder.blocks.1.norm_ffn.weight	torch.Size([64])	cuda:0	True
2026-05-26 15:42:20,110 - INFO - module.condition_encoder.blocks.1.norm_ffn.bias	torch.Size([64])	cuda:0	True
2026-05-26 15:42:20,110 - INFO - module.condition_encoder.blocks.1.cell_attention.centers	torch.Size([8, 64])	cuda:0	True
2026-05-26 15:42:20,110 - INFO - module.condition_encoder.blocks.1.cell_attention.log_sigma_sq	torch.Size([1])	cuda:0	True
2026-05-26 15:42:20,111 - INFO - module.condition_encoder.blocks.1.cell_attention.cell_blend	torch.Size([])	cuda:0	True
2026-05-26 15:42:20,111 - INFO - module.condition_encoder.blocks.1.cell_attention.band_center	torch.Size([])	cuda:0	True
2026-05-26 15:42:20,111 - INFO - module.condition_encoder.blocks.1.cell_attention.band_width_raw	torch.Size([])	cuda:0	True
2026-05-26 15:42:20,111 - INFO - module.condition_encoder.blocks.1.cell_attention.cell_transform.weight	torch.Size([64, 64])	cuda:0	True
2026-05-26 15:42:20,111 - INFO - module.condition_encoder.blocks.1.cell_attention.cell_transform.bias	torch.Size([64])	cuda:0	True
2026-05-26 15:42:20,111 - INFO - module.condition_encoder.blocks.1.cell_attention.output_projection.weight	torch.Size([64, 64])	cuda:0	True
2026-05-26 15:42:20,111 - INFO - module.condition_encoder.blocks.1.cell_attention.output_projection.bias	torch.Size([64])	cuda:0	True
2026-05-26 15:42:20,111 - INFO - module.condition_encoder.blocks.1.cell_attention.region_transformer.self_attn.query_projection.weight	torch.Size([64, 64])	cuda:0	True
2026-05-26 15:42:20,111 - INFO - module.condition_encoder.blocks.1.cell_attention.region_transformer.self_attn.query_projection.bias	torch.Size([64])	cuda:0	True
2026-05-26 15:42:20,111 - INFO - module.condition_encoder.blocks.1.cell_attention.region_transformer.self_attn.key_projection.weight	torch.Size([64, 64])	cuda:0	True
2026-05-26 15:42:20,111 - INFO - module.condition_encoder.blocks.1.cell_attention.region_transformer.self_attn.key_projection.bias	torch.Size([64])	cuda:0	True
2026-05-26 15:42:20,111 - INFO - module.condition_encoder.blocks.1.cell_attention.region_transformer.self_attn.value_projection.weight	torch.Size([64, 64])	cuda:0	True
2026-05-26 15:42:20,111 - INFO - module.condition_encoder.blocks.1.cell_attention.region_transformer.self_attn.value_projection.bias	torch.Size([64])	cuda:0	True
2026-05-26 15:42:20,111 - INFO - module.condition_encoder.blocks.1.cell_attention.region_transformer.self_attn.output_projection.weight	torch.Size([64, 64])	cuda:0	True
2026-05-26 15:42:20,111 - INFO - module.condition_encoder.blocks.1.cell_attention.region_transformer.self_attn.output_projection.bias	torch.Size([64])	cuda:0	True
2026-05-26 15:42:20,111 - INFO - module.condition_encoder.blocks.1.cell_attention.region_transformer.ffn.network.0.weight	torch.Size([128, 64])	cuda:0	True
2026-05-26 15:42:20,111 - INFO - module.condition_encoder.blocks.1.cell_attention.region_transformer.ffn.network.0.bias	torch.Size([128])	cuda:0	True
2026-05-26 15:42:20,111 - INFO - module.condition_encoder.blocks.1.cell_attention.region_transformer.ffn.network.3.weight	torch.Size([64, 128])	cuda:0	True
2026-05-26 15:42:20,111 - INFO - module.condition_encoder.blocks.1.cell_attention.region_transformer.ffn.network.3.bias	torch.Size([64])	cuda:0	True
2026-05-26 15:42:20,111 - INFO - module.condition_encoder.blocks.1.cell_attention.region_transformer.norm1.weight	torch.Size([64])	cuda:0	True
2026-05-26 15:42:20,111 - INFO - module.condition_encoder.blocks.1.cell_attention.region_transformer.norm1.bias	torch.Size([64])	cuda:0	True
2026-05-26 15:42:20,111 - INFO - module.condition_encoder.blocks.1.cell_attention.region_transformer.norm2.weight	torch.Size([64])	cuda:0	True
2026-05-26 15:42:20,111 - INFO - module.condition_encoder.blocks.1.cell_attention.region_transformer.norm2.bias	torch.Size([64])	cuda:0	True
2026-05-26 15:42:20,111 - INFO - module.condition_encoder.blocks.1.cell_attention.fuzzy_to_cell.weight	torch.Size([8, 4])	cuda:0	True
2026-05-26 15:42:20,111 - INFO - module.condition_encoder.blocks.1.cell_attention.fuzzy_to_cell.bias	torch.Size([8])	cuda:0	True
2026-05-26 15:42:20,111 - INFO - module.condition_encoder.blocks.1.norm_cell.weight	torch.Size([64])	cuda:0	True
2026-05-26 15:42:20,111 - INFO - module.condition_encoder.blocks.1.norm_cell.bias	torch.Size([64])	cuda:0	True
2026-05-26 15:42:20,111 - INFO - module.condition_encoder.final_norm.weight	torch.Size([64])	cuda:0	True
2026-05-26 15:42:20,111 - INFO - module.condition_encoder.final_norm.bias	torch.Size([64])	cuda:0	True
2026-05-26 15:42:20,111 - INFO - module.future_decoder.future_queries	torch.Size([1, 12, 307, 64])	cuda:0	True
2026-05-26 15:42:20,111 - INFO - module.future_decoder.blocks.0.temporal_attention.query_projection.weight	torch.Size([64, 64])	cuda:0	True
2026-05-26 15:42:20,111 - INFO - module.future_decoder.blocks.0.temporal_attention.query_projection.bias	torch.Size([64])	cuda:0	True
2026-05-26 15:42:20,111 - INFO - module.future_decoder.blocks.0.temporal_attention.key_projection.weight	torch.Size([64, 64])	cuda:0	True
2026-05-26 15:42:20,111 - INFO - module.future_decoder.blocks.0.temporal_attention.key_projection.bias	torch.Size([64])	cuda:0	True
2026-05-26 15:42:20,111 - INFO - module.future_decoder.blocks.0.temporal_attention.value_projection.weight	torch.Size([64, 64])	cuda:0	True
2026-05-26 15:42:20,111 - INFO - module.future_decoder.blocks.0.temporal_attention.value_projection.bias	torch.Size([64])	cuda:0	True
2026-05-26 15:42:20,111 - INFO - module.future_decoder.blocks.0.temporal_attention.output_projection.weight	torch.Size([64, 64])	cuda:0	True
2026-05-26 15:42:20,111 - INFO - module.future_decoder.blocks.0.temporal_attention.output_projection.bias	torch.Size([64])	cuda:0	True
2026-05-26 15:42:20,111 - INFO - module.future_decoder.blocks.0.graph_convolution.projections.0.weight	torch.Size([64, 64])	cuda:0	True
2026-05-26 15:42:20,111 - INFO - module.future_decoder.blocks.0.graph_convolution.projections.0.bias	torch.Size([64])	cuda:0	True
2026-05-26 15:42:20,111 - INFO - module.future_decoder.blocks.0.graph_convolution.projections.1.weight	torch.Size([64, 64])	cuda:0	True
2026-05-26 15:42:20,111 - INFO - module.future_decoder.blocks.0.graph_convolution.projections.1.bias	torch.Size([64])	cuda:0	True
2026-05-26 15:42:20,112 - INFO - module.future_decoder.blocks.0.graph_convolution.projections.2.weight	torch.Size([64, 64])	cuda:0	True
2026-05-26 15:42:20,112 - INFO - module.future_decoder.blocks.0.graph_convolution.projections.2.bias	torch.Size([64])	cuda:0	True
2026-05-26 15:42:20,112 - INFO - module.future_decoder.blocks.0.cross_attention.query_projection.weight	torch.Size([64, 64])	cuda:0	True
2026-05-26 15:42:20,112 - INFO - module.future_decoder.blocks.0.cross_attention.query_projection.bias	torch.Size([64])	cuda:0	True
2026-05-26 15:42:20,112 - INFO - module.future_decoder.blocks.0.cross_attention.key_projection.weight	torch.Size([64, 64])	cuda:0	True
2026-05-26 15:42:20,112 - INFO - module.future_decoder.blocks.0.cross_attention.key_projection.bias	torch.Size([64])	cuda:0	True
2026-05-26 15:42:20,112 - INFO - module.future_decoder.blocks.0.cross_attention.value_projection.weight	torch.Size([64, 64])	cuda:0	True
2026-05-26 15:42:20,112 - INFO - module.future_decoder.blocks.0.cross_attention.value_projection.bias	torch.Size([64])	cuda:0	True
2026-05-26 15:42:20,112 - INFO - module.future_decoder.blocks.0.cross_attention.output_projection.weight	torch.Size([64, 64])	cuda:0	True
2026-05-26 15:42:20,112 - INFO - module.future_decoder.blocks.0.cross_attention.output_projection.bias	torch.Size([64])	cuda:0	True
2026-05-26 15:42:20,112 - INFO - module.future_decoder.blocks.0.feed_forward.network.0.weight	torch.Size([128, 64])	cuda:0	True
2026-05-26 15:42:20,112 - INFO - module.future_decoder.blocks.0.feed_forward.network.0.bias	torch.Size([128])	cuda:0	True
2026-05-26 15:42:20,112 - INFO - module.future_decoder.blocks.0.feed_forward.network.3.weight	torch.Size([64, 128])	cuda:0	True
2026-05-26 15:42:20,112 - INFO - module.future_decoder.blocks.0.feed_forward.network.3.bias	torch.Size([64])	cuda:0	True
2026-05-26 15:42:20,112 - INFO - module.future_decoder.blocks.0.norm_temporal.weight	torch.Size([64])	cuda:0	True
2026-05-26 15:42:20,112 - INFO - module.future_decoder.blocks.0.norm_temporal.bias	torch.Size([64])	cuda:0	True
2026-05-26 15:42:20,112 - INFO - module.future_decoder.blocks.0.norm_graph.weight	torch.Size([64])	cuda:0	True
2026-05-26 15:42:20,112 - INFO - module.future_decoder.blocks.0.norm_graph.bias	torch.Size([64])	cuda:0	True
2026-05-26 15:42:20,112 - INFO - module.future_decoder.blocks.0.norm_cross.weight	torch.Size([64])	cuda:0	True
2026-05-26 15:42:20,112 - INFO - module.future_decoder.blocks.0.norm_cross.bias	torch.Size([64])	cuda:0	True
2026-05-26 15:42:20,112 - INFO - module.future_decoder.blocks.0.norm_ffn.weight	torch.Size([64])	cuda:0	True
2026-05-26 15:42:20,112 - INFO - module.future_decoder.blocks.0.norm_ffn.bias	torch.Size([64])	cuda:0	True
2026-05-26 15:42:20,112 - INFO - module.future_decoder.blocks.0.cell_attention.centers	torch.Size([8, 64])	cuda:0	True
2026-05-26 15:42:20,112 - INFO - module.future_decoder.blocks.0.cell_attention.log_sigma_sq	torch.Size([1])	cuda:0	True
2026-05-26 15:42:20,112 - INFO - module.future_decoder.blocks.0.cell_attention.cell_blend	torch.Size([])	cuda:0	True
2026-05-26 15:42:20,112 - INFO - module.future_decoder.blocks.0.cell_attention.band_center	torch.Size([])	cuda:0	True
2026-05-26 15:42:20,112 - INFO - module.future_decoder.blocks.0.cell_attention.band_width_raw	torch.Size([])	cuda:0	True
2026-05-26 15:42:20,112 - INFO - module.future_decoder.blocks.0.cell_attention.cell_transform.weight	torch.Size([64, 64])	cuda:0	True
2026-05-26 15:42:20,112 - INFO - module.future_decoder.blocks.0.cell_attention.cell_transform.bias	torch.Size([64])	cuda:0	True
2026-05-26 15:42:20,112 - INFO - module.future_decoder.blocks.0.cell_attention.output_projection.weight	torch.Size([64, 64])	cuda:0	True
2026-05-26 15:42:20,112 - INFO - module.future_decoder.blocks.0.cell_attention.output_projection.bias	torch.Size([64])	cuda:0	True
2026-05-26 15:42:20,112 - INFO - module.future_decoder.blocks.0.cell_attention.region_transformer.self_attn.query_projection.weight	torch.Size([64, 64])	cuda:0	True
2026-05-26 15:42:20,112 - INFO - module.future_decoder.blocks.0.cell_attention.region_transformer.self_attn.query_projection.bias	torch.Size([64])	cuda:0	True
2026-05-26 15:42:20,112 - INFO - module.future_decoder.blocks.0.cell_attention.region_transformer.self_attn.key_projection.weight	torch.Size([64, 64])	cuda:0	True
2026-05-26 15:42:20,112 - INFO - module.future_decoder.blocks.0.cell_attention.region_transformer.self_attn.key_projection.bias	torch.Size([64])	cuda:0	True
2026-05-26 15:42:20,112 - INFO - module.future_decoder.blocks.0.cell_attention.region_transformer.self_attn.value_projection.weight	torch.Size([64, 64])	cuda:0	True
2026-05-26 15:42:20,112 - INFO - module.future_decoder.blocks.0.cell_attention.region_transformer.self_attn.value_projection.bias	torch.Size([64])	cuda:0	True
2026-05-26 15:42:20,112 - INFO - module.future_decoder.blocks.0.cell_attention.region_transformer.self_attn.output_projection.weight	torch.Size([64, 64])	cuda:0	True
2026-05-26 15:42:20,112 - INFO - module.future_decoder.blocks.0.cell_attention.region_transformer.self_attn.output_projection.bias	torch.Size([64])	cuda:0	True
2026-05-26 15:42:20,112 - INFO - module.future_decoder.blocks.0.cell_attention.region_transformer.ffn.network.0.weight	torch.Size([128, 64])	cuda:0	True
2026-05-26 15:42:20,112 - INFO - module.future_decoder.blocks.0.cell_attention.region_transformer.ffn.network.0.bias	torch.Size([128])	cuda:0	True
2026-05-26 15:42:20,113 - INFO - module.future_decoder.blocks.0.cell_attention.region_transformer.ffn.network.3.weight	torch.Size([64, 128])	cuda:0	True
2026-05-26 15:42:20,113 - INFO - module.future_decoder.blocks.0.cell_attention.region_transformer.ffn.network.3.bias	torch.Size([64])	cuda:0	True
2026-05-26 15:42:20,113 - INFO - module.future_decoder.blocks.0.cell_attention.region_transformer.norm1.weight	torch.Size([64])	cuda:0	True
2026-05-26 15:42:20,113 - INFO - module.future_decoder.blocks.0.cell_attention.region_transformer.norm1.bias	torch.Size([64])	cuda:0	True
2026-05-26 15:42:20,113 - INFO - module.future_decoder.blocks.0.cell_attention.region_transformer.norm2.weight	torch.Size([64])	cuda:0	True
2026-05-26 15:42:20,113 - INFO - module.future_decoder.blocks.0.cell_attention.region_transformer.norm2.bias	torch.Size([64])	cuda:0	True
2026-05-26 15:42:20,113 - INFO - module.future_decoder.blocks.0.cell_attention.fuzzy_to_cell.weight	torch.Size([8, 4])	cuda:0	True
2026-05-26 15:42:20,113 - INFO - module.future_decoder.blocks.0.cell_attention.fuzzy_to_cell.bias	torch.Size([8])	cuda:0	True
2026-05-26 15:42:20,113 - INFO - module.future_decoder.blocks.0.norm_cell.weight	torch.Size([64])	cuda:0	True
2026-05-26 15:42:20,113 - INFO - module.future_decoder.blocks.0.norm_cell.bias	torch.Size([64])	cuda:0	True
2026-05-26 15:42:20,113 - INFO - module.future_decoder.blocks.1.temporal_attention.query_projection.weight	torch.Size([64, 64])	cuda:0	True
2026-05-26 15:42:20,113 - INFO - module.future_decoder.blocks.1.temporal_attention.query_projection.bias	torch.Size([64])	cuda:0	True
2026-05-26 15:42:20,113 - INFO - module.future_decoder.blocks.1.temporal_attention.key_projection.weight	torch.Size([64, 64])	cuda:0	True
2026-05-26 15:42:20,113 - INFO - module.future_decoder.blocks.1.temporal_attention.key_projection.bias	torch.Size([64])	cuda:0	True
2026-05-26 15:42:20,113 - INFO - module.future_decoder.blocks.1.temporal_attention.value_projection.weight	torch.Size([64, 64])	cuda:0	True
2026-05-26 15:42:20,113 - INFO - module.future_decoder.blocks.1.temporal_attention.value_projection.bias	torch.Size([64])	cuda:0	True
2026-05-26 15:42:20,113 - INFO - module.future_decoder.blocks.1.temporal_attention.output_projection.weight	torch.Size([64, 64])	cuda:0	True
2026-05-26 15:42:20,113 - INFO - module.future_decoder.blocks.1.temporal_attention.output_projection.bias	torch.Size([64])	cuda:0	True
2026-05-26 15:42:20,113 - INFO - module.future_decoder.blocks.1.graph_convolution.projections.0.weight	torch.Size([64, 64])	cuda:0	True
2026-05-26 15:42:20,113 - INFO - module.future_decoder.blocks.1.graph_convolution.projections.0.bias	torch.Size([64])	cuda:0	True
2026-05-26 15:42:20,113 - INFO - module.future_decoder.blocks.1.graph_convolution.projections.1.weight	torch.Size([64, 64])	cuda:0	True
2026-05-26 15:42:20,113 - INFO - module.future_decoder.blocks.1.graph_convolution.projections.1.bias	torch.Size([64])	cuda:0	True
2026-05-26 15:42:20,113 - INFO - module.future_decoder.blocks.1.graph_convolution.projections.2.weight	torch.Size([64, 64])	cuda:0	True
2026-05-26 15:42:20,113 - INFO - module.future_decoder.blocks.1.graph_convolution.projections.2.bias	torch.Size([64])	cuda:0	True
2026-05-26 15:42:20,113 - INFO - module.future_decoder.blocks.1.cross_attention.query_projection.weight	torch.Size([64, 64])	cuda:0	True
2026-05-26 15:42:20,113 - INFO - module.future_decoder.blocks.1.cross_attention.query_projection.bias	torch.Size([64])	cuda:0	True
2026-05-26 15:42:20,113 - INFO - module.future_decoder.blocks.1.cross_attention.key_projection.weight	torch.Size([64, 64])	cuda:0	True
2026-05-26 15:42:20,113 - INFO - module.future_decoder.blocks.1.cross_attention.key_projection.bias	torch.Size([64])	cuda:0	True
2026-05-26 15:42:20,113 - INFO - module.future_decoder.blocks.1.cross_attention.value_projection.weight	torch.Size([64, 64])	cuda:0	True
2026-05-26 15:42:20,113 - INFO - module.future_decoder.blocks.1.cross_attention.value_projection.bias	torch.Size([64])	cuda:0	True
2026-05-26 15:42:20,113 - INFO - module.future_decoder.blocks.1.cross_attention.output_projection.weight	torch.Size([64, 64])	cuda:0	True
2026-05-26 15:42:20,113 - INFO - module.future_decoder.blocks.1.cross_attention.output_projection.bias	torch.Size([64])	cuda:0	True
2026-05-26 15:42:20,113 - INFO - module.future_decoder.blocks.1.feed_forward.network.0.weight	torch.Size([128, 64])	cuda:0	True
2026-05-26 15:42:20,113 - INFO - module.future_decoder.blocks.1.feed_forward.network.0.bias	torch.Size([128])	cuda:0	True
2026-05-26 15:42:20,113 - INFO - module.future_decoder.blocks.1.feed_forward.network.3.weight	torch.Size([64, 128])	cuda:0	True
2026-05-26 15:42:20,113 - INFO - module.future_decoder.blocks.1.feed_forward.network.3.bias	torch.Size([64])	cuda:0	True
2026-05-26 15:42:20,113 - INFO - module.future_decoder.blocks.1.norm_temporal.weight	torch.Size([64])	cuda:0	True
2026-05-26 15:42:20,113 - INFO - module.future_decoder.blocks.1.norm_temporal.bias	torch.Size([64])	cuda:0	True
2026-05-26 15:42:20,113 - INFO - module.future_decoder.blocks.1.norm_graph.weight	torch.Size([64])	cuda:0	True
2026-05-26 15:42:20,113 - INFO - module.future_decoder.blocks.1.norm_graph.bias	torch.Size([64])	cuda:0	True
2026-05-26 15:42:20,113 - INFO - module.future_decoder.blocks.1.norm_cross.weight	torch.Size([64])	cuda:0	True
2026-05-26 15:42:20,114 - INFO - module.future_decoder.blocks.1.norm_cross.bias	torch.Size([64])	cuda:0	True
2026-05-26 15:42:20,114 - INFO - module.future_decoder.blocks.1.norm_ffn.weight	torch.Size([64])	cuda:0	True
2026-05-26 15:42:20,114 - INFO - module.future_decoder.blocks.1.norm_ffn.bias	torch.Size([64])	cuda:0	True
2026-05-26 15:42:20,114 - INFO - module.future_decoder.blocks.1.cell_attention.centers	torch.Size([8, 64])	cuda:0	True
2026-05-26 15:42:20,114 - INFO - module.future_decoder.blocks.1.cell_attention.log_sigma_sq	torch.Size([1])	cuda:0	True
2026-05-26 15:42:20,114 - INFO - module.future_decoder.blocks.1.cell_attention.cell_blend	torch.Size([])	cuda:0	True
2026-05-26 15:42:20,114 - INFO - module.future_decoder.blocks.1.cell_attention.band_center	torch.Size([])	cuda:0	True
2026-05-26 15:42:20,114 - INFO - module.future_decoder.blocks.1.cell_attention.band_width_raw	torch.Size([])	cuda:0	True
2026-05-26 15:42:20,114 - INFO - module.future_decoder.blocks.1.cell_attention.cell_transform.weight	torch.Size([64, 64])	cuda:0	True
2026-05-26 15:42:20,114 - INFO - module.future_decoder.blocks.1.cell_attention.cell_transform.bias	torch.Size([64])	cuda:0	True
2026-05-26 15:42:20,114 - INFO - module.future_decoder.blocks.1.cell_attention.output_projection.weight	torch.Size([64, 64])	cuda:0	True
2026-05-26 15:42:20,114 - INFO - module.future_decoder.blocks.1.cell_attention.output_projection.bias	torch.Size([64])	cuda:0	True
2026-05-26 15:42:20,114 - INFO - module.future_decoder.blocks.1.cell_attention.region_transformer.self_attn.query_projection.weight	torch.Size([64, 64])	cuda:0	True
2026-05-26 15:42:20,114 - INFO - module.future_decoder.blocks.1.cell_attention.region_transformer.self_attn.query_projection.bias	torch.Size([64])	cuda:0	True
2026-05-26 15:42:20,114 - INFO - module.future_decoder.blocks.1.cell_attention.region_transformer.self_attn.key_projection.weight	torch.Size([64, 64])	cuda:0	True
2026-05-26 15:42:20,114 - INFO - module.future_decoder.blocks.1.cell_attention.region_transformer.self_attn.key_projection.bias	torch.Size([64])	cuda:0	True
2026-05-26 15:42:20,114 - INFO - module.future_decoder.blocks.1.cell_attention.region_transformer.self_attn.value_projection.weight	torch.Size([64, 64])	cuda:0	True
2026-05-26 15:42:20,114 - INFO - module.future_decoder.blocks.1.cell_attention.region_transformer.self_attn.value_projection.bias	torch.Size([64])	cuda:0	True
2026-05-26 15:42:20,114 - INFO - module.future_decoder.blocks.1.cell_attention.region_transformer.self_attn.output_projection.weight	torch.Size([64, 64])	cuda:0	True
2026-05-26 15:42:20,114 - INFO - module.future_decoder.blocks.1.cell_attention.region_transformer.self_attn.output_projection.bias	torch.Size([64])	cuda:0	True
2026-05-26 15:42:20,114 - INFO - module.future_decoder.blocks.1.cell_attention.region_transformer.ffn.network.0.weight	torch.Size([128, 64])	cuda:0	True
2026-05-26 15:42:20,114 - INFO - module.future_decoder.blocks.1.cell_attention.region_transformer.ffn.network.0.bias	torch.Size([128])	cuda:0	True
2026-05-26 15:42:20,114 - INFO - module.future_decoder.blocks.1.cell_attention.region_transformer.ffn.network.3.weight	torch.Size([64, 128])	cuda:0	True
2026-05-26 15:42:20,114 - INFO - module.future_decoder.blocks.1.cell_attention.region_transformer.ffn.network.3.bias	torch.Size([64])	cuda:0	True
2026-05-26 15:42:20,114 - INFO - module.future_decoder.blocks.1.cell_attention.region_transformer.norm1.weight	torch.Size([64])	cuda:0	True
2026-05-26 15:42:20,114 - INFO - module.future_decoder.blocks.1.cell_attention.region_transformer.norm1.bias	torch.Size([64])	cuda:0	True
2026-05-26 15:42:20,114 - INFO - module.future_decoder.blocks.1.cell_attention.region_transformer.norm2.weight	torch.Size([64])	cuda:0	True
2026-05-26 15:42:20,114 - INFO - module.future_decoder.blocks.1.cell_attention.region_transformer.norm2.bias	torch.Size([64])	cuda:0	True
2026-05-26 15:42:20,114 - INFO - module.future_decoder.blocks.1.cell_attention.fuzzy_to_cell.weight	torch.Size([8, 4])	cuda:0	True
2026-05-26 15:42:20,114 - INFO - module.future_decoder.blocks.1.cell_attention.fuzzy_to_cell.bias	torch.Size([8])	cuda:0	True
2026-05-26 15:42:20,114 - INFO - module.future_decoder.blocks.1.norm_cell.weight	torch.Size([64])	cuda:0	True
2026-05-26 15:42:20,114 - INFO - module.future_decoder.blocks.1.norm_cell.bias	torch.Size([64])	cuda:0	True
2026-05-26 15:42:20,114 - INFO - module.future_decoder.final_norm.weight	torch.Size([64])	cuda:0	True
2026-05-26 15:42:20,114 - INFO - module.future_decoder.final_norm.bias	torch.Size([64])	cuda:0	True
2026-05-26 15:42:20,114 - INFO - module.future_decoder.output_projection.weight	torch.Size([3, 64])	cuda:0	True
2026-05-26 15:42:20,114 - INFO - module.future_decoder.output_projection.bias	torch.Size([3])	cuda:0	True
2026-05-26 15:42:20,115 - INFO - Total parameter numbers: 628964
2026-05-26 15:42:20,115 - INFO - Enable AMP training (dtype=float16).
2026-05-26 15:42:20,115 - INFO - You select `adamw` optimizer.
2026-05-26 15:42:20,116 - INFO - You select `reducelronplateau` lr_scheduler.
2026-05-26 15:42:20,116 - WARNING - Received none train loss func and will use the loss func defined in the model.
2026-05-26 15:42:20,116 - INFO - Start training ...
2026-05-26 15:42:20,116 - INFO - num_batches:80
2026-05-26 15:42:28,940 - INFO - epoch complete!
2026-05-26 15:42:28,941 - INFO - evaluating now!
2026-05-26 15:42:29,032 - INFO - epoch complete!
2026-05-26 15:42:29,033 - INFO - evaluating now!
2026-05-26 15:42:29,778 - INFO - Epoch [0/10] train_loss: 0.3369, val_loss: 0.2682, lr: 0.001000, 9.67s
2026-05-26 15:42:29,778 - INFO - Epoch [0/10] train_loss: 0.3299, val_loss: 0.2682, lr: 0.001000, 9.66s
2026-05-26 15:42:29,779 - INFO - Val loss decrease from inf to 0.2682, saving to 
2026-05-26 15:42:29,827 - INFO - Saved model at 0
2026-05-26 15:42:29,828 - INFO - Val loss decrease from inf to 0.2682, saving to /home/lizhuoxuan/lzq/Bigscity-LibCity-master/outputs/20260526_154210__traffic_state_pred__final_new__PEMSD4/model_cache/final_new_PEMSD4_epoch0.tar
2026-05-26 15:42:37,991 - INFO - epoch complete!
2026-05-26 15:42:37,992 - INFO - evaluating now!
2026-05-26 15:42:38,082 - INFO - epoch complete!
2026-05-26 15:42:38,082 - INFO - evaluating now!
2026-05-26 15:42:38,827 - INFO - Epoch [1/10] train_loss: 0.2646, val_loss: 0.2589, lr: 0.001000, 9.00s
2026-05-26 15:42:38,827 - INFO - Epoch [1/10] train_loss: 0.2635, val_loss: 0.2589, lr: 0.001000, 9.05s
2026-05-26 15:42:38,827 - INFO - Val loss decrease from 0.2682 to 0.2589, saving to 
2026-05-26 15:42:38,874 - INFO - Saved model at 1
2026-05-26 15:42:38,874 - INFO - Val loss decrease from 0.2682 to 0.2589, saving to /home/lizhuoxuan/lzq/Bigscity-LibCity-master/outputs/20260526_154210__traffic_state_pred__final_new__PEMSD4/model_cache/final_new_PEMSD4_epoch1.tar
2026-05-26 15:42:47,042 - INFO - epoch complete!
2026-05-26 15:42:47,042 - INFO - evaluating now!
2026-05-26 15:42:47,122 - INFO - epoch complete!
2026-05-26 15:42:47,122 - INFO - evaluating now!
2026-05-26 15:42:47,868 - INFO - Epoch [2/10] train_loss: 0.2452, val_loss: 0.2668, lr: 0.001000, 8.99s
2026-05-26 15:42:47,868 - INFO - Epoch [2/10] train_loss: 0.2455, val_loss: 0.2668, lr: 0.001000, 9.04s
2026-05-26 15:42:56,087 - INFO - epoch complete!
2026-05-26 15:42:56,087 - INFO - evaluating now!
2026-05-26 15:42:56,108 - INFO - epoch complete!
2026-05-26 15:42:56,108 - INFO - evaluating now!
2026-05-26 15:42:56,851 - INFO - Epoch [3/10] train_loss: 0.2159, val_loss: 0.2972, lr: 0.001000, 8.98s
2026-05-26 15:42:56,852 - INFO - Epoch [3/10] train_loss: 0.2229, val_loss: 0.2972, lr: 0.001000, 8.98s
2026-05-26 15:43:05,054 - INFO - epoch complete!
2026-05-26 15:43:05,055 - INFO - evaluating now!
2026-05-26 15:43:05,211 - INFO - epoch complete!
2026-05-26 15:43:05,211 - INFO - evaluating now!
2026-05-26 15:43:05,962 - INFO - Epoch [4/10] train_loss: 0.2437, val_loss: 0.2487, lr: 0.001000, 9.11s
2026-05-26 15:43:05,962 - INFO - Epoch [4/10] train_loss: 0.1955, val_loss: 0.2487, lr: 0.001000, 9.11s
2026-05-26 15:43:05,962 - INFO - Val loss decrease from 0.2589 to 0.2487, saving to 
2026-05-26 15:43:06,010 - INFO - Saved model at 4
2026-05-26 15:43:06,010 - INFO - Val loss decrease from 0.2589 to 0.2487, saving to /home/lizhuoxuan/lzq/Bigscity-LibCity-master/outputs/20260526_154210__traffic_state_pred__final_new__PEMSD4/model_cache/final_new_PEMSD4_epoch4.tar
2026-05-26 15:43:14,170 - INFO - epoch complete!
2026-05-26 15:43:14,170 - INFO - evaluating now!
2026-05-26 15:43:14,272 - INFO - epoch complete!
2026-05-26 15:43:14,272 - INFO - evaluating now!
2026-05-26 15:43:15,022 - INFO - Epoch [5/10] train_loss: 0.3020, val_loss: 0.2781, lr: 0.001000, 9.01s
2026-05-26 15:43:15,022 - INFO - Epoch [5/10] train_loss: 0.1633, val_loss: 0.2781, lr: 0.001000, 9.06s
2026-05-26 15:43:23,217 - INFO - epoch complete!
2026-05-26 15:43:23,218 - INFO - evaluating now!
2026-05-26 15:43:23,304 - INFO - epoch complete!
2026-05-26 15:43:23,305 - INFO - evaluating now!
2026-05-26 15:43:24,053 - INFO - Epoch [6/10] train_loss: 0.1496, val_loss: 0.2107, lr: 0.001000, 9.03s
2026-05-26 15:43:24,053 - INFO - Epoch [6/10] train_loss: 0.2800, val_loss: 0.2107, lr: 0.001000, 9.03s
2026-05-26 15:43:24,053 - INFO - Val loss decrease from 0.2487 to 0.2107, saving to 
2026-05-26 15:43:24,100 - INFO - Saved model at 6
2026-05-26 15:43:24,100 - INFO - Val loss decrease from 0.2487 to 0.2107, saving to /home/lizhuoxuan/lzq/Bigscity-LibCity-master/outputs/20260526_154210__traffic_state_pred__final_new__PEMSD4/model_cache/final_new_PEMSD4_epoch6.tar
2026-05-26 15:43:32,217 - INFO - epoch complete!
2026-05-26 15:43:32,217 - INFO - evaluating now!
2026-05-26 15:43:32,376 - INFO - epoch complete!
2026-05-26 15:43:32,376 - INFO - evaluating now!
2026-05-26 15:43:33,123 - INFO - Epoch [7/10] train_loss: 0.2889, val_loss: 0.2048, lr: 0.001000, 9.02s
2026-05-26 15:43:33,123 - INFO - Epoch [7/10] train_loss: 0.1477, val_loss: 0.2048, lr: 0.001000, 9.07s
2026-05-26 15:43:33,123 - INFO - Val loss decrease from 0.2107 to 0.2048, saving to 
2026-05-26 15:43:33,171 - INFO - Saved model at 7
2026-05-26 15:43:33,171 - INFO - Val loss decrease from 0.2107 to 0.2048, saving to /home/lizhuoxuan/lzq/Bigscity-LibCity-master/outputs/20260526_154210__traffic_state_pred__final_new__PEMSD4/model_cache/final_new_PEMSD4_epoch7.tar
2026-05-26 15:43:41,449 - INFO - epoch complete!
2026-05-26 15:43:41,449 - INFO - evaluating now!
2026-05-26 15:43:41,482 - INFO - epoch complete!
2026-05-26 15:43:41,482 - INFO - evaluating now!
2026-05-26 15:43:42,229 - INFO - Epoch [8/10] train_loss: 0.2322, val_loss: 0.1876, lr: 0.001000, 9.06s
2026-05-26 15:43:42,229 - INFO - Epoch [8/10] train_loss: 0.1347, val_loss: 0.1876, lr: 0.001000, 9.10s
2026-05-26 15:43:42,229 - INFO - Val loss decrease from 0.2048 to 0.1876, saving to 
2026-05-26 15:43:42,334 - INFO - Saved model at 8
2026-05-26 15:43:42,334 - INFO - Val loss decrease from 0.2048 to 0.1876, saving to /home/lizhuoxuan/lzq/Bigscity-LibCity-master/outputs/20260526_154210__traffic_state_pred__final_new__PEMSD4/model_cache/final_new_PEMSD4_epoch8.tar
2026-05-26 15:43:50,438 - INFO - epoch complete!
2026-05-26 15:43:50,438 - INFO - evaluating now!
2026-05-26 15:43:50,613 - INFO - epoch complete!
2026-05-26 15:43:50,613 - INFO - evaluating now!
2026-05-26 15:43:51,363 - INFO - Epoch [9/10] train_loss: 0.1933, val_loss: 0.1827, lr: 0.001000, 9.03s
2026-05-26 15:43:51,363 - INFO - Epoch [9/10] train_loss: 0.1263, val_loss: 0.1827, lr: 0.001000, 9.13s
2026-05-26 15:43:51,363 - INFO - Val loss decrease from 0.1876 to 0.1827, saving to 
2026-05-26 15:43:51,363 - INFO - Trained totally 10 epochs, average train time is 8.281s, average eval time is 0.840s
2026-05-26 15:43:51,410 - INFO - Saved model at 9
2026-05-26 15:43:51,410 - INFO - Val loss decrease from 0.1876 to 0.1827, saving to /home/lizhuoxuan/lzq/Bigscity-LibCity-master/outputs/20260526_154210__traffic_state_pred__final_new__PEMSD4/model_cache/final_new_PEMSD4_epoch9.tar
2026-05-26 15:43:51,410 - INFO - Trained totally 10 epochs, average train time is 8.339s, average eval time is 0.750s
2026-05-26 15:43:51,537 - INFO - Loaded model at 9
2026-05-26 15:43:51,538 - INFO - Start evaluating ...
2026-05-26 15:43:51,540 - INFO - Loaded model at 9
2026-05-26 15:43:51,541 - INFO - Saved model at /home/lizhuoxuan/lzq/Bigscity-LibCity-master/outputs/20260526_154210__traffic_state_pred__final_new__PEMSD4/model_cache/final_new_PEMSD4.m
2026-05-26 15:43:51,592 - INFO - Start evaluating ...
2026-05-26 15:44:20,576 - INFO - Note that you select the single mode to evaluate!
2026-05-26 15:44:20,579 - INFO - Evaluate result is saved at /home/lizhuoxuan/lzq/Bigscity-LibCity-master/outputs/20260526_154210__traffic_state_pred__final_new__PEMSD4/evaluate_cache/2026_05_26_15_44_20_final_new_PEMSD4.csv
2026-05-26 15:44:20,590 - INFO - 
          MAE       MAPE          MSE  ...  masked_RMSE        R2      EVAR
1   27.432467  30.641392  3946.259033  ...    62.743149  0.763045  0.766627
2   27.484343  29.589521  3973.336914  ...    62.966694  0.761422  0.765166
3   27.544054  29.841764  3997.313965  ...    63.161552  0.759986  0.763725
4   27.699259  29.577478  4050.721436  ...    63.591557  0.756783  0.760769
5   27.747374  29.258102  4069.029297  ...    63.737900  0.755687  0.759541
6   27.841385  29.904142  4094.923584  ...    63.946938  0.754134  0.758085
7   27.980516  29.708199  4137.205566  ...    64.281471  0.751596  0.755526
8   28.155361  29.587597  4189.128906  ...    64.689278  0.748480  0.752497
9   28.311260  28.622442  4238.199219  ...    65.065491  0.745535  0.749243
10  28.565323  29.022436  4307.452148  ...    65.604797  0.741378  0.745541
11  28.775352  29.848186  4360.124512  ...    66.006348  0.738217  0.742288
12  29.051884  29.260475  4440.660156  ...    66.617867  0.733383  0.737548

[12 rows x 10 columns]
