2026-05-07 18:05:33,801 - INFO - Log directory: /home/lizhuoxuan/lzq/Bigscity-LibCity-master/outputs/20260507_180533__traffic_state_pred__new_diffusion_fuzzy__PEMSD4/logs
2026-05-07 18:05:33,826 - INFO - Log directory: /home/lizhuoxuan/lzq/Bigscity-LibCity-master/outputs/20260507_180533__traffic_state_pred__new_diffusion_fuzzy__PEMSD4/logs
2026-05-07 18:05:33,981 - INFO - Log directory: /home/lizhuoxuan/lzq/Bigscity-LibCity-master/outputs/20260507_180533__traffic_state_pred__new_diffusion_fuzzy__PEMSD4/logs
2026-05-07 18:05:33,981 - INFO - Begin artifact training pipeline, task=traffic_state_pred, model_name=new_diffusion_fuzzy, dataset_name=PEMSD4, exp_id=20260507_180533__traffic_state_pred__new_diffusion_fuzzy__PEMSD4
2026-05-07 18:05:33,981 - INFO - {'task': 'traffic_state_pred', 'model': 'new_diffusion_fuzzy', 'dataset': 'PEMSD4', 'saved_model': True, 'train': True, 'seed': 0, 'train_rate': 0.6, 'eval_rate': 0.2, 'batch_size': 32, 'learning_rate': 0.004, 'max_epoch': 20, 'executor': 'TrafficStateExecutor', 'evaluator': 'TrafficStateEvaluator', 'adaptive_graph_blend_init': 0.5, 'adaptive_graph_embed_dim': 32, 'adaptive_graph_topk': 12, 'amp_dtype': 'float16', 'beta_end': 0.02, 'beta_start': 0.0001, 'calculate_weight_adj': False, 'data_col': ['traffic_flow', 'traffic_occupancy', 'traffic_speed'], 'data_files': ['PEMSD4'], 'ddim_eta': 0, 'denoiser_layers': 3, 'device': device(type='cuda', index=0), 'diffusion_schedule': 'linear', 'diffusion_steps': 200, 'disturb_rate': 0.5, 'dropout': 0.1, 'dyna': {'including_types': ['state'], 'state': {'entity_id': 'geo_id', 'traffic_flow': 'num', 'traffic_occupancy': 'num', 'traffic_speed': 'num'}}, 'encoder_layers': 2, 'eval_batch_size': 32, 'evaluator_mode': 'single', 'ffn_hidden_dim': 192, 'flow_conservation_coeff': 1, 'fuzzy_conservation_temperature': 8, 'fuzzy_conservation_threshold': 0.6, 'fuzzy_graph_num_sets': 3, 'fuzzy_graph_sigma_init': 0.7, 'geo': {'including_types': ['Point'], 'Point': {}}, 'geo_file': 'PEMSD4', 'graph_k_hop': 2, 'hidden_dim': 96, 'init_weight_inf_or_zero': 'zero', 'is_distributed': True, 'metrics': ['MAE', 'MAPE', 'MSE', 'RMSE', 'masked_MAE', 'masked_MAPE', 'masked_MSE', 'masked_RMSE', 'R2', 'EVAR'], 'noise_SD': [10], 'noise_mean': [5], 'noise_type': 'gaussian', 'num_heads': 4, 'num_prediction_samples': 2, 'num_sampling_steps': 50, 'num_workers': 0, 'output_dim': 3, 'pad_with_last_sample': True, 'physics_channel_idx': 0, 'physics_loss_weight': 0.05, 'physics_warmup_mode': 'linear', 'physics_warmup_start_ratio': 0.2, 'physics_warmup_steps': 3000, 'rank': 0, 'rel': {'including_types': ['geo'], 'geo': {'cost': 'num'}}, 'rel_file': 'PEMSD4', 'robustness_test': False, 'sampling_method': 'ddpm', 'save_mode': ['csv'], 'set_weight_link_or_dist': 'link', 'time_intervals': 300, 'use_adaptive_graph': True, 'use_amp': True, 'use_fuzzy_conservation': True, 'use_fuzzy_graph': True, 'use_gradient_checkpointing': True, 'use_spatiotemporal_attention': True, 'use_temporal_position_embedding': True, 'weight_adj_epsilon': 0.1, 'weight_col': 'cost', 'world_size': 4, 'clip_grad_norm': True, 'epoch': 0, 'gpu': True, 'gpu_id': 0, 'hyper_tune': False, 'learner': 'adamw', 'load_best_epoch': True, 'log_every': 1, 'log_level': 'INFO', 'lr_T_max': 30, 'lr_alpha': 0.99, 'lr_beta1': 0.9, 'lr_beta2': 0.999, 'lr_decay': True, 'lr_decay_ratio': 0.5, 'lr_epsilon': 1e-08, 'lr_eta_min': 0, 'lr_momentum': 0, 'lr_patience': 10, 'lr_scheduler': 'multisteplr', 'lr_threshold': 0.0001, 'max_grad_norm': 3, 'patience': 20, 'step_size': 10, 'steps': [20, 35], 'train_loss': 'none', 'use_early_stop': True, 'weight_decay': 0.0001, 'data_version_id': 'dv_1778079801_ee63e8e8', 'dataset_class': 'TrafficStatePointDataset', 'input_window': 12, 'output_window': 12, 'scaler': 'standard', 'load_external': False, 'normal_external': False, 'add_time_in_day': False, 'add_day_in_week': False, 'cache_dataset': True, 'ext_scaler': 'none', 'local_rank': 0, 'dist_backend': 'nccl', 'exp_id': '20260507_180533__traffic_state_pred__new_diffusion_fuzzy__PEMSD4'}
2026-05-07 18:05:44,382 - INFO - Enable AMP training (dtype=float16).
2026-05-07 18:05:44,383 - INFO - You select `adamw` optimizer.
2026-05-07 18:05:44,383 - WARNING - Received unrecognized optimizer, set default Adam optimizer
2026-05-07 18:05:44,383 - INFO - You select `multisteplr` lr_scheduler.
2026-05-07 18:05:44,384 - WARNING - Received none train loss func and will use the loss func defined in the model.
2026-05-07 18:05:44,384 - INFO - Start training ...
2026-05-07 18:05:44,384 - INFO - num_batches:80
2026-05-07 18:05:44,385 - INFO - DistributedDataParallel(
  (module): NewDiffusion(
    (condition_encoder): STEncoder(
      (input_projection): Linear(in_features=3, out_features=96, bias=True)
      (blocks): ModuleList(
        (0-1): 2 x STEncoderBlock(
          (temporal_attention): MultiHeadAttention(
            (query_projection): Linear(in_features=96, out_features=96, bias=True)
            (key_projection): Linear(in_features=96, out_features=96, bias=True)
            (value_projection): Linear(in_features=96, out_features=96, bias=True)
            (output_projection): Linear(in_features=96, out_features=96, bias=True)
            (dropout): Dropout(p=0.1, inplace=False)
          )
          (graph_convolution): GraphConvolution(
            (projections): ModuleList(
              (0-2): 3 x Linear(in_features=96, out_features=96, bias=True)
            )
          )
          (feed_forward): FeedForwardNetwork(
            (network): Sequential(
              (0): Linear(in_features=96, out_features=192, bias=True)
              (1): GELU(approximate='none')
              (2): Dropout(p=0.1, inplace=False)
              (3): Linear(in_features=192, out_features=96, bias=True)
              (4): Dropout(p=0.1, inplace=False)
            )
          )
          (norm_temporal): LayerNorm((96,), eps=1e-05, elementwise_affine=True)
          (norm_graph): LayerNorm((96,), eps=1e-05, elementwise_affine=True)
          (norm_ffn): LayerNorm((96,), eps=1e-05, elementwise_affine=True)
          (dropout): Dropout(p=0.1, inplace=False)
        )
      )
      (final_norm): LayerNorm((96,), eps=1e-05, elementwise_affine=True)
    )
    (noise_predictor): AttentionDenoiser(
      (input_projection): Linear(in_features=3, out_features=96, bias=True)
      (time_embedding): SinusoidalTimeEmbedding()
      (time_projection): Sequential(
        (0): Linear(in_features=96, out_features=96, bias=True)
        (1): SiLU()
        (2): Linear(in_features=96, out_features=96, bias=True)
      )
      (blocks): ModuleList(
        (0-2): 3 x DenoiserBlock(
          (temporal_attention): MultiHeadAttention(
            (query_projection): Linear(in_features=96, out_features=96, bias=True)
            (key_projection): Linear(in_features=96, out_features=96, bias=True)
            (value_projection): Linear(in_features=96, out_features=96, bias=True)
            (output_projection): Linear(in_features=96, out_features=96, bias=True)
            (dropout): Dropout(p=0.1, inplace=False)
          )
          (graph_convolution): GraphConvolution(
            (projections): ModuleList(
              (0-2): 3 x Linear(in_features=96, out_features=96, bias=True)
            )
          )
          (cross_attention): MultiHeadAttention(
            (query_projection): Linear(in_features=96, out_features=96, bias=True)
            (key_projection): Linear(in_features=96, out_features=96, bias=True)
            (value_projection): Linear(in_features=96, out_features=96, bias=True)
            (output_projection): Linear(in_features=96, out_features=96, bias=True)
            (dropout): Dropout(p=0.1, inplace=False)
          )
          (spatiotemporal_attention): MultiHeadAttention(
            (query_projection): Linear(in_features=96, out_features=96, bias=True)
            (key_projection): Linear(in_features=96, out_features=96, bias=True)
            (value_projection): Linear(in_features=96, out_features=96, bias=True)
            (output_projection): Linear(in_features=96, out_features=96, bias=True)
            (dropout): Dropout(p=0.1, inplace=False)
          )
          (feed_forward): FeedForwardNetwork(
            (network): Sequential(
              (0): Linear(in_features=96, out_features=192, bias=True)
              (1): GELU(approximate='none')
              (2): Dropout(p=0.1, inplace=False)
              (3): Linear(in_features=192, out_features=96, bias=True)
              (4): Dropout(p=0.1, inplace=False)
            )
          )
          (norm_temporal): LayerNorm((96,), eps=1e-05, elementwise_affine=True)
          (norm_graph): LayerNorm((96,), eps=1e-05, elementwise_affine=True)
          (norm_cross): LayerNorm((96,), eps=1e-05, elementwise_affine=True)
          (norm_spatiotemporal): LayerNorm((96,), eps=1e-05, elementwise_affine=True)
          (norm_ffn): LayerNorm((96,), eps=1e-05, elementwise_affine=True)
          (dropout): Dropout(p=0.1, inplace=False)
        )
      )
      (final_norm): LayerNorm((96,), eps=1e-05, elementwise_affine=True)
      (output_projection): Linear(in_features=96, out_features=3, bias=True)
      (adaptive_graph_learner): AdaptiveGraphLearner(
        (feature_projection): Linear(in_features=96, out_features=32, bias=True)
        (time_projection): Linear(in_features=96, out_features=32, bias=True)
      )
    )
    (diffusion_scheduler): DiffusionScheduler()
  )
)
2026-05-07 18:05:44,386 - INFO - Enable AMP training (dtype=float16).
2026-05-07 18:05:44,386 - INFO - You select `adamw` optimizer.
2026-05-07 18:05:44,387 - WARNING - Received unrecognized optimizer, set default Adam optimizer
2026-05-07 18:05:44,387 - INFO - module.condition_encoder.temporal_position_embedding	torch.Size([1, 12, 1, 96])	cuda:0	True
2026-05-07 18:05:44,387 - INFO - module.condition_encoder.input_projection.weight	torch.Size([96, 3])	cuda:0	True
2026-05-07 18:05:44,387 - INFO - module.condition_encoder.input_projection.bias	torch.Size([96])	cuda:0	True
2026-05-07 18:05:44,387 - INFO - module.condition_encoder.blocks.0.temporal_attention.query_projection.weight	torch.Size([96, 96])	cuda:0	True
2026-05-07 18:05:44,387 - INFO - module.condition_encoder.blocks.0.temporal_attention.query_projection.bias	torch.Size([96])	cuda:0	True
2026-05-07 18:05:44,387 - INFO - module.condition_encoder.blocks.0.temporal_attention.key_projection.weight	torch.Size([96, 96])	cuda:0	True
2026-05-07 18:05:44,387 - INFO - module.condition_encoder.blocks.0.temporal_attention.key_projection.bias	torch.Size([96])	cuda:0	True
2026-05-07 18:05:44,387 - INFO - module.condition_encoder.blocks.0.temporal_attention.value_projection.weight	torch.Size([96, 96])	cuda:0	True
2026-05-07 18:05:44,387 - INFO - You select `multisteplr` lr_scheduler.
2026-05-07 18:05:44,387 - INFO - module.condition_encoder.blocks.0.temporal_attention.value_projection.bias	torch.Size([96])	cuda:0	True
2026-05-07 18:05:44,387 - INFO - module.condition_encoder.blocks.0.temporal_attention.output_projection.weight	torch.Size([96, 96])	cuda:0	True
2026-05-07 18:05:44,387 - INFO - module.condition_encoder.blocks.0.temporal_attention.output_projection.bias	torch.Size([96])	cuda:0	True
2026-05-07 18:05:44,388 - INFO - module.condition_encoder.blocks.0.graph_convolution.projections.0.weight	torch.Size([96, 96])	cuda:0	True
2026-05-07 18:05:44,388 - INFO - module.condition_encoder.blocks.0.graph_convolution.projections.0.bias	torch.Size([96])	cuda:0	True
2026-05-07 18:05:44,388 - WARNING - Received none train loss func and will use the loss func defined in the model.
2026-05-07 18:05:44,388 - INFO - module.condition_encoder.blocks.0.graph_convolution.projections.1.weight	torch.Size([96, 96])	cuda:0	True
2026-05-07 18:05:44,388 - INFO - module.condition_encoder.blocks.0.graph_convolution.projections.1.bias	torch.Size([96])	cuda:0	True
2026-05-07 18:05:44,388 - INFO - module.condition_encoder.blocks.0.graph_convolution.projections.2.weight	torch.Size([96, 96])	cuda:0	True
2026-05-07 18:05:44,388 - INFO - Start training ...
2026-05-07 18:05:44,388 - INFO - module.condition_encoder.blocks.0.graph_convolution.projections.2.bias	torch.Size([96])	cuda:0	True
2026-05-07 18:05:44,388 - INFO - num_batches:80
2026-05-07 18:05:44,388 - INFO - module.condition_encoder.blocks.0.feed_forward.network.0.weight	torch.Size([192, 96])	cuda:0	True
2026-05-07 18:05:44,388 - INFO - module.condition_encoder.blocks.0.feed_forward.network.0.bias	torch.Size([192])	cuda:0	True
2026-05-07 18:05:44,388 - INFO - module.condition_encoder.blocks.0.feed_forward.network.3.weight	torch.Size([96, 192])	cuda:0	True
2026-05-07 18:05:44,388 - INFO - module.condition_encoder.blocks.0.feed_forward.network.3.bias	torch.Size([96])	cuda:0	True
2026-05-07 18:05:44,388 - INFO - module.condition_encoder.blocks.0.norm_temporal.weight	torch.Size([96])	cuda:0	True
2026-05-07 18:05:44,388 - INFO - module.condition_encoder.blocks.0.norm_temporal.bias	torch.Size([96])	cuda:0	True
2026-05-07 18:05:44,388 - INFO - module.condition_encoder.blocks.0.norm_graph.weight	torch.Size([96])	cuda:0	True
2026-05-07 18:05:44,388 - INFO - module.condition_encoder.blocks.0.norm_graph.bias	torch.Size([96])	cuda:0	True
2026-05-07 18:05:44,388 - INFO - module.condition_encoder.blocks.0.norm_ffn.weight	torch.Size([96])	cuda:0	True
2026-05-07 18:05:44,388 - INFO - module.condition_encoder.blocks.0.norm_ffn.bias	torch.Size([96])	cuda:0	True
2026-05-07 18:05:44,388 - INFO - module.condition_encoder.blocks.1.temporal_attention.query_projection.weight	torch.Size([96, 96])	cuda:0	True
2026-05-07 18:05:44,388 - INFO - module.condition_encoder.blocks.1.temporal_attention.query_projection.bias	torch.Size([96])	cuda:0	True
2026-05-07 18:05:44,388 - INFO - module.condition_encoder.blocks.1.temporal_attention.key_projection.weight	torch.Size([96, 96])	cuda:0	True
2026-05-07 18:05:44,388 - INFO - module.condition_encoder.blocks.1.temporal_attention.key_projection.bias	torch.Size([96])	cuda:0	True
2026-05-07 18:05:44,388 - INFO - module.condition_encoder.blocks.1.temporal_attention.value_projection.weight	torch.Size([96, 96])	cuda:0	True
2026-05-07 18:05:44,388 - INFO - module.condition_encoder.blocks.1.temporal_attention.value_projection.bias	torch.Size([96])	cuda:0	True
2026-05-07 18:05:44,388 - INFO - module.condition_encoder.blocks.1.temporal_attention.output_projection.weight	torch.Size([96, 96])	cuda:0	True
2026-05-07 18:05:44,388 - INFO - module.condition_encoder.blocks.1.temporal_attention.output_projection.bias	torch.Size([96])	cuda:0	True
2026-05-07 18:05:44,388 - INFO - module.condition_encoder.blocks.1.graph_convolution.projections.0.weight	torch.Size([96, 96])	cuda:0	True
2026-05-07 18:05:44,388 - INFO - module.condition_encoder.blocks.1.graph_convolution.projections.0.bias	torch.Size([96])	cuda:0	True
2026-05-07 18:05:44,389 - INFO - module.condition_encoder.blocks.1.graph_convolution.projections.1.weight	torch.Size([96, 96])	cuda:0	True
2026-05-07 18:05:44,389 - INFO - module.condition_encoder.blocks.1.graph_convolution.projections.1.bias	torch.Size([96])	cuda:0	True
2026-05-07 18:05:44,389 - INFO - module.condition_encoder.blocks.1.graph_convolution.projections.2.weight	torch.Size([96, 96])	cuda:0	True
2026-05-07 18:05:44,389 - INFO - module.condition_encoder.blocks.1.graph_convolution.projections.2.bias	torch.Size([96])	cuda:0	True
2026-05-07 18:05:44,389 - INFO - module.condition_encoder.blocks.1.feed_forward.network.0.weight	torch.Size([192, 96])	cuda:0	True
2026-05-07 18:05:44,389 - INFO - module.condition_encoder.blocks.1.feed_forward.network.0.bias	torch.Size([192])	cuda:0	True
2026-05-07 18:05:44,389 - INFO - module.condition_encoder.blocks.1.feed_forward.network.3.weight	torch.Size([96, 192])	cuda:0	True
2026-05-07 18:05:44,389 - INFO - module.condition_encoder.blocks.1.feed_forward.network.3.bias	torch.Size([96])	cuda:0	True
2026-05-07 18:05:44,389 - INFO - module.condition_encoder.blocks.1.norm_temporal.weight	torch.Size([96])	cuda:0	True
2026-05-07 18:05:44,389 - INFO - module.condition_encoder.blocks.1.norm_temporal.bias	torch.Size([96])	cuda:0	True
2026-05-07 18:05:44,389 - INFO - module.condition_encoder.blocks.1.norm_graph.weight	torch.Size([96])	cuda:0	True
2026-05-07 18:05:44,389 - INFO - module.condition_encoder.blocks.1.norm_graph.bias	torch.Size([96])	cuda:0	True
2026-05-07 18:05:44,389 - INFO - module.condition_encoder.blocks.1.norm_ffn.weight	torch.Size([96])	cuda:0	True
2026-05-07 18:05:44,389 - INFO - module.condition_encoder.blocks.1.norm_ffn.bias	torch.Size([96])	cuda:0	True
2026-05-07 18:05:44,389 - INFO - module.condition_encoder.final_norm.weight	torch.Size([96])	cuda:0	True
2026-05-07 18:05:44,389 - INFO - module.condition_encoder.final_norm.bias	torch.Size([96])	cuda:0	True
2026-05-07 18:05:44,389 - INFO - module.noise_predictor.future_position_embedding	torch.Size([1, 12, 1, 96])	cuda:0	True
2026-05-07 18:05:44,389 - INFO - module.noise_predictor.input_projection.weight	torch.Size([96, 3])	cuda:0	True
2026-05-07 18:05:44,389 - INFO - module.noise_predictor.input_projection.bias	torch.Size([96])	cuda:0	True
2026-05-07 18:05:44,389 - INFO - module.noise_predictor.time_projection.0.weight	torch.Size([96, 96])	cuda:0	True
2026-05-07 18:05:44,389 - INFO - module.noise_predictor.time_projection.0.bias	torch.Size([96])	cuda:0	True
2026-05-07 18:05:44,389 - INFO - module.noise_predictor.time_projection.2.weight	torch.Size([96, 96])	cuda:0	True
2026-05-07 18:05:44,389 - INFO - module.noise_predictor.time_projection.2.bias	torch.Size([96])	cuda:0	True
2026-05-07 18:05:44,389 - INFO - module.noise_predictor.blocks.0.temporal_attention.query_projection.weight	torch.Size([96, 96])	cuda:0	True
2026-05-07 18:05:44,389 - INFO - module.noise_predictor.blocks.0.temporal_attention.query_projection.bias	torch.Size([96])	cuda:0	True
2026-05-07 18:05:44,390 - INFO - module.noise_predictor.blocks.0.temporal_attention.key_projection.weight	torch.Size([96, 96])	cuda:0	True
2026-05-07 18:05:44,390 - INFO - module.noise_predictor.blocks.0.temporal_attention.key_projection.bias	torch.Size([96])	cuda:0	True
2026-05-07 18:05:44,390 - INFO - module.noise_predictor.blocks.0.temporal_attention.value_projection.weight	torch.Size([96, 96])	cuda:0	True
2026-05-07 18:05:44,390 - INFO - module.noise_predictor.blocks.0.temporal_attention.value_projection.bias	torch.Size([96])	cuda:0	True
2026-05-07 18:05:44,390 - INFO - module.noise_predictor.blocks.0.temporal_attention.output_projection.weight	torch.Size([96, 96])	cuda:0	True
2026-05-07 18:05:44,390 - INFO - module.noise_predictor.blocks.0.temporal_attention.output_projection.bias	torch.Size([96])	cuda:0	True
2026-05-07 18:05:44,390 - INFO - module.noise_predictor.blocks.0.graph_convolution.projections.0.weight	torch.Size([96, 96])	cuda:0	True
2026-05-07 18:05:44,390 - INFO - module.noise_predictor.blocks.0.graph_convolution.projections.0.bias	torch.Size([96])	cuda:0	True
2026-05-07 18:05:44,390 - INFO - module.noise_predictor.blocks.0.graph_convolution.projections.1.weight	torch.Size([96, 96])	cuda:0	True
2026-05-07 18:05:44,390 - INFO - module.noise_predictor.blocks.0.graph_convolution.projections.1.bias	torch.Size([96])	cuda:0	True
2026-05-07 18:05:44,390 - INFO - module.noise_predictor.blocks.0.graph_convolution.projections.2.weight	torch.Size([96, 96])	cuda:0	True
2026-05-07 18:05:44,390 - INFO - module.noise_predictor.blocks.0.graph_convolution.projections.2.bias	torch.Size([96])	cuda:0	True
2026-05-07 18:05:44,390 - INFO - module.noise_predictor.blocks.0.cross_attention.query_projection.weight	torch.Size([96, 96])	cuda:0	True
2026-05-07 18:05:44,390 - INFO - module.noise_predictor.blocks.0.cross_attention.query_projection.bias	torch.Size([96])	cuda:0	True
2026-05-07 18:05:44,390 - INFO - module.noise_predictor.blocks.0.cross_attention.key_projection.weight	torch.Size([96, 96])	cuda:0	True
2026-05-07 18:05:44,390 - INFO - module.noise_predictor.blocks.0.cross_attention.key_projection.bias	torch.Size([96])	cuda:0	True
2026-05-07 18:05:44,390 - INFO - module.noise_predictor.blocks.0.cross_attention.value_projection.weight	torch.Size([96, 96])	cuda:0	True
2026-05-07 18:05:44,390 - INFO - module.noise_predictor.blocks.0.cross_attention.value_projection.bias	torch.Size([96])	cuda:0	True
2026-05-07 18:05:44,390 - INFO - module.noise_predictor.blocks.0.cross_attention.output_projection.weight	torch.Size([96, 96])	cuda:0	True
2026-05-07 18:05:44,390 - INFO - module.noise_predictor.blocks.0.cross_attention.output_projection.bias	torch.Size([96])	cuda:0	True
2026-05-07 18:05:44,390 - INFO - module.noise_predictor.blocks.0.spatiotemporal_attention.query_projection.weight	torch.Size([96, 96])	cuda:0	True
2026-05-07 18:05:44,390 - INFO - module.noise_predictor.blocks.0.spatiotemporal_attention.query_projection.bias	torch.Size([96])	cuda:0	True
2026-05-07 18:05:44,390 - INFO - module.noise_predictor.blocks.0.spatiotemporal_attention.key_projection.weight	torch.Size([96, 96])	cuda:0	True
2026-05-07 18:05:44,390 - INFO - module.noise_predictor.blocks.0.spatiotemporal_attention.key_projection.bias	torch.Size([96])	cuda:0	True
2026-05-07 18:05:44,390 - INFO - module.noise_predictor.blocks.0.spatiotemporal_attention.value_projection.weight	torch.Size([96, 96])	cuda:0	True
2026-05-07 18:05:44,390 - INFO - module.noise_predictor.blocks.0.spatiotemporal_attention.value_projection.bias	torch.Size([96])	cuda:0	True
2026-05-07 18:05:44,390 - INFO - module.noise_predictor.blocks.0.spatiotemporal_attention.output_projection.weight	torch.Size([96, 96])	cuda:0	True
2026-05-07 18:05:44,391 - INFO - module.noise_predictor.blocks.0.spatiotemporal_attention.output_projection.bias	torch.Size([96])	cuda:0	True
2026-05-07 18:05:44,391 - INFO - module.noise_predictor.blocks.0.feed_forward.network.0.weight	torch.Size([192, 96])	cuda:0	True
2026-05-07 18:05:44,391 - INFO - module.noise_predictor.blocks.0.feed_forward.network.0.bias	torch.Size([192])	cuda:0	True
2026-05-07 18:05:44,391 - INFO - module.noise_predictor.blocks.0.feed_forward.network.3.weight	torch.Size([96, 192])	cuda:0	True
2026-05-07 18:05:44,391 - INFO - module.noise_predictor.blocks.0.feed_forward.network.3.bias	torch.Size([96])	cuda:0	True
2026-05-07 18:05:44,391 - INFO - module.noise_predictor.blocks.0.norm_temporal.weight	torch.Size([96])	cuda:0	True
2026-05-07 18:05:44,391 - INFO - module.noise_predictor.blocks.0.norm_temporal.bias	torch.Size([96])	cuda:0	True
2026-05-07 18:05:44,391 - INFO - module.noise_predictor.blocks.0.norm_graph.weight	torch.Size([96])	cuda:0	True
2026-05-07 18:05:44,391 - INFO - module.noise_predictor.blocks.0.norm_graph.bias	torch.Size([96])	cuda:0	True
2026-05-07 18:05:44,391 - INFO - module.noise_predictor.blocks.0.norm_cross.weight	torch.Size([96])	cuda:0	True
2026-05-07 18:05:44,391 - INFO - module.noise_predictor.blocks.0.norm_cross.bias	torch.Size([96])	cuda:0	True
2026-05-07 18:05:44,391 - INFO - module.noise_predictor.blocks.0.norm_spatiotemporal.weight	torch.Size([96])	cuda:0	True
2026-05-07 18:05:44,391 - INFO - module.noise_predictor.blocks.0.norm_spatiotemporal.bias	torch.Size([96])	cuda:0	True
2026-05-07 18:05:44,391 - INFO - module.noise_predictor.blocks.0.norm_ffn.weight	torch.Size([96])	cuda:0	True
2026-05-07 18:05:44,391 - INFO - module.noise_predictor.blocks.0.norm_ffn.bias	torch.Size([96])	cuda:0	True
2026-05-07 18:05:44,391 - INFO - module.noise_predictor.blocks.1.temporal_attention.query_projection.weight	torch.Size([96, 96])	cuda:0	True
2026-05-07 18:05:44,391 - INFO - module.noise_predictor.blocks.1.temporal_attention.query_projection.bias	torch.Size([96])	cuda:0	True
2026-05-07 18:05:44,391 - INFO - module.noise_predictor.blocks.1.temporal_attention.key_projection.weight	torch.Size([96, 96])	cuda:0	True
2026-05-07 18:05:44,391 - INFO - module.noise_predictor.blocks.1.temporal_attention.key_projection.bias	torch.Size([96])	cuda:0	True
2026-05-07 18:05:44,391 - INFO - module.noise_predictor.blocks.1.temporal_attention.value_projection.weight	torch.Size([96, 96])	cuda:0	True
2026-05-07 18:05:44,391 - INFO - module.noise_predictor.blocks.1.temporal_attention.value_projection.bias	torch.Size([96])	cuda:0	True
2026-05-07 18:05:44,391 - INFO - module.noise_predictor.blocks.1.temporal_attention.output_projection.weight	torch.Size([96, 96])	cuda:0	True
2026-05-07 18:05:44,391 - INFO - module.noise_predictor.blocks.1.temporal_attention.output_projection.bias	torch.Size([96])	cuda:0	True
2026-05-07 18:05:44,391 - INFO - module.noise_predictor.blocks.1.graph_convolution.projections.0.weight	torch.Size([96, 96])	cuda:0	True
2026-05-07 18:05:44,391 - INFO - module.noise_predictor.blocks.1.graph_convolution.projections.0.bias	torch.Size([96])	cuda:0	True
2026-05-07 18:05:44,391 - INFO - module.noise_predictor.blocks.1.graph_convolution.projections.1.weight	torch.Size([96, 96])	cuda:0	True
2026-05-07 18:05:44,392 - INFO - module.noise_predictor.blocks.1.graph_convolution.projections.1.bias	torch.Size([96])	cuda:0	True
2026-05-07 18:05:44,392 - INFO - module.noise_predictor.blocks.1.graph_convolution.projections.2.weight	torch.Size([96, 96])	cuda:0	True
2026-05-07 18:05:44,392 - INFO - module.noise_predictor.blocks.1.graph_convolution.projections.2.bias	torch.Size([96])	cuda:0	True
2026-05-07 18:05:44,392 - INFO - module.noise_predictor.blocks.1.cross_attention.query_projection.weight	torch.Size([96, 96])	cuda:0	True
2026-05-07 18:05:44,392 - INFO - module.noise_predictor.blocks.1.cross_attention.query_projection.bias	torch.Size([96])	cuda:0	True
2026-05-07 18:05:44,392 - INFO - module.noise_predictor.blocks.1.cross_attention.key_projection.weight	torch.Size([96, 96])	cuda:0	True
2026-05-07 18:05:44,392 - INFO - module.noise_predictor.blocks.1.cross_attention.key_projection.bias	torch.Size([96])	cuda:0	True
2026-05-07 18:05:44,392 - INFO - module.noise_predictor.blocks.1.cross_attention.value_projection.weight	torch.Size([96, 96])	cuda:0	True
2026-05-07 18:05:44,392 - INFO - module.noise_predictor.blocks.1.cross_attention.value_projection.bias	torch.Size([96])	cuda:0	True
2026-05-07 18:05:44,392 - INFO - module.noise_predictor.blocks.1.cross_attention.output_projection.weight	torch.Size([96, 96])	cuda:0	True
2026-05-07 18:05:44,392 - INFO - module.noise_predictor.blocks.1.cross_attention.output_projection.bias	torch.Size([96])	cuda:0	True
2026-05-07 18:05:44,392 - INFO - module.noise_predictor.blocks.1.spatiotemporal_attention.query_projection.weight	torch.Size([96, 96])	cuda:0	True
2026-05-07 18:05:44,392 - INFO - module.noise_predictor.blocks.1.spatiotemporal_attention.query_projection.bias	torch.Size([96])	cuda:0	True
2026-05-07 18:05:44,392 - INFO - module.noise_predictor.blocks.1.spatiotemporal_attention.key_projection.weight	torch.Size([96, 96])	cuda:0	True
2026-05-07 18:05:44,392 - INFO - module.noise_predictor.blocks.1.spatiotemporal_attention.key_projection.bias	torch.Size([96])	cuda:0	True
2026-05-07 18:05:44,392 - INFO - module.noise_predictor.blocks.1.spatiotemporal_attention.value_projection.weight	torch.Size([96, 96])	cuda:0	True
2026-05-07 18:05:44,392 - INFO - module.noise_predictor.blocks.1.spatiotemporal_attention.value_projection.bias	torch.Size([96])	cuda:0	True
2026-05-07 18:05:44,392 - INFO - module.noise_predictor.blocks.1.spatiotemporal_attention.output_projection.weight	torch.Size([96, 96])	cuda:0	True
2026-05-07 18:05:44,392 - INFO - module.noise_predictor.blocks.1.spatiotemporal_attention.output_projection.bias	torch.Size([96])	cuda:0	True
2026-05-07 18:05:44,392 - INFO - module.noise_predictor.blocks.1.feed_forward.network.0.weight	torch.Size([192, 96])	cuda:0	True
2026-05-07 18:05:44,392 - INFO - module.noise_predictor.blocks.1.feed_forward.network.0.bias	torch.Size([192])	cuda:0	True
2026-05-07 18:05:44,392 - INFO - module.noise_predictor.blocks.1.feed_forward.network.3.weight	torch.Size([96, 192])	cuda:0	True
2026-05-07 18:05:44,392 - INFO - module.noise_predictor.blocks.1.feed_forward.network.3.bias	torch.Size([96])	cuda:0	True
2026-05-07 18:05:44,392 - INFO - module.noise_predictor.blocks.1.norm_temporal.weight	torch.Size([96])	cuda:0	True
2026-05-07 18:05:44,392 - INFO - module.noise_predictor.blocks.1.norm_temporal.bias	torch.Size([96])	cuda:0	True
2026-05-07 18:05:44,392 - INFO - module.noise_predictor.blocks.1.norm_graph.weight	torch.Size([96])	cuda:0	True
2026-05-07 18:05:44,393 - INFO - module.noise_predictor.blocks.1.norm_graph.bias	torch.Size([96])	cuda:0	True
2026-05-07 18:05:44,393 - INFO - module.noise_predictor.blocks.1.norm_cross.weight	torch.Size([96])	cuda:0	True
2026-05-07 18:05:44,393 - INFO - module.noise_predictor.blocks.1.norm_cross.bias	torch.Size([96])	cuda:0	True
2026-05-07 18:05:44,393 - INFO - module.noise_predictor.blocks.1.norm_spatiotemporal.weight	torch.Size([96])	cuda:0	True
2026-05-07 18:05:44,393 - INFO - module.noise_predictor.blocks.1.norm_spatiotemporal.bias	torch.Size([96])	cuda:0	True
2026-05-07 18:05:44,393 - INFO - module.noise_predictor.blocks.1.norm_ffn.weight	torch.Size([96])	cuda:0	True
2026-05-07 18:05:44,393 - INFO - module.noise_predictor.blocks.1.norm_ffn.bias	torch.Size([96])	cuda:0	True
2026-05-07 18:05:44,393 - INFO - module.noise_predictor.blocks.2.temporal_attention.query_projection.weight	torch.Size([96, 96])	cuda:0	True
2026-05-07 18:05:44,393 - INFO - module.noise_predictor.blocks.2.temporal_attention.query_projection.bias	torch.Size([96])	cuda:0	True
2026-05-07 18:05:44,393 - INFO - module.noise_predictor.blocks.2.temporal_attention.key_projection.weight	torch.Size([96, 96])	cuda:0	True
2026-05-07 18:05:44,393 - INFO - module.noise_predictor.blocks.2.temporal_attention.key_projection.bias	torch.Size([96])	cuda:0	True
2026-05-07 18:05:44,393 - INFO - module.noise_predictor.blocks.2.temporal_attention.value_projection.weight	torch.Size([96, 96])	cuda:0	True
2026-05-07 18:05:44,393 - INFO - module.noise_predictor.blocks.2.temporal_attention.value_projection.bias	torch.Size([96])	cuda:0	True
2026-05-07 18:05:44,393 - INFO - module.noise_predictor.blocks.2.temporal_attention.output_projection.weight	torch.Size([96, 96])	cuda:0	True
2026-05-07 18:05:44,393 - INFO - module.noise_predictor.blocks.2.temporal_attention.output_projection.bias	torch.Size([96])	cuda:0	True
2026-05-07 18:05:44,393 - INFO - module.noise_predictor.blocks.2.graph_convolution.projections.0.weight	torch.Size([96, 96])	cuda:0	True
2026-05-07 18:05:44,393 - INFO - module.noise_predictor.blocks.2.graph_convolution.projections.0.bias	torch.Size([96])	cuda:0	True
2026-05-07 18:05:44,393 - INFO - module.noise_predictor.blocks.2.graph_convolution.projections.1.weight	torch.Size([96, 96])	cuda:0	True
2026-05-07 18:05:44,393 - INFO - module.noise_predictor.blocks.2.graph_convolution.projections.1.bias	torch.Size([96])	cuda:0	True
2026-05-07 18:05:44,393 - INFO - module.noise_predictor.blocks.2.graph_convolution.projections.2.weight	torch.Size([96, 96])	cuda:0	True
2026-05-07 18:05:44,393 - INFO - module.noise_predictor.blocks.2.graph_convolution.projections.2.bias	torch.Size([96])	cuda:0	True
2026-05-07 18:05:44,393 - INFO - module.noise_predictor.blocks.2.cross_attention.query_projection.weight	torch.Size([96, 96])	cuda:0	True
2026-05-07 18:05:44,393 - INFO - module.noise_predictor.blocks.2.cross_attention.query_projection.bias	torch.Size([96])	cuda:0	True
2026-05-07 18:05:44,393 - INFO - module.noise_predictor.blocks.2.cross_attention.key_projection.weight	torch.Size([96, 96])	cuda:0	True
2026-05-07 18:05:44,393 - INFO - module.noise_predictor.blocks.2.cross_attention.key_projection.bias	torch.Size([96])	cuda:0	True
2026-05-07 18:05:44,393 - INFO - module.noise_predictor.blocks.2.cross_attention.value_projection.weight	torch.Size([96, 96])	cuda:0	True
2026-05-07 18:05:44,393 - INFO - module.noise_predictor.blocks.2.cross_attention.value_projection.bias	torch.Size([96])	cuda:0	True
2026-05-07 18:05:44,394 - INFO - module.noise_predictor.blocks.2.cross_attention.output_projection.weight	torch.Size([96, 96])	cuda:0	True
2026-05-07 18:05:44,394 - INFO - module.noise_predictor.blocks.2.cross_attention.output_projection.bias	torch.Size([96])	cuda:0	True
2026-05-07 18:05:44,394 - INFO - module.noise_predictor.blocks.2.spatiotemporal_attention.query_projection.weight	torch.Size([96, 96])	cuda:0	True
2026-05-07 18:05:44,394 - INFO - module.noise_predictor.blocks.2.spatiotemporal_attention.query_projection.bias	torch.Size([96])	cuda:0	True
2026-05-07 18:05:44,394 - INFO - module.noise_predictor.blocks.2.spatiotemporal_attention.key_projection.weight	torch.Size([96, 96])	cuda:0	True
2026-05-07 18:05:44,394 - INFO - module.noise_predictor.blocks.2.spatiotemporal_attention.key_projection.bias	torch.Size([96])	cuda:0	True
2026-05-07 18:05:44,394 - INFO - module.noise_predictor.blocks.2.spatiotemporal_attention.value_projection.weight	torch.Size([96, 96])	cuda:0	True
2026-05-07 18:05:44,394 - INFO - module.noise_predictor.blocks.2.spatiotemporal_attention.value_projection.bias	torch.Size([96])	cuda:0	True
2026-05-07 18:05:44,394 - INFO - module.noise_predictor.blocks.2.spatiotemporal_attention.output_projection.weight	torch.Size([96, 96])	cuda:0	True
2026-05-07 18:05:44,394 - INFO - module.noise_predictor.blocks.2.spatiotemporal_attention.output_projection.bias	torch.Size([96])	cuda:0	True
2026-05-07 18:05:44,394 - INFO - module.noise_predictor.blocks.2.feed_forward.network.0.weight	torch.Size([192, 96])	cuda:0	True
2026-05-07 18:05:44,394 - INFO - module.noise_predictor.blocks.2.feed_forward.network.0.bias	torch.Size([192])	cuda:0	True
2026-05-07 18:05:44,394 - INFO - module.noise_predictor.blocks.2.feed_forward.network.3.weight	torch.Size([96, 192])	cuda:0	True
2026-05-07 18:05:44,394 - INFO - module.noise_predictor.blocks.2.feed_forward.network.3.bias	torch.Size([96])	cuda:0	True
2026-05-07 18:05:44,394 - INFO - module.noise_predictor.blocks.2.norm_temporal.weight	torch.Size([96])	cuda:0	True
2026-05-07 18:05:44,394 - INFO - module.noise_predictor.blocks.2.norm_temporal.bias	torch.Size([96])	cuda:0	True
2026-05-07 18:05:44,394 - INFO - module.noise_predictor.blocks.2.norm_graph.weight	torch.Size([96])	cuda:0	True
2026-05-07 18:05:44,394 - INFO - module.noise_predictor.blocks.2.norm_graph.bias	torch.Size([96])	cuda:0	True
2026-05-07 18:05:44,394 - INFO - module.noise_predictor.blocks.2.norm_cross.weight	torch.Size([96])	cuda:0	True
2026-05-07 18:05:44,394 - INFO - module.noise_predictor.blocks.2.norm_cross.bias	torch.Size([96])	cuda:0	True
2026-05-07 18:05:44,394 - INFO - module.noise_predictor.blocks.2.norm_spatiotemporal.weight	torch.Size([96])	cuda:0	True
2026-05-07 18:05:44,394 - INFO - module.noise_predictor.blocks.2.norm_spatiotemporal.bias	torch.Size([96])	cuda:0	True
2026-05-07 18:05:44,394 - INFO - module.noise_predictor.blocks.2.norm_ffn.weight	torch.Size([96])	cuda:0	True
2026-05-07 18:05:44,394 - INFO - module.noise_predictor.blocks.2.norm_ffn.bias	torch.Size([96])	cuda:0	True
2026-05-07 18:05:44,394 - INFO - module.noise_predictor.final_norm.weight	torch.Size([96])	cuda:0	True
2026-05-07 18:05:44,394 - INFO - module.noise_predictor.final_norm.bias	torch.Size([96])	cuda:0	True
2026-05-07 18:05:44,395 - INFO - module.noise_predictor.output_projection.weight	torch.Size([3, 96])	cuda:0	True
2026-05-07 18:05:44,395 - INFO - module.noise_predictor.output_projection.bias	torch.Size([3])	cuda:0	True
2026-05-07 18:05:44,395 - INFO - module.noise_predictor.adaptive_graph_learner.node_embeddings	torch.Size([307, 32])	cuda:0	True
2026-05-07 18:05:44,395 - INFO - module.noise_predictor.adaptive_graph_learner.blend_logit	torch.Size([])	cuda:0	True
2026-05-07 18:05:44,395 - INFO - module.noise_predictor.adaptive_graph_learner.fuzzy_centers	torch.Size([3])	cuda:0	True
2026-05-07 18:05:44,395 - INFO - module.noise_predictor.adaptive_graph_learner.fuzzy_log_sigmas	torch.Size([3])	cuda:0	True
2026-05-07 18:05:44,395 - INFO - module.noise_predictor.adaptive_graph_learner.fuzzy_rule_logits	torch.Size([3])	cuda:0	True
2026-05-07 18:05:44,395 - INFO - module.noise_predictor.adaptive_graph_learner.feature_projection.weight	torch.Size([32, 96])	cuda:0	True
2026-05-07 18:05:44,395 - INFO - module.noise_predictor.adaptive_graph_learner.feature_projection.bias	torch.Size([32])	cuda:0	True
2026-05-07 18:05:44,395 - INFO - module.noise_predictor.adaptive_graph_learner.time_projection.weight	torch.Size([32, 96])	cuda:0	True
2026-05-07 18:05:44,395 - INFO - module.noise_predictor.adaptive_graph_learner.time_projection.bias	torch.Size([32])	cuda:0	True
2026-05-07 18:05:44,395 - INFO - Total parameter numbers: 777613
2026-05-07 18:05:44,395 - INFO - Enable AMP training (dtype=float16).
2026-05-07 18:05:44,396 - INFO - You select `adamw` optimizer.
2026-05-07 18:05:44,396 - WARNING - Received unrecognized optimizer, set default Adam optimizer
2026-05-07 18:05:44,396 - INFO - You select `multisteplr` lr_scheduler.
2026-05-07 18:05:44,397 - WARNING - Received none train loss func and will use the loss func defined in the model.
2026-05-07 18:05:44,397 - INFO - Start training ...
2026-05-07 18:05:44,397 - INFO - num_batches:80
2026-05-07 18:05:44,679 - INFO - Enable physics warmup: steps=3000 start_ratio=0.200 mode=linear.
2026-05-07 18:05:44,792 - INFO - Enable physics warmup: steps=3000 start_ratio=0.200 mode=linear.
2026-05-07 18:05:44,797 - INFO - Enable physics warmup: steps=3000 start_ratio=0.200 mode=linear.
2026-05-07 18:06:00,418 - INFO - epoch complete!
2026-05-07 18:06:00,419 - INFO - evaluating now!
2026-05-07 18:06:00,568 - INFO - epoch complete!
2026-05-07 18:06:00,568 - INFO - evaluating now!
2026-05-07 18:06:00,592 - INFO - epoch complete!
2026-05-07 18:06:00,593 - INFO - evaluating now!
2026-05-07 18:06:01,585 - INFO - Epoch [0/20] train_loss: 1.4124, val_loss: 1.0293, lr: 0.004000, 17.20s
2026-05-07 18:06:01,628 - INFO - Saved model at 0
2026-05-07 18:06:01,628 - INFO - Val loss decrease from inf to 1.0293, saving to /home/lizhuoxuan/lzq/Bigscity-LibCity-master/outputs/20260507_180533__traffic_state_pred__new_diffusion_fuzzy__PEMSD4/model_cache/new_diffusion_fuzzy_PEMSD4_epoch0.tar
2026-05-07 18:06:01,743 - INFO - Epoch [0/20] train_loss: 1.4149, val_loss: 1.0285, lr: 0.004000, 17.35s
2026-05-07 18:06:01,755 - INFO - Epoch [0/20] train_loss: 1.4153, val_loss: 1.0265, lr: 0.004000, 17.37s
2026-05-07 18:06:02,013 - INFO - Saved model at 0
2026-05-07 18:06:02,014 - INFO - Val loss decrease from inf to 1.0265, saving to /home/lizhuoxuan/lzq/Bigscity-LibCity-master/outputs/20260507_180533__traffic_state_pred__new_diffusion_fuzzy__PEMSD4/model_cache/new_diffusion_fuzzy_PEMSD4_epoch0.tar
2026-05-07 18:06:02,041 - INFO - Saved model at 0
2026-05-07 18:06:02,042 - INFO - Val loss decrease from inf to 1.0285, saving to /home/lizhuoxuan/lzq/Bigscity-LibCity-master/outputs/20260507_180533__traffic_state_pred__new_diffusion_fuzzy__PEMSD4/model_cache/new_diffusion_fuzzy_PEMSD4_epoch0.tar
2026-05-07 18:06:17,092 - INFO - epoch complete!
2026-05-07 18:06:17,092 - INFO - evaluating now!
2026-05-07 18:06:17,466 - INFO - epoch complete!
2026-05-07 18:06:17,466 - INFO - evaluating now!
2026-05-07 18:06:17,608 - INFO - epoch complete!
2026-05-07 18:06:17,608 - INFO - evaluating now!
2026-05-07 18:06:18,257 - INFO - Epoch [1/20] train_loss: 1.0285, val_loss: 1.0285, lr: 0.004000, 16.63s
2026-05-07 18:06:18,299 - INFO - Saved model at 1
2026-05-07 18:06:18,299 - INFO - Val loss decrease from 1.0293 to 1.0285, saving to /home/lizhuoxuan/lzq/Bigscity-LibCity-master/outputs/20260507_180533__traffic_state_pred__new_diffusion_fuzzy__PEMSD4/model_cache/new_diffusion_fuzzy_PEMSD4_epoch1.tar
2026-05-07 18:06:18,626 - INFO - Epoch [1/20] train_loss: 1.0291, val_loss: 1.0285, lr: 0.004000, 16.61s
2026-05-07 18:06:18,785 - INFO - Epoch [1/20] train_loss: 1.0286, val_loss: 1.0282, lr: 0.004000, 16.74s
2026-05-07 18:06:19,048 - INFO - Saved model at 1
2026-05-07 18:06:19,048 - INFO - Val loss decrease from 1.0285 to 1.0282, saving to /home/lizhuoxuan/lzq/Bigscity-LibCity-master/outputs/20260507_180533__traffic_state_pred__new_diffusion_fuzzy__PEMSD4/model_cache/new_diffusion_fuzzy_PEMSD4_epoch1.tar
2026-05-07 18:06:33,682 - INFO - epoch complete!
2026-05-07 18:06:33,683 - INFO - evaluating now!
2026-05-07 18:06:33,915 - INFO - epoch complete!
2026-05-07 18:06:33,915 - INFO - evaluating now!
2026-05-07 18:06:34,484 - INFO - epoch complete!
2026-05-07 18:06:34,484 - INFO - evaluating now!
2026-05-07 18:06:34,849 - INFO - Epoch [2/20] train_loss: 1.0264, val_loss: 1.0269, lr: 0.004000, 16.55s
2026-05-07 18:06:34,891 - INFO - Saved model at 2
2026-05-07 18:06:34,891 - INFO - Val loss decrease from 1.0285 to 1.0269, saving to /home/lizhuoxuan/lzq/Bigscity-LibCity-master/outputs/20260507_180533__traffic_state_pred__new_diffusion_fuzzy__PEMSD4/model_cache/new_diffusion_fuzzy_PEMSD4_epoch2.tar
2026-05-07 18:06:35,076 - INFO - Epoch [2/20] train_loss: 1.0269, val_loss: 1.0271, lr: 0.004000, 16.45s
2026-05-07 18:06:35,658 - INFO - Epoch [2/20] train_loss: 1.0265, val_loss: 1.0269, lr: 0.004000, 16.61s
2026-05-07 18:06:35,812 - INFO - Saved model at 2
2026-05-07 18:06:35,812 - INFO - Val loss decrease from 1.0282 to 1.0269, saving to /home/lizhuoxuan/lzq/Bigscity-LibCity-master/outputs/20260507_180533__traffic_state_pred__new_diffusion_fuzzy__PEMSD4/model_cache/new_diffusion_fuzzy_PEMSD4_epoch2.tar
2026-05-07 18:06:50,283 - INFO - epoch complete!
2026-05-07 18:06:50,283 - INFO - evaluating now!
2026-05-07 18:06:50,376 - INFO - epoch complete!
2026-05-07 18:06:50,377 - INFO - evaluating now!
2026-05-07 18:06:51,260 - INFO - epoch complete!
2026-05-07 18:06:51,260 - INFO - evaluating now!
2026-05-07 18:06:51,455 - INFO - Epoch [3/20] train_loss: 1.0267, val_loss: 1.0268, lr: 0.004000, 16.56s
2026-05-07 18:06:51,529 - INFO - Saved model at 3
2026-05-07 18:06:51,530 - INFO - Val loss decrease from 1.0269 to 1.0268, saving to /home/lizhuoxuan/lzq/Bigscity-LibCity-master/outputs/20260507_180533__traffic_state_pred__new_diffusion_fuzzy__PEMSD4/model_cache/new_diffusion_fuzzy_PEMSD4_epoch3.tar
2026-05-07 18:06:51,542 - INFO - Epoch [3/20] train_loss: 1.0271, val_loss: 1.0265, lr: 0.004000, 16.47s
2026-05-07 18:06:51,662 - INFO - Saved model at 3
2026-05-07 18:06:51,663 - INFO - Val loss decrease from 1.0265 to 1.0265, saving to /home/lizhuoxuan/lzq/Bigscity-LibCity-master/outputs/20260507_180533__traffic_state_pred__new_diffusion_fuzzy__PEMSD4/model_cache/new_diffusion_fuzzy_PEMSD4_epoch3.tar
2026-05-07 18:06:52,439 - INFO - Epoch [3/20] train_loss: 1.0268, val_loss: 1.0267, lr: 0.004000, 16.63s
2026-05-07 18:06:52,548 - INFO - Saved model at 3
2026-05-07 18:06:52,549 - INFO - Val loss decrease from 1.0269 to 1.0267, saving to /home/lizhuoxuan/lzq/Bigscity-LibCity-master/outputs/20260507_180533__traffic_state_pred__new_diffusion_fuzzy__PEMSD4/model_cache/new_diffusion_fuzzy_PEMSD4_epoch3.tar
2026-05-07 18:07:06,951 - INFO - epoch complete!
2026-05-07 18:07:06,951 - INFO - evaluating now!
2026-05-07 18:07:06,995 - INFO - epoch complete!
2026-05-07 18:07:06,996 - INFO - evaluating now!
2026-05-07 18:07:08,031 - INFO - epoch complete!
2026-05-07 18:07:08,032 - INFO - evaluating now!
2026-05-07 18:07:08,122 - INFO - Epoch [4/20] train_loss: 0.8237, val_loss: 0.3014, lr: 0.004000, 16.59s
2026-05-07 18:07:08,159 - INFO - Epoch [4/20] train_loss: 0.5538, val_loss: 0.1865, lr: 0.004000, 16.50s
2026-05-07 18:07:08,165 - INFO - Saved model at 4
2026-05-07 18:07:08,166 - INFO - Val loss decrease from 1.0268 to 0.3014, saving to /home/lizhuoxuan/lzq/Bigscity-LibCity-master/outputs/20260507_180533__traffic_state_pred__new_diffusion_fuzzy__PEMSD4/model_cache/new_diffusion_fuzzy_PEMSD4_epoch4.tar
2026-05-07 18:07:08,201 - INFO - Saved model at 4
2026-05-07 18:07:08,201 - INFO - Val loss decrease from 1.0265 to 0.1865, saving to /home/lizhuoxuan/lzq/Bigscity-LibCity-master/outputs/20260507_180533__traffic_state_pred__new_diffusion_fuzzy__PEMSD4/model_cache/new_diffusion_fuzzy_PEMSD4_epoch4.tar
2026-05-07 18:07:09,208 - INFO - Epoch [4/20] train_loss: 0.7257, val_loss: 0.2674, lr: 0.004000, 16.66s
2026-05-07 18:07:09,269 - INFO - Saved model at 4
2026-05-07 18:07:09,269 - INFO - Val loss decrease from 1.0267 to 0.2674, saving to /home/lizhuoxuan/lzq/Bigscity-LibCity-master/outputs/20260507_180533__traffic_state_pred__new_diffusion_fuzzy__PEMSD4/model_cache/new_diffusion_fuzzy_PEMSD4_epoch4.tar
2026-05-07 18:07:23,619 - INFO - epoch complete!
2026-05-07 18:07:23,619 - INFO - evaluating now!
2026-05-07 18:07:23,663 - INFO - epoch complete!
2026-05-07 18:07:23,664 - INFO - evaluating now!
2026-05-07 18:07:24,779 - INFO - epoch complete!
2026-05-07 18:07:24,780 - INFO - evaluating now!
2026-05-07 18:07:24,788 - INFO - Epoch [5/20] train_loss: 0.2167, val_loss: 0.1407, lr: 0.004000, 16.62s
2026-05-07 18:07:24,825 - INFO - Epoch [5/20] train_loss: 0.1604, val_loss: 0.1449, lr: 0.004000, 16.62s
2026-05-07 18:07:24,890 - INFO - Saved model at 5
2026-05-07 18:07:24,890 - INFO - Val loss decrease from 0.3014 to 0.1407, saving to /home/lizhuoxuan/lzq/Bigscity-LibCity-master/outputs/20260507_180533__traffic_state_pred__new_diffusion_fuzzy__PEMSD4/model_cache/new_diffusion_fuzzy_PEMSD4_epoch5.tar
2026-05-07 18:07:25,045 - INFO - Saved model at 5
2026-05-07 18:07:25,045 - INFO - Val loss decrease from 0.1865 to 0.1449, saving to /home/lizhuoxuan/lzq/Bigscity-LibCity-master/outputs/20260507_180533__traffic_state_pred__new_diffusion_fuzzy__PEMSD4/model_cache/new_diffusion_fuzzy_PEMSD4_epoch5.tar
2026-05-07 18:07:25,953 - INFO - Epoch [5/20] train_loss: 0.1907, val_loss: 0.1365, lr: 0.004000, 16.68s
2026-05-07 18:07:26,075 - INFO - Saved model at 5
2026-05-07 18:07:26,076 - INFO - Val loss decrease from 0.2674 to 0.1365, saving to /home/lizhuoxuan/lzq/Bigscity-LibCity-master/outputs/20260507_180533__traffic_state_pred__new_diffusion_fuzzy__PEMSD4/model_cache/new_diffusion_fuzzy_PEMSD4_epoch5.tar
2026-05-07 18:07:40,309 - INFO - epoch complete!
2026-05-07 18:07:40,309 - INFO - evaluating now!
2026-05-07 18:07:40,390 - INFO - epoch complete!
2026-05-07 18:07:40,391 - INFO - evaluating now!
2026-05-07 18:07:41,477 - INFO - Epoch [6/20] train_loss: 0.1486, val_loss: 0.1307, lr: 0.004000, 16.59s
2026-05-07 18:07:41,518 - INFO - Saved model at 6
2026-05-07 18:07:41,519 - INFO - Val loss decrease from 0.1407 to 0.1307, saving to /home/lizhuoxuan/lzq/Bigscity-LibCity-master/outputs/20260507_180533__traffic_state_pred__new_diffusion_fuzzy__PEMSD4/model_cache/new_diffusion_fuzzy_PEMSD4_epoch6.tar
2026-05-07 18:07:41,554 - INFO - Epoch [6/20] train_loss: 0.1445, val_loss: 0.1380, lr: 0.004000, 16.51s
2026-05-07 18:07:41,577 - INFO - epoch complete!
2026-05-07 18:07:41,577 - INFO - evaluating now!
2026-05-07 18:07:41,656 - INFO - Saved model at 6
2026-05-07 18:07:41,656 - INFO - Val loss decrease from 0.1449 to 0.1380, saving to /home/lizhuoxuan/lzq/Bigscity-LibCity-master/outputs/20260507_180533__traffic_state_pred__new_diffusion_fuzzy__PEMSD4/model_cache/new_diffusion_fuzzy_PEMSD4_epoch6.tar
2026-05-07 18:07:42,751 - INFO - Epoch [6/20] train_loss: 0.1548, val_loss: 0.1348, lr: 0.004000, 16.68s
2026-05-07 18:07:42,811 - INFO - Saved model at 6
2026-05-07 18:07:42,811 - INFO - Val loss decrease from 0.1365 to 0.1348, saving to /home/lizhuoxuan/lzq/Bigscity-LibCity-master/outputs/20260507_180533__traffic_state_pred__new_diffusion_fuzzy__PEMSD4/model_cache/new_diffusion_fuzzy_PEMSD4_epoch6.tar
2026-05-07 18:07:56,974 - INFO - epoch complete!
2026-05-07 18:07:56,975 - INFO - evaluating now!
2026-05-07 18:07:56,998 - INFO - epoch complete!
2026-05-07 18:07:56,999 - INFO - evaluating now!
2026-05-07 18:07:58,148 - INFO - Epoch [7/20] train_loss: 0.1426, val_loss: 0.1663, lr: 0.004000, 16.63s
2026-05-07 18:07:58,164 - INFO - Epoch [7/20] train_loss: 0.1450, val_loss: 0.1281, lr: 0.004000, 16.51s
2026-05-07 18:07:58,205 - INFO - Saved model at 7
2026-05-07 18:07:58,205 - INFO - Val loss decrease from 0.1380 to 0.1281, saving to /home/lizhuoxuan/lzq/Bigscity-LibCity-master/outputs/20260507_180533__traffic_state_pred__new_diffusion_fuzzy__PEMSD4/model_cache/new_diffusion_fuzzy_PEMSD4_epoch7.tar
2026-05-07 18:07:58,306 - INFO - epoch complete!
2026-05-07 18:07:58,307 - INFO - evaluating now!
2026-05-07 18:07:59,480 - INFO - Epoch [7/20] train_loss: 0.1513, val_loss: 0.1213, lr: 0.004000, 16.67s
2026-05-07 18:07:59,689 - INFO - Saved model at 7
2026-05-07 18:07:59,689 - INFO - Val loss decrease from 0.1348 to 0.1213, saving to /home/lizhuoxuan/lzq/Bigscity-LibCity-master/outputs/20260507_180533__traffic_state_pred__new_diffusion_fuzzy__PEMSD4/model_cache/new_diffusion_fuzzy_PEMSD4_epoch7.tar
2026-05-07 18:08:13,636 - INFO - epoch complete!
2026-05-07 18:08:13,636 - INFO - evaluating now!
2026-05-07 18:08:13,687 - INFO - epoch complete!
2026-05-07 18:08:13,687 - INFO - evaluating now!
2026-05-07 18:08:14,798 - INFO - Epoch [8/20] train_loss: 0.1239, val_loss: 0.1247, lr: 0.004000, 16.59s
2026-05-07 18:08:14,839 - INFO - Saved model at 8
2026-05-07 18:08:14,839 - INFO - Val loss decrease from 0.1281 to 0.1247, saving to /home/lizhuoxuan/lzq/Bigscity-LibCity-master/outputs/20260507_180533__traffic_state_pred__new_diffusion_fuzzy__PEMSD4/model_cache/new_diffusion_fuzzy_PEMSD4_epoch8.tar
2026-05-07 18:08:14,855 - INFO - Epoch [8/20] train_loss: 0.1327, val_loss: 0.1323, lr: 0.004000, 16.71s
2026-05-07 18:08:15,268 - INFO - epoch complete!
2026-05-07 18:08:15,268 - INFO - evaluating now!
2026-05-07 18:08:16,441 - INFO - Epoch [8/20] train_loss: 0.1205, val_loss: 0.1114, lr: 0.004000, 16.75s
2026-05-07 18:08:16,731 - INFO - Saved model at 8
2026-05-07 18:08:16,732 - INFO - Val loss decrease from 0.1213 to 0.1114, saving to /home/lizhuoxuan/lzq/Bigscity-LibCity-master/outputs/20260507_180533__traffic_state_pred__new_diffusion_fuzzy__PEMSD4/model_cache/new_diffusion_fuzzy_PEMSD4_epoch8.tar
2026-05-07 18:08:30,179 - INFO - epoch complete!
2026-05-07 18:08:30,180 - INFO - evaluating now!
2026-05-07 18:08:30,289 - INFO - epoch complete!
2026-05-07 18:08:30,289 - INFO - evaluating now!
2026-05-07 18:08:31,344 - INFO - Epoch [9/20] train_loss: 0.1206, val_loss: 0.1188, lr: 0.004000, 16.50s
2026-05-07 18:08:31,388 - INFO - Saved model at 9
2026-05-07 18:08:31,388 - INFO - Val loss decrease from 0.1247 to 0.1188, saving to /home/lizhuoxuan/lzq/Bigscity-LibCity-master/outputs/20260507_180533__traffic_state_pred__new_diffusion_fuzzy__PEMSD4/model_cache/new_diffusion_fuzzy_PEMSD4_epoch9.tar
2026-05-07 18:08:31,460 - INFO - Epoch [9/20] train_loss: 0.1194, val_loss: 0.1062, lr: 0.004000, 16.61s
2026-05-07 18:08:31,546 - INFO - Saved model at 9
2026-05-07 18:08:31,546 - INFO - Val loss decrease from 0.1307 to 0.1062, saving to /home/lizhuoxuan/lzq/Bigscity-LibCity-master/outputs/20260507_180533__traffic_state_pred__new_diffusion_fuzzy__PEMSD4/model_cache/new_diffusion_fuzzy_PEMSD4_epoch9.tar
2026-05-07 18:08:32,208 - INFO - epoch complete!
2026-05-07 18:08:32,208 - INFO - evaluating now!
2026-05-07 18:08:33,382 - INFO - Epoch [9/20] train_loss: 0.1210, val_loss: 0.1081, lr: 0.004000, 16.65s
2026-05-07 18:08:33,521 - INFO - Saved model at 9
2026-05-07 18:08:33,522 - INFO - Val loss decrease from 0.1114 to 0.1081, saving to /home/lizhuoxuan/lzq/Bigscity-LibCity-master/outputs/20260507_180533__traffic_state_pred__new_diffusion_fuzzy__PEMSD4/model_cache/new_diffusion_fuzzy_PEMSD4_epoch9.tar
2026-05-07 18:08:46,731 - INFO - epoch complete!
2026-05-07 18:08:46,731 - INFO - evaluating now!
2026-05-07 18:08:46,975 - INFO - epoch complete!
2026-05-07 18:08:46,975 - INFO - evaluating now!
2026-05-07 18:08:47,896 - INFO - Epoch [10/20] train_loss: 0.1138, val_loss: 0.1123, lr: 0.004000, 16.51s
2026-05-07 18:08:47,937 - INFO - Saved model at 10
2026-05-07 18:08:47,938 - INFO - Val loss decrease from 0.1188 to 0.1123, saving to /home/lizhuoxuan/lzq/Bigscity-LibCity-master/outputs/20260507_180533__traffic_state_pred__new_diffusion_fuzzy__PEMSD4/model_cache/new_diffusion_fuzzy_PEMSD4_epoch10.tar
2026-05-07 18:08:48,144 - INFO - Epoch [10/20] train_loss: 0.1177, val_loss: 0.1067, lr: 0.004000, 16.60s
2026-05-07 18:08:49,027 - INFO - epoch complete!
2026-05-07 18:08:49,028 - INFO - evaluating now!
2026-05-07 18:08:50,202 - INFO - Epoch [10/20] train_loss: 0.1131, val_loss: 0.1155, lr: 0.004000, 16.68s
2026-05-07 18:09:03,376 - INFO - epoch complete!
2026-05-07 18:09:03,376 - INFO - evaluating now!
2026-05-07 18:09:03,589 - INFO - epoch complete!
2026-05-07 18:09:03,589 - INFO - evaluating now!
2026-05-07 18:09:04,540 - INFO - Epoch [11/20] train_loss: 0.1097, val_loss: 0.1097, lr: 0.004000, 16.60s
2026-05-07 18:09:04,582 - INFO - Saved model at 11
2026-05-07 18:09:04,582 - INFO - Val loss decrease from 0.1123 to 0.1097, saving to /home/lizhuoxuan/lzq/Bigscity-LibCity-master/outputs/20260507_180533__traffic_state_pred__new_diffusion_fuzzy__PEMSD4/model_cache/new_diffusion_fuzzy_PEMSD4_epoch11.tar
2026-05-07 18:09:04,758 - INFO - Epoch [11/20] train_loss: 0.1083, val_loss: 0.1100, lr: 0.004000, 16.61s
2026-05-07 18:09:05,685 - INFO - epoch complete!
2026-05-07 18:09:05,685 - INFO - evaluating now!
2026-05-07 18:09:06,864 - INFO - Epoch [11/20] train_loss: 0.1110, val_loss: 0.1142, lr: 0.004000, 16.66s
2026-05-07 18:09:19,926 - INFO - epoch complete!
2026-05-07 18:09:19,926 - INFO - evaluating now!
2026-05-07 18:09:20,213 - INFO - epoch complete!
2026-05-07 18:09:20,213 - INFO - evaluating now!
2026-05-07 18:09:21,090 - INFO - Epoch [12/20] train_loss: 0.1105, val_loss: 0.1068, lr: 0.004000, 16.51s
2026-05-07 18:09:21,131 - INFO - Saved model at 12
2026-05-07 18:09:21,131 - INFO - Val loss decrease from 0.1097 to 0.1068, saving to /home/lizhuoxuan/lzq/Bigscity-LibCity-master/outputs/20260507_180533__traffic_state_pred__new_diffusion_fuzzy__PEMSD4/model_cache/new_diffusion_fuzzy_PEMSD4_epoch12.tar
2026-05-07 18:09:21,382 - INFO - Epoch [12/20] train_loss: 0.1107, val_loss: 0.1108, lr: 0.004000, 16.62s
2026-05-07 18:09:22,359 - INFO - epoch complete!
2026-05-07 18:09:22,360 - INFO - evaluating now!
2026-05-07 18:09:23,535 - INFO - Epoch [12/20] train_loss: 0.1070, val_loss: 0.1124, lr: 0.004000, 16.67s
2026-05-07 18:09:36,465 - INFO - epoch complete!
2026-05-07 18:09:36,465 - INFO - evaluating now!
2026-05-07 18:09:36,914 - INFO - epoch complete!
2026-05-07 18:09:36,914 - INFO - evaluating now!
2026-05-07 18:09:37,629 - INFO - Epoch [13/20] train_loss: 0.1076, val_loss: 0.1032, lr: 0.004000, 16.50s
2026-05-07 18:09:37,670 - INFO - Saved model at 13
2026-05-07 18:09:37,670 - INFO - Val loss decrease from 0.1068 to 0.1032, saving to /home/lizhuoxuan/lzq/Bigscity-LibCity-master/outputs/20260507_180533__traffic_state_pred__new_diffusion_fuzzy__PEMSD4/model_cache/new_diffusion_fuzzy_PEMSD4_epoch13.tar
2026-05-07 18:09:38,084 - INFO - Epoch [13/20] train_loss: 0.1038, val_loss: 0.1143, lr: 0.004000, 16.70s
2026-05-07 18:09:39,039 - INFO - epoch complete!
2026-05-07 18:09:39,039 - INFO - evaluating now!
2026-05-07 18:09:40,216 - INFO - Epoch [13/20] train_loss: 0.1049, val_loss: 0.1018, lr: 0.004000, 16.68s
2026-05-07 18:09:40,473 - INFO - Saved model at 13
2026-05-07 18:09:40,474 - INFO - Val loss decrease from 0.1081 to 0.1018, saving to /home/lizhuoxuan/lzq/Bigscity-LibCity-master/outputs/20260507_180533__traffic_state_pred__new_diffusion_fuzzy__PEMSD4/model_cache/new_diffusion_fuzzy_PEMSD4_epoch13.tar
2026-05-07 18:09:53,024 - INFO - epoch complete!
2026-05-07 18:09:53,025 - INFO - evaluating now!
2026-05-07 18:09:53,539 - INFO - epoch complete!
2026-05-07 18:09:53,540 - INFO - evaluating now!
2026-05-07 18:09:54,190 - INFO - Epoch [14/20] train_loss: 0.1043, val_loss: 0.1137, lr: 0.004000, 16.52s
2026-05-07 18:09:54,709 - INFO - Epoch [14/20] train_loss: 0.1087, val_loss: 0.1005, lr: 0.004000, 16.63s
2026-05-07 18:09:54,751 - INFO - Saved model at 14
2026-05-07 18:09:54,751 - INFO - Val loss decrease from 0.1062 to 0.1005, saving to /home/lizhuoxuan/lzq/Bigscity-LibCity-master/outputs/20260507_180533__traffic_state_pred__new_diffusion_fuzzy__PEMSD4/model_cache/new_diffusion_fuzzy_PEMSD4_epoch14.tar
2026-05-07 18:09:56,087 - INFO - epoch complete!
2026-05-07 18:09:56,087 - INFO - evaluating now!
2026-05-07 18:09:57,263 - INFO - Epoch [14/20] train_loss: 0.1057, val_loss: 0.0999, lr: 0.004000, 16.79s
2026-05-07 18:09:57,393 - INFO - Saved model at 14
2026-05-07 18:09:57,394 - INFO - Val loss decrease from 0.1018 to 0.0999, saving to /home/lizhuoxuan/lzq/Bigscity-LibCity-master/outputs/20260507_180533__traffic_state_pred__new_diffusion_fuzzy__PEMSD4/model_cache/new_diffusion_fuzzy_PEMSD4_epoch14.tar
2026-05-07 18:10:09,625 - INFO - epoch complete!
2026-05-07 18:10:09,626 - INFO - evaluating now!
2026-05-07 18:10:10,205 - INFO - epoch complete!
2026-05-07 18:10:10,205 - INFO - evaluating now!
2026-05-07 18:10:10,791 - INFO - Epoch [15/20] train_loss: 0.1044, val_loss: 0.0956, lr: 0.004000, 16.60s
2026-05-07 18:10:10,833 - INFO - Saved model at 15
2026-05-07 18:10:10,833 - INFO - Val loss decrease from 0.1032 to 0.0956, saving to /home/lizhuoxuan/lzq/Bigscity-LibCity-master/outputs/20260507_180533__traffic_state_pred__new_diffusion_fuzzy__PEMSD4/model_cache/new_diffusion_fuzzy_PEMSD4_epoch15.tar
2026-05-07 18:10:11,376 - INFO - Epoch [15/20] train_loss: 0.1093, val_loss: 0.1020, lr: 0.004000, 16.62s
2026-05-07 18:10:12,879 - INFO - epoch complete!
2026-05-07 18:10:12,880 - INFO - evaluating now!
2026-05-07 18:10:14,058 - INFO - Epoch [15/20] train_loss: 0.1017, val_loss: 0.0966, lr: 0.004000, 16.66s
2026-05-07 18:10:14,214 - INFO - Saved model at 15
2026-05-07 18:10:14,214 - INFO - Val loss decrease from 0.0999 to 0.0966, saving to /home/lizhuoxuan/lzq/Bigscity-LibCity-master/outputs/20260507_180533__traffic_state_pred__new_diffusion_fuzzy__PEMSD4/model_cache/new_diffusion_fuzzy_PEMSD4_epoch15.tar
2026-05-07 18:10:26,187 - INFO - epoch complete!
2026-05-07 18:10:26,188 - INFO - evaluating now!
2026-05-07 18:10:26,938 - INFO - epoch complete!
2026-05-07 18:10:26,968 - INFO - evaluating now!
2026-05-07 18:10:27,353 - INFO - Epoch [16/20] train_loss: 0.0997, val_loss: 0.0990, lr: 0.004000, 16.52s
2026-05-07 18:10:28,140 - INFO - Epoch [16/20] train_loss: 0.1014, val_loss: 0.1041, lr: 0.004000, 16.76s
2026-05-07 18:10:29,719 - INFO - epoch complete!
2026-05-07 18:10:29,719 - INFO - evaluating now!
2026-05-07 18:10:30,896 - INFO - Epoch [16/20] train_loss: 0.1072, val_loss: 0.1008, lr: 0.004000, 16.68s
2026-05-07 18:10:42,712 - INFO - epoch complete!
2026-05-07 18:10:42,712 - INFO - evaluating now!
2026-05-07 18:10:43,600 - INFO - epoch complete!
2026-05-07 18:10:43,600 - INFO - evaluating now!
2026-05-07 18:10:43,878 - INFO - Epoch [17/20] train_loss: 0.1020, val_loss: 0.0999, lr: 0.004000, 16.52s
2026-05-07 18:10:44,771 - INFO - Epoch [17/20] train_loss: 0.1040, val_loss: 0.0988, lr: 0.004000, 16.63s
2026-05-07 18:10:44,813 - INFO - Saved model at 17
2026-05-07 18:10:44,813 - INFO - Val loss decrease from 0.1005 to 0.0988, saving to /home/lizhuoxuan/lzq/Bigscity-LibCity-master/outputs/20260507_180533__traffic_state_pred__new_diffusion_fuzzy__PEMSD4/model_cache/new_diffusion_fuzzy_PEMSD4_epoch17.tar
2026-05-07 18:10:46,403 - INFO - epoch complete!
2026-05-07 18:10:46,403 - INFO - evaluating now!
2026-05-07 18:10:47,580 - INFO - Epoch [17/20] train_loss: 0.1050, val_loss: 0.0986, lr: 0.004000, 16.68s
2026-05-07 18:10:59,317 - INFO - epoch complete!
2026-05-07 18:10:59,317 - INFO - evaluating now!
2026-05-07 18:11:00,257 - INFO - epoch complete!
2026-05-07 18:11:00,257 - INFO - evaluating now!
2026-05-07 18:11:00,482 - INFO - Epoch [18/20] train_loss: 0.1030, val_loss: 0.1045, lr: 0.004000, 16.60s
2026-05-07 18:11:01,428 - INFO - Epoch [18/20] train_loss: 0.1049, val_loss: 0.1033, lr: 0.004000, 16.61s
2026-05-07 18:11:03,080 - INFO - epoch complete!
2026-05-07 18:11:03,081 - INFO - evaluating now!
2026-05-07 18:11:04,259 - INFO - Epoch [18/20] train_loss: 0.1067, val_loss: 0.0973, lr: 0.004000, 16.68s
2026-05-07 18:11:15,835 - INFO - epoch complete!
2026-05-07 18:11:15,835 - INFO - evaluating now!
2026-05-07 18:11:16,888 - INFO - epoch complete!
2026-05-07 18:11:16,889 - INFO - evaluating now!
2026-05-07 18:11:17,001 - INFO - Epoch [19/20] train_loss: 0.1046, val_loss: 0.0948, lr: 0.002000, 16.52s
2026-05-07 18:11:17,043 - INFO - Saved model at 19
2026-05-07 18:11:17,043 - INFO - Val loss decrease from 0.0956 to 0.0948, saving to /home/lizhuoxuan/lzq/Bigscity-LibCity-master/outputs/20260507_180533__traffic_state_pred__new_diffusion_fuzzy__PEMSD4/model_cache/new_diffusion_fuzzy_PEMSD4_epoch19.tar
2026-05-07 18:11:17,043 - INFO - Trained totally 20 epochs, average train time is 15.412s, average eval time is 1.164s
2026-05-07 18:11:17,148 - INFO - Loaded model at 19
2026-05-07 18:11:18,065 - INFO - Epoch [19/20] train_loss: 0.1104, val_loss: 0.1110, lr: 0.002000, 16.64s
2026-05-07 18:11:18,065 - INFO - Trained totally 20 epochs, average train time is 15.484s, average eval time is 1.170s
2026-05-07 18:11:18,171 - INFO - Loaded model at 17
2026-05-07 18:11:19,781 - INFO - epoch complete!
2026-05-07 18:11:19,781 - INFO - evaluating now!
2026-05-07 18:11:20,955 - INFO - Epoch [19/20] train_loss: 0.1050, val_loss: 0.0935, lr: 0.002000, 16.70s
2026-05-07 18:11:21,034 - INFO - Saved model at 19
2026-05-07 18:11:21,034 - INFO - Val loss decrease from 0.0966 to 0.0935, saving to /home/lizhuoxuan/lzq/Bigscity-LibCity-master/outputs/20260507_180533__traffic_state_pred__new_diffusion_fuzzy__PEMSD4/model_cache/new_diffusion_fuzzy_PEMSD4_epoch19.tar
2026-05-07 18:11:21,034 - INFO - Trained totally 20 epochs, average train time is 15.539s, average eval time is 1.176s
2026-05-07 18:11:21,139 - INFO - Loaded model at 19
2026-05-07 18:11:21,140 - INFO - Saved model at /home/lizhuoxuan/lzq/Bigscity-LibCity-master/outputs/20260507_180533__traffic_state_pred__new_diffusion_fuzzy__PEMSD4/model_cache/new_diffusion_fuzzy_PEMSD4.m
2026-05-07 18:11:21,184 - INFO - Start evaluating ...
2026-05-07 18:12:53,756 - INFO - Note that you select the single mode to evaluate!
2026-05-07 18:12:53,760 - INFO - Evaluate result is saved at /home/lizhuoxuan/lzq/Bigscity-LibCity-master/outputs/20260507_180533__traffic_state_pred__new_diffusion_fuzzy__PEMSD4/evaluate_cache/2026_05_07_18_12_53_new_diffusion_fuzzy_PEMSD4.csv
2026-05-07 18:12:53,770 - INFO - 
          MAE          MAPE           MSE  ...  masked_RMSE        R2      EVAR
1   71.566727  56421.320312  13289.036133  ...   115.539307  0.201685  0.230140
2   71.582260  55287.234375  13313.559570  ...   115.642548  0.200066  0.229223
3   71.460983  55250.640625  13282.048828  ...   115.510696  0.202275  0.231335
4   71.527321  55318.015625  13290.115234  ...   115.541405  0.201770  0.230959
5   71.645851  56650.250000  13361.974609  ...   115.854271  0.197346  0.226833
6   71.740059  55033.812500  13392.566406  ...   115.989662  0.195358  0.224868
7   71.739273  55147.328125  13408.729492  ...   116.055885  0.194688  0.224572
8   71.690773  54694.421875  13426.568359  ...   116.137779  0.193592  0.223977
9   71.832367  55856.871094  13467.609375  ...   116.321129  0.191016  0.221114
10  71.859192  55620.546875  13467.731445  ...   116.307045  0.190858  0.220764
11  71.877090  54312.050781  13532.529297  ...   116.596809  0.187262  0.217980
12  72.133606  54691.964844  13580.596680  ...   116.800743  0.184353  0.215121

[12 rows x 10 columns]
