2026-05-18 22:57:40,617 - INFO - Log directory: /home/lizhuoxuan/lzq/Bigscity-LibCity-master/outputs/20260518_225740__traffic_state_pred__new_fuzzy__PEMSD4/logs
2026-05-18 22:57:40,617 - INFO - Begin artifact training pipeline, task=traffic_state_pred, model_name=new_fuzzy, dataset_name=PEMSD4, exp_id=20260518_225740__traffic_state_pred__new_fuzzy__PEMSD4
2026-05-18 22:57:40,617 - INFO - {'task': 'traffic_state_pred', 'model': 'new_fuzzy', 'dataset': 'PEMSD4', 'saved_model': True, 'train': True, 'seed': 42, 'train_rate': 0.6, 'eval_rate': 0.2, 'batch_size': 128, 'learning_rate': 0.0001, 'max_epoch': 5, 'dataset_class': 'TrafficStatePointDataset', 'executor': 'TrafficStateExecutor', 'evaluator': 'TrafficStateEvaluator', 'adaptive_graph_blend_init': 0.5, 'adaptive_graph_embed_dim': 32, 'adaptive_graph_topk': 12, 'calculate_weight_adj': False, 'conservation_loss_weight': 0.1, 'conservation_steps_per_epoch': 80, 'conservation_warmup_epochs': 5, 'data_col': ['traffic_flow', 'traffic_occupancy', 'traffic_speed'], 'data_files': ['PEMSD4'], 'decoder_layers': 2, 'device': device(type='cuda', index=0), 'disturb_rate': 0.5, 'dropout': 0.1, 'dyna': {'including_types': ['state'], 'state': {'entity_id': 'geo_id', 'traffic_flow': 'num', 'traffic_occupancy': 'num', 'traffic_speed': 'num'}}, 'encoder_layers': 2, 'eval_batch_size': 64, 'evaluator_mode': 'single', 'ffn_hidden_dim': 128, 'fuzzy_conservation_temperature': 8, 'fuzzy_conservation_threshold': 0.6, 'fuzzy_graph_num_sets': 3, 'fuzzy_graph_sigma_init': 0.7, 'geo': {'including_types': ['Point'], 'Point': {}}, 'geo_file': 'PEMSD4', 'graph_k_hop': 2, 'hidden_dim': 64, 'init_weight_inf_or_zero': 'zero', 'is_distributed': True, 'metrics': ['MAE', 'MAPE', 'MSE', 'RMSE', 'masked_MAE', 'masked_MAPE', 'masked_MSE', 'masked_RMSE', 'R2', 'EVAR'], 'noise_SD': [10], 'noise_mean': [5], 'noise_type': 'gaussian', 'num_heads': 2, 'num_workers': 0, 'output_dim': 3, 'pad_with_last_sample': True, 'physics_channel_idx': 0, 'rank': 0, 'rel': {'including_types': ['geo'], 'geo': {'cost': 'num'}}, 'rel_file': 'PEMSD4', 'robustness_test': False, 'save_mode': ['csv'], 'scale_lr': False, 'set_weight_link_or_dist': 'link', 'time_intervals': 300, 'use_adaptive_graph': True, 'use_amp': True, 'use_fuzzy_conservation': True, 'use_fuzzy_graph': True, 'use_gradient_checkpointing': False, 'use_spatiotemporal_attention': True, 'use_temporal_position_embedding': True, 'weight_adj_epsilon': 0.1, 'weight_col': 'cost', 'world_size': 2, 'clip_grad_norm': True, 'epoch': 0, 'gpu': True, 'gpu_id': 0, 'learner': 'adamw', 'load_best_epoch': True, 'log_every': 1, 'lr_decay': True, 'lr_decay_ratio': 0.5, 'lr_patience': 5, 'lr_scheduler': 'reducelronplateau', 'lr_threshold': 0.001, 'max_grad_norm': 3, 'patience': 30, 'train_loss': 'none', 'use_early_stop': True, 'weight_decay': 0.0001, 'data_version_id': 'dv_1779116136_dfc06942', 'input_window': 12, 'output_window': 12, 'scaler': 'standard', 'load_external': False, 'normal_external': False, 'add_time_in_day': True, 'add_day_in_week': True, 'cache_dataset': True, 'ext_scaler': 'none', 'local_rank': 0, 'dist_backend': 'nccl', 'exp_id': '20260518_225740__traffic_state_pred__new_fuzzy__PEMSD4'}
2026-05-18 22:57:40,941 - INFO - Log directory: /home/lizhuoxuan/lzq/Bigscity-LibCity-master/outputs/20260518_225740__traffic_state_pred__new_fuzzy__PEMSD4/logs
2026-05-18 22:57:52,935 - INFO - Enable AMP training (dtype=float16).
2026-05-18 22:57:52,935 - INFO - You select `adamw` optimizer.
2026-05-18 22:57:52,936 - INFO - You select `reducelronplateau` lr_scheduler.
2026-05-18 22:57:52,936 - WARNING - Received none train loss func and will use the loss func defined in the model.
2026-05-18 22:57:52,936 - INFO - Start training ...
2026-05-18 22:57:52,936 - INFO - num_batches:40
2026-05-18 22:57:52,936 - INFO - DistributedDataParallel(
  (module): NewFuzzy(
    (condition_encoder): STEncoder(
      (input_projection): Linear(in_features=3, out_features=64, bias=True)
      (blocks): ModuleList(
        (0-1): 2 x STEncoderBlock(
          (temporal_attention): MultiHeadAttention(
            (query_projection): Linear(in_features=64, out_features=64, bias=True)
            (key_projection): Linear(in_features=64, out_features=64, bias=True)
            (value_projection): Linear(in_features=64, out_features=64, bias=True)
            (output_projection): Linear(in_features=64, out_features=64, bias=True)
            (dropout): Dropout(p=0.1, inplace=False)
          )
          (graph_convolution): GraphConvolution(
            (projections): ModuleList(
              (0-2): 3 x Linear(in_features=64, out_features=64, bias=True)
            )
          )
          (feed_forward): FeedForwardNetwork(
            (network): Sequential(
              (0): Linear(in_features=64, out_features=128, bias=True)
              (1): GELU(approximate='none')
              (2): Dropout(p=0.1, inplace=False)
              (3): Linear(in_features=128, out_features=64, bias=True)
              (4): Dropout(p=0.1, inplace=False)
            )
          )
          (norm_temporal): LayerNorm((64,), eps=1e-05, elementwise_affine=True)
          (norm_graph): LayerNorm((64,), eps=1e-05, elementwise_affine=True)
          (norm_ffn): LayerNorm((64,), eps=1e-05, elementwise_affine=True)
          (dropout): Dropout(p=0.1, inplace=False)
        )
      )
      (final_norm): LayerNorm((64,), eps=1e-05, elementwise_affine=True)
    )
    (future_decoder): FutureDecoder(
      (blocks): ModuleList(
        (0-1): 2 x DecoderBlock(
          (temporal_attention): MultiHeadAttention(
            (query_projection): Linear(in_features=64, out_features=64, bias=True)
            (key_projection): Linear(in_features=64, out_features=64, bias=True)
            (value_projection): Linear(in_features=64, out_features=64, bias=True)
            (output_projection): Linear(in_features=64, out_features=64, bias=True)
            (dropout): Dropout(p=0.1, inplace=False)
          )
          (graph_convolution): GraphConvolution(
            (projections): ModuleList(
              (0-2): 3 x Linear(in_features=64, out_features=64, bias=True)
            )
          )
          (cross_attention): MultiHeadAttention(
            (query_projection): Linear(in_features=64, out_features=64, bias=True)
            (key_projection): Linear(in_features=64, out_features=64, bias=True)
            (value_projection): Linear(in_features=64, out_features=64, bias=True)
            (output_projection): Linear(in_features=64, out_features=64, bias=True)
            (dropout): Dropout(p=0.1, inplace=False)
          )
          (spatiotemporal_attention): MultiHeadAttention(
            (query_projection): Linear(in_features=64, out_features=64, bias=True)
            (key_projection): Linear(in_features=64, out_features=64, bias=True)
            (value_projection): Linear(in_features=64, out_features=64, bias=True)
            (output_projection): Linear(in_features=64, out_features=64, bias=True)
            (dropout): Dropout(p=0.1, inplace=False)
          )
          (feed_forward): FeedForwardNetwork(
            (network): Sequential(
              (0): Linear(in_features=64, out_features=128, bias=True)
              (1): GELU(approximate='none')
              (2): Dropout(p=0.1, inplace=False)
              (3): Linear(in_features=128, out_features=64, bias=True)
              (4): Dropout(p=0.1, inplace=False)
            )
          )
          (norm_temporal): LayerNorm((64,), eps=1e-05, elementwise_affine=True)
          (norm_graph): LayerNorm((64,), eps=1e-05, elementwise_affine=True)
          (norm_cross): LayerNorm((64,), eps=1e-05, elementwise_affine=True)
          (norm_spatiotemporal): LayerNorm((64,), eps=1e-05, elementwise_affine=True)
          (norm_ffn): LayerNorm((64,), eps=1e-05, elementwise_affine=True)
          (dropout): Dropout(p=0.1, inplace=False)
        )
      )
      (final_norm): LayerNorm((64,), eps=1e-05, elementwise_affine=True)
      (output_projection): Linear(in_features=64, out_features=3, bias=True)
      (adaptive_graph_learner): AdaptiveGraphLearner(
        (feature_projection): Linear(in_features=64, out_features=32, bias=True)
        (time_projection): Linear(in_features=64, out_features=32, bias=True)
      )
    )
  )
)
2026-05-18 22:57:52,938 - INFO - module.condition_encoder.temporal_position_embedding	torch.Size([1, 12, 1, 64])	cuda:0	True
2026-05-18 22:57:52,938 - INFO - module.condition_encoder.input_projection.weight	torch.Size([64, 3])	cuda:0	True
2026-05-18 22:57:52,938 - INFO - module.condition_encoder.input_projection.bias	torch.Size([64])	cuda:0	True
2026-05-18 22:57:52,938 - INFO - module.condition_encoder.blocks.0.temporal_attention.query_projection.weight	torch.Size([64, 64])	cuda:0	True
2026-05-18 22:57:52,938 - INFO - module.condition_encoder.blocks.0.temporal_attention.query_projection.bias	torch.Size([64])	cuda:0	True
2026-05-18 22:57:52,938 - INFO - module.condition_encoder.blocks.0.temporal_attention.key_projection.weight	torch.Size([64, 64])	cuda:0	True
2026-05-18 22:57:52,938 - INFO - module.condition_encoder.blocks.0.temporal_attention.key_projection.bias	torch.Size([64])	cuda:0	True
2026-05-18 22:57:52,938 - INFO - module.condition_encoder.blocks.0.temporal_attention.value_projection.weight	torch.Size([64, 64])	cuda:0	True
2026-05-18 22:57:52,938 - INFO - module.condition_encoder.blocks.0.temporal_attention.value_projection.bias	torch.Size([64])	cuda:0	True
2026-05-18 22:57:52,938 - INFO - module.condition_encoder.blocks.0.temporal_attention.output_projection.weight	torch.Size([64, 64])	cuda:0	True
2026-05-18 22:57:52,938 - INFO - module.condition_encoder.blocks.0.temporal_attention.output_projection.bias	torch.Size([64])	cuda:0	True
2026-05-18 22:57:52,938 - INFO - module.condition_encoder.blocks.0.graph_convolution.projections.0.weight	torch.Size([64, 64])	cuda:0	True
2026-05-18 22:57:52,938 - INFO - module.condition_encoder.blocks.0.graph_convolution.projections.0.bias	torch.Size([64])	cuda:0	True
2026-05-18 22:57:52,938 - INFO - module.condition_encoder.blocks.0.graph_convolution.projections.1.weight	torch.Size([64, 64])	cuda:0	True
2026-05-18 22:57:52,938 - INFO - module.condition_encoder.blocks.0.graph_convolution.projections.1.bias	torch.Size([64])	cuda:0	True
2026-05-18 22:57:52,938 - INFO - module.condition_encoder.blocks.0.graph_convolution.projections.2.weight	torch.Size([64, 64])	cuda:0	True
2026-05-18 22:57:52,938 - INFO - module.condition_encoder.blocks.0.graph_convolution.projections.2.bias	torch.Size([64])	cuda:0	True
2026-05-18 22:57:52,938 - INFO - module.condition_encoder.blocks.0.feed_forward.network.0.weight	torch.Size([128, 64])	cuda:0	True
2026-05-18 22:57:52,938 - INFO - module.condition_encoder.blocks.0.feed_forward.network.0.bias	torch.Size([128])	cuda:0	True
2026-05-18 22:57:52,938 - INFO - module.condition_encoder.blocks.0.feed_forward.network.3.weight	torch.Size([64, 128])	cuda:0	True
2026-05-18 22:57:52,938 - INFO - module.condition_encoder.blocks.0.feed_forward.network.3.bias	torch.Size([64])	cuda:0	True
2026-05-18 22:57:52,938 - INFO - module.condition_encoder.blocks.0.norm_temporal.weight	torch.Size([64])	cuda:0	True
2026-05-18 22:57:52,938 - INFO - module.condition_encoder.blocks.0.norm_temporal.bias	torch.Size([64])	cuda:0	True
2026-05-18 22:57:52,938 - INFO - module.condition_encoder.blocks.0.norm_graph.weight	torch.Size([64])	cuda:0	True
2026-05-18 22:57:52,938 - INFO - module.condition_encoder.blocks.0.norm_graph.bias	torch.Size([64])	cuda:0	True
2026-05-18 22:57:52,939 - INFO - module.condition_encoder.blocks.0.norm_ffn.weight	torch.Size([64])	cuda:0	True
2026-05-18 22:57:52,939 - INFO - module.condition_encoder.blocks.0.norm_ffn.bias	torch.Size([64])	cuda:0	True
2026-05-18 22:57:52,939 - INFO - module.condition_encoder.blocks.1.temporal_attention.query_projection.weight	torch.Size([64, 64])	cuda:0	True
2026-05-18 22:57:52,939 - INFO - module.condition_encoder.blocks.1.temporal_attention.query_projection.bias	torch.Size([64])	cuda:0	True
2026-05-18 22:57:52,939 - INFO - module.condition_encoder.blocks.1.temporal_attention.key_projection.weight	torch.Size([64, 64])	cuda:0	True
2026-05-18 22:57:52,939 - INFO - module.condition_encoder.blocks.1.temporal_attention.key_projection.bias	torch.Size([64])	cuda:0	True
2026-05-18 22:57:52,939 - INFO - module.condition_encoder.blocks.1.temporal_attention.value_projection.weight	torch.Size([64, 64])	cuda:0	True
2026-05-18 22:57:52,939 - INFO - module.condition_encoder.blocks.1.temporal_attention.value_projection.bias	torch.Size([64])	cuda:0	True
2026-05-18 22:57:52,939 - INFO - module.condition_encoder.blocks.1.temporal_attention.output_projection.weight	torch.Size([64, 64])	cuda:0	True
2026-05-18 22:57:52,939 - INFO - module.condition_encoder.blocks.1.temporal_attention.output_projection.bias	torch.Size([64])	cuda:0	True
2026-05-18 22:57:52,939 - INFO - module.condition_encoder.blocks.1.graph_convolution.projections.0.weight	torch.Size([64, 64])	cuda:0	True
2026-05-18 22:57:52,939 - INFO - module.condition_encoder.blocks.1.graph_convolution.projections.0.bias	torch.Size([64])	cuda:0	True
2026-05-18 22:57:52,939 - INFO - module.condition_encoder.blocks.1.graph_convolution.projections.1.weight	torch.Size([64, 64])	cuda:0	True
2026-05-18 22:57:52,939 - INFO - module.condition_encoder.blocks.1.graph_convolution.projections.1.bias	torch.Size([64])	cuda:0	True
2026-05-18 22:57:52,939 - INFO - module.condition_encoder.blocks.1.graph_convolution.projections.2.weight	torch.Size([64, 64])	cuda:0	True
2026-05-18 22:57:52,939 - INFO - module.condition_encoder.blocks.1.graph_convolution.projections.2.bias	torch.Size([64])	cuda:0	True
2026-05-18 22:57:52,939 - INFO - module.condition_encoder.blocks.1.feed_forward.network.0.weight	torch.Size([128, 64])	cuda:0	True
2026-05-18 22:57:52,939 - INFO - module.condition_encoder.blocks.1.feed_forward.network.0.bias	torch.Size([128])	cuda:0	True
2026-05-18 22:57:52,939 - INFO - module.condition_encoder.blocks.1.feed_forward.network.3.weight	torch.Size([64, 128])	cuda:0	True
2026-05-18 22:57:52,939 - INFO - module.condition_encoder.blocks.1.feed_forward.network.3.bias	torch.Size([64])	cuda:0	True
2026-05-18 22:57:52,939 - INFO - module.condition_encoder.blocks.1.norm_temporal.weight	torch.Size([64])	cuda:0	True
2026-05-18 22:57:52,939 - INFO - module.condition_encoder.blocks.1.norm_temporal.bias	torch.Size([64])	cuda:0	True
2026-05-18 22:57:52,939 - INFO - module.condition_encoder.blocks.1.norm_graph.weight	torch.Size([64])	cuda:0	True
2026-05-18 22:57:52,939 - INFO - module.condition_encoder.blocks.1.norm_graph.bias	torch.Size([64])	cuda:0	True
2026-05-18 22:57:52,939 - INFO - module.condition_encoder.blocks.1.norm_ffn.weight	torch.Size([64])	cuda:0	True
2026-05-18 22:57:52,939 - INFO - module.condition_encoder.blocks.1.norm_ffn.bias	torch.Size([64])	cuda:0	True
2026-05-18 22:57:52,939 - INFO - module.condition_encoder.final_norm.weight	torch.Size([64])	cuda:0	True
2026-05-18 22:57:52,939 - INFO - module.condition_encoder.final_norm.bias	torch.Size([64])	cuda:0	True
2026-05-18 22:57:52,939 - INFO - module.future_decoder.future_queries	torch.Size([1, 12, 307, 64])	cuda:0	True
2026-05-18 22:57:52,939 - INFO - module.future_decoder.blocks.0.temporal_attention.query_projection.weight	torch.Size([64, 64])	cuda:0	True
2026-05-18 22:57:52,939 - INFO - module.future_decoder.blocks.0.temporal_attention.query_projection.bias	torch.Size([64])	cuda:0	True
2026-05-18 22:57:52,939 - INFO - module.future_decoder.blocks.0.temporal_attention.key_projection.weight	torch.Size([64, 64])	cuda:0	True
2026-05-18 22:57:52,939 - INFO - module.future_decoder.blocks.0.temporal_attention.key_projection.bias	torch.Size([64])	cuda:0	True
2026-05-18 22:57:52,939 - INFO - module.future_decoder.blocks.0.temporal_attention.value_projection.weight	torch.Size([64, 64])	cuda:0	True
2026-05-18 22:57:52,940 - INFO - module.future_decoder.blocks.0.temporal_attention.value_projection.bias	torch.Size([64])	cuda:0	True
2026-05-18 22:57:52,940 - INFO - module.future_decoder.blocks.0.temporal_attention.output_projection.weight	torch.Size([64, 64])	cuda:0	True
2026-05-18 22:57:52,940 - INFO - module.future_decoder.blocks.0.temporal_attention.output_projection.bias	torch.Size([64])	cuda:0	True
2026-05-18 22:57:52,940 - INFO - module.future_decoder.blocks.0.graph_convolution.projections.0.weight	torch.Size([64, 64])	cuda:0	True
2026-05-18 22:57:52,940 - INFO - module.future_decoder.blocks.0.graph_convolution.projections.0.bias	torch.Size([64])	cuda:0	True
2026-05-18 22:57:52,940 - INFO - module.future_decoder.blocks.0.graph_convolution.projections.1.weight	torch.Size([64, 64])	cuda:0	True
2026-05-18 22:57:52,940 - INFO - module.future_decoder.blocks.0.graph_convolution.projections.1.bias	torch.Size([64])	cuda:0	True
2026-05-18 22:57:52,940 - INFO - module.future_decoder.blocks.0.graph_convolution.projections.2.weight	torch.Size([64, 64])	cuda:0	True
2026-05-18 22:57:52,940 - INFO - module.future_decoder.blocks.0.graph_convolution.projections.2.bias	torch.Size([64])	cuda:0	True
2026-05-18 22:57:52,940 - INFO - module.future_decoder.blocks.0.cross_attention.query_projection.weight	torch.Size([64, 64])	cuda:0	True
2026-05-18 22:57:52,940 - INFO - module.future_decoder.blocks.0.cross_attention.query_projection.bias	torch.Size([64])	cuda:0	True
2026-05-18 22:57:52,940 - INFO - module.future_decoder.blocks.0.cross_attention.key_projection.weight	torch.Size([64, 64])	cuda:0	True
2026-05-18 22:57:52,940 - INFO - module.future_decoder.blocks.0.cross_attention.key_projection.bias	torch.Size([64])	cuda:0	True
2026-05-18 22:57:52,940 - INFO - module.future_decoder.blocks.0.cross_attention.value_projection.weight	torch.Size([64, 64])	cuda:0	True
2026-05-18 22:57:52,940 - INFO - module.future_decoder.blocks.0.cross_attention.value_projection.bias	torch.Size([64])	cuda:0	True
2026-05-18 22:57:52,940 - INFO - module.future_decoder.blocks.0.cross_attention.output_projection.weight	torch.Size([64, 64])	cuda:0	True
2026-05-18 22:57:52,940 - INFO - module.future_decoder.blocks.0.cross_attention.output_projection.bias	torch.Size([64])	cuda:0	True
2026-05-18 22:57:52,940 - INFO - module.future_decoder.blocks.0.spatiotemporal_attention.query_projection.weight	torch.Size([64, 64])	cuda:0	True
2026-05-18 22:57:52,940 - INFO - module.future_decoder.blocks.0.spatiotemporal_attention.query_projection.bias	torch.Size([64])	cuda:0	True
2026-05-18 22:57:52,940 - INFO - module.future_decoder.blocks.0.spatiotemporal_attention.key_projection.weight	torch.Size([64, 64])	cuda:0	True
2026-05-18 22:57:52,940 - INFO - module.future_decoder.blocks.0.spatiotemporal_attention.key_projection.bias	torch.Size([64])	cuda:0	True
2026-05-18 22:57:52,940 - INFO - module.future_decoder.blocks.0.spatiotemporal_attention.value_projection.weight	torch.Size([64, 64])	cuda:0	True
2026-05-18 22:57:52,940 - INFO - module.future_decoder.blocks.0.spatiotemporal_attention.value_projection.bias	torch.Size([64])	cuda:0	True
2026-05-18 22:57:52,940 - INFO - module.future_decoder.blocks.0.spatiotemporal_attention.output_projection.weight	torch.Size([64, 64])	cuda:0	True
2026-05-18 22:57:52,940 - INFO - module.future_decoder.blocks.0.spatiotemporal_attention.output_projection.bias	torch.Size([64])	cuda:0	True
2026-05-18 22:57:52,940 - INFO - module.future_decoder.blocks.0.feed_forward.network.0.weight	torch.Size([128, 64])	cuda:0	True
2026-05-18 22:57:52,940 - INFO - module.future_decoder.blocks.0.feed_forward.network.0.bias	torch.Size([128])	cuda:0	True
2026-05-18 22:57:52,940 - INFO - module.future_decoder.blocks.0.feed_forward.network.3.weight	torch.Size([64, 128])	cuda:0	True
2026-05-18 22:57:52,940 - INFO - module.future_decoder.blocks.0.feed_forward.network.3.bias	torch.Size([64])	cuda:0	True
2026-05-18 22:57:52,940 - INFO - module.future_decoder.blocks.0.norm_temporal.weight	torch.Size([64])	cuda:0	True
2026-05-18 22:57:52,940 - INFO - module.future_decoder.blocks.0.norm_temporal.bias	torch.Size([64])	cuda:0	True
2026-05-18 22:57:52,940 - INFO - module.future_decoder.blocks.0.norm_graph.weight	torch.Size([64])	cuda:0	True
2026-05-18 22:57:52,940 - INFO - module.future_decoder.blocks.0.norm_graph.bias	torch.Size([64])	cuda:0	True
2026-05-18 22:57:52,940 - INFO - module.future_decoder.blocks.0.norm_cross.weight	torch.Size([64])	cuda:0	True
2026-05-18 22:57:52,940 - INFO - module.future_decoder.blocks.0.norm_cross.bias	torch.Size([64])	cuda:0	True
2026-05-18 22:57:52,941 - INFO - module.future_decoder.blocks.0.norm_spatiotemporal.weight	torch.Size([64])	cuda:0	True
2026-05-18 22:57:52,941 - INFO - module.future_decoder.blocks.0.norm_spatiotemporal.bias	torch.Size([64])	cuda:0	True
2026-05-18 22:57:52,941 - INFO - module.future_decoder.blocks.0.norm_ffn.weight	torch.Size([64])	cuda:0	True
2026-05-18 22:57:52,941 - INFO - module.future_decoder.blocks.0.norm_ffn.bias	torch.Size([64])	cuda:0	True
2026-05-18 22:57:52,941 - INFO - module.future_decoder.blocks.1.temporal_attention.query_projection.weight	torch.Size([64, 64])	cuda:0	True
2026-05-18 22:57:52,941 - INFO - module.future_decoder.blocks.1.temporal_attention.query_projection.bias	torch.Size([64])	cuda:0	True
2026-05-18 22:57:52,941 - INFO - module.future_decoder.blocks.1.temporal_attention.key_projection.weight	torch.Size([64, 64])	cuda:0	True
2026-05-18 22:57:52,941 - INFO - module.future_decoder.blocks.1.temporal_attention.key_projection.bias	torch.Size([64])	cuda:0	True
2026-05-18 22:57:52,941 - INFO - module.future_decoder.blocks.1.temporal_attention.value_projection.weight	torch.Size([64, 64])	cuda:0	True
2026-05-18 22:57:52,941 - INFO - module.future_decoder.blocks.1.temporal_attention.value_projection.bias	torch.Size([64])	cuda:0	True
2026-05-18 22:57:52,941 - INFO - module.future_decoder.blocks.1.temporal_attention.output_projection.weight	torch.Size([64, 64])	cuda:0	True
2026-05-18 22:57:52,941 - INFO - module.future_decoder.blocks.1.temporal_attention.output_projection.bias	torch.Size([64])	cuda:0	True
2026-05-18 22:57:52,941 - INFO - module.future_decoder.blocks.1.graph_convolution.projections.0.weight	torch.Size([64, 64])	cuda:0	True
2026-05-18 22:57:52,941 - INFO - module.future_decoder.blocks.1.graph_convolution.projections.0.bias	torch.Size([64])	cuda:0	True
2026-05-18 22:57:52,941 - INFO - module.future_decoder.blocks.1.graph_convolution.projections.1.weight	torch.Size([64, 64])	cuda:0	True
2026-05-18 22:57:52,941 - INFO - module.future_decoder.blocks.1.graph_convolution.projections.1.bias	torch.Size([64])	cuda:0	True
2026-05-18 22:57:52,941 - INFO - module.future_decoder.blocks.1.graph_convolution.projections.2.weight	torch.Size([64, 64])	cuda:0	True
2026-05-18 22:57:52,941 - INFO - module.future_decoder.blocks.1.graph_convolution.projections.2.bias	torch.Size([64])	cuda:0	True
2026-05-18 22:57:52,941 - INFO - module.future_decoder.blocks.1.cross_attention.query_projection.weight	torch.Size([64, 64])	cuda:0	True
2026-05-18 22:57:52,941 - INFO - module.future_decoder.blocks.1.cross_attention.query_projection.bias	torch.Size([64])	cuda:0	True
2026-05-18 22:57:52,941 - INFO - module.future_decoder.blocks.1.cross_attention.key_projection.weight	torch.Size([64, 64])	cuda:0	True
2026-05-18 22:57:52,941 - INFO - module.future_decoder.blocks.1.cross_attention.key_projection.bias	torch.Size([64])	cuda:0	True
2026-05-18 22:57:52,941 - INFO - module.future_decoder.blocks.1.cross_attention.value_projection.weight	torch.Size([64, 64])	cuda:0	True
2026-05-18 22:57:52,941 - INFO - module.future_decoder.blocks.1.cross_attention.value_projection.bias	torch.Size([64])	cuda:0	True
2026-05-18 22:57:52,941 - INFO - module.future_decoder.blocks.1.cross_attention.output_projection.weight	torch.Size([64, 64])	cuda:0	True
2026-05-18 22:57:52,941 - INFO - module.future_decoder.blocks.1.cross_attention.output_projection.bias	torch.Size([64])	cuda:0	True
2026-05-18 22:57:52,941 - INFO - module.future_decoder.blocks.1.spatiotemporal_attention.query_projection.weight	torch.Size([64, 64])	cuda:0	True
2026-05-18 22:57:52,941 - INFO - module.future_decoder.blocks.1.spatiotemporal_attention.query_projection.bias	torch.Size([64])	cuda:0	True
2026-05-18 22:57:52,941 - INFO - module.future_decoder.blocks.1.spatiotemporal_attention.key_projection.weight	torch.Size([64, 64])	cuda:0	True
2026-05-18 22:57:52,941 - INFO - module.future_decoder.blocks.1.spatiotemporal_attention.key_projection.bias	torch.Size([64])	cuda:0	True
2026-05-18 22:57:52,941 - INFO - module.future_decoder.blocks.1.spatiotemporal_attention.value_projection.weight	torch.Size([64, 64])	cuda:0	True
2026-05-18 22:57:52,941 - INFO - module.future_decoder.blocks.1.spatiotemporal_attention.value_projection.bias	torch.Size([64])	cuda:0	True
2026-05-18 22:57:52,941 - INFO - module.future_decoder.blocks.1.spatiotemporal_attention.output_projection.weight	torch.Size([64, 64])	cuda:0	True
2026-05-18 22:57:52,941 - INFO - module.future_decoder.blocks.1.spatiotemporal_attention.output_projection.bias	torch.Size([64])	cuda:0	True
2026-05-18 22:57:52,942 - INFO - module.future_decoder.blocks.1.feed_forward.network.0.weight	torch.Size([128, 64])	cuda:0	True
2026-05-18 22:57:52,942 - INFO - module.future_decoder.blocks.1.feed_forward.network.0.bias	torch.Size([128])	cuda:0	True
2026-05-18 22:57:52,942 - INFO - module.future_decoder.blocks.1.feed_forward.network.3.weight	torch.Size([64, 128])	cuda:0	True
2026-05-18 22:57:52,942 - INFO - module.future_decoder.blocks.1.feed_forward.network.3.bias	torch.Size([64])	cuda:0	True
2026-05-18 22:57:52,942 - INFO - module.future_decoder.blocks.1.norm_temporal.weight	torch.Size([64])	cuda:0	True
2026-05-18 22:57:52,942 - INFO - module.future_decoder.blocks.1.norm_temporal.bias	torch.Size([64])	cuda:0	True
2026-05-18 22:57:52,942 - INFO - module.future_decoder.blocks.1.norm_graph.weight	torch.Size([64])	cuda:0	True
2026-05-18 22:57:52,942 - INFO - module.future_decoder.blocks.1.norm_graph.bias	torch.Size([64])	cuda:0	True
2026-05-18 22:57:52,942 - INFO - module.future_decoder.blocks.1.norm_cross.weight	torch.Size([64])	cuda:0	True
2026-05-18 22:57:52,942 - INFO - module.future_decoder.blocks.1.norm_cross.bias	torch.Size([64])	cuda:0	True
2026-05-18 22:57:52,942 - INFO - module.future_decoder.blocks.1.norm_spatiotemporal.weight	torch.Size([64])	cuda:0	True
2026-05-18 22:57:52,942 - INFO - module.future_decoder.blocks.1.norm_spatiotemporal.bias	torch.Size([64])	cuda:0	True
2026-05-18 22:57:52,942 - INFO - module.future_decoder.blocks.1.norm_ffn.weight	torch.Size([64])	cuda:0	True
2026-05-18 22:57:52,942 - INFO - module.future_decoder.blocks.1.norm_ffn.bias	torch.Size([64])	cuda:0	True
2026-05-18 22:57:52,942 - INFO - module.future_decoder.final_norm.weight	torch.Size([64])	cuda:0	True
2026-05-18 22:57:52,942 - INFO - module.future_decoder.final_norm.bias	torch.Size([64])	cuda:0	True
2026-05-18 22:57:52,942 - INFO - module.future_decoder.output_projection.weight	torch.Size([3, 64])	cuda:0	True
2026-05-18 22:57:52,942 - INFO - module.future_decoder.output_projection.bias	torch.Size([3])	cuda:0	True
2026-05-18 22:57:52,942 - INFO - module.future_decoder.adaptive_graph_learner.node_embeddings	torch.Size([307, 32])	cuda:0	True
2026-05-18 22:57:52,942 - INFO - module.future_decoder.adaptive_graph_learner.blend_logit	torch.Size([])	cuda:0	True
2026-05-18 22:57:52,942 - INFO - module.future_decoder.adaptive_graph_learner.fuzzy_centers	torch.Size([3])	cuda:0	True
2026-05-18 22:57:52,942 - INFO - module.future_decoder.adaptive_graph_learner.fuzzy_log_sigmas	torch.Size([3])	cuda:0	True
2026-05-18 22:57:52,942 - INFO - module.future_decoder.adaptive_graph_learner.fuzzy_rule_logits	torch.Size([3])	cuda:0	True
2026-05-18 22:57:52,942 - INFO - module.future_decoder.adaptive_graph_learner.feature_projection.weight	torch.Size([32, 64])	cuda:0	True
2026-05-18 22:57:52,942 - INFO - module.future_decoder.adaptive_graph_learner.feature_projection.bias	torch.Size([32])	cuda:0	True
2026-05-18 22:57:52,942 - INFO - module.future_decoder.adaptive_graph_learner.time_projection.weight	torch.Size([32, 64])	cuda:0	True
2026-05-18 22:57:52,942 - INFO - module.future_decoder.adaptive_graph_learner.time_projection.bias	torch.Size([32])	cuda:0	True
2026-05-18 22:57:52,943 - INFO - Total parameter numbers: 502637
2026-05-18 22:57:52,943 - INFO - Enable AMP training (dtype=float16).
2026-05-18 22:57:52,943 - INFO - You select `adamw` optimizer.
2026-05-18 22:57:52,944 - INFO - You select `reducelronplateau` lr_scheduler.
2026-05-18 22:57:52,944 - WARNING - Received none train loss func and will use the loss func defined in the model.
2026-05-18 22:57:52,944 - INFO - Start training ...
2026-05-18 22:57:52,944 - INFO - num_batches:40
2026-05-18 22:58:06,037 - INFO - epoch complete!
2026-05-18 22:58:06,038 - INFO - evaluating now!
2026-05-18 22:58:06,179 - INFO - epoch complete!
2026-05-18 22:58:06,180 - INFO - evaluating now!
2026-05-18 22:58:07,562 - INFO - Epoch [0/5] train_loss: 0.4037, val_loss: 0.2066, lr: 0.000100, 14.63s
2026-05-18 22:58:07,603 - INFO - Saved model at 0
2026-05-18 22:58:07,603 - INFO - Val loss decrease from inf to 0.2066, saving to /home/lizhuoxuan/lzq/Bigscity-LibCity-master/outputs/20260518_225740__traffic_state_pred__new_fuzzy__PEMSD4/model_cache/new_fuzzy_PEMSD4_epoch0.tar
2026-05-18 22:58:07,710 - INFO - Epoch [0/5] train_loss: 0.4048, val_loss: 0.2064, lr: 0.000100, 14.77s
2026-05-18 22:58:07,809 - INFO - Saved model at 0
2026-05-18 22:58:07,809 - INFO - Val loss decrease from inf to 0.2064, saving to /home/lizhuoxuan/lzq/Bigscity-LibCity-master/outputs/20260518_225740__traffic_state_pred__new_fuzzy__PEMSD4/model_cache/new_fuzzy_PEMSD4_epoch0.tar
2026-05-18 22:58:20,201 - INFO - epoch complete!
2026-05-18 22:58:20,202 - INFO - evaluating now!
2026-05-18 22:58:20,441 - INFO - epoch complete!
2026-05-18 22:58:20,441 - INFO - evaluating now!
2026-05-18 22:58:21,732 - INFO - Epoch [1/5] train_loss: 0.2324, val_loss: 0.1523, lr: 0.000100, 14.13s
2026-05-18 22:58:21,769 - INFO - Saved model at 1
2026-05-18 22:58:21,769 - INFO - Val loss decrease from 0.2066 to 0.1523, saving to /home/lizhuoxuan/lzq/Bigscity-LibCity-master/outputs/20260518_225740__traffic_state_pred__new_fuzzy__PEMSD4/model_cache/new_fuzzy_PEMSD4_epoch1.tar
2026-05-18 22:58:21,980 - INFO - Epoch [1/5] train_loss: 0.2335, val_loss: 0.1514, lr: 0.000100, 14.17s
2026-05-18 22:58:22,019 - INFO - Saved model at 1
2026-05-18 22:58:22,019 - INFO - Val loss decrease from 0.2064 to 0.1514, saving to /home/lizhuoxuan/lzq/Bigscity-LibCity-master/outputs/20260518_225740__traffic_state_pred__new_fuzzy__PEMSD4/model_cache/new_fuzzy_PEMSD4_epoch1.tar
2026-05-18 22:58:34,354 - INFO - epoch complete!
2026-05-18 22:58:34,354 - INFO - evaluating now!
2026-05-18 22:58:34,642 - INFO - epoch complete!
2026-05-18 22:58:34,643 - INFO - evaluating now!
2026-05-18 22:58:35,884 - INFO - Epoch [2/5] train_loss: 0.1967, val_loss: 0.1336, lr: 0.000100, 14.11s
2026-05-18 22:58:35,931 - INFO - Saved model at 2
2026-05-18 22:58:35,931 - INFO - Val loss decrease from 0.1523 to 0.1336, saving to /home/lizhuoxuan/lzq/Bigscity-LibCity-master/outputs/20260518_225740__traffic_state_pred__new_fuzzy__PEMSD4/model_cache/new_fuzzy_PEMSD4_epoch2.tar
2026-05-18 22:58:36,175 - INFO - Epoch [2/5] train_loss: 0.1976, val_loss: 0.1359, lr: 0.000100, 14.16s
2026-05-18 22:58:36,419 - INFO - Saved model at 2
2026-05-18 22:58:36,419 - INFO - Val loss decrease from 0.1514 to 0.1359, saving to /home/lizhuoxuan/lzq/Bigscity-LibCity-master/outputs/20260518_225740__traffic_state_pred__new_fuzzy__PEMSD4/model_cache/new_fuzzy_PEMSD4_epoch2.tar
2026-05-18 22:58:48,517 - INFO - epoch complete!
2026-05-18 22:58:48,518 - INFO - evaluating now!
2026-05-18 22:58:49,065 - INFO - epoch complete!
2026-05-18 22:58:49,065 - INFO - evaluating now!
2026-05-18 22:58:50,042 - INFO - Epoch [3/5] train_loss: 0.1769, val_loss: 0.1277, lr: 0.000100, 14.11s
2026-05-18 22:58:50,078 - INFO - Saved model at 3
2026-05-18 22:58:50,079 - INFO - Val loss decrease from 0.1336 to 0.1277, saving to /home/lizhuoxuan/lzq/Bigscity-LibCity-master/outputs/20260518_225740__traffic_state_pred__new_fuzzy__PEMSD4/model_cache/new_fuzzy_PEMSD4_epoch3.tar
2026-05-18 22:58:50,601 - INFO - Epoch [3/5] train_loss: 0.1778, val_loss: 0.1296, lr: 0.000100, 14.18s
2026-05-18 22:58:50,650 - INFO - Saved model at 3
2026-05-18 22:58:50,650 - INFO - Val loss decrease from 0.1359 to 0.1296, saving to /home/lizhuoxuan/lzq/Bigscity-LibCity-master/outputs/20260518_225740__traffic_state_pred__new_fuzzy__PEMSD4/model_cache/new_fuzzy_PEMSD4_epoch3.tar
2026-05-18 22:59:02,658 - INFO - epoch complete!
2026-05-18 22:59:02,659 - INFO - evaluating now!
2026-05-18 22:59:03,390 - INFO - epoch complete!
2026-05-18 22:59:03,390 - INFO - evaluating now!
2026-05-18 22:59:04,189 - INFO - Epoch [4/5] train_loss: 0.1651, val_loss: 0.1247, lr: 0.000100, 14.11s
2026-05-18 22:59:04,227 - INFO - Saved model at 4
2026-05-18 22:59:04,227 - INFO - Val loss decrease from 0.1277 to 0.1247, saving to /home/lizhuoxuan/lzq/Bigscity-LibCity-master/outputs/20260518_225740__traffic_state_pred__new_fuzzy__PEMSD4/model_cache/new_fuzzy_PEMSD4_epoch4.tar
2026-05-18 22:59:04,227 - INFO - Trained totally 5 epochs, average train time is 12.690s, average eval time is 1.527s
2026-05-18 22:59:04,320 - INFO - Loaded model at 4
2026-05-18 22:59:04,321 - INFO - Start evaluating ...
2026-05-18 22:59:04,927 - INFO - Epoch [4/5] train_loss: 0.1647, val_loss: 0.1233, lr: 0.000100, 14.28s
2026-05-18 22:59:04,966 - INFO - Saved model at 4
2026-05-18 22:59:04,966 - INFO - Val loss decrease from 0.1296 to 0.1233, saving to /home/lizhuoxuan/lzq/Bigscity-LibCity-master/outputs/20260518_225740__traffic_state_pred__new_fuzzy__PEMSD4/model_cache/new_fuzzy_PEMSD4_epoch4.tar
2026-05-18 22:59:04,966 - INFO - Trained totally 5 epochs, average train time is 12.775s, average eval time is 1.535s
2026-05-18 22:59:05,060 - INFO - Loaded model at 4
2026-05-18 22:59:05,061 - INFO - Saved model at /home/lizhuoxuan/lzq/Bigscity-LibCity-master/outputs/20260518_225740__traffic_state_pred__new_fuzzy__PEMSD4/model_cache/new_fuzzy_PEMSD4.m
2026-05-18 22:59:05,100 - INFO - Start evaluating ...
2026-05-18 22:59:58,860 - INFO - Note that you select the single mode to evaluate!
2026-05-18 22:59:58,866 - INFO - Evaluate result is saved at /home/lizhuoxuan/lzq/Bigscity-LibCity-master/outputs/20260518_225740__traffic_state_pred__new_fuzzy__PEMSD4/evaluate_cache/2026_05_18_22_59_58_new_fuzzy_PEMSD4.csv
2026-05-18 22:59:58,878 - INFO - 
          MAE       MAPE          MSE  ...  masked_RMSE        R2      EVAR
1   12.091578  36.770096   705.640137  ...    26.423004  0.957630  0.957826
2   12.622719  35.642776   779.943970  ...    27.797588  0.953169  0.953390
3   13.253330  37.979202   859.488953  ...    29.199434  0.948393  0.948655
4   13.843019  38.249325   946.359192  ...    30.658632  0.943178  0.943451
5   14.468381  38.577141  1037.582642  ...    32.120079  0.937701  0.938014
6   15.096721  38.136059  1140.033081  ...    33.685646  0.931550  0.931907
7   15.751500  37.965691  1242.527344  ...    35.176933  0.925397  0.925738
8   16.414873  38.765659  1355.202148  ...    36.752594  0.918632  0.919023
9   17.075861  39.260689  1471.680420  ...    38.309334  0.911639  0.912068
10  17.740990  39.078026  1593.177979  ...    39.872883  0.904345  0.904811
11  18.403030  38.460796  1719.920044  ...    41.438580  0.896735  0.897215
12  19.084715  39.732258  1848.893555  ...    42.973679  0.888993  0.889504

[12 rows x 10 columns]
