2026-05-25 19:00:15,764 - INFO - Log directory: /home/lizhuoxuan/lzq/Bigscity-LibCity-master/outputs/20260525_190015__traffic_state_pred__STGCN__PEMSD4/logs
2026-05-25 19:00:15,764 - INFO - Begin artifact training pipeline, task=traffic_state_pred, model_name=STGCN, dataset_name=PEMSD4, exp_id=20260525_190015__traffic_state_pred__STGCN__PEMSD4
2026-05-25 19:00:15,764 - INFO - {'task': 'traffic_state_pred', 'model': 'STGCN', 'dataset': 'PEMSD4', 'saved_model': True, 'train': True, 'seed': 42, 'train_rate': 0.6, 'eval_rate': 0.2, 'batch_size': 64, 'learning_rate': 0.002, 'max_epoch': 50, 'dataset_class': 'TrafficStatePointDataset', 'executor': 'TrafficStateExecutor', 'evaluator': 'TrafficStateEvaluator', 'Ks': 3, 'Kt': 3, 'bidir_adj_mx': True, 'blocks': [[1, 32, 64], [64, 32, 128]], 'calculate_weight_adj': False, 'data_col': ['traffic_flow', 'traffic_occupancy', 'traffic_speed'], 'data_files': ['PEMSD4'], 'device': device(type='cuda', index=0), 'disturb_rate': 0.5, 'dropout': 0, 'dyna': {'including_types': ['state'], 'state': {'entity_id': 'geo_id', 'traffic_flow': 'num', 'traffic_occupancy': 'num', 'traffic_speed': 'num'}}, 'evaluator_mode': 'single', 'geo': {'including_types': ['Point'], 'Point': {}}, 'geo_file': 'PEMSD4', 'graph_conv_type': 'chebconv', 'init_weight_inf_or_zero': 'zero', 'is_distributed': True, 'metrics': ['MAE', 'MAPE', 'MSE', 'RMSE', 'masked_MAE', 'masked_MAPE', 'masked_MSE', 'masked_RMSE', 'R2', 'EVAR'], 'noise_SD': [10], 'noise_mean': [5], 'noise_type': 'gaussian', 'num_workers': 0, 'output_dim': 3, 'pad_with_last_sample': True, 'rank': 0, 'rel': {'including_types': ['geo'], 'geo': {'cost': 'num'}}, 'rel_file': 'PEMSD4', 'robustness_test': False, 'save_mode': ['csv'], 'set_weight_link_or_dist': 'link', 'stgcn_train_mode': 'quick', 'time_intervals': 300, 'weight_adj_epsilon': 0.1, 'weight_col': 'cost', 'world_size': 2, 'clip_grad_norm': False, 'epoch': 0, 'gpu': True, 'gpu_id': 0, 'hyper_tune': False, 'learner': 'rmsprop', 'load_best_epoch': True, 'log_every': 1, 'log_level': 'INFO', 'lr_T_max': 30, 'lr_alpha': 0.99, 'lr_beta1': 0.9, 'lr_beta2': 0.999, 'lr_decay': True, 'lr_decay_ratio': 0.7, 'lr_epsilon': 1e-08, 'lr_eta_min': 0, 'lr_momentum': 0, 'lr_patience': 10, 'lr_scheduler': 'steplr', 'lr_threshold': 0.0001, 'max_grad_norm': 1, 'patience': 50, 'step_size': 5, 'steps': [5, 20, 40, 70], 'train_loss': 'none', 'use_early_stop': False, 'weight_decay': 0, 'data_version_id': 'dv_1779421267_5ba65ae6', 'scaler': 'standard', 'load_external': False, 'normal_external': False, 'ext_scaler': 'none', 'add_time_in_day': False, 'add_day_in_week': False, 'cache_dataset': True, 'input_window': 12, 'output_window': 12, 'local_rank': 0, 'dist_backend': 'nccl', 'exp_id': '20260525_190015__traffic_state_pred__STGCN__PEMSD4'}
2026-05-25 19:00:15,844 - INFO - Log directory: /home/lizhuoxuan/lzq/Bigscity-LibCity-master/outputs/20260525_190015__traffic_state_pred__STGCN__PEMSD4/logs
2026-05-25 19:00:29,622 - INFO - You select quick mode to train STGCN model.
2026-05-25 19:00:29,625 - INFO - You select quick mode to train STGCN model.
2026-05-25 19:00:29,798 - INFO - Chebyshev_polynomial_Lk shape: (3, 307, 307)
2026-05-25 19:00:29,803 - INFO - Chebyshev_polynomial_Lk shape: (3, 307, 307)
2026-05-25 19:00:31,390 - INFO - Enable AMP training (dtype=float16).
2026-05-25 19:00:31,390 - INFO - You select `rmsprop` optimizer.
2026-05-25 19:00:31,391 - INFO - You select `steplr` lr_scheduler.
2026-05-25 19:00:31,391 - WARNING - Received none train loss func and will use the loss func defined in the model.
2026-05-25 19:00:31,391 - INFO - Start training ...
2026-05-25 19:00:31,391 - INFO - num_batches:80
2026-05-25 19:00:31,396 - INFO - DistributedDataParallel(
  (module): STGCN(
    (st_conv1): STConvBlock(
      (tconv1): TemporalConvLayer(
        (align): Align()
        (conv): Conv2d(3, 64, kernel_size=(3, 1), stride=(1, 1))
      )
      (sconv): SpatioConvLayer(
        (align): Align()
      )
      (tconv2): TemporalConvLayer(
        (align): Align()
        (conv): Conv2d(32, 64, kernel_size=(3, 1), stride=(1, 1))
      )
      (ln): LayerNorm((307, 64), eps=1e-05, elementwise_affine=True)
      (dropout): Dropout(p=0, inplace=False)
    )
    (st_conv2): STConvBlock(
      (tconv1): TemporalConvLayer(
        (align): Align(
          (conv1x1): Conv2d(64, 32, kernel_size=(1, 1), stride=(1, 1))
        )
        (conv): Conv2d(64, 64, kernel_size=(3, 1), stride=(1, 1))
      )
      (sconv): SpatioConvLayer(
        (align): Align()
      )
      (tconv2): TemporalConvLayer(
        (align): Align()
        (conv): Conv2d(32, 128, kernel_size=(3, 1), stride=(1, 1))
      )
      (ln): LayerNorm((307, 128), eps=1e-05, elementwise_affine=True)
      (dropout): Dropout(p=0, inplace=False)
    )
    (output): OutputLayer(
      (tconv1): TemporalConvLayer(
        (align): Align()
        (conv): Conv2d(128, 256, kernel_size=(4, 1), stride=(1, 1))
      )
      (ln): LayerNorm((307, 128), eps=1e-05, elementwise_affine=True)
      (tconv2): TemporalConvLayer(
        (align): Align()
        (conv): Conv2d(128, 128, kernel_size=(1, 1), stride=(1, 1))
      )
      (fc): FullyConvLayer(
        (conv): Conv2d(128, 3, kernel_size=(1, 1), stride=(1, 1))
      )
    )
  )
)
2026-05-25 19:00:31,400 - INFO - module.st_conv1.tconv1.conv.weight	torch.Size([64, 3, 3, 1])	cuda:0	True
2026-05-25 19:00:31,401 - INFO - module.st_conv1.tconv1.conv.bias	torch.Size([64])	cuda:0	True
2026-05-25 19:00:31,401 - INFO - module.st_conv1.sconv.theta	torch.Size([32, 32, 3])	cuda:0	True
2026-05-25 19:00:31,401 - INFO - module.st_conv1.sconv.b	torch.Size([1, 32, 1, 1])	cuda:0	True
2026-05-25 19:00:31,401 - INFO - module.st_conv1.tconv2.conv.weight	torch.Size([64, 32, 3, 1])	cuda:0	True
2026-05-25 19:00:31,401 - INFO - module.st_conv1.tconv2.conv.bias	torch.Size([64])	cuda:0	True
2026-05-25 19:00:31,401 - INFO - module.st_conv1.ln.weight	torch.Size([307, 64])	cuda:0	True
2026-05-25 19:00:31,401 - INFO - module.st_conv1.ln.bias	torch.Size([307, 64])	cuda:0	True
2026-05-25 19:00:31,401 - INFO - module.st_conv2.tconv1.align.conv1x1.weight	torch.Size([32, 64, 1, 1])	cuda:0	True
2026-05-25 19:00:31,401 - INFO - module.st_conv2.tconv1.align.conv1x1.bias	torch.Size([32])	cuda:0	True
2026-05-25 19:00:31,401 - INFO - module.st_conv2.tconv1.conv.weight	torch.Size([64, 64, 3, 1])	cuda:0	True
2026-05-25 19:00:31,401 - INFO - module.st_conv2.tconv1.conv.bias	torch.Size([64])	cuda:0	True
2026-05-25 19:00:31,401 - INFO - module.st_conv2.sconv.theta	torch.Size([32, 32, 3])	cuda:0	True
2026-05-25 19:00:31,401 - INFO - module.st_conv2.sconv.b	torch.Size([1, 32, 1, 1])	cuda:0	True
2026-05-25 19:00:31,401 - INFO - module.st_conv2.tconv2.conv.weight	torch.Size([128, 32, 3, 1])	cuda:0	True
2026-05-25 19:00:31,401 - INFO - module.st_conv2.tconv2.conv.bias	torch.Size([128])	cuda:0	True
2026-05-25 19:00:31,401 - INFO - module.st_conv2.ln.weight	torch.Size([307, 128])	cuda:0	True
2026-05-25 19:00:31,401 - INFO - module.st_conv2.ln.bias	torch.Size([307, 128])	cuda:0	True
2026-05-25 19:00:31,401 - INFO - module.output.tconv1.conv.weight	torch.Size([256, 128, 4, 1])	cuda:0	True
2026-05-25 19:00:31,401 - INFO - module.output.tconv1.conv.bias	torch.Size([256])	cuda:0	True
2026-05-25 19:00:31,401 - INFO - module.output.ln.weight	torch.Size([307, 128])	cuda:0	True
2026-05-25 19:00:31,402 - INFO - module.output.ln.bias	torch.Size([307, 128])	cuda:0	True
2026-05-25 19:00:31,402 - INFO - module.output.tconv2.conv.weight	torch.Size([128, 128, 1, 1])	cuda:0	True
2026-05-25 19:00:31,402 - INFO - module.output.tconv2.conv.bias	torch.Size([128])	cuda:0	True
2026-05-25 19:00:31,402 - INFO - module.output.fc.conv.weight	torch.Size([3, 128, 1, 1])	cuda:0	True
2026-05-25 19:00:31,402 - INFO - module.output.fc.conv.bias	torch.Size([3])	cuda:0	True
2026-05-25 19:00:31,402 - INFO - Total parameter numbers: 384611
2026-05-25 19:00:31,402 - INFO - Enable AMP training (dtype=float16).
2026-05-25 19:00:31,402 - INFO - You select `rmsprop` optimizer.
2026-05-25 19:00:31,402 - INFO - You select `steplr` lr_scheduler.
2026-05-25 19:00:31,403 - WARNING - Received none train loss func and will use the loss func defined in the model.
2026-05-25 19:00:31,403 - INFO - Start training ...
2026-05-25 19:00:31,403 - INFO - num_batches:80
2026-05-25 19:00:33,855 - INFO - epoch complete!
2026-05-25 19:00:33,855 - INFO - evaluating now!
2026-05-25 19:00:33,901 - INFO - epoch complete!
2026-05-25 19:00:33,902 - INFO - evaluating now!
2026-05-25 19:00:34,874 - INFO - Epoch [0/50] train_loss: 6151.5828, val_loss: 1079.7983, lr: 0.002000, 3.48s
2026-05-25 19:00:34,890 - INFO - Saved model at 0
2026-05-25 19:00:34,890 - INFO - Val loss decrease from inf to 1079.7983, saving to /home/lizhuoxuan/lzq/Bigscity-LibCity-master/outputs/20260525_190015__traffic_state_pred__STGCN__PEMSD4/model_cache/STGCN_PEMSD4_epoch0.tar
2026-05-25 19:00:34,963 - INFO - Epoch [0/50] train_loss: 6178.8403, val_loss: 1200.8104, lr: 0.002000, 3.56s
2026-05-25 19:00:35,241 - INFO - Saved model at 0
2026-05-25 19:00:35,242 - INFO - Val loss decrease from inf to 1200.8104, saving to /home/lizhuoxuan/lzq/Bigscity-LibCity-master/outputs/20260525_190015__traffic_state_pred__STGCN__PEMSD4/model_cache/STGCN_PEMSD4_epoch0.tar
2026-05-25 19:00:36,085 - INFO - epoch complete!
2026-05-25 19:00:36,085 - INFO - evaluating now!
2026-05-25 19:00:36,473 - INFO - epoch complete!
2026-05-25 19:00:36,473 - INFO - evaluating now!
2026-05-25 19:00:36,873 - INFO - Epoch [1/50] train_loss: 609.0098, val_loss: 1384.7056, lr: 0.002000, 1.98s
2026-05-25 19:00:37,259 - INFO - Epoch [1/50] train_loss: 605.1460, val_loss: 1214.5175, lr: 0.002000, 2.02s
2026-05-25 19:00:37,918 - INFO - epoch complete!
2026-05-25 19:00:37,918 - INFO - evaluating now!
2026-05-25 19:00:38,426 - INFO - epoch complete!
2026-05-25 19:00:38,426 - INFO - evaluating now!
2026-05-25 19:00:38,696 - INFO - Epoch [2/50] train_loss: 515.7551, val_loss: 1397.2131, lr: 0.002000, 1.82s
2026-05-25 19:00:39,373 - INFO - Epoch [2/50] train_loss: 529.8709, val_loss: 1013.8247, lr: 0.002000, 2.11s
2026-05-25 19:00:39,405 - INFO - Saved model at 2
2026-05-25 19:00:39,407 - INFO - Val loss decrease from 1200.8104 to 1013.8247, saving to /home/lizhuoxuan/lzq/Bigscity-LibCity-master/outputs/20260525_190015__traffic_state_pred__STGCN__PEMSD4/model_cache/STGCN_PEMSD4_epoch2.tar
2026-05-25 19:00:39,722 - INFO - epoch complete!
2026-05-25 19:00:39,722 - INFO - evaluating now!
2026-05-25 19:00:40,530 - INFO - Epoch [3/50] train_loss: 484.5492, val_loss: 2196.9281, lr: 0.002000, 1.83s
2026-05-25 19:00:40,533 - INFO - epoch complete!
2026-05-25 19:00:40,533 - INFO - evaluating now!
2026-05-25 19:00:41,311 - INFO - Epoch [3/50] train_loss: 497.0321, val_loss: 1219.5444, lr: 0.002000, 1.90s
2026-05-25 19:00:41,566 - INFO - epoch complete!
2026-05-25 19:00:41,566 - INFO - evaluating now!
2026-05-25 19:00:42,341 - INFO - Epoch [4/50] train_loss: 457.1544, val_loss: 1559.3725, lr: 0.001400, 1.81s
2026-05-25 19:00:42,418 - INFO - epoch complete!
2026-05-25 19:00:42,418 - INFO - evaluating now!
2026-05-25 19:00:43,197 - INFO - Epoch [4/50] train_loss: 463.7670, val_loss: 2516.9610, lr: 0.001400, 1.89s
2026-05-25 19:00:43,327 - INFO - epoch complete!
2026-05-25 19:00:43,328 - INFO - evaluating now!
2026-05-25 19:00:44,114 - INFO - Epoch [5/50] train_loss: 349.2565, val_loss: 4361.6366, lr: 0.001400, 1.77s
2026-05-25 19:00:44,237 - INFO - epoch complete!
2026-05-25 19:00:44,237 - INFO - evaluating now!
2026-05-25 19:00:45,012 - INFO - Epoch [5/50] train_loss: 344.0045, val_loss: 835.1264, lr: 0.001400, 1.81s
2026-05-25 19:00:45,027 - INFO - Saved model at 5
2026-05-25 19:00:45,027 - INFO - Val loss decrease from 1013.8247 to 835.1264, saving to /home/lizhuoxuan/lzq/Bigscity-LibCity-master/outputs/20260525_190015__traffic_state_pred__STGCN__PEMSD4/model_cache/STGCN_PEMSD4_epoch5.tar
2026-05-25 19:00:45,182 - INFO - epoch complete!
2026-05-25 19:00:45,183 - INFO - evaluating now!
2026-05-25 19:00:46,071 - INFO - Epoch [6/50] train_loss: 383.5801, val_loss: 1138.3306, lr: 0.001400, 1.96s
2026-05-25 19:00:46,122 - INFO - epoch complete!
2026-05-25 19:00:46,122 - INFO - evaluating now!
2026-05-25 19:00:46,921 - INFO - Epoch [6/50] train_loss: 384.9345, val_loss: 1705.0337, lr: 0.001400, 1.89s
2026-05-25 19:00:47,185 - INFO - epoch complete!
2026-05-25 19:00:47,185 - INFO - evaluating now!
2026-05-25 19:00:48,025 - INFO - epoch complete!
2026-05-25 19:00:48,025 - INFO - evaluating now!
2026-05-25 19:00:48,059 - INFO - Epoch [7/50] train_loss: 368.5243, val_loss: 1143.8582, lr: 0.001400, 1.99s
2026-05-25 19:00:48,818 - INFO - Epoch [7/50] train_loss: 374.0927, val_loss: 1274.9568, lr: 0.001400, 1.90s
2026-05-25 19:00:49,249 - INFO - epoch complete!
2026-05-25 19:00:49,249 - INFO - evaluating now!
2026-05-25 19:00:50,115 - INFO - epoch complete!
2026-05-25 19:00:50,115 - INFO - evaluating now!
2026-05-25 19:00:50,298 - INFO - Epoch [8/50] train_loss: 371.4331, val_loss: 2085.7293, lr: 0.001400, 2.24s
2026-05-25 19:00:50,912 - INFO - Epoch [8/50] train_loss: 379.5060, val_loss: 814.8289, lr: 0.001400, 2.09s
2026-05-25 19:00:50,926 - INFO - Saved model at 8
2026-05-25 19:00:50,927 - INFO - Val loss decrease from 835.1264 to 814.8289, saving to /home/lizhuoxuan/lzq/Bigscity-LibCity-master/outputs/20260525_190015__traffic_state_pred__STGCN__PEMSD4/model_cache/STGCN_PEMSD4_epoch8.tar
2026-05-25 19:00:51,357 - INFO - epoch complete!
2026-05-25 19:00:51,357 - INFO - evaluating now!
2026-05-25 19:00:51,929 - INFO - epoch complete!
2026-05-25 19:00:51,929 - INFO - evaluating now!
2026-05-25 19:00:52,152 - INFO - Epoch [9/50] train_loss: 350.2408, val_loss: 1495.6621, lr: 0.000980, 1.85s
2026-05-25 19:00:52,735 - INFO - Epoch [9/50] train_loss: 362.4743, val_loss: 1272.3002, lr: 0.000980, 1.81s
2026-05-25 19:00:53,279 - INFO - epoch complete!
2026-05-25 19:00:53,280 - INFO - evaluating now!
2026-05-25 19:00:53,941 - INFO - epoch complete!
2026-05-25 19:00:53,941 - INFO - evaluating now!
2026-05-25 19:00:54,063 - INFO - Epoch [10/50] train_loss: 292.8371, val_loss: 581.9861, lr: 0.000980, 1.91s
2026-05-25 19:00:54,078 - INFO - Saved model at 10
2026-05-25 19:00:54,078 - INFO - Val loss decrease from 1079.7983 to 581.9861, saving to /home/lizhuoxuan/lzq/Bigscity-LibCity-master/outputs/20260525_190015__traffic_state_pred__STGCN__PEMSD4/model_cache/STGCN_PEMSD4_epoch10.tar
2026-05-25 19:00:54,852 - INFO - Epoch [10/50] train_loss: 299.7192, val_loss: 757.3114, lr: 0.000980, 2.12s
2026-05-25 19:00:54,872 - INFO - Saved model at 10
2026-05-25 19:00:54,872 - INFO - Val loss decrease from 814.8289 to 757.3114, saving to /home/lizhuoxuan/lzq/Bigscity-LibCity-master/outputs/20260525_190015__traffic_state_pred__STGCN__PEMSD4/model_cache/STGCN_PEMSD4_epoch10.tar
2026-05-25 19:00:55,378 - INFO - epoch complete!
2026-05-25 19:00:55,379 - INFO - evaluating now!
2026-05-25 19:00:55,991 - INFO - epoch complete!
2026-05-25 19:00:55,991 - INFO - evaluating now!
2026-05-25 19:00:56,179 - INFO - Epoch [11/50] train_loss: 314.0870, val_loss: 846.2920, lr: 0.000980, 2.10s
2026-05-25 19:00:56,775 - INFO - Epoch [11/50] train_loss: 318.3130, val_loss: 2120.7227, lr: 0.000980, 1.90s
2026-05-25 19:00:57,323 - INFO - epoch complete!
2026-05-25 19:00:57,323 - INFO - evaluating now!
2026-05-25 19:00:57,762 - INFO - epoch complete!
2026-05-25 19:00:57,763 - INFO - evaluating now!
2026-05-25 19:00:58,111 - INFO - Epoch [12/50] train_loss: 312.6598, val_loss: 594.8389, lr: 0.000980, 1.93s
2026-05-25 19:00:58,545 - INFO - Epoch [12/50] train_loss: 318.6476, val_loss: 698.2520, lr: 0.000980, 1.77s
2026-05-25 19:00:58,559 - INFO - Saved model at 12
2026-05-25 19:00:58,559 - INFO - Val loss decrease from 757.3114 to 698.2520, saving to /home/lizhuoxuan/lzq/Bigscity-LibCity-master/outputs/20260525_190015__traffic_state_pred__STGCN__PEMSD4/model_cache/STGCN_PEMSD4_epoch12.tar
2026-05-25 19:00:59,147 - INFO - epoch complete!
2026-05-25 19:00:59,147 - INFO - evaluating now!
2026-05-25 19:00:59,745 - INFO - epoch complete!
2026-05-25 19:00:59,745 - INFO - evaluating now!
2026-05-25 19:00:59,947 - INFO - Epoch [13/50] train_loss: 309.8533, val_loss: 887.1245, lr: 0.000980, 1.84s
2026-05-25 19:01:00,526 - INFO - Epoch [13/50] train_loss: 315.4423, val_loss: 1096.2850, lr: 0.000980, 1.97s
2026-05-25 19:01:01,223 - INFO - epoch complete!
2026-05-25 19:01:01,223 - INFO - evaluating now!
2026-05-25 19:01:01,782 - INFO - epoch complete!
2026-05-25 19:01:01,782 - INFO - evaluating now!
2026-05-25 19:01:02,013 - INFO - Epoch [14/50] train_loss: 308.6445, val_loss: 3973.1171, lr: 0.000686, 2.07s
2026-05-25 19:01:02,566 - INFO - Epoch [14/50] train_loss: 309.0505, val_loss: 694.5850, lr: 0.000686, 2.02s
2026-05-25 19:01:02,580 - INFO - Saved model at 14
2026-05-25 19:01:02,580 - INFO - Val loss decrease from 698.2520 to 694.5850, saving to /home/lizhuoxuan/lzq/Bigscity-LibCity-master/outputs/20260525_190015__traffic_state_pred__STGCN__PEMSD4/model_cache/STGCN_PEMSD4_epoch14.tar
2026-05-25 19:01:03,201 - INFO - epoch complete!
2026-05-25 19:01:03,201 - INFO - evaluating now!
2026-05-25 19:01:03,672 - INFO - epoch complete!
2026-05-25 19:01:03,673 - INFO - evaluating now!
2026-05-25 19:01:04,009 - INFO - Epoch [15/50] train_loss: 272.0308, val_loss: 504.9904, lr: 0.000686, 2.00s
2026-05-25 19:01:04,025 - INFO - Saved model at 15
2026-05-25 19:01:04,025 - INFO - Val loss decrease from 581.9861 to 504.9904, saving to /home/lizhuoxuan/lzq/Bigscity-LibCity-master/outputs/20260525_190015__traffic_state_pred__STGCN__PEMSD4/model_cache/STGCN_PEMSD4_epoch15.tar
2026-05-25 19:01:04,699 - INFO - Epoch [15/50] train_loss: 274.3070, val_loss: 553.3115, lr: 0.000686, 2.12s
2026-05-25 19:01:04,899 - INFO - Saved model at 15
2026-05-25 19:01:04,899 - INFO - Val loss decrease from 694.5850 to 553.3115, saving to /home/lizhuoxuan/lzq/Bigscity-LibCity-master/outputs/20260525_190015__traffic_state_pred__STGCN__PEMSD4/model_cache/STGCN_PEMSD4_epoch15.tar
2026-05-25 19:01:05,327 - INFO - epoch complete!
2026-05-25 19:01:05,327 - INFO - evaluating now!
2026-05-25 19:01:06,073 - INFO - epoch complete!
2026-05-25 19:01:06,073 - INFO - evaluating now!
2026-05-25 19:01:06,111 - INFO - Epoch [16/50] train_loss: 278.1532, val_loss: 775.1641, lr: 0.000686, 2.09s
2026-05-25 19:01:06,858 - INFO - Epoch [16/50] train_loss: 285.7114, val_loss: 742.0747, lr: 0.000686, 1.96s
2026-05-25 19:01:07,197 - INFO - epoch complete!
2026-05-25 19:01:07,197 - INFO - evaluating now!
2026-05-25 19:01:07,954 - INFO - epoch complete!
2026-05-25 19:01:07,954 - INFO - evaluating now!
2026-05-25 19:01:08,041 - INFO - Epoch [17/50] train_loss: 280.1923, val_loss: 680.2649, lr: 0.000686, 1.93s
2026-05-25 19:01:08,754 - INFO - Epoch [17/50] train_loss: 282.9991, val_loss: 1093.0868, lr: 0.000686, 1.90s
2026-05-25 19:01:09,099 - INFO - epoch complete!
2026-05-25 19:01:09,099 - INFO - evaluating now!
2026-05-25 19:01:09,796 - INFO - epoch complete!
2026-05-25 19:01:09,796 - INFO - evaluating now!
2026-05-25 19:01:09,881 - INFO - Epoch [18/50] train_loss: 273.9312, val_loss: 1767.0541, lr: 0.000686, 1.84s
2026-05-25 19:01:10,586 - INFO - Epoch [18/50] train_loss: 283.8690, val_loss: 513.6873, lr: 0.000686, 1.83s
2026-05-25 19:01:10,607 - INFO - Saved model at 18
2026-05-25 19:01:10,607 - INFO - Val loss decrease from 553.3115 to 513.6873, saving to /home/lizhuoxuan/lzq/Bigscity-LibCity-master/outputs/20260525_190015__traffic_state_pred__STGCN__PEMSD4/model_cache/STGCN_PEMSD4_epoch18.tar
2026-05-25 19:01:10,948 - INFO - epoch complete!
2026-05-25 19:01:10,949 - INFO - evaluating now!
2026-05-25 19:01:11,719 - INFO - epoch complete!
2026-05-25 19:01:11,720 - INFO - evaluating now!
2026-05-25 19:01:11,745 - INFO - Epoch [19/50] train_loss: 276.8250, val_loss: 555.3788, lr: 0.000480, 1.86s
2026-05-25 19:01:12,503 - INFO - Epoch [19/50] train_loss: 279.5598, val_loss: 518.7785, lr: 0.000480, 1.90s
2026-05-25 19:01:12,774 - INFO - epoch complete!
2026-05-25 19:01:12,774 - INFO - evaluating now!
2026-05-25 19:01:13,469 - INFO - epoch complete!
2026-05-25 19:01:13,469 - INFO - evaluating now!
2026-05-25 19:01:13,564 - INFO - Epoch [20/50] train_loss: 256.0848, val_loss: 866.9306, lr: 0.000480, 1.82s
2026-05-25 19:01:14,253 - INFO - Epoch [20/50] train_loss: 264.1250, val_loss: 522.1415, lr: 0.000480, 1.75s
2026-05-25 19:01:14,657 - INFO - epoch complete!
2026-05-25 19:01:14,657 - INFO - evaluating now!
2026-05-25 19:01:15,355 - INFO - epoch complete!
2026-05-25 19:01:15,355 - INFO - evaluating now!
2026-05-25 19:01:15,438 - INFO - Epoch [21/50] train_loss: 260.8638, val_loss: 665.2513, lr: 0.000480, 1.87s
2026-05-25 19:01:16,145 - INFO - Epoch [21/50] train_loss: 269.5532, val_loss: 531.3179, lr: 0.000480, 1.89s
2026-05-25 19:01:16,470 - INFO - epoch complete!
2026-05-25 19:01:16,470 - INFO - evaluating now!
2026-05-25 19:01:17,188 - INFO - epoch complete!
2026-05-25 19:01:17,188 - INFO - evaluating now!
2026-05-25 19:01:17,254 - INFO - Epoch [22/50] train_loss: 267.4223, val_loss: 480.6449, lr: 0.000480, 1.82s
2026-05-25 19:01:17,272 - INFO - Saved model at 22
2026-05-25 19:01:17,272 - INFO - Val loss decrease from 504.9904 to 480.6449, saving to /home/lizhuoxuan/lzq/Bigscity-LibCity-master/outputs/20260525_190015__traffic_state_pred__STGCN__PEMSD4/model_cache/STGCN_PEMSD4_epoch22.tar
2026-05-25 19:01:17,978 - INFO - Epoch [22/50] train_loss: 263.1560, val_loss: 737.4141, lr: 0.000480, 1.83s
2026-05-25 19:01:18,541 - INFO - epoch complete!
2026-05-25 19:01:18,541 - INFO - evaluating now!
2026-05-25 19:01:19,108 - INFO - epoch complete!
2026-05-25 19:01:19,108 - INFO - evaluating now!
2026-05-25 19:01:19,405 - INFO - Epoch [23/50] train_loss: 262.9301, val_loss: 580.5368, lr: 0.000480, 2.13s
2026-05-25 19:01:19,999 - INFO - Epoch [23/50] train_loss: 264.1874, val_loss: 882.4638, lr: 0.000480, 2.02s
2026-05-25 19:01:20,737 - INFO - epoch complete!
2026-05-25 19:01:20,738 - INFO - evaluating now!
2026-05-25 19:01:21,303 - INFO - epoch complete!
2026-05-25 19:01:21,303 - INFO - evaluating now!
2026-05-25 19:01:21,563 - INFO - Epoch [24/50] train_loss: 259.3847, val_loss: 552.0673, lr: 0.000336, 2.16s
2026-05-25 19:01:22,106 - INFO - Epoch [24/50] train_loss: 265.6585, val_loss: 1073.2524, lr: 0.000336, 2.11s
2026-05-25 19:01:22,620 - INFO - epoch complete!
2026-05-25 19:01:22,620 - INFO - evaluating now!
2026-05-25 19:01:23,136 - INFO - epoch complete!
2026-05-25 19:01:23,136 - INFO - evaluating now!
2026-05-25 19:01:23,400 - INFO - Epoch [25/50] train_loss: 251.6167, val_loss: 477.5085, lr: 0.000336, 1.84s
2026-05-25 19:01:23,415 - INFO - Saved model at 25
2026-05-25 19:01:23,415 - INFO - Val loss decrease from 480.6449 to 477.5085, saving to /home/lizhuoxuan/lzq/Bigscity-LibCity-master/outputs/20260525_190015__traffic_state_pred__STGCN__PEMSD4/model_cache/STGCN_PEMSD4_epoch25.tar
2026-05-25 19:01:23,923 - INFO - Epoch [25/50] train_loss: 254.7561, val_loss: 578.2155, lr: 0.000336, 1.82s
2026-05-25 19:01:24,514 - INFO - epoch complete!
2026-05-25 19:01:24,514 - INFO - evaluating now!
2026-05-25 19:01:25,046 - INFO - epoch complete!
2026-05-25 19:01:25,047 - INFO - evaluating now!
2026-05-25 19:01:25,291 - INFO - Epoch [26/50] train_loss: 252.6226, val_loss: 480.3419, lr: 0.000336, 1.88s
2026-05-25 19:01:25,843 - INFO - Epoch [26/50] train_loss: 257.7290, val_loss: 542.8774, lr: 0.000336, 1.92s
2026-05-25 19:01:26,315 - INFO - epoch complete!
2026-05-25 19:01:26,315 - INFO - evaluating now!
2026-05-25 19:01:26,836 - INFO - epoch complete!
2026-05-25 19:01:26,836 - INFO - evaluating now!
2026-05-25 19:01:27,099 - INFO - Epoch [27/50] train_loss: 256.6264, val_loss: 453.3007, lr: 0.000336, 1.81s
2026-05-25 19:01:27,114 - INFO - Saved model at 27
2026-05-25 19:01:27,114 - INFO - Val loss decrease from 477.5085 to 453.3007, saving to /home/lizhuoxuan/lzq/Bigscity-LibCity-master/outputs/20260525_190015__traffic_state_pred__STGCN__PEMSD4/model_cache/STGCN_PEMSD4_epoch27.tar
2026-05-25 19:01:27,622 - INFO - Epoch [27/50] train_loss: 255.1722, val_loss: 578.4335, lr: 0.000336, 1.78s
2026-05-25 19:01:28,287 - INFO - epoch complete!
2026-05-25 19:01:28,287 - INFO - evaluating now!
2026-05-25 19:01:28,728 - INFO - epoch complete!
2026-05-25 19:01:28,729 - INFO - evaluating now!
2026-05-25 19:01:29,161 - INFO - Epoch [28/50] train_loss: 252.6001, val_loss: 705.5659, lr: 0.000336, 2.05s
2026-05-25 19:01:29,500 - INFO - Epoch [28/50] train_loss: 255.8621, val_loss: 723.2598, lr: 0.000336, 1.88s
2026-05-25 19:01:30,280 - INFO - epoch complete!
2026-05-25 19:01:30,281 - INFO - evaluating now!
2026-05-25 19:01:30,671 - INFO - epoch complete!
2026-05-25 19:01:30,671 - INFO - evaluating now!
2026-05-25 19:01:31,075 - INFO - Epoch [29/50] train_loss: 253.7860, val_loss: 1540.3500, lr: 0.000235, 1.91s
2026-05-25 19:01:31,569 - INFO - Epoch [29/50] train_loss: 257.7026, val_loss: 528.4201, lr: 0.000235, 2.07s
2026-05-25 19:01:32,076 - INFO - epoch complete!
2026-05-25 19:01:32,076 - INFO - evaluating now!
2026-05-25 19:01:32,865 - INFO - Epoch [30/50] train_loss: 246.5428, val_loss: 542.5626, lr: 0.000235, 1.79s
2026-05-25 19:01:33,283 - INFO - epoch complete!
2026-05-25 19:01:33,287 - INFO - evaluating now!
2026-05-25 19:01:33,878 - INFO - epoch complete!
2026-05-25 19:01:33,878 - INFO - evaluating now!
2026-05-25 19:01:34,127 - INFO - Epoch [30/50] train_loss: 251.1858, val_loss: 489.2755, lr: 0.000235, 2.56s
2026-05-25 19:01:34,142 - INFO - Saved model at 30
2026-05-25 19:01:34,142 - INFO - Val loss decrease from 513.6873 to 489.2755, saving to /home/lizhuoxuan/lzq/Bigscity-LibCity-master/outputs/20260525_190015__traffic_state_pred__STGCN__PEMSD4/model_cache/STGCN_PEMSD4_epoch30.tar
2026-05-25 19:01:34,843 - INFO - Epoch [31/50] train_loss: 245.0659, val_loss: 449.5995, lr: 0.000235, 1.98s
2026-05-25 19:01:34,862 - INFO - Saved model at 31
2026-05-25 19:01:34,863 - INFO - Val loss decrease from 453.3007 to 449.5995, saving to /home/lizhuoxuan/lzq/Bigscity-LibCity-master/outputs/20260525_190015__traffic_state_pred__STGCN__PEMSD4/model_cache/STGCN_PEMSD4_epoch31.tar
2026-05-25 19:01:35,500 - INFO - epoch complete!
2026-05-25 19:01:35,500 - INFO - evaluating now!
2026-05-25 19:01:36,113 - INFO - epoch complete!
2026-05-25 19:01:36,113 - INFO - evaluating now!
2026-05-25 19:01:36,296 - INFO - Epoch [31/50] train_loss: 254.8607, val_loss: 814.3273, lr: 0.000235, 2.15s
2026-05-25 19:01:36,901 - INFO - Epoch [32/50] train_loss: 250.8909, val_loss: 453.6764, lr: 0.000235, 2.04s
2026-05-25 19:01:37,357 - INFO - epoch complete!
2026-05-25 19:01:37,357 - INFO - evaluating now!
2026-05-25 19:01:38,037 - INFO - epoch complete!
2026-05-25 19:01:38,037 - INFO - evaluating now!
2026-05-25 19:01:38,150 - INFO - Epoch [32/50] train_loss: 249.2169, val_loss: 552.9701, lr: 0.000235, 1.85s
2026-05-25 19:01:38,822 - INFO - Epoch [33/50] train_loss: 248.5638, val_loss: 446.6077, lr: 0.000235, 1.92s
2026-05-25 19:01:38,837 - INFO - Saved model at 33
2026-05-25 19:01:38,837 - INFO - Val loss decrease from 449.5995 to 446.6077, saving to /home/lizhuoxuan/lzq/Bigscity-LibCity-master/outputs/20260525_190015__traffic_state_pred__STGCN__PEMSD4/model_cache/STGCN_PEMSD4_epoch33.tar
2026-05-25 19:01:39,203 - INFO - epoch complete!
2026-05-25 19:01:39,204 - INFO - evaluating now!
2026-05-25 19:01:39,934 - INFO - epoch complete!
2026-05-25 19:01:39,935 - INFO - evaluating now!
2026-05-25 19:01:39,982 - INFO - Epoch [33/50] train_loss: 250.5352, val_loss: 485.3636, lr: 0.000235, 1.83s
2026-05-25 19:01:39,998 - INFO - Saved model at 33
2026-05-25 19:01:39,999 - INFO - Val loss decrease from 489.2755 to 485.3636, saving to /home/lizhuoxuan/lzq/Bigscity-LibCity-master/outputs/20260525_190015__traffic_state_pred__STGCN__PEMSD4/model_cache/STGCN_PEMSD4_epoch33.tar
2026-05-25 19:01:40,712 - INFO - Epoch [34/50] train_loss: 250.8455, val_loss: 480.1377, lr: 0.000165, 1.88s
2026-05-25 19:01:40,969 - INFO - epoch complete!
2026-05-25 19:01:40,970 - INFO - evaluating now!
2026-05-25 19:01:41,757 - INFO - Epoch [34/50] train_loss: 247.1390, val_loss: 543.9044, lr: 0.000165, 1.76s
2026-05-25 19:01:41,921 - INFO - epoch complete!
2026-05-25 19:01:41,922 - INFO - evaluating now!
2026-05-25 19:01:42,766 - INFO - Epoch [35/50] train_loss: 244.2028, val_loss: 457.8024, lr: 0.000165, 2.05s
2026-05-25 19:01:42,830 - INFO - epoch complete!
2026-05-25 19:01:42,830 - INFO - evaluating now!
2026-05-25 19:01:43,623 - INFO - Epoch [35/50] train_loss: 248.8100, val_loss: 464.8230, lr: 0.000165, 1.87s
2026-05-25 19:01:43,638 - INFO - Saved model at 35
2026-05-25 19:01:43,638 - INFO - Val loss decrease from 485.3636 to 464.8230, saving to /home/lizhuoxuan/lzq/Bigscity-LibCity-master/outputs/20260525_190015__traffic_state_pred__STGCN__PEMSD4/model_cache/STGCN_PEMSD4_epoch35.tar
2026-05-25 19:01:43,808 - INFO - epoch complete!
2026-05-25 19:01:43,808 - INFO - evaluating now!
2026-05-25 19:01:44,590 - INFO - Epoch [36/50] train_loss: 245.0075, val_loss: 642.4690, lr: 0.000165, 1.82s
2026-05-25 19:01:44,604 - INFO - epoch complete!
2026-05-25 19:01:44,604 - INFO - evaluating now!
2026-05-25 19:01:45,401 - INFO - Epoch [36/50] train_loss: 248.4108, val_loss: 456.3720, lr: 0.000165, 1.76s
2026-05-25 19:01:45,415 - INFO - Saved model at 36
2026-05-25 19:01:45,415 - INFO - Val loss decrease from 464.8230 to 456.3720, saving to /home/lizhuoxuan/lzq/Bigscity-LibCity-master/outputs/20260525_190015__traffic_state_pred__STGCN__PEMSD4/model_cache/STGCN_PEMSD4_epoch36.tar
2026-05-25 19:01:45,559 - INFO - epoch complete!
2026-05-25 19:01:45,560 - INFO - evaluating now!
2026-05-25 19:01:46,355 - INFO - Epoch [37/50] train_loss: 246.7928, val_loss: 470.6599, lr: 0.000165, 1.76s
2026-05-25 19:01:46,477 - INFO - epoch complete!
2026-05-25 19:01:46,477 - INFO - evaluating now!
2026-05-25 19:01:47,312 - INFO - Epoch [37/50] train_loss: 246.8011, val_loss: 469.8637, lr: 0.000165, 1.90s
2026-05-25 19:01:47,383 - INFO - epoch complete!
2026-05-25 19:01:47,383 - INFO - evaluating now!
2026-05-25 19:01:48,168 - INFO - Epoch [38/50] train_loss: 245.2373, val_loss: 456.0758, lr: 0.000165, 1.81s
2026-05-25 19:01:48,374 - INFO - epoch complete!
2026-05-25 19:01:48,375 - INFO - evaluating now!
2026-05-25 19:01:49,188 - INFO - Epoch [38/50] train_loss: 247.7373, val_loss: 621.0899, lr: 0.000165, 1.88s
2026-05-25 19:01:49,333 - INFO - epoch complete!
2026-05-25 19:01:49,333 - INFO - evaluating now!
2026-05-25 19:01:50,185 - INFO - Epoch [39/50] train_loss: 245.4405, val_loss: 608.0591, lr: 0.000115, 2.02s
2026-05-25 19:01:50,391 - INFO - epoch complete!
2026-05-25 19:01:50,392 - INFO - evaluating now!
2026-05-25 19:01:51,207 - INFO - Epoch [39/50] train_loss: 247.1907, val_loss: 511.8333, lr: 0.000115, 2.02s
2026-05-25 19:01:51,505 - INFO - epoch complete!
2026-05-25 19:01:51,509 - INFO - evaluating now!
2026-05-25 19:01:52,207 - INFO - epoch complete!
2026-05-25 19:01:52,207 - INFO - evaluating now!
2026-05-25 19:01:52,302 - INFO - Epoch [40/50] train_loss: 241.9344, val_loss: 525.3671, lr: 0.000115, 2.12s
2026-05-25 19:01:52,993 - INFO - Epoch [40/50] train_loss: 247.9063, val_loss: 457.3110, lr: 0.000115, 1.79s
2026-05-25 19:01:53,427 - INFO - epoch complete!
2026-05-25 19:01:53,427 - INFO - evaluating now!
2026-05-25 19:01:54,017 - INFO - epoch complete!
2026-05-25 19:01:54,017 - INFO - evaluating now!
2026-05-25 19:01:54,217 - INFO - Epoch [41/50] train_loss: 248.2857, val_loss: 476.1745, lr: 0.000115, 1.91s
2026-05-25 19:01:54,804 - INFO - Epoch [41/50] train_loss: 241.3482, val_loss: 450.1367, lr: 0.000115, 1.81s
2026-05-25 19:01:54,819 - INFO - Saved model at 41
2026-05-25 19:01:54,819 - INFO - Val loss decrease from 456.3720 to 450.1367, saving to /home/lizhuoxuan/lzq/Bigscity-LibCity-master/outputs/20260525_190015__traffic_state_pred__STGCN__PEMSD4/model_cache/STGCN_PEMSD4_epoch41.tar
2026-05-25 19:01:55,222 - INFO - epoch complete!
2026-05-25 19:01:55,222 - INFO - evaluating now!
2026-05-25 19:01:55,941 - INFO - epoch complete!
2026-05-25 19:01:55,941 - INFO - evaluating now!
2026-05-25 19:01:56,019 - INFO - Epoch [42/50] train_loss: 242.9681, val_loss: 472.1554, lr: 0.000115, 1.80s
2026-05-25 19:01:56,737 - INFO - Epoch [42/50] train_loss: 246.7017, val_loss: 460.3237, lr: 0.000115, 1.92s
2026-05-25 19:01:56,996 - INFO - epoch complete!
2026-05-25 19:01:56,997 - INFO - evaluating now!
2026-05-25 19:01:57,778 - INFO - Epoch [43/50] train_loss: 248.3267, val_loss: 461.8220, lr: 0.000115, 1.76s
2026-05-25 19:01:57,840 - INFO - epoch complete!
2026-05-25 19:01:57,841 - INFO - evaluating now!
2026-05-25 19:01:58,620 - INFO - Epoch [43/50] train_loss: 240.8779, val_loss: 452.8986, lr: 0.000115, 1.88s
2026-05-25 19:01:58,858 - INFO - epoch complete!
2026-05-25 19:01:58,858 - INFO - evaluating now!
2026-05-25 19:01:59,680 - INFO - epoch complete!
2026-05-25 19:01:59,680 - INFO - evaluating now!
2026-05-25 19:01:59,739 - INFO - Epoch [44/50] train_loss: 240.6630, val_loss: 463.7624, lr: 0.000081, 1.96s
2026-05-25 19:02:00,461 - INFO - Epoch [44/50] train_loss: 247.7569, val_loss: 456.8328, lr: 0.000081, 1.84s
2026-05-25 19:02:00,830 - INFO - epoch complete!
2026-05-25 19:02:00,830 - INFO - evaluating now!
2026-05-25 19:02:01,629 - INFO - Epoch [45/50] train_loss: 242.4138, val_loss: 456.2042, lr: 0.000081, 1.89s
2026-05-25 19:02:01,629 - INFO - epoch complete!
2026-05-25 19:02:01,629 - INFO - evaluating now!
2026-05-25 19:02:02,427 - INFO - Epoch [45/50] train_loss: 244.7536, val_loss: 446.9557, lr: 0.000081, 1.97s
2026-05-25 19:02:02,444 - INFO - Saved model at 45
2026-05-25 19:02:02,445 - INFO - Val loss decrease from 450.1367 to 446.9557, saving to /home/lizhuoxuan/lzq/Bigscity-LibCity-master/outputs/20260525_190015__traffic_state_pred__STGCN__PEMSD4/model_cache/STGCN_PEMSD4_epoch45.tar
2026-05-25 19:02:02,719 - INFO - epoch complete!
2026-05-25 19:02:02,719 - INFO - evaluating now!
2026-05-25 19:02:03,481 - INFO - epoch complete!
2026-05-25 19:02:03,481 - INFO - evaluating now!
2026-05-25 19:02:03,591 - INFO - Epoch [46/50] train_loss: 240.7667, val_loss: 443.4156, lr: 0.000081, 1.96s
2026-05-25 19:02:03,605 - INFO - Saved model at 46
2026-05-25 19:02:03,606 - INFO - Val loss decrease from 446.6077 to 443.4156, saving to /home/lizhuoxuan/lzq/Bigscity-LibCity-master/outputs/20260525_190015__traffic_state_pred__STGCN__PEMSD4/model_cache/STGCN_PEMSD4_epoch46.tar
2026-05-25 19:02:04,289 - INFO - Epoch [46/50] train_loss: 246.2034, val_loss: 440.2453, lr: 0.000081, 1.84s
2026-05-25 19:02:04,369 - INFO - Saved model at 46
2026-05-25 19:02:04,373 - INFO - Val loss decrease from 446.9557 to 440.2453, saving to /home/lizhuoxuan/lzq/Bigscity-LibCity-master/outputs/20260525_190015__traffic_state_pred__STGCN__PEMSD4/model_cache/STGCN_PEMSD4_epoch46.tar
2026-05-25 19:02:04,823 - INFO - epoch complete!
2026-05-25 19:02:04,824 - INFO - evaluating now!
2026-05-25 19:02:05,667 - INFO - Epoch [47/50] train_loss: 242.5651, val_loss: 435.8904, lr: 0.000081, 2.06s
2026-05-25 19:02:05,681 - INFO - Saved model at 47
2026-05-25 19:02:05,681 - INFO - Val loss decrease from 443.4156 to 435.8904, saving to /home/lizhuoxuan/lzq/Bigscity-LibCity-master/outputs/20260525_190015__traffic_state_pred__STGCN__PEMSD4/model_cache/STGCN_PEMSD4_epoch47.tar
2026-05-25 19:02:05,831 - INFO - epoch complete!
2026-05-25 19:02:05,831 - INFO - evaluating now!
2026-05-25 19:02:06,617 - INFO - Epoch [47/50] train_loss: 244.7187, val_loss: 470.0442, lr: 0.000081, 2.24s
2026-05-25 19:02:06,751 - INFO - epoch complete!
2026-05-25 19:02:06,751 - INFO - evaluating now!
2026-05-25 19:02:07,554 - INFO - Epoch [48/50] train_loss: 243.7903, val_loss: 440.7791, lr: 0.000081, 1.87s
2026-05-25 19:02:07,986 - INFO - epoch complete!
2026-05-25 19:02:07,986 - INFO - evaluating now!
2026-05-25 19:02:08,587 - INFO - epoch complete!
2026-05-25 19:02:08,588 - INFO - evaluating now!
2026-05-25 19:02:08,770 - INFO - Epoch [48/50] train_loss: 242.5463, val_loss: 445.3453, lr: 0.000081, 2.13s
2026-05-25 19:02:09,591 - INFO - Epoch [49/50] train_loss: 243.7259, val_loss: 485.1720, lr: 0.000056, 2.04s
2026-05-25 19:02:09,592 - INFO - Trained totally 50 epochs, average train time is 1.139s, average eval time is 0.821s
2026-05-25 19:02:09,631 - INFO - Loaded model at 47
2026-05-25 19:02:09,631 - INFO - Start evaluating ...
2026-05-25 19:02:09,956 - INFO - epoch complete!
2026-05-25 19:02:09,957 - INFO - evaluating now!
2026-05-25 19:02:10,887 - INFO - Epoch [49/50] train_loss: 242.9640, val_loss: 498.2385, lr: 0.000056, 2.12s
2026-05-25 19:02:10,887 - INFO - Trained totally 50 epochs, average train time is 1.157s, average eval time is 0.815s
2026-05-25 19:02:10,910 - INFO - Loaded model at 46
2026-05-25 19:02:10,910 - INFO - Saved model at /home/lizhuoxuan/lzq/Bigscity-LibCity-master/outputs/20260525_190015__traffic_state_pred__STGCN__PEMSD4/model_cache/STGCN_PEMSD4.m
2026-05-25 19:02:10,924 - INFO - Start evaluating ...
2026-05-25 19:03:04,705 - INFO - Note that you select the single mode to evaluate!
2026-05-25 19:03:04,721 - INFO - Evaluate result is saved at /home/lizhuoxuan/lzq/Bigscity-LibCity-master/outputs/20260525_190015__traffic_state_pred__STGCN__PEMSD4/evaluate_cache/2026_05_25_19_03_04_STGCN_PEMSD4.csv
2026-05-25 19:03:04,757 - INFO - 
          MAE      MAPE         MSE  ...  masked_RMSE        R2      EVAR
1    6.366999  4.844380  253.825531  ...    15.860226  0.984759  0.984759
2    6.878273  4.693238  292.035492  ...    16.974998  0.982465  0.982465
3    7.384245  4.652413  328.544708  ...    17.981789  0.980273  0.980273
4    7.829873  4.607064  361.712433  ...    18.850918  0.978282  0.978282
5    8.222945  4.590978  392.689697  ...    19.630270  0.976422  0.976422
6    8.596457  4.580898  423.723541  ...    20.382862  0.974559  0.974560
7    8.984519  4.572359  458.069366  ...    21.189976  0.972497  0.972499
8    9.380239  4.567605  493.262512  ...    21.992010  0.970384  0.970388
9    9.760727  4.569252  529.131104  ...    22.783728  0.968231  0.968237
10  10.113773  4.566360  562.058960  ...    23.486809  0.966254  0.966264
11  10.456659  4.573299  596.052246  ...    24.191772  0.964213  0.964227
12  10.826128  4.568953  634.640381  ...    24.970274  0.961896  0.961915

[12 rows x 10 columns]
