2026-05-08 11:17:43,677 - INFO - Log directory: /home/lizhuoxuan/lzq/Bigscity-LibCity-master/outputs/20260508_111743__traffic_state_pred__new_diffusion_fuzzy__PEMSD4/logs
2026-05-08 11:17:43,677 - INFO - Begin artifact training pipeline, task=traffic_state_pred, model_name=new_diffusion_fuzzy, dataset_name=PEMSD4, exp_id=20260508_111743__traffic_state_pred__new_diffusion_fuzzy__PEMSD4
2026-05-08 11:17:43,677 - INFO - {'task': 'traffic_state_pred', 'model': 'new_diffusion_fuzzy', 'dataset': 'PEMSD4', 'saved_model': True, 'train': True, 'seed': 42, 'gpu': True, 'gpu_id': 0, 'train_rate': 0.6, 'eval_rate': 0.2, 'batch_size': 16, 'learning_rate': 0.001, 'max_epoch': 10, 'dataset_class': 'TrafficStatePointDataset', 'executor': 'TrafficStateExecutor', 'evaluator': 'TrafficStateEvaluator', 'adaptive_graph_blend_init': 0.5, 'adaptive_graph_embed_dim': 32, 'adaptive_graph_topk': 12, 'beta_end': 0.02, 'beta_start': 0.0001, 'calculate_weight_adj': False, 'data_col': ['traffic_flow', 'traffic_occupancy', 'traffic_speed'], 'data_files': ['PEMSD4'], 'ddim_eta': 0, 'denoiser_layers': 3, 'device': device(type='cuda', index=0), 'diffusion_schedule': 'linear', 'diffusion_steps': 200, 'disturb_rate': 0.5, 'dropout': 0.1, 'dyna': {'including_types': ['state'], 'state': {'entity_id': 'geo_id', 'traffic_flow': 'num', 'traffic_occupancy': 'num', 'traffic_speed': 'num'}}, 'encoder_layers': 2, 'eval_batch_size': 32, 'evaluator_mode': 'single', 'ffn_hidden_dim': 96, 'flow_conservation_coeff': 1, 'fuzzy_conservation_temperature': 8, 'fuzzy_conservation_threshold': 0.6, 'fuzzy_graph_num_sets': 3, 'fuzzy_graph_sigma_init': 0.7, 'geo': {'including_types': ['Point'], 'Point': {}}, 'geo_file': 'PEMSD4', 'graph_k_hop': 2, 'hidden_dim': 96, 'init_weight_inf_or_zero': 'zero', 'is_distributed': False, 'metrics': ['MAE', 'MAPE', 'MSE', 'RMSE', 'masked_MAE', 'masked_MAPE', 'masked_MSE', 'masked_RMSE', 'R2', 'EVAR'], 'noise_SD': [10], 'noise_mean': [5], 'noise_type': 'gaussian', 'num_heads': 4, 'num_prediction_samples': 2, 'num_sampling_steps': 50, 'num_workers': 0, 'output_dim': 3, 'pad_with_last_sample': True, 'physics_channel_idx': 0, 'physics_loss_weight': 0, 'physics_warmup_mode': 'linear', 'physics_warmup_start_ratio': 0.2, 'physics_warmup_steps': 2000, 'rank': 0, 'rel': {'including_types': ['geo'], 'geo': {'cost': 'num'}}, 'rel_file': 'PEMSD4', 'robustness_test': False, 'sampling_method': 'ddim', 'save_mode': ['csv'], 'scale_lr': False, 'set_weight_link_or_dist': 'link', 'time_intervals': 300, 'use_adaptive_graph': True, 'use_amp': False, 'use_fuzzy_conservation': True, 'use_fuzzy_graph': True, 'use_gradient_checkpointing': False, 'use_spatiotemporal_attention': True, 'use_temporal_position_embedding': True, 'weight_adj_epsilon': 0.1, 'weight_col': 'cost', 'world_size': 1, 'clip_grad_norm': True, 'epoch': 0, 'hyper_tune': False, 'learner': 'adamw', 'load_best_epoch': True, 'log_every': 1, 'log_level': 'INFO', 'lr_T_max': 10, 'lr_alpha': 0.99, 'lr_beta1': 0.9, 'lr_beta2': 0.999, 'lr_decay': True, 'lr_decay_ratio': 0.1, 'lr_epsilon': 1e-08, 'lr_eta_min': 1e-05, 'lr_momentum': 0, 'lr_patience': 10, 'lr_scheduler': 'cosineannealinglr', 'lr_threshold': 0.0001, 'max_grad_norm': 3, 'patience': 30, 'step_size': 10, 'steps': [5, 20, 40, 70], 'train_loss': 'none', 'use_early_stop': True, 'weight_decay': 0.0001, 'data_version_id': 'dv_1778156696_f7f99987', 'input_window': 12, 'output_window': 12, 'scaler': 'standard', 'load_external': False, 'normal_external': False, 'add_time_in_day': True, 'add_day_in_week': True, 'cache_dataset': True, 'ext_scaler': 'none', 'exp_id': '20260508_111743__traffic_state_pred__new_diffusion_fuzzy__PEMSD4'}
2026-05-08 11:17:53,741 - INFO - NewDiffusion(
  (condition_encoder): STEncoder(
    (input_projection): Linear(in_features=3, out_features=96, bias=True)
    (blocks): ModuleList(
      (0-1): 2 x STEncoderBlock(
        (temporal_attention): MultiHeadAttention(
          (query_projection): Linear(in_features=96, out_features=96, bias=True)
          (key_projection): Linear(in_features=96, out_features=96, bias=True)
          (value_projection): Linear(in_features=96, out_features=96, bias=True)
          (output_projection): Linear(in_features=96, out_features=96, bias=True)
          (dropout): Dropout(p=0.1, inplace=False)
        )
        (graph_convolution): GraphConvolution(
          (projections): ModuleList(
            (0-2): 3 x Linear(in_features=96, out_features=96, bias=True)
          )
        )
        (feed_forward): FeedForwardNetwork(
          (network): Sequential(
            (0): Linear(in_features=96, out_features=96, bias=True)
            (1): GELU(approximate='none')
            (2): Dropout(p=0.1, inplace=False)
            (3): Linear(in_features=96, out_features=96, bias=True)
            (4): Dropout(p=0.1, inplace=False)
          )
        )
        (norm_temporal): LayerNorm((96,), eps=1e-05, elementwise_affine=True)
        (norm_graph): LayerNorm((96,), eps=1e-05, elementwise_affine=True)
        (norm_ffn): LayerNorm((96,), eps=1e-05, elementwise_affine=True)
        (dropout): Dropout(p=0.1, inplace=False)
      )
    )
    (final_norm): LayerNorm((96,), eps=1e-05, elementwise_affine=True)
  )
  (noise_predictor): AttentionDenoiser(
    (input_projection): Linear(in_features=3, out_features=96, bias=True)
    (time_embedding): SinusoidalTimeEmbedding()
    (time_projection): Sequential(
      (0): Linear(in_features=96, out_features=96, bias=True)
      (1): SiLU()
      (2): Linear(in_features=96, out_features=96, bias=True)
    )
    (condition_fusion): Linear(in_features=192, out_features=96, bias=True)
    (blocks): ModuleList(
      (0-2): 3 x DenoiserBlock(
        (temporal_attention): MultiHeadAttention(
          (query_projection): Linear(in_features=96, out_features=96, bias=True)
          (key_projection): Linear(in_features=96, out_features=96, bias=True)
          (value_projection): Linear(in_features=96, out_features=96, bias=True)
          (output_projection): Linear(in_features=96, out_features=96, bias=True)
          (dropout): Dropout(p=0.1, inplace=False)
        )
        (graph_convolution): GraphConvolution(
          (projections): ModuleList(
            (0-2): 3 x Linear(in_features=96, out_features=96, bias=True)
          )
        )
        (cross_attention): MultiHeadAttention(
          (query_projection): Linear(in_features=96, out_features=96, bias=True)
          (key_projection): Linear(in_features=96, out_features=96, bias=True)
          (value_projection): Linear(in_features=96, out_features=96, bias=True)
          (output_projection): Linear(in_features=96, out_features=96, bias=True)
          (dropout): Dropout(p=0.1, inplace=False)
        )
        (spatiotemporal_attention): MultiHeadAttention(
          (query_projection): Linear(in_features=96, out_features=96, bias=True)
          (key_projection): Linear(in_features=96, out_features=96, bias=True)
          (value_projection): Linear(in_features=96, out_features=96, bias=True)
          (output_projection): Linear(in_features=96, out_features=96, bias=True)
          (dropout): Dropout(p=0.1, inplace=False)
        )
        (feed_forward): FeedForwardNetwork(
          (network): Sequential(
            (0): Linear(in_features=96, out_features=96, bias=True)
            (1): GELU(approximate='none')
            (2): Dropout(p=0.1, inplace=False)
            (3): Linear(in_features=96, out_features=96, bias=True)
            (4): Dropout(p=0.1, inplace=False)
          )
        )
        (norm_temporal): LayerNorm((96,), eps=1e-05, elementwise_affine=True)
        (norm_graph): LayerNorm((96,), eps=1e-05, elementwise_affine=True)
        (norm_cross): LayerNorm((96,), eps=1e-05, elementwise_affine=True)
        (norm_spatiotemporal): LayerNorm((96,), eps=1e-05, elementwise_affine=True)
        (norm_ffn): LayerNorm((96,), eps=1e-05, elementwise_affine=True)
        (dropout): Dropout(p=0.1, inplace=False)
      )
    )
    (final_norm): LayerNorm((96,), eps=1e-05, elementwise_affine=True)
    (output_projection): Linear(in_features=96, out_features=3, bias=True)
    (adaptive_graph_learner): AdaptiveGraphLearner(
      (feature_projection): Linear(in_features=96, out_features=32, bias=True)
      (time_projection): Linear(in_features=96, out_features=32, bias=True)
    )
  )
  (diffusion_scheduler): DiffusionScheduler()
)
2026-05-08 11:17:53,742 - INFO - condition_encoder.temporal_position_embedding	torch.Size([1, 12, 1, 96])	cuda:0	True
2026-05-08 11:17:53,742 - INFO - condition_encoder.input_projection.weight	torch.Size([96, 3])	cuda:0	True
2026-05-08 11:17:53,742 - INFO - condition_encoder.input_projection.bias	torch.Size([96])	cuda:0	True
2026-05-08 11:17:53,742 - INFO - condition_encoder.blocks.0.temporal_attention.query_projection.weight	torch.Size([96, 96])	cuda:0	True
2026-05-08 11:17:53,742 - INFO - condition_encoder.blocks.0.temporal_attention.query_projection.bias	torch.Size([96])	cuda:0	True
2026-05-08 11:17:53,742 - INFO - condition_encoder.blocks.0.temporal_attention.key_projection.weight	torch.Size([96, 96])	cuda:0	True
2026-05-08 11:17:53,742 - INFO - condition_encoder.blocks.0.temporal_attention.key_projection.bias	torch.Size([96])	cuda:0	True
2026-05-08 11:17:53,742 - INFO - condition_encoder.blocks.0.temporal_attention.value_projection.weight	torch.Size([96, 96])	cuda:0	True
2026-05-08 11:17:53,742 - INFO - condition_encoder.blocks.0.temporal_attention.value_projection.bias	torch.Size([96])	cuda:0	True
2026-05-08 11:17:53,742 - INFO - condition_encoder.blocks.0.temporal_attention.output_projection.weight	torch.Size([96, 96])	cuda:0	True
2026-05-08 11:17:53,742 - INFO - condition_encoder.blocks.0.temporal_attention.output_projection.bias	torch.Size([96])	cuda:0	True
2026-05-08 11:17:53,742 - INFO - condition_encoder.blocks.0.graph_convolution.projections.0.weight	torch.Size([96, 96])	cuda:0	True
2026-05-08 11:17:53,742 - INFO - condition_encoder.blocks.0.graph_convolution.projections.0.bias	torch.Size([96])	cuda:0	True
2026-05-08 11:17:53,742 - INFO - condition_encoder.blocks.0.graph_convolution.projections.1.weight	torch.Size([96, 96])	cuda:0	True
2026-05-08 11:17:53,742 - INFO - condition_encoder.blocks.0.graph_convolution.projections.1.bias	torch.Size([96])	cuda:0	True
2026-05-08 11:17:53,742 - INFO - condition_encoder.blocks.0.graph_convolution.projections.2.weight	torch.Size([96, 96])	cuda:0	True
2026-05-08 11:17:53,742 - INFO - condition_encoder.blocks.0.graph_convolution.projections.2.bias	torch.Size([96])	cuda:0	True
2026-05-08 11:17:53,742 - INFO - condition_encoder.blocks.0.feed_forward.network.0.weight	torch.Size([96, 96])	cuda:0	True
2026-05-08 11:17:53,742 - INFO - condition_encoder.blocks.0.feed_forward.network.0.bias	torch.Size([96])	cuda:0	True
2026-05-08 11:17:53,742 - INFO - condition_encoder.blocks.0.feed_forward.network.3.weight	torch.Size([96, 96])	cuda:0	True
2026-05-08 11:17:53,742 - INFO - condition_encoder.blocks.0.feed_forward.network.3.bias	torch.Size([96])	cuda:0	True
2026-05-08 11:17:53,743 - INFO - condition_encoder.blocks.0.norm_temporal.weight	torch.Size([96])	cuda:0	True
2026-05-08 11:17:53,743 - INFO - condition_encoder.blocks.0.norm_temporal.bias	torch.Size([96])	cuda:0	True
2026-05-08 11:17:53,743 - INFO - condition_encoder.blocks.0.norm_graph.weight	torch.Size([96])	cuda:0	True
2026-05-08 11:17:53,743 - INFO - condition_encoder.blocks.0.norm_graph.bias	torch.Size([96])	cuda:0	True
2026-05-08 11:17:53,743 - INFO - condition_encoder.blocks.0.norm_ffn.weight	torch.Size([96])	cuda:0	True
2026-05-08 11:17:53,743 - INFO - condition_encoder.blocks.0.norm_ffn.bias	torch.Size([96])	cuda:0	True
2026-05-08 11:17:53,743 - INFO - condition_encoder.blocks.1.temporal_attention.query_projection.weight	torch.Size([96, 96])	cuda:0	True
2026-05-08 11:17:53,743 - INFO - condition_encoder.blocks.1.temporal_attention.query_projection.bias	torch.Size([96])	cuda:0	True
2026-05-08 11:17:53,743 - INFO - condition_encoder.blocks.1.temporal_attention.key_projection.weight	torch.Size([96, 96])	cuda:0	True
2026-05-08 11:17:53,743 - INFO - condition_encoder.blocks.1.temporal_attention.key_projection.bias	torch.Size([96])	cuda:0	True
2026-05-08 11:17:53,743 - INFO - condition_encoder.blocks.1.temporal_attention.value_projection.weight	torch.Size([96, 96])	cuda:0	True
2026-05-08 11:17:53,743 - INFO - condition_encoder.blocks.1.temporal_attention.value_projection.bias	torch.Size([96])	cuda:0	True
2026-05-08 11:17:53,743 - INFO - condition_encoder.blocks.1.temporal_attention.output_projection.weight	torch.Size([96, 96])	cuda:0	True
2026-05-08 11:17:53,743 - INFO - condition_encoder.blocks.1.temporal_attention.output_projection.bias	torch.Size([96])	cuda:0	True
2026-05-08 11:17:53,743 - INFO - condition_encoder.blocks.1.graph_convolution.projections.0.weight	torch.Size([96, 96])	cuda:0	True
2026-05-08 11:17:53,743 - INFO - condition_encoder.blocks.1.graph_convolution.projections.0.bias	torch.Size([96])	cuda:0	True
2026-05-08 11:17:53,743 - INFO - condition_encoder.blocks.1.graph_convolution.projections.1.weight	torch.Size([96, 96])	cuda:0	True
2026-05-08 11:17:53,743 - INFO - condition_encoder.blocks.1.graph_convolution.projections.1.bias	torch.Size([96])	cuda:0	True
2026-05-08 11:17:53,743 - INFO - condition_encoder.blocks.1.graph_convolution.projections.2.weight	torch.Size([96, 96])	cuda:0	True
2026-05-08 11:17:53,743 - INFO - condition_encoder.blocks.1.graph_convolution.projections.2.bias	torch.Size([96])	cuda:0	True
2026-05-08 11:17:53,743 - INFO - condition_encoder.blocks.1.feed_forward.network.0.weight	torch.Size([96, 96])	cuda:0	True
2026-05-08 11:17:53,743 - INFO - condition_encoder.blocks.1.feed_forward.network.0.bias	torch.Size([96])	cuda:0	True
2026-05-08 11:17:53,743 - INFO - condition_encoder.blocks.1.feed_forward.network.3.weight	torch.Size([96, 96])	cuda:0	True
2026-05-08 11:17:53,743 - INFO - condition_encoder.blocks.1.feed_forward.network.3.bias	torch.Size([96])	cuda:0	True
2026-05-08 11:17:53,743 - INFO - condition_encoder.blocks.1.norm_temporal.weight	torch.Size([96])	cuda:0	True
2026-05-08 11:17:53,743 - INFO - condition_encoder.blocks.1.norm_temporal.bias	torch.Size([96])	cuda:0	True
2026-05-08 11:17:53,743 - INFO - condition_encoder.blocks.1.norm_graph.weight	torch.Size([96])	cuda:0	True
2026-05-08 11:17:53,743 - INFO - condition_encoder.blocks.1.norm_graph.bias	torch.Size([96])	cuda:0	True
2026-05-08 11:17:53,743 - INFO - condition_encoder.blocks.1.norm_ffn.weight	torch.Size([96])	cuda:0	True
2026-05-08 11:17:53,743 - INFO - condition_encoder.blocks.1.norm_ffn.bias	torch.Size([96])	cuda:0	True
2026-05-08 11:17:53,743 - INFO - condition_encoder.final_norm.weight	torch.Size([96])	cuda:0	True
2026-05-08 11:17:53,743 - INFO - condition_encoder.final_norm.bias	torch.Size([96])	cuda:0	True
2026-05-08 11:17:53,743 - INFO - noise_predictor.future_position_embedding	torch.Size([1, 12, 1, 96])	cuda:0	True
2026-05-08 11:17:53,743 - INFO - noise_predictor.input_projection.weight	torch.Size([96, 3])	cuda:0	True
2026-05-08 11:17:53,743 - INFO - noise_predictor.input_projection.bias	torch.Size([96])	cuda:0	True
2026-05-08 11:17:53,743 - INFO - noise_predictor.time_projection.0.weight	torch.Size([96, 96])	cuda:0	True
2026-05-08 11:17:53,743 - INFO - noise_predictor.time_projection.0.bias	torch.Size([96])	cuda:0	True
2026-05-08 11:17:53,743 - INFO - noise_predictor.time_projection.2.weight	torch.Size([96, 96])	cuda:0	True
2026-05-08 11:17:53,743 - INFO - noise_predictor.time_projection.2.bias	torch.Size([96])	cuda:0	True
2026-05-08 11:17:53,743 - INFO - noise_predictor.condition_fusion.weight	torch.Size([96, 192])	cuda:0	True
2026-05-08 11:17:53,744 - INFO - noise_predictor.condition_fusion.bias	torch.Size([96])	cuda:0	True
2026-05-08 11:17:53,744 - INFO - noise_predictor.blocks.0.temporal_attention.query_projection.weight	torch.Size([96, 96])	cuda:0	True
2026-05-08 11:17:53,744 - INFO - noise_predictor.blocks.0.temporal_attention.query_projection.bias	torch.Size([96])	cuda:0	True
2026-05-08 11:17:53,744 - INFO - noise_predictor.blocks.0.temporal_attention.key_projection.weight	torch.Size([96, 96])	cuda:0	True
2026-05-08 11:17:53,744 - INFO - noise_predictor.blocks.0.temporal_attention.key_projection.bias	torch.Size([96])	cuda:0	True
2026-05-08 11:17:53,744 - INFO - noise_predictor.blocks.0.temporal_attention.value_projection.weight	torch.Size([96, 96])	cuda:0	True
2026-05-08 11:17:53,744 - INFO - noise_predictor.blocks.0.temporal_attention.value_projection.bias	torch.Size([96])	cuda:0	True
2026-05-08 11:17:53,744 - INFO - noise_predictor.blocks.0.temporal_attention.output_projection.weight	torch.Size([96, 96])	cuda:0	True
2026-05-08 11:17:53,744 - INFO - noise_predictor.blocks.0.temporal_attention.output_projection.bias	torch.Size([96])	cuda:0	True
2026-05-08 11:17:53,744 - INFO - noise_predictor.blocks.0.graph_convolution.projections.0.weight	torch.Size([96, 96])	cuda:0	True
2026-05-08 11:17:53,744 - INFO - noise_predictor.blocks.0.graph_convolution.projections.0.bias	torch.Size([96])	cuda:0	True
2026-05-08 11:17:53,744 - INFO - noise_predictor.blocks.0.graph_convolution.projections.1.weight	torch.Size([96, 96])	cuda:0	True
2026-05-08 11:17:53,744 - INFO - noise_predictor.blocks.0.graph_convolution.projections.1.bias	torch.Size([96])	cuda:0	True
2026-05-08 11:17:53,744 - INFO - noise_predictor.blocks.0.graph_convolution.projections.2.weight	torch.Size([96, 96])	cuda:0	True
2026-05-08 11:17:53,744 - INFO - noise_predictor.blocks.0.graph_convolution.projections.2.bias	torch.Size([96])	cuda:0	True
2026-05-08 11:17:53,744 - INFO - noise_predictor.blocks.0.cross_attention.query_projection.weight	torch.Size([96, 96])	cuda:0	True
2026-05-08 11:17:53,744 - INFO - noise_predictor.blocks.0.cross_attention.query_projection.bias	torch.Size([96])	cuda:0	True
2026-05-08 11:17:53,744 - INFO - noise_predictor.blocks.0.cross_attention.key_projection.weight	torch.Size([96, 96])	cuda:0	True
2026-05-08 11:17:53,744 - INFO - noise_predictor.blocks.0.cross_attention.key_projection.bias	torch.Size([96])	cuda:0	True
2026-05-08 11:17:53,744 - INFO - noise_predictor.blocks.0.cross_attention.value_projection.weight	torch.Size([96, 96])	cuda:0	True
2026-05-08 11:17:53,744 - INFO - noise_predictor.blocks.0.cross_attention.value_projection.bias	torch.Size([96])	cuda:0	True
2026-05-08 11:17:53,744 - INFO - noise_predictor.blocks.0.cross_attention.output_projection.weight	torch.Size([96, 96])	cuda:0	True
2026-05-08 11:17:53,744 - INFO - noise_predictor.blocks.0.cross_attention.output_projection.bias	torch.Size([96])	cuda:0	True
2026-05-08 11:17:53,744 - INFO - noise_predictor.blocks.0.spatiotemporal_attention.query_projection.weight	torch.Size([96, 96])	cuda:0	True
2026-05-08 11:17:53,744 - INFO - noise_predictor.blocks.0.spatiotemporal_attention.query_projection.bias	torch.Size([96])	cuda:0	True
2026-05-08 11:17:53,744 - INFO - noise_predictor.blocks.0.spatiotemporal_attention.key_projection.weight	torch.Size([96, 96])	cuda:0	True
2026-05-08 11:17:53,744 - INFO - noise_predictor.blocks.0.spatiotemporal_attention.key_projection.bias	torch.Size([96])	cuda:0	True
2026-05-08 11:17:53,744 - INFO - noise_predictor.blocks.0.spatiotemporal_attention.value_projection.weight	torch.Size([96, 96])	cuda:0	True
2026-05-08 11:17:53,744 - INFO - noise_predictor.blocks.0.spatiotemporal_attention.value_projection.bias	torch.Size([96])	cuda:0	True
2026-05-08 11:17:53,744 - INFO - noise_predictor.blocks.0.spatiotemporal_attention.output_projection.weight	torch.Size([96, 96])	cuda:0	True
2026-05-08 11:17:53,744 - INFO - noise_predictor.blocks.0.spatiotemporal_attention.output_projection.bias	torch.Size([96])	cuda:0	True
2026-05-08 11:17:53,744 - INFO - noise_predictor.blocks.0.feed_forward.network.0.weight	torch.Size([96, 96])	cuda:0	True
2026-05-08 11:17:53,744 - INFO - noise_predictor.blocks.0.feed_forward.network.0.bias	torch.Size([96])	cuda:0	True
2026-05-08 11:17:53,744 - INFO - noise_predictor.blocks.0.feed_forward.network.3.weight	torch.Size([96, 96])	cuda:0	True
2026-05-08 11:17:53,744 - INFO - noise_predictor.blocks.0.feed_forward.network.3.bias	torch.Size([96])	cuda:0	True
2026-05-08 11:17:53,744 - INFO - noise_predictor.blocks.0.norm_temporal.weight	torch.Size([96])	cuda:0	True
2026-05-08 11:17:53,744 - INFO - noise_predictor.blocks.0.norm_temporal.bias	torch.Size([96])	cuda:0	True
2026-05-08 11:17:53,744 - INFO - noise_predictor.blocks.0.norm_graph.weight	torch.Size([96])	cuda:0	True
2026-05-08 11:17:53,744 - INFO - noise_predictor.blocks.0.norm_graph.bias	torch.Size([96])	cuda:0	True
2026-05-08 11:17:53,744 - INFO - noise_predictor.blocks.0.norm_cross.weight	torch.Size([96])	cuda:0	True
2026-05-08 11:17:53,744 - INFO - noise_predictor.blocks.0.norm_cross.bias	torch.Size([96])	cuda:0	True
2026-05-08 11:17:53,744 - INFO - noise_predictor.blocks.0.norm_spatiotemporal.weight	torch.Size([96])	cuda:0	True
2026-05-08 11:17:53,745 - INFO - noise_predictor.blocks.0.norm_spatiotemporal.bias	torch.Size([96])	cuda:0	True
2026-05-08 11:17:53,745 - INFO - noise_predictor.blocks.0.norm_ffn.weight	torch.Size([96])	cuda:0	True
2026-05-08 11:17:53,745 - INFO - noise_predictor.blocks.0.norm_ffn.bias	torch.Size([96])	cuda:0	True
2026-05-08 11:17:53,745 - INFO - noise_predictor.blocks.1.temporal_attention.query_projection.weight	torch.Size([96, 96])	cuda:0	True
2026-05-08 11:17:53,745 - INFO - noise_predictor.blocks.1.temporal_attention.query_projection.bias	torch.Size([96])	cuda:0	True
2026-05-08 11:17:53,745 - INFO - noise_predictor.blocks.1.temporal_attention.key_projection.weight	torch.Size([96, 96])	cuda:0	True
2026-05-08 11:17:53,745 - INFO - noise_predictor.blocks.1.temporal_attention.key_projection.bias	torch.Size([96])	cuda:0	True
2026-05-08 11:17:53,745 - INFO - noise_predictor.blocks.1.temporal_attention.value_projection.weight	torch.Size([96, 96])	cuda:0	True
2026-05-08 11:17:53,745 - INFO - noise_predictor.blocks.1.temporal_attention.value_projection.bias	torch.Size([96])	cuda:0	True
2026-05-08 11:17:53,745 - INFO - noise_predictor.blocks.1.temporal_attention.output_projection.weight	torch.Size([96, 96])	cuda:0	True
2026-05-08 11:17:53,745 - INFO - noise_predictor.blocks.1.temporal_attention.output_projection.bias	torch.Size([96])	cuda:0	True
2026-05-08 11:17:53,745 - INFO - noise_predictor.blocks.1.graph_convolution.projections.0.weight	torch.Size([96, 96])	cuda:0	True
2026-05-08 11:17:53,745 - INFO - noise_predictor.blocks.1.graph_convolution.projections.0.bias	torch.Size([96])	cuda:0	True
2026-05-08 11:17:53,745 - INFO - noise_predictor.blocks.1.graph_convolution.projections.1.weight	torch.Size([96, 96])	cuda:0	True
2026-05-08 11:17:53,745 - INFO - noise_predictor.blocks.1.graph_convolution.projections.1.bias	torch.Size([96])	cuda:0	True
2026-05-08 11:17:53,745 - INFO - noise_predictor.blocks.1.graph_convolution.projections.2.weight	torch.Size([96, 96])	cuda:0	True
2026-05-08 11:17:53,745 - INFO - noise_predictor.blocks.1.graph_convolution.projections.2.bias	torch.Size([96])	cuda:0	True
2026-05-08 11:17:53,745 - INFO - noise_predictor.blocks.1.cross_attention.query_projection.weight	torch.Size([96, 96])	cuda:0	True
2026-05-08 11:17:53,745 - INFO - noise_predictor.blocks.1.cross_attention.query_projection.bias	torch.Size([96])	cuda:0	True
2026-05-08 11:17:53,745 - INFO - noise_predictor.blocks.1.cross_attention.key_projection.weight	torch.Size([96, 96])	cuda:0	True
2026-05-08 11:17:53,745 - INFO - noise_predictor.blocks.1.cross_attention.key_projection.bias	torch.Size([96])	cuda:0	True
2026-05-08 11:17:53,745 - INFO - noise_predictor.blocks.1.cross_attention.value_projection.weight	torch.Size([96, 96])	cuda:0	True
2026-05-08 11:17:53,745 - INFO - noise_predictor.blocks.1.cross_attention.value_projection.bias	torch.Size([96])	cuda:0	True
2026-05-08 11:17:53,745 - INFO - noise_predictor.blocks.1.cross_attention.output_projection.weight	torch.Size([96, 96])	cuda:0	True
2026-05-08 11:17:53,745 - INFO - noise_predictor.blocks.1.cross_attention.output_projection.bias	torch.Size([96])	cuda:0	True
2026-05-08 11:17:53,745 - INFO - noise_predictor.blocks.1.spatiotemporal_attention.query_projection.weight	torch.Size([96, 96])	cuda:0	True
2026-05-08 11:17:53,745 - INFO - noise_predictor.blocks.1.spatiotemporal_attention.query_projection.bias	torch.Size([96])	cuda:0	True
2026-05-08 11:17:53,745 - INFO - noise_predictor.blocks.1.spatiotemporal_attention.key_projection.weight	torch.Size([96, 96])	cuda:0	True
2026-05-08 11:17:53,745 - INFO - noise_predictor.blocks.1.spatiotemporal_attention.key_projection.bias	torch.Size([96])	cuda:0	True
2026-05-08 11:17:53,745 - INFO - noise_predictor.blocks.1.spatiotemporal_attention.value_projection.weight	torch.Size([96, 96])	cuda:0	True
2026-05-08 11:17:53,745 - INFO - noise_predictor.blocks.1.spatiotemporal_attention.value_projection.bias	torch.Size([96])	cuda:0	True
2026-05-08 11:17:53,745 - INFO - noise_predictor.blocks.1.spatiotemporal_attention.output_projection.weight	torch.Size([96, 96])	cuda:0	True
2026-05-08 11:17:53,745 - INFO - noise_predictor.blocks.1.spatiotemporal_attention.output_projection.bias	torch.Size([96])	cuda:0	True
2026-05-08 11:17:53,745 - INFO - noise_predictor.blocks.1.feed_forward.network.0.weight	torch.Size([96, 96])	cuda:0	True
2026-05-08 11:17:53,745 - INFO - noise_predictor.blocks.1.feed_forward.network.0.bias	torch.Size([96])	cuda:0	True
2026-05-08 11:17:53,745 - INFO - noise_predictor.blocks.1.feed_forward.network.3.weight	torch.Size([96, 96])	cuda:0	True
2026-05-08 11:17:53,745 - INFO - noise_predictor.blocks.1.feed_forward.network.3.bias	torch.Size([96])	cuda:0	True
2026-05-08 11:17:53,745 - INFO - noise_predictor.blocks.1.norm_temporal.weight	torch.Size([96])	cuda:0	True
2026-05-08 11:17:53,745 - INFO - noise_predictor.blocks.1.norm_temporal.bias	torch.Size([96])	cuda:0	True
2026-05-08 11:17:53,745 - INFO - noise_predictor.blocks.1.norm_graph.weight	torch.Size([96])	cuda:0	True
2026-05-08 11:17:53,745 - INFO - noise_predictor.blocks.1.norm_graph.bias	torch.Size([96])	cuda:0	True
2026-05-08 11:17:53,746 - INFO - noise_predictor.blocks.1.norm_cross.weight	torch.Size([96])	cuda:0	True
2026-05-08 11:17:53,746 - INFO - noise_predictor.blocks.1.norm_cross.bias	torch.Size([96])	cuda:0	True
2026-05-08 11:17:53,746 - INFO - noise_predictor.blocks.1.norm_spatiotemporal.weight	torch.Size([96])	cuda:0	True
2026-05-08 11:17:53,746 - INFO - noise_predictor.blocks.1.norm_spatiotemporal.bias	torch.Size([96])	cuda:0	True
2026-05-08 11:17:53,746 - INFO - noise_predictor.blocks.1.norm_ffn.weight	torch.Size([96])	cuda:0	True
2026-05-08 11:17:53,746 - INFO - noise_predictor.blocks.1.norm_ffn.bias	torch.Size([96])	cuda:0	True
2026-05-08 11:17:53,746 - INFO - noise_predictor.blocks.2.temporal_attention.query_projection.weight	torch.Size([96, 96])	cuda:0	True
2026-05-08 11:17:53,746 - INFO - noise_predictor.blocks.2.temporal_attention.query_projection.bias	torch.Size([96])	cuda:0	True
2026-05-08 11:17:53,746 - INFO - noise_predictor.blocks.2.temporal_attention.key_projection.weight	torch.Size([96, 96])	cuda:0	True
2026-05-08 11:17:53,746 - INFO - noise_predictor.blocks.2.temporal_attention.key_projection.bias	torch.Size([96])	cuda:0	True
2026-05-08 11:17:53,746 - INFO - noise_predictor.blocks.2.temporal_attention.value_projection.weight	torch.Size([96, 96])	cuda:0	True
2026-05-08 11:17:53,746 - INFO - noise_predictor.blocks.2.temporal_attention.value_projection.bias	torch.Size([96])	cuda:0	True
2026-05-08 11:17:53,746 - INFO - noise_predictor.blocks.2.temporal_attention.output_projection.weight	torch.Size([96, 96])	cuda:0	True
2026-05-08 11:17:53,746 - INFO - noise_predictor.blocks.2.temporal_attention.output_projection.bias	torch.Size([96])	cuda:0	True
2026-05-08 11:17:53,746 - INFO - noise_predictor.blocks.2.graph_convolution.projections.0.weight	torch.Size([96, 96])	cuda:0	True
2026-05-08 11:17:53,746 - INFO - noise_predictor.blocks.2.graph_convolution.projections.0.bias	torch.Size([96])	cuda:0	True
2026-05-08 11:17:53,746 - INFO - noise_predictor.blocks.2.graph_convolution.projections.1.weight	torch.Size([96, 96])	cuda:0	True
2026-05-08 11:17:53,746 - INFO - noise_predictor.blocks.2.graph_convolution.projections.1.bias	torch.Size([96])	cuda:0	True
2026-05-08 11:17:53,746 - INFO - noise_predictor.blocks.2.graph_convolution.projections.2.weight	torch.Size([96, 96])	cuda:0	True
2026-05-08 11:17:53,746 - INFO - noise_predictor.blocks.2.graph_convolution.projections.2.bias	torch.Size([96])	cuda:0	True
2026-05-08 11:17:53,746 - INFO - noise_predictor.blocks.2.cross_attention.query_projection.weight	torch.Size([96, 96])	cuda:0	True
2026-05-08 11:17:53,746 - INFO - noise_predictor.blocks.2.cross_attention.query_projection.bias	torch.Size([96])	cuda:0	True
2026-05-08 11:17:53,746 - INFO - noise_predictor.blocks.2.cross_attention.key_projection.weight	torch.Size([96, 96])	cuda:0	True
2026-05-08 11:17:53,746 - INFO - noise_predictor.blocks.2.cross_attention.key_projection.bias	torch.Size([96])	cuda:0	True
2026-05-08 11:17:53,746 - INFO - noise_predictor.blocks.2.cross_attention.value_projection.weight	torch.Size([96, 96])	cuda:0	True
2026-05-08 11:17:53,746 - INFO - noise_predictor.blocks.2.cross_attention.value_projection.bias	torch.Size([96])	cuda:0	True
2026-05-08 11:17:53,746 - INFO - noise_predictor.blocks.2.cross_attention.output_projection.weight	torch.Size([96, 96])	cuda:0	True
2026-05-08 11:17:53,746 - INFO - noise_predictor.blocks.2.cross_attention.output_projection.bias	torch.Size([96])	cuda:0	True
2026-05-08 11:17:53,746 - INFO - noise_predictor.blocks.2.spatiotemporal_attention.query_projection.weight	torch.Size([96, 96])	cuda:0	True
2026-05-08 11:17:53,746 - INFO - noise_predictor.blocks.2.spatiotemporal_attention.query_projection.bias	torch.Size([96])	cuda:0	True
2026-05-08 11:17:53,746 - INFO - noise_predictor.blocks.2.spatiotemporal_attention.key_projection.weight	torch.Size([96, 96])	cuda:0	True
2026-05-08 11:17:53,746 - INFO - noise_predictor.blocks.2.spatiotemporal_attention.key_projection.bias	torch.Size([96])	cuda:0	True
2026-05-08 11:17:53,746 - INFO - noise_predictor.blocks.2.spatiotemporal_attention.value_projection.weight	torch.Size([96, 96])	cuda:0	True
2026-05-08 11:17:53,746 - INFO - noise_predictor.blocks.2.spatiotemporal_attention.value_projection.bias	torch.Size([96])	cuda:0	True
2026-05-08 11:17:53,746 - INFO - noise_predictor.blocks.2.spatiotemporal_attention.output_projection.weight	torch.Size([96, 96])	cuda:0	True
2026-05-08 11:17:53,746 - INFO - noise_predictor.blocks.2.spatiotemporal_attention.output_projection.bias	torch.Size([96])	cuda:0	True
2026-05-08 11:17:53,746 - INFO - noise_predictor.blocks.2.feed_forward.network.0.weight	torch.Size([96, 96])	cuda:0	True
2026-05-08 11:17:53,746 - INFO - noise_predictor.blocks.2.feed_forward.network.0.bias	torch.Size([96])	cuda:0	True
2026-05-08 11:17:53,746 - INFO - noise_predictor.blocks.2.feed_forward.network.3.weight	torch.Size([96, 96])	cuda:0	True
2026-05-08 11:17:53,746 - INFO - noise_predictor.blocks.2.feed_forward.network.3.bias	torch.Size([96])	cuda:0	True
2026-05-08 11:17:53,747 - INFO - noise_predictor.blocks.2.norm_temporal.weight	torch.Size([96])	cuda:0	True
2026-05-08 11:17:53,747 - INFO - noise_predictor.blocks.2.norm_temporal.bias	torch.Size([96])	cuda:0	True
2026-05-08 11:17:53,747 - INFO - noise_predictor.blocks.2.norm_graph.weight	torch.Size([96])	cuda:0	True
2026-05-08 11:17:53,747 - INFO - noise_predictor.blocks.2.norm_graph.bias	torch.Size([96])	cuda:0	True
2026-05-08 11:17:53,747 - INFO - noise_predictor.blocks.2.norm_cross.weight	torch.Size([96])	cuda:0	True
2026-05-08 11:17:53,747 - INFO - noise_predictor.blocks.2.norm_cross.bias	torch.Size([96])	cuda:0	True
2026-05-08 11:17:53,747 - INFO - noise_predictor.blocks.2.norm_spatiotemporal.weight	torch.Size([96])	cuda:0	True
2026-05-08 11:17:53,747 - INFO - noise_predictor.blocks.2.norm_spatiotemporal.bias	torch.Size([96])	cuda:0	True
2026-05-08 11:17:53,747 - INFO - noise_predictor.blocks.2.norm_ffn.weight	torch.Size([96])	cuda:0	True
2026-05-08 11:17:53,747 - INFO - noise_predictor.blocks.2.norm_ffn.bias	torch.Size([96])	cuda:0	True
2026-05-08 11:17:53,747 - INFO - noise_predictor.final_norm.weight	torch.Size([96])	cuda:0	True
2026-05-08 11:17:53,747 - INFO - noise_predictor.final_norm.bias	torch.Size([96])	cuda:0	True
2026-05-08 11:17:53,747 - INFO - noise_predictor.output_projection.weight	torch.Size([3, 96])	cuda:0	True
2026-05-08 11:17:53,747 - INFO - noise_predictor.output_projection.bias	torch.Size([3])	cuda:0	True
2026-05-08 11:17:53,747 - INFO - noise_predictor.adaptive_graph_learner.node_embeddings	torch.Size([307, 32])	cuda:0	True
2026-05-08 11:17:53,747 - INFO - noise_predictor.adaptive_graph_learner.blend_logit	torch.Size([])	cuda:0	True
2026-05-08 11:17:53,747 - INFO - noise_predictor.adaptive_graph_learner.fuzzy_centers	torch.Size([3])	cuda:0	True
2026-05-08 11:17:53,747 - INFO - noise_predictor.adaptive_graph_learner.fuzzy_log_sigmas	torch.Size([3])	cuda:0	True
2026-05-08 11:17:53,747 - INFO - noise_predictor.adaptive_graph_learner.fuzzy_rule_logits	torch.Size([3])	cuda:0	True
2026-05-08 11:17:53,747 - INFO - noise_predictor.adaptive_graph_learner.feature_projection.weight	torch.Size([32, 96])	cuda:0	True
2026-05-08 11:17:53,747 - INFO - noise_predictor.adaptive_graph_learner.feature_projection.bias	torch.Size([32])	cuda:0	True
2026-05-08 11:17:53,747 - INFO - noise_predictor.adaptive_graph_learner.time_projection.weight	torch.Size([32, 96])	cuda:0	True
2026-05-08 11:17:53,747 - INFO - noise_predictor.adaptive_graph_learner.time_projection.bias	torch.Size([32])	cuda:0	True
2026-05-08 11:17:53,747 - INFO - Total parameter numbers: 703501
2026-05-08 11:17:53,747 - INFO - You select `adamw` optimizer.
2026-05-08 11:17:54,487 - INFO - You select `cosineannealinglr` lr_scheduler.
2026-05-08 11:17:54,487 - WARNING - Received none train loss func and will use the loss func defined in the model.
2026-05-08 11:17:54,487 - INFO - Start training ...
2026-05-08 11:17:54,487 - INFO - num_batches:638
2026-05-08 11:17:54,687 - INFO - Enable physics warmup: steps=2000 start_ratio=0.200 mode=linear.
2026-05-08 11:20:02,713 - INFO - epoch complete!
2026-05-08 11:20:02,713 - INFO - evaluating now!
2026-05-08 11:20:14,805 - INFO - Epoch [0/10] train_loss: 0.1640, val_loss: 0.1015, lr: 0.000976, 140.32s
2026-05-08 11:20:14,848 - INFO - Saved model at 0
2026-05-08 11:20:14,848 - INFO - Val loss decrease from inf to 0.1015, saving to /home/lizhuoxuan/lzq/Bigscity-LibCity-master/outputs/20260508_111743__traffic_state_pred__new_diffusion_fuzzy__PEMSD4/model_cache/new_diffusion_fuzzy_PEMSD4_epoch0.tar
2026-05-08 11:22:22,728 - INFO - epoch complete!
2026-05-08 11:22:22,728 - INFO - evaluating now!
2026-05-08 11:22:34,894 - INFO - Epoch [1/10] train_loss: 0.0857, val_loss: 0.0765, lr: 0.000905, 140.05s
2026-05-08 11:22:34,936 - INFO - Saved model at 1
2026-05-08 11:22:34,936 - INFO - Val loss decrease from 0.1015 to 0.0765, saving to /home/lizhuoxuan/lzq/Bigscity-LibCity-master/outputs/20260508_111743__traffic_state_pred__new_diffusion_fuzzy__PEMSD4/model_cache/new_diffusion_fuzzy_PEMSD4_epoch1.tar
2026-05-08 11:24:42,913 - INFO - epoch complete!
2026-05-08 11:24:42,913 - INFO - evaluating now!
2026-05-08 11:24:55,080 - INFO - Epoch [2/10] train_loss: 0.0770, val_loss: 0.0716, lr: 0.000796, 140.14s
2026-05-08 11:24:55,122 - INFO - Saved model at 2
2026-05-08 11:24:55,122 - INFO - Val loss decrease from 0.0765 to 0.0716, saving to /home/lizhuoxuan/lzq/Bigscity-LibCity-master/outputs/20260508_111743__traffic_state_pred__new_diffusion_fuzzy__PEMSD4/model_cache/new_diffusion_fuzzy_PEMSD4_epoch2.tar
2026-05-08 11:25:12,218 - INFO - Physics warmup reached full weight at step=2000.
2026-05-08 11:27:03,104 - INFO - epoch complete!
2026-05-08 11:27:03,105 - INFO - evaluating now!
2026-05-08 11:27:15,270 - INFO - Epoch [3/10] train_loss: 0.0733, val_loss: 0.0707, lr: 0.000658, 140.15s
2026-05-08 11:27:15,311 - INFO - Saved model at 3
2026-05-08 11:27:15,311 - INFO - Val loss decrease from 0.0716 to 0.0707, saving to /home/lizhuoxuan/lzq/Bigscity-LibCity-master/outputs/20260508_111743__traffic_state_pred__new_diffusion_fuzzy__PEMSD4/model_cache/new_diffusion_fuzzy_PEMSD4_epoch3.tar
2026-05-08 11:29:23,247 - INFO - epoch complete!
2026-05-08 11:29:23,248 - INFO - evaluating now!
2026-05-08 11:29:35,361 - INFO - Epoch [4/10] train_loss: 0.0706, val_loss: 0.0723, lr: 0.000505, 140.05s
2026-05-08 11:31:43,313 - INFO - epoch complete!
2026-05-08 11:31:43,313 - INFO - evaluating now!
2026-05-08 11:31:55,430 - INFO - Epoch [5/10] train_loss: 0.0667, val_loss: 0.0738, lr: 0.000352, 140.07s
2026-05-08 11:34:03,392 - INFO - epoch complete!
2026-05-08 11:34:03,392 - INFO - evaluating now!
2026-05-08 11:34:15,540 - INFO - Epoch [6/10] train_loss: 0.0642, val_loss: 0.0671, lr: 0.000214, 140.11s
2026-05-08 11:34:15,582 - INFO - Saved model at 6
2026-05-08 11:34:15,583 - INFO - Val loss decrease from 0.0707 to 0.0671, saving to /home/lizhuoxuan/lzq/Bigscity-LibCity-master/outputs/20260508_111743__traffic_state_pred__new_diffusion_fuzzy__PEMSD4/model_cache/new_diffusion_fuzzy_PEMSD4_epoch6.tar
2026-05-08 11:36:23,514 - INFO - epoch complete!
2026-05-08 11:36:23,514 - INFO - evaluating now!
2026-05-08 11:36:35,651 - INFO - Epoch [7/10] train_loss: 0.0648, val_loss: 0.0642, lr: 0.000105, 140.07s
2026-05-08 11:36:35,693 - INFO - Saved model at 7
2026-05-08 11:36:35,693 - INFO - Val loss decrease from 0.0671 to 0.0642, saving to /home/lizhuoxuan/lzq/Bigscity-LibCity-master/outputs/20260508_111743__traffic_state_pred__new_diffusion_fuzzy__PEMSD4/model_cache/new_diffusion_fuzzy_PEMSD4_epoch7.tar
2026-05-08 11:38:43,678 - INFO - epoch complete!
2026-05-08 11:38:43,678 - INFO - evaluating now!
2026-05-08 11:38:55,939 - INFO - Epoch [8/10] train_loss: 0.0630, val_loss: 0.0627, lr: 0.000034, 140.25s
2026-05-08 11:38:55,980 - INFO - Saved model at 8
2026-05-08 11:38:55,981 - INFO - Val loss decrease from 0.0642 to 0.0627, saving to /home/lizhuoxuan/lzq/Bigscity-LibCity-master/outputs/20260508_111743__traffic_state_pred__new_diffusion_fuzzy__PEMSD4/model_cache/new_diffusion_fuzzy_PEMSD4_epoch8.tar
2026-05-08 11:41:03,977 - INFO - epoch complete!
2026-05-08 11:41:03,978 - INFO - evaluating now!
2026-05-08 11:41:16,132 - INFO - Epoch [9/10] train_loss: 0.0633, val_loss: 0.0623, lr: 0.000010, 140.15s
2026-05-08 11:41:16,173 - INFO - Saved model at 9
2026-05-08 11:41:16,173 - INFO - Val loss decrease from 0.0627 to 0.0623, saving to /home/lizhuoxuan/lzq/Bigscity-LibCity-master/outputs/20260508_111743__traffic_state_pred__new_diffusion_fuzzy__PEMSD4/model_cache/new_diffusion_fuzzy_PEMSD4_epoch9.tar
2026-05-08 11:41:16,174 - INFO - Trained totally 10 epochs, average train time is 127.983s, average eval time is 12.152s
2026-05-08 11:41:16,282 - INFO - Loaded model at 9
2026-05-08 11:41:16,282 - INFO - Saved model at /home/lizhuoxuan/lzq/Bigscity-LibCity-master/outputs/20260508_111743__traffic_state_pred__new_diffusion_fuzzy__PEMSD4/model_cache/new_diffusion_fuzzy_PEMSD4.m
2026-05-08 11:41:16,331 - INFO - Start evaluating ...
2026-05-08 11:58:36,529 - INFO - Note that you select the single mode to evaluate!
2026-05-08 11:58:36,536 - INFO - Evaluate result is saved at /home/lizhuoxuan/lzq/Bigscity-LibCity-master/outputs/20260508_111743__traffic_state_pred__new_diffusion_fuzzy__PEMSD4/evaluate_cache/2026_05_08_11_58_36_new_diffusion_fuzzy_PEMSD4.csv
2026-05-08 11:58:36,554 - INFO - 
          MAE          MAPE           MSE  ...  masked_RMSE        R2      EVAR
1   33.763802   7003.901855   7215.799316  ...    85.299179  0.565491  0.607652
2   35.310032   7372.326660   7699.813477  ...    88.112762  0.536340  0.582393
3   37.018272   7927.738770   8249.876953  ...    91.205391  0.503249  0.553646
4   38.511745   8489.188477   8741.492188  ...    93.881142  0.473631  0.527969
5   39.791496   8953.290039   9186.051758  ...    96.239525  0.446862  0.504835
6   40.985443   9596.411133   9585.746094  ...    98.307518  0.422753  0.483798
7   42.107952  10212.425781   9982.893555  ...   100.324013  0.398828  0.463038
8   43.213074  10857.969727  10379.830078  ...   102.296967  0.374919  0.442323
9   44.385265  11690.106445  10805.943359  ...   104.373131  0.349273  0.419822
10  45.421276  12424.411133  11200.996094  ...   106.260872  0.325463  0.399025
11  46.388245  13378.656250  11563.937500  ...   107.965744  0.303603  0.379925
12  47.247246  14184.524414  11899.681641  ...   109.519562  0.283398  0.362514

[12 rows x 10 columns]
