2026-05-14 15:32:42,309 - INFO - Log directory: /home/lizhuoxuan/lzq/Bigscity-LibCity-master/outputs/20260514_153242__traffic_state_pred__new_diffusion_fuzzy_2__PEMSD4/logs
2026-05-14 15:32:42,309 - INFO - Begin artifact training pipeline, task=traffic_state_pred, model_name=new_diffusion_fuzzy_2, dataset_name=PEMSD4, exp_id=20260514_153242__traffic_state_pred__new_diffusion_fuzzy_2__PEMSD4
2026-05-14 15:32:42,309 - INFO - {'task': 'traffic_state_pred', 'model': 'new_diffusion_fuzzy_2', 'dataset': 'PEMSD4', 'saved_model': True, 'train': True, 'seed': 42, 'train_rate': 0.6, 'eval_rate': 0.2, 'batch_size': 32, 'learning_rate': 0.001, 'max_epoch': 50, 'dataset_class': 'TrafficStatePointDataset', 'executor': 'DiffusionTrafficStateExecutor', 'evaluator': 'TrafficStateEvaluator', 'adaptive_graph_blend_init': 0.5, 'adaptive_graph_embed_dim': 32, 'adaptive_graph_topk': 12, 'beta_end': 0.01, 'beta_start': 0.0001, 'calculate_weight_adj': False, 'data_col': ['traffic_flow', 'traffic_occupancy', 'traffic_speed'], 'data_files': ['PEMSD4'], 'ddim_eta': 0, 'denoiser_layers': 6, 'device': device(type='cuda', index=0), 'diffusion_schedule': 'linear', 'diffusion_steps': 200, 'disturb_rate': 0.5, 'dropout': 0.1, 'dyna': {'including_types': ['state'], 'state': {'entity_id': 'geo_id', 'traffic_flow': 'num', 'traffic_occupancy': 'num', 'traffic_speed': 'num'}}, 'encoder_layers': 2, 'eval_batch_size': 32, 'evaluator_mode': 'single', 'ffn_hidden_dim': 256, 'flow_conservation_coeff': 1, 'fuzzy_conservation_temperature': 8, 'fuzzy_conservation_threshold': 0.6, 'fuzzy_graph_num_sets': 3, 'fuzzy_graph_sigma_init': 0.7, 'geo': {'including_types': ['Point'], 'Point': {}}, 'geo_file': 'PEMSD4', 'graph_k_hop': 2, 'hidden_dim': 128, 'init_weight_inf_or_zero': 'zero', 'is_distributed': True, 'metrics': ['MAE', 'MAPE', 'MSE', 'RMSE', 'masked_MAE', 'masked_MAPE', 'masked_MSE', 'masked_RMSE', 'R2', 'EVAR'], 'noise_SD': [10], 'noise_mean': [5], 'noise_type': 'gaussian', 'num_heads': 4, 'num_prediction_samples': 1, 'num_sampling_steps': 50, 'num_workers': 0, 'output_dim': 3, 'pad_with_last_sample': True, 'physics_channel_idx': 0, 'physics_loss_weight': 0, 'physics_warmup_mode': 'linear', 'physics_warmup_start_ratio': 0.2, 'physics_warmup_steps': 3000, 'prediction_clamp_max': 3, 'prediction_clamp_min': -3, 'rank': 0, 'rel': {'including_types': ['geo'], 'geo': {'cost': 'num'}}, 'rel_file': 'PEMSD4', 'robustness_test': False, 'sampling_method': 'ddim', 'save_mode': ['csv'], 'scale_lr': False, 'set_weight_link_or_dist': 'link', 'time_intervals': 300, 'use_adaptive_graph': True, 'use_amp': True, 'use_fuzzy_conservation': True, 'use_fuzzy_graph': True, 'use_gradient_checkpointing': False, 'use_spatiotemporal_attention': True, 'use_temporal_position_embedding': True, 'weight_adj_epsilon': 0.1, 'weight_col': 'cost', 'world_size': 4, 'clip_grad_norm': True, 'epoch': 0, 'gpu': True, 'gpu_id': 0, 'learner': 'adamw', 'load_best_epoch': True, 'log_every': 1, 'lr_T_max': 10, 'lr_decay': True, 'lr_eta_min': 1e-05, 'lr_scheduler': 'cosineannealinglr', 'max_grad_norm': 3, 'patience': 30, 'train_loss': 'none', 'use_early_stop': True, 'weight_decay': 0.0001, 'data_version_id': 'dv_1778739638_21d60162', 'input_window': 12, 'output_window': 12, 'scaler': 'standard', 'load_external': False, 'normal_external': False, 'add_time_in_day': True, 'add_day_in_week': True, 'cache_dataset': True, 'ext_scaler': 'none', 'local_rank': 0, 'dist_backend': 'nccl', 'exp_id': '20260514_153242__traffic_state_pred__new_diffusion_fuzzy_2__PEMSD4'}
2026-05-14 15:32:42,468 - INFO - Log directory: /home/lizhuoxuan/lzq/Bigscity-LibCity-master/outputs/20260514_153242__traffic_state_pred__new_diffusion_fuzzy_2__PEMSD4/logs
2026-05-14 15:32:42,731 - INFO - Log directory: /home/lizhuoxuan/lzq/Bigscity-LibCity-master/outputs/20260514_153242__traffic_state_pred__new_diffusion_fuzzy_2__PEMSD4/logs
2026-05-14 15:32:42,960 - INFO - Log directory: /home/lizhuoxuan/lzq/Bigscity-LibCity-master/outputs/20260514_153242__traffic_state_pred__new_diffusion_fuzzy_2__PEMSD4/logs
2026-05-14 15:33:04,655 - INFO - DistributedDataParallel(
  (module): NewDiffusion(
    (condition_encoder): STEncoder(
      (input_projection): Linear(in_features=3, out_features=128, bias=True)
      (blocks): ModuleList(
        (0-1): 2 x STEncoderBlock(
          (temporal_attention): MultiHeadAttention(
            (query_projection): Linear(in_features=128, out_features=128, bias=True)
            (key_projection): Linear(in_features=128, out_features=128, bias=True)
            (value_projection): Linear(in_features=128, out_features=128, bias=True)
            (output_projection): Linear(in_features=128, out_features=128, bias=True)
            (dropout): Dropout(p=0.1, inplace=False)
          )
          (graph_convolution): GraphConvolution(
            (projections): ModuleList(
              (0-2): 3 x Linear(in_features=128, out_features=128, bias=True)
            )
          )
          (feed_forward): FeedForwardNetwork(
            (network): Sequential(
              (0): Linear(in_features=128, out_features=256, bias=True)
              (1): GELU(approximate='none')
              (2): Dropout(p=0.1, inplace=False)
              (3): Linear(in_features=256, out_features=128, bias=True)
              (4): Dropout(p=0.1, inplace=False)
            )
          )
          (norm_temporal): LayerNorm((128,), eps=1e-05, elementwise_affine=True)
          (norm_graph): LayerNorm((128,), eps=1e-05, elementwise_affine=True)
          (norm_ffn): LayerNorm((128,), eps=1e-05, elementwise_affine=True)
          (dropout): Dropout(p=0.1, inplace=False)
        )
      )
      (final_norm): LayerNorm((128,), eps=1e-05, elementwise_affine=True)
    )
    (noise_predictor): AttentionDenoiser(
      (input_projection): Linear(in_features=3, out_features=128, bias=True)
      (time_embedding): SinusoidalTimeEmbedding()
      (time_projection): Sequential(
        (0): Linear(in_features=128, out_features=128, bias=True)
        (1): SiLU()
        (2): Linear(in_features=128, out_features=128, bias=True)
      )
      (condition_fusion): Linear(in_features=256, out_features=128, bias=True)
      (blocks): ModuleList(
        (0-5): 6 x DenoiserBlock(
          (temporal_attention): MultiHeadAttention(
            (query_projection): Linear(in_features=128, out_features=128, bias=True)
            (key_projection): Linear(in_features=128, out_features=128, bias=True)
            (value_projection): Linear(in_features=128, out_features=128, bias=True)
            (output_projection): Linear(in_features=128, out_features=128, bias=True)
            (dropout): Dropout(p=0.1, inplace=False)
          )
          (graph_convolution): GraphConvolution(
            (projections): ModuleList(
              (0-2): 3 x Linear(in_features=128, out_features=128, bias=True)
            )
          )
          (cross_attention): MultiHeadAttention(
            (query_projection): Linear(in_features=128, out_features=128, bias=True)
            (key_projection): Linear(in_features=128, out_features=128, bias=True)
            (value_projection): Linear(in_features=128, out_features=128, bias=True)
            (output_projection): Linear(in_features=128, out_features=128, bias=True)
            (dropout): Dropout(p=0.1, inplace=False)
          )
          (spatiotemporal_attention): MultiHeadAttention(
            (query_projection): Linear(in_features=128, out_features=128, bias=True)
            (key_projection): Linear(in_features=128, out_features=128, bias=True)
            (value_projection): Linear(in_features=128, out_features=128, bias=True)
            (output_projection): Linear(in_features=128, out_features=128, bias=True)
            (dropout): Dropout(p=0.1, inplace=False)
          )
          (feed_forward): FeedForwardNetwork(
            (network): Sequential(
              (0): Linear(in_features=128, out_features=256, bias=True)
              (1): GELU(approximate='none')
              (2): Dropout(p=0.1, inplace=False)
              (3): Linear(in_features=256, out_features=128, bias=True)
              (4): Dropout(p=0.1, inplace=False)
            )
          )
          (norm_temporal): LayerNorm((128,), eps=1e-05, elementwise_affine=True)
          (norm_graph): LayerNorm((128,), eps=1e-05, elementwise_affine=True)
          (norm_cross): LayerNorm((128,), eps=1e-05, elementwise_affine=True)
          (norm_spatiotemporal): LayerNorm((128,), eps=1e-05, elementwise_affine=True)
          (norm_ffn): LayerNorm((128,), eps=1e-05, elementwise_affine=True)
          (dropout): Dropout(p=0.1, inplace=False)
          (time_scale_shift): Sequential(
            (0): SiLU()
            (1): Linear(in_features=128, out_features=256, bias=True)
          )
        )
      )
      (final_norm): LayerNorm((128,), eps=1e-05, elementwise_affine=True)
      (output_projection): Linear(in_features=128, out_features=3, bias=True)
      (adaptive_graph_learner): AdaptiveGraphLearner(
        (feature_projection): Linear(in_features=128, out_features=32, bias=True)
        (time_projection): Linear(in_features=128, out_features=32, bias=True)
      )
    )
    (diffusion_scheduler): DiffusionScheduler()
  )
)
2026-05-14 15:33:04,662 - INFO - module.condition_encoder.temporal_position_embedding	torch.Size([1, 12, 1, 128])	cuda:0	True
2026-05-14 15:33:04,662 - INFO - module.condition_encoder.input_projection.weight	torch.Size([128, 3])	cuda:0	True
2026-05-14 15:33:04,662 - INFO - module.condition_encoder.input_projection.bias	torch.Size([128])	cuda:0	True
2026-05-14 15:33:04,662 - INFO - module.condition_encoder.blocks.0.temporal_attention.query_projection.weight	torch.Size([128, 128])	cuda:0	True
2026-05-14 15:33:04,662 - INFO - module.condition_encoder.blocks.0.temporal_attention.query_projection.bias	torch.Size([128])	cuda:0	True
2026-05-14 15:33:04,662 - INFO - module.condition_encoder.blocks.0.temporal_attention.key_projection.weight	torch.Size([128, 128])	cuda:0	True
2026-05-14 15:33:04,662 - INFO - module.condition_encoder.blocks.0.temporal_attention.key_projection.bias	torch.Size([128])	cuda:0	True
2026-05-14 15:33:04,662 - INFO - module.condition_encoder.blocks.0.temporal_attention.value_projection.weight	torch.Size([128, 128])	cuda:0	True
2026-05-14 15:33:04,662 - INFO - module.condition_encoder.blocks.0.temporal_attention.value_projection.bias	torch.Size([128])	cuda:0	True
2026-05-14 15:33:04,662 - INFO - module.condition_encoder.blocks.0.temporal_attention.output_projection.weight	torch.Size([128, 128])	cuda:0	True
2026-05-14 15:33:04,662 - INFO - module.condition_encoder.blocks.0.temporal_attention.output_projection.bias	torch.Size([128])	cuda:0	True
2026-05-14 15:33:04,662 - INFO - module.condition_encoder.blocks.0.graph_convolution.projections.0.weight	torch.Size([128, 128])	cuda:0	True
2026-05-14 15:33:04,662 - INFO - module.condition_encoder.blocks.0.graph_convolution.projections.0.bias	torch.Size([128])	cuda:0	True
2026-05-14 15:33:04,662 - INFO - module.condition_encoder.blocks.0.graph_convolution.projections.1.weight	torch.Size([128, 128])	cuda:0	True
2026-05-14 15:33:04,662 - INFO - module.condition_encoder.blocks.0.graph_convolution.projections.1.bias	torch.Size([128])	cuda:0	True
2026-05-14 15:33:04,662 - INFO - module.condition_encoder.blocks.0.graph_convolution.projections.2.weight	torch.Size([128, 128])	cuda:0	True
2026-05-14 15:33:04,662 - INFO - module.condition_encoder.blocks.0.graph_convolution.projections.2.bias	torch.Size([128])	cuda:0	True
2026-05-14 15:33:04,662 - INFO - module.condition_encoder.blocks.0.feed_forward.network.0.weight	torch.Size([256, 128])	cuda:0	True
2026-05-14 15:33:04,662 - INFO - module.condition_encoder.blocks.0.feed_forward.network.0.bias	torch.Size([256])	cuda:0	True
2026-05-14 15:33:04,662 - INFO - module.condition_encoder.blocks.0.feed_forward.network.3.weight	torch.Size([128, 256])	cuda:0	True
2026-05-14 15:33:04,662 - INFO - module.condition_encoder.blocks.0.feed_forward.network.3.bias	torch.Size([128])	cuda:0	True
2026-05-14 15:33:04,662 - INFO - module.condition_encoder.blocks.0.norm_temporal.weight	torch.Size([128])	cuda:0	True
2026-05-14 15:33:04,663 - INFO - module.condition_encoder.blocks.0.norm_temporal.bias	torch.Size([128])	cuda:0	True
2026-05-14 15:33:04,663 - INFO - module.condition_encoder.blocks.0.norm_graph.weight	torch.Size([128])	cuda:0	True
2026-05-14 15:33:04,663 - INFO - module.condition_encoder.blocks.0.norm_graph.bias	torch.Size([128])	cuda:0	True
2026-05-14 15:33:04,663 - INFO - module.condition_encoder.blocks.0.norm_ffn.weight	torch.Size([128])	cuda:0	True
2026-05-14 15:33:04,663 - INFO - module.condition_encoder.blocks.0.norm_ffn.bias	torch.Size([128])	cuda:0	True
2026-05-14 15:33:04,663 - INFO - module.condition_encoder.blocks.1.temporal_attention.query_projection.weight	torch.Size([128, 128])	cuda:0	True
2026-05-14 15:33:04,663 - INFO - module.condition_encoder.blocks.1.temporal_attention.query_projection.bias	torch.Size([128])	cuda:0	True
2026-05-14 15:33:04,663 - INFO - module.condition_encoder.blocks.1.temporal_attention.key_projection.weight	torch.Size([128, 128])	cuda:0	True
2026-05-14 15:33:04,663 - INFO - module.condition_encoder.blocks.1.temporal_attention.key_projection.bias	torch.Size([128])	cuda:0	True
2026-05-14 15:33:04,663 - INFO - module.condition_encoder.blocks.1.temporal_attention.value_projection.weight	torch.Size([128, 128])	cuda:0	True
2026-05-14 15:33:04,663 - INFO - module.condition_encoder.blocks.1.temporal_attention.value_projection.bias	torch.Size([128])	cuda:0	True
2026-05-14 15:33:04,663 - INFO - module.condition_encoder.blocks.1.temporal_attention.output_projection.weight	torch.Size([128, 128])	cuda:0	True
2026-05-14 15:33:04,663 - INFO - module.condition_encoder.blocks.1.temporal_attention.output_projection.bias	torch.Size([128])	cuda:0	True
2026-05-14 15:33:04,660 - INFO - Enable AMP training (dtype=float16).
2026-05-14 15:33:04,664 - INFO - You select `adamw` optimizer.
2026-05-14 15:33:04,662 - INFO - Enable AMP training (dtype=float16).
2026-05-14 15:33:04,666 - INFO - You select `cosineannealinglr` lr_scheduler.
2026-05-14 15:33:04,666 - INFO - You select `adamw` optimizer.
2026-05-14 15:33:04,666 - WARNING - Received none train loss func and will use the loss func defined in the model.
2026-05-14 15:33:04,667 - INFO - module.condition_encoder.blocks.1.graph_convolution.projections.0.weight	torch.Size([128, 128])	cuda:0	True
2026-05-14 15:33:04,667 - INFO - module.condition_encoder.blocks.1.graph_convolution.projections.0.bias	torch.Size([128])	cuda:0	True
2026-05-14 15:33:04,667 - INFO - module.condition_encoder.blocks.1.graph_convolution.projections.1.weight	torch.Size([128, 128])	cuda:0	True
2026-05-14 15:33:04,667 - INFO - module.condition_encoder.blocks.1.graph_convolution.projections.1.bias	torch.Size([128])	cuda:0	True
2026-05-14 15:33:04,667 - INFO - module.condition_encoder.blocks.1.graph_convolution.projections.2.weight	torch.Size([128, 128])	cuda:0	True
2026-05-14 15:33:04,667 - INFO - module.condition_encoder.blocks.1.graph_convolution.projections.2.bias	torch.Size([128])	cuda:0	True
2026-05-14 15:33:04,667 - INFO - module.condition_encoder.blocks.1.feed_forward.network.0.weight	torch.Size([256, 128])	cuda:0	True
2026-05-14 15:33:04,667 - INFO - module.condition_encoder.blocks.1.feed_forward.network.0.bias	torch.Size([256])	cuda:0	True
2026-05-14 15:33:04,667 - INFO - module.condition_encoder.blocks.1.feed_forward.network.3.weight	torch.Size([128, 256])	cuda:0	True
2026-05-14 15:33:04,668 - INFO - Start training ...
2026-05-14 15:33:04,668 - INFO - module.condition_encoder.blocks.1.feed_forward.network.3.bias	torch.Size([128])	cuda:0	True
2026-05-14 15:33:04,668 - INFO - module.condition_encoder.blocks.1.norm_temporal.weight	torch.Size([128])	cuda:0	True
2026-05-14 15:33:04,668 - INFO - module.condition_encoder.blocks.1.norm_temporal.bias	torch.Size([128])	cuda:0	True
2026-05-14 15:33:04,668 - INFO - module.condition_encoder.blocks.1.norm_graph.weight	torch.Size([128])	cuda:0	True
2026-05-14 15:33:04,668 - INFO - num_batches:80
2026-05-14 15:33:04,668 - INFO - module.condition_encoder.blocks.1.norm_graph.bias	torch.Size([128])	cuda:0	True
2026-05-14 15:33:04,668 - INFO - module.condition_encoder.blocks.1.norm_ffn.weight	torch.Size([128])	cuda:0	True
2026-05-14 15:33:04,668 - INFO - module.condition_encoder.blocks.1.norm_ffn.bias	torch.Size([128])	cuda:0	True
2026-05-14 15:33:04,668 - INFO - You select `cosineannealinglr` lr_scheduler.
2026-05-14 15:33:04,668 - WARNING - Received none train loss func and will use the loss func defined in the model.
2026-05-14 15:33:04,668 - INFO - module.condition_encoder.final_norm.weight	torch.Size([128])	cuda:0	True
2026-05-14 15:33:04,668 - INFO - module.condition_encoder.final_norm.bias	torch.Size([128])	cuda:0	True
2026-05-14 15:33:04,668 - INFO - module.noise_predictor.future_position_embedding	torch.Size([1, 12, 1, 128])	cuda:0	True
2026-05-14 15:33:04,668 - INFO - Start training ...
2026-05-14 15:33:04,668 - INFO - module.noise_predictor.condition_temporal_weight	torch.Size([12])	cuda:0	True
2026-05-14 15:33:04,668 - INFO - module.noise_predictor.input_projection.weight	torch.Size([128, 3])	cuda:0	True
2026-05-14 15:33:04,668 - INFO - num_batches:80
2026-05-14 15:33:04,668 - INFO - module.noise_predictor.input_projection.bias	torch.Size([128])	cuda:0	True
2026-05-14 15:33:04,668 - INFO - module.noise_predictor.time_projection.0.weight	torch.Size([128, 128])	cuda:0	True
2026-05-14 15:33:04,668 - INFO - module.noise_predictor.time_projection.0.bias	torch.Size([128])	cuda:0	True
2026-05-14 15:33:04,668 - INFO - module.noise_predictor.time_projection.2.weight	torch.Size([128, 128])	cuda:0	True
2026-05-14 15:33:04,668 - INFO - module.noise_predictor.time_projection.2.bias	torch.Size([128])	cuda:0	True
2026-05-14 15:33:04,668 - INFO - module.noise_predictor.condition_fusion.weight	torch.Size([128, 256])	cuda:0	True
2026-05-14 15:33:04,668 - INFO - module.noise_predictor.condition_fusion.bias	torch.Size([128])	cuda:0	True
2026-05-14 15:33:04,668 - INFO - module.noise_predictor.blocks.0.temporal_attention.query_projection.weight	torch.Size([128, 128])	cuda:0	True
2026-05-14 15:33:04,669 - INFO - module.noise_predictor.blocks.0.temporal_attention.query_projection.bias	torch.Size([128])	cuda:0	True
2026-05-14 15:33:04,669 - INFO - module.noise_predictor.blocks.0.temporal_attention.key_projection.weight	torch.Size([128, 128])	cuda:0	True
2026-05-14 15:33:04,669 - INFO - module.noise_predictor.blocks.0.temporal_attention.key_projection.bias	torch.Size([128])	cuda:0	True
2026-05-14 15:33:04,669 - INFO - module.noise_predictor.blocks.0.temporal_attention.value_projection.weight	torch.Size([128, 128])	cuda:0	True
2026-05-14 15:33:04,669 - INFO - module.noise_predictor.blocks.0.temporal_attention.value_projection.bias	torch.Size([128])	cuda:0	True
2026-05-14 15:33:04,669 - INFO - module.noise_predictor.blocks.0.temporal_attention.output_projection.weight	torch.Size([128, 128])	cuda:0	True
2026-05-14 15:33:04,669 - INFO - module.noise_predictor.blocks.0.temporal_attention.output_projection.bias	torch.Size([128])	cuda:0	True
2026-05-14 15:33:04,669 - INFO - module.noise_predictor.blocks.0.graph_convolution.projections.0.weight	torch.Size([128, 128])	cuda:0	True
2026-05-14 15:33:04,666 - INFO - Enable AMP training (dtype=float16).
2026-05-14 15:33:04,669 - INFO - module.noise_predictor.blocks.0.graph_convolution.projections.0.bias	torch.Size([128])	cuda:0	True
2026-05-14 15:33:04,669 - INFO - module.noise_predictor.blocks.0.graph_convolution.projections.1.weight	torch.Size([128, 128])	cuda:0	True
2026-05-14 15:33:04,669 - INFO - module.noise_predictor.blocks.0.graph_convolution.projections.1.bias	torch.Size([128])	cuda:0	True
2026-05-14 15:33:04,669 - INFO - You select `adamw` optimizer.
2026-05-14 15:33:04,669 - INFO - module.noise_predictor.blocks.0.graph_convolution.projections.2.weight	torch.Size([128, 128])	cuda:0	True
2026-05-14 15:33:04,669 - INFO - module.noise_predictor.blocks.0.graph_convolution.projections.2.bias	torch.Size([128])	cuda:0	True
2026-05-14 15:33:04,669 - INFO - module.noise_predictor.blocks.0.cross_attention.query_projection.weight	torch.Size([128, 128])	cuda:0	True
2026-05-14 15:33:04,669 - INFO - module.noise_predictor.blocks.0.cross_attention.query_projection.bias	torch.Size([128])	cuda:0	True
2026-05-14 15:33:04,669 - INFO - module.noise_predictor.blocks.0.cross_attention.key_projection.weight	torch.Size([128, 128])	cuda:0	True
2026-05-14 15:33:04,669 - INFO - module.noise_predictor.blocks.0.cross_attention.key_projection.bias	torch.Size([128])	cuda:0	True
2026-05-14 15:33:04,669 - INFO - module.noise_predictor.blocks.0.cross_attention.value_projection.weight	torch.Size([128, 128])	cuda:0	True
2026-05-14 15:33:04,669 - INFO - module.noise_predictor.blocks.0.cross_attention.value_projection.bias	torch.Size([128])	cuda:0	True
2026-05-14 15:33:04,669 - INFO - module.noise_predictor.blocks.0.cross_attention.output_projection.weight	torch.Size([128, 128])	cuda:0	True
2026-05-14 15:33:04,669 - INFO - module.noise_predictor.blocks.0.cross_attention.output_projection.bias	torch.Size([128])	cuda:0	True
2026-05-14 15:33:04,669 - INFO - module.noise_predictor.blocks.0.spatiotemporal_attention.query_projection.weight	torch.Size([128, 128])	cuda:0	True
2026-05-14 15:33:04,669 - INFO - module.noise_predictor.blocks.0.spatiotemporal_attention.query_projection.bias	torch.Size([128])	cuda:0	True
2026-05-14 15:33:04,669 - INFO - module.noise_predictor.blocks.0.spatiotemporal_attention.key_projection.weight	torch.Size([128, 128])	cuda:0	True
2026-05-14 15:33:04,669 - INFO - module.noise_predictor.blocks.0.spatiotemporal_attention.key_projection.bias	torch.Size([128])	cuda:0	True
2026-05-14 15:33:04,669 - INFO - module.noise_predictor.blocks.0.spatiotemporal_attention.value_projection.weight	torch.Size([128, 128])	cuda:0	True
2026-05-14 15:33:04,669 - INFO - module.noise_predictor.blocks.0.spatiotemporal_attention.value_projection.bias	torch.Size([128])	cuda:0	True
2026-05-14 15:33:04,669 - INFO - module.noise_predictor.blocks.0.spatiotemporal_attention.output_projection.weight	torch.Size([128, 128])	cuda:0	True
2026-05-14 15:33:04,670 - INFO - module.noise_predictor.blocks.0.spatiotemporal_attention.output_projection.bias	torch.Size([128])	cuda:0	True
2026-05-14 15:33:04,670 - INFO - module.noise_predictor.blocks.0.feed_forward.network.0.weight	torch.Size([256, 128])	cuda:0	True
2026-05-14 15:33:04,670 - INFO - module.noise_predictor.blocks.0.feed_forward.network.0.bias	torch.Size([256])	cuda:0	True
2026-05-14 15:33:04,670 - INFO - module.noise_predictor.blocks.0.feed_forward.network.3.weight	torch.Size([128, 256])	cuda:0	True
2026-05-14 15:33:04,670 - INFO - module.noise_predictor.blocks.0.feed_forward.network.3.bias	torch.Size([128])	cuda:0	True
2026-05-14 15:33:04,670 - INFO - module.noise_predictor.blocks.0.norm_temporal.weight	torch.Size([128])	cuda:0	True
2026-05-14 15:33:04,670 - INFO - module.noise_predictor.blocks.0.norm_temporal.bias	torch.Size([128])	cuda:0	True
2026-05-14 15:33:04,670 - INFO - module.noise_predictor.blocks.0.norm_graph.weight	torch.Size([128])	cuda:0	True
2026-05-14 15:33:04,670 - INFO - module.noise_predictor.blocks.0.norm_graph.bias	torch.Size([128])	cuda:0	True
2026-05-14 15:33:04,670 - INFO - module.noise_predictor.blocks.0.norm_cross.weight	torch.Size([128])	cuda:0	True
2026-05-14 15:33:04,670 - INFO - module.noise_predictor.blocks.0.norm_cross.bias	torch.Size([128])	cuda:0	True
2026-05-14 15:33:04,670 - INFO - module.noise_predictor.blocks.0.norm_spatiotemporal.weight	torch.Size([128])	cuda:0	True
2026-05-14 15:33:04,670 - INFO - module.noise_predictor.blocks.0.norm_spatiotemporal.bias	torch.Size([128])	cuda:0	True
2026-05-14 15:33:04,670 - INFO - module.noise_predictor.blocks.0.norm_ffn.weight	torch.Size([128])	cuda:0	True
2026-05-14 15:33:04,670 - INFO - module.noise_predictor.blocks.0.norm_ffn.bias	torch.Size([128])	cuda:0	True
2026-05-14 15:33:04,670 - INFO - module.noise_predictor.blocks.0.time_scale_shift.1.weight	torch.Size([256, 128])	cuda:0	True
2026-05-14 15:33:04,670 - INFO - module.noise_predictor.blocks.0.time_scale_shift.1.bias	torch.Size([256])	cuda:0	True
2026-05-14 15:33:04,670 - INFO - module.noise_predictor.blocks.1.temporal_attention.query_projection.weight	torch.Size([128, 128])	cuda:0	True
2026-05-14 15:33:04,670 - INFO - module.noise_predictor.blocks.1.temporal_attention.query_projection.bias	torch.Size([128])	cuda:0	True
2026-05-14 15:33:04,670 - INFO - module.noise_predictor.blocks.1.temporal_attention.key_projection.weight	torch.Size([128, 128])	cuda:0	True
2026-05-14 15:33:04,670 - INFO - module.noise_predictor.blocks.1.temporal_attention.key_projection.bias	torch.Size([128])	cuda:0	True
2026-05-14 15:33:04,670 - INFO - module.noise_predictor.blocks.1.temporal_attention.value_projection.weight	torch.Size([128, 128])	cuda:0	True
2026-05-14 15:33:04,670 - INFO - module.noise_predictor.blocks.1.temporal_attention.value_projection.bias	torch.Size([128])	cuda:0	True
2026-05-14 15:33:04,670 - INFO - module.noise_predictor.blocks.1.temporal_attention.output_projection.weight	torch.Size([128, 128])	cuda:0	True
2026-05-14 15:33:04,670 - INFO - module.noise_predictor.blocks.1.temporal_attention.output_projection.bias	torch.Size([128])	cuda:0	True
2026-05-14 15:33:04,670 - INFO - module.noise_predictor.blocks.1.graph_convolution.projections.0.weight	torch.Size([128, 128])	cuda:0	True
2026-05-14 15:33:04,670 - INFO - module.noise_predictor.blocks.1.graph_convolution.projections.0.bias	torch.Size([128])	cuda:0	True
2026-05-14 15:33:04,671 - INFO - module.noise_predictor.blocks.1.graph_convolution.projections.1.weight	torch.Size([128, 128])	cuda:0	True
2026-05-14 15:33:04,671 - INFO - module.noise_predictor.blocks.1.graph_convolution.projections.1.bias	torch.Size([128])	cuda:0	True
2026-05-14 15:33:04,671 - INFO - module.noise_predictor.blocks.1.graph_convolution.projections.2.weight	torch.Size([128, 128])	cuda:0	True
2026-05-14 15:33:04,671 - INFO - module.noise_predictor.blocks.1.graph_convolution.projections.2.bias	torch.Size([128])	cuda:0	True
2026-05-14 15:33:04,671 - INFO - module.noise_predictor.blocks.1.cross_attention.query_projection.weight	torch.Size([128, 128])	cuda:0	True
2026-05-14 15:33:04,671 - INFO - module.noise_predictor.blocks.1.cross_attention.query_projection.bias	torch.Size([128])	cuda:0	True
2026-05-14 15:33:04,671 - INFO - You select `cosineannealinglr` lr_scheduler.
2026-05-14 15:33:04,671 - INFO - module.noise_predictor.blocks.1.cross_attention.key_projection.weight	torch.Size([128, 128])	cuda:0	True
2026-05-14 15:33:04,671 - INFO - module.noise_predictor.blocks.1.cross_attention.key_projection.bias	torch.Size([128])	cuda:0	True
2026-05-14 15:33:04,671 - INFO - module.noise_predictor.blocks.1.cross_attention.value_projection.weight	torch.Size([128, 128])	cuda:0	True
2026-05-14 15:33:04,671 - INFO - module.noise_predictor.blocks.1.cross_attention.value_projection.bias	torch.Size([128])	cuda:0	True
2026-05-14 15:33:04,671 - INFO - module.noise_predictor.blocks.1.cross_attention.output_projection.weight	torch.Size([128, 128])	cuda:0	True
2026-05-14 15:33:04,671 - WARNING - Received none train loss func and will use the loss func defined in the model.
2026-05-14 15:33:04,671 - INFO - module.noise_predictor.blocks.1.cross_attention.output_projection.bias	torch.Size([128])	cuda:0	True
2026-05-14 15:33:04,671 - INFO - module.noise_predictor.blocks.1.spatiotemporal_attention.query_projection.weight	torch.Size([128, 128])	cuda:0	True
2026-05-14 15:33:04,671 - INFO - Start training ...
2026-05-14 15:33:04,671 - INFO - num_batches:80
2026-05-14 15:33:04,671 - INFO - module.noise_predictor.blocks.1.spatiotemporal_attention.query_projection.bias	torch.Size([128])	cuda:0	True
2026-05-14 15:33:04,675 - INFO - module.noise_predictor.blocks.1.spatiotemporal_attention.key_projection.weight	torch.Size([128, 128])	cuda:0	True
2026-05-14 15:33:04,675 - INFO - module.noise_predictor.blocks.1.spatiotemporal_attention.key_projection.bias	torch.Size([128])	cuda:0	True
2026-05-14 15:33:04,675 - INFO - module.noise_predictor.blocks.1.spatiotemporal_attention.value_projection.weight	torch.Size([128, 128])	cuda:0	True
2026-05-14 15:33:04,675 - INFO - module.noise_predictor.blocks.1.spatiotemporal_attention.value_projection.bias	torch.Size([128])	cuda:0	True
2026-05-14 15:33:04,675 - INFO - module.noise_predictor.blocks.1.spatiotemporal_attention.output_projection.weight	torch.Size([128, 128])	cuda:0	True
2026-05-14 15:33:04,675 - INFO - module.noise_predictor.blocks.1.spatiotemporal_attention.output_projection.bias	torch.Size([128])	cuda:0	True
2026-05-14 15:33:04,675 - INFO - module.noise_predictor.blocks.1.feed_forward.network.0.weight	torch.Size([256, 128])	cuda:0	True
2026-05-14 15:33:04,676 - INFO - module.noise_predictor.blocks.1.feed_forward.network.0.bias	torch.Size([256])	cuda:0	True
2026-05-14 15:33:04,676 - INFO - module.noise_predictor.blocks.1.feed_forward.network.3.weight	torch.Size([128, 256])	cuda:0	True
2026-05-14 15:33:04,676 - INFO - module.noise_predictor.blocks.1.feed_forward.network.3.bias	torch.Size([128])	cuda:0	True
2026-05-14 15:33:04,676 - INFO - module.noise_predictor.blocks.1.norm_temporal.weight	torch.Size([128])	cuda:0	True
2026-05-14 15:33:04,676 - INFO - module.noise_predictor.blocks.1.norm_temporal.bias	torch.Size([128])	cuda:0	True
2026-05-14 15:33:04,676 - INFO - module.noise_predictor.blocks.1.norm_graph.weight	torch.Size([128])	cuda:0	True
2026-05-14 15:33:04,676 - INFO - module.noise_predictor.blocks.1.norm_graph.bias	torch.Size([128])	cuda:0	True
2026-05-14 15:33:04,676 - INFO - module.noise_predictor.blocks.1.norm_cross.weight	torch.Size([128])	cuda:0	True
2026-05-14 15:33:04,676 - INFO - module.noise_predictor.blocks.1.norm_cross.bias	torch.Size([128])	cuda:0	True
2026-05-14 15:33:04,676 - INFO - module.noise_predictor.blocks.1.norm_spatiotemporal.weight	torch.Size([128])	cuda:0	True
2026-05-14 15:33:04,676 - INFO - module.noise_predictor.blocks.1.norm_spatiotemporal.bias	torch.Size([128])	cuda:0	True
2026-05-14 15:33:04,676 - INFO - module.noise_predictor.blocks.1.norm_ffn.weight	torch.Size([128])	cuda:0	True
2026-05-14 15:33:04,676 - INFO - module.noise_predictor.blocks.1.norm_ffn.bias	torch.Size([128])	cuda:0	True
2026-05-14 15:33:04,676 - INFO - module.noise_predictor.blocks.1.time_scale_shift.1.weight	torch.Size([256, 128])	cuda:0	True
2026-05-14 15:33:04,677 - INFO - module.noise_predictor.blocks.1.time_scale_shift.1.bias	torch.Size([256])	cuda:0	True
2026-05-14 15:33:04,677 - INFO - module.noise_predictor.blocks.2.temporal_attention.query_projection.weight	torch.Size([128, 128])	cuda:0	True
2026-05-14 15:33:04,677 - INFO - module.noise_predictor.blocks.2.temporal_attention.query_projection.bias	torch.Size([128])	cuda:0	True
2026-05-14 15:33:04,677 - INFO - module.noise_predictor.blocks.2.temporal_attention.key_projection.weight	torch.Size([128, 128])	cuda:0	True
2026-05-14 15:33:04,677 - INFO - module.noise_predictor.blocks.2.temporal_attention.key_projection.bias	torch.Size([128])	cuda:0	True
2026-05-14 15:33:04,677 - INFO - module.noise_predictor.blocks.2.temporal_attention.value_projection.weight	torch.Size([128, 128])	cuda:0	True
2026-05-14 15:33:04,677 - INFO - module.noise_predictor.blocks.2.temporal_attention.value_projection.bias	torch.Size([128])	cuda:0	True
2026-05-14 15:33:04,677 - INFO - module.noise_predictor.blocks.2.temporal_attention.output_projection.weight	torch.Size([128, 128])	cuda:0	True
2026-05-14 15:33:04,677 - INFO - module.noise_predictor.blocks.2.temporal_attention.output_projection.bias	torch.Size([128])	cuda:0	True
2026-05-14 15:33:04,677 - INFO - module.noise_predictor.blocks.2.graph_convolution.projections.0.weight	torch.Size([128, 128])	cuda:0	True
2026-05-14 15:33:04,677 - INFO - module.noise_predictor.blocks.2.graph_convolution.projections.0.bias	torch.Size([128])	cuda:0	True
2026-05-14 15:33:04,677 - INFO - module.noise_predictor.blocks.2.graph_convolution.projections.1.weight	torch.Size([128, 128])	cuda:0	True
2026-05-14 15:33:04,677 - INFO - module.noise_predictor.blocks.2.graph_convolution.projections.1.bias	torch.Size([128])	cuda:0	True
2026-05-14 15:33:04,677 - INFO - module.noise_predictor.blocks.2.graph_convolution.projections.2.weight	torch.Size([128, 128])	cuda:0	True
2026-05-14 15:33:04,678 - INFO - module.noise_predictor.blocks.2.graph_convolution.projections.2.bias	torch.Size([128])	cuda:0	True
2026-05-14 15:33:04,678 - INFO - module.noise_predictor.blocks.2.cross_attention.query_projection.weight	torch.Size([128, 128])	cuda:0	True
2026-05-14 15:33:04,678 - INFO - module.noise_predictor.blocks.2.cross_attention.query_projection.bias	torch.Size([128])	cuda:0	True
2026-05-14 15:33:04,678 - INFO - module.noise_predictor.blocks.2.cross_attention.key_projection.weight	torch.Size([128, 128])	cuda:0	True
2026-05-14 15:33:04,678 - INFO - module.noise_predictor.blocks.2.cross_attention.key_projection.bias	torch.Size([128])	cuda:0	True
2026-05-14 15:33:04,678 - INFO - module.noise_predictor.blocks.2.cross_attention.value_projection.weight	torch.Size([128, 128])	cuda:0	True
2026-05-14 15:33:04,678 - INFO - module.noise_predictor.blocks.2.cross_attention.value_projection.bias	torch.Size([128])	cuda:0	True
2026-05-14 15:33:04,678 - INFO - module.noise_predictor.blocks.2.cross_attention.output_projection.weight	torch.Size([128, 128])	cuda:0	True
2026-05-14 15:33:04,679 - INFO - module.noise_predictor.blocks.2.cross_attention.output_projection.bias	torch.Size([128])	cuda:0	True
2026-05-14 15:33:04,679 - INFO - module.noise_predictor.blocks.2.spatiotemporal_attention.query_projection.weight	torch.Size([128, 128])	cuda:0	True
2026-05-14 15:33:04,679 - INFO - module.noise_predictor.blocks.2.spatiotemporal_attention.query_projection.bias	torch.Size([128])	cuda:0	True
2026-05-14 15:33:04,679 - INFO - module.noise_predictor.blocks.2.spatiotemporal_attention.key_projection.weight	torch.Size([128, 128])	cuda:0	True
2026-05-14 15:33:04,679 - INFO - module.noise_predictor.blocks.2.spatiotemporal_attention.key_projection.bias	torch.Size([128])	cuda:0	True
2026-05-14 15:33:04,679 - INFO - module.noise_predictor.blocks.2.spatiotemporal_attention.value_projection.weight	torch.Size([128, 128])	cuda:0	True
2026-05-14 15:33:04,679 - INFO - module.noise_predictor.blocks.2.spatiotemporal_attention.value_projection.bias	torch.Size([128])	cuda:0	True
2026-05-14 15:33:04,679 - INFO - module.noise_predictor.blocks.2.spatiotemporal_attention.output_projection.weight	torch.Size([128, 128])	cuda:0	True
2026-05-14 15:33:04,679 - INFO - module.noise_predictor.blocks.2.spatiotemporal_attention.output_projection.bias	torch.Size([128])	cuda:0	True
2026-05-14 15:33:04,679 - INFO - module.noise_predictor.blocks.2.feed_forward.network.0.weight	torch.Size([256, 128])	cuda:0	True
2026-05-14 15:33:04,679 - INFO - module.noise_predictor.blocks.2.feed_forward.network.0.bias	torch.Size([256])	cuda:0	True
2026-05-14 15:33:04,679 - INFO - module.noise_predictor.blocks.2.feed_forward.network.3.weight	torch.Size([128, 256])	cuda:0	True
2026-05-14 15:33:04,679 - INFO - module.noise_predictor.blocks.2.feed_forward.network.3.bias	torch.Size([128])	cuda:0	True
2026-05-14 15:33:04,680 - INFO - module.noise_predictor.blocks.2.norm_temporal.weight	torch.Size([128])	cuda:0	True
2026-05-14 15:33:04,680 - INFO - module.noise_predictor.blocks.2.norm_temporal.bias	torch.Size([128])	cuda:0	True
2026-05-14 15:33:04,680 - INFO - module.noise_predictor.blocks.2.norm_graph.weight	torch.Size([128])	cuda:0	True
2026-05-14 15:33:04,680 - INFO - module.noise_predictor.blocks.2.norm_graph.bias	torch.Size([128])	cuda:0	True
2026-05-14 15:33:04,680 - INFO - module.noise_predictor.blocks.2.norm_cross.weight	torch.Size([128])	cuda:0	True
2026-05-14 15:33:04,680 - INFO - module.noise_predictor.blocks.2.norm_cross.bias	torch.Size([128])	cuda:0	True
2026-05-14 15:33:04,680 - INFO - module.noise_predictor.blocks.2.norm_spatiotemporal.weight	torch.Size([128])	cuda:0	True
2026-05-14 15:33:04,680 - INFO - module.noise_predictor.blocks.2.norm_spatiotemporal.bias	torch.Size([128])	cuda:0	True
2026-05-14 15:33:04,680 - INFO - module.noise_predictor.blocks.2.norm_ffn.weight	torch.Size([128])	cuda:0	True
2026-05-14 15:33:04,680 - INFO - module.noise_predictor.blocks.2.norm_ffn.bias	torch.Size([128])	cuda:0	True
2026-05-14 15:33:04,680 - INFO - module.noise_predictor.blocks.2.time_scale_shift.1.weight	torch.Size([256, 128])	cuda:0	True
2026-05-14 15:33:04,680 - INFO - module.noise_predictor.blocks.2.time_scale_shift.1.bias	torch.Size([256])	cuda:0	True
2026-05-14 15:33:04,680 - INFO - module.noise_predictor.blocks.3.temporal_attention.query_projection.weight	torch.Size([128, 128])	cuda:0	True
2026-05-14 15:33:04,680 - INFO - module.noise_predictor.blocks.3.temporal_attention.query_projection.bias	torch.Size([128])	cuda:0	True
2026-05-14 15:33:04,680 - INFO - module.noise_predictor.blocks.3.temporal_attention.key_projection.weight	torch.Size([128, 128])	cuda:0	True
2026-05-14 15:33:04,680 - INFO - module.noise_predictor.blocks.3.temporal_attention.key_projection.bias	torch.Size([128])	cuda:0	True
2026-05-14 15:33:04,680 - INFO - module.noise_predictor.blocks.3.temporal_attention.value_projection.weight	torch.Size([128, 128])	cuda:0	True
2026-05-14 15:33:04,681 - INFO - module.noise_predictor.blocks.3.temporal_attention.value_projection.bias	torch.Size([128])	cuda:0	True
2026-05-14 15:33:04,681 - INFO - module.noise_predictor.blocks.3.temporal_attention.output_projection.weight	torch.Size([128, 128])	cuda:0	True
2026-05-14 15:33:04,681 - INFO - module.noise_predictor.blocks.3.temporal_attention.output_projection.bias	torch.Size([128])	cuda:0	True
2026-05-14 15:33:04,681 - INFO - module.noise_predictor.blocks.3.graph_convolution.projections.0.weight	torch.Size([128, 128])	cuda:0	True
2026-05-14 15:33:04,681 - INFO - module.noise_predictor.blocks.3.graph_convolution.projections.0.bias	torch.Size([128])	cuda:0	True
2026-05-14 15:33:04,681 - INFO - module.noise_predictor.blocks.3.graph_convolution.projections.1.weight	torch.Size([128, 128])	cuda:0	True
2026-05-14 15:33:04,681 - INFO - module.noise_predictor.blocks.3.graph_convolution.projections.1.bias	torch.Size([128])	cuda:0	True
2026-05-14 15:33:04,681 - INFO - module.noise_predictor.blocks.3.graph_convolution.projections.2.weight	torch.Size([128, 128])	cuda:0	True
2026-05-14 15:33:04,681 - INFO - module.noise_predictor.blocks.3.graph_convolution.projections.2.bias	torch.Size([128])	cuda:0	True
2026-05-14 15:33:04,681 - INFO - module.noise_predictor.blocks.3.cross_attention.query_projection.weight	torch.Size([128, 128])	cuda:0	True
2026-05-14 15:33:04,681 - INFO - module.noise_predictor.blocks.3.cross_attention.query_projection.bias	torch.Size([128])	cuda:0	True
2026-05-14 15:33:04,681 - INFO - module.noise_predictor.blocks.3.cross_attention.key_projection.weight	torch.Size([128, 128])	cuda:0	True
2026-05-14 15:33:04,681 - INFO - module.noise_predictor.blocks.3.cross_attention.key_projection.bias	torch.Size([128])	cuda:0	True
2026-05-14 15:33:04,681 - INFO - module.noise_predictor.blocks.3.cross_attention.value_projection.weight	torch.Size([128, 128])	cuda:0	True
2026-05-14 15:33:04,681 - INFO - module.noise_predictor.blocks.3.cross_attention.value_projection.bias	torch.Size([128])	cuda:0	True
2026-05-14 15:33:04,681 - INFO - module.noise_predictor.blocks.3.cross_attention.output_projection.weight	torch.Size([128, 128])	cuda:0	True
2026-05-14 15:33:04,681 - INFO - module.noise_predictor.blocks.3.cross_attention.output_projection.bias	torch.Size([128])	cuda:0	True
2026-05-14 15:33:04,681 - INFO - module.noise_predictor.blocks.3.spatiotemporal_attention.query_projection.weight	torch.Size([128, 128])	cuda:0	True
2026-05-14 15:33:04,681 - INFO - module.noise_predictor.blocks.3.spatiotemporal_attention.query_projection.bias	torch.Size([128])	cuda:0	True
2026-05-14 15:33:04,681 - INFO - module.noise_predictor.blocks.3.spatiotemporal_attention.key_projection.weight	torch.Size([128, 128])	cuda:0	True
2026-05-14 15:33:04,681 - INFO - module.noise_predictor.blocks.3.spatiotemporal_attention.key_projection.bias	torch.Size([128])	cuda:0	True
2026-05-14 15:33:04,681 - INFO - module.noise_predictor.blocks.3.spatiotemporal_attention.value_projection.weight	torch.Size([128, 128])	cuda:0	True
2026-05-14 15:33:04,681 - INFO - module.noise_predictor.blocks.3.spatiotemporal_attention.value_projection.bias	torch.Size([128])	cuda:0	True
2026-05-14 15:33:04,681 - INFO - module.noise_predictor.blocks.3.spatiotemporal_attention.output_projection.weight	torch.Size([128, 128])	cuda:0	True
2026-05-14 15:33:04,681 - INFO - module.noise_predictor.blocks.3.spatiotemporal_attention.output_projection.bias	torch.Size([128])	cuda:0	True
2026-05-14 15:33:04,681 - INFO - module.noise_predictor.blocks.3.feed_forward.network.0.weight	torch.Size([256, 128])	cuda:0	True
2026-05-14 15:33:04,681 - INFO - module.noise_predictor.blocks.3.feed_forward.network.0.bias	torch.Size([256])	cuda:0	True
2026-05-14 15:33:04,681 - INFO - module.noise_predictor.blocks.3.feed_forward.network.3.weight	torch.Size([128, 256])	cuda:0	True
2026-05-14 15:33:04,682 - INFO - module.noise_predictor.blocks.3.feed_forward.network.3.bias	torch.Size([128])	cuda:0	True
2026-05-14 15:33:04,682 - INFO - module.noise_predictor.blocks.3.norm_temporal.weight	torch.Size([128])	cuda:0	True
2026-05-14 15:33:04,682 - INFO - module.noise_predictor.blocks.3.norm_temporal.bias	torch.Size([128])	cuda:0	True
2026-05-14 15:33:04,682 - INFO - module.noise_predictor.blocks.3.norm_graph.weight	torch.Size([128])	cuda:0	True
2026-05-14 15:33:04,682 - INFO - module.noise_predictor.blocks.3.norm_graph.bias	torch.Size([128])	cuda:0	True
2026-05-14 15:33:04,682 - INFO - module.noise_predictor.blocks.3.norm_cross.weight	torch.Size([128])	cuda:0	True
2026-05-14 15:33:04,682 - INFO - module.noise_predictor.blocks.3.norm_cross.bias	torch.Size([128])	cuda:0	True
2026-05-14 15:33:04,682 - INFO - module.noise_predictor.blocks.3.norm_spatiotemporal.weight	torch.Size([128])	cuda:0	True
2026-05-14 15:33:04,682 - INFO - module.noise_predictor.blocks.3.norm_spatiotemporal.bias	torch.Size([128])	cuda:0	True
2026-05-14 15:33:04,682 - INFO - module.noise_predictor.blocks.3.norm_ffn.weight	torch.Size([128])	cuda:0	True
2026-05-14 15:33:04,682 - INFO - module.noise_predictor.blocks.3.norm_ffn.bias	torch.Size([128])	cuda:0	True
2026-05-14 15:33:04,682 - INFO - module.noise_predictor.blocks.3.time_scale_shift.1.weight	torch.Size([256, 128])	cuda:0	True
2026-05-14 15:33:04,682 - INFO - module.noise_predictor.blocks.3.time_scale_shift.1.bias	torch.Size([256])	cuda:0	True
2026-05-14 15:33:04,682 - INFO - module.noise_predictor.blocks.4.temporal_attention.query_projection.weight	torch.Size([128, 128])	cuda:0	True
2026-05-14 15:33:04,682 - INFO - module.noise_predictor.blocks.4.temporal_attention.query_projection.bias	torch.Size([128])	cuda:0	True
2026-05-14 15:33:04,682 - INFO - module.noise_predictor.blocks.4.temporal_attention.key_projection.weight	torch.Size([128, 128])	cuda:0	True
2026-05-14 15:33:04,682 - INFO - module.noise_predictor.blocks.4.temporal_attention.key_projection.bias	torch.Size([128])	cuda:0	True
2026-05-14 15:33:04,682 - INFO - module.noise_predictor.blocks.4.temporal_attention.value_projection.weight	torch.Size([128, 128])	cuda:0	True
2026-05-14 15:33:04,682 - INFO - module.noise_predictor.blocks.4.temporal_attention.value_projection.bias	torch.Size([128])	cuda:0	True
2026-05-14 15:33:04,682 - INFO - module.noise_predictor.blocks.4.temporal_attention.output_projection.weight	torch.Size([128, 128])	cuda:0	True
2026-05-14 15:33:04,682 - INFO - module.noise_predictor.blocks.4.temporal_attention.output_projection.bias	torch.Size([128])	cuda:0	True
2026-05-14 15:33:04,682 - INFO - module.noise_predictor.blocks.4.graph_convolution.projections.0.weight	torch.Size([128, 128])	cuda:0	True
2026-05-14 15:33:04,682 - INFO - module.noise_predictor.blocks.4.graph_convolution.projections.0.bias	torch.Size([128])	cuda:0	True
2026-05-14 15:33:04,682 - INFO - module.noise_predictor.blocks.4.graph_convolution.projections.1.weight	torch.Size([128, 128])	cuda:0	True
2026-05-14 15:33:04,682 - INFO - module.noise_predictor.blocks.4.graph_convolution.projections.1.bias	torch.Size([128])	cuda:0	True
2026-05-14 15:33:04,682 - INFO - module.noise_predictor.blocks.4.graph_convolution.projections.2.weight	torch.Size([128, 128])	cuda:0	True
2026-05-14 15:33:04,682 - INFO - module.noise_predictor.blocks.4.graph_convolution.projections.2.bias	torch.Size([128])	cuda:0	True
2026-05-14 15:33:04,682 - INFO - module.noise_predictor.blocks.4.cross_attention.query_projection.weight	torch.Size([128, 128])	cuda:0	True
2026-05-14 15:33:04,683 - INFO - module.noise_predictor.blocks.4.cross_attention.query_projection.bias	torch.Size([128])	cuda:0	True
2026-05-14 15:33:04,683 - INFO - module.noise_predictor.blocks.4.cross_attention.key_projection.weight	torch.Size([128, 128])	cuda:0	True
2026-05-14 15:33:04,683 - INFO - module.noise_predictor.blocks.4.cross_attention.key_projection.bias	torch.Size([128])	cuda:0	True
2026-05-14 15:33:04,683 - INFO - module.noise_predictor.blocks.4.cross_attention.value_projection.weight	torch.Size([128, 128])	cuda:0	True
2026-05-14 15:33:04,683 - INFO - module.noise_predictor.blocks.4.cross_attention.value_projection.bias	torch.Size([128])	cuda:0	True
2026-05-14 15:33:04,683 - INFO - module.noise_predictor.blocks.4.cross_attention.output_projection.weight	torch.Size([128, 128])	cuda:0	True
2026-05-14 15:33:04,683 - INFO - module.noise_predictor.blocks.4.cross_attention.output_projection.bias	torch.Size([128])	cuda:0	True
2026-05-14 15:33:04,683 - INFO - module.noise_predictor.blocks.4.spatiotemporal_attention.query_projection.weight	torch.Size([128, 128])	cuda:0	True
2026-05-14 15:33:04,683 - INFO - module.noise_predictor.blocks.4.spatiotemporal_attention.query_projection.bias	torch.Size([128])	cuda:0	True
2026-05-14 15:33:04,683 - INFO - module.noise_predictor.blocks.4.spatiotemporal_attention.key_projection.weight	torch.Size([128, 128])	cuda:0	True
2026-05-14 15:33:04,683 - INFO - module.noise_predictor.blocks.4.spatiotemporal_attention.key_projection.bias	torch.Size([128])	cuda:0	True
2026-05-14 15:33:04,683 - INFO - module.noise_predictor.blocks.4.spatiotemporal_attention.value_projection.weight	torch.Size([128, 128])	cuda:0	True
2026-05-14 15:33:04,683 - INFO - module.noise_predictor.blocks.4.spatiotemporal_attention.value_projection.bias	torch.Size([128])	cuda:0	True
2026-05-14 15:33:04,683 - INFO - module.noise_predictor.blocks.4.spatiotemporal_attention.output_projection.weight	torch.Size([128, 128])	cuda:0	True
2026-05-14 15:33:04,685 - INFO - module.noise_predictor.blocks.4.spatiotemporal_attention.output_projection.bias	torch.Size([128])	cuda:0	True
2026-05-14 15:33:04,685 - INFO - module.noise_predictor.blocks.4.feed_forward.network.0.weight	torch.Size([256, 128])	cuda:0	True
2026-05-14 15:33:04,685 - INFO - module.noise_predictor.blocks.4.feed_forward.network.0.bias	torch.Size([256])	cuda:0	True
2026-05-14 15:33:04,685 - INFO - module.noise_predictor.blocks.4.feed_forward.network.3.weight	torch.Size([128, 256])	cuda:0	True
2026-05-14 15:33:04,685 - INFO - module.noise_predictor.blocks.4.feed_forward.network.3.bias	torch.Size([128])	cuda:0	True
2026-05-14 15:33:04,685 - INFO - module.noise_predictor.blocks.4.norm_temporal.weight	torch.Size([128])	cuda:0	True
2026-05-14 15:33:04,685 - INFO - module.noise_predictor.blocks.4.norm_temporal.bias	torch.Size([128])	cuda:0	True
2026-05-14 15:33:04,685 - INFO - module.noise_predictor.blocks.4.norm_graph.weight	torch.Size([128])	cuda:0	True
2026-05-14 15:33:04,685 - INFO - module.noise_predictor.blocks.4.norm_graph.bias	torch.Size([128])	cuda:0	True
2026-05-14 15:33:04,685 - INFO - module.noise_predictor.blocks.4.norm_cross.weight	torch.Size([128])	cuda:0	True
2026-05-14 15:33:04,685 - INFO - module.noise_predictor.blocks.4.norm_cross.bias	torch.Size([128])	cuda:0	True
2026-05-14 15:33:04,685 - INFO - module.noise_predictor.blocks.4.norm_spatiotemporal.weight	torch.Size([128])	cuda:0	True
2026-05-14 15:33:04,685 - INFO - module.noise_predictor.blocks.4.norm_spatiotemporal.bias	torch.Size([128])	cuda:0	True
2026-05-14 15:33:04,685 - INFO - module.noise_predictor.blocks.4.norm_ffn.weight	torch.Size([128])	cuda:0	True
2026-05-14 15:33:04,685 - INFO - module.noise_predictor.blocks.4.norm_ffn.bias	torch.Size([128])	cuda:0	True
2026-05-14 15:33:04,685 - INFO - module.noise_predictor.blocks.4.time_scale_shift.1.weight	torch.Size([256, 128])	cuda:0	True
2026-05-14 15:33:04,685 - INFO - module.noise_predictor.blocks.4.time_scale_shift.1.bias	torch.Size([256])	cuda:0	True
2026-05-14 15:33:04,685 - INFO - module.noise_predictor.blocks.5.temporal_attention.query_projection.weight	torch.Size([128, 128])	cuda:0	True
2026-05-14 15:33:04,685 - INFO - module.noise_predictor.blocks.5.temporal_attention.query_projection.bias	torch.Size([128])	cuda:0	True
2026-05-14 15:33:04,685 - INFO - module.noise_predictor.blocks.5.temporal_attention.key_projection.weight	torch.Size([128, 128])	cuda:0	True
2026-05-14 15:33:04,685 - INFO - module.noise_predictor.blocks.5.temporal_attention.key_projection.bias	torch.Size([128])	cuda:0	True
2026-05-14 15:33:04,685 - INFO - module.noise_predictor.blocks.5.temporal_attention.value_projection.weight	torch.Size([128, 128])	cuda:0	True
2026-05-14 15:33:04,685 - INFO - module.noise_predictor.blocks.5.temporal_attention.value_projection.bias	torch.Size([128])	cuda:0	True
2026-05-14 15:33:04,685 - INFO - module.noise_predictor.blocks.5.temporal_attention.output_projection.weight	torch.Size([128, 128])	cuda:0	True
2026-05-14 15:33:04,685 - INFO - module.noise_predictor.blocks.5.temporal_attention.output_projection.bias	torch.Size([128])	cuda:0	True
2026-05-14 15:33:04,686 - INFO - module.noise_predictor.blocks.5.graph_convolution.projections.0.weight	torch.Size([128, 128])	cuda:0	True
2026-05-14 15:33:04,686 - INFO - module.noise_predictor.blocks.5.graph_convolution.projections.0.bias	torch.Size([128])	cuda:0	True
2026-05-14 15:33:04,686 - INFO - module.noise_predictor.blocks.5.graph_convolution.projections.1.weight	torch.Size([128, 128])	cuda:0	True
2026-05-14 15:33:04,686 - INFO - module.noise_predictor.blocks.5.graph_convolution.projections.1.bias	torch.Size([128])	cuda:0	True
2026-05-14 15:33:04,686 - INFO - module.noise_predictor.blocks.5.graph_convolution.projections.2.weight	torch.Size([128, 128])	cuda:0	True
2026-05-14 15:33:04,686 - INFO - module.noise_predictor.blocks.5.graph_convolution.projections.2.bias	torch.Size([128])	cuda:0	True
2026-05-14 15:33:04,686 - INFO - module.noise_predictor.blocks.5.cross_attention.query_projection.weight	torch.Size([128, 128])	cuda:0	True
2026-05-14 15:33:04,686 - INFO - module.noise_predictor.blocks.5.cross_attention.query_projection.bias	torch.Size([128])	cuda:0	True
2026-05-14 15:33:04,686 - INFO - module.noise_predictor.blocks.5.cross_attention.key_projection.weight	torch.Size([128, 128])	cuda:0	True
2026-05-14 15:33:04,686 - INFO - module.noise_predictor.blocks.5.cross_attention.key_projection.bias	torch.Size([128])	cuda:0	True
2026-05-14 15:33:04,686 - INFO - module.noise_predictor.blocks.5.cross_attention.value_projection.weight	torch.Size([128, 128])	cuda:0	True
2026-05-14 15:33:04,686 - INFO - module.noise_predictor.blocks.5.cross_attention.value_projection.bias	torch.Size([128])	cuda:0	True
2026-05-14 15:33:04,686 - INFO - module.noise_predictor.blocks.5.cross_attention.output_projection.weight	torch.Size([128, 128])	cuda:0	True
2026-05-14 15:33:04,686 - INFO - module.noise_predictor.blocks.5.cross_attention.output_projection.bias	torch.Size([128])	cuda:0	True
2026-05-14 15:33:04,686 - INFO - module.noise_predictor.blocks.5.spatiotemporal_attention.query_projection.weight	torch.Size([128, 128])	cuda:0	True
2026-05-14 15:33:04,686 - INFO - module.noise_predictor.blocks.5.spatiotemporal_attention.query_projection.bias	torch.Size([128])	cuda:0	True
2026-05-14 15:33:04,686 - INFO - module.noise_predictor.blocks.5.spatiotemporal_attention.key_projection.weight	torch.Size([128, 128])	cuda:0	True
2026-05-14 15:33:04,686 - INFO - module.noise_predictor.blocks.5.spatiotemporal_attention.key_projection.bias	torch.Size([128])	cuda:0	True
2026-05-14 15:33:04,686 - INFO - module.noise_predictor.blocks.5.spatiotemporal_attention.value_projection.weight	torch.Size([128, 128])	cuda:0	True
2026-05-14 15:33:04,686 - INFO - module.noise_predictor.blocks.5.spatiotemporal_attention.value_projection.bias	torch.Size([128])	cuda:0	True
2026-05-14 15:33:04,686 - INFO - module.noise_predictor.blocks.5.spatiotemporal_attention.output_projection.weight	torch.Size([128, 128])	cuda:0	True
2026-05-14 15:33:04,686 - INFO - module.noise_predictor.blocks.5.spatiotemporal_attention.output_projection.bias	torch.Size([128])	cuda:0	True
2026-05-14 15:33:04,686 - INFO - module.noise_predictor.blocks.5.feed_forward.network.0.weight	torch.Size([256, 128])	cuda:0	True
2026-05-14 15:33:04,686 - INFO - module.noise_predictor.blocks.5.feed_forward.network.0.bias	torch.Size([256])	cuda:0	True
2026-05-14 15:33:04,686 - INFO - module.noise_predictor.blocks.5.feed_forward.network.3.weight	torch.Size([128, 256])	cuda:0	True
2026-05-14 15:33:04,686 - INFO - module.noise_predictor.blocks.5.feed_forward.network.3.bias	torch.Size([128])	cuda:0	True
2026-05-14 15:33:04,686 - INFO - module.noise_predictor.blocks.5.norm_temporal.weight	torch.Size([128])	cuda:0	True
2026-05-14 15:33:04,686 - INFO - module.noise_predictor.blocks.5.norm_temporal.bias	torch.Size([128])	cuda:0	True
2026-05-14 15:33:04,687 - INFO - module.noise_predictor.blocks.5.norm_graph.weight	torch.Size([128])	cuda:0	True
2026-05-14 15:33:04,687 - INFO - module.noise_predictor.blocks.5.norm_graph.bias	torch.Size([128])	cuda:0	True
2026-05-14 15:33:04,687 - INFO - module.noise_predictor.blocks.5.norm_cross.weight	torch.Size([128])	cuda:0	True
2026-05-14 15:33:04,687 - INFO - module.noise_predictor.blocks.5.norm_cross.bias	torch.Size([128])	cuda:0	True
2026-05-14 15:33:04,687 - INFO - module.noise_predictor.blocks.5.norm_spatiotemporal.weight	torch.Size([128])	cuda:0	True
2026-05-14 15:33:04,687 - INFO - module.noise_predictor.blocks.5.norm_spatiotemporal.bias	torch.Size([128])	cuda:0	True
2026-05-14 15:33:04,687 - INFO - module.noise_predictor.blocks.5.norm_ffn.weight	torch.Size([128])	cuda:0	True
2026-05-14 15:33:04,687 - INFO - module.noise_predictor.blocks.5.norm_ffn.bias	torch.Size([128])	cuda:0	True
2026-05-14 15:33:04,687 - INFO - module.noise_predictor.blocks.5.time_scale_shift.1.weight	torch.Size([256, 128])	cuda:0	True
2026-05-14 15:33:04,687 - INFO - module.noise_predictor.blocks.5.time_scale_shift.1.bias	torch.Size([256])	cuda:0	True
2026-05-14 15:33:04,687 - INFO - module.noise_predictor.final_norm.weight	torch.Size([128])	cuda:0	True
2026-05-14 15:33:04,687 - INFO - module.noise_predictor.final_norm.bias	torch.Size([128])	cuda:0	True
2026-05-14 15:33:04,687 - INFO - module.noise_predictor.output_projection.weight	torch.Size([3, 128])	cuda:0	True
2026-05-14 15:33:04,687 - INFO - module.noise_predictor.output_projection.bias	torch.Size([3])	cuda:0	True
2026-05-14 15:33:04,687 - INFO - module.noise_predictor.adaptive_graph_learner.node_embeddings	torch.Size([307, 32])	cuda:0	True
2026-05-14 15:33:04,687 - INFO - module.noise_predictor.adaptive_graph_learner.blend_logit	torch.Size([])	cuda:0	True
2026-05-14 15:33:04,687 - INFO - module.noise_predictor.adaptive_graph_learner.fuzzy_centers	torch.Size([3])	cuda:0	True
2026-05-14 15:33:04,687 - INFO - module.noise_predictor.adaptive_graph_learner.fuzzy_log_sigmas	torch.Size([3])	cuda:0	True
2026-05-14 15:33:04,687 - INFO - module.noise_predictor.adaptive_graph_learner.fuzzy_rule_logits	torch.Size([3])	cuda:0	True
2026-05-14 15:33:04,687 - INFO - module.noise_predictor.adaptive_graph_learner.feature_projection.weight	torch.Size([32, 128])	cuda:0	True
2026-05-14 15:33:04,687 - INFO - module.noise_predictor.adaptive_graph_learner.feature_projection.bias	torch.Size([32])	cuda:0	True
2026-05-14 15:33:04,687 - INFO - module.noise_predictor.adaptive_graph_learner.time_projection.weight	torch.Size([32, 128])	cuda:0	True
2026-05-14 15:33:04,687 - INFO - module.noise_predictor.adaptive_graph_learner.time_projection.bias	torch.Size([32])	cuda:0	True
2026-05-14 15:33:04,690 - INFO - Total parameter numbers: 2540985
2026-05-14 15:33:04,691 - INFO - Enable AMP training (dtype=float16).
2026-05-14 15:33:04,691 - INFO - You select `adamw` optimizer.
2026-05-14 15:33:04,692 - INFO - You select `cosineannealinglr` lr_scheduler.
2026-05-14 15:33:04,692 - WARNING - Received none train loss func and will use the loss func defined in the model.
2026-05-14 15:33:04,692 - INFO - Start training ...
2026-05-14 15:33:04,693 - INFO - num_batches:80
2026-05-14 15:33:05,566 - INFO - Enable physics warmup: steps=3000 start_ratio=0.200 mode=linear.
2026-05-14 15:33:05,639 - INFO - Enable physics warmup: steps=3000 start_ratio=0.200 mode=linear.
2026-05-14 15:33:05,743 - INFO - Enable physics warmup: steps=3000 start_ratio=0.200 mode=linear.
2026-05-14 15:33:05,833 - INFO - Enable physics warmup: steps=3000 start_ratio=0.200 mode=linear.
2026-05-14 15:34:26,551 - INFO - epoch complete!
2026-05-14 15:34:26,551 - INFO - evaluating now!
2026-05-14 15:34:26,556 - INFO - epoch complete!
2026-05-14 15:34:26,557 - INFO - evaluating now!
2026-05-14 15:34:26,566 - INFO - epoch complete!
2026-05-14 15:34:26,567 - INFO - evaluating now!
2026-05-14 15:34:26,573 - INFO - epoch complete!
2026-05-14 15:34:26,576 - INFO - evaluating now!
2026-05-14 15:34:31,070 - INFO - Epoch [0/50] train_loss: 4.4803, val_loss: 1.2884, lr: 0.000976, 86.38s
2026-05-14 15:34:31,070 - INFO - Epoch [0/50] train_loss: 4.4671, val_loss: 1.2884, lr: 0.000976, 86.40s
2026-05-14 15:34:31,071 - INFO - Epoch [0/50] train_loss: 4.5235, val_loss: 1.2884, lr: 0.000976, 86.40s
2026-05-14 15:34:31,071 - INFO - Epoch [0/50] train_loss: 4.4904, val_loss: 1.2884, lr: 0.000976, 86.40s
2026-05-14 15:34:31,781 - INFO - Saved model at 0
2026-05-14 15:34:31,782 - INFO - Saved model at 0
2026-05-14 15:34:31,783 - INFO - Val loss decrease from inf to 1.2884, saving to /home/lizhuoxuan/lzq/Bigscity-LibCity-master/outputs/20260514_153242__traffic_state_pred__new_diffusion_fuzzy_2__PEMSD4/model_cache/new_diffusion_fuzzy_2_PEMSD4_epoch0.tar
2026-05-14 15:34:31,787 - INFO - Val loss decrease from inf to 1.2884, saving to /home/lizhuoxuan/lzq/Bigscity-LibCity-master/outputs/20260514_153242__traffic_state_pred__new_diffusion_fuzzy_2__PEMSD4/model_cache/new_diffusion_fuzzy_2_PEMSD4_epoch0.tar
2026-05-14 15:34:31,789 - INFO - Saved model at 0
2026-05-14 15:34:31,789 - INFO - Val loss decrease from inf to 1.2884, saving to /home/lizhuoxuan/lzq/Bigscity-LibCity-master/outputs/20260514_153242__traffic_state_pred__new_diffusion_fuzzy_2__PEMSD4/model_cache/new_diffusion_fuzzy_2_PEMSD4_epoch0.tar
2026-05-14 15:34:31,794 - INFO - Saved model at 0
2026-05-14 15:34:31,794 - INFO - Val loss decrease from inf to 1.2884, saving to /home/lizhuoxuan/lzq/Bigscity-LibCity-master/outputs/20260514_153242__traffic_state_pred__new_diffusion_fuzzy_2__PEMSD4/model_cache/new_diffusion_fuzzy_2_PEMSD4_epoch0.tar
2026-05-14 15:35:55,100 - INFO - epoch complete!
2026-05-14 15:35:55,102 - INFO - evaluating now!
2026-05-14 15:35:55,105 - INFO - epoch complete!
2026-05-14 15:35:55,106 - INFO - evaluating now!
2026-05-14 15:35:55,103 - INFO - epoch complete!
2026-05-14 15:35:55,110 - INFO - evaluating now!
2026-05-14 15:35:55,111 - INFO - epoch complete!
2026-05-14 15:35:55,112 - INFO - evaluating now!
2026-05-14 15:36:00,932 - INFO - Epoch [1/50] train_loss: 1.2605, val_loss: 1.1062, lr: 0.000905, 89.15s
2026-05-14 15:36:00,932 - INFO - Epoch [1/50] train_loss: 1.2590, val_loss: 1.1062, lr: 0.000905, 89.14s
2026-05-14 15:36:00,932 - INFO - Epoch [1/50] train_loss: 1.2524, val_loss: 1.1062, lr: 0.000905, 89.14s
2026-05-14 15:36:00,932 - INFO - Epoch [1/50] train_loss: 1.2493, val_loss: 1.1062, lr: 0.000905, 89.14s
2026-05-14 15:36:01,285 - INFO - Saved model at 1
2026-05-14 15:36:01,285 - INFO - Saved model at 1
2026-05-14 15:36:01,285 - INFO - Val loss decrease from 1.2884 to 1.1062, saving to /home/lizhuoxuan/lzq/Bigscity-LibCity-master/outputs/20260514_153242__traffic_state_pred__new_diffusion_fuzzy_2__PEMSD4/model_cache/new_diffusion_fuzzy_2_PEMSD4_epoch1.tar
2026-05-14 15:36:01,286 - INFO - Val loss decrease from 1.2884 to 1.1062, saving to /home/lizhuoxuan/lzq/Bigscity-LibCity-master/outputs/20260514_153242__traffic_state_pred__new_diffusion_fuzzy_2__PEMSD4/model_cache/new_diffusion_fuzzy_2_PEMSD4_epoch1.tar
2026-05-14 15:36:01,286 - INFO - Saved model at 1
2026-05-14 15:36:01,287 - INFO - Val loss decrease from 1.2884 to 1.1062, saving to /home/lizhuoxuan/lzq/Bigscity-LibCity-master/outputs/20260514_153242__traffic_state_pred__new_diffusion_fuzzy_2__PEMSD4/model_cache/new_diffusion_fuzzy_2_PEMSD4_epoch1.tar
2026-05-14 15:36:01,286 - INFO - Saved model at 1
2026-05-14 15:36:01,287 - INFO - Val loss decrease from 1.2884 to 1.1062, saving to /home/lizhuoxuan/lzq/Bigscity-LibCity-master/outputs/20260514_153242__traffic_state_pred__new_diffusion_fuzzy_2__PEMSD4/model_cache/new_diffusion_fuzzy_2_PEMSD4_epoch1.tar
2026-05-14 15:37:19,033 - INFO - epoch complete!
2026-05-14 15:37:19,033 - INFO - evaluating now!
2026-05-14 15:37:19,036 - INFO - epoch complete!
2026-05-14 15:37:19,036 - INFO - epoch complete!
2026-05-14 15:37:19,037 - INFO - evaluating now!
2026-05-14 15:37:19,037 - INFO - evaluating now!
2026-05-14 15:37:19,039 - INFO - epoch complete!
2026-05-14 15:37:19,040 - INFO - evaluating now!
2026-05-14 15:37:24,878 - INFO - Epoch [2/50] train_loss: 1.0638, val_loss: 0.8862, lr: 0.000796, 83.59s
2026-05-14 15:37:24,879 - INFO - Epoch [2/50] train_loss: 1.0703, val_loss: 0.8862, lr: 0.000796, 83.59s
2026-05-14 15:37:24,884 - INFO - Epoch [2/50] train_loss: 1.0608, val_loss: 0.8862, lr: 0.000796, 83.60s
2026-05-14 15:37:24,884 - INFO - Epoch [2/50] train_loss: 1.0694, val_loss: 0.8862, lr: 0.000796, 83.60s
2026-05-14 15:37:25,221 - INFO - Saved model at 2
2026-05-14 15:37:25,222 - INFO - Val loss decrease from 1.1062 to 0.8862, saving to /home/lizhuoxuan/lzq/Bigscity-LibCity-master/outputs/20260514_153242__traffic_state_pred__new_diffusion_fuzzy_2__PEMSD4/model_cache/new_diffusion_fuzzy_2_PEMSD4_epoch2.tar
2026-05-14 15:37:25,222 - INFO - Saved model at 2
2026-05-14 15:37:25,223 - INFO - Val loss decrease from 1.1062 to 0.8862, saving to /home/lizhuoxuan/lzq/Bigscity-LibCity-master/outputs/20260514_153242__traffic_state_pred__new_diffusion_fuzzy_2__PEMSD4/model_cache/new_diffusion_fuzzy_2_PEMSD4_epoch2.tar
2026-05-14 15:37:25,223 - INFO - Saved model at 2
2026-05-14 15:37:25,231 - INFO - Val loss decrease from 1.1062 to 0.8862, saving to /home/lizhuoxuan/lzq/Bigscity-LibCity-master/outputs/20260514_153242__traffic_state_pred__new_diffusion_fuzzy_2__PEMSD4/model_cache/new_diffusion_fuzzy_2_PEMSD4_epoch2.tar
2026-05-14 15:37:25,245 - INFO - Saved model at 2
2026-05-14 15:37:25,246 - INFO - Val loss decrease from 1.1062 to 0.8862, saving to /home/lizhuoxuan/lzq/Bigscity-LibCity-master/outputs/20260514_153242__traffic_state_pred__new_diffusion_fuzzy_2__PEMSD4/model_cache/new_diffusion_fuzzy_2_PEMSD4_epoch2.tar
2026-05-14 15:38:39,950 - INFO - epoch complete!
2026-05-14 15:38:39,952 - INFO - evaluating now!
2026-05-14 15:38:39,955 - INFO - epoch complete!
2026-05-14 15:38:39,955 - INFO - evaluating now!
2026-05-14 15:38:39,962 - INFO - epoch complete!
2026-05-14 15:38:39,962 - INFO - evaluating now!
2026-05-14 15:38:39,987 - INFO - epoch complete!
2026-05-14 15:38:39,988 - INFO - evaluating now!
2026-05-14 15:38:45,150 - INFO - Epoch [3/50] train_loss: 0.9165, val_loss: 0.9056, lr: 0.000658, 79.90s
2026-05-14 15:38:45,151 - INFO - Epoch [3/50] train_loss: 0.9167, val_loss: 0.9056, lr: 0.000658, 79.93s
2026-05-14 15:38:45,151 - INFO - Epoch [3/50] train_loss: 0.9098, val_loss: 0.9056, lr: 0.000658, 79.92s
2026-05-14 15:38:45,152 - INFO - Epoch [3/50] train_loss: 0.9144, val_loss: 0.9056, lr: 0.000658, 79.93s
2026-05-14 15:40:13,937 - INFO - epoch complete!
2026-05-14 15:40:13,938 - INFO - evaluating now!
2026-05-14 15:40:13,939 - INFO - epoch complete!
2026-05-14 15:40:13,939 - INFO - evaluating now!
2026-05-14 15:40:13,940 - INFO - epoch complete!
2026-05-14 15:40:13,941 - INFO - evaluating now!
2026-05-14 15:40:13,942 - INFO - epoch complete!
2026-05-14 15:40:13,942 - INFO - evaluating now!
2026-05-14 15:40:19,754 - INFO - Epoch [4/50] train_loss: 0.8186, val_loss: 0.9202, lr: 0.000505, 94.60s
2026-05-14 15:40:19,754 - INFO - Epoch [4/50] train_loss: 0.8239, val_loss: 0.9202, lr: 0.000505, 94.60s
2026-05-14 15:40:19,754 - INFO - Epoch [4/50] train_loss: 0.8242, val_loss: 0.9202, lr: 0.000505, 94.60s
2026-05-14 15:40:19,755 - INFO - Epoch [4/50] train_loss: 0.8272, val_loss: 0.9202, lr: 0.000505, 94.60s
2026-05-14 15:41:32,813 - INFO - epoch complete!
2026-05-14 15:41:32,814 - INFO - evaluating now!
2026-05-14 15:41:32,819 - INFO - epoch complete!
2026-05-14 15:41:32,822 - INFO - evaluating now!
2026-05-14 15:41:32,827 - INFO - epoch complete!
2026-05-14 15:41:32,828 - INFO - evaluating now!
2026-05-14 15:41:32,832 - INFO - epoch complete!
2026-05-14 15:41:32,833 - INFO - evaluating now!
2026-05-14 15:41:38,973 - INFO - Epoch [5/50] train_loss: 0.7923, val_loss: 0.7454, lr: 0.000352, 79.22s
2026-05-14 15:41:38,974 - INFO - Epoch [5/50] train_loss: 0.7892, val_loss: 0.7454, lr: 0.000352, 79.22s
2026-05-14 15:41:38,978 - INFO - Epoch [5/50] train_loss: 0.8001, val_loss: 0.7454, lr: 0.000352, 79.22s
2026-05-14 15:41:38,978 - INFO - Epoch [5/50] train_loss: 0.7917, val_loss: 0.7454, lr: 0.000352, 79.22s
2026-05-14 15:41:39,233 - INFO - Saved model at 5
2026-05-14 15:41:39,233 - INFO - Val loss decrease from 0.8862 to 0.7454, saving to /home/lizhuoxuan/lzq/Bigscity-LibCity-master/outputs/20260514_153242__traffic_state_pred__new_diffusion_fuzzy_2__PEMSD4/model_cache/new_diffusion_fuzzy_2_PEMSD4_epoch5.tar
2026-05-14 15:41:39,261 - INFO - Saved model at 5
2026-05-14 15:41:39,264 - INFO - Val loss decrease from 0.8862 to 0.7454, saving to /home/lizhuoxuan/lzq/Bigscity-LibCity-master/outputs/20260514_153242__traffic_state_pred__new_diffusion_fuzzy_2__PEMSD4/model_cache/new_diffusion_fuzzy_2_PEMSD4_epoch5.tar
2026-05-14 15:41:39,271 - INFO - Saved model at 5
2026-05-14 15:41:39,272 - INFO - Val loss decrease from 0.8862 to 0.7454, saving to /home/lizhuoxuan/lzq/Bigscity-LibCity-master/outputs/20260514_153242__traffic_state_pred__new_diffusion_fuzzy_2__PEMSD4/model_cache/new_diffusion_fuzzy_2_PEMSD4_epoch5.tar
2026-05-14 15:41:39,283 - INFO - Saved model at 5
2026-05-14 15:41:39,286 - INFO - Val loss decrease from 0.8862 to 0.7454, saving to /home/lizhuoxuan/lzq/Bigscity-LibCity-master/outputs/20260514_153242__traffic_state_pred__new_diffusion_fuzzy_2__PEMSD4/model_cache/new_diffusion_fuzzy_2_PEMSD4_epoch5.tar
2026-05-14 15:42:47,797 - INFO - epoch complete!
2026-05-14 15:42:47,798 - INFO - evaluating now!
2026-05-14 15:42:47,800 - INFO - epoch complete!
2026-05-14 15:42:47,801 - INFO - evaluating now!
2026-05-14 15:42:47,808 - INFO - epoch complete!
2026-05-14 15:42:47,808 - INFO - evaluating now!
2026-05-14 15:42:47,811 - INFO - epoch complete!
2026-05-14 15:42:47,811 - INFO - evaluating now!
2026-05-14 15:42:55,621 - INFO - Epoch [6/50] train_loss: 0.7815, val_loss: 0.7418, lr: 0.000214, 76.33s
2026-05-14 15:42:55,622 - INFO - Epoch [6/50] train_loss: 0.7837, val_loss: 0.7418, lr: 0.000214, 76.35s
2026-05-14 15:42:55,627 - INFO - Epoch [6/50] train_loss: 0.7819, val_loss: 0.7418, lr: 0.000214, 76.39s
2026-05-14 15:42:55,633 - INFO - Epoch [6/50] train_loss: 0.7927, val_loss: 0.7418, lr: 0.000214, 76.37s
2026-05-14 15:42:55,933 - INFO - Saved model at 6
2026-05-14 15:42:55,934 - INFO - Val loss decrease from 0.7454 to 0.7418, saving to /home/lizhuoxuan/lzq/Bigscity-LibCity-master/outputs/20260514_153242__traffic_state_pred__new_diffusion_fuzzy_2__PEMSD4/model_cache/new_diffusion_fuzzy_2_PEMSD4_epoch6.tar
2026-05-14 15:42:55,934 - INFO - Saved model at 6
2026-05-14 15:42:55,934 - INFO - Val loss decrease from 0.7454 to 0.7418, saving to /home/lizhuoxuan/lzq/Bigscity-LibCity-master/outputs/20260514_153242__traffic_state_pred__new_diffusion_fuzzy_2__PEMSD4/model_cache/new_diffusion_fuzzy_2_PEMSD4_epoch6.tar
2026-05-14 15:42:55,954 - INFO - Saved model at 6
2026-05-14 15:42:55,955 - INFO - Val loss decrease from 0.7454 to 0.7418, saving to /home/lizhuoxuan/lzq/Bigscity-LibCity-master/outputs/20260514_153242__traffic_state_pred__new_diffusion_fuzzy_2__PEMSD4/model_cache/new_diffusion_fuzzy_2_PEMSD4_epoch6.tar
2026-05-14 15:42:55,966 - INFO - Saved model at 6
2026-05-14 15:42:55,967 - INFO - Val loss decrease from 0.7454 to 0.7418, saving to /home/lizhuoxuan/lzq/Bigscity-LibCity-master/outputs/20260514_153242__traffic_state_pred__new_diffusion_fuzzy_2__PEMSD4/model_cache/new_diffusion_fuzzy_2_PEMSD4_epoch6.tar
2026-05-14 15:44:08,948 - INFO - epoch complete!
2026-05-14 15:44:08,948 - INFO - evaluating now!
2026-05-14 15:44:08,953 - INFO - epoch complete!
2026-05-14 15:44:08,954 - INFO - evaluating now!
2026-05-14 15:44:08,960 - INFO - epoch complete!
2026-05-14 15:44:08,961 - INFO - evaluating now!
2026-05-14 15:44:08,966 - INFO - epoch complete!
2026-05-14 15:44:08,966 - INFO - evaluating now!
2026-05-14 15:44:14,587 - INFO - Epoch [7/50] train_loss: 0.7874, val_loss: 0.7337, lr: 0.000105, 78.65s
2026-05-14 15:44:14,586 - INFO - Epoch [7/50] train_loss: 0.7808, val_loss: 0.7337, lr: 0.000105, 78.62s
2026-05-14 15:44:14,587 - INFO - Epoch [7/50] train_loss: 0.7843, val_loss: 0.7337, lr: 0.000105, 78.65s
2026-05-14 15:44:14,590 - INFO - Epoch [7/50] train_loss: 0.7846, val_loss: 0.7337, lr: 0.000105, 78.63s
2026-05-14 15:44:14,977 - INFO - Saved model at 7
2026-05-14 15:44:14,978 - INFO - Val loss decrease from 0.7418 to 0.7337, saving to /home/lizhuoxuan/lzq/Bigscity-LibCity-master/outputs/20260514_153242__traffic_state_pred__new_diffusion_fuzzy_2__PEMSD4/model_cache/new_diffusion_fuzzy_2_PEMSD4_epoch7.tar
2026-05-14 15:44:14,987 - INFO - Saved model at 7
2026-05-14 15:44:14,987 - INFO - Val loss decrease from 0.7418 to 0.7337, saving to /home/lizhuoxuan/lzq/Bigscity-LibCity-master/outputs/20260514_153242__traffic_state_pred__new_diffusion_fuzzy_2__PEMSD4/model_cache/new_diffusion_fuzzy_2_PEMSD4_epoch7.tar
2026-05-14 15:44:14,991 - INFO - Saved model at 7
2026-05-14 15:44:14,991 - INFO - Val loss decrease from 0.7418 to 0.7337, saving to /home/lizhuoxuan/lzq/Bigscity-LibCity-master/outputs/20260514_153242__traffic_state_pred__new_diffusion_fuzzy_2__PEMSD4/model_cache/new_diffusion_fuzzy_2_PEMSD4_epoch7.tar
2026-05-14 15:44:15,018 - INFO - Saved model at 7
2026-05-14 15:44:15,019 - INFO - Val loss decrease from 0.7418 to 0.7337, saving to /home/lizhuoxuan/lzq/Bigscity-LibCity-master/outputs/20260514_153242__traffic_state_pred__new_diffusion_fuzzy_2__PEMSD4/model_cache/new_diffusion_fuzzy_2_PEMSD4_epoch7.tar
2026-05-14 15:45:40,474 - INFO - epoch complete!
2026-05-14 15:45:40,475 - INFO - evaluating now!
2026-05-14 15:45:40,484 - INFO - epoch complete!
2026-05-14 15:45:40,485 - INFO - epoch complete!
2026-05-14 15:45:40,489 - INFO - evaluating now!
2026-05-14 15:45:40,489 - INFO - epoch complete!
2026-05-14 15:45:40,489 - INFO - evaluating now!
2026-05-14 15:45:40,490 - INFO - evaluating now!
2026-05-14 15:45:45,170 - INFO - Epoch [8/50] train_loss: 0.7124, val_loss: 0.7332, lr: 0.000034, 90.15s
2026-05-14 15:45:45,170 - INFO - Epoch [8/50] train_loss: 0.7034, val_loss: 0.7332, lr: 0.000034, 90.18s
2026-05-14 15:45:45,170 - INFO - Epoch [8/50] train_loss: 0.7056, val_loss: 0.7332, lr: 0.000034, 90.19s
2026-05-14 15:45:45,171 - INFO - Epoch [8/50] train_loss: 0.7088, val_loss: 0.7332, lr: 0.000034, 90.18s
2026-05-14 15:45:45,315 - INFO - Saved model at 8
2026-05-14 15:45:45,315 - INFO - Saved model at 8
2026-05-14 15:45:45,315 - INFO - Val loss decrease from 0.7337 to 0.7332, saving to /home/lizhuoxuan/lzq/Bigscity-LibCity-master/outputs/20260514_153242__traffic_state_pred__new_diffusion_fuzzy_2__PEMSD4/model_cache/new_diffusion_fuzzy_2_PEMSD4_epoch8.tar
2026-05-14 15:45:45,315 - INFO - Val loss decrease from 0.7337 to 0.7332, saving to /home/lizhuoxuan/lzq/Bigscity-LibCity-master/outputs/20260514_153242__traffic_state_pred__new_diffusion_fuzzy_2__PEMSD4/model_cache/new_diffusion_fuzzy_2_PEMSD4_epoch8.tar
2026-05-14 15:45:45,323 - INFO - Saved model at 8
2026-05-14 15:45:45,324 - INFO - Val loss decrease from 0.7337 to 0.7332, saving to /home/lizhuoxuan/lzq/Bigscity-LibCity-master/outputs/20260514_153242__traffic_state_pred__new_diffusion_fuzzy_2__PEMSD4/model_cache/new_diffusion_fuzzy_2_PEMSD4_epoch8.tar
2026-05-14 15:45:45,328 - INFO - Saved model at 8
2026-05-14 15:45:45,328 - INFO - Val loss decrease from 0.7337 to 0.7332, saving to /home/lizhuoxuan/lzq/Bigscity-LibCity-master/outputs/20260514_153242__traffic_state_pred__new_diffusion_fuzzy_2__PEMSD4/model_cache/new_diffusion_fuzzy_2_PEMSD4_epoch8.tar
2026-05-14 15:47:07,894 - INFO - epoch complete!
2026-05-14 15:47:07,894 - INFO - evaluating now!
2026-05-14 15:47:07,895 - INFO - epoch complete!
2026-05-14 15:47:07,896 - INFO - evaluating now!
2026-05-14 15:47:07,898 - INFO - epoch complete!
2026-05-14 15:47:07,899 - INFO - epoch complete!
2026-05-14 15:47:07,900 - INFO - evaluating now!
2026-05-14 15:47:07,900 - INFO - evaluating now!
2026-05-14 15:47:13,610 - INFO - Epoch [9/50] train_loss: 0.7123, val_loss: 0.7214, lr: 0.000010, 88.28s
2026-05-14 15:47:13,610 - INFO - Epoch [9/50] train_loss: 0.6955, val_loss: 0.7214, lr: 0.000010, 88.29s
2026-05-14 15:47:13,610 - INFO - Epoch [9/50] train_loss: 0.6940, val_loss: 0.7214, lr: 0.000010, 88.29s
2026-05-14 15:47:13,612 - INFO - Epoch [9/50] train_loss: 0.7008, val_loss: 0.7214, lr: 0.000010, 88.29s
2026-05-14 15:47:13,943 - INFO - Saved model at 9
2026-05-14 15:47:13,944 - INFO - Saved model at 9
2026-05-14 15:47:13,945 - INFO - Val loss decrease from 0.7332 to 0.7214, saving to /home/lizhuoxuan/lzq/Bigscity-LibCity-master/outputs/20260514_153242__traffic_state_pred__new_diffusion_fuzzy_2__PEMSD4/model_cache/new_diffusion_fuzzy_2_PEMSD4_epoch9.tar
2026-05-14 15:47:13,952 - INFO - Saved model at 9
2026-05-14 15:47:13,952 - INFO - Val loss decrease from 0.7332 to 0.7214, saving to /home/lizhuoxuan/lzq/Bigscity-LibCity-master/outputs/20260514_153242__traffic_state_pred__new_diffusion_fuzzy_2__PEMSD4/model_cache/new_diffusion_fuzzy_2_PEMSD4_epoch9.tar
2026-05-14 15:47:13,954 - INFO - Val loss decrease from 0.7332 to 0.7214, saving to /home/lizhuoxuan/lzq/Bigscity-LibCity-master/outputs/20260514_153242__traffic_state_pred__new_diffusion_fuzzy_2__PEMSD4/model_cache/new_diffusion_fuzzy_2_PEMSD4_epoch9.tar
2026-05-14 15:47:14,006 - INFO - Saved model at 9
2026-05-14 15:47:14,007 - INFO - Val loss decrease from 0.7332 to 0.7214, saving to /home/lizhuoxuan/lzq/Bigscity-LibCity-master/outputs/20260514_153242__traffic_state_pred__new_diffusion_fuzzy_2__PEMSD4/model_cache/new_diffusion_fuzzy_2_PEMSD4_epoch9.tar
2026-05-14 15:48:34,811 - INFO - epoch complete!
2026-05-14 15:48:34,812 - INFO - evaluating now!
2026-05-14 15:48:34,813 - INFO - epoch complete!
2026-05-14 15:48:34,813 - INFO - evaluating now!
2026-05-14 15:48:34,814 - INFO - epoch complete!
2026-05-14 15:48:34,815 - INFO - evaluating now!
2026-05-14 15:48:34,815 - INFO - epoch complete!
2026-05-14 15:48:34,816 - INFO - evaluating now!
2026-05-14 15:48:42,590 - INFO - Epoch [10/50] train_loss: 0.7590, val_loss: 0.7040, lr: 0.000034, 88.58s
2026-05-14 15:48:42,591 - INFO - Epoch [10/50] train_loss: 0.7583, val_loss: 0.7040, lr: 0.000034, 88.64s
2026-05-14 15:48:42,591 - INFO - Epoch [10/50] train_loss: 0.7530, val_loss: 0.7040, lr: 0.000034, 88.64s
2026-05-14 15:48:42,591 - INFO - Epoch [10/50] train_loss: 0.7562, val_loss: 0.7040, lr: 0.000034, 88.64s
2026-05-14 15:48:42,819 - INFO - Saved model at 10
2026-05-14 15:48:42,819 - INFO - Val loss decrease from 0.7214 to 0.7040, saving to /home/lizhuoxuan/lzq/Bigscity-LibCity-master/outputs/20260514_153242__traffic_state_pred__new_diffusion_fuzzy_2__PEMSD4/model_cache/new_diffusion_fuzzy_2_PEMSD4_epoch10.tar
2026-05-14 15:48:42,830 - INFO - Saved model at 10
2026-05-14 15:48:42,831 - INFO - Val loss decrease from 0.7214 to 0.7040, saving to /home/lizhuoxuan/lzq/Bigscity-LibCity-master/outputs/20260514_153242__traffic_state_pred__new_diffusion_fuzzy_2__PEMSD4/model_cache/new_diffusion_fuzzy_2_PEMSD4_epoch10.tar
2026-05-14 15:48:42,831 - INFO - Saved model at 10
2026-05-14 15:48:42,835 - INFO - Val loss decrease from 0.7214 to 0.7040, saving to /home/lizhuoxuan/lzq/Bigscity-LibCity-master/outputs/20260514_153242__traffic_state_pred__new_diffusion_fuzzy_2__PEMSD4/model_cache/new_diffusion_fuzzy_2_PEMSD4_epoch10.tar
2026-05-14 15:48:42,886 - INFO - Saved model at 10
2026-05-14 15:48:42,887 - INFO - Val loss decrease from 0.7214 to 0.7040, saving to /home/lizhuoxuan/lzq/Bigscity-LibCity-master/outputs/20260514_153242__traffic_state_pred__new_diffusion_fuzzy_2__PEMSD4/model_cache/new_diffusion_fuzzy_2_PEMSD4_epoch10.tar
2026-05-14 15:50:07,008 - INFO - epoch complete!
2026-05-14 15:50:07,009 - INFO - evaluating now!
2026-05-14 15:50:07,018 - INFO - epoch complete!
2026-05-14 15:50:07,018 - INFO - evaluating now!
2026-05-14 15:50:07,020 - INFO - epoch complete!
2026-05-14 15:50:07,021 - INFO - evaluating now!
2026-05-14 15:50:07,028 - INFO - epoch complete!
2026-05-14 15:50:07,029 - INFO - evaluating now!
2026-05-14 15:50:11,240 - INFO - Epoch [11/50] train_loss: 0.7452, val_loss: 0.6878, lr: 0.000105, 88.41s
2026-05-14 15:50:11,241 - INFO - Epoch [11/50] train_loss: 0.7389, val_loss: 0.6878, lr: 0.000105, 88.40s
2026-05-14 15:50:11,241 - INFO - Epoch [11/50] train_loss: 0.7256, val_loss: 0.6878, lr: 0.000105, 88.35s
2026-05-14 15:50:11,240 - INFO - Epoch [11/50] train_loss: 0.7435, val_loss: 0.6878, lr: 0.000105, 88.42s
2026-05-14 15:50:11,605 - INFO - Saved model at 11
2026-05-14 15:50:11,606 - INFO - Val loss decrease from 0.7040 to 0.6878, saving to /home/lizhuoxuan/lzq/Bigscity-LibCity-master/outputs/20260514_153242__traffic_state_pred__new_diffusion_fuzzy_2__PEMSD4/model_cache/new_diffusion_fuzzy_2_PEMSD4_epoch11.tar
2026-05-14 15:50:11,623 - INFO - Saved model at 11
2026-05-14 15:50:11,624 - INFO - Val loss decrease from 0.7040 to 0.6878, saving to /home/lizhuoxuan/lzq/Bigscity-LibCity-master/outputs/20260514_153242__traffic_state_pred__new_diffusion_fuzzy_2__PEMSD4/model_cache/new_diffusion_fuzzy_2_PEMSD4_epoch11.tar
2026-05-14 15:50:11,624 - INFO - Saved model at 11
2026-05-14 15:50:11,625 - INFO - Val loss decrease from 0.7040 to 0.6878, saving to /home/lizhuoxuan/lzq/Bigscity-LibCity-master/outputs/20260514_153242__traffic_state_pred__new_diffusion_fuzzy_2__PEMSD4/model_cache/new_diffusion_fuzzy_2_PEMSD4_epoch11.tar
2026-05-14 15:50:11,631 - INFO - Saved model at 11
2026-05-14 15:50:11,632 - INFO - Val loss decrease from 0.7040 to 0.6878, saving to /home/lizhuoxuan/lzq/Bigscity-LibCity-master/outputs/20260514_153242__traffic_state_pred__new_diffusion_fuzzy_2__PEMSD4/model_cache/new_diffusion_fuzzy_2_PEMSD4_epoch11.tar
2026-05-14 15:51:30,091 - INFO - epoch complete!
2026-05-14 15:51:30,092 - INFO - evaluating now!
2026-05-14 15:51:30,098 - INFO - epoch complete!
2026-05-14 15:51:30,099 - INFO - epoch complete!
2026-05-14 15:51:30,100 - INFO - epoch complete!
2026-05-14 15:51:30,101 - INFO - evaluating now!
2026-05-14 15:51:30,101 - INFO - evaluating now!
2026-05-14 15:51:30,102 - INFO - evaluating now!
2026-05-14 15:51:32,909 - INFO - Epoch [12/50] train_loss: 0.7222, val_loss: 0.7357, lr: 0.000214, 81.28s
2026-05-14 15:51:32,909 - INFO - Epoch [12/50] train_loss: 0.7307, val_loss: 0.7357, lr: 0.000214, 81.29s
2026-05-14 15:51:32,910 - INFO - Epoch [12/50] train_loss: 0.7456, val_loss: 0.7357, lr: 0.000214, 81.28s
2026-05-14 15:51:32,911 - INFO - Epoch [12/50] train_loss: 0.7269, val_loss: 0.7357, lr: 0.000214, 81.30s
2026-05-14 15:53:10,084 - INFO - epoch complete!
2026-05-14 15:53:10,085 - INFO - evaluating now!
2026-05-14 15:53:10,085 - INFO - epoch complete!
2026-05-14 15:53:10,085 - INFO - evaluating now!
2026-05-14 15:53:10,085 - INFO - epoch complete!
2026-05-14 15:53:10,086 - INFO - evaluating now!
2026-05-14 15:53:10,097 - INFO - epoch complete!
2026-05-14 15:53:10,101 - INFO - evaluating now!
2026-05-14 15:53:16,638 - INFO - Epoch [13/50] train_loss: 0.7273, val_loss: 0.7200, lr: 0.000352, 103.73s
2026-05-14 15:53:16,638 - INFO - Epoch [13/50] train_loss: 0.7344, val_loss: 0.7200, lr: 0.000352, 103.73s
2026-05-14 15:53:16,638 - INFO - Epoch [13/50] train_loss: 0.7360, val_loss: 0.7200, lr: 0.000352, 103.73s
2026-05-14 15:53:16,640 - INFO - Epoch [13/50] train_loss: 0.7305, val_loss: 0.7200, lr: 0.000352, 103.73s
2026-05-14 15:54:44,344 - INFO - epoch complete!
2026-05-14 15:54:44,345 - INFO - evaluating now!
2026-05-14 15:54:44,355 - INFO - epoch complete!
2026-05-14 15:54:44,355 - INFO - evaluating now!
2026-05-14 15:54:44,357 - INFO - epoch complete!
2026-05-14 15:54:44,357 - INFO - evaluating now!
2026-05-14 15:54:44,354 - INFO - epoch complete!
2026-05-14 15:54:44,359 - INFO - evaluating now!
2026-05-14 15:54:52,099 - INFO - Epoch [14/50] train_loss: 0.7714, val_loss: 0.7645, lr: 0.000505, 95.46s
2026-05-14 15:54:52,101 - INFO - Epoch [14/50] train_loss: 0.7553, val_loss: 0.7645, lr: 0.000505, 95.46s
2026-05-14 15:54:52,101 - INFO - Epoch [14/50] train_loss: 0.7610, val_loss: 0.7645, lr: 0.000505, 95.46s
2026-05-14 15:54:52,102 - INFO - Epoch [14/50] train_loss: 0.7722, val_loss: 0.7645, lr: 0.000505, 95.46s
2026-05-14 15:56:42,155 - INFO - epoch complete!
2026-05-14 15:56:42,156 - INFO - evaluating now!
2026-05-14 15:56:42,155 - INFO - epoch complete!
2026-05-14 15:56:42,155 - INFO - epoch complete!
2026-05-14 15:56:42,156 - INFO - evaluating now!
2026-05-14 15:56:42,156 - INFO - evaluating now!
2026-05-14 15:56:42,156 - INFO - epoch complete!
2026-05-14 15:56:42,157 - INFO - evaluating now!
2026-05-14 15:56:49,814 - INFO - Epoch [15/50] train_loss: 0.7550, val_loss: 0.8011, lr: 0.000658, 117.71s
2026-05-14 15:56:49,818 - INFO - Epoch [15/50] train_loss: 0.7424, val_loss: 0.8011, lr: 0.000658, 117.71s
2026-05-14 15:56:49,818 - INFO - Epoch [15/50] train_loss: 0.7589, val_loss: 0.8011, lr: 0.000658, 117.72s
2026-05-14 15:56:49,823 - INFO - Epoch [15/50] train_loss: 0.7479, val_loss: 0.8011, lr: 0.000658, 117.72s
2026-05-14 15:58:28,916 - INFO - epoch complete!
2026-05-14 15:58:28,916 - INFO - evaluating now!
2026-05-14 15:58:28,919 - INFO - epoch complete!
2026-05-14 15:58:28,920 - INFO - evaluating now!
2026-05-14 15:58:28,930 - INFO - epoch complete!
2026-05-14 15:58:28,931 - INFO - evaluating now!
2026-05-14 15:58:28,933 - INFO - epoch complete!
2026-05-14 15:58:28,934 - INFO - evaluating now!
2026-05-14 15:58:35,911 - INFO - Epoch [16/50] train_loss: 0.8069, val_loss: 0.7883, lr: 0.000796, 106.09s
2026-05-14 15:58:35,912 - INFO - Epoch [16/50] train_loss: 0.8071, val_loss: 0.7883, lr: 0.000796, 106.09s
2026-05-14 15:58:35,913 - INFO - Epoch [16/50] train_loss: 0.8137, val_loss: 0.7883, lr: 0.000796, 106.09s
2026-05-14 15:58:35,918 - INFO - Epoch [16/50] train_loss: 0.7990, val_loss: 0.7883, lr: 0.000796, 106.10s
2026-05-14 16:00:45,741 - INFO - epoch complete!
2026-05-14 16:00:45,741 - INFO - evaluating now!
2026-05-14 16:00:45,744 - INFO - epoch complete!
2026-05-14 16:00:45,745 - INFO - evaluating now!
2026-05-14 16:00:45,745 - INFO - epoch complete!
2026-05-14 16:00:45,746 - INFO - evaluating now!
2026-05-14 16:00:45,750 - INFO - epoch complete!
2026-05-14 16:00:45,750 - INFO - evaluating now!
2026-05-14 16:00:51,582 - INFO - Epoch [17/50] train_loss: 0.7736, val_loss: 0.8073, lr: 0.000905, 135.67s
2026-05-14 16:00:51,583 - INFO - Epoch [17/50] train_loss: 0.7593, val_loss: 0.8073, lr: 0.000905, 135.67s
2026-05-14 16:00:51,591 - INFO - Epoch [17/50] train_loss: 0.7689, val_loss: 0.8073, lr: 0.000905, 135.67s
2026-05-14 16:00:51,591 - INFO - Epoch [17/50] train_loss: 0.7721, val_loss: 0.8073, lr: 0.000905, 135.68s
2026-05-14 16:03:00,750 - INFO - epoch complete!
2026-05-14 16:03:00,750 - INFO - evaluating now!
2026-05-14 16:03:00,753 - INFO - epoch complete!
2026-05-14 16:03:00,754 - INFO - evaluating now!
2026-05-14 16:03:00,753 - INFO - epoch complete!
2026-05-14 16:03:00,754 - INFO - evaluating now!
2026-05-14 16:03:00,756 - INFO - epoch complete!
2026-05-14 16:03:00,757 - INFO - evaluating now!
2026-05-14 16:03:06,613 - INFO - Epoch [18/50] train_loss: 0.7581, val_loss: 0.7739, lr: 0.000976, 135.03s
2026-05-14 16:03:06,613 - INFO - Epoch [18/50] train_loss: 0.7436, val_loss: 0.7739, lr: 0.000976, 135.03s
2026-05-14 16:03:06,616 - INFO - Epoch [18/50] train_loss: 0.7499, val_loss: 0.7739, lr: 0.000976, 135.02s
2026-05-14 16:03:06,616 - INFO - Epoch [18/50] train_loss: 0.7642, val_loss: 0.7739, lr: 0.000976, 135.02s
2026-05-14 16:05:23,009 - INFO - epoch complete!
2026-05-14 16:05:23,010 - INFO - evaluating now!
2026-05-14 16:05:23,012 - INFO - epoch complete!
2026-05-14 16:05:23,012 - INFO - evaluating now!
2026-05-14 16:05:23,015 - INFO - epoch complete!
2026-05-14 16:05:23,015 - INFO - evaluating now!
2026-05-14 16:05:23,015 - INFO - epoch complete!
2026-05-14 16:05:23,016 - INFO - evaluating now!
2026-05-14 16:05:29,547 - INFO - Epoch [19/50] train_loss: 0.7802, val_loss: 0.7211, lr: 0.001000, 142.93s
2026-05-14 16:05:29,547 - INFO - Epoch [19/50] train_loss: 0.7813, val_loss: 0.7211, lr: 0.001000, 142.93s
2026-05-14 16:05:29,547 - INFO - Epoch [19/50] train_loss: 0.7882, val_loss: 0.7211, lr: 0.001000, 142.93s
2026-05-14 16:05:29,548 - INFO - Epoch [19/50] train_loss: 0.7872, val_loss: 0.7211, lr: 0.001000, 142.93s
2026-05-14 16:07:14,716 - INFO - epoch complete!
2026-05-14 16:07:14,716 - INFO - evaluating now!
2026-05-14 16:07:14,719 - INFO - epoch complete!
2026-05-14 16:07:14,720 - INFO - evaluating now!
2026-05-14 16:07:14,722 - INFO - epoch complete!
2026-05-14 16:07:14,722 - INFO - evaluating now!
2026-05-14 16:07:14,722 - INFO - epoch complete!
2026-05-14 16:07:14,723 - INFO - evaluating now!
2026-05-14 16:07:21,098 - INFO - Epoch [20/50] train_loss: 0.7641, val_loss: 0.7758, lr: 0.000976, 111.55s
2026-05-14 16:07:21,098 - INFO - Epoch [20/50] train_loss: 0.7552, val_loss: 0.7758, lr: 0.000976, 111.55s
2026-05-14 16:07:21,098 - INFO - Epoch [20/50] train_loss: 0.7470, val_loss: 0.7758, lr: 0.000976, 111.55s
2026-05-14 16:07:21,100 - INFO - Epoch [20/50] train_loss: 0.7638, val_loss: 0.7758, lr: 0.000976, 111.55s
2026-05-14 16:09:08,849 - INFO - epoch complete!
2026-05-14 16:09:08,850 - INFO - evaluating now!
2026-05-14 16:09:08,855 - INFO - epoch complete!
2026-05-14 16:09:08,856 - INFO - evaluating now!
2026-05-14 16:09:08,860 - INFO - epoch complete!
2026-05-14 16:09:08,861 - INFO - evaluating now!
2026-05-14 16:09:08,861 - INFO - epoch complete!
2026-05-14 16:09:08,862 - INFO - evaluating now!
2026-05-14 16:09:14,735 - INFO - Epoch [21/50] train_loss: 0.7424, val_loss: 0.7629, lr: 0.000905, 113.64s
2026-05-14 16:09:14,735 - INFO - Epoch [21/50] train_loss: 0.7384, val_loss: 0.7629, lr: 0.000905, 113.63s
2026-05-14 16:09:14,736 - INFO - Epoch [21/50] train_loss: 0.7370, val_loss: 0.7629, lr: 0.000905, 113.63s
2026-05-14 16:09:14,740 - INFO - Epoch [21/50] train_loss: 0.7253, val_loss: 0.7629, lr: 0.000905, 113.64s
