2026-05-25 20:09:47,834 - INFO - Log directory: /home/lizhuoxuan/lzq/Bigscity-LibCity-master/outputs/20260525_200947__traffic_state_pred__new_fuzzy_4__PEMSD4/logs
2026-05-25 20:09:47,834 - INFO - Begin artifact training pipeline, task=traffic_state_pred, model_name=new_fuzzy_4, dataset_name=PEMSD4, exp_id=20260525_200947__traffic_state_pred__new_fuzzy_4__PEMSD4
2026-05-25 20:09:47,836 - INFO - {'task': 'traffic_state_pred', 'model': 'new_fuzzy_4', 'dataset': 'PEMSD4', 'saved_model': True, 'train': True, 'seed': 42, 'train_rate': 0.6, 'eval_rate': 0.2, 'batch_size': 64, 'learning_rate': 0.001, 'max_epoch': 20, 'dataset_class': 'TrafficStatePointDataset', 'executor': 'DiffusionTrafficStateExecutor', 'evaluator': 'TrafficStateEvaluator', 'amp_dtype': 'bfloat16', 'beta_end': 0.02, 'beta_start': 0.0001, 'calculate_weight_adj': False, 'data_col': ['traffic_flow', 'traffic_occupancy', 'traffic_speed'], 'data_files': ['PEMSD4'], 'ddim_eta': 0, 'decoder_layers': 2, 'denoiser_layers': 4, 'device': device(type='cuda', index=0), 'diffusion_schedule': 'cosine', 'diffusion_steps': 200, 'disturb_rate': 0.2, 'dropout': 0.1, 'dyna': {'including_types': ['state'], 'state': {'entity_id': 'geo_id', 'traffic_flow': 'num', 'traffic_occupancy': 'num', 'traffic_speed': 'num'}}, 'encoder_layers': 2, 'eval_batch_size': 64, 'evaluator_mode': 'single', 'ffn_hidden_dim': 128, 'fuzzy_num_sets': 3, 'geo': {'including_types': ['Point'], 'Point': {}}, 'geo_file': 'PEMSD4', 'graph_k_hop': 2, 'hidden_dim': 64, 'init_weight_inf_or_zero': 'zero', 'is_distributed': True, 'metrics': ['MAE', 'MAPE', 'MSE', 'RMSE', 'masked_MAE', 'masked_MAPE', 'masked_MSE', 'masked_RMSE', 'R2', 'EVAR'], 'noise_SD': [10], 'noise_mean': [5], 'noise_type': 'gaussian', 'num_heads': 2, 'num_sampling_steps': 100, 'num_workers': 0, 'output_dim': 3, 'pad_with_last_sample': True, 'prediction_clamp_max': 3, 'prediction_clamp_min': -3, 'rank': 0, 'rel': {'including_types': ['geo'], 'geo': {'cost': 'num'}}, 'rel_file': 'PEMSD4', 'robustness_test': False, 'save_mode': ['csv'], 'scale_lr': False, 'set_weight_link_or_dist': 'link', 'time_intervals': 300, 'use_amp': True, 'use_diffusion': True, 'use_fuzzy_graph': True, 'use_gradient_checkpointing': False, 'use_spatiotemporal_attention': True, 'use_temporal_position_embedding': True, 'weight_adj_epsilon': 0.1, 'weight_col': 'cost', 'world_size': 2, 'clip_grad_norm': True, 'epoch': 0, 'gpu': True, 'gpu_id': 0, 'learner': 'adamw', 'load_best_epoch': True, 'log_every': 1, 'lr_decay': True, 'lr_decay_ratio': 0.5, 'lr_patience': 5, 'lr_scheduler': 'cosineannealinglr', 'lr_threshold': 0.001, 'max_grad_norm': 3, 'patience': 30, 'train_loss': 'none', 'use_early_stop': True, 'weight_decay': 0.0001, 'data_version_id': 'dv_1779709862_1e4ff61d', 'input_window': 12, 'output_window': 12, 'scaler': 'standard', 'load_external': False, 'normal_external': False, 'add_time_in_day': True, 'add_day_in_week': True, 'cache_dataset': True, 'ext_scaler': 'none', 'local_rank': 0, 'dist_backend': 'nccl', 'exp_id': '20260525_200947__traffic_state_pred__new_fuzzy_4__PEMSD4'}
2026-05-25 20:09:47,946 - INFO - Log directory: /home/lizhuoxuan/lzq/Bigscity-LibCity-master/outputs/20260525_200947__traffic_state_pred__new_fuzzy_4__PEMSD4/logs
2026-05-25 20:10:02,992 - INFO - DistributedDataParallel(
  (module): NewFuzzy4(
    (diffusion): DiffusionScheduler()
    (fuzzy_graph): FuzzyRelationalGraphLearner(
      (raw_projection): Linear(in_features=3, out_features=64, bias=True)
      (feature_to_membership): Sequential(
        (0): Linear(in_features=64, out_features=32, bias=True)
        (1): GELU(approximate='none')
        (2): Linear(in_features=32, out_features=3, bias=True)
      )
    )
    (condition_encoder): STEncoder(
      (input_projection): Linear(in_features=3, out_features=64, bias=True)
      (blocks): ModuleList(
        (0-1): 2 x STEncoderBlock(
          (temporal_attention): MultiHeadAttention(
            (query_projection): Linear(in_features=64, out_features=64, bias=True)
            (key_projection): Linear(in_features=64, out_features=64, bias=True)
            (value_projection): Linear(in_features=64, out_features=64, bias=True)
            (output_projection): Linear(in_features=64, out_features=64, bias=True)
            (dropout): Dropout(p=0.1, inplace=False)
          )
          (graph_convolution): FuzzyGraphConvolution(
            (projections): ModuleList(
              (0-2): 3 x Linear(in_features=64, out_features=64, bias=True)
            )
          )
          (feed_forward): FeedForwardNetwork(
            (network): Sequential(
              (0): Linear(in_features=64, out_features=128, bias=True)
              (1): GELU(approximate='none')
              (2): Dropout(p=0.1, inplace=False)
              (3): Linear(in_features=128, out_features=64, bias=True)
              (4): Dropout(p=0.1, inplace=False)
            )
          )
          (norm_temporal): LayerNorm((64,), eps=1e-05, elementwise_affine=True)
          (norm_graph): LayerNorm((64,), eps=1e-05, elementwise_affine=True)
          (norm_ffn): LayerNorm((64,), eps=1e-05, elementwise_affine=True)
          (dropout): Dropout(p=0.1, inplace=False)
        )
      )
      (final_norm): LayerNorm((64,), eps=1e-05, elementwise_affine=True)
    )
    (denoiser): FuzzyGuidedDenoiser(
      (input_projection): Linear(in_features=3, out_features=64, bias=True)
      (time_embedding): SinusoidalTimeEmbedding()
      (time_projection): Sequential(
        (0): Linear(in_features=64, out_features=64, bias=True)
        (1): SiLU()
        (2): Linear(in_features=64, out_features=64, bias=True)
      )
      (condition_fusion): Linear(in_features=128, out_features=64, bias=True)
      (blocks): ModuleList(
        (0-3): 4 x DenoiserBlock(
          (temporal_attention): MultiHeadAttention(
            (query_projection): Linear(in_features=64, out_features=64, bias=True)
            (key_projection): Linear(in_features=64, out_features=64, bias=True)
            (value_projection): Linear(in_features=64, out_features=64, bias=True)
            (output_projection): Linear(in_features=64, out_features=64, bias=True)
            (dropout): Dropout(p=0.1, inplace=False)
          )
          (graph_convolution): FuzzyGraphConvolution(
            (projections): ModuleList(
              (0-2): 3 x Linear(in_features=64, out_features=64, bias=True)
            )
          )
          (cross_attention): MultiHeadAttention(
            (query_projection): Linear(in_features=64, out_features=64, bias=True)
            (key_projection): Linear(in_features=64, out_features=64, bias=True)
            (value_projection): Linear(in_features=64, out_features=64, bias=True)
            (output_projection): Linear(in_features=64, out_features=64, bias=True)
            (dropout): Dropout(p=0.1, inplace=False)
          )
          (spatiotemporal_attention): MultiHeadAttention(
            (query_projection): Linear(in_features=64, out_features=64, bias=True)
            (key_projection): Linear(in_features=64, out_features=64, bias=True)
            (value_projection): Linear(in_features=64, out_features=64, bias=True)
            (output_projection): Linear(in_features=64, out_features=64, bias=True)
            (dropout): Dropout(p=0.1, inplace=False)
          )
          (feed_forward): FeedForwardNetwork(
            (network): Sequential(
              (0): Linear(in_features=64, out_features=128, bias=True)
              (1): GELU(approximate='none')
              (2): Dropout(p=0.1, inplace=False)
              (3): Linear(in_features=128, out_features=64, bias=True)
              (4): Dropout(p=0.1, inplace=False)
            )
          )
          (norm_temporal): LayerNorm((64,), eps=1e-05, elementwise_affine=True)
          (norm_graph): LayerNorm((64,), eps=1e-05, elementwise_affine=True)
          (norm_cross): LayerNorm((64,), eps=1e-05, elementwise_affine=True)
          (norm_spatiotemporal): LayerNorm((64,), eps=1e-05, elementwise_affine=True)
          (norm_ffn): LayerNorm((64,), eps=1e-05, elementwise_affine=True)
          (dropout): Dropout(p=0.1, inplace=False)
          (time_scale_shift): Sequential(
            (0): SiLU()
            (1): Linear(in_features=64, out_features=128, bias=True)
          )
        )
      )
      (final_norm): LayerNorm((64,), eps=1e-05, elementwise_affine=True)
      (output_projection): Linear(in_features=64, out_features=3, bias=True)
    )
  )
)
2026-05-25 20:10:02,994 - INFO - Enable AMP training (dtype=bfloat16).
2026-05-25 20:10:02,994 - INFO - You select `adamw` optimizer.
2026-05-25 20:10:02,994 - INFO - module.fuzzy_graph.base_memberships	torch.Size([307, 3])	cuda:0	True
2026-05-25 20:10:02,994 - INFO - module.fuzzy_graph.blend_logit	torch.Size([])	cuda:0	True
2026-05-25 20:10:02,994 - INFO - module.fuzzy_graph.raw_projection.weight	torch.Size([64, 3])	cuda:0	True
2026-05-25 20:10:02,994 - INFO - module.fuzzy_graph.raw_projection.bias	torch.Size([64])	cuda:0	True
2026-05-25 20:10:02,994 - INFO - module.fuzzy_graph.feature_to_membership.0.weight	torch.Size([32, 64])	cuda:0	True
2026-05-25 20:10:02,994 - INFO - module.fuzzy_graph.feature_to_membership.0.bias	torch.Size([32])	cuda:0	True
2026-05-25 20:10:02,994 - INFO - module.fuzzy_graph.feature_to_membership.2.weight	torch.Size([3, 32])	cuda:0	True
2026-05-25 20:10:02,995 - INFO - module.fuzzy_graph.feature_to_membership.2.bias	torch.Size([3])	cuda:0	True
2026-05-25 20:10:02,995 - INFO - module.condition_encoder.temporal_position_embedding	torch.Size([1, 12, 1, 64])	cuda:0	True
2026-05-25 20:10:02,995 - INFO - module.condition_encoder.input_projection.weight	torch.Size([64, 3])	cuda:0	True
2026-05-25 20:10:02,995 - INFO - module.condition_encoder.input_projection.bias	torch.Size([64])	cuda:0	True
2026-05-25 20:10:02,995 - INFO - module.condition_encoder.blocks.0.temporal_attention.query_projection.weight	torch.Size([64, 64])	cuda:0	True
2026-05-25 20:10:02,995 - INFO - module.condition_encoder.blocks.0.temporal_attention.query_projection.bias	torch.Size([64])	cuda:0	True
2026-05-25 20:10:02,995 - INFO - module.condition_encoder.blocks.0.temporal_attention.key_projection.weight	torch.Size([64, 64])	cuda:0	True
2026-05-25 20:10:02,995 - INFO - module.condition_encoder.blocks.0.temporal_attention.key_projection.bias	torch.Size([64])	cuda:0	True
2026-05-25 20:10:02,995 - INFO - module.condition_encoder.blocks.0.temporal_attention.value_projection.weight	torch.Size([64, 64])	cuda:0	True
2026-05-25 20:10:02,995 - INFO - module.condition_encoder.blocks.0.temporal_attention.value_projection.bias	torch.Size([64])	cuda:0	True
2026-05-25 20:10:02,995 - INFO - module.condition_encoder.blocks.0.temporal_attention.output_projection.weight	torch.Size([64, 64])	cuda:0	True
2026-05-25 20:10:02,995 - INFO - module.condition_encoder.blocks.0.temporal_attention.output_projection.bias	torch.Size([64])	cuda:0	True
2026-05-25 20:10:02,995 - INFO - module.condition_encoder.blocks.0.graph_convolution.projections.0.weight	torch.Size([64, 64])	cuda:0	True
2026-05-25 20:10:02,995 - INFO - module.condition_encoder.blocks.0.graph_convolution.projections.0.bias	torch.Size([64])	cuda:0	True
2026-05-25 20:10:02,995 - INFO - module.condition_encoder.blocks.0.graph_convolution.projections.1.weight	torch.Size([64, 64])	cuda:0	True
2026-05-25 20:10:02,995 - INFO - module.condition_encoder.blocks.0.graph_convolution.projections.1.bias	torch.Size([64])	cuda:0	True
2026-05-25 20:10:02,995 - INFO - module.condition_encoder.blocks.0.graph_convolution.projections.2.weight	torch.Size([64, 64])	cuda:0	True
2026-05-25 20:10:02,995 - INFO - You select `cosineannealinglr` lr_scheduler.
2026-05-25 20:10:02,995 - INFO - module.condition_encoder.blocks.0.graph_convolution.projections.2.bias	torch.Size([64])	cuda:0	True
2026-05-25 20:10:02,995 - INFO - module.condition_encoder.blocks.0.feed_forward.network.0.weight	torch.Size([128, 64])	cuda:0	True
2026-05-25 20:10:02,995 - INFO - module.condition_encoder.blocks.0.feed_forward.network.0.bias	torch.Size([128])	cuda:0	True
2026-05-25 20:10:02,995 - INFO - module.condition_encoder.blocks.0.feed_forward.network.3.weight	torch.Size([64, 128])	cuda:0	True
2026-05-25 20:10:02,995 - WARNING - Received none train loss func and will use the loss func defined in the model.
2026-05-25 20:10:02,995 - INFO - module.condition_encoder.blocks.0.feed_forward.network.3.bias	torch.Size([64])	cuda:0	True
2026-05-25 20:10:02,995 - INFO - module.condition_encoder.blocks.0.norm_temporal.weight	torch.Size([64])	cuda:0	True
2026-05-25 20:10:02,995 - INFO - module.condition_encoder.blocks.0.norm_temporal.bias	torch.Size([64])	cuda:0	True
2026-05-25 20:10:02,995 - INFO - Start training ...
2026-05-25 20:10:02,995 - INFO - module.condition_encoder.blocks.0.norm_graph.weight	torch.Size([64])	cuda:0	True
2026-05-25 20:10:02,995 - INFO - module.condition_encoder.blocks.0.norm_graph.bias	torch.Size([64])	cuda:0	True
2026-05-25 20:10:02,995 - INFO - num_batches:80
2026-05-25 20:10:02,995 - INFO - module.condition_encoder.blocks.0.norm_ffn.weight	torch.Size([64])	cuda:0	True
2026-05-25 20:10:02,996 - INFO - module.condition_encoder.blocks.0.norm_ffn.bias	torch.Size([64])	cuda:0	True
2026-05-25 20:10:02,996 - INFO - module.condition_encoder.blocks.1.temporal_attention.query_projection.weight	torch.Size([64, 64])	cuda:0	True
2026-05-25 20:10:02,996 - INFO - module.condition_encoder.blocks.1.temporal_attention.query_projection.bias	torch.Size([64])	cuda:0	True
2026-05-25 20:10:02,996 - INFO - module.condition_encoder.blocks.1.temporal_attention.key_projection.weight	torch.Size([64, 64])	cuda:0	True
2026-05-25 20:10:02,996 - INFO - module.condition_encoder.blocks.1.temporal_attention.key_projection.bias	torch.Size([64])	cuda:0	True
2026-05-25 20:10:02,996 - INFO - module.condition_encoder.blocks.1.temporal_attention.value_projection.weight	torch.Size([64, 64])	cuda:0	True
2026-05-25 20:10:02,996 - INFO - module.condition_encoder.blocks.1.temporal_attention.value_projection.bias	torch.Size([64])	cuda:0	True
2026-05-25 20:10:02,996 - INFO - module.condition_encoder.blocks.1.temporal_attention.output_projection.weight	torch.Size([64, 64])	cuda:0	True
2026-05-25 20:10:02,996 - INFO - module.condition_encoder.blocks.1.temporal_attention.output_projection.bias	torch.Size([64])	cuda:0	True
2026-05-25 20:10:02,996 - INFO - module.condition_encoder.blocks.1.graph_convolution.projections.0.weight	torch.Size([64, 64])	cuda:0	True
2026-05-25 20:10:02,996 - INFO - module.condition_encoder.blocks.1.graph_convolution.projections.0.bias	torch.Size([64])	cuda:0	True
2026-05-25 20:10:02,996 - INFO - module.condition_encoder.blocks.1.graph_convolution.projections.1.weight	torch.Size([64, 64])	cuda:0	True
2026-05-25 20:10:02,996 - INFO - module.condition_encoder.blocks.1.graph_convolution.projections.1.bias	torch.Size([64])	cuda:0	True
2026-05-25 20:10:02,996 - INFO - module.condition_encoder.blocks.1.graph_convolution.projections.2.weight	torch.Size([64, 64])	cuda:0	True
2026-05-25 20:10:02,996 - INFO - module.condition_encoder.blocks.1.graph_convolution.projections.2.bias	torch.Size([64])	cuda:0	True
2026-05-25 20:10:02,996 - INFO - module.condition_encoder.blocks.1.feed_forward.network.0.weight	torch.Size([128, 64])	cuda:0	True
2026-05-25 20:10:02,996 - INFO - module.condition_encoder.blocks.1.feed_forward.network.0.bias	torch.Size([128])	cuda:0	True
2026-05-25 20:10:02,996 - INFO - module.condition_encoder.blocks.1.feed_forward.network.3.weight	torch.Size([64, 128])	cuda:0	True
2026-05-25 20:10:02,996 - INFO - module.condition_encoder.blocks.1.feed_forward.network.3.bias	torch.Size([64])	cuda:0	True
2026-05-25 20:10:02,996 - INFO - module.condition_encoder.blocks.1.norm_temporal.weight	torch.Size([64])	cuda:0	True
2026-05-25 20:10:02,996 - INFO - module.condition_encoder.blocks.1.norm_temporal.bias	torch.Size([64])	cuda:0	True
2026-05-25 20:10:02,996 - INFO - module.condition_encoder.blocks.1.norm_graph.weight	torch.Size([64])	cuda:0	True
2026-05-25 20:10:02,996 - INFO - module.condition_encoder.blocks.1.norm_graph.bias	torch.Size([64])	cuda:0	True
2026-05-25 20:10:02,996 - INFO - module.condition_encoder.blocks.1.norm_ffn.weight	torch.Size([64])	cuda:0	True
2026-05-25 20:10:02,996 - INFO - module.condition_encoder.blocks.1.norm_ffn.bias	torch.Size([64])	cuda:0	True
2026-05-25 20:10:02,996 - INFO - module.condition_encoder.final_norm.weight	torch.Size([64])	cuda:0	True
2026-05-25 20:10:02,996 - INFO - module.condition_encoder.final_norm.bias	torch.Size([64])	cuda:0	True
2026-05-25 20:10:02,996 - INFO - module.denoiser.future_position_embedding	torch.Size([1, 12, 1, 64])	cuda:0	True
2026-05-25 20:10:02,996 - INFO - module.denoiser.condition_temporal_weight	torch.Size([12])	cuda:0	True
2026-05-25 20:10:02,997 - INFO - module.denoiser.input_projection.weight	torch.Size([64, 3])	cuda:0	True
2026-05-25 20:10:02,997 - INFO - module.denoiser.input_projection.bias	torch.Size([64])	cuda:0	True
2026-05-25 20:10:02,997 - INFO - module.denoiser.time_projection.0.weight	torch.Size([64, 64])	cuda:0	True
2026-05-25 20:10:02,997 - INFO - module.denoiser.time_projection.0.bias	torch.Size([64])	cuda:0	True
2026-05-25 20:10:02,997 - INFO - module.denoiser.time_projection.2.weight	torch.Size([64, 64])	cuda:0	True
2026-05-25 20:10:02,997 - INFO - module.denoiser.time_projection.2.bias	torch.Size([64])	cuda:0	True
2026-05-25 20:10:02,997 - INFO - module.denoiser.condition_fusion.weight	torch.Size([64, 128])	cuda:0	True
2026-05-25 20:10:02,997 - INFO - module.denoiser.condition_fusion.bias	torch.Size([64])	cuda:0	True
2026-05-25 20:10:02,997 - INFO - module.denoiser.blocks.0.temporal_attention.query_projection.weight	torch.Size([64, 64])	cuda:0	True
2026-05-25 20:10:02,997 - INFO - module.denoiser.blocks.0.temporal_attention.query_projection.bias	torch.Size([64])	cuda:0	True
2026-05-25 20:10:02,997 - INFO - module.denoiser.blocks.0.temporal_attention.key_projection.weight	torch.Size([64, 64])	cuda:0	True
2026-05-25 20:10:02,997 - INFO - module.denoiser.blocks.0.temporal_attention.key_projection.bias	torch.Size([64])	cuda:0	True
2026-05-25 20:10:02,997 - INFO - module.denoiser.blocks.0.temporal_attention.value_projection.weight	torch.Size([64, 64])	cuda:0	True
2026-05-25 20:10:02,997 - INFO - module.denoiser.blocks.0.temporal_attention.value_projection.bias	torch.Size([64])	cuda:0	True
2026-05-25 20:10:02,997 - INFO - module.denoiser.blocks.0.temporal_attention.output_projection.weight	torch.Size([64, 64])	cuda:0	True
2026-05-25 20:10:02,997 - INFO - module.denoiser.blocks.0.temporal_attention.output_projection.bias	torch.Size([64])	cuda:0	True
2026-05-25 20:10:02,997 - INFO - module.denoiser.blocks.0.graph_convolution.projections.0.weight	torch.Size([64, 64])	cuda:0	True
2026-05-25 20:10:02,997 - INFO - module.denoiser.blocks.0.graph_convolution.projections.0.bias	torch.Size([64])	cuda:0	True
2026-05-25 20:10:02,997 - INFO - module.denoiser.blocks.0.graph_convolution.projections.1.weight	torch.Size([64, 64])	cuda:0	True
2026-05-25 20:10:02,997 - INFO - module.denoiser.blocks.0.graph_convolution.projections.1.bias	torch.Size([64])	cuda:0	True
2026-05-25 20:10:02,998 - INFO - module.denoiser.blocks.0.graph_convolution.projections.2.weight	torch.Size([64, 64])	cuda:0	True
2026-05-25 20:10:02,998 - INFO - module.denoiser.blocks.0.graph_convolution.projections.2.bias	torch.Size([64])	cuda:0	True
2026-05-25 20:10:02,998 - INFO - module.denoiser.blocks.0.cross_attention.query_projection.weight	torch.Size([64, 64])	cuda:0	True
2026-05-25 20:10:02,998 - INFO - module.denoiser.blocks.0.cross_attention.query_projection.bias	torch.Size([64])	cuda:0	True
2026-05-25 20:10:02,998 - INFO - module.denoiser.blocks.0.cross_attention.key_projection.weight	torch.Size([64, 64])	cuda:0	True
2026-05-25 20:10:02,998 - INFO - module.denoiser.blocks.0.cross_attention.key_projection.bias	torch.Size([64])	cuda:0	True
2026-05-25 20:10:02,998 - INFO - module.denoiser.blocks.0.cross_attention.value_projection.weight	torch.Size([64, 64])	cuda:0	True
2026-05-25 20:10:02,998 - INFO - module.denoiser.blocks.0.cross_attention.value_projection.bias	torch.Size([64])	cuda:0	True
2026-05-25 20:10:02,998 - INFO - module.denoiser.blocks.0.cross_attention.output_projection.weight	torch.Size([64, 64])	cuda:0	True
2026-05-25 20:10:02,998 - INFO - module.denoiser.blocks.0.cross_attention.output_projection.bias	torch.Size([64])	cuda:0	True
2026-05-25 20:10:02,998 - INFO - module.denoiser.blocks.0.spatiotemporal_attention.query_projection.weight	torch.Size([64, 64])	cuda:0	True
2026-05-25 20:10:02,998 - INFO - module.denoiser.blocks.0.spatiotemporal_attention.query_projection.bias	torch.Size([64])	cuda:0	True
2026-05-25 20:10:02,998 - INFO - module.denoiser.blocks.0.spatiotemporal_attention.key_projection.weight	torch.Size([64, 64])	cuda:0	True
2026-05-25 20:10:02,998 - INFO - module.denoiser.blocks.0.spatiotemporal_attention.key_projection.bias	torch.Size([64])	cuda:0	True
2026-05-25 20:10:02,998 - INFO - module.denoiser.blocks.0.spatiotemporal_attention.value_projection.weight	torch.Size([64, 64])	cuda:0	True
2026-05-25 20:10:02,998 - INFO - module.denoiser.blocks.0.spatiotemporal_attention.value_projection.bias	torch.Size([64])	cuda:0	True
2026-05-25 20:10:02,998 - INFO - module.denoiser.blocks.0.spatiotemporal_attention.output_projection.weight	torch.Size([64, 64])	cuda:0	True
2026-05-25 20:10:02,998 - INFO - module.denoiser.blocks.0.spatiotemporal_attention.output_projection.bias	torch.Size([64])	cuda:0	True
2026-05-25 20:10:02,998 - INFO - module.denoiser.blocks.0.feed_forward.network.0.weight	torch.Size([128, 64])	cuda:0	True
2026-05-25 20:10:02,998 - INFO - module.denoiser.blocks.0.feed_forward.network.0.bias	torch.Size([128])	cuda:0	True
2026-05-25 20:10:02,998 - INFO - module.denoiser.blocks.0.feed_forward.network.3.weight	torch.Size([64, 128])	cuda:0	True
2026-05-25 20:10:02,998 - INFO - module.denoiser.blocks.0.feed_forward.network.3.bias	torch.Size([64])	cuda:0	True
2026-05-25 20:10:02,998 - INFO - module.denoiser.blocks.0.norm_temporal.weight	torch.Size([64])	cuda:0	True
2026-05-25 20:10:02,998 - INFO - module.denoiser.blocks.0.norm_temporal.bias	torch.Size([64])	cuda:0	True
2026-05-25 20:10:02,998 - INFO - module.denoiser.blocks.0.norm_graph.weight	torch.Size([64])	cuda:0	True
2026-05-25 20:10:02,999 - INFO - module.denoiser.blocks.0.norm_graph.bias	torch.Size([64])	cuda:0	True
2026-05-25 20:10:02,999 - INFO - module.denoiser.blocks.0.norm_cross.weight	torch.Size([64])	cuda:0	True
2026-05-25 20:10:02,999 - INFO - module.denoiser.blocks.0.norm_cross.bias	torch.Size([64])	cuda:0	True
2026-05-25 20:10:02,999 - INFO - module.denoiser.blocks.0.norm_spatiotemporal.weight	torch.Size([64])	cuda:0	True
2026-05-25 20:10:02,999 - INFO - module.denoiser.blocks.0.norm_spatiotemporal.bias	torch.Size([64])	cuda:0	True
2026-05-25 20:10:02,999 - INFO - module.denoiser.blocks.0.norm_ffn.weight	torch.Size([64])	cuda:0	True
2026-05-25 20:10:02,999 - INFO - module.denoiser.blocks.0.norm_ffn.bias	torch.Size([64])	cuda:0	True
2026-05-25 20:10:02,999 - INFO - module.denoiser.blocks.0.time_scale_shift.1.weight	torch.Size([128, 64])	cuda:0	True
2026-05-25 20:10:02,999 - INFO - module.denoiser.blocks.0.time_scale_shift.1.bias	torch.Size([128])	cuda:0	True
2026-05-25 20:10:02,999 - INFO - module.denoiser.blocks.1.temporal_attention.query_projection.weight	torch.Size([64, 64])	cuda:0	True
2026-05-25 20:10:02,999 - INFO - module.denoiser.blocks.1.temporal_attention.query_projection.bias	torch.Size([64])	cuda:0	True
2026-05-25 20:10:02,999 - INFO - module.denoiser.blocks.1.temporal_attention.key_projection.weight	torch.Size([64, 64])	cuda:0	True
2026-05-25 20:10:02,999 - INFO - module.denoiser.blocks.1.temporal_attention.key_projection.bias	torch.Size([64])	cuda:0	True
2026-05-25 20:10:02,999 - INFO - module.denoiser.blocks.1.temporal_attention.value_projection.weight	torch.Size([64, 64])	cuda:0	True
2026-05-25 20:10:02,999 - INFO - module.denoiser.blocks.1.temporal_attention.value_projection.bias	torch.Size([64])	cuda:0	True
2026-05-25 20:10:02,999 - INFO - module.denoiser.blocks.1.temporal_attention.output_projection.weight	torch.Size([64, 64])	cuda:0	True
2026-05-25 20:10:02,999 - INFO - module.denoiser.blocks.1.temporal_attention.output_projection.bias	torch.Size([64])	cuda:0	True
2026-05-25 20:10:02,999 - INFO - module.denoiser.blocks.1.graph_convolution.projections.0.weight	torch.Size([64, 64])	cuda:0	True
2026-05-25 20:10:02,999 - INFO - module.denoiser.blocks.1.graph_convolution.projections.0.bias	torch.Size([64])	cuda:0	True
2026-05-25 20:10:02,999 - INFO - module.denoiser.blocks.1.graph_convolution.projections.1.weight	torch.Size([64, 64])	cuda:0	True
2026-05-25 20:10:02,999 - INFO - module.denoiser.blocks.1.graph_convolution.projections.1.bias	torch.Size([64])	cuda:0	True
2026-05-25 20:10:02,999 - INFO - module.denoiser.blocks.1.graph_convolution.projections.2.weight	torch.Size([64, 64])	cuda:0	True
2026-05-25 20:10:02,999 - INFO - module.denoiser.blocks.1.graph_convolution.projections.2.bias	torch.Size([64])	cuda:0	True
2026-05-25 20:10:02,999 - INFO - module.denoiser.blocks.1.cross_attention.query_projection.weight	torch.Size([64, 64])	cuda:0	True
2026-05-25 20:10:02,999 - INFO - module.denoiser.blocks.1.cross_attention.query_projection.bias	torch.Size([64])	cuda:0	True
2026-05-25 20:10:02,999 - INFO - module.denoiser.blocks.1.cross_attention.key_projection.weight	torch.Size([64, 64])	cuda:0	True
2026-05-25 20:10:02,999 - INFO - module.denoiser.blocks.1.cross_attention.key_projection.bias	torch.Size([64])	cuda:0	True
2026-05-25 20:10:02,999 - INFO - module.denoiser.blocks.1.cross_attention.value_projection.weight	torch.Size([64, 64])	cuda:0	True
2026-05-25 20:10:02,999 - INFO - module.denoiser.blocks.1.cross_attention.value_projection.bias	torch.Size([64])	cuda:0	True
2026-05-25 20:10:03,000 - INFO - module.denoiser.blocks.1.cross_attention.output_projection.weight	torch.Size([64, 64])	cuda:0	True
2026-05-25 20:10:03,000 - INFO - module.denoiser.blocks.1.cross_attention.output_projection.bias	torch.Size([64])	cuda:0	True
2026-05-25 20:10:03,000 - INFO - module.denoiser.blocks.1.spatiotemporal_attention.query_projection.weight	torch.Size([64, 64])	cuda:0	True
2026-05-25 20:10:03,000 - INFO - module.denoiser.blocks.1.spatiotemporal_attention.query_projection.bias	torch.Size([64])	cuda:0	True
2026-05-25 20:10:03,000 - INFO - module.denoiser.blocks.1.spatiotemporal_attention.key_projection.weight	torch.Size([64, 64])	cuda:0	True
2026-05-25 20:10:03,000 - INFO - module.denoiser.blocks.1.spatiotemporal_attention.key_projection.bias	torch.Size([64])	cuda:0	True
2026-05-25 20:10:03,000 - INFO - module.denoiser.blocks.1.spatiotemporal_attention.value_projection.weight	torch.Size([64, 64])	cuda:0	True
2026-05-25 20:10:03,000 - INFO - module.denoiser.blocks.1.spatiotemporal_attention.value_projection.bias	torch.Size([64])	cuda:0	True
2026-05-25 20:10:03,000 - INFO - module.denoiser.blocks.1.spatiotemporal_attention.output_projection.weight	torch.Size([64, 64])	cuda:0	True
2026-05-25 20:10:03,000 - INFO - module.denoiser.blocks.1.spatiotemporal_attention.output_projection.bias	torch.Size([64])	cuda:0	True
2026-05-25 20:10:03,000 - INFO - module.denoiser.blocks.1.feed_forward.network.0.weight	torch.Size([128, 64])	cuda:0	True
2026-05-25 20:10:03,000 - INFO - module.denoiser.blocks.1.feed_forward.network.0.bias	torch.Size([128])	cuda:0	True
2026-05-25 20:10:03,000 - INFO - module.denoiser.blocks.1.feed_forward.network.3.weight	torch.Size([64, 128])	cuda:0	True
2026-05-25 20:10:03,000 - INFO - module.denoiser.blocks.1.feed_forward.network.3.bias	torch.Size([64])	cuda:0	True
2026-05-25 20:10:03,000 - INFO - module.denoiser.blocks.1.norm_temporal.weight	torch.Size([64])	cuda:0	True
2026-05-25 20:10:03,000 - INFO - module.denoiser.blocks.1.norm_temporal.bias	torch.Size([64])	cuda:0	True
2026-05-25 20:10:03,000 - INFO - module.denoiser.blocks.1.norm_graph.weight	torch.Size([64])	cuda:0	True
2026-05-25 20:10:03,000 - INFO - module.denoiser.blocks.1.norm_graph.bias	torch.Size([64])	cuda:0	True
2026-05-25 20:10:03,000 - INFO - module.denoiser.blocks.1.norm_cross.weight	torch.Size([64])	cuda:0	True
2026-05-25 20:10:03,000 - INFO - module.denoiser.blocks.1.norm_cross.bias	torch.Size([64])	cuda:0	True
2026-05-25 20:10:03,000 - INFO - module.denoiser.blocks.1.norm_spatiotemporal.weight	torch.Size([64])	cuda:0	True
2026-05-25 20:10:03,000 - INFO - module.denoiser.blocks.1.norm_spatiotemporal.bias	torch.Size([64])	cuda:0	True
2026-05-25 20:10:03,000 - INFO - module.denoiser.blocks.1.norm_ffn.weight	torch.Size([64])	cuda:0	True
2026-05-25 20:10:03,000 - INFO - module.denoiser.blocks.1.norm_ffn.bias	torch.Size([64])	cuda:0	True
2026-05-25 20:10:03,000 - INFO - module.denoiser.blocks.1.time_scale_shift.1.weight	torch.Size([128, 64])	cuda:0	True
2026-05-25 20:10:03,000 - INFO - module.denoiser.blocks.1.time_scale_shift.1.bias	torch.Size([128])	cuda:0	True
2026-05-25 20:10:03,000 - INFO - module.denoiser.blocks.2.temporal_attention.query_projection.weight	torch.Size([64, 64])	cuda:0	True
2026-05-25 20:10:03,000 - INFO - module.denoiser.blocks.2.temporal_attention.query_projection.bias	torch.Size([64])	cuda:0	True
2026-05-25 20:10:03,000 - INFO - module.denoiser.blocks.2.temporal_attention.key_projection.weight	torch.Size([64, 64])	cuda:0	True
2026-05-25 20:10:03,001 - INFO - module.denoiser.blocks.2.temporal_attention.key_projection.bias	torch.Size([64])	cuda:0	True
2026-05-25 20:10:03,001 - INFO - module.denoiser.blocks.2.temporal_attention.value_projection.weight	torch.Size([64, 64])	cuda:0	True
2026-05-25 20:10:03,001 - INFO - module.denoiser.blocks.2.temporal_attention.value_projection.bias	torch.Size([64])	cuda:0	True
2026-05-25 20:10:03,001 - INFO - module.denoiser.blocks.2.temporal_attention.output_projection.weight	torch.Size([64, 64])	cuda:0	True
2026-05-25 20:10:03,001 - INFO - module.denoiser.blocks.2.temporal_attention.output_projection.bias	torch.Size([64])	cuda:0	True
2026-05-25 20:10:03,002 - INFO - module.denoiser.blocks.2.graph_convolution.projections.0.weight	torch.Size([64, 64])	cuda:0	True
2026-05-25 20:10:03,002 - INFO - module.denoiser.blocks.2.graph_convolution.projections.0.bias	torch.Size([64])	cuda:0	True
2026-05-25 20:10:03,002 - INFO - module.denoiser.blocks.2.graph_convolution.projections.1.weight	torch.Size([64, 64])	cuda:0	True
2026-05-25 20:10:03,002 - INFO - module.denoiser.blocks.2.graph_convolution.projections.1.bias	torch.Size([64])	cuda:0	True
2026-05-25 20:10:03,002 - INFO - module.denoiser.blocks.2.graph_convolution.projections.2.weight	torch.Size([64, 64])	cuda:0	True
2026-05-25 20:10:03,002 - INFO - module.denoiser.blocks.2.graph_convolution.projections.2.bias	torch.Size([64])	cuda:0	True
2026-05-25 20:10:03,002 - INFO - module.denoiser.blocks.2.cross_attention.query_projection.weight	torch.Size([64, 64])	cuda:0	True
2026-05-25 20:10:03,002 - INFO - module.denoiser.blocks.2.cross_attention.query_projection.bias	torch.Size([64])	cuda:0	True
2026-05-25 20:10:03,002 - INFO - module.denoiser.blocks.2.cross_attention.key_projection.weight	torch.Size([64, 64])	cuda:0	True
2026-05-25 20:10:03,003 - INFO - module.denoiser.blocks.2.cross_attention.key_projection.bias	torch.Size([64])	cuda:0	True
2026-05-25 20:10:03,003 - INFO - module.denoiser.blocks.2.cross_attention.value_projection.weight	torch.Size([64, 64])	cuda:0	True
2026-05-25 20:10:03,003 - INFO - module.denoiser.blocks.2.cross_attention.value_projection.bias	torch.Size([64])	cuda:0	True
2026-05-25 20:10:03,003 - INFO - module.denoiser.blocks.2.cross_attention.output_projection.weight	torch.Size([64, 64])	cuda:0	True
2026-05-25 20:10:03,003 - INFO - module.denoiser.blocks.2.cross_attention.output_projection.bias	torch.Size([64])	cuda:0	True
2026-05-25 20:10:03,003 - INFO - module.denoiser.blocks.2.spatiotemporal_attention.query_projection.weight	torch.Size([64, 64])	cuda:0	True
2026-05-25 20:10:03,003 - INFO - module.denoiser.blocks.2.spatiotemporal_attention.query_projection.bias	torch.Size([64])	cuda:0	True
2026-05-25 20:10:03,003 - INFO - module.denoiser.blocks.2.spatiotemporal_attention.key_projection.weight	torch.Size([64, 64])	cuda:0	True
2026-05-25 20:10:03,003 - INFO - module.denoiser.blocks.2.spatiotemporal_attention.key_projection.bias	torch.Size([64])	cuda:0	True
2026-05-25 20:10:03,003 - INFO - module.denoiser.blocks.2.spatiotemporal_attention.value_projection.weight	torch.Size([64, 64])	cuda:0	True
2026-05-25 20:10:03,003 - INFO - module.denoiser.blocks.2.spatiotemporal_attention.value_projection.bias	torch.Size([64])	cuda:0	True
2026-05-25 20:10:03,003 - INFO - module.denoiser.blocks.2.spatiotemporal_attention.output_projection.weight	torch.Size([64, 64])	cuda:0	True
2026-05-25 20:10:03,003 - INFO - module.denoiser.blocks.2.spatiotemporal_attention.output_projection.bias	torch.Size([64])	cuda:0	True
2026-05-25 20:10:03,003 - INFO - module.denoiser.blocks.2.feed_forward.network.0.weight	torch.Size([128, 64])	cuda:0	True
2026-05-25 20:10:03,004 - INFO - module.denoiser.blocks.2.feed_forward.network.0.bias	torch.Size([128])	cuda:0	True
2026-05-25 20:10:03,004 - INFO - module.denoiser.blocks.2.feed_forward.network.3.weight	torch.Size([64, 128])	cuda:0	True
2026-05-25 20:10:03,004 - INFO - module.denoiser.blocks.2.feed_forward.network.3.bias	torch.Size([64])	cuda:0	True
2026-05-25 20:10:03,004 - INFO - module.denoiser.blocks.2.norm_temporal.weight	torch.Size([64])	cuda:0	True
2026-05-25 20:10:03,004 - INFO - module.denoiser.blocks.2.norm_temporal.bias	torch.Size([64])	cuda:0	True
2026-05-25 20:10:03,004 - INFO - module.denoiser.blocks.2.norm_graph.weight	torch.Size([64])	cuda:0	True
2026-05-25 20:10:03,004 - INFO - module.denoiser.blocks.2.norm_graph.bias	torch.Size([64])	cuda:0	True
2026-05-25 20:10:03,004 - INFO - module.denoiser.blocks.2.norm_cross.weight	torch.Size([64])	cuda:0	True
2026-05-25 20:10:03,004 - INFO - module.denoiser.blocks.2.norm_cross.bias	torch.Size([64])	cuda:0	True
2026-05-25 20:10:03,004 - INFO - module.denoiser.blocks.2.norm_spatiotemporal.weight	torch.Size([64])	cuda:0	True
2026-05-25 20:10:03,004 - INFO - module.denoiser.blocks.2.norm_spatiotemporal.bias	torch.Size([64])	cuda:0	True
2026-05-25 20:10:03,004 - INFO - module.denoiser.blocks.2.norm_ffn.weight	torch.Size([64])	cuda:0	True
2026-05-25 20:10:03,004 - INFO - module.denoiser.blocks.2.norm_ffn.bias	torch.Size([64])	cuda:0	True
2026-05-25 20:10:03,004 - INFO - module.denoiser.blocks.2.time_scale_shift.1.weight	torch.Size([128, 64])	cuda:0	True
2026-05-25 20:10:03,004 - INFO - module.denoiser.blocks.2.time_scale_shift.1.bias	torch.Size([128])	cuda:0	True
2026-05-25 20:10:03,005 - INFO - module.denoiser.blocks.3.temporal_attention.query_projection.weight	torch.Size([64, 64])	cuda:0	True
2026-05-25 20:10:03,005 - INFO - module.denoiser.blocks.3.temporal_attention.query_projection.bias	torch.Size([64])	cuda:0	True
2026-05-25 20:10:03,005 - INFO - module.denoiser.blocks.3.temporal_attention.key_projection.weight	torch.Size([64, 64])	cuda:0	True
2026-05-25 20:10:03,005 - INFO - module.denoiser.blocks.3.temporal_attention.key_projection.bias	torch.Size([64])	cuda:0	True
2026-05-25 20:10:03,005 - INFO - module.denoiser.blocks.3.temporal_attention.value_projection.weight	torch.Size([64, 64])	cuda:0	True
2026-05-25 20:10:03,005 - INFO - module.denoiser.blocks.3.temporal_attention.value_projection.bias	torch.Size([64])	cuda:0	True
2026-05-25 20:10:03,005 - INFO - module.denoiser.blocks.3.temporal_attention.output_projection.weight	torch.Size([64, 64])	cuda:0	True
2026-05-25 20:10:03,005 - INFO - module.denoiser.blocks.3.temporal_attention.output_projection.bias	torch.Size([64])	cuda:0	True
2026-05-25 20:10:03,005 - INFO - module.denoiser.blocks.3.graph_convolution.projections.0.weight	torch.Size([64, 64])	cuda:0	True
2026-05-25 20:10:03,005 - INFO - module.denoiser.blocks.3.graph_convolution.projections.0.bias	torch.Size([64])	cuda:0	True
2026-05-25 20:10:03,005 - INFO - module.denoiser.blocks.3.graph_convolution.projections.1.weight	torch.Size([64, 64])	cuda:0	True
2026-05-25 20:10:03,005 - INFO - module.denoiser.blocks.3.graph_convolution.projections.1.bias	torch.Size([64])	cuda:0	True
2026-05-25 20:10:03,006 - INFO - module.denoiser.blocks.3.graph_convolution.projections.2.weight	torch.Size([64, 64])	cuda:0	True
2026-05-25 20:10:03,006 - INFO - module.denoiser.blocks.3.graph_convolution.projections.2.bias	torch.Size([64])	cuda:0	True
2026-05-25 20:10:03,006 - INFO - module.denoiser.blocks.3.cross_attention.query_projection.weight	torch.Size([64, 64])	cuda:0	True
2026-05-25 20:10:03,006 - INFO - module.denoiser.blocks.3.cross_attention.query_projection.bias	torch.Size([64])	cuda:0	True
2026-05-25 20:10:03,006 - INFO - module.denoiser.blocks.3.cross_attention.key_projection.weight	torch.Size([64, 64])	cuda:0	True
2026-05-25 20:10:03,006 - INFO - module.denoiser.blocks.3.cross_attention.key_projection.bias	torch.Size([64])	cuda:0	True
2026-05-25 20:10:03,006 - INFO - module.denoiser.blocks.3.cross_attention.value_projection.weight	torch.Size([64, 64])	cuda:0	True
2026-05-25 20:10:03,006 - INFO - module.denoiser.blocks.3.cross_attention.value_projection.bias	torch.Size([64])	cuda:0	True
2026-05-25 20:10:03,006 - INFO - module.denoiser.blocks.3.cross_attention.output_projection.weight	torch.Size([64, 64])	cuda:0	True
2026-05-25 20:10:03,006 - INFO - module.denoiser.blocks.3.cross_attention.output_projection.bias	torch.Size([64])	cuda:0	True
2026-05-25 20:10:03,006 - INFO - module.denoiser.blocks.3.spatiotemporal_attention.query_projection.weight	torch.Size([64, 64])	cuda:0	True
2026-05-25 20:10:03,006 - INFO - module.denoiser.blocks.3.spatiotemporal_attention.query_projection.bias	torch.Size([64])	cuda:0	True
2026-05-25 20:10:03,006 - INFO - module.denoiser.blocks.3.spatiotemporal_attention.key_projection.weight	torch.Size([64, 64])	cuda:0	True
2026-05-25 20:10:03,006 - INFO - module.denoiser.blocks.3.spatiotemporal_attention.key_projection.bias	torch.Size([64])	cuda:0	True
2026-05-25 20:10:03,007 - INFO - module.denoiser.blocks.3.spatiotemporal_attention.value_projection.weight	torch.Size([64, 64])	cuda:0	True
2026-05-25 20:10:03,007 - INFO - module.denoiser.blocks.3.spatiotemporal_attention.value_projection.bias	torch.Size([64])	cuda:0	True
2026-05-25 20:10:03,007 - INFO - module.denoiser.blocks.3.spatiotemporal_attention.output_projection.weight	torch.Size([64, 64])	cuda:0	True
2026-05-25 20:10:03,007 - INFO - module.denoiser.blocks.3.spatiotemporal_attention.output_projection.bias	torch.Size([64])	cuda:0	True
2026-05-25 20:10:03,007 - INFO - module.denoiser.blocks.3.feed_forward.network.0.weight	torch.Size([128, 64])	cuda:0	True
2026-05-25 20:10:03,007 - INFO - module.denoiser.blocks.3.feed_forward.network.0.bias	torch.Size([128])	cuda:0	True
2026-05-25 20:10:03,007 - INFO - module.denoiser.blocks.3.feed_forward.network.3.weight	torch.Size([64, 128])	cuda:0	True
2026-05-25 20:10:03,007 - INFO - module.denoiser.blocks.3.feed_forward.network.3.bias	torch.Size([64])	cuda:0	True
2026-05-25 20:10:03,007 - INFO - module.denoiser.blocks.3.norm_temporal.weight	torch.Size([64])	cuda:0	True
2026-05-25 20:10:03,007 - INFO - module.denoiser.blocks.3.norm_temporal.bias	torch.Size([64])	cuda:0	True
2026-05-25 20:10:03,007 - INFO - module.denoiser.blocks.3.norm_graph.weight	torch.Size([64])	cuda:0	True
2026-05-25 20:10:03,007 - INFO - module.denoiser.blocks.3.norm_graph.bias	torch.Size([64])	cuda:0	True
2026-05-25 20:10:03,007 - INFO - module.denoiser.blocks.3.norm_cross.weight	torch.Size([64])	cuda:0	True
2026-05-25 20:10:03,007 - INFO - module.denoiser.blocks.3.norm_cross.bias	torch.Size([64])	cuda:0	True
2026-05-25 20:10:03,007 - INFO - module.denoiser.blocks.3.norm_spatiotemporal.weight	torch.Size([64])	cuda:0	True
2026-05-25 20:10:03,007 - INFO - module.denoiser.blocks.3.norm_spatiotemporal.bias	torch.Size([64])	cuda:0	True
2026-05-25 20:10:03,007 - INFO - module.denoiser.blocks.3.norm_ffn.weight	torch.Size([64])	cuda:0	True
2026-05-25 20:10:03,007 - INFO - module.denoiser.blocks.3.norm_ffn.bias	torch.Size([64])	cuda:0	True
2026-05-25 20:10:03,007 - INFO - module.denoiser.blocks.3.time_scale_shift.1.weight	torch.Size([128, 64])	cuda:0	True
2026-05-25 20:10:03,007 - INFO - module.denoiser.blocks.3.time_scale_shift.1.bias	torch.Size([128])	cuda:0	True
2026-05-25 20:10:03,007 - INFO - module.denoiser.final_norm.weight	torch.Size([64])	cuda:0	True
2026-05-25 20:10:03,007 - INFO - module.denoiser.final_norm.bias	torch.Size([64])	cuda:0	True
2026-05-25 20:10:03,007 - INFO - module.denoiser.output_projection.weight	torch.Size([3, 64])	cuda:0	True
2026-05-25 20:10:03,007 - INFO - module.denoiser.output_projection.bias	torch.Size([3])	cuda:0	True
2026-05-25 20:10:03,008 - INFO - Total parameter numbers: 466348
2026-05-25 20:10:03,008 - INFO - Enable AMP training (dtype=bfloat16).
2026-05-25 20:10:03,008 - INFO - You select `adamw` optimizer.
2026-05-25 20:10:03,009 - INFO - You select `cosineannealinglr` lr_scheduler.
2026-05-25 20:10:03,009 - WARNING - Received none train loss func and will use the loss func defined in the model.
2026-05-25 20:10:03,009 - INFO - Start training ...
2026-05-25 20:10:03,009 - INFO - num_batches:80
2026-05-25 20:10:19,099 - INFO - epoch complete!
2026-05-25 20:10:19,100 - INFO - evaluating now!
2026-05-25 20:10:19,104 - INFO - epoch complete!
2026-05-25 20:10:19,108 - INFO - evaluating now!
2026-05-25 20:10:20,474 - INFO - Epoch [0/20] train_loss: 1.0389, val_loss: 0.9973, lr: 0.000997, 17.46s
2026-05-25 20:10:20,474 - INFO - Epoch [0/20] train_loss: 1.0385, val_loss: 0.9973, lr: 0.000997, 17.48s
2026-05-25 20:10:20,549 - INFO - Saved model at 0
2026-05-25 20:10:20,549 - INFO - Val loss decrease from inf to 0.9973, saving to /home/lizhuoxuan/lzq/Bigscity-LibCity-master/outputs/20260525_200947__traffic_state_pred__new_fuzzy_4__PEMSD4/model_cache/new_fuzzy_4_PEMSD4_epoch0.tar
2026-05-25 20:10:20,556 - INFO - Saved model at 0
2026-05-25 20:10:20,557 - INFO - Val loss decrease from inf to 0.9973, saving to /home/lizhuoxuan/lzq/Bigscity-LibCity-master/outputs/20260525_200947__traffic_state_pred__new_fuzzy_4__PEMSD4/model_cache/new_fuzzy_4_PEMSD4_epoch0.tar
2026-05-25 20:10:35,923 - INFO - epoch complete!
2026-05-25 20:10:35,924 - INFO - evaluating now!
2026-05-25 20:10:35,925 - INFO - epoch complete!
2026-05-25 20:10:35,927 - INFO - evaluating now!
2026-05-25 20:10:37,458 - INFO - Epoch [1/20] train_loss: 0.7757, val_loss: 0.2332, lr: 0.000989, 16.90s
2026-05-25 20:10:37,458 - INFO - Epoch [1/20] train_loss: 0.7757, val_loss: 0.2332, lr: 0.000989, 16.91s
2026-05-25 20:10:37,604 - INFO - Saved model at 1
2026-05-25 20:10:37,604 - INFO - Saved model at 1
2026-05-25 20:10:37,605 - INFO - Val loss decrease from 0.9973 to 0.2332, saving to /home/lizhuoxuan/lzq/Bigscity-LibCity-master/outputs/20260525_200947__traffic_state_pred__new_fuzzy_4__PEMSD4/model_cache/new_fuzzy_4_PEMSD4_epoch1.tar
2026-05-25 20:10:37,605 - INFO - Val loss decrease from 0.9973 to 0.2332, saving to /home/lizhuoxuan/lzq/Bigscity-LibCity-master/outputs/20260525_200947__traffic_state_pred__new_fuzzy_4__PEMSD4/model_cache/new_fuzzy_4_PEMSD4_epoch1.tar
2026-05-25 20:10:53,046 - INFO - epoch complete!
2026-05-25 20:10:53,046 - INFO - evaluating now!
2026-05-25 20:10:53,087 - INFO - epoch complete!
2026-05-25 20:10:53,088 - INFO - evaluating now!
2026-05-25 20:10:54,447 - INFO - Epoch [2/20] train_loss: 0.2008, val_loss: 0.1465, lr: 0.000976, 16.84s
2026-05-25 20:10:54,447 - INFO - Epoch [2/20] train_loss: 0.2002, val_loss: 0.1465, lr: 0.000976, 16.84s
2026-05-25 20:10:54,521 - INFO - Saved model at 2
2026-05-25 20:10:54,521 - INFO - Val loss decrease from 0.2332 to 0.1465, saving to /home/lizhuoxuan/lzq/Bigscity-LibCity-master/outputs/20260525_200947__traffic_state_pred__new_fuzzy_4__PEMSD4/model_cache/new_fuzzy_4_PEMSD4_epoch2.tar
2026-05-25 20:10:54,522 - INFO - Saved model at 2
2026-05-25 20:10:54,522 - INFO - Val loss decrease from 0.2332 to 0.1465, saving to /home/lizhuoxuan/lzq/Bigscity-LibCity-master/outputs/20260525_200947__traffic_state_pred__new_fuzzy_4__PEMSD4/model_cache/new_fuzzy_4_PEMSD4_epoch2.tar
2026-05-25 20:11:09,902 - INFO - epoch complete!
2026-05-25 20:11:09,902 - INFO - evaluating now!
2026-05-25 20:11:09,953 - INFO - epoch complete!
2026-05-25 20:11:09,954 - INFO - evaluating now!
2026-05-25 20:11:11,293 - INFO - Epoch [3/20] train_loss: 0.1405, val_loss: 0.1035, lr: 0.000957, 16.77s
2026-05-25 20:11:11,293 - INFO - Epoch [3/20] train_loss: 0.1407, val_loss: 0.1035, lr: 0.000957, 16.77s
2026-05-25 20:11:11,366 - INFO - Saved model at 3
2026-05-25 20:11:11,366 - INFO - Saved model at 3
2026-05-25 20:11:11,366 - INFO - Val loss decrease from 0.1465 to 0.1035, saving to /home/lizhuoxuan/lzq/Bigscity-LibCity-master/outputs/20260525_200947__traffic_state_pred__new_fuzzy_4__PEMSD4/model_cache/new_fuzzy_4_PEMSD4_epoch3.tar
2026-05-25 20:11:11,366 - INFO - Val loss decrease from 0.1465 to 0.1035, saving to /home/lizhuoxuan/lzq/Bigscity-LibCity-master/outputs/20260525_200947__traffic_state_pred__new_fuzzy_4__PEMSD4/model_cache/new_fuzzy_4_PEMSD4_epoch3.tar
2026-05-25 20:11:26,733 - INFO - epoch complete!
2026-05-25 20:11:26,734 - INFO - evaluating now!
2026-05-25 20:11:26,738 - INFO - epoch complete!
2026-05-25 20:11:26,739 - INFO - evaluating now!
2026-05-25 20:11:28,183 - INFO - Epoch [4/20] train_loss: 0.1157, val_loss: 0.0933, lr: 0.000933, 16.82s
2026-05-25 20:11:28,183 - INFO - Epoch [4/20] train_loss: 0.1156, val_loss: 0.0933, lr: 0.000933, 16.82s
2026-05-25 20:11:28,399 - INFO - Saved model at 4
2026-05-25 20:11:28,400 - INFO - Val loss decrease from 0.1035 to 0.0933, saving to /home/lizhuoxuan/lzq/Bigscity-LibCity-master/outputs/20260525_200947__traffic_state_pred__new_fuzzy_4__PEMSD4/model_cache/new_fuzzy_4_PEMSD4_epoch4.tar
2026-05-25 20:11:28,409 - INFO - Saved model at 4
2026-05-25 20:11:28,409 - INFO - Val loss decrease from 0.1035 to 0.0933, saving to /home/lizhuoxuan/lzq/Bigscity-LibCity-master/outputs/20260525_200947__traffic_state_pred__new_fuzzy_4__PEMSD4/model_cache/new_fuzzy_4_PEMSD4_epoch4.tar
2026-05-25 20:11:43,727 - INFO - epoch complete!
2026-05-25 20:11:43,728 - INFO - evaluating now!
2026-05-25 20:11:43,736 - INFO - epoch complete!
2026-05-25 20:11:43,737 - INFO - evaluating now!
2026-05-25 20:11:45,079 - INFO - Epoch [5/20] train_loss: 0.1093, val_loss: 0.0953, lr: 0.000905, 16.68s
2026-05-25 20:11:45,079 - INFO - Epoch [5/20] train_loss: 0.1080, val_loss: 0.0953, lr: 0.000905, 16.67s
2026-05-25 20:12:00,522 - INFO - epoch complete!
2026-05-25 20:12:00,522 - INFO - evaluating now!
2026-05-25 20:12:00,537 - INFO - epoch complete!
2026-05-25 20:12:00,540 - INFO - evaluating now!
2026-05-25 20:12:01,884 - INFO - Epoch [6/20] train_loss: 0.1071, val_loss: 0.0859, lr: 0.000872, 16.80s
2026-05-25 20:12:01,884 - INFO - Epoch [6/20] train_loss: 0.1068, val_loss: 0.0859, lr: 0.000872, 16.80s
2026-05-25 20:12:01,954 - INFO - Saved model at 6
2026-05-25 20:12:01,954 - INFO - Val loss decrease from 0.0933 to 0.0859, saving to /home/lizhuoxuan/lzq/Bigscity-LibCity-master/outputs/20260525_200947__traffic_state_pred__new_fuzzy_4__PEMSD4/model_cache/new_fuzzy_4_PEMSD4_epoch6.tar
2026-05-25 20:12:01,956 - INFO - Saved model at 6
2026-05-25 20:12:01,956 - INFO - Val loss decrease from 0.0933 to 0.0859, saving to /home/lizhuoxuan/lzq/Bigscity-LibCity-master/outputs/20260525_200947__traffic_state_pred__new_fuzzy_4__PEMSD4/model_cache/new_fuzzy_4_PEMSD4_epoch6.tar
2026-05-25 20:12:17,201 - INFO - epoch complete!
2026-05-25 20:12:17,202 - INFO - evaluating now!
2026-05-25 20:12:17,202 - INFO - epoch complete!
2026-05-25 20:12:17,202 - INFO - evaluating now!
2026-05-25 20:12:18,555 - INFO - Epoch [7/20] train_loss: 0.0958, val_loss: 0.0838, lr: 0.000835, 16.60s
2026-05-25 20:12:18,555 - INFO - Epoch [7/20] train_loss: 0.0958, val_loss: 0.0838, lr: 0.000835, 16.60s
2026-05-25 20:12:18,792 - INFO - Saved model at 7
2026-05-25 20:12:18,792 - INFO - Val loss decrease from 0.0859 to 0.0838, saving to /home/lizhuoxuan/lzq/Bigscity-LibCity-master/outputs/20260525_200947__traffic_state_pred__new_fuzzy_4__PEMSD4/model_cache/new_fuzzy_4_PEMSD4_epoch7.tar
2026-05-25 20:12:18,806 - INFO - Saved model at 7
2026-05-25 20:12:18,807 - INFO - Val loss decrease from 0.0859 to 0.0838, saving to /home/lizhuoxuan/lzq/Bigscity-LibCity-master/outputs/20260525_200947__traffic_state_pred__new_fuzzy_4__PEMSD4/model_cache/new_fuzzy_4_PEMSD4_epoch7.tar
2026-05-25 20:12:34,119 - INFO - epoch complete!
2026-05-25 20:12:34,120 - INFO - evaluating now!
2026-05-25 20:12:34,121 - INFO - epoch complete!
2026-05-25 20:12:34,121 - INFO - evaluating now!
2026-05-25 20:12:35,499 - INFO - Epoch [8/20] train_loss: 0.0914, val_loss: 0.0773, lr: 0.000794, 16.71s
2026-05-25 20:12:35,499 - INFO - Epoch [8/20] train_loss: 0.0916, val_loss: 0.0773, lr: 0.000794, 16.69s
2026-05-25 20:12:35,750 - INFO - Saved model at 8
2026-05-25 20:12:35,750 - INFO - Saved model at 8
2026-05-25 20:12:35,750 - INFO - Val loss decrease from 0.0838 to 0.0773, saving to /home/lizhuoxuan/lzq/Bigscity-LibCity-master/outputs/20260525_200947__traffic_state_pred__new_fuzzy_4__PEMSD4/model_cache/new_fuzzy_4_PEMSD4_epoch8.tar
2026-05-25 20:12:35,750 - INFO - Val loss decrease from 0.0838 to 0.0773, saving to /home/lizhuoxuan/lzq/Bigscity-LibCity-master/outputs/20260525_200947__traffic_state_pred__new_fuzzy_4__PEMSD4/model_cache/new_fuzzy_4_PEMSD4_epoch8.tar
2026-05-25 20:12:51,169 - INFO - epoch complete!
2026-05-25 20:12:51,170 - INFO - evaluating now!
2026-05-25 20:12:51,173 - INFO - epoch complete!
2026-05-25 20:12:51,173 - INFO - evaluating now!
2026-05-25 20:12:52,545 - INFO - Epoch [9/20] train_loss: 0.0894, val_loss: 0.0807, lr: 0.000750, 16.79s
2026-05-25 20:12:52,545 - INFO - Epoch [9/20] train_loss: 0.0901, val_loss: 0.0807, lr: 0.000750, 16.79s
2026-05-25 20:13:07,939 - INFO - epoch complete!
2026-05-25 20:13:07,939 - INFO - evaluating now!
2026-05-25 20:13:07,941 - INFO - epoch complete!
2026-05-25 20:13:07,941 - INFO - evaluating now!
2026-05-25 20:13:09,357 - INFO - Epoch [10/20] train_loss: 0.0921, val_loss: 0.0769, lr: 0.000703, 16.81s
2026-05-25 20:13:09,358 - INFO - Epoch [10/20] train_loss: 0.0903, val_loss: 0.0769, lr: 0.000703, 16.81s
2026-05-25 20:13:09,633 - INFO - Saved model at 10
2026-05-25 20:13:09,634 - INFO - Val loss decrease from 0.0773 to 0.0769, saving to /home/lizhuoxuan/lzq/Bigscity-LibCity-master/outputs/20260525_200947__traffic_state_pred__new_fuzzy_4__PEMSD4/model_cache/new_fuzzy_4_PEMSD4_epoch10.tar
2026-05-25 20:13:09,636 - INFO - Saved model at 10
2026-05-25 20:13:09,637 - INFO - Val loss decrease from 0.0773 to 0.0769, saving to /home/lizhuoxuan/lzq/Bigscity-LibCity-master/outputs/20260525_200947__traffic_state_pred__new_fuzzy_4__PEMSD4/model_cache/new_fuzzy_4_PEMSD4_epoch10.tar
2026-05-25 20:13:25,080 - INFO - epoch complete!
2026-05-25 20:13:25,081 - INFO - evaluating now!
2026-05-25 20:13:25,083 - INFO - epoch complete!
2026-05-25 20:13:25,083 - INFO - evaluating now!
2026-05-25 20:13:26,452 - INFO - Epoch [11/20] train_loss: 0.0854, val_loss: 0.0758, lr: 0.000655, 16.82s
2026-05-25 20:13:26,452 - INFO - Epoch [11/20] train_loss: 0.0866, val_loss: 0.0758, lr: 0.000655, 16.82s
2026-05-25 20:13:26,524 - INFO - Saved model at 11
2026-05-25 20:13:26,524 - INFO - Val loss decrease from 0.0769 to 0.0758, saving to /home/lizhuoxuan/lzq/Bigscity-LibCity-master/outputs/20260525_200947__traffic_state_pred__new_fuzzy_4__PEMSD4/model_cache/new_fuzzy_4_PEMSD4_epoch11.tar
2026-05-25 20:13:26,526 - INFO - Saved model at 11
2026-05-25 20:13:26,526 - INFO - Val loss decrease from 0.0769 to 0.0758, saving to /home/lizhuoxuan/lzq/Bigscity-LibCity-master/outputs/20260525_200947__traffic_state_pred__new_fuzzy_4__PEMSD4/model_cache/new_fuzzy_4_PEMSD4_epoch11.tar
2026-05-25 20:13:42,060 - INFO - epoch complete!
2026-05-25 20:13:42,060 - INFO - evaluating now!
2026-05-25 20:13:42,072 - INFO - epoch complete!
2026-05-25 20:13:42,072 - INFO - evaluating now!
2026-05-25 20:13:43,449 - INFO - Epoch [12/20] train_loss: 0.0830, val_loss: 0.0743, lr: 0.000604, 16.92s
2026-05-25 20:13:43,449 - INFO - Epoch [12/20] train_loss: 0.0825, val_loss: 0.0743, lr: 0.000604, 16.92s
2026-05-25 20:13:43,521 - INFO - Saved model at 12
2026-05-25 20:13:43,522 - INFO - Val loss decrease from 0.0758 to 0.0743, saving to /home/lizhuoxuan/lzq/Bigscity-LibCity-master/outputs/20260525_200947__traffic_state_pred__new_fuzzy_4__PEMSD4/model_cache/new_fuzzy_4_PEMSD4_epoch12.tar
2026-05-25 20:13:43,532 - INFO - Saved model at 12
2026-05-25 20:13:43,532 - INFO - Val loss decrease from 0.0758 to 0.0743, saving to /home/lizhuoxuan/lzq/Bigscity-LibCity-master/outputs/20260525_200947__traffic_state_pred__new_fuzzy_4__PEMSD4/model_cache/new_fuzzy_4_PEMSD4_epoch12.tar
2026-05-25 20:13:59,041 - INFO - epoch complete!
2026-05-25 20:13:59,041 - INFO - evaluating now!
2026-05-25 20:13:59,044 - INFO - epoch complete!
2026-05-25 20:13:59,045 - INFO - evaluating now!
2026-05-25 20:14:00,419 - INFO - Epoch [13/20] train_loss: 0.0841, val_loss: 0.0753, lr: 0.000552, 16.90s
2026-05-25 20:14:00,419 - INFO - Epoch [13/20] train_loss: 0.0851, val_loss: 0.0753, lr: 0.000552, 16.89s
2026-05-25 20:14:16,023 - INFO - epoch complete!
2026-05-25 20:14:16,024 - INFO - evaluating now!
2026-05-25 20:14:16,028 - INFO - epoch complete!
2026-05-25 20:14:16,028 - INFO - evaluating now!
2026-05-25 20:14:17,439 - INFO - Epoch [14/20] train_loss: 0.0842, val_loss: 0.0750, lr: 0.000500, 17.02s
2026-05-25 20:14:17,439 - INFO - Epoch [14/20] train_loss: 0.0841, val_loss: 0.0750, lr: 0.000500, 17.02s
2026-05-25 20:14:32,996 - INFO - epoch complete!
2026-05-25 20:14:32,997 - INFO - evaluating now!
2026-05-25 20:14:33,000 - INFO - epoch complete!
2026-05-25 20:14:33,001 - INFO - evaluating now!
2026-05-25 20:14:34,398 - INFO - Epoch [15/20] train_loss: 0.0864, val_loss: 0.0766, lr: 0.000448, 16.96s
2026-05-25 20:14:34,398 - INFO - Epoch [15/20] train_loss: 0.0859, val_loss: 0.0766, lr: 0.000448, 16.96s
2026-05-25 20:14:49,969 - INFO - epoch complete!
2026-05-25 20:14:49,969 - INFO - evaluating now!
2026-05-25 20:14:50,011 - INFO - epoch complete!
2026-05-25 20:14:50,015 - INFO - evaluating now!
2026-05-25 20:14:51,394 - INFO - Epoch [16/20] train_loss: 0.0823, val_loss: 0.0716, lr: 0.000396, 17.00s
2026-05-25 20:14:51,394 - INFO - Epoch [16/20] train_loss: 0.0818, val_loss: 0.0716, lr: 0.000396, 17.00s
2026-05-25 20:14:51,467 - INFO - Saved model at 16
2026-05-25 20:14:51,467 - INFO - Val loss decrease from 0.0743 to 0.0716, saving to /home/lizhuoxuan/lzq/Bigscity-LibCity-master/outputs/20260525_200947__traffic_state_pred__new_fuzzy_4__PEMSD4/model_cache/new_fuzzy_4_PEMSD4_epoch16.tar
2026-05-25 20:14:51,470 - INFO - Saved model at 16
2026-05-25 20:14:51,470 - INFO - Val loss decrease from 0.0743 to 0.0716, saving to /home/lizhuoxuan/lzq/Bigscity-LibCity-master/outputs/20260525_200947__traffic_state_pred__new_fuzzy_4__PEMSD4/model_cache/new_fuzzy_4_PEMSD4_epoch16.tar
2026-05-25 20:15:07,061 - INFO - epoch complete!
2026-05-25 20:15:07,062 - INFO - evaluating now!
2026-05-25 20:15:07,063 - INFO - epoch complete!
2026-05-25 20:15:07,063 - INFO - evaluating now!
2026-05-25 20:15:08,450 - INFO - Epoch [17/20] train_loss: 0.0806, val_loss: 0.0711, lr: 0.000345, 16.98s
2026-05-25 20:15:08,450 - INFO - Epoch [17/20] train_loss: 0.0796, val_loss: 0.0711, lr: 0.000345, 16.98s
2026-05-25 20:15:08,730 - INFO - Saved model at 17
2026-05-25 20:15:08,730 - INFO - Val loss decrease from 0.0716 to 0.0711, saving to /home/lizhuoxuan/lzq/Bigscity-LibCity-master/outputs/20260525_200947__traffic_state_pred__new_fuzzy_4__PEMSD4/model_cache/new_fuzzy_4_PEMSD4_epoch17.tar
2026-05-25 20:15:08,733 - INFO - Saved model at 17
2026-05-25 20:15:08,734 - INFO - Val loss decrease from 0.0716 to 0.0711, saving to /home/lizhuoxuan/lzq/Bigscity-LibCity-master/outputs/20260525_200947__traffic_state_pred__new_fuzzy_4__PEMSD4/model_cache/new_fuzzy_4_PEMSD4_epoch17.tar
2026-05-25 20:15:24,413 - INFO - epoch complete!
2026-05-25 20:15:24,417 - INFO - evaluating now!
2026-05-25 20:15:24,417 - INFO - epoch complete!
2026-05-25 20:15:24,417 - INFO - evaluating now!
2026-05-25 20:15:25,813 - INFO - Epoch [18/20] train_loss: 0.0788, val_loss: 0.0729, lr: 0.000297, 17.08s
2026-05-25 20:15:25,813 - INFO - Epoch [18/20] train_loss: 0.0783, val_loss: 0.0729, lr: 0.000297, 17.08s
2026-05-25 20:15:41,520 - INFO - epoch complete!
2026-05-25 20:15:41,520 - INFO - evaluating now!
2026-05-25 20:15:41,520 - INFO - epoch complete!
2026-05-25 20:15:41,521 - INFO - evaluating now!
2026-05-25 20:15:42,898 - INFO - Epoch [19/20] train_loss: 0.0784, val_loss: 0.0740, lr: 0.000250, 17.08s
2026-05-25 20:15:42,898 - INFO - Epoch [19/20] train_loss: 0.0791, val_loss: 0.0740, lr: 0.000250, 17.08s
2026-05-25 20:15:42,898 - INFO - Trained totally 20 epochs, average train time is 15.509s, average eval time is 1.387s
2026-05-25 20:15:42,898 - INFO - Trained totally 20 epochs, average train time is 15.502s, average eval time is 1.394s
2026-05-25 20:15:43,088 - INFO - Loaded model at 17
2026-05-25 20:15:43,089 - INFO - Start evaluating ...
2026-05-25 20:15:43,177 - INFO - Loaded model at 17
2026-05-25 20:15:43,178 - INFO - Saved model at /home/lizhuoxuan/lzq/Bigscity-LibCity-master/outputs/20260525_200947__traffic_state_pred__new_fuzzy_4__PEMSD4/model_cache/new_fuzzy_4_PEMSD4.m
2026-05-25 20:15:43,293 - INFO - Start evaluating ...
2026-05-25 20:18:01,373 - INFO - Note that you select the single mode to evaluate!
2026-05-25 20:18:01,386 - INFO - Evaluate result is saved at /home/lizhuoxuan/lzq/Bigscity-LibCity-master/outputs/20260525_200947__traffic_state_pred__new_fuzzy_4__PEMSD4/evaluate_cache/2026_05_25_20_18_01_new_fuzzy_4_PEMSD4.csv
2026-05-25 20:18:01,416 - INFO - 
           MAE         MAPE           MSE  ...  masked_RMSE        R2      EVAR
1   216.810684  2619.295654  64300.093750  ...   253.476578 -2.860930 -2.688673
2   220.003342  2698.352295  65874.242188  ...   256.572205 -2.955399 -2.781848
3   221.342056  2702.264160  66427.664062  ...   257.663666 -2.988566 -2.804517
4   220.926193  2699.643311  66236.242188  ...   257.287231 -2.977020 -2.779002
5   222.193848  2751.127930  66973.984375  ...   258.711975 -3.021265 -2.828170
6   220.665176  2705.081055  66175.328125  ...   257.165222 -2.973284 -2.767822
7   222.184235  2713.030029  66994.867188  ...   258.776062 -3.022471 -2.830000
8   223.226059  2716.070312  67563.460938  ...   259.887115 -3.056593 -2.835474
9   221.389679  2687.458008  66626.351562  ...   258.051056 -3.000300 -2.804911
10  220.514954  2661.689453  66396.648438  ...   257.616516 -2.986490 -2.785296
11  218.791351  2645.610596  65445.117188  ...   255.749619 -2.929344 -2.740886
12  219.986389  2662.440430  65795.664062  ...   256.436310 -2.950368 -2.747986

[12 rows x 10 columns]
