2026-05-06 22:53:35,600 - INFO - Log directory: /home/lizhuoxuan/lzq/Bigscity-LibCity-master/outputs/20260506_225335__traffic_state_pred__STGCN__PEMSD4/logs
2026-05-06 22:53:35,600 - INFO - Begin artifact training pipeline, task=traffic_state_pred, model_name=STGCN, dataset_name=PEMSD4, exp_id=20260506_225335__traffic_state_pred__STGCN__PEMSD4
2026-05-06 22:53:35,600 - INFO - {'task': 'traffic_state_pred', 'model': 'STGCN', 'dataset': 'PEMSD4', 'saved_model': True, 'train': True, 'seed': 0, 'gpu': True, 'gpu_id': 0, 'train_rate': 0.6, 'eval_rate': 0.2, 'batch_size': 64, 'learning_rate': 0.001, 'max_epoch': 10, 'executor': 'TrafficStateExecutor', 'evaluator': 'TrafficStateEvaluator', 'Ks': 3, 'Kt': 3, 'bidir_adj_mx': True, 'blocks': [[1, 32, 64], [64, 32, 128]], 'calculate_weight_adj': False, 'data_col': ['traffic_flow', 'traffic_occupancy', 'traffic_speed'], 'data_files': ['PEMSD4'], 'device': device(type='cuda', index=0), 'disturb_rate': 0.5, 'dropout': 0, 'dyna': {'including_types': ['state'], 'state': {'entity_id': 'geo_id', 'traffic_flow': 'num', 'traffic_occupancy': 'num', 'traffic_speed': 'num'}}, 'evaluator_mode': 'single', 'geo': {'including_types': ['Point'], 'Point': {}}, 'geo_file': 'PEMSD4', 'graph_conv_type': 'chebconv', 'init_weight_inf_or_zero': 'zero', 'metrics': ['MAE', 'MAPE', 'MSE', 'RMSE', 'masked_MAE', 'masked_MAPE', 'masked_MSE', 'masked_RMSE', 'R2', 'EVAR'], 'noise_SD': [10], 'noise_mean': [5], 'noise_type': 'gaussian', 'num_workers': 0, 'output_dim': 3, 'pad_with_last_sample': True, 'rel': {'including_types': ['geo'], 'geo': {'cost': 'num'}}, 'rel_file': 'PEMSD4', 'robustness_test': False, 'save_mode': ['csv'], 'set_weight_link_or_dist': 'link', 'stgcn_train_mode': 'quick', 'time_intervals': 300, 'weight_adj_epsilon': 0.1, 'weight_col': 'cost', 'clip_grad_norm': False, 'epoch': 0, 'hyper_tune': False, 'learner': 'rmsprop', 'load_best_epoch': True, 'log_every': 1, 'log_level': 'INFO', 'lr_T_max': 30, 'lr_alpha': 0.99, 'lr_beta1': 0.9, 'lr_beta2': 0.999, 'lr_decay': True, 'lr_decay_ratio': 0.7, 'lr_epsilon': 1e-08, 'lr_eta_min': 0, 'lr_momentum': 0, 'lr_patience': 10, 'lr_scheduler': 'steplr', 'lr_threshold': 0.0001, 'max_grad_norm': 1, 'patience': 50, 'step_size': 5, 'steps': [5, 20, 40, 70], 'train_loss': 'none', 'use_early_stop': False, 'weight_decay': 0, 'data_version_id': 'dv_1778078919_1c23d2b2', 'dataset_class': 'TrafficStatePointDataset', 'cache_dataset': True, 'scaler': 'none', 'load_external': False, 'normal_external': False, 'ext_scaler': 'none', 'input_window': 12, 'output_window': 12, 'add_time_in_day': False, 'add_day_in_week': False, 'exp_id': '20260506_225335__traffic_state_pred__STGCN__PEMSD4'}
2026-05-06 22:53:46,320 - INFO - You select quick mode to train STGCN model.
2026-05-06 22:53:46,452 - INFO - Chebyshev_polynomial_Lk shape: (3, 307, 307)
2026-05-06 22:53:46,677 - INFO - STGCN(
  (st_conv1): STConvBlock(
    (tconv1): TemporalConvLayer(
      (align): Align()
      (conv): Conv2d(3, 64, kernel_size=(3, 1), stride=(1, 1))
    )
    (sconv): SpatioConvLayer(
      (align): Align()
    )
    (tconv2): TemporalConvLayer(
      (align): Align()
      (conv): Conv2d(32, 64, kernel_size=(3, 1), stride=(1, 1))
    )
    (ln): LayerNorm((307, 64), eps=1e-05, elementwise_affine=True)
    (dropout): Dropout(p=0, inplace=False)
  )
  (st_conv2): STConvBlock(
    (tconv1): TemporalConvLayer(
      (align): Align(
        (conv1x1): Conv2d(64, 32, kernel_size=(1, 1), stride=(1, 1))
      )
      (conv): Conv2d(64, 64, kernel_size=(3, 1), stride=(1, 1))
    )
    (sconv): SpatioConvLayer(
      (align): Align()
    )
    (tconv2): TemporalConvLayer(
      (align): Align()
      (conv): Conv2d(32, 128, kernel_size=(3, 1), stride=(1, 1))
    )
    (ln): LayerNorm((307, 128), eps=1e-05, elementwise_affine=True)
    (dropout): Dropout(p=0, inplace=False)
  )
  (output): OutputLayer(
    (tconv1): TemporalConvLayer(
      (align): Align()
      (conv): Conv2d(128, 256, kernel_size=(4, 1), stride=(1, 1))
    )
    (ln): LayerNorm((307, 128), eps=1e-05, elementwise_affine=True)
    (tconv2): TemporalConvLayer(
      (align): Align()
      (conv): Conv2d(128, 128, kernel_size=(1, 1), stride=(1, 1))
    )
    (fc): FullyConvLayer(
      (conv): Conv2d(128, 3, kernel_size=(1, 1), stride=(1, 1))
    )
  )
)
2026-05-06 22:53:46,677 - INFO - st_conv1.tconv1.conv.weight	torch.Size([64, 3, 3, 1])	cuda:0	True
2026-05-06 22:53:46,677 - INFO - st_conv1.tconv1.conv.bias	torch.Size([64])	cuda:0	True
2026-05-06 22:53:46,677 - INFO - st_conv1.sconv.theta	torch.Size([32, 32, 3])	cuda:0	True
2026-05-06 22:53:46,677 - INFO - st_conv1.sconv.b	torch.Size([1, 32, 1, 1])	cuda:0	True
2026-05-06 22:53:46,677 - INFO - st_conv1.tconv2.conv.weight	torch.Size([64, 32, 3, 1])	cuda:0	True
2026-05-06 22:53:46,677 - INFO - st_conv1.tconv2.conv.bias	torch.Size([64])	cuda:0	True
2026-05-06 22:53:46,677 - INFO - st_conv1.ln.weight	torch.Size([307, 64])	cuda:0	True
2026-05-06 22:53:46,677 - INFO - st_conv1.ln.bias	torch.Size([307, 64])	cuda:0	True
2026-05-06 22:53:46,677 - INFO - st_conv2.tconv1.align.conv1x1.weight	torch.Size([32, 64, 1, 1])	cuda:0	True
2026-05-06 22:53:46,677 - INFO - st_conv2.tconv1.align.conv1x1.bias	torch.Size([32])	cuda:0	True
2026-05-06 22:53:46,677 - INFO - st_conv2.tconv1.conv.weight	torch.Size([64, 64, 3, 1])	cuda:0	True
2026-05-06 22:53:46,677 - INFO - st_conv2.tconv1.conv.bias	torch.Size([64])	cuda:0	True
2026-05-06 22:53:46,677 - INFO - st_conv2.sconv.theta	torch.Size([32, 32, 3])	cuda:0	True
2026-05-06 22:53:46,678 - INFO - st_conv2.sconv.b	torch.Size([1, 32, 1, 1])	cuda:0	True
2026-05-06 22:53:46,678 - INFO - st_conv2.tconv2.conv.weight	torch.Size([128, 32, 3, 1])	cuda:0	True
2026-05-06 22:53:46,678 - INFO - st_conv2.tconv2.conv.bias	torch.Size([128])	cuda:0	True
2026-05-06 22:53:46,678 - INFO - st_conv2.ln.weight	torch.Size([307, 128])	cuda:0	True
2026-05-06 22:53:46,678 - INFO - st_conv2.ln.bias	torch.Size([307, 128])	cuda:0	True
2026-05-06 22:53:46,678 - INFO - output.tconv1.conv.weight	torch.Size([256, 128, 4, 1])	cuda:0	True
2026-05-06 22:53:46,678 - INFO - output.tconv1.conv.bias	torch.Size([256])	cuda:0	True
2026-05-06 22:53:46,678 - INFO - output.ln.weight	torch.Size([307, 128])	cuda:0	True
2026-05-06 22:53:46,678 - INFO - output.ln.bias	torch.Size([307, 128])	cuda:0	True
2026-05-06 22:53:46,678 - INFO - output.tconv2.conv.weight	torch.Size([128, 128, 1, 1])	cuda:0	True
2026-05-06 22:53:46,678 - INFO - output.tconv2.conv.bias	torch.Size([128])	cuda:0	True
2026-05-06 22:53:46,678 - INFO - output.fc.conv.weight	torch.Size([3, 128, 1, 1])	cuda:0	True
2026-05-06 22:53:46,678 - INFO - output.fc.conv.bias	torch.Size([3])	cuda:0	True
2026-05-06 22:53:46,678 - INFO - Total parameter numbers: 384611
2026-05-06 22:53:46,678 - INFO - Enable AMP training (dtype=float16).
2026-05-06 22:53:46,678 - INFO - You select `rmsprop` optimizer.
2026-05-06 22:53:47,464 - INFO - You select `steplr` lr_scheduler.
2026-05-06 22:53:47,464 - WARNING - Received none train loss func and will use the loss func defined in the model.
2026-05-06 22:53:47,464 - INFO - Start training ...
2026-05-06 22:53:47,464 - INFO - num_batches:161
2026-05-06 22:53:49,971 - INFO - epoch complete!
2026-05-06 22:53:49,971 - INFO - evaluating now!
2026-05-06 22:53:51,542 - INFO - Epoch [0/10] train_loss: 21143.8200, val_loss: 21079.4603, lr: 0.001000, 4.08s
2026-05-06 22:53:51,550 - INFO - Saved model at 0
2026-05-06 22:53:51,550 - INFO - Val loss decrease from inf to 21079.4603, saving to /home/lizhuoxuan/lzq/Bigscity-LibCity-master/outputs/20260506_225335__traffic_state_pred__STGCN__PEMSD4/model_cache/STGCN_PEMSD4_epoch0.tar
2026-05-06 22:53:53,447 - INFO - epoch complete!
2026-05-06 22:53:53,447 - INFO - evaluating now!
2026-05-06 22:53:55,006 - INFO - Epoch [1/10] train_loss: 18191.9631, val_loss: 18806.5559, lr: 0.001000, 3.46s
2026-05-06 22:53:55,012 - INFO - Saved model at 1
2026-05-06 22:53:55,013 - INFO - Val loss decrease from 21079.4603 to 18806.5559, saving to /home/lizhuoxuan/lzq/Bigscity-LibCity-master/outputs/20260506_225335__traffic_state_pred__STGCN__PEMSD4/model_cache/STGCN_PEMSD4_epoch1.tar
2026-05-06 22:53:57,048 - INFO - epoch complete!
2026-05-06 22:53:57,048 - INFO - evaluating now!
2026-05-06 22:53:58,594 - INFO - Epoch [2/10] train_loss: 16253.3698, val_loss: 17105.9125, lr: 0.001000, 3.58s
2026-05-06 22:53:58,601 - INFO - Saved model at 2
2026-05-06 22:53:58,601 - INFO - Val loss decrease from 18806.5559 to 17105.9125, saving to /home/lizhuoxuan/lzq/Bigscity-LibCity-master/outputs/20260506_225335__traffic_state_pred__STGCN__PEMSD4/model_cache/STGCN_PEMSD4_epoch2.tar
2026-05-06 22:54:00,686 - INFO - epoch complete!
2026-05-06 22:54:00,687 - INFO - evaluating now!
2026-05-06 22:54:02,237 - INFO - Epoch [3/10] train_loss: 14596.9172, val_loss: 15387.1802, lr: 0.001000, 3.64s
2026-05-06 22:54:02,246 - INFO - Saved model at 3
2026-05-06 22:54:02,246 - INFO - Val loss decrease from 17105.9125 to 15387.1802, saving to /home/lizhuoxuan/lzq/Bigscity-LibCity-master/outputs/20260506_225335__traffic_state_pred__STGCN__PEMSD4/model_cache/STGCN_PEMSD4_epoch3.tar
2026-05-06 22:54:04,267 - INFO - epoch complete!
2026-05-06 22:54:04,267 - INFO - evaluating now!
2026-05-06 22:54:05,811 - INFO - Epoch [4/10] train_loss: 13059.3978, val_loss: 13968.5084, lr: 0.000700, 3.56s
2026-05-06 22:54:05,817 - INFO - Saved model at 4
2026-05-06 22:54:05,818 - INFO - Val loss decrease from 15387.1802 to 13968.5084, saving to /home/lizhuoxuan/lzq/Bigscity-LibCity-master/outputs/20260506_225335__traffic_state_pred__STGCN__PEMSD4/model_cache/STGCN_PEMSD4_epoch4.tar
2026-05-06 22:54:08,100 - INFO - epoch complete!
2026-05-06 22:54:08,100 - INFO - evaluating now!
2026-05-06 22:54:09,661 - INFO - Epoch [5/10] train_loss: 11932.7789, val_loss: 13035.1357, lr: 0.000700, 3.84s
2026-05-06 22:54:09,667 - INFO - Saved model at 5
2026-05-06 22:54:09,668 - INFO - Val loss decrease from 13968.5084 to 13035.1357, saving to /home/lizhuoxuan/lzq/Bigscity-LibCity-master/outputs/20260506_225335__traffic_state_pred__STGCN__PEMSD4/model_cache/STGCN_PEMSD4_epoch5.tar
2026-05-06 22:54:11,895 - INFO - epoch complete!
2026-05-06 22:54:11,896 - INFO - evaluating now!
2026-05-06 22:54:13,452 - INFO - Epoch [6/10] train_loss: 10994.3650, val_loss: 12941.0823, lr: 0.000700, 3.78s
2026-05-06 22:54:13,518 - INFO - Saved model at 6
2026-05-06 22:54:13,518 - INFO - Val loss decrease from 13035.1357 to 12941.0823, saving to /home/lizhuoxuan/lzq/Bigscity-LibCity-master/outputs/20260506_225335__traffic_state_pred__STGCN__PEMSD4/model_cache/STGCN_PEMSD4_epoch6.tar
2026-05-06 22:54:15,676 - INFO - epoch complete!
2026-05-06 22:54:15,676 - INFO - evaluating now!
2026-05-06 22:54:17,232 - INFO - Epoch [7/10] train_loss: 10200.3376, val_loss: 12056.7068, lr: 0.000700, 3.71s
2026-05-06 22:54:17,238 - INFO - Saved model at 7
2026-05-06 22:54:17,238 - INFO - Val loss decrease from 12941.0823 to 12056.7068, saving to /home/lizhuoxuan/lzq/Bigscity-LibCity-master/outputs/20260506_225335__traffic_state_pred__STGCN__PEMSD4/model_cache/STGCN_PEMSD4_epoch7.tar
2026-05-06 22:54:19,255 - INFO - epoch complete!
2026-05-06 22:54:19,255 - INFO - evaluating now!
2026-05-06 22:54:20,802 - INFO - Epoch [8/10] train_loss: 9366.0859, val_loss: 10553.1503, lr: 0.000700, 3.56s
2026-05-06 22:54:20,809 - INFO - Saved model at 8
2026-05-06 22:54:20,809 - INFO - Val loss decrease from 12056.7068 to 10553.1503, saving to /home/lizhuoxuan/lzq/Bigscity-LibCity-master/outputs/20260506_225335__traffic_state_pred__STGCN__PEMSD4/model_cache/STGCN_PEMSD4_epoch8.tar
2026-05-06 22:54:22,732 - INFO - epoch complete!
2026-05-06 22:54:22,733 - INFO - evaluating now!
2026-05-06 22:54:24,284 - INFO - Epoch [9/10] train_loss: 8591.4299, val_loss: 10692.8771, lr: 0.000490, 3.48s
2026-05-06 22:54:24,315 - INFO - Trained totally 10 epochs, average train time is 2.115s, average eval time is 1.554s
2026-05-06 22:54:24,331 - INFO - Loaded model at 8
2026-05-06 22:54:24,331 - INFO - Saved model at /home/lizhuoxuan/lzq/Bigscity-LibCity-master/outputs/20260506_225335__traffic_state_pred__STGCN__PEMSD4/model_cache/STGCN_PEMSD4.m
2026-05-06 22:54:24,337 - INFO - Start evaluating ...
2026-05-06 22:54:39,819 - INFO - Note that you select the single mode to evaluate!
2026-05-06 22:54:39,825 - INFO - Evaluate result is saved at /home/lizhuoxuan/lzq/Bigscity-LibCity-master/outputs/20260506_225335__traffic_state_pred__STGCN__PEMSD4/evaluate_cache/2026_05_06_22_54_39_STGCN_PEMSD4.csv
2026-05-06 22:54:39,839 - INFO - 
          MAE          MAPE           MSE  ...  masked_RMSE        R2      EVAR
1   38.214294   8152.180664   9525.105469  ...    98.016472  0.420874  0.496228
2   38.449078   9094.958008   9533.883789  ...    98.056686  0.420283  0.496708
3   38.757999   8862.936523   9580.053711  ...    98.297447  0.417613  0.495467
4   38.870899  10053.252930   9557.875977  ...    98.174522  0.418855  0.497445
5   39.091614  11241.712891   9575.038086  ...    98.265129  0.417787  0.497227
6   39.333714  12093.737305   9596.489258  ...    98.363342  0.416280  0.496605
7   39.842777  12815.757812   9680.333008  ...    98.799141  0.411129  0.493235
8   40.630779  12966.099609   9885.903320  ...    99.840790  0.398596  0.483206
9   41.683258  13111.256836  10198.355469  ...   101.406700  0.379636  0.468059
10  42.785091  13019.240234  10540.368164  ...   103.090126  0.358733  0.451522
11  44.044079  13084.258789  10956.555664  ...   105.110985  0.333388  0.431613
12  45.461273  13064.423828  11448.125977  ...   107.446663  0.303526  0.408329

[12 rows x 10 columns]
