2026-05-25 19:44:45,816 - INFO - Log directory: /home/lizhuoxuan/lzq/Bigscity-LibCity-master/outputs/20260525_194445__traffic_state_pred__new_fuzzy_3__PEMSD4/logs
2026-05-25 19:44:45,897 - INFO - Log directory: /home/lizhuoxuan/lzq/Bigscity-LibCity-master/outputs/20260525_194445__traffic_state_pred__new_fuzzy_3__PEMSD4/logs
2026-05-25 19:44:45,897 - INFO - Begin artifact training pipeline, task=traffic_state_pred, model_name=new_fuzzy_3, dataset_name=PEMSD4, exp_id=20260525_194445__traffic_state_pred__new_fuzzy_3__PEMSD4
2026-05-25 19:44:45,901 - INFO - {'task': 'traffic_state_pred', 'model': 'new_fuzzy_3', 'dataset': 'PEMSD4', 'saved_model': True, 'train': True, 'seed': 42, 'train_rate': 0.6, 'eval_rate': 0.2, 'batch_size': 64, 'learning_rate': 0.01, 'max_epoch': 100, 'dataset_class': 'TrafficStatePointDataset', 'executor': 'DiffusionTrafficStateExecutor', 'evaluator': 'TrafficStateEvaluator', 'amp_dtype': 'bfloat16', 'beta_end': 0.01, 'beta_start': 0.0001, 'calculate_weight_adj': False, 'conservation_loss_weight': 0.1, 'conservation_steps_per_epoch': 80, 'conservation_warmup_epochs': 5, 'data_col': ['traffic_flow', 'traffic_occupancy', 'traffic_speed'], 'data_files': ['PEMSD4'], 'ddim_eta': 0, 'decoder_layers': 2, 'denoiser_layers': 2, 'device': device(type='cuda', index=0), 'diffusion_conservation_enabled': False, 'diffusion_schedule': 'linear', 'diffusion_steps': 50, 'disturb_rate': 0.5, 'dropout': 0.1, 'dyna': {'including_types': ['state'], 'state': {'entity_id': 'geo_id', 'traffic_flow': 'num', 'traffic_occupancy': 'num', 'traffic_speed': 'num'}}, 'encoder_layers': 2, 'eval_batch_size': 64, 'evaluator_mode': 'single', 'fcm_loss_weight': 0.01, 'fcm_steps_per_epoch': 80, 'fcm_warmup_epochs': 3, 'ffn_hidden_dim': 128, 'fuzzy_num_sets': 3, 'geo': {'including_types': ['Point'], 'Point': {}}, 'geo_file': 'PEMSD4', 'graph_k_hop': 2, 'hidden_dim': 64, 'init_weight_inf_or_zero': 'zero', 'is_distributed': True, 'metrics': ['MAE', 'MAPE', 'MSE', 'RMSE', 'masked_MAE', 'masked_MAPE', 'masked_MSE', 'masked_RMSE', 'R2', 'EVAR'], 'noise_SD': [10], 'noise_mean': [5], 'noise_type': 'gaussian', 'num_heads': 2, 'num_sampling_steps': 20, 'num_workers': 0, 'output_dim': 3, 'pad_with_last_sample': True, 'physics_channel_idx': 0, 'prediction_clamp_max': 3, 'prediction_clamp_min': -3, 'rank': 0, 'rel': {'including_types': ['geo'], 'geo': {'cost': 'num'}}, 'rel_file': 'PEMSD4', 'robustness_test': False, 'save_mode': ['csv'], 'scale_lr': False, 'set_weight_link_or_dist': 'link', 'time_intervals': 300, 'use_amp': True, 'use_diffusion': True, 'use_fuzzy_conservation': True, 'use_fuzzy_graph': True, 'use_gradient_checkpointing': False, 'use_spatiotemporal_attention': True, 'use_temporal_position_embedding': True, 'weight_adj_epsilon': 0.1, 'weight_col': 'cost', 'world_size': 2, 'clip_grad_norm': True, 'epoch': 0, 'gpu': True, 'gpu_id': 0, 'learner': 'adamw', 'load_best_epoch': True, 'log_every': 1, 'lr_decay': True, 'lr_decay_ratio': 0.5, 'lr_patience': 5, 'lr_scheduler': 'cosineannealinglr', 'lr_threshold': 0.001, 'max_grad_norm': 3, 'patience': 30, 'train_loss': 'none', 'use_early_stop': True, 'weight_decay': 0.0001, 'data_version_id': 'dv_1779707798_a7a9af0f', 'input_window': 12, 'output_window': 12, 'scaler': 'standard', 'load_external': False, 'normal_external': False, 'add_time_in_day': True, 'add_day_in_week': True, 'cache_dataset': True, 'ext_scaler': 'none', 'local_rank': 0, 'dist_backend': 'nccl', 'exp_id': '20260525_194445__traffic_state_pred__new_fuzzy_3__PEMSD4'}
2026-05-25 19:45:00,298 - INFO - DistributedDataParallel(
  (module): NewFuzzy3(
    (diffusion): DiffusionScheduler()
    (fuzzy_graph): FuzzyRelationalGraphLearner(
      (raw_projection): Linear(in_features=3, out_features=64, bias=True)
      (feature_to_membership): Sequential(
        (0): Linear(in_features=64, out_features=32, bias=True)
        (1): GELU(approximate='none')
        (2): Linear(in_features=32, out_features=3, bias=True)
      )
    )
    (condition_encoder): STEncoder(
      (input_projection): Linear(in_features=3, out_features=64, bias=True)
      (blocks): ModuleList(
        (0-1): 2 x STEncoderBlock(
          (temporal_attention): MultiHeadAttention(
            (query_projection): Linear(in_features=64, out_features=64, bias=True)
            (key_projection): Linear(in_features=64, out_features=64, bias=True)
            (value_projection): Linear(in_features=64, out_features=64, bias=True)
            (output_projection): Linear(in_features=64, out_features=64, bias=True)
            (dropout): Dropout(p=0.1, inplace=False)
          )
          (graph_convolution): FuzzyGraphConvolution(
            (projections): ModuleList(
              (0-2): 3 x Linear(in_features=64, out_features=64, bias=True)
            )
          )
          (feed_forward): FeedForwardNetwork(
            (network): Sequential(
              (0): Linear(in_features=64, out_features=128, bias=True)
              (1): GELU(approximate='none')
              (2): Dropout(p=0.1, inplace=False)
              (3): Linear(in_features=128, out_features=64, bias=True)
              (4): Dropout(p=0.1, inplace=False)
            )
          )
          (norm_temporal): LayerNorm((64,), eps=1e-05, elementwise_affine=True)
          (norm_graph): LayerNorm((64,), eps=1e-05, elementwise_affine=True)
          (norm_ffn): LayerNorm((64,), eps=1e-05, elementwise_affine=True)
          (dropout): Dropout(p=0.1, inplace=False)
        )
      )
      (final_norm): LayerNorm((64,), eps=1e-05, elementwise_affine=True)
    )
    (denoiser): FuzzyGuidedDenoiser(
      (input_projection): Linear(in_features=3, out_features=64, bias=True)
      (time_embedding): SinusoidalTimeEmbedding()
      (time_projection): Sequential(
        (0): Linear(in_features=64, out_features=64, bias=True)
        (1): SiLU()
        (2): Linear(in_features=64, out_features=64, bias=True)
      )
      (condition_fusion): Linear(in_features=128, out_features=64, bias=True)
      (blocks): ModuleList(
        (0-1): 2 x DenoiserBlock(
          (temporal_attention): MultiHeadAttention(
            (query_projection): Linear(in_features=64, out_features=64, bias=True)
            (key_projection): Linear(in_features=64, out_features=64, bias=True)
            (value_projection): Linear(in_features=64, out_features=64, bias=True)
            (output_projection): Linear(in_features=64, out_features=64, bias=True)
            (dropout): Dropout(p=0.1, inplace=False)
          )
          (graph_convolution): FuzzyGraphConvolution(
            (projections): ModuleList(
              (0-2): 3 x Linear(in_features=64, out_features=64, bias=True)
            )
          )
          (cross_attention): MultiHeadAttention(
            (query_projection): Linear(in_features=64, out_features=64, bias=True)
            (key_projection): Linear(in_features=64, out_features=64, bias=True)
            (value_projection): Linear(in_features=64, out_features=64, bias=True)
            (output_projection): Linear(in_features=64, out_features=64, bias=True)
            (dropout): Dropout(p=0.1, inplace=False)
          )
          (spatiotemporal_attention): MultiHeadAttention(
            (query_projection): Linear(in_features=64, out_features=64, bias=True)
            (key_projection): Linear(in_features=64, out_features=64, bias=True)
            (value_projection): Linear(in_features=64, out_features=64, bias=True)
            (output_projection): Linear(in_features=64, out_features=64, bias=True)
            (dropout): Dropout(p=0.1, inplace=False)
          )
          (feed_forward): FeedForwardNetwork(
            (network): Sequential(
              (0): Linear(in_features=64, out_features=128, bias=True)
              (1): GELU(approximate='none')
              (2): Dropout(p=0.1, inplace=False)
              (3): Linear(in_features=128, out_features=64, bias=True)
              (4): Dropout(p=0.1, inplace=False)
            )
          )
          (norm_temporal): LayerNorm((64,), eps=1e-05, elementwise_affine=True)
          (norm_graph): LayerNorm((64,), eps=1e-05, elementwise_affine=True)
          (norm_cross): LayerNorm((64,), eps=1e-05, elementwise_affine=True)
          (norm_spatiotemporal): LayerNorm((64,), eps=1e-05, elementwise_affine=True)
          (norm_ffn): LayerNorm((64,), eps=1e-05, elementwise_affine=True)
          (dropout): Dropout(p=0.1, inplace=False)
          (time_scale_shift): Sequential(
            (0): SiLU()
            (1): Linear(in_features=64, out_features=128, bias=True)
          )
        )
      )
      (final_norm): LayerNorm((64,), eps=1e-05, elementwise_affine=True)
      (output_projection): Linear(in_features=64, out_features=3, bias=True)
    )
  )
)
2026-05-25 19:45:00,300 - INFO - module.fuzzy_graph.base_memberships	torch.Size([307, 3])	cuda:0	True
2026-05-25 19:45:00,300 - INFO - module.fuzzy_graph.fuzzy_prototypes	torch.Size([3, 64])	cuda:0	True
2026-05-25 19:45:00,300 - INFO - module.fuzzy_graph.blend_logit	torch.Size([])	cuda:0	True
2026-05-25 19:45:00,300 - INFO - module.fuzzy_graph.raw_projection.weight	torch.Size([64, 3])	cuda:0	True
2026-05-25 19:45:00,300 - INFO - module.fuzzy_graph.raw_projection.bias	torch.Size([64])	cuda:0	True
2026-05-25 19:45:00,300 - INFO - module.fuzzy_graph.feature_to_membership.0.weight	torch.Size([32, 64])	cuda:0	True
2026-05-25 19:45:00,301 - INFO - module.fuzzy_graph.feature_to_membership.0.bias	torch.Size([32])	cuda:0	True
2026-05-25 19:45:00,301 - INFO - module.fuzzy_graph.feature_to_membership.2.weight	torch.Size([3, 32])	cuda:0	True
2026-05-25 19:45:00,301 - INFO - module.fuzzy_graph.feature_to_membership.2.bias	torch.Size([3])	cuda:0	True
2026-05-25 19:45:00,301 - INFO - module.condition_encoder.temporal_position_embedding	torch.Size([1, 12, 1, 64])	cuda:0	True
2026-05-25 19:45:00,301 - INFO - module.condition_encoder.input_projection.weight	torch.Size([64, 3])	cuda:0	True
2026-05-25 19:45:00,301 - INFO - module.condition_encoder.input_projection.bias	torch.Size([64])	cuda:0	True
2026-05-25 19:45:00,301 - INFO - module.condition_encoder.blocks.0.temporal_attention.query_projection.weight	torch.Size([64, 64])	cuda:0	True
2026-05-25 19:45:00,301 - INFO - module.condition_encoder.blocks.0.temporal_attention.query_projection.bias	torch.Size([64])	cuda:0	True
2026-05-25 19:45:00,301 - INFO - module.condition_encoder.blocks.0.temporal_attention.key_projection.weight	torch.Size([64, 64])	cuda:0	True
2026-05-25 19:45:00,301 - INFO - module.condition_encoder.blocks.0.temporal_attention.key_projection.bias	torch.Size([64])	cuda:0	True
2026-05-25 19:45:00,301 - INFO - module.condition_encoder.blocks.0.temporal_attention.value_projection.weight	torch.Size([64, 64])	cuda:0	True
2026-05-25 19:45:00,301 - INFO - module.condition_encoder.blocks.0.temporal_attention.value_projection.bias	torch.Size([64])	cuda:0	True
2026-05-25 19:45:00,301 - INFO - module.condition_encoder.blocks.0.temporal_attention.output_projection.weight	torch.Size([64, 64])	cuda:0	True
2026-05-25 19:45:00,301 - INFO - module.condition_encoder.blocks.0.temporal_attention.output_projection.bias	torch.Size([64])	cuda:0	True
2026-05-25 19:45:00,301 - INFO - module.condition_encoder.blocks.0.graph_convolution.projections.0.weight	torch.Size([64, 64])	cuda:0	True
2026-05-25 19:45:00,301 - INFO - module.condition_encoder.blocks.0.graph_convolution.projections.0.bias	torch.Size([64])	cuda:0	True
2026-05-25 19:45:00,301 - INFO - module.condition_encoder.blocks.0.graph_convolution.projections.1.weight	torch.Size([64, 64])	cuda:0	True
2026-05-25 19:45:00,301 - INFO - module.condition_encoder.blocks.0.graph_convolution.projections.1.bias	torch.Size([64])	cuda:0	True
2026-05-25 19:45:00,301 - INFO - module.condition_encoder.blocks.0.graph_convolution.projections.2.weight	torch.Size([64, 64])	cuda:0	True
2026-05-25 19:45:00,301 - INFO - module.condition_encoder.blocks.0.graph_convolution.projections.2.bias	torch.Size([64])	cuda:0	True
2026-05-25 19:45:00,301 - INFO - module.condition_encoder.blocks.0.feed_forward.network.0.weight	torch.Size([128, 64])	cuda:0	True
2026-05-25 19:45:00,301 - INFO - module.condition_encoder.blocks.0.feed_forward.network.0.bias	torch.Size([128])	cuda:0	True
2026-05-25 19:45:00,301 - INFO - module.condition_encoder.blocks.0.feed_forward.network.3.weight	torch.Size([64, 128])	cuda:0	True
2026-05-25 19:45:00,301 - INFO - module.condition_encoder.blocks.0.feed_forward.network.3.bias	torch.Size([64])	cuda:0	True
2026-05-25 19:45:00,301 - INFO - module.condition_encoder.blocks.0.norm_temporal.weight	torch.Size([64])	cuda:0	True
2026-05-25 19:45:00,301 - INFO - module.condition_encoder.blocks.0.norm_temporal.bias	torch.Size([64])	cuda:0	True
2026-05-25 19:45:00,301 - INFO - module.condition_encoder.blocks.0.norm_graph.weight	torch.Size([64])	cuda:0	True
2026-05-25 19:45:00,302 - INFO - module.condition_encoder.blocks.0.norm_graph.bias	torch.Size([64])	cuda:0	True
2026-05-25 19:45:00,302 - INFO - module.condition_encoder.blocks.0.norm_ffn.weight	torch.Size([64])	cuda:0	True
2026-05-25 19:45:00,302 - INFO - module.condition_encoder.blocks.0.norm_ffn.bias	torch.Size([64])	cuda:0	True
2026-05-25 19:45:00,302 - INFO - module.condition_encoder.blocks.1.temporal_attention.query_projection.weight	torch.Size([64, 64])	cuda:0	True
2026-05-25 19:45:00,302 - INFO - module.condition_encoder.blocks.1.temporal_attention.query_projection.bias	torch.Size([64])	cuda:0	True
2026-05-25 19:45:00,302 - INFO - module.condition_encoder.blocks.1.temporal_attention.key_projection.weight	torch.Size([64, 64])	cuda:0	True
2026-05-25 19:45:00,302 - INFO - module.condition_encoder.blocks.1.temporal_attention.key_projection.bias	torch.Size([64])	cuda:0	True
2026-05-25 19:45:00,302 - INFO - module.condition_encoder.blocks.1.temporal_attention.value_projection.weight	torch.Size([64, 64])	cuda:0	True
2026-05-25 19:45:00,301 - INFO - Enable AMP training (dtype=bfloat16).
2026-05-25 19:45:00,302 - INFO - module.condition_encoder.blocks.1.temporal_attention.value_projection.bias	torch.Size([64])	cuda:0	True
2026-05-25 19:45:00,302 - INFO - module.condition_encoder.blocks.1.temporal_attention.output_projection.weight	torch.Size([64, 64])	cuda:0	True
2026-05-25 19:45:00,302 - INFO - module.condition_encoder.blocks.1.temporal_attention.output_projection.bias	torch.Size([64])	cuda:0	True
2026-05-25 19:45:00,302 - INFO - You select `adamw` optimizer.
2026-05-25 19:45:00,302 - INFO - module.condition_encoder.blocks.1.graph_convolution.projections.0.weight	torch.Size([64, 64])	cuda:0	True
2026-05-25 19:45:00,302 - INFO - module.condition_encoder.blocks.1.graph_convolution.projections.0.bias	torch.Size([64])	cuda:0	True
2026-05-25 19:45:00,302 - INFO - module.condition_encoder.blocks.1.graph_convolution.projections.1.weight	torch.Size([64, 64])	cuda:0	True
2026-05-25 19:45:00,302 - INFO - module.condition_encoder.blocks.1.graph_convolution.projections.1.bias	torch.Size([64])	cuda:0	True
2026-05-25 19:45:00,302 - INFO - module.condition_encoder.blocks.1.graph_convolution.projections.2.weight	torch.Size([64, 64])	cuda:0	True
2026-05-25 19:45:00,302 - INFO - module.condition_encoder.blocks.1.graph_convolution.projections.2.bias	torch.Size([64])	cuda:0	True
2026-05-25 19:45:00,302 - INFO - module.condition_encoder.blocks.1.feed_forward.network.0.weight	torch.Size([128, 64])	cuda:0	True
2026-05-25 19:45:00,302 - INFO - module.condition_encoder.blocks.1.feed_forward.network.0.bias	torch.Size([128])	cuda:0	True
2026-05-25 19:45:00,302 - INFO - module.condition_encoder.blocks.1.feed_forward.network.3.weight	torch.Size([64, 128])	cuda:0	True
2026-05-25 19:45:00,302 - INFO - module.condition_encoder.blocks.1.feed_forward.network.3.bias	torch.Size([64])	cuda:0	True
2026-05-25 19:45:00,302 - INFO - module.condition_encoder.blocks.1.norm_temporal.weight	torch.Size([64])	cuda:0	True
2026-05-25 19:45:00,302 - INFO - module.condition_encoder.blocks.1.norm_temporal.bias	torch.Size([64])	cuda:0	True
2026-05-25 19:45:00,302 - INFO - module.condition_encoder.blocks.1.norm_graph.weight	torch.Size([64])	cuda:0	True
2026-05-25 19:45:00,302 - INFO - module.condition_encoder.blocks.1.norm_graph.bias	torch.Size([64])	cuda:0	True
2026-05-25 19:45:00,302 - INFO - module.condition_encoder.blocks.1.norm_ffn.weight	torch.Size([64])	cuda:0	True
2026-05-25 19:45:00,302 - INFO - module.condition_encoder.blocks.1.norm_ffn.bias	torch.Size([64])	cuda:0	True
2026-05-25 19:45:00,302 - INFO - module.condition_encoder.final_norm.weight	torch.Size([64])	cuda:0	True
2026-05-25 19:45:00,303 - INFO - module.condition_encoder.final_norm.bias	torch.Size([64])	cuda:0	True
2026-05-25 19:45:00,303 - INFO - module.denoiser.future_position_embedding	torch.Size([1, 12, 1, 64])	cuda:0	True
2026-05-25 19:45:00,303 - INFO - module.denoiser.condition_temporal_weight	torch.Size([12])	cuda:0	True
2026-05-25 19:45:00,303 - INFO - module.denoiser.input_projection.weight	torch.Size([64, 3])	cuda:0	True
2026-05-25 19:45:00,303 - INFO - You select `cosineannealinglr` lr_scheduler.
2026-05-25 19:45:00,303 - WARNING - Received none train loss func and will use the loss func defined in the model.
2026-05-25 19:45:00,303 - INFO - Start training ...
2026-05-25 19:45:00,303 - INFO - num_batches:80
2026-05-25 19:45:00,303 - INFO - module.denoiser.input_projection.bias	torch.Size([64])	cuda:0	True
2026-05-25 19:45:00,304 - INFO - module.denoiser.time_projection.0.weight	torch.Size([64, 64])	cuda:0	True
2026-05-25 19:45:00,304 - INFO - module.denoiser.time_projection.0.bias	torch.Size([64])	cuda:0	True
2026-05-25 19:45:00,304 - INFO - module.denoiser.time_projection.2.weight	torch.Size([64, 64])	cuda:0	True
2026-05-25 19:45:00,304 - INFO - module.denoiser.time_projection.2.bias	torch.Size([64])	cuda:0	True
2026-05-25 19:45:00,304 - INFO - module.denoiser.condition_fusion.weight	torch.Size([64, 128])	cuda:0	True
2026-05-25 19:45:00,304 - INFO - module.denoiser.condition_fusion.bias	torch.Size([64])	cuda:0	True
2026-05-25 19:45:00,304 - INFO - module.denoiser.blocks.0.temporal_attention.query_projection.weight	torch.Size([64, 64])	cuda:0	True
2026-05-25 19:45:00,304 - INFO - module.denoiser.blocks.0.temporal_attention.query_projection.bias	torch.Size([64])	cuda:0	True
2026-05-25 19:45:00,304 - INFO - module.denoiser.blocks.0.temporal_attention.key_projection.weight	torch.Size([64, 64])	cuda:0	True
2026-05-25 19:45:00,305 - INFO - module.denoiser.blocks.0.temporal_attention.key_projection.bias	torch.Size([64])	cuda:0	True
2026-05-25 19:45:00,305 - INFO - module.denoiser.blocks.0.temporal_attention.value_projection.weight	torch.Size([64, 64])	cuda:0	True
2026-05-25 19:45:00,305 - INFO - module.denoiser.blocks.0.temporal_attention.value_projection.bias	torch.Size([64])	cuda:0	True
2026-05-25 19:45:00,305 - INFO - module.denoiser.blocks.0.temporal_attention.output_projection.weight	torch.Size([64, 64])	cuda:0	True
2026-05-25 19:45:00,305 - INFO - module.denoiser.blocks.0.temporal_attention.output_projection.bias	torch.Size([64])	cuda:0	True
2026-05-25 19:45:00,305 - INFO - module.denoiser.blocks.0.graph_convolution.projections.0.weight	torch.Size([64, 64])	cuda:0	True
2026-05-25 19:45:00,305 - INFO - module.denoiser.blocks.0.graph_convolution.projections.0.bias	torch.Size([64])	cuda:0	True
2026-05-25 19:45:00,305 - INFO - module.denoiser.blocks.0.graph_convolution.projections.1.weight	torch.Size([64, 64])	cuda:0	True
2026-05-25 19:45:00,305 - INFO - module.denoiser.blocks.0.graph_convolution.projections.1.bias	torch.Size([64])	cuda:0	True
2026-05-25 19:45:00,305 - INFO - module.denoiser.blocks.0.graph_convolution.projections.2.weight	torch.Size([64, 64])	cuda:0	True
2026-05-25 19:45:00,305 - INFO - module.denoiser.blocks.0.graph_convolution.projections.2.bias	torch.Size([64])	cuda:0	True
2026-05-25 19:45:00,305 - INFO - module.denoiser.blocks.0.cross_attention.query_projection.weight	torch.Size([64, 64])	cuda:0	True
2026-05-25 19:45:00,305 - INFO - module.denoiser.blocks.0.cross_attention.query_projection.bias	torch.Size([64])	cuda:0	True
2026-05-25 19:45:00,305 - INFO - module.denoiser.blocks.0.cross_attention.key_projection.weight	torch.Size([64, 64])	cuda:0	True
2026-05-25 19:45:00,305 - INFO - module.denoiser.blocks.0.cross_attention.key_projection.bias	torch.Size([64])	cuda:0	True
2026-05-25 19:45:00,306 - INFO - module.denoiser.blocks.0.cross_attention.value_projection.weight	torch.Size([64, 64])	cuda:0	True
2026-05-25 19:45:00,306 - INFO - module.denoiser.blocks.0.cross_attention.value_projection.bias	torch.Size([64])	cuda:0	True
2026-05-25 19:45:00,306 - INFO - module.denoiser.blocks.0.cross_attention.output_projection.weight	torch.Size([64, 64])	cuda:0	True
2026-05-25 19:45:00,306 - INFO - module.denoiser.blocks.0.cross_attention.output_projection.bias	torch.Size([64])	cuda:0	True
2026-05-25 19:45:00,306 - INFO - module.denoiser.blocks.0.spatiotemporal_attention.query_projection.weight	torch.Size([64, 64])	cuda:0	True
2026-05-25 19:45:00,306 - INFO - module.denoiser.blocks.0.spatiotemporal_attention.query_projection.bias	torch.Size([64])	cuda:0	True
2026-05-25 19:45:00,306 - INFO - module.denoiser.blocks.0.spatiotemporal_attention.key_projection.weight	torch.Size([64, 64])	cuda:0	True
2026-05-25 19:45:00,306 - INFO - module.denoiser.blocks.0.spatiotemporal_attention.key_projection.bias	torch.Size([64])	cuda:0	True
2026-05-25 19:45:00,306 - INFO - module.denoiser.blocks.0.spatiotemporal_attention.value_projection.weight	torch.Size([64, 64])	cuda:0	True
2026-05-25 19:45:00,306 - INFO - module.denoiser.blocks.0.spatiotemporal_attention.value_projection.bias	torch.Size([64])	cuda:0	True
2026-05-25 19:45:00,306 - INFO - module.denoiser.blocks.0.spatiotemporal_attention.output_projection.weight	torch.Size([64, 64])	cuda:0	True
2026-05-25 19:45:00,306 - INFO - module.denoiser.blocks.0.spatiotemporal_attention.output_projection.bias	torch.Size([64])	cuda:0	True
2026-05-25 19:45:00,306 - INFO - module.denoiser.blocks.0.feed_forward.network.0.weight	torch.Size([128, 64])	cuda:0	True
2026-05-25 19:45:00,306 - INFO - module.denoiser.blocks.0.feed_forward.network.0.bias	torch.Size([128])	cuda:0	True
2026-05-25 19:45:00,306 - INFO - module.denoiser.blocks.0.feed_forward.network.3.weight	torch.Size([64, 128])	cuda:0	True
2026-05-25 19:45:00,307 - INFO - module.denoiser.blocks.0.feed_forward.network.3.bias	torch.Size([64])	cuda:0	True
2026-05-25 19:45:00,307 - INFO - module.denoiser.blocks.0.norm_temporal.weight	torch.Size([64])	cuda:0	True
2026-05-25 19:45:00,307 - INFO - module.denoiser.blocks.0.norm_temporal.bias	torch.Size([64])	cuda:0	True
2026-05-25 19:45:00,307 - INFO - module.denoiser.blocks.0.norm_graph.weight	torch.Size([64])	cuda:0	True
2026-05-25 19:45:00,307 - INFO - module.denoiser.blocks.0.norm_graph.bias	torch.Size([64])	cuda:0	True
2026-05-25 19:45:00,307 - INFO - module.denoiser.blocks.0.norm_cross.weight	torch.Size([64])	cuda:0	True
2026-05-25 19:45:00,307 - INFO - module.denoiser.blocks.0.norm_cross.bias	torch.Size([64])	cuda:0	True
2026-05-25 19:45:00,307 - INFO - module.denoiser.blocks.0.norm_spatiotemporal.weight	torch.Size([64])	cuda:0	True
2026-05-25 19:45:00,307 - INFO - module.denoiser.blocks.0.norm_spatiotemporal.bias	torch.Size([64])	cuda:0	True
2026-05-25 19:45:00,307 - INFO - module.denoiser.blocks.0.norm_ffn.weight	torch.Size([64])	cuda:0	True
2026-05-25 19:45:00,307 - INFO - module.denoiser.blocks.0.norm_ffn.bias	torch.Size([64])	cuda:0	True
2026-05-25 19:45:00,307 - INFO - module.denoiser.blocks.0.time_scale_shift.1.weight	torch.Size([128, 64])	cuda:0	True
2026-05-25 19:45:00,307 - INFO - module.denoiser.blocks.0.time_scale_shift.1.bias	torch.Size([128])	cuda:0	True
2026-05-25 19:45:00,307 - INFO - module.denoiser.blocks.1.temporal_attention.query_projection.weight	torch.Size([64, 64])	cuda:0	True
2026-05-25 19:45:00,307 - INFO - module.denoiser.blocks.1.temporal_attention.query_projection.bias	torch.Size([64])	cuda:0	True
2026-05-25 19:45:00,307 - INFO - module.denoiser.blocks.1.temporal_attention.key_projection.weight	torch.Size([64, 64])	cuda:0	True
2026-05-25 19:45:00,307 - INFO - module.denoiser.blocks.1.temporal_attention.key_projection.bias	torch.Size([64])	cuda:0	True
2026-05-25 19:45:00,307 - INFO - module.denoiser.blocks.1.temporal_attention.value_projection.weight	torch.Size([64, 64])	cuda:0	True
2026-05-25 19:45:00,307 - INFO - module.denoiser.blocks.1.temporal_attention.value_projection.bias	torch.Size([64])	cuda:0	True
2026-05-25 19:45:00,307 - INFO - module.denoiser.blocks.1.temporal_attention.output_projection.weight	torch.Size([64, 64])	cuda:0	True
2026-05-25 19:45:00,307 - INFO - module.denoiser.blocks.1.temporal_attention.output_projection.bias	torch.Size([64])	cuda:0	True
2026-05-25 19:45:00,307 - INFO - module.denoiser.blocks.1.graph_convolution.projections.0.weight	torch.Size([64, 64])	cuda:0	True
2026-05-25 19:45:00,307 - INFO - module.denoiser.blocks.1.graph_convolution.projections.0.bias	torch.Size([64])	cuda:0	True
2026-05-25 19:45:00,307 - INFO - module.denoiser.blocks.1.graph_convolution.projections.1.weight	torch.Size([64, 64])	cuda:0	True
2026-05-25 19:45:00,307 - INFO - module.denoiser.blocks.1.graph_convolution.projections.1.bias	torch.Size([64])	cuda:0	True
2026-05-25 19:45:00,307 - INFO - module.denoiser.blocks.1.graph_convolution.projections.2.weight	torch.Size([64, 64])	cuda:0	True
2026-05-25 19:45:00,308 - INFO - module.denoiser.blocks.1.graph_convolution.projections.2.bias	torch.Size([64])	cuda:0	True
2026-05-25 19:45:00,308 - INFO - module.denoiser.blocks.1.cross_attention.query_projection.weight	torch.Size([64, 64])	cuda:0	True
2026-05-25 19:45:00,308 - INFO - module.denoiser.blocks.1.cross_attention.query_projection.bias	torch.Size([64])	cuda:0	True
2026-05-25 19:45:00,308 - INFO - module.denoiser.blocks.1.cross_attention.key_projection.weight	torch.Size([64, 64])	cuda:0	True
2026-05-25 19:45:00,308 - INFO - module.denoiser.blocks.1.cross_attention.key_projection.bias	torch.Size([64])	cuda:0	True
2026-05-25 19:45:00,308 - INFO - module.denoiser.blocks.1.cross_attention.value_projection.weight	torch.Size([64, 64])	cuda:0	True
2026-05-25 19:45:00,308 - INFO - module.denoiser.blocks.1.cross_attention.value_projection.bias	torch.Size([64])	cuda:0	True
2026-05-25 19:45:00,308 - INFO - module.denoiser.blocks.1.cross_attention.output_projection.weight	torch.Size([64, 64])	cuda:0	True
2026-05-25 19:45:00,308 - INFO - module.denoiser.blocks.1.cross_attention.output_projection.bias	torch.Size([64])	cuda:0	True
2026-05-25 19:45:00,308 - INFO - module.denoiser.blocks.1.spatiotemporal_attention.query_projection.weight	torch.Size([64, 64])	cuda:0	True
2026-05-25 19:45:00,308 - INFO - module.denoiser.blocks.1.spatiotemporal_attention.query_projection.bias	torch.Size([64])	cuda:0	True
2026-05-25 19:45:00,309 - INFO - module.denoiser.blocks.1.spatiotemporal_attention.key_projection.weight	torch.Size([64, 64])	cuda:0	True
2026-05-25 19:45:00,309 - INFO - module.denoiser.blocks.1.spatiotemporal_attention.key_projection.bias	torch.Size([64])	cuda:0	True
2026-05-25 19:45:00,309 - INFO - module.denoiser.blocks.1.spatiotemporal_attention.value_projection.weight	torch.Size([64, 64])	cuda:0	True
2026-05-25 19:45:00,309 - INFO - module.denoiser.blocks.1.spatiotemporal_attention.value_projection.bias	torch.Size([64])	cuda:0	True
2026-05-25 19:45:00,309 - INFO - module.denoiser.blocks.1.spatiotemporal_attention.output_projection.weight	torch.Size([64, 64])	cuda:0	True
2026-05-25 19:45:00,309 - INFO - module.denoiser.blocks.1.spatiotemporal_attention.output_projection.bias	torch.Size([64])	cuda:0	True
2026-05-25 19:45:00,309 - INFO - module.denoiser.blocks.1.feed_forward.network.0.weight	torch.Size([128, 64])	cuda:0	True
2026-05-25 19:45:00,309 - INFO - module.denoiser.blocks.1.feed_forward.network.0.bias	torch.Size([128])	cuda:0	True
2026-05-25 19:45:00,309 - INFO - module.denoiser.blocks.1.feed_forward.network.3.weight	torch.Size([64, 128])	cuda:0	True
2026-05-25 19:45:00,309 - INFO - module.denoiser.blocks.1.feed_forward.network.3.bias	torch.Size([64])	cuda:0	True
2026-05-25 19:45:00,309 - INFO - module.denoiser.blocks.1.norm_temporal.weight	torch.Size([64])	cuda:0	True
2026-05-25 19:45:00,309 - INFO - module.denoiser.blocks.1.norm_temporal.bias	torch.Size([64])	cuda:0	True
2026-05-25 19:45:00,309 - INFO - module.denoiser.blocks.1.norm_graph.weight	torch.Size([64])	cuda:0	True
2026-05-25 19:45:00,309 - INFO - module.denoiser.blocks.1.norm_graph.bias	torch.Size([64])	cuda:0	True
2026-05-25 19:45:00,309 - INFO - module.denoiser.blocks.1.norm_cross.weight	torch.Size([64])	cuda:0	True
2026-05-25 19:45:00,310 - INFO - module.denoiser.blocks.1.norm_cross.bias	torch.Size([64])	cuda:0	True
2026-05-25 19:45:00,310 - INFO - module.denoiser.blocks.1.norm_spatiotemporal.weight	torch.Size([64])	cuda:0	True
2026-05-25 19:45:00,310 - INFO - module.denoiser.blocks.1.norm_spatiotemporal.bias	torch.Size([64])	cuda:0	True
2026-05-25 19:45:00,310 - INFO - module.denoiser.blocks.1.norm_ffn.weight	torch.Size([64])	cuda:0	True
2026-05-25 19:45:00,310 - INFO - module.denoiser.blocks.1.norm_ffn.bias	torch.Size([64])	cuda:0	True
2026-05-25 19:45:00,310 - INFO - module.denoiser.blocks.1.time_scale_shift.1.weight	torch.Size([128, 64])	cuda:0	True
2026-05-25 19:45:00,310 - INFO - module.denoiser.blocks.1.time_scale_shift.1.bias	torch.Size([128])	cuda:0	True
2026-05-25 19:45:00,310 - INFO - module.denoiser.final_norm.weight	torch.Size([64])	cuda:0	True
2026-05-25 19:45:00,310 - INFO - module.denoiser.final_norm.bias	torch.Size([64])	cuda:0	True
2026-05-25 19:45:00,310 - INFO - module.denoiser.output_projection.weight	torch.Size([3, 64])	cuda:0	True
2026-05-25 19:45:00,310 - INFO - module.denoiser.output_projection.bias	torch.Size([3])	cuda:0	True
2026-05-25 19:45:00,311 - INFO - Total parameter numbers: 290668
2026-05-25 19:45:00,311 - INFO - Enable AMP training (dtype=bfloat16).
2026-05-25 19:45:00,311 - INFO - You select `adamw` optimizer.
2026-05-25 19:45:00,312 - INFO - You select `cosineannealinglr` lr_scheduler.
2026-05-25 19:45:00,312 - WARNING - Received none train loss func and will use the loss func defined in the model.
2026-05-25 19:45:00,312 - INFO - Start training ...
2026-05-25 19:45:00,312 - INFO - num_batches:80
2026-05-25 19:45:10,691 - INFO - epoch complete!
2026-05-25 19:45:10,692 - INFO - evaluating now!
2026-05-25 19:45:10,692 - INFO - epoch complete!
2026-05-25 19:45:10,693 - INFO - evaluating now!
2026-05-25 19:45:11,562 - INFO - Epoch [0/100] train_loss: 9.7637, val_loss: 8.7286, lr: 0.009973, 11.25s
2026-05-25 19:45:11,562 - INFO - Epoch [0/100] train_loss: 9.7617, val_loss: 8.7286, lr: 0.009973, 11.26s
2026-05-25 19:45:11,720 - INFO - Saved model at 0
2026-05-25 19:45:11,720 - INFO - Saved model at 0
2026-05-25 19:45:11,721 - INFO - Val loss decrease from inf to 8.7286, saving to /home/lizhuoxuan/lzq/Bigscity-LibCity-master/outputs/20260525_194445__traffic_state_pred__new_fuzzy_3__PEMSD4/model_cache/new_fuzzy_3_PEMSD4_epoch0.tar
2026-05-25 19:45:11,723 - INFO - Val loss decrease from inf to 8.7286, saving to /home/lizhuoxuan/lzq/Bigscity-LibCity-master/outputs/20260525_194445__traffic_state_pred__new_fuzzy_3__PEMSD4/model_cache/new_fuzzy_3_PEMSD4_epoch0.tar
2026-05-25 19:45:21,275 - INFO - epoch complete!
2026-05-25 19:45:21,275 - INFO - evaluating now!
2026-05-25 19:45:21,278 - INFO - epoch complete!
2026-05-25 19:45:21,278 - INFO - evaluating now!
2026-05-25 19:45:22,150 - INFO - Epoch [1/100] train_loss: 8.7968, val_loss: 8.6490, lr: 0.009891, 10.43s
2026-05-25 19:45:22,150 - INFO - Epoch [1/100] train_loss: 8.7968, val_loss: 8.6490, lr: 0.009891, 10.43s
2026-05-25 19:45:22,196 - INFO - Saved model at 1
2026-05-25 19:45:22,196 - INFO - Val loss decrease from 8.7286 to 8.6490, saving to /home/lizhuoxuan/lzq/Bigscity-LibCity-master/outputs/20260525_194445__traffic_state_pred__new_fuzzy_3__PEMSD4/model_cache/new_fuzzy_3_PEMSD4_epoch1.tar
2026-05-25 19:45:22,199 - INFO - Saved model at 1
2026-05-25 19:45:22,199 - INFO - Val loss decrease from 8.7286 to 8.6490, saving to /home/lizhuoxuan/lzq/Bigscity-LibCity-master/outputs/20260525_194445__traffic_state_pred__new_fuzzy_3__PEMSD4/model_cache/new_fuzzy_3_PEMSD4_epoch1.tar
2026-05-25 19:45:31,692 - INFO - epoch complete!
2026-05-25 19:45:31,693 - INFO - evaluating now!
2026-05-25 19:45:31,710 - INFO - epoch complete!
2026-05-25 19:45:31,711 - INFO - evaluating now!
2026-05-25 19:45:32,612 - INFO - Epoch [2/100] train_loss: 8.7864, val_loss: 8.7182, lr: 0.009755, 10.42s
2026-05-25 19:45:32,612 - INFO - Epoch [2/100] train_loss: 8.7864, val_loss: 8.7182, lr: 0.009755, 10.41s
2026-05-25 19:45:42,012 - INFO - epoch complete!
2026-05-25 19:45:42,012 - INFO - evaluating now!
2026-05-25 19:45:42,014 - INFO - epoch complete!
2026-05-25 19:45:42,014 - INFO - evaluating now!
2026-05-25 19:45:42,885 - INFO - Epoch [3/100] train_loss: 8.7078, val_loss: 8.6794, lr: 0.009568, 10.27s
2026-05-25 19:45:42,885 - INFO - Epoch [3/100] train_loss: 8.7078, val_loss: 8.6794, lr: 0.009568, 10.27s
2026-05-25 19:45:52,384 - INFO - epoch complete!
2026-05-25 19:45:52,384 - INFO - evaluating now!
2026-05-25 19:45:52,387 - INFO - epoch complete!
2026-05-25 19:45:52,387 - INFO - evaluating now!
2026-05-25 19:45:53,258 - INFO - Epoch [4/100] train_loss: 8.7616, val_loss: 8.7235, lr: 0.009330, 10.37s
2026-05-25 19:45:53,258 - INFO - Epoch [4/100] train_loss: 8.7616, val_loss: 8.7235, lr: 0.009330, 10.37s
2026-05-25 19:46:02,844 - INFO - epoch complete!
2026-05-25 19:46:02,844 - INFO - evaluating now!
2026-05-25 19:46:02,852 - INFO - epoch complete!
2026-05-25 19:46:02,855 - INFO - evaluating now!
2026-05-25 19:46:03,736 - INFO - Epoch [5/100] train_loss: 8.7807, val_loss: 8.7542, lr: 0.009045, 10.48s
2026-05-25 19:46:03,736 - INFO - Epoch [5/100] train_loss: 8.7807, val_loss: 8.7542, lr: 0.009045, 10.48s
2026-05-25 19:46:13,256 - INFO - epoch complete!
2026-05-25 19:46:13,257 - INFO - evaluating now!
2026-05-25 19:46:13,256 - INFO - epoch complete!
2026-05-25 19:46:13,257 - INFO - evaluating now!
2026-05-25 19:46:14,136 - INFO - Epoch [6/100] train_loss: 8.7614, val_loss: 8.7309, lr: 0.008716, 10.40s
2026-05-25 19:46:14,136 - INFO - Epoch [6/100] train_loss: 8.7614, val_loss: 8.7309, lr: 0.008716, 10.40s
2026-05-25 19:46:23,520 - INFO - epoch complete!
2026-05-25 19:46:23,524 - INFO - evaluating now!
2026-05-25 19:46:23,522 - INFO - epoch complete!
2026-05-25 19:46:23,526 - INFO - evaluating now!
2026-05-25 19:46:24,403 - INFO - Epoch [7/100] train_loss: 8.7531, val_loss: 8.7515, lr: 0.008346, 10.27s
2026-05-25 19:46:24,403 - INFO - Epoch [7/100] train_loss: 8.7531, val_loss: 8.7515, lr: 0.008346, 10.27s
2026-05-25 19:46:33,926 - INFO - epoch complete!
2026-05-25 19:46:33,926 - INFO - evaluating now!
2026-05-25 19:46:33,935 - INFO - epoch complete!
2026-05-25 19:46:33,937 - INFO - evaluating now!
2026-05-25 19:46:34,802 - INFO - Epoch [8/100] train_loss: 8.7594, val_loss: 8.7021, lr: 0.007939, 10.40s
2026-05-25 19:46:34,802 - INFO - Epoch [8/100] train_loss: 8.7594, val_loss: 8.7021, lr: 0.007939, 10.40s
2026-05-25 19:46:44,287 - INFO - epoch complete!
2026-05-25 19:46:44,287 - INFO - evaluating now!
2026-05-25 19:46:44,290 - INFO - epoch complete!
2026-05-25 19:46:44,290 - INFO - evaluating now!
2026-05-25 19:46:45,165 - INFO - Epoch [9/100] train_loss: 8.7586, val_loss: 8.7331, lr: 0.007500, 10.36s
2026-05-25 19:46:45,165 - INFO - Epoch [9/100] train_loss: 8.7586, val_loss: 8.7331, lr: 0.007500, 10.36s
2026-05-25 19:46:54,678 - INFO - epoch complete!
2026-05-25 19:46:54,679 - INFO - evaluating now!
2026-05-25 19:46:54,706 - INFO - epoch complete!
2026-05-25 19:46:54,710 - INFO - evaluating now!
2026-05-25 19:46:55,625 - INFO - Epoch [10/100] train_loss: 8.7620, val_loss: 8.7779, lr: 0.007034, 10.46s
2026-05-25 19:46:55,625 - INFO - Epoch [10/100] train_loss: 8.7620, val_loss: 8.7779, lr: 0.007034, 10.46s
2026-05-25 19:47:05,258 - INFO - epoch complete!
2026-05-25 19:47:05,259 - INFO - evaluating now!
2026-05-25 19:47:05,287 - INFO - epoch complete!
2026-05-25 19:47:05,306 - INFO - evaluating now!
2026-05-25 19:47:06,178 - INFO - Epoch [11/100] train_loss: 8.7632, val_loss: 8.8340, lr: 0.006545, 10.55s
2026-05-25 19:47:06,178 - INFO - Epoch [11/100] train_loss: 8.7632, val_loss: 8.8340, lr: 0.006545, 10.55s
2026-05-25 19:47:15,782 - INFO - epoch complete!
2026-05-25 19:47:15,783 - INFO - evaluating now!
2026-05-25 19:47:15,831 - INFO - epoch complete!
2026-05-25 19:47:15,835 - INFO - evaluating now!
2026-05-25 19:47:16,723 - INFO - Epoch [12/100] train_loss: 8.7278, val_loss: 8.6670, lr: 0.006040, 10.54s
2026-05-25 19:47:16,723 - INFO - Epoch [12/100] train_loss: 8.7278, val_loss: 8.6670, lr: 0.006040, 10.54s
2026-05-25 19:47:26,292 - INFO - epoch complete!
2026-05-25 19:47:26,293 - INFO - evaluating now!
2026-05-25 19:47:26,294 - INFO - epoch complete!
2026-05-25 19:47:26,295 - INFO - evaluating now!
2026-05-25 19:47:27,185 - INFO - Epoch [13/100] train_loss: 8.7597, val_loss: 8.7469, lr: 0.005523, 10.46s
2026-05-25 19:47:27,185 - INFO - Epoch [13/100] train_loss: 8.7597, val_loss: 8.7469, lr: 0.005523, 10.46s
2026-05-25 19:47:36,987 - INFO - epoch complete!
2026-05-25 19:47:36,988 - INFO - evaluating now!
2026-05-25 19:47:36,989 - INFO - epoch complete!
2026-05-25 19:47:36,989 - INFO - evaluating now!
2026-05-25 19:47:37,867 - INFO - Epoch [14/100] train_loss: 8.7496, val_loss: 8.7844, lr: 0.005000, 10.68s
2026-05-25 19:47:37,867 - INFO - Epoch [14/100] train_loss: 8.7496, val_loss: 8.7844, lr: 0.005000, 10.68s
2026-05-25 19:47:47,401 - INFO - epoch complete!
2026-05-25 19:47:47,401 - INFO - evaluating now!
2026-05-25 19:47:47,401 - INFO - epoch complete!
2026-05-25 19:47:47,402 - INFO - evaluating now!
2026-05-25 19:47:48,304 - INFO - Epoch [15/100] train_loss: 8.7460, val_loss: 8.8091, lr: 0.004477, 10.44s
2026-05-25 19:47:48,304 - INFO - Epoch [15/100] train_loss: 8.7460, val_loss: 8.8091, lr: 0.004477, 10.44s
2026-05-25 19:47:57,891 - INFO - epoch complete!
2026-05-25 19:47:57,892 - INFO - evaluating now!
2026-05-25 19:47:57,906 - INFO - epoch complete!
2026-05-25 19:47:57,906 - INFO - evaluating now!
2026-05-25 19:47:58,789 - INFO - Epoch [16/100] train_loss: 8.7409, val_loss: 8.6726, lr: 0.003960, 10.48s
2026-05-25 19:47:58,789 - INFO - Epoch [16/100] train_loss: 8.7409, val_loss: 8.6726, lr: 0.003960, 10.48s
2026-05-25 19:48:08,410 - INFO - epoch complete!
2026-05-25 19:48:08,411 - INFO - evaluating now!
2026-05-25 19:48:08,465 - INFO - epoch complete!
2026-05-25 19:48:08,472 - INFO - evaluating now!
2026-05-25 19:48:09,387 - INFO - Epoch [17/100] train_loss: 8.7826, val_loss: 8.7316, lr: 0.003455, 10.60s
2026-05-25 19:48:09,387 - INFO - Epoch [17/100] train_loss: 8.7826, val_loss: 8.7316, lr: 0.003455, 10.60s
2026-05-25 19:48:18,977 - INFO - epoch complete!
2026-05-25 19:48:18,977 - INFO - evaluating now!
2026-05-25 19:48:19,032 - INFO - epoch complete!
2026-05-25 19:48:19,032 - INFO - evaluating now!
2026-05-25 19:48:19,913 - INFO - Epoch [18/100] train_loss: 8.7316, val_loss: 8.7058, lr: 0.002966, 10.53s
2026-05-25 19:48:19,913 - INFO - Epoch [18/100] train_loss: 8.7316, val_loss: 8.7058, lr: 0.002966, 10.53s
2026-05-25 19:48:29,566 - INFO - epoch complete!
2026-05-25 19:48:29,567 - INFO - evaluating now!
2026-05-25 19:48:29,567 - INFO - epoch complete!
2026-05-25 19:48:29,567 - INFO - evaluating now!
2026-05-25 19:48:30,454 - INFO - Epoch [19/100] train_loss: 8.7658, val_loss: 8.8042, lr: 0.002500, 10.54s
2026-05-25 19:48:30,454 - INFO - Epoch [19/100] train_loss: 8.7658, val_loss: 8.8042, lr: 0.002500, 10.54s
2026-05-25 19:48:40,211 - INFO - epoch complete!
2026-05-25 19:48:40,212 - INFO - evaluating now!
2026-05-25 19:48:40,212 - INFO - epoch complete!
2026-05-25 19:48:40,213 - INFO - evaluating now!
2026-05-25 19:48:41,112 - INFO - Epoch [20/100] train_loss: 8.7212, val_loss: 8.7256, lr: 0.002061, 10.66s
2026-05-25 19:48:41,112 - INFO - Epoch [20/100] train_loss: 8.7212, val_loss: 8.7256, lr: 0.002061, 10.66s
2026-05-25 19:48:50,897 - INFO - epoch complete!
2026-05-25 19:48:50,897 - INFO - epoch complete!
2026-05-25 19:48:50,898 - INFO - evaluating now!
2026-05-25 19:48:50,898 - INFO - evaluating now!
2026-05-25 19:48:51,793 - INFO - Epoch [21/100] train_loss: 8.7519, val_loss: 8.7637, lr: 0.001654, 10.68s
2026-05-25 19:48:51,794 - INFO - Epoch [21/100] train_loss: 8.7519, val_loss: 8.7637, lr: 0.001654, 10.68s
2026-05-25 19:49:01,388 - INFO - epoch complete!
2026-05-25 19:49:01,388 - INFO - evaluating now!
2026-05-25 19:49:01,403 - INFO - epoch complete!
2026-05-25 19:49:01,403 - INFO - evaluating now!
2026-05-25 19:49:02,299 - INFO - Epoch [22/100] train_loss: 8.7051, val_loss: 8.7491, lr: 0.001284, 10.51s
2026-05-25 19:49:02,299 - INFO - Epoch [22/100] train_loss: 8.7051, val_loss: 8.7491, lr: 0.001284, 10.50s
2026-05-25 19:49:11,860 - INFO - epoch complete!
2026-05-25 19:49:11,861 - INFO - evaluating now!
2026-05-25 19:49:11,862 - INFO - epoch complete!
2026-05-25 19:49:11,862 - INFO - evaluating now!
2026-05-25 19:49:12,753 - INFO - Epoch [23/100] train_loss: 8.7523, val_loss: 8.7650, lr: 0.000955, 10.45s
2026-05-25 19:49:12,753 - INFO - Epoch [23/100] train_loss: 8.7523, val_loss: 8.7650, lr: 0.000955, 10.45s
2026-05-25 19:49:22,689 - INFO - epoch complete!
2026-05-25 19:49:22,690 - INFO - evaluating now!
2026-05-25 19:49:22,703 - INFO - epoch complete!
2026-05-25 19:49:22,706 - INFO - evaluating now!
2026-05-25 19:49:23,602 - INFO - Epoch [24/100] train_loss: 8.7491, val_loss: 8.7938, lr: 0.000670, 10.85s
2026-05-25 19:49:23,602 - INFO - Epoch [24/100] train_loss: 8.7491, val_loss: 8.7938, lr: 0.000670, 10.85s
2026-05-25 19:49:33,295 - INFO - epoch complete!
2026-05-25 19:49:33,295 - INFO - epoch complete!
2026-05-25 19:49:33,296 - INFO - evaluating now!
2026-05-25 19:49:33,296 - INFO - evaluating now!
2026-05-25 19:49:34,192 - INFO - Epoch [25/100] train_loss: 8.7251, val_loss: 8.7732, lr: 0.000432, 10.59s
2026-05-25 19:49:34,192 - INFO - Epoch [25/100] train_loss: 8.7251, val_loss: 8.7732, lr: 0.000432, 10.59s
2026-05-25 19:49:43,890 - INFO - epoch complete!
2026-05-25 19:49:43,891 - INFO - evaluating now!
2026-05-25 19:49:43,900 - INFO - epoch complete!
2026-05-25 19:49:43,901 - INFO - evaluating now!
2026-05-25 19:49:44,798 - INFO - Epoch [26/100] train_loss: 8.7304, val_loss: 8.7361, lr: 0.000245, 10.61s
2026-05-25 19:49:44,797 - INFO - Epoch [26/100] train_loss: 8.7304, val_loss: 8.7361, lr: 0.000245, 10.61s
2026-05-25 19:49:54,460 - INFO - epoch complete!
2026-05-25 19:49:54,460 - INFO - epoch complete!
2026-05-25 19:49:54,461 - INFO - evaluating now!
2026-05-25 19:49:54,461 - INFO - evaluating now!
2026-05-25 19:49:55,347 - INFO - Epoch [27/100] train_loss: 8.7819, val_loss: 8.8182, lr: 0.000109, 10.55s
2026-05-25 19:49:55,347 - INFO - Epoch [27/100] train_loss: 8.7819, val_loss: 8.8182, lr: 0.000109, 10.55s
