2026-05-25 16:32:39,721 - INFO - Log directory: /home/lizhuoxuan/lzq/Bigscity-LibCity-master/outputs/20260525_163239__traffic_state_pred__new_fuzzy_3__PEMSD4/logs
2026-05-25 16:32:39,721 - INFO - Begin artifact training pipeline, task=traffic_state_pred, model_name=new_fuzzy_3, dataset_name=PEMSD4, exp_id=20260525_163239__traffic_state_pred__new_fuzzy_3__PEMSD4
2026-05-25 16:32:39,721 - INFO - {'task': 'traffic_state_pred', 'model': 'new_fuzzy_3', 'dataset': 'PEMSD4', 'saved_model': True, 'train': True, 'seed': 42, 'train_rate': 0.6, 'eval_rate': 0.2, 'batch_size': 64, 'learning_rate': 0.0005, 'max_epoch': 10, 'dataset_class': 'TrafficStatePointDataset', 'executor': 'DiffusionTrafficStateExecutor', 'evaluator': 'TrafficStateEvaluator', 'amp_dtype': 'bfloat16', 'beta_end': 0.01, 'beta_start': 0.0001, 'calculate_weight_adj': False, 'conservation_loss_weight': 0.1, 'conservation_steps_per_epoch': 80, 'conservation_warmup_epochs': 5, 'data_col': ['traffic_flow', 'traffic_occupancy', 'traffic_speed'], 'data_files': ['PEMSD4'], 'ddim_eta': 0, 'decoder_layers': 2, 'denoiser_layers': 2, 'device': device(type='cuda', index=0), 'diffusion_conservation_enabled': False, 'diffusion_schedule': 'linear', 'diffusion_steps': 50, 'disturb_rate': 0.5, 'dropout': 0.1, 'dyna': {'including_types': ['state'], 'state': {'entity_id': 'geo_id', 'traffic_flow': 'num', 'traffic_occupancy': 'num', 'traffic_speed': 'num'}}, 'encoder_layers': 2, 'eval_batch_size': 64, 'evaluator_mode': 'single', 'fcm_loss_weight': 0.01, 'fcm_steps_per_epoch': 80, 'fcm_warmup_epochs': 3, 'ffn_hidden_dim': 128, 'fuzzy_num_sets': 3, 'geo': {'including_types': ['Point'], 'Point': {}}, 'geo_file': 'PEMSD4', 'graph_k_hop': 2, 'hidden_dim': 64, 'init_weight_inf_or_zero': 'zero', 'is_distributed': True, 'metrics': ['MAE', 'MAPE', 'MSE', 'RMSE', 'masked_MAE', 'masked_MAPE', 'masked_MSE', 'masked_RMSE', 'R2', 'EVAR'], 'noise_SD': [10], 'noise_mean': [5], 'noise_type': 'gaussian', 'num_heads': 2, 'num_sampling_steps': 20, 'num_workers': 0, 'output_dim': 3, 'pad_with_last_sample': True, 'physics_channel_idx': 0, 'prediction_clamp_max': 3, 'prediction_clamp_min': -3, 'rank': 0, 'rel': {'including_types': ['geo'], 'geo': {'cost': 'num'}}, 'rel_file': 'PEMSD4', 'robustness_test': False, 'save_mode': ['csv'], 'scale_lr': False, 'set_weight_link_or_dist': 'link', 'time_intervals': 300, 'use_amp': True, 'use_diffusion': True, 'use_fuzzy_conservation': True, 'use_fuzzy_graph': True, 'use_gradient_checkpointing': False, 'use_spatiotemporal_attention': True, 'use_temporal_position_embedding': True, 'weight_adj_epsilon': 0.1, 'weight_col': 'cost', 'world_size': 4, 'clip_grad_norm': True, 'epoch': 0, 'gpu': True, 'gpu_id': 0, 'learner': 'adamw', 'load_best_epoch': True, 'log_every': 1, 'lr_decay': True, 'lr_decay_ratio': 0.5, 'lr_patience': 5, 'lr_scheduler': 'reducelronplateau', 'lr_threshold': 0.001, 'max_grad_norm': 3, 'patience': 30, 'train_loss': 'none', 'use_early_stop': True, 'weight_decay': 0.0001, 'data_version_id': 'dv_1779415392_efa48676', 'input_window': 12, 'output_window': 12, 'scaler': 'standard', 'load_external': False, 'normal_external': False, 'add_time_in_day': True, 'add_day_in_week': True, 'cache_dataset': True, 'ext_scaler': 'none', 'local_rank': 0, 'dist_backend': 'nccl', 'exp_id': '20260525_163239__traffic_state_pred__new_fuzzy_3__PEMSD4'}
2026-05-25 16:32:39,727 - INFO - Log directory: /home/lizhuoxuan/lzq/Bigscity-LibCity-master/outputs/20260525_163239__traffic_state_pred__new_fuzzy_3__PEMSD4/logs
2026-05-25 16:32:39,945 - INFO - Log directory: /home/lizhuoxuan/lzq/Bigscity-LibCity-master/outputs/20260525_163239__traffic_state_pred__new_fuzzy_3__PEMSD4/logs
2026-05-25 16:32:39,962 - INFO - Log directory: /home/lizhuoxuan/lzq/Bigscity-LibCity-master/outputs/20260525_163239__traffic_state_pred__new_fuzzy_3__PEMSD4/logs
2026-05-25 16:32:51,577 - INFO - Enable AMP training (dtype=bfloat16).
2026-05-25 16:32:51,577 - INFO - You select `adamw` optimizer.
2026-05-25 16:32:51,577 - INFO - Enable AMP training (dtype=bfloat16).
2026-05-25 16:32:51,577 - INFO - You select `adamw` optimizer.
2026-05-25 16:32:51,577 - INFO - You select `reducelronplateau` lr_scheduler.
2026-05-25 16:32:51,578 - WARNING - Received none train loss func and will use the loss func defined in the model.
2026-05-25 16:32:51,578 - INFO - You select `reducelronplateau` lr_scheduler.
2026-05-25 16:32:51,578 - WARNING - Received none train loss func and will use the loss func defined in the model.
2026-05-25 16:32:51,578 - INFO - Start training ...
2026-05-25 16:32:51,578 - INFO - num_batches:40
2026-05-25 16:32:51,578 - INFO - Start training ...
2026-05-25 16:32:51,578 - INFO - num_batches:40
2026-05-25 16:32:51,578 - INFO - Enable AMP training (dtype=bfloat16).
2026-05-25 16:32:51,578 - INFO - You select `adamw` optimizer.
2026-05-25 16:32:51,579 - INFO - You select `reducelronplateau` lr_scheduler.
2026-05-25 16:32:51,579 - WARNING - Received none train loss func and will use the loss func defined in the model.
2026-05-25 16:32:51,579 - INFO - Start training ...
2026-05-25 16:32:51,579 - INFO - num_batches:40
2026-05-25 16:32:51,579 - INFO - DistributedDataParallel(
  (module): NewFuzzy3(
    (diffusion): DiffusionScheduler()
    (fuzzy_graph): FuzzyRelationalGraphLearner(
      (raw_projection): Linear(in_features=3, out_features=64, bias=True)
      (feature_to_membership): Sequential(
        (0): Linear(in_features=64, out_features=32, bias=True)
        (1): GELU(approximate='none')
        (2): Linear(in_features=32, out_features=3, bias=True)
      )
    )
    (condition_encoder): STEncoder(
      (input_projection): Linear(in_features=3, out_features=64, bias=True)
      (blocks): ModuleList(
        (0-1): 2 x STEncoderBlock(
          (temporal_attention): MultiHeadAttention(
            (query_projection): Linear(in_features=64, out_features=64, bias=True)
            (key_projection): Linear(in_features=64, out_features=64, bias=True)
            (value_projection): Linear(in_features=64, out_features=64, bias=True)
            (output_projection): Linear(in_features=64, out_features=64, bias=True)
            (dropout): Dropout(p=0.1, inplace=False)
          )
          (graph_convolution): FuzzyGraphConvolution(
            (projections): ModuleList(
              (0-2): 3 x Linear(in_features=64, out_features=64, bias=True)
            )
          )
          (feed_forward): FeedForwardNetwork(
            (network): Sequential(
              (0): Linear(in_features=64, out_features=128, bias=True)
              (1): GELU(approximate='none')
              (2): Dropout(p=0.1, inplace=False)
              (3): Linear(in_features=128, out_features=64, bias=True)
              (4): Dropout(p=0.1, inplace=False)
            )
          )
          (norm_temporal): LayerNorm((64,), eps=1e-05, elementwise_affine=True)
          (norm_graph): LayerNorm((64,), eps=1e-05, elementwise_affine=True)
          (norm_ffn): LayerNorm((64,), eps=1e-05, elementwise_affine=True)
          (dropout): Dropout(p=0.1, inplace=False)
        )
      )
      (final_norm): LayerNorm((64,), eps=1e-05, elementwise_affine=True)
    )
    (denoiser): FuzzyGuidedDenoiser(
      (input_projection): Linear(in_features=3, out_features=64, bias=True)
      (time_embedding): SinusoidalTimeEmbedding()
      (time_projection): Sequential(
        (0): Linear(in_features=64, out_features=64, bias=True)
        (1): SiLU()
        (2): Linear(in_features=64, out_features=64, bias=True)
      )
      (condition_fusion): Linear(in_features=128, out_features=64, bias=True)
      (blocks): ModuleList(
        (0-1): 2 x DenoiserBlock(
          (temporal_attention): MultiHeadAttention(
            (query_projection): Linear(in_features=64, out_features=64, bias=True)
            (key_projection): Linear(in_features=64, out_features=64, bias=True)
            (value_projection): Linear(in_features=64, out_features=64, bias=True)
            (output_projection): Linear(in_features=64, out_features=64, bias=True)
            (dropout): Dropout(p=0.1, inplace=False)
          )
          (graph_convolution): FuzzyGraphConvolution(
            (projections): ModuleList(
              (0-2): 3 x Linear(in_features=64, out_features=64, bias=True)
            )
          )
          (cross_attention): MultiHeadAttention(
            (query_projection): Linear(in_features=64, out_features=64, bias=True)
            (key_projection): Linear(in_features=64, out_features=64, bias=True)
            (value_projection): Linear(in_features=64, out_features=64, bias=True)
            (output_projection): Linear(in_features=64, out_features=64, bias=True)
            (dropout): Dropout(p=0.1, inplace=False)
          )
          (spatiotemporal_attention): MultiHeadAttention(
            (query_projection): Linear(in_features=64, out_features=64, bias=True)
            (key_projection): Linear(in_features=64, out_features=64, bias=True)
            (value_projection): Linear(in_features=64, out_features=64, bias=True)
            (output_projection): Linear(in_features=64, out_features=64, bias=True)
            (dropout): Dropout(p=0.1, inplace=False)
          )
          (feed_forward): FeedForwardNetwork(
            (network): Sequential(
              (0): Linear(in_features=64, out_features=128, bias=True)
              (1): GELU(approximate='none')
              (2): Dropout(p=0.1, inplace=False)
              (3): Linear(in_features=128, out_features=64, bias=True)
              (4): Dropout(p=0.1, inplace=False)
            )
          )
          (norm_temporal): LayerNorm((64,), eps=1e-05, elementwise_affine=True)
          (norm_graph): LayerNorm((64,), eps=1e-05, elementwise_affine=True)
          (norm_cross): LayerNorm((64,), eps=1e-05, elementwise_affine=True)
          (norm_spatiotemporal): LayerNorm((64,), eps=1e-05, elementwise_affine=True)
          (norm_ffn): LayerNorm((64,), eps=1e-05, elementwise_affine=True)
          (dropout): Dropout(p=0.1, inplace=False)
          (time_scale_shift): Sequential(
            (0): SiLU()
            (1): Linear(in_features=64, out_features=128, bias=True)
          )
        )
      )
      (final_norm): LayerNorm((64,), eps=1e-05, elementwise_affine=True)
      (output_projection): Linear(in_features=64, out_features=3, bias=True)
    )
  )
)
2026-05-25 16:32:51,580 - INFO - module.fuzzy_graph.base_memberships	torch.Size([307, 3])	cuda:0	True
2026-05-25 16:32:51,580 - INFO - module.fuzzy_graph.fuzzy_prototypes	torch.Size([3, 64])	cuda:0	True
2026-05-25 16:32:51,581 - INFO - module.fuzzy_graph.blend_logit	torch.Size([])	cuda:0	True
2026-05-25 16:32:51,581 - INFO - module.fuzzy_graph.raw_projection.weight	torch.Size([64, 3])	cuda:0	True
2026-05-25 16:32:51,581 - INFO - module.fuzzy_graph.raw_projection.bias	torch.Size([64])	cuda:0	True
2026-05-25 16:32:51,581 - INFO - module.fuzzy_graph.feature_to_membership.0.weight	torch.Size([32, 64])	cuda:0	True
2026-05-25 16:32:51,581 - INFO - module.fuzzy_graph.feature_to_membership.0.bias	torch.Size([32])	cuda:0	True
2026-05-25 16:32:51,581 - INFO - module.fuzzy_graph.feature_to_membership.2.weight	torch.Size([3, 32])	cuda:0	True
2026-05-25 16:32:51,581 - INFO - module.fuzzy_graph.feature_to_membership.2.bias	torch.Size([3])	cuda:0	True
2026-05-25 16:32:51,581 - INFO - module.condition_encoder.temporal_position_embedding	torch.Size([1, 12, 1, 64])	cuda:0	True
2026-05-25 16:32:51,581 - INFO - module.condition_encoder.input_projection.weight	torch.Size([64, 3])	cuda:0	True
2026-05-25 16:32:51,581 - INFO - module.condition_encoder.input_projection.bias	torch.Size([64])	cuda:0	True
2026-05-25 16:32:51,581 - INFO - module.condition_encoder.blocks.0.temporal_attention.query_projection.weight	torch.Size([64, 64])	cuda:0	True
2026-05-25 16:32:51,581 - INFO - module.condition_encoder.blocks.0.temporal_attention.query_projection.bias	torch.Size([64])	cuda:0	True
2026-05-25 16:32:51,581 - INFO - module.condition_encoder.blocks.0.temporal_attention.key_projection.weight	torch.Size([64, 64])	cuda:0	True
2026-05-25 16:32:51,581 - INFO - module.condition_encoder.blocks.0.temporal_attention.key_projection.bias	torch.Size([64])	cuda:0	True
2026-05-25 16:32:51,581 - INFO - module.condition_encoder.blocks.0.temporal_attention.value_projection.weight	torch.Size([64, 64])	cuda:0	True
2026-05-25 16:32:51,581 - INFO - module.condition_encoder.blocks.0.temporal_attention.value_projection.bias	torch.Size([64])	cuda:0	True
2026-05-25 16:32:51,581 - INFO - module.condition_encoder.blocks.0.temporal_attention.output_projection.weight	torch.Size([64, 64])	cuda:0	True
2026-05-25 16:32:51,581 - INFO - module.condition_encoder.blocks.0.temporal_attention.output_projection.bias	torch.Size([64])	cuda:0	True
2026-05-25 16:32:51,581 - INFO - module.condition_encoder.blocks.0.graph_convolution.projections.0.weight	torch.Size([64, 64])	cuda:0	True
2026-05-25 16:32:51,581 - INFO - module.condition_encoder.blocks.0.graph_convolution.projections.0.bias	torch.Size([64])	cuda:0	True
2026-05-25 16:32:51,581 - INFO - module.condition_encoder.blocks.0.graph_convolution.projections.1.weight	torch.Size([64, 64])	cuda:0	True
2026-05-25 16:32:51,581 - INFO - module.condition_encoder.blocks.0.graph_convolution.projections.1.bias	torch.Size([64])	cuda:0	True
2026-05-25 16:32:51,581 - INFO - module.condition_encoder.blocks.0.graph_convolution.projections.2.weight	torch.Size([64, 64])	cuda:0	True
2026-05-25 16:32:51,582 - INFO - module.condition_encoder.blocks.0.graph_convolution.projections.2.bias	torch.Size([64])	cuda:0	True
2026-05-25 16:32:51,582 - INFO - module.condition_encoder.blocks.0.feed_forward.network.0.weight	torch.Size([128, 64])	cuda:0	True
2026-05-25 16:32:51,582 - INFO - module.condition_encoder.blocks.0.feed_forward.network.0.bias	torch.Size([128])	cuda:0	True
2026-05-25 16:32:51,582 - INFO - module.condition_encoder.blocks.0.feed_forward.network.3.weight	torch.Size([64, 128])	cuda:0	True
2026-05-25 16:32:51,582 - INFO - module.condition_encoder.blocks.0.feed_forward.network.3.bias	torch.Size([64])	cuda:0	True
2026-05-25 16:32:51,582 - INFO - module.condition_encoder.blocks.0.norm_temporal.weight	torch.Size([64])	cuda:0	True
2026-05-25 16:32:51,582 - INFO - module.condition_encoder.blocks.0.norm_temporal.bias	torch.Size([64])	cuda:0	True
2026-05-25 16:32:51,582 - INFO - module.condition_encoder.blocks.0.norm_graph.weight	torch.Size([64])	cuda:0	True
2026-05-25 16:32:51,582 - INFO - module.condition_encoder.blocks.0.norm_graph.bias	torch.Size([64])	cuda:0	True
2026-05-25 16:32:51,582 - INFO - module.condition_encoder.blocks.0.norm_ffn.weight	torch.Size([64])	cuda:0	True
2026-05-25 16:32:51,582 - INFO - module.condition_encoder.blocks.0.norm_ffn.bias	torch.Size([64])	cuda:0	True
2026-05-25 16:32:51,582 - INFO - module.condition_encoder.blocks.1.temporal_attention.query_projection.weight	torch.Size([64, 64])	cuda:0	True
2026-05-25 16:32:51,582 - INFO - module.condition_encoder.blocks.1.temporal_attention.query_projection.bias	torch.Size([64])	cuda:0	True
2026-05-25 16:32:51,582 - INFO - module.condition_encoder.blocks.1.temporal_attention.key_projection.weight	torch.Size([64, 64])	cuda:0	True
2026-05-25 16:32:51,582 - INFO - module.condition_encoder.blocks.1.temporal_attention.key_projection.bias	torch.Size([64])	cuda:0	True
2026-05-25 16:32:51,582 - INFO - module.condition_encoder.blocks.1.temporal_attention.value_projection.weight	torch.Size([64, 64])	cuda:0	True
2026-05-25 16:32:51,582 - INFO - module.condition_encoder.blocks.1.temporal_attention.value_projection.bias	torch.Size([64])	cuda:0	True
2026-05-25 16:32:51,582 - INFO - module.condition_encoder.blocks.1.temporal_attention.output_projection.weight	torch.Size([64, 64])	cuda:0	True
2026-05-25 16:32:51,582 - INFO - module.condition_encoder.blocks.1.temporal_attention.output_projection.bias	torch.Size([64])	cuda:0	True
2026-05-25 16:32:51,582 - INFO - module.condition_encoder.blocks.1.graph_convolution.projections.0.weight	torch.Size([64, 64])	cuda:0	True
2026-05-25 16:32:51,582 - INFO - module.condition_encoder.blocks.1.graph_convolution.projections.0.bias	torch.Size([64])	cuda:0	True
2026-05-25 16:32:51,582 - INFO - module.condition_encoder.blocks.1.graph_convolution.projections.1.weight	torch.Size([64, 64])	cuda:0	True
2026-05-25 16:32:51,582 - INFO - module.condition_encoder.blocks.1.graph_convolution.projections.1.bias	torch.Size([64])	cuda:0	True
2026-05-25 16:32:51,582 - INFO - module.condition_encoder.blocks.1.graph_convolution.projections.2.weight	torch.Size([64, 64])	cuda:0	True
2026-05-25 16:32:51,582 - INFO - module.condition_encoder.blocks.1.graph_convolution.projections.2.bias	torch.Size([64])	cuda:0	True
2026-05-25 16:32:51,583 - INFO - module.condition_encoder.blocks.1.feed_forward.network.0.weight	torch.Size([128, 64])	cuda:0	True
2026-05-25 16:32:51,583 - INFO - module.condition_encoder.blocks.1.feed_forward.network.0.bias	torch.Size([128])	cuda:0	True
2026-05-25 16:32:51,583 - INFO - module.condition_encoder.blocks.1.feed_forward.network.3.weight	torch.Size([64, 128])	cuda:0	True
2026-05-25 16:32:51,583 - INFO - module.condition_encoder.blocks.1.feed_forward.network.3.bias	torch.Size([64])	cuda:0	True
2026-05-25 16:32:51,583 - INFO - module.condition_encoder.blocks.1.norm_temporal.weight	torch.Size([64])	cuda:0	True
2026-05-25 16:32:51,583 - INFO - module.condition_encoder.blocks.1.norm_temporal.bias	torch.Size([64])	cuda:0	True
2026-05-25 16:32:51,583 - INFO - module.condition_encoder.blocks.1.norm_graph.weight	torch.Size([64])	cuda:0	True
2026-05-25 16:32:51,583 - INFO - module.condition_encoder.blocks.1.norm_graph.bias	torch.Size([64])	cuda:0	True
2026-05-25 16:32:51,583 - INFO - module.condition_encoder.blocks.1.norm_ffn.weight	torch.Size([64])	cuda:0	True
2026-05-25 16:32:51,583 - INFO - module.condition_encoder.blocks.1.norm_ffn.bias	torch.Size([64])	cuda:0	True
2026-05-25 16:32:51,583 - INFO - module.condition_encoder.final_norm.weight	torch.Size([64])	cuda:0	True
2026-05-25 16:32:51,583 - INFO - module.condition_encoder.final_norm.bias	torch.Size([64])	cuda:0	True
2026-05-25 16:32:51,583 - INFO - module.denoiser.future_position_embedding	torch.Size([1, 12, 1, 64])	cuda:0	True
2026-05-25 16:32:51,583 - INFO - module.denoiser.condition_temporal_weight	torch.Size([12])	cuda:0	True
2026-05-25 16:32:51,583 - INFO - module.denoiser.input_projection.weight	torch.Size([64, 3])	cuda:0	True
2026-05-25 16:32:51,583 - INFO - module.denoiser.input_projection.bias	torch.Size([64])	cuda:0	True
2026-05-25 16:32:51,583 - INFO - module.denoiser.time_projection.0.weight	torch.Size([64, 64])	cuda:0	True
2026-05-25 16:32:51,583 - INFO - module.denoiser.time_projection.0.bias	torch.Size([64])	cuda:0	True
2026-05-25 16:32:51,583 - INFO - module.denoiser.time_projection.2.weight	torch.Size([64, 64])	cuda:0	True
2026-05-25 16:32:51,583 - INFO - module.denoiser.time_projection.2.bias	torch.Size([64])	cuda:0	True
2026-05-25 16:32:51,583 - INFO - module.denoiser.condition_fusion.weight	torch.Size([64, 128])	cuda:0	True
2026-05-25 16:32:51,583 - INFO - module.denoiser.condition_fusion.bias	torch.Size([64])	cuda:0	True
2026-05-25 16:32:51,583 - INFO - module.denoiser.blocks.0.temporal_attention.query_projection.weight	torch.Size([64, 64])	cuda:0	True
2026-05-25 16:32:51,583 - INFO - module.denoiser.blocks.0.temporal_attention.query_projection.bias	torch.Size([64])	cuda:0	True
2026-05-25 16:32:51,583 - INFO - module.denoiser.blocks.0.temporal_attention.key_projection.weight	torch.Size([64, 64])	cuda:0	True
2026-05-25 16:32:51,584 - INFO - module.denoiser.blocks.0.temporal_attention.key_projection.bias	torch.Size([64])	cuda:0	True
2026-05-25 16:32:51,584 - INFO - module.denoiser.blocks.0.temporal_attention.value_projection.weight	torch.Size([64, 64])	cuda:0	True
2026-05-25 16:32:51,584 - INFO - module.denoiser.blocks.0.temporal_attention.value_projection.bias	torch.Size([64])	cuda:0	True
2026-05-25 16:32:51,584 - INFO - module.denoiser.blocks.0.temporal_attention.output_projection.weight	torch.Size([64, 64])	cuda:0	True
2026-05-25 16:32:51,584 - INFO - module.denoiser.blocks.0.temporal_attention.output_projection.bias	torch.Size([64])	cuda:0	True
2026-05-25 16:32:51,584 - INFO - module.denoiser.blocks.0.graph_convolution.projections.0.weight	torch.Size([64, 64])	cuda:0	True
2026-05-25 16:32:51,584 - INFO - module.denoiser.blocks.0.graph_convolution.projections.0.bias	torch.Size([64])	cuda:0	True
2026-05-25 16:32:51,584 - INFO - module.denoiser.blocks.0.graph_convolution.projections.1.weight	torch.Size([64, 64])	cuda:0	True
2026-05-25 16:32:51,584 - INFO - module.denoiser.blocks.0.graph_convolution.projections.1.bias	torch.Size([64])	cuda:0	True
2026-05-25 16:32:51,584 - INFO - module.denoiser.blocks.0.graph_convolution.projections.2.weight	torch.Size([64, 64])	cuda:0	True
2026-05-25 16:32:51,584 - INFO - module.denoiser.blocks.0.graph_convolution.projections.2.bias	torch.Size([64])	cuda:0	True
2026-05-25 16:32:51,584 - INFO - module.denoiser.blocks.0.cross_attention.query_projection.weight	torch.Size([64, 64])	cuda:0	True
2026-05-25 16:32:51,584 - INFO - module.denoiser.blocks.0.cross_attention.query_projection.bias	torch.Size([64])	cuda:0	True
2026-05-25 16:32:51,584 - INFO - module.denoiser.blocks.0.cross_attention.key_projection.weight	torch.Size([64, 64])	cuda:0	True
2026-05-25 16:32:51,584 - INFO - module.denoiser.blocks.0.cross_attention.key_projection.bias	torch.Size([64])	cuda:0	True
2026-05-25 16:32:51,584 - INFO - module.denoiser.blocks.0.cross_attention.value_projection.weight	torch.Size([64, 64])	cuda:0	True
2026-05-25 16:32:51,584 - INFO - module.denoiser.blocks.0.cross_attention.value_projection.bias	torch.Size([64])	cuda:0	True
2026-05-25 16:32:51,584 - INFO - module.denoiser.blocks.0.cross_attention.output_projection.weight	torch.Size([64, 64])	cuda:0	True
2026-05-25 16:32:51,584 - INFO - module.denoiser.blocks.0.cross_attention.output_projection.bias	torch.Size([64])	cuda:0	True
2026-05-25 16:32:51,584 - INFO - module.denoiser.blocks.0.spatiotemporal_attention.query_projection.weight	torch.Size([64, 64])	cuda:0	True
2026-05-25 16:32:51,584 - INFO - module.denoiser.blocks.0.spatiotemporal_attention.query_projection.bias	torch.Size([64])	cuda:0	True
2026-05-25 16:32:51,584 - INFO - module.denoiser.blocks.0.spatiotemporal_attention.key_projection.weight	torch.Size([64, 64])	cuda:0	True
2026-05-25 16:32:51,584 - INFO - module.denoiser.blocks.0.spatiotemporal_attention.key_projection.bias	torch.Size([64])	cuda:0	True
2026-05-25 16:32:51,584 - INFO - module.denoiser.blocks.0.spatiotemporal_attention.value_projection.weight	torch.Size([64, 64])	cuda:0	True
2026-05-25 16:32:51,584 - INFO - module.denoiser.blocks.0.spatiotemporal_attention.value_projection.bias	torch.Size([64])	cuda:0	True
2026-05-25 16:32:51,584 - INFO - module.denoiser.blocks.0.spatiotemporal_attention.output_projection.weight	torch.Size([64, 64])	cuda:0	True
2026-05-25 16:32:51,585 - INFO - module.denoiser.blocks.0.spatiotemporal_attention.output_projection.bias	torch.Size([64])	cuda:0	True
2026-05-25 16:32:51,585 - INFO - module.denoiser.blocks.0.feed_forward.network.0.weight	torch.Size([128, 64])	cuda:0	True
2026-05-25 16:32:51,585 - INFO - module.denoiser.blocks.0.feed_forward.network.0.bias	torch.Size([128])	cuda:0	True
2026-05-25 16:32:51,585 - INFO - module.denoiser.blocks.0.feed_forward.network.3.weight	torch.Size([64, 128])	cuda:0	True
2026-05-25 16:32:51,585 - INFO - module.denoiser.blocks.0.feed_forward.network.3.bias	torch.Size([64])	cuda:0	True
2026-05-25 16:32:51,585 - INFO - module.denoiser.blocks.0.norm_temporal.weight	torch.Size([64])	cuda:0	True
2026-05-25 16:32:51,585 - INFO - module.denoiser.blocks.0.norm_temporal.bias	torch.Size([64])	cuda:0	True
2026-05-25 16:32:51,585 - INFO - module.denoiser.blocks.0.norm_graph.weight	torch.Size([64])	cuda:0	True
2026-05-25 16:32:51,585 - INFO - module.denoiser.blocks.0.norm_graph.bias	torch.Size([64])	cuda:0	True
2026-05-25 16:32:51,585 - INFO - module.denoiser.blocks.0.norm_cross.weight	torch.Size([64])	cuda:0	True
2026-05-25 16:32:51,585 - INFO - module.denoiser.blocks.0.norm_cross.bias	torch.Size([64])	cuda:0	True
2026-05-25 16:32:51,585 - INFO - module.denoiser.blocks.0.norm_spatiotemporal.weight	torch.Size([64])	cuda:0	True
2026-05-25 16:32:51,585 - INFO - module.denoiser.blocks.0.norm_spatiotemporal.bias	torch.Size([64])	cuda:0	True
2026-05-25 16:32:51,585 - INFO - module.denoiser.blocks.0.norm_ffn.weight	torch.Size([64])	cuda:0	True
2026-05-25 16:32:51,585 - INFO - module.denoiser.blocks.0.norm_ffn.bias	torch.Size([64])	cuda:0	True
2026-05-25 16:32:51,585 - INFO - module.denoiser.blocks.0.time_scale_shift.1.weight	torch.Size([128, 64])	cuda:0	True
2026-05-25 16:32:51,585 - INFO - module.denoiser.blocks.0.time_scale_shift.1.bias	torch.Size([128])	cuda:0	True
2026-05-25 16:32:51,585 - INFO - module.denoiser.blocks.1.temporal_attention.query_projection.weight	torch.Size([64, 64])	cuda:0	True
2026-05-25 16:32:51,585 - INFO - module.denoiser.blocks.1.temporal_attention.query_projection.bias	torch.Size([64])	cuda:0	True
2026-05-25 16:32:51,585 - INFO - module.denoiser.blocks.1.temporal_attention.key_projection.weight	torch.Size([64, 64])	cuda:0	True
2026-05-25 16:32:51,585 - INFO - module.denoiser.blocks.1.temporal_attention.key_projection.bias	torch.Size([64])	cuda:0	True
2026-05-25 16:32:51,585 - INFO - module.denoiser.blocks.1.temporal_attention.value_projection.weight	torch.Size([64, 64])	cuda:0	True
2026-05-25 16:32:51,585 - INFO - module.denoiser.blocks.1.temporal_attention.value_projection.bias	torch.Size([64])	cuda:0	True
2026-05-25 16:32:51,585 - INFO - module.denoiser.blocks.1.temporal_attention.output_projection.weight	torch.Size([64, 64])	cuda:0	True
2026-05-25 16:32:51,586 - INFO - module.denoiser.blocks.1.temporal_attention.output_projection.bias	torch.Size([64])	cuda:0	True
2026-05-25 16:32:51,586 - INFO - module.denoiser.blocks.1.graph_convolution.projections.0.weight	torch.Size([64, 64])	cuda:0	True
2026-05-25 16:32:51,586 - INFO - module.denoiser.blocks.1.graph_convolution.projections.0.bias	torch.Size([64])	cuda:0	True
2026-05-25 16:32:51,586 - INFO - module.denoiser.blocks.1.graph_convolution.projections.1.weight	torch.Size([64, 64])	cuda:0	True
2026-05-25 16:32:51,586 - INFO - module.denoiser.blocks.1.graph_convolution.projections.1.bias	torch.Size([64])	cuda:0	True
2026-05-25 16:32:51,586 - INFO - module.denoiser.blocks.1.graph_convolution.projections.2.weight	torch.Size([64, 64])	cuda:0	True
2026-05-25 16:32:51,586 - INFO - module.denoiser.blocks.1.graph_convolution.projections.2.bias	torch.Size([64])	cuda:0	True
2026-05-25 16:32:51,586 - INFO - module.denoiser.blocks.1.cross_attention.query_projection.weight	torch.Size([64, 64])	cuda:0	True
2026-05-25 16:32:51,586 - INFO - module.denoiser.blocks.1.cross_attention.query_projection.bias	torch.Size([64])	cuda:0	True
2026-05-25 16:32:51,586 - INFO - module.denoiser.blocks.1.cross_attention.key_projection.weight	torch.Size([64, 64])	cuda:0	True
2026-05-25 16:32:51,586 - INFO - module.denoiser.blocks.1.cross_attention.key_projection.bias	torch.Size([64])	cuda:0	True
2026-05-25 16:32:51,586 - INFO - module.denoiser.blocks.1.cross_attention.value_projection.weight	torch.Size([64, 64])	cuda:0	True
2026-05-25 16:32:51,586 - INFO - module.denoiser.blocks.1.cross_attention.value_projection.bias	torch.Size([64])	cuda:0	True
2026-05-25 16:32:51,586 - INFO - module.denoiser.blocks.1.cross_attention.output_projection.weight	torch.Size([64, 64])	cuda:0	True
2026-05-25 16:32:51,586 - INFO - module.denoiser.blocks.1.cross_attention.output_projection.bias	torch.Size([64])	cuda:0	True
2026-05-25 16:32:51,586 - INFO - module.denoiser.blocks.1.spatiotemporal_attention.query_projection.weight	torch.Size([64, 64])	cuda:0	True
2026-05-25 16:32:51,586 - INFO - module.denoiser.blocks.1.spatiotemporal_attention.query_projection.bias	torch.Size([64])	cuda:0	True
2026-05-25 16:32:51,586 - INFO - module.denoiser.blocks.1.spatiotemporal_attention.key_projection.weight	torch.Size([64, 64])	cuda:0	True
2026-05-25 16:32:51,586 - INFO - module.denoiser.blocks.1.spatiotemporal_attention.key_projection.bias	torch.Size([64])	cuda:0	True
2026-05-25 16:32:51,586 - INFO - module.denoiser.blocks.1.spatiotemporal_attention.value_projection.weight	torch.Size([64, 64])	cuda:0	True
2026-05-25 16:32:51,586 - INFO - module.denoiser.blocks.1.spatiotemporal_attention.value_projection.bias	torch.Size([64])	cuda:0	True
2026-05-25 16:32:51,586 - INFO - module.denoiser.blocks.1.spatiotemporal_attention.output_projection.weight	torch.Size([64, 64])	cuda:0	True
2026-05-25 16:32:51,586 - INFO - module.denoiser.blocks.1.spatiotemporal_attention.output_projection.bias	torch.Size([64])	cuda:0	True
2026-05-25 16:32:51,586 - INFO - module.denoiser.blocks.1.feed_forward.network.0.weight	torch.Size([128, 64])	cuda:0	True
2026-05-25 16:32:51,586 - INFO - module.denoiser.blocks.1.feed_forward.network.0.bias	torch.Size([128])	cuda:0	True
2026-05-25 16:32:51,587 - INFO - module.denoiser.blocks.1.feed_forward.network.3.weight	torch.Size([64, 128])	cuda:0	True
2026-05-25 16:32:51,587 - INFO - module.denoiser.blocks.1.feed_forward.network.3.bias	torch.Size([64])	cuda:0	True
2026-05-25 16:32:51,587 - INFO - module.denoiser.blocks.1.norm_temporal.weight	torch.Size([64])	cuda:0	True
2026-05-25 16:32:51,587 - INFO - module.denoiser.blocks.1.norm_temporal.bias	torch.Size([64])	cuda:0	True
2026-05-25 16:32:51,587 - INFO - module.denoiser.blocks.1.norm_graph.weight	torch.Size([64])	cuda:0	True
2026-05-25 16:32:51,587 - INFO - module.denoiser.blocks.1.norm_graph.bias	torch.Size([64])	cuda:0	True
2026-05-25 16:32:51,587 - INFO - module.denoiser.blocks.1.norm_cross.weight	torch.Size([64])	cuda:0	True
2026-05-25 16:32:51,587 - INFO - module.denoiser.blocks.1.norm_cross.bias	torch.Size([64])	cuda:0	True
2026-05-25 16:32:51,587 - INFO - module.denoiser.blocks.1.norm_spatiotemporal.weight	torch.Size([64])	cuda:0	True
2026-05-25 16:32:51,587 - INFO - module.denoiser.blocks.1.norm_spatiotemporal.bias	torch.Size([64])	cuda:0	True
2026-05-25 16:32:51,587 - INFO - module.denoiser.blocks.1.norm_ffn.weight	torch.Size([64])	cuda:0	True
2026-05-25 16:32:51,587 - INFO - module.denoiser.blocks.1.norm_ffn.bias	torch.Size([64])	cuda:0	True
2026-05-25 16:32:51,587 - INFO - module.denoiser.blocks.1.time_scale_shift.1.weight	torch.Size([128, 64])	cuda:0	True
2026-05-25 16:32:51,587 - INFO - module.denoiser.blocks.1.time_scale_shift.1.bias	torch.Size([128])	cuda:0	True
2026-05-25 16:32:51,587 - INFO - module.denoiser.final_norm.weight	torch.Size([64])	cuda:0	True
2026-05-25 16:32:51,587 - INFO - module.denoiser.final_norm.bias	torch.Size([64])	cuda:0	True
2026-05-25 16:32:51,587 - INFO - module.denoiser.output_projection.weight	torch.Size([3, 64])	cuda:0	True
2026-05-25 16:32:51,587 - INFO - module.denoiser.output_projection.bias	torch.Size([3])	cuda:0	True
2026-05-25 16:32:51,588 - INFO - Total parameter numbers: 290668
2026-05-25 16:32:51,588 - INFO - Enable AMP training (dtype=bfloat16).
2026-05-25 16:32:51,588 - INFO - You select `adamw` optimizer.
2026-05-25 16:32:51,589 - INFO - You select `reducelronplateau` lr_scheduler.
2026-05-25 16:32:51,589 - WARNING - Received none train loss func and will use the loss func defined in the model.
2026-05-25 16:32:51,589 - INFO - Start training ...
2026-05-25 16:32:51,589 - INFO - num_batches:40
2026-05-25 16:32:57,888 - INFO - epoch complete!
2026-05-25 16:32:57,888 - INFO - evaluating now!
2026-05-25 16:32:57,894 - INFO - epoch complete!
2026-05-25 16:32:57,894 - INFO - evaluating now!
2026-05-25 16:32:57,894 - INFO - epoch complete!
2026-05-25 16:32:57,895 - INFO - evaluating now!
2026-05-25 16:32:57,896 - INFO - epoch complete!
2026-05-25 16:32:57,896 - INFO - evaluating now!
2026-05-25 16:32:58,446 - INFO - Epoch [0/10] train_loss: 9.1241, val_loss: 8.6922, lr: 0.000500, 6.87s
2026-05-25 16:32:58,446 - INFO - Epoch [0/10] train_loss: 9.1237, val_loss: 8.6922, lr: 0.000500, 6.87s
2026-05-25 16:32:58,446 - INFO - Epoch [0/10] train_loss: 9.1235, val_loss: 8.6922, lr: 0.000500, 6.87s
2026-05-25 16:32:58,446 - INFO - Epoch [0/10] train_loss: 9.1223, val_loss: 8.6922, lr: 0.000500, 6.86s
2026-05-25 16:32:58,482 - INFO - Saved model at 0
2026-05-25 16:32:58,482 - INFO - Saved model at 0
2026-05-25 16:32:58,482 - INFO - Val loss decrease from inf to 8.6922, saving to /home/lizhuoxuan/lzq/Bigscity-LibCity-master/outputs/20260525_163239__traffic_state_pred__new_fuzzy_3__PEMSD4/model_cache/new_fuzzy_3_PEMSD4_epoch0.tar
2026-05-25 16:32:58,482 - INFO - Val loss decrease from inf to 8.6922, saving to /home/lizhuoxuan/lzq/Bigscity-LibCity-master/outputs/20260525_163239__traffic_state_pred__new_fuzzy_3__PEMSD4/model_cache/new_fuzzy_3_PEMSD4_epoch0.tar
2026-05-25 16:32:58,484 - INFO - Saved model at 0
2026-05-25 16:32:58,484 - INFO - Val loss decrease from inf to 8.6922, saving to /home/lizhuoxuan/lzq/Bigscity-LibCity-master/outputs/20260525_163239__traffic_state_pred__new_fuzzy_3__PEMSD4/model_cache/new_fuzzy_3_PEMSD4_epoch0.tar
2026-05-25 16:32:58,575 - INFO - Saved model at 0
2026-05-25 16:32:58,575 - INFO - Val loss decrease from inf to 8.6922, saving to /home/lizhuoxuan/lzq/Bigscity-LibCity-master/outputs/20260525_163239__traffic_state_pred__new_fuzzy_3__PEMSD4/model_cache/new_fuzzy_3_PEMSD4_epoch0.tar
2026-05-25 16:33:03,961 - INFO - epoch complete!
2026-05-25 16:33:03,961 - INFO - evaluating now!
2026-05-25 16:33:03,966 - INFO - epoch complete!
2026-05-25 16:33:03,966 - INFO - evaluating now!
2026-05-25 16:33:03,966 - INFO - epoch complete!
2026-05-25 16:33:03,966 - INFO - evaluating now!
2026-05-25 16:33:03,967 - INFO - epoch complete!
2026-05-25 16:33:03,968 - INFO - evaluating now!
2026-05-25 16:33:04,518 - INFO - Epoch [1/10] train_loss: 8.7842, val_loss: 8.7113, lr: 0.000500, 6.04s
2026-05-25 16:33:04,518 - INFO - Epoch [1/10] train_loss: 8.7841, val_loss: 8.7113, lr: 0.000500, 5.94s
2026-05-25 16:33:04,518 - INFO - Epoch [1/10] train_loss: 8.7841, val_loss: 8.7113, lr: 0.000500, 6.04s
2026-05-25 16:33:04,518 - INFO - Epoch [1/10] train_loss: 8.7842, val_loss: 8.7113, lr: 0.000500, 6.03s
2026-05-25 16:33:09,908 - INFO - epoch complete!
2026-05-25 16:33:09,908 - INFO - evaluating now!
2026-05-25 16:33:09,914 - INFO - epoch complete!
2026-05-25 16:33:09,914 - INFO - evaluating now!
2026-05-25 16:33:09,919 - INFO - epoch complete!
2026-05-25 16:33:09,919 - INFO - evaluating now!
2026-05-25 16:33:09,919 - INFO - epoch complete!
2026-05-25 16:33:09,919 - INFO - evaluating now!
2026-05-25 16:33:10,476 - INFO - Epoch [2/10] train_loss: 8.5598, val_loss: 7.5476, lr: 0.000500, 5.96s
2026-05-25 16:33:10,476 - INFO - Epoch [2/10] train_loss: 8.5585, val_loss: 7.5476, lr: 0.000500, 5.96s
2026-05-25 16:33:10,476 - INFO - Epoch [2/10] train_loss: 8.5576, val_loss: 7.5476, lr: 0.000500, 5.96s
2026-05-25 16:33:10,476 - INFO - Epoch [2/10] train_loss: 8.5622, val_loss: 7.5476, lr: 0.000500, 5.96s
2026-05-25 16:33:10,595 - INFO - Saved model at 2
2026-05-25 16:33:10,595 - INFO - Saved model at 2
2026-05-25 16:33:10,595 - INFO - Val loss decrease from 8.6922 to 7.5476, saving to /home/lizhuoxuan/lzq/Bigscity-LibCity-master/outputs/20260525_163239__traffic_state_pred__new_fuzzy_3__PEMSD4/model_cache/new_fuzzy_3_PEMSD4_epoch2.tar
2026-05-25 16:33:10,595 - INFO - Val loss decrease from 8.6922 to 7.5476, saving to /home/lizhuoxuan/lzq/Bigscity-LibCity-master/outputs/20260525_163239__traffic_state_pred__new_fuzzy_3__PEMSD4/model_cache/new_fuzzy_3_PEMSD4_epoch2.tar
2026-05-25 16:33:10,614 - INFO - Saved model at 2
2026-05-25 16:33:10,614 - INFO - Saved model at 2
2026-05-25 16:33:10,614 - INFO - Val loss decrease from 8.6922 to 7.5476, saving to /home/lizhuoxuan/lzq/Bigscity-LibCity-master/outputs/20260525_163239__traffic_state_pred__new_fuzzy_3__PEMSD4/model_cache/new_fuzzy_3_PEMSD4_epoch2.tar
2026-05-25 16:33:10,615 - INFO - Val loss decrease from 8.6922 to 7.5476, saving to /home/lizhuoxuan/lzq/Bigscity-LibCity-master/outputs/20260525_163239__traffic_state_pred__new_fuzzy_3__PEMSD4/model_cache/new_fuzzy_3_PEMSD4_epoch2.tar
2026-05-25 16:33:16,025 - INFO - epoch complete!
2026-05-25 16:33:16,025 - INFO - evaluating now!
2026-05-25 16:33:16,031 - INFO - epoch complete!
2026-05-25 16:33:16,031 - INFO - evaluating now!
2026-05-25 16:33:16,033 - INFO - epoch complete!
2026-05-25 16:33:16,033 - INFO - evaluating now!
2026-05-25 16:33:16,033 - INFO - epoch complete!
2026-05-25 16:33:16,033 - INFO - evaluating now!
2026-05-25 16:33:16,585 - INFO - Epoch [3/10] train_loss: 6.6308, val_loss: 6.1632, lr: 0.000500, 5.99s
2026-05-25 16:33:16,585 - INFO - Epoch [3/10] train_loss: 6.6286, val_loss: 6.1632, lr: 0.000500, 5.97s
2026-05-25 16:33:16,585 - INFO - Epoch [3/10] train_loss: 6.6323, val_loss: 6.1632, lr: 0.000500, 5.99s
2026-05-25 16:33:16,585 - INFO - Epoch [3/10] train_loss: 6.6320, val_loss: 6.1632, lr: 0.000500, 5.97s
2026-05-25 16:33:16,619 - INFO - Saved model at 3
2026-05-25 16:33:16,619 - INFO - Saved model at 3
2026-05-25 16:33:16,619 - INFO - Saved model at 3
2026-05-25 16:33:16,619 - INFO - Saved model at 3
2026-05-25 16:33:16,619 - INFO - Val loss decrease from 7.5476 to 6.1632, saving to /home/lizhuoxuan/lzq/Bigscity-LibCity-master/outputs/20260525_163239__traffic_state_pred__new_fuzzy_3__PEMSD4/model_cache/new_fuzzy_3_PEMSD4_epoch3.tar
2026-05-25 16:33:16,619 - INFO - Val loss decrease from 7.5476 to 6.1632, saving to /home/lizhuoxuan/lzq/Bigscity-LibCity-master/outputs/20260525_163239__traffic_state_pred__new_fuzzy_3__PEMSD4/model_cache/new_fuzzy_3_PEMSD4_epoch3.tar
2026-05-25 16:33:16,619 - INFO - Val loss decrease from 7.5476 to 6.1632, saving to /home/lizhuoxuan/lzq/Bigscity-LibCity-master/outputs/20260525_163239__traffic_state_pred__new_fuzzy_3__PEMSD4/model_cache/new_fuzzy_3_PEMSD4_epoch3.tar
2026-05-25 16:33:16,619 - INFO - Val loss decrease from 7.5476 to 6.1632, saving to /home/lizhuoxuan/lzq/Bigscity-LibCity-master/outputs/20260525_163239__traffic_state_pred__new_fuzzy_3__PEMSD4/model_cache/new_fuzzy_3_PEMSD4_epoch3.tar
2026-05-25 16:33:22,014 - INFO - epoch complete!
2026-05-25 16:33:22,014 - INFO - epoch complete!
2026-05-25 16:33:22,015 - INFO - evaluating now!
2026-05-25 16:33:22,015 - INFO - evaluating now!
2026-05-25 16:33:22,014 - INFO - epoch complete!
2026-05-25 16:33:22,015 - INFO - evaluating now!
2026-05-25 16:33:22,015 - INFO - epoch complete!
2026-05-25 16:33:22,016 - INFO - evaluating now!
2026-05-25 16:33:22,570 - INFO - Epoch [4/10] train_loss: 5.4964, val_loss: 4.4302, lr: 0.000500, 5.95s
2026-05-25 16:33:22,570 - INFO - Epoch [4/10] train_loss: 5.4938, val_loss: 4.4302, lr: 0.000500, 5.95s
2026-05-25 16:33:22,570 - INFO - Epoch [4/10] train_loss: 5.4907, val_loss: 4.4302, lr: 0.000500, 5.95s
2026-05-25 16:33:22,570 - INFO - Epoch [4/10] train_loss: 5.4959, val_loss: 4.4302, lr: 0.000500, 5.95s
2026-05-25 16:33:22,605 - INFO - Saved model at 4
2026-05-25 16:33:22,605 - INFO - Saved model at 4
2026-05-25 16:33:22,605 - INFO - Saved model at 4
2026-05-25 16:33:22,605 - INFO - Saved model at 4
2026-05-25 16:33:22,605 - INFO - Val loss decrease from 6.1632 to 4.4302, saving to /home/lizhuoxuan/lzq/Bigscity-LibCity-master/outputs/20260525_163239__traffic_state_pred__new_fuzzy_3__PEMSD4/model_cache/new_fuzzy_3_PEMSD4_epoch4.tar
2026-05-25 16:33:22,605 - INFO - Val loss decrease from 6.1632 to 4.4302, saving to /home/lizhuoxuan/lzq/Bigscity-LibCity-master/outputs/20260525_163239__traffic_state_pred__new_fuzzy_3__PEMSD4/model_cache/new_fuzzy_3_PEMSD4_epoch4.tar
2026-05-25 16:33:22,605 - INFO - Val loss decrease from 6.1632 to 4.4302, saving to /home/lizhuoxuan/lzq/Bigscity-LibCity-master/outputs/20260525_163239__traffic_state_pred__new_fuzzy_3__PEMSD4/model_cache/new_fuzzy_3_PEMSD4_epoch4.tar
2026-05-25 16:33:22,605 - INFO - Val loss decrease from 6.1632 to 4.4302, saving to /home/lizhuoxuan/lzq/Bigscity-LibCity-master/outputs/20260525_163239__traffic_state_pred__new_fuzzy_3__PEMSD4/model_cache/new_fuzzy_3_PEMSD4_epoch4.tar
2026-05-25 16:33:28,016 - INFO - epoch complete!
2026-05-25 16:33:28,016 - INFO - evaluating now!
2026-05-25 16:33:28,016 - INFO - epoch complete!
2026-05-25 16:33:28,017 - INFO - evaluating now!
2026-05-25 16:33:28,018 - INFO - epoch complete!
2026-05-25 16:33:28,019 - INFO - evaluating now!
2026-05-25 16:33:28,021 - INFO - epoch complete!
2026-05-25 16:33:28,021 - INFO - evaluating now!
2026-05-25 16:33:28,573 - INFO - Epoch [5/10] train_loss: 4.4826, val_loss: 4.0664, lr: 0.000500, 5.97s
2026-05-25 16:33:28,573 - INFO - Epoch [5/10] train_loss: 4.4740, val_loss: 4.0664, lr: 0.000500, 5.97s
2026-05-25 16:33:28,573 - INFO - Epoch [5/10] train_loss: 4.4892, val_loss: 4.0664, lr: 0.000500, 5.97s
2026-05-25 16:33:28,573 - INFO - Epoch [5/10] train_loss: 4.4929, val_loss: 4.0664, lr: 0.000500, 5.97s
2026-05-25 16:33:28,610 - INFO - Saved model at 5
2026-05-25 16:33:28,610 - INFO - Saved model at 5
2026-05-25 16:33:28,610 - INFO - Saved model at 5
2026-05-25 16:33:28,610 - INFO - Saved model at 5
2026-05-25 16:33:28,610 - INFO - Val loss decrease from 4.4302 to 4.0664, saving to /home/lizhuoxuan/lzq/Bigscity-LibCity-master/outputs/20260525_163239__traffic_state_pred__new_fuzzy_3__PEMSD4/model_cache/new_fuzzy_3_PEMSD4_epoch5.tar
2026-05-25 16:33:28,610 - INFO - Val loss decrease from 4.4302 to 4.0664, saving to /home/lizhuoxuan/lzq/Bigscity-LibCity-master/outputs/20260525_163239__traffic_state_pred__new_fuzzy_3__PEMSD4/model_cache/new_fuzzy_3_PEMSD4_epoch5.tar
2026-05-25 16:33:28,610 - INFO - Val loss decrease from 4.4302 to 4.0664, saving to /home/lizhuoxuan/lzq/Bigscity-LibCity-master/outputs/20260525_163239__traffic_state_pred__new_fuzzy_3__PEMSD4/model_cache/new_fuzzy_3_PEMSD4_epoch5.tar
2026-05-25 16:33:28,610 - INFO - Val loss decrease from 4.4302 to 4.0664, saving to /home/lizhuoxuan/lzq/Bigscity-LibCity-master/outputs/20260525_163239__traffic_state_pred__new_fuzzy_3__PEMSD4/model_cache/new_fuzzy_3_PEMSD4_epoch5.tar
2026-05-25 16:33:34,015 - INFO - epoch complete!
2026-05-25 16:33:34,016 - INFO - evaluating now!
2026-05-25 16:33:34,022 - INFO - epoch complete!
2026-05-25 16:33:34,023 - INFO - evaluating now!
2026-05-25 16:33:34,023 - INFO - epoch complete!
2026-05-25 16:33:34,023 - INFO - evaluating now!
2026-05-25 16:33:34,024 - INFO - epoch complete!
2026-05-25 16:33:34,024 - INFO - evaluating now!
2026-05-25 16:33:34,581 - INFO - Epoch [6/10] train_loss: 3.8543, val_loss: 3.5379, lr: 0.000500, 5.97s
2026-05-25 16:33:34,581 - INFO - Epoch [6/10] train_loss: 3.8642, val_loss: 3.5379, lr: 0.000500, 5.97s
2026-05-25 16:33:34,581 - INFO - Epoch [6/10] train_loss: 3.8649, val_loss: 3.5379, lr: 0.000500, 5.97s
2026-05-25 16:33:34,581 - INFO - Epoch [6/10] train_loss: 3.8689, val_loss: 3.5379, lr: 0.000500, 5.97s
2026-05-25 16:33:34,674 - INFO - Saved model at 6
2026-05-25 16:33:34,674 - INFO - Saved model at 6
2026-05-25 16:33:34,674 - INFO - Saved model at 6
2026-05-25 16:33:34,674 - INFO - Saved model at 6
2026-05-25 16:33:34,674 - INFO - Val loss decrease from 4.0664 to 3.5379, saving to /home/lizhuoxuan/lzq/Bigscity-LibCity-master/outputs/20260525_163239__traffic_state_pred__new_fuzzy_3__PEMSD4/model_cache/new_fuzzy_3_PEMSD4_epoch6.tar
2026-05-25 16:33:34,674 - INFO - Val loss decrease from 4.0664 to 3.5379, saving to /home/lizhuoxuan/lzq/Bigscity-LibCity-master/outputs/20260525_163239__traffic_state_pred__new_fuzzy_3__PEMSD4/model_cache/new_fuzzy_3_PEMSD4_epoch6.tar
2026-05-25 16:33:34,674 - INFO - Val loss decrease from 4.0664 to 3.5379, saving to /home/lizhuoxuan/lzq/Bigscity-LibCity-master/outputs/20260525_163239__traffic_state_pred__new_fuzzy_3__PEMSD4/model_cache/new_fuzzy_3_PEMSD4_epoch6.tar
2026-05-25 16:33:34,674 - INFO - Val loss decrease from 4.0664 to 3.5379, saving to /home/lizhuoxuan/lzq/Bigscity-LibCity-master/outputs/20260525_163239__traffic_state_pred__new_fuzzy_3__PEMSD4/model_cache/new_fuzzy_3_PEMSD4_epoch6.tar
2026-05-25 16:33:40,050 - INFO - epoch complete!
2026-05-25 16:33:40,050 - INFO - evaluating now!
2026-05-25 16:33:40,056 - INFO - epoch complete!
2026-05-25 16:33:40,056 - INFO - evaluating now!
2026-05-25 16:33:40,058 - INFO - epoch complete!
2026-05-25 16:33:40,059 - INFO - evaluating now!
2026-05-25 16:33:40,058 - INFO - epoch complete!
2026-05-25 16:33:40,059 - INFO - evaluating now!
2026-05-25 16:33:40,614 - INFO - Epoch [7/10] train_loss: 3.5254, val_loss: 2.8944, lr: 0.000500, 5.94s
2026-05-25 16:33:40,614 - INFO - Epoch [7/10] train_loss: 3.5265, val_loss: 2.8944, lr: 0.000500, 5.94s
2026-05-25 16:33:40,614 - INFO - Epoch [7/10] train_loss: 3.5276, val_loss: 2.8944, lr: 0.000500, 5.94s
2026-05-25 16:33:40,614 - INFO - Epoch [7/10] train_loss: 3.5325, val_loss: 2.8944, lr: 0.000500, 5.94s
2026-05-25 16:33:40,675 - INFO - Saved model at 7
2026-05-25 16:33:40,675 - INFO - Val loss decrease from 3.5379 to 2.8944, saving to /home/lizhuoxuan/lzq/Bigscity-LibCity-master/outputs/20260525_163239__traffic_state_pred__new_fuzzy_3__PEMSD4/model_cache/new_fuzzy_3_PEMSD4_epoch7.tar
2026-05-25 16:33:40,676 - INFO - Saved model at 7
2026-05-25 16:33:40,676 - INFO - Val loss decrease from 3.5379 to 2.8944, saving to /home/lizhuoxuan/lzq/Bigscity-LibCity-master/outputs/20260525_163239__traffic_state_pred__new_fuzzy_3__PEMSD4/model_cache/new_fuzzy_3_PEMSD4_epoch7.tar
2026-05-25 16:33:40,682 - INFO - Saved model at 7
2026-05-25 16:33:40,682 - INFO - Val loss decrease from 3.5379 to 2.8944, saving to /home/lizhuoxuan/lzq/Bigscity-LibCity-master/outputs/20260525_163239__traffic_state_pred__new_fuzzy_3__PEMSD4/model_cache/new_fuzzy_3_PEMSD4_epoch7.tar
2026-05-25 16:33:40,684 - INFO - Saved model at 7
2026-05-25 16:33:40,685 - INFO - Val loss decrease from 3.5379 to 2.8944, saving to /home/lizhuoxuan/lzq/Bigscity-LibCity-master/outputs/20260525_163239__traffic_state_pred__new_fuzzy_3__PEMSD4/model_cache/new_fuzzy_3_PEMSD4_epoch7.tar
2026-05-25 16:33:46,114 - INFO - epoch complete!
2026-05-25 16:33:46,114 - INFO - evaluating now!
2026-05-25 16:33:46,120 - INFO - epoch complete!
2026-05-25 16:33:46,121 - INFO - evaluating now!
2026-05-25 16:33:46,122 - INFO - epoch complete!
2026-05-25 16:33:46,123 - INFO - evaluating now!
2026-05-25 16:33:46,123 - INFO - epoch complete!
2026-05-25 16:33:46,123 - INFO - evaluating now!
2026-05-25 16:33:46,683 - INFO - Epoch [8/10] train_loss: 3.2289, val_loss: 2.8547, lr: 0.000500, 6.00s
2026-05-25 16:33:46,683 - INFO - Epoch [8/10] train_loss: 3.2036, val_loss: 2.8547, lr: 0.000500, 6.01s
2026-05-25 16:33:46,683 - INFO - Epoch [8/10] train_loss: 3.1995, val_loss: 2.8547, lr: 0.000500, 6.00s
2026-05-25 16:33:46,683 - INFO - Epoch [8/10] train_loss: 3.2254, val_loss: 2.8547, lr: 0.000500, 6.01s
2026-05-25 16:33:46,717 - INFO - Saved model at 8
2026-05-25 16:33:46,717 - INFO - Saved model at 8
2026-05-25 16:33:46,717 - INFO - Saved model at 8
2026-05-25 16:33:46,717 - INFO - Saved model at 8
2026-05-25 16:33:46,718 - INFO - Val loss decrease from 2.8944 to 2.8547, saving to /home/lizhuoxuan/lzq/Bigscity-LibCity-master/outputs/20260525_163239__traffic_state_pred__new_fuzzy_3__PEMSD4/model_cache/new_fuzzy_3_PEMSD4_epoch8.tar
2026-05-25 16:33:46,718 - INFO - Val loss decrease from 2.8944 to 2.8547, saving to /home/lizhuoxuan/lzq/Bigscity-LibCity-master/outputs/20260525_163239__traffic_state_pred__new_fuzzy_3__PEMSD4/model_cache/new_fuzzy_3_PEMSD4_epoch8.tar
2026-05-25 16:33:46,718 - INFO - Val loss decrease from 2.8944 to 2.8547, saving to /home/lizhuoxuan/lzq/Bigscity-LibCity-master/outputs/20260525_163239__traffic_state_pred__new_fuzzy_3__PEMSD4/model_cache/new_fuzzy_3_PEMSD4_epoch8.tar
2026-05-25 16:33:46,718 - INFO - Val loss decrease from 2.8944 to 2.8547, saving to /home/lizhuoxuan/lzq/Bigscity-LibCity-master/outputs/20260525_163239__traffic_state_pred__new_fuzzy_3__PEMSD4/model_cache/new_fuzzy_3_PEMSD4_epoch8.tar
2026-05-25 16:33:52,124 - INFO - epoch complete!
2026-05-25 16:33:52,125 - INFO - evaluating now!
2026-05-25 16:33:52,124 - INFO - epoch complete!
2026-05-25 16:33:52,125 - INFO - evaluating now!
2026-05-25 16:33:52,132 - INFO - epoch complete!
2026-05-25 16:33:52,133 - INFO - evaluating now!
2026-05-25 16:33:52,133 - INFO - epoch complete!
2026-05-25 16:33:52,134 - INFO - evaluating now!
2026-05-25 16:33:52,684 - INFO - Epoch [9/10] train_loss: 3.0204, val_loss: 2.5227, lr: 0.000500, 5.97s
2026-05-25 16:33:52,684 - INFO - Epoch [9/10] train_loss: 3.0254, val_loss: 2.5227, lr: 0.000500, 5.97s
2026-05-25 16:33:52,684 - INFO - Epoch [9/10] train_loss: 3.0175, val_loss: 2.5227, lr: 0.000500, 5.97s
2026-05-25 16:33:52,684 - INFO - Epoch [9/10] train_loss: 3.0344, val_loss: 2.5227, lr: 0.000500, 5.97s
2026-05-25 16:33:52,719 - INFO - Saved model at 9
2026-05-25 16:33:52,719 - INFO - Saved model at 9
2026-05-25 16:33:52,719 - INFO - Saved model at 9
2026-05-25 16:33:52,719 - INFO - Saved model at 9
2026-05-25 16:33:52,719 - INFO - Val loss decrease from 2.8547 to 2.5227, saving to /home/lizhuoxuan/lzq/Bigscity-LibCity-master/outputs/20260525_163239__traffic_state_pred__new_fuzzy_3__PEMSD4/model_cache/new_fuzzy_3_PEMSD4_epoch9.tar
2026-05-25 16:33:52,719 - INFO - Val loss decrease from 2.8547 to 2.5227, saving to /home/lizhuoxuan/lzq/Bigscity-LibCity-master/outputs/20260525_163239__traffic_state_pred__new_fuzzy_3__PEMSD4/model_cache/new_fuzzy_3_PEMSD4_epoch9.tar
2026-05-25 16:33:52,719 - INFO - Val loss decrease from 2.8547 to 2.5227, saving to /home/lizhuoxuan/lzq/Bigscity-LibCity-master/outputs/20260525_163239__traffic_state_pred__new_fuzzy_3__PEMSD4/model_cache/new_fuzzy_3_PEMSD4_epoch9.tar
2026-05-25 16:33:52,719 - INFO - Val loss decrease from 2.8547 to 2.5227, saving to /home/lizhuoxuan/lzq/Bigscity-LibCity-master/outputs/20260525_163239__traffic_state_pred__new_fuzzy_3__PEMSD4/model_cache/new_fuzzy_3_PEMSD4_epoch9.tar
2026-05-25 16:33:52,719 - INFO - Trained totally 10 epochs, average train time is 5.499s, average eval time is 0.555s
2026-05-25 16:33:52,719 - INFO - Trained totally 10 epochs, average train time is 5.508s, average eval time is 0.558s
2026-05-25 16:33:52,719 - INFO - Trained totally 10 epochs, average train time is 5.510s, average eval time is 0.554s
2026-05-25 16:33:52,719 - INFO - Trained totally 10 epochs, average train time is 5.501s, average eval time is 0.560s
2026-05-25 16:33:52,814 - INFO - Loaded model at 9
2026-05-25 16:33:52,814 - INFO - Start evaluating ...
2026-05-25 16:33:52,815 - INFO - Loaded model at 9
2026-05-25 16:33:52,816 - INFO - Saved model at /home/lizhuoxuan/lzq/Bigscity-LibCity-master/outputs/20260525_163239__traffic_state_pred__new_fuzzy_3__PEMSD4/model_cache/new_fuzzy_3_PEMSD4.m
2026-05-25 16:33:52,852 - INFO - Start evaluating ...
2026-05-25 16:33:52,857 - INFO - Loaded model at 9
2026-05-25 16:33:52,858 - INFO - Start evaluating ...
2026-05-25 16:33:52,864 - INFO - Loaded model at 9
2026-05-25 16:33:52,864 - INFO - Start evaluating ...
2026-05-25 16:34:17,178 - INFO - Note that you select the single mode to evaluate!
2026-05-25 16:34:17,183 - INFO - Evaluate result is saved at /home/lizhuoxuan/lzq/Bigscity-LibCity-master/outputs/20260525_163239__traffic_state_pred__new_fuzzy_3__PEMSD4/evaluate_cache/2026_05_25_16_34_17_new_fuzzy_3_PEMSD4.csv
2026-05-25 16:34:17,194 - INFO - 
           MAE         MAPE           MSE  ...  masked_RMSE        R2      EVAR
1   119.884064  1415.683716  28045.398438  ...   167.719757 -0.684733 -0.664019
2   119.503738  1407.639893  27866.134766  ...   167.178055 -0.673943 -0.653023
3   119.789948  1410.759521  28019.683594  ...   167.660721 -0.683141 -0.662274
4   119.659195  1415.549194  27982.384766  ...   167.547150 -0.680879 -0.659935
5   120.181000  1417.424194  28170.361328  ...   168.101974 -0.692148 -0.671128
6   119.829590  1410.180908  28001.324219  ...   167.600571 -0.681982 -0.660747
7   119.686180  1406.754883  27982.814453  ...   167.550110 -0.680864 -0.659219
8   119.677216  1406.310547  27980.423828  ...   167.524963 -0.680717 -0.659258
9   119.711731  1409.056641  27959.529297  ...   167.477280 -0.679451 -0.658410
10  119.823021  1410.361572  27985.025391  ...   167.552399 -0.680975 -0.660114
11  119.700600  1410.536865  27978.117188  ...   167.502762 -0.680554 -0.659673
12  119.781555  1412.247437  28000.939453  ...   167.588364 -0.681914 -0.660035

[12 rows x 10 columns]
