2026-05-07 19:46:12,051 - INFO - Log directory: /home/lizhuoxuan/lzq/Bigscity-LibCity-master/outputs/20260507_194612__traffic_state_pred__new_diffusion_fuzzy__PEMSD4/logs
2026-05-07 19:46:12,351 - INFO - Log directory: /home/lizhuoxuan/lzq/Bigscity-LibCity-master/outputs/20260507_194612__traffic_state_pred__new_diffusion_fuzzy__PEMSD4/logs
2026-05-07 19:46:12,352 - INFO - Log directory: /home/lizhuoxuan/lzq/Bigscity-LibCity-master/outputs/20260507_194612__traffic_state_pred__new_diffusion_fuzzy__PEMSD4/logs
2026-05-07 19:46:12,352 - INFO - Begin artifact training pipeline, task=traffic_state_pred, model_name=new_diffusion_fuzzy, dataset_name=PEMSD4, exp_id=20260507_194612__traffic_state_pred__new_diffusion_fuzzy__PEMSD4
2026-05-07 19:46:12,352 - INFO - {'task': 'traffic_state_pred', 'model': 'new_diffusion_fuzzy', 'dataset': 'PEMSD4', 'saved_model': True, 'train': True, 'seed': 42, 'train_rate': 0.6, 'eval_rate': 0.2, 'batch_size': 64, 'learning_rate': 0.0012, 'max_epoch': 10, 'dataset_class': 'TrafficStatePointDataset', 'executor': 'TrafficStateExecutor', 'evaluator': 'TrafficStateEvaluator', 'adaptive_graph_blend_init': 0.5, 'adaptive_graph_embed_dim': 32, 'adaptive_graph_topk': 12, 'amp_dtype': 'bfloat16', 'beta_end': 0.02, 'beta_start': 0.0001, 'calculate_weight_adj': False, 'data_col': ['traffic_flow', 'traffic_occupancy', 'traffic_speed'], 'data_files': ['PEMSD4'], 'ddim_eta': 0, 'denoiser_layers': 3, 'device': device(type='cuda', index=0), 'diffusion_schedule': 'linear', 'diffusion_steps': 200, 'disturb_rate': 0.5, 'dropout': 0.1, 'dyna': {'including_types': ['state'], 'state': {'entity_id': 'geo_id', 'traffic_flow': 'num', 'traffic_occupancy': 'num', 'traffic_speed': 'num'}}, 'encoder_layers': 2, 'eval_batch_size': 32, 'evaluator_mode': 'single', 'ffn_hidden_dim': 192, 'flow_conservation_coeff': 1, 'fuzzy_conservation_temperature': 8, 'fuzzy_conservation_threshold': 0.6, 'fuzzy_graph_num_sets': 3, 'fuzzy_graph_sigma_init': 0.7, 'geo': {'including_types': ['Point'], 'Point': {}}, 'geo_file': 'PEMSD4', 'graph_k_hop': 2, 'hidden_dim': 96, 'init_weight_inf_or_zero': 'zero', 'is_distributed': True, 'metrics': ['MAE', 'MAPE', 'MSE', 'RMSE', 'masked_MAE', 'masked_MAPE', 'masked_MSE', 'masked_RMSE', 'R2', 'EVAR'], 'noise_SD': [10], 'noise_mean': [5], 'noise_type': 'gaussian', 'num_heads': 4, 'num_prediction_samples': 2, 'num_sampling_steps': 50, 'num_workers': 0, 'output_dim': 3, 'pad_with_last_sample': True, 'physics_channel_idx': 0, 'physics_loss_weight': 0, 'physics_warmup_mode': 'linear', 'physics_warmup_start_ratio': 0.2, 'physics_warmup_steps': 3000, 'rank': 0, 'rel': {'including_types': ['geo'], 'geo': {'cost': 'num'}}, 'rel_file': 'PEMSD4', 'robustness_test': False, 'sampling_method': 'ddim', 'save_mode': ['csv'], 'set_weight_link_or_dist': 'link', 'time_intervals': 300, 'use_adaptive_graph': True, 'use_amp': True, 'use_fuzzy_conservation': True, 'use_fuzzy_graph': True, 'use_gradient_checkpointing': True, 'use_spatiotemporal_attention': True, 'use_temporal_position_embedding': True, 'weight_adj_epsilon': 0.1, 'weight_col': 'cost', 'world_size': 4, 'clip_grad_norm': True, 'epoch': 0, 'gpu': True, 'gpu_id': 0, 'hyper_tune': False, 'learner': 'adamw', 'load_best_epoch': True, 'log_every': 1, 'log_level': 'INFO', 'lr_T_max': 30, 'lr_alpha': 0.99, 'lr_beta1': 0.9, 'lr_beta2': 0.999, 'lr_decay': True, 'lr_decay_ratio': 0.5, 'lr_epsilon': 1e-08, 'lr_eta_min': 0, 'lr_momentum': 0, 'lr_patience': 10, 'lr_scheduler': 'multisteplr', 'lr_threshold': 0.0001, 'max_grad_norm': 3, 'patience': 20, 'step_size': 10, 'steps': [20, 35], 'train_loss': 'none', 'use_early_stop': True, 'weight_decay': 0.0001, 'data_version_id': 'dv_1778154211_57d4f318', 'input_window': 12, 'output_window': 12, 'scaler': 'standard', 'load_external': False, 'normal_external': False, 'add_time_in_day': True, 'add_day_in_week': True, 'cache_dataset': True, 'ext_scaler': 'none', 'local_rank': 0, 'dist_backend': 'nccl', 'exp_id': '20260507_194612__traffic_state_pred__new_diffusion_fuzzy__PEMSD4'}
2026-05-07 19:46:12,631 - INFO - Log directory: /home/lizhuoxuan/lzq/Bigscity-LibCity-master/outputs/20260507_194612__traffic_state_pred__new_diffusion_fuzzy__PEMSD4/logs
2026-05-07 19:46:22,799 - INFO - DistributedDataParallel(
  (module): NewDiffusion(
    (condition_encoder): STEncoder(
      (input_projection): Linear(in_features=3, out_features=96, bias=True)
      (blocks): ModuleList(
        (0-1): 2 x STEncoderBlock(
          (temporal_attention): MultiHeadAttention(
            (query_projection): Linear(in_features=96, out_features=96, bias=True)
            (key_projection): Linear(in_features=96, out_features=96, bias=True)
            (value_projection): Linear(in_features=96, out_features=96, bias=True)
            (output_projection): Linear(in_features=96, out_features=96, bias=True)
            (dropout): Dropout(p=0.1, inplace=False)
          )
          (graph_convolution): GraphConvolution(
            (projections): ModuleList(
              (0-2): 3 x Linear(in_features=96, out_features=96, bias=True)
            )
          )
          (feed_forward): FeedForwardNetwork(
            (network): Sequential(
              (0): Linear(in_features=96, out_features=192, bias=True)
              (1): GELU(approximate='none')
              (2): Dropout(p=0.1, inplace=False)
              (3): Linear(in_features=192, out_features=96, bias=True)
              (4): Dropout(p=0.1, inplace=False)
            )
          )
          (norm_temporal): LayerNorm((96,), eps=1e-05, elementwise_affine=True)
          (norm_graph): LayerNorm((96,), eps=1e-05, elementwise_affine=True)
          (norm_ffn): LayerNorm((96,), eps=1e-05, elementwise_affine=True)
          (dropout): Dropout(p=0.1, inplace=False)
        )
      )
      (final_norm): LayerNorm((96,), eps=1e-05, elementwise_affine=True)
    )
    (noise_predictor): AttentionDenoiser(
      (input_projection): Linear(in_features=3, out_features=96, bias=True)
      (time_embedding): SinusoidalTimeEmbedding()
      (time_projection): Sequential(
        (0): Linear(in_features=96, out_features=96, bias=True)
        (1): SiLU()
        (2): Linear(in_features=96, out_features=96, bias=True)
      )
      (condition_fusion): Linear(in_features=192, out_features=96, bias=True)
      (blocks): ModuleList(
        (0-2): 3 x DenoiserBlock(
          (temporal_attention): MultiHeadAttention(
            (query_projection): Linear(in_features=96, out_features=96, bias=True)
            (key_projection): Linear(in_features=96, out_features=96, bias=True)
            (value_projection): Linear(in_features=96, out_features=96, bias=True)
            (output_projection): Linear(in_features=96, out_features=96, bias=True)
            (dropout): Dropout(p=0.1, inplace=False)
          )
          (graph_convolution): GraphConvolution(
            (projections): ModuleList(
              (0-2): 3 x Linear(in_features=96, out_features=96, bias=True)
            )
          )
          (cross_attention): MultiHeadAttention(
            (query_projection): Linear(in_features=96, out_features=96, bias=True)
            (key_projection): Linear(in_features=96, out_features=96, bias=True)
            (value_projection): Linear(in_features=96, out_features=96, bias=True)
            (output_projection): Linear(in_features=96, out_features=96, bias=True)
            (dropout): Dropout(p=0.1, inplace=False)
          )
          (spatiotemporal_attention): MultiHeadAttention(
            (query_projection): Linear(in_features=96, out_features=96, bias=True)
            (key_projection): Linear(in_features=96, out_features=96, bias=True)
            (value_projection): Linear(in_features=96, out_features=96, bias=True)
            (output_projection): Linear(in_features=96, out_features=96, bias=True)
            (dropout): Dropout(p=0.1, inplace=False)
          )
          (feed_forward): FeedForwardNetwork(
            (network): Sequential(
              (0): Linear(in_features=96, out_features=192, bias=True)
              (1): GELU(approximate='none')
              (2): Dropout(p=0.1, inplace=False)
              (3): Linear(in_features=192, out_features=96, bias=True)
              (4): Dropout(p=0.1, inplace=False)
            )
          )
          (norm_temporal): LayerNorm((96,), eps=1e-05, elementwise_affine=True)
          (norm_graph): LayerNorm((96,), eps=1e-05, elementwise_affine=True)
          (norm_cross): LayerNorm((96,), eps=1e-05, elementwise_affine=True)
          (norm_spatiotemporal): LayerNorm((96,), eps=1e-05, elementwise_affine=True)
          (norm_ffn): LayerNorm((96,), eps=1e-05, elementwise_affine=True)
          (dropout): Dropout(p=0.1, inplace=False)
        )
      )
      (final_norm): LayerNorm((96,), eps=1e-05, elementwise_affine=True)
      (output_projection): Linear(in_features=96, out_features=3, bias=True)
      (adaptive_graph_learner): AdaptiveGraphLearner(
        (feature_projection): Linear(in_features=96, out_features=32, bias=True)
        (time_projection): Linear(in_features=96, out_features=32, bias=True)
      )
    )
    (diffusion_scheduler): DiffusionScheduler()
  )
)
2026-05-07 19:46:22,800 - INFO - module.condition_encoder.temporal_position_embedding	torch.Size([1, 12, 1, 96])	cuda:0	True
2026-05-07 19:46:22,800 - INFO - module.condition_encoder.input_projection.weight	torch.Size([96, 3])	cuda:0	True
2026-05-07 19:46:22,800 - INFO - module.condition_encoder.input_projection.bias	torch.Size([96])	cuda:0	True
2026-05-07 19:46:22,800 - INFO - module.condition_encoder.blocks.0.temporal_attention.query_projection.weight	torch.Size([96, 96])	cuda:0	True
2026-05-07 19:46:22,800 - INFO - module.condition_encoder.blocks.0.temporal_attention.query_projection.bias	torch.Size([96])	cuda:0	True
2026-05-07 19:46:22,800 - INFO - module.condition_encoder.blocks.0.temporal_attention.key_projection.weight	torch.Size([96, 96])	cuda:0	True
2026-05-07 19:46:22,800 - INFO - module.condition_encoder.blocks.0.temporal_attention.key_projection.bias	torch.Size([96])	cuda:0	True
2026-05-07 19:46:22,800 - INFO - module.condition_encoder.blocks.0.temporal_attention.value_projection.weight	torch.Size([96, 96])	cuda:0	True
2026-05-07 19:46:22,800 - INFO - module.condition_encoder.blocks.0.temporal_attention.value_projection.bias	torch.Size([96])	cuda:0	True
2026-05-07 19:46:22,800 - INFO - module.condition_encoder.blocks.0.temporal_attention.output_projection.weight	torch.Size([96, 96])	cuda:0	True
2026-05-07 19:46:22,800 - INFO - module.condition_encoder.blocks.0.temporal_attention.output_projection.bias	torch.Size([96])	cuda:0	True
2026-05-07 19:46:22,801 - INFO - module.condition_encoder.blocks.0.graph_convolution.projections.0.weight	torch.Size([96, 96])	cuda:0	True
2026-05-07 19:46:22,801 - INFO - module.condition_encoder.blocks.0.graph_convolution.projections.0.bias	torch.Size([96])	cuda:0	True
2026-05-07 19:46:22,801 - INFO - module.condition_encoder.blocks.0.graph_convolution.projections.1.weight	torch.Size([96, 96])	cuda:0	True
2026-05-07 19:46:22,801 - INFO - module.condition_encoder.blocks.0.graph_convolution.projections.1.bias	torch.Size([96])	cuda:0	True
2026-05-07 19:46:22,801 - INFO - module.condition_encoder.blocks.0.graph_convolution.projections.2.weight	torch.Size([96, 96])	cuda:0	True
2026-05-07 19:46:22,801 - INFO - module.condition_encoder.blocks.0.graph_convolution.projections.2.bias	torch.Size([96])	cuda:0	True
2026-05-07 19:46:22,801 - INFO - module.condition_encoder.blocks.0.feed_forward.network.0.weight	torch.Size([192, 96])	cuda:0	True
2026-05-07 19:46:22,801 - INFO - module.condition_encoder.blocks.0.feed_forward.network.0.bias	torch.Size([192])	cuda:0	True
2026-05-07 19:46:22,801 - INFO - module.condition_encoder.blocks.0.feed_forward.network.3.weight	torch.Size([96, 192])	cuda:0	True
2026-05-07 19:46:22,801 - INFO - module.condition_encoder.blocks.0.feed_forward.network.3.bias	torch.Size([96])	cuda:0	True
2026-05-07 19:46:22,801 - INFO - module.condition_encoder.blocks.0.norm_temporal.weight	torch.Size([96])	cuda:0	True
2026-05-07 19:46:22,801 - INFO - module.condition_encoder.blocks.0.norm_temporal.bias	torch.Size([96])	cuda:0	True
2026-05-07 19:46:22,801 - INFO - module.condition_encoder.blocks.0.norm_graph.weight	torch.Size([96])	cuda:0	True
2026-05-07 19:46:22,801 - INFO - module.condition_encoder.blocks.0.norm_graph.bias	torch.Size([96])	cuda:0	True
2026-05-07 19:46:22,801 - INFO - module.condition_encoder.blocks.0.norm_ffn.weight	torch.Size([96])	cuda:0	True
2026-05-07 19:46:22,801 - INFO - module.condition_encoder.blocks.0.norm_ffn.bias	torch.Size([96])	cuda:0	True
2026-05-07 19:46:22,801 - INFO - module.condition_encoder.blocks.1.temporal_attention.query_projection.weight	torch.Size([96, 96])	cuda:0	True
2026-05-07 19:46:22,801 - INFO - module.condition_encoder.blocks.1.temporal_attention.query_projection.bias	torch.Size([96])	cuda:0	True
2026-05-07 19:46:22,801 - INFO - module.condition_encoder.blocks.1.temporal_attention.key_projection.weight	torch.Size([96, 96])	cuda:0	True
2026-05-07 19:46:22,801 - INFO - module.condition_encoder.blocks.1.temporal_attention.key_projection.bias	torch.Size([96])	cuda:0	True
2026-05-07 19:46:22,801 - INFO - module.condition_encoder.blocks.1.temporal_attention.value_projection.weight	torch.Size([96, 96])	cuda:0	True
2026-05-07 19:46:22,801 - INFO - module.condition_encoder.blocks.1.temporal_attention.value_projection.bias	torch.Size([96])	cuda:0	True
2026-05-07 19:46:22,801 - INFO - module.condition_encoder.blocks.1.temporal_attention.output_projection.weight	torch.Size([96, 96])	cuda:0	True
2026-05-07 19:46:22,801 - INFO - module.condition_encoder.blocks.1.temporal_attention.output_projection.bias	torch.Size([96])	cuda:0	True
2026-05-07 19:46:22,802 - INFO - module.condition_encoder.blocks.1.graph_convolution.projections.0.weight	torch.Size([96, 96])	cuda:0	True
2026-05-07 19:46:22,802 - INFO - module.condition_encoder.blocks.1.graph_convolution.projections.0.bias	torch.Size([96])	cuda:0	True
2026-05-07 19:46:22,802 - INFO - module.condition_encoder.blocks.1.graph_convolution.projections.1.weight	torch.Size([96, 96])	cuda:0	True
2026-05-07 19:46:22,802 - INFO - module.condition_encoder.blocks.1.graph_convolution.projections.1.bias	torch.Size([96])	cuda:0	True
2026-05-07 19:46:22,802 - INFO - module.condition_encoder.blocks.1.graph_convolution.projections.2.weight	torch.Size([96, 96])	cuda:0	True
2026-05-07 19:46:22,802 - INFO - module.condition_encoder.blocks.1.graph_convolution.projections.2.bias	torch.Size([96])	cuda:0	True
2026-05-07 19:46:22,802 - INFO - module.condition_encoder.blocks.1.feed_forward.network.0.weight	torch.Size([192, 96])	cuda:0	True
2026-05-07 19:46:22,802 - INFO - module.condition_encoder.blocks.1.feed_forward.network.0.bias	torch.Size([192])	cuda:0	True
2026-05-07 19:46:22,802 - INFO - module.condition_encoder.blocks.1.feed_forward.network.3.weight	torch.Size([96, 192])	cuda:0	True
2026-05-07 19:46:22,802 - INFO - module.condition_encoder.blocks.1.feed_forward.network.3.bias	torch.Size([96])	cuda:0	True
2026-05-07 19:46:22,802 - INFO - module.condition_encoder.blocks.1.norm_temporal.weight	torch.Size([96])	cuda:0	True
2026-05-07 19:46:22,802 - INFO - module.condition_encoder.blocks.1.norm_temporal.bias	torch.Size([96])	cuda:0	True
2026-05-07 19:46:22,802 - INFO - module.condition_encoder.blocks.1.norm_graph.weight	torch.Size([96])	cuda:0	True
2026-05-07 19:46:22,802 - INFO - module.condition_encoder.blocks.1.norm_graph.bias	torch.Size([96])	cuda:0	True
2026-05-07 19:46:22,802 - INFO - module.condition_encoder.blocks.1.norm_ffn.weight	torch.Size([96])	cuda:0	True
2026-05-07 19:46:22,802 - INFO - module.condition_encoder.blocks.1.norm_ffn.bias	torch.Size([96])	cuda:0	True
2026-05-07 19:46:22,802 - INFO - module.condition_encoder.final_norm.weight	torch.Size([96])	cuda:0	True
2026-05-07 19:46:22,802 - INFO - module.condition_encoder.final_norm.bias	torch.Size([96])	cuda:0	True
2026-05-07 19:46:22,802 - INFO - module.noise_predictor.future_position_embedding	torch.Size([1, 12, 1, 96])	cuda:0	True
2026-05-07 19:46:22,802 - INFO - module.noise_predictor.input_projection.weight	torch.Size([96, 3])	cuda:0	True
2026-05-07 19:46:22,802 - INFO - module.noise_predictor.input_projection.bias	torch.Size([96])	cuda:0	True
2026-05-07 19:46:22,802 - INFO - module.noise_predictor.time_projection.0.weight	torch.Size([96, 96])	cuda:0	True
2026-05-07 19:46:22,802 - INFO - module.noise_predictor.time_projection.0.bias	torch.Size([96])	cuda:0	True
2026-05-07 19:46:22,802 - INFO - module.noise_predictor.time_projection.2.weight	torch.Size([96, 96])	cuda:0	True
2026-05-07 19:46:22,802 - INFO - module.noise_predictor.time_projection.2.bias	torch.Size([96])	cuda:0	True
2026-05-07 19:46:22,802 - INFO - module.noise_predictor.condition_fusion.weight	torch.Size([96, 192])	cuda:0	True
2026-05-07 19:46:22,803 - INFO - module.noise_predictor.condition_fusion.bias	torch.Size([96])	cuda:0	True
2026-05-07 19:46:22,803 - INFO - module.noise_predictor.blocks.0.temporal_attention.query_projection.weight	torch.Size([96, 96])	cuda:0	True
2026-05-07 19:46:22,803 - INFO - module.noise_predictor.blocks.0.temporal_attention.query_projection.bias	torch.Size([96])	cuda:0	True
2026-05-07 19:46:22,803 - INFO - module.noise_predictor.blocks.0.temporal_attention.key_projection.weight	torch.Size([96, 96])	cuda:0	True
2026-05-07 19:46:22,803 - INFO - module.noise_predictor.blocks.0.temporal_attention.key_projection.bias	torch.Size([96])	cuda:0	True
2026-05-07 19:46:22,803 - INFO - module.noise_predictor.blocks.0.temporal_attention.value_projection.weight	torch.Size([96, 96])	cuda:0	True
2026-05-07 19:46:22,803 - INFO - module.noise_predictor.blocks.0.temporal_attention.value_projection.bias	torch.Size([96])	cuda:0	True
2026-05-07 19:46:22,803 - INFO - module.noise_predictor.blocks.0.temporal_attention.output_projection.weight	torch.Size([96, 96])	cuda:0	True
2026-05-07 19:46:22,803 - INFO - module.noise_predictor.blocks.0.temporal_attention.output_projection.bias	torch.Size([96])	cuda:0	True
2026-05-07 19:46:22,803 - INFO - module.noise_predictor.blocks.0.graph_convolution.projections.0.weight	torch.Size([96, 96])	cuda:0	True
2026-05-07 19:46:22,803 - INFO - module.noise_predictor.blocks.0.graph_convolution.projections.0.bias	torch.Size([96])	cuda:0	True
2026-05-07 19:46:22,803 - INFO - module.noise_predictor.blocks.0.graph_convolution.projections.1.weight	torch.Size([96, 96])	cuda:0	True
2026-05-07 19:46:22,803 - INFO - module.noise_predictor.blocks.0.graph_convolution.projections.1.bias	torch.Size([96])	cuda:0	True
2026-05-07 19:46:22,803 - INFO - module.noise_predictor.blocks.0.graph_convolution.projections.2.weight	torch.Size([96, 96])	cuda:0	True
2026-05-07 19:46:22,803 - INFO - module.noise_predictor.blocks.0.graph_convolution.projections.2.bias	torch.Size([96])	cuda:0	True
2026-05-07 19:46:22,803 - INFO - module.noise_predictor.blocks.0.cross_attention.query_projection.weight	torch.Size([96, 96])	cuda:0	True
2026-05-07 19:46:22,803 - INFO - module.noise_predictor.blocks.0.cross_attention.query_projection.bias	torch.Size([96])	cuda:0	True
2026-05-07 19:46:22,803 - INFO - module.noise_predictor.blocks.0.cross_attention.key_projection.weight	torch.Size([96, 96])	cuda:0	True
2026-05-07 19:46:22,803 - INFO - module.noise_predictor.blocks.0.cross_attention.key_projection.bias	torch.Size([96])	cuda:0	True
2026-05-07 19:46:22,803 - INFO - module.noise_predictor.blocks.0.cross_attention.value_projection.weight	torch.Size([96, 96])	cuda:0	True
2026-05-07 19:46:22,803 - INFO - module.noise_predictor.blocks.0.cross_attention.value_projection.bias	torch.Size([96])	cuda:0	True
2026-05-07 19:46:22,803 - INFO - module.noise_predictor.blocks.0.cross_attention.output_projection.weight	torch.Size([96, 96])	cuda:0	True
2026-05-07 19:46:22,803 - INFO - module.noise_predictor.blocks.0.cross_attention.output_projection.bias	torch.Size([96])	cuda:0	True
2026-05-07 19:46:22,803 - INFO - module.noise_predictor.blocks.0.spatiotemporal_attention.query_projection.weight	torch.Size([96, 96])	cuda:0	True
2026-05-07 19:46:22,803 - INFO - module.noise_predictor.blocks.0.spatiotemporal_attention.query_projection.bias	torch.Size([96])	cuda:0	True
2026-05-07 19:46:22,803 - INFO - module.noise_predictor.blocks.0.spatiotemporal_attention.key_projection.weight	torch.Size([96, 96])	cuda:0	True
2026-05-07 19:46:22,804 - INFO - module.noise_predictor.blocks.0.spatiotemporal_attention.key_projection.bias	torch.Size([96])	cuda:0	True
2026-05-07 19:46:22,804 - INFO - module.noise_predictor.blocks.0.spatiotemporal_attention.value_projection.weight	torch.Size([96, 96])	cuda:0	True
2026-05-07 19:46:22,804 - INFO - module.noise_predictor.blocks.0.spatiotemporal_attention.value_projection.bias	torch.Size([96])	cuda:0	True
2026-05-07 19:46:22,804 - INFO - module.noise_predictor.blocks.0.spatiotemporal_attention.output_projection.weight	torch.Size([96, 96])	cuda:0	True
2026-05-07 19:46:22,804 - INFO - module.noise_predictor.blocks.0.spatiotemporal_attention.output_projection.bias	torch.Size([96])	cuda:0	True
2026-05-07 19:46:22,804 - INFO - module.noise_predictor.blocks.0.feed_forward.network.0.weight	torch.Size([192, 96])	cuda:0	True
2026-05-07 19:46:22,804 - INFO - module.noise_predictor.blocks.0.feed_forward.network.0.bias	torch.Size([192])	cuda:0	True
2026-05-07 19:46:22,804 - INFO - module.noise_predictor.blocks.0.feed_forward.network.3.weight	torch.Size([96, 192])	cuda:0	True
2026-05-07 19:46:22,804 - INFO - module.noise_predictor.blocks.0.feed_forward.network.3.bias	torch.Size([96])	cuda:0	True
2026-05-07 19:46:22,804 - INFO - module.noise_predictor.blocks.0.norm_temporal.weight	torch.Size([96])	cuda:0	True
2026-05-07 19:46:22,804 - INFO - module.noise_predictor.blocks.0.norm_temporal.bias	torch.Size([96])	cuda:0	True
2026-05-07 19:46:22,804 - INFO - module.noise_predictor.blocks.0.norm_graph.weight	torch.Size([96])	cuda:0	True
2026-05-07 19:46:22,804 - INFO - module.noise_predictor.blocks.0.norm_graph.bias	torch.Size([96])	cuda:0	True
2026-05-07 19:46:22,804 - INFO - module.noise_predictor.blocks.0.norm_cross.weight	torch.Size([96])	cuda:0	True
2026-05-07 19:46:22,804 - INFO - module.noise_predictor.blocks.0.norm_cross.bias	torch.Size([96])	cuda:0	True
2026-05-07 19:46:22,804 - INFO - module.noise_predictor.blocks.0.norm_spatiotemporal.weight	torch.Size([96])	cuda:0	True
2026-05-07 19:46:22,804 - INFO - Enable AMP training (dtype=bfloat16).
2026-05-07 19:46:22,804 - INFO - module.noise_predictor.blocks.0.norm_spatiotemporal.bias	torch.Size([96])	cuda:0	True
2026-05-07 19:46:22,804 - INFO - module.noise_predictor.blocks.0.norm_ffn.weight	torch.Size([96])	cuda:0	True
2026-05-07 19:46:22,804 - INFO - You select `adamw` optimizer.
2026-05-07 19:46:22,804 - INFO - module.noise_predictor.blocks.0.norm_ffn.bias	torch.Size([96])	cuda:0	True
2026-05-07 19:46:22,804 - WARNING - Received unrecognized optimizer, set default Adam optimizer
2026-05-07 19:46:22,804 - INFO - module.noise_predictor.blocks.1.temporal_attention.query_projection.weight	torch.Size([96, 96])	cuda:0	True
2026-05-07 19:46:22,804 - INFO - module.noise_predictor.blocks.1.temporal_attention.query_projection.bias	torch.Size([96])	cuda:0	True
2026-05-07 19:46:22,804 - INFO - module.noise_predictor.blocks.1.temporal_attention.key_projection.weight	torch.Size([96, 96])	cuda:0	True
2026-05-07 19:46:22,804 - INFO - module.noise_predictor.blocks.1.temporal_attention.key_projection.bias	torch.Size([96])	cuda:0	True
2026-05-07 19:46:22,804 - INFO - module.noise_predictor.blocks.1.temporal_attention.value_projection.weight	torch.Size([96, 96])	cuda:0	True
2026-05-07 19:46:22,804 - INFO - module.noise_predictor.blocks.1.temporal_attention.value_projection.bias	torch.Size([96])	cuda:0	True
2026-05-07 19:46:22,804 - INFO - module.noise_predictor.blocks.1.temporal_attention.output_projection.weight	torch.Size([96, 96])	cuda:0	True
2026-05-07 19:46:22,805 - INFO - module.noise_predictor.blocks.1.temporal_attention.output_projection.bias	torch.Size([96])	cuda:0	True
2026-05-07 19:46:22,804 - INFO - Enable AMP training (dtype=bfloat16).
2026-05-07 19:46:22,805 - INFO - module.noise_predictor.blocks.1.graph_convolution.projections.0.weight	torch.Size([96, 96])	cuda:0	True
2026-05-07 19:46:22,805 - INFO - You select `adamw` optimizer.
2026-05-07 19:46:22,805 - INFO - module.noise_predictor.blocks.1.graph_convolution.projections.0.bias	torch.Size([96])	cuda:0	True
2026-05-07 19:46:22,805 - INFO - module.noise_predictor.blocks.1.graph_convolution.projections.1.weight	torch.Size([96, 96])	cuda:0	True
2026-05-07 19:46:22,805 - WARNING - Received unrecognized optimizer, set default Adam optimizer
2026-05-07 19:46:22,805 - INFO - module.noise_predictor.blocks.1.graph_convolution.projections.1.bias	torch.Size([96])	cuda:0	True
2026-05-07 19:46:22,805 - INFO - module.noise_predictor.blocks.1.graph_convolution.projections.2.weight	torch.Size([96, 96])	cuda:0	True
2026-05-07 19:46:22,805 - INFO - module.noise_predictor.blocks.1.graph_convolution.projections.2.bias	torch.Size([96])	cuda:0	True
2026-05-07 19:46:22,805 - INFO - module.noise_predictor.blocks.1.cross_attention.query_projection.weight	torch.Size([96, 96])	cuda:0	True
2026-05-07 19:46:22,805 - INFO - module.noise_predictor.blocks.1.cross_attention.query_projection.bias	torch.Size([96])	cuda:0	True
2026-05-07 19:46:22,805 - INFO - module.noise_predictor.blocks.1.cross_attention.key_projection.weight	torch.Size([96, 96])	cuda:0	True
2026-05-07 19:46:22,805 - INFO - module.noise_predictor.blocks.1.cross_attention.key_projection.bias	torch.Size([96])	cuda:0	True
2026-05-07 19:46:22,805 - INFO - module.noise_predictor.blocks.1.cross_attention.value_projection.weight	torch.Size([96, 96])	cuda:0	True
2026-05-07 19:46:22,805 - INFO - You select `multisteplr` lr_scheduler.
2026-05-07 19:46:22,805 - INFO - module.noise_predictor.blocks.1.cross_attention.value_projection.bias	torch.Size([96])	cuda:0	True
2026-05-07 19:46:22,805 - INFO - module.noise_predictor.blocks.1.cross_attention.output_projection.weight	torch.Size([96, 96])	cuda:0	True
2026-05-07 19:46:22,805 - INFO - module.noise_predictor.blocks.1.cross_attention.output_projection.bias	torch.Size([96])	cuda:0	True
2026-05-07 19:46:22,805 - INFO - module.noise_predictor.blocks.1.spatiotemporal_attention.query_projection.weight	torch.Size([96, 96])	cuda:0	True
2026-05-07 19:46:22,805 - INFO - module.noise_predictor.blocks.1.spatiotemporal_attention.query_projection.bias	torch.Size([96])	cuda:0	True
2026-05-07 19:46:22,805 - WARNING - Received none train loss func and will use the loss func defined in the model.
2026-05-07 19:46:22,805 - INFO - module.noise_predictor.blocks.1.spatiotemporal_attention.key_projection.weight	torch.Size([96, 96])	cuda:0	True
2026-05-07 19:46:22,805 - INFO - module.noise_predictor.blocks.1.spatiotemporal_attention.key_projection.bias	torch.Size([96])	cuda:0	True
2026-05-07 19:46:22,805 - INFO - Start training ...
2026-05-07 19:46:22,805 - INFO - module.noise_predictor.blocks.1.spatiotemporal_attention.value_projection.weight	torch.Size([96, 96])	cuda:0	True
2026-05-07 19:46:22,805 - INFO - num_batches:40
2026-05-07 19:46:22,805 - INFO - module.noise_predictor.blocks.1.spatiotemporal_attention.value_projection.bias	torch.Size([96])	cuda:0	True
2026-05-07 19:46:22,805 - INFO - module.noise_predictor.blocks.1.spatiotemporal_attention.output_projection.weight	torch.Size([96, 96])	cuda:0	True
2026-05-07 19:46:22,805 - INFO - Enable AMP training (dtype=bfloat16).
2026-05-07 19:46:22,805 - INFO - module.noise_predictor.blocks.1.spatiotemporal_attention.output_projection.bias	torch.Size([96])	cuda:0	True
2026-05-07 19:46:22,805 - INFO - You select `multisteplr` lr_scheduler.
2026-05-07 19:46:22,805 - INFO - module.noise_predictor.blocks.1.feed_forward.network.0.weight	torch.Size([192, 96])	cuda:0	True
2026-05-07 19:46:22,805 - INFO - You select `adamw` optimizer.
2026-05-07 19:46:22,805 - INFO - module.noise_predictor.blocks.1.feed_forward.network.0.bias	torch.Size([192])	cuda:0	True
2026-05-07 19:46:22,806 - INFO - module.noise_predictor.blocks.1.feed_forward.network.3.weight	torch.Size([96, 192])	cuda:0	True
2026-05-07 19:46:22,806 - INFO - module.noise_predictor.blocks.1.feed_forward.network.3.bias	torch.Size([96])	cuda:0	True
2026-05-07 19:46:22,806 - WARNING - Received unrecognized optimizer, set default Adam optimizer
2026-05-07 19:46:22,806 - INFO - module.noise_predictor.blocks.1.norm_temporal.weight	torch.Size([96])	cuda:0	True
2026-05-07 19:46:22,806 - INFO - module.noise_predictor.blocks.1.norm_temporal.bias	torch.Size([96])	cuda:0	True
2026-05-07 19:46:22,806 - INFO - module.noise_predictor.blocks.1.norm_graph.weight	torch.Size([96])	cuda:0	True
2026-05-07 19:46:22,806 - WARNING - Received none train loss func and will use the loss func defined in the model.
2026-05-07 19:46:22,806 - INFO - module.noise_predictor.blocks.1.norm_graph.bias	torch.Size([96])	cuda:0	True
2026-05-07 19:46:22,806 - INFO - module.noise_predictor.blocks.1.norm_cross.weight	torch.Size([96])	cuda:0	True
2026-05-07 19:46:22,806 - INFO - module.noise_predictor.blocks.1.norm_cross.bias	torch.Size([96])	cuda:0	True
2026-05-07 19:46:22,806 - INFO - module.noise_predictor.blocks.1.norm_spatiotemporal.weight	torch.Size([96])	cuda:0	True
2026-05-07 19:46:22,806 - INFO - Start training ...
2026-05-07 19:46:22,806 - INFO - module.noise_predictor.blocks.1.norm_spatiotemporal.bias	torch.Size([96])	cuda:0	True
2026-05-07 19:46:22,806 - INFO - module.noise_predictor.blocks.1.norm_ffn.weight	torch.Size([96])	cuda:0	True
2026-05-07 19:46:22,806 - INFO - module.noise_predictor.blocks.1.norm_ffn.bias	torch.Size([96])	cuda:0	True
2026-05-07 19:46:22,806 - INFO - num_batches:40
2026-05-07 19:46:22,806 - INFO - module.noise_predictor.blocks.2.temporal_attention.query_projection.weight	torch.Size([96, 96])	cuda:0	True
2026-05-07 19:46:22,806 - INFO - module.noise_predictor.blocks.2.temporal_attention.query_projection.bias	torch.Size([96])	cuda:0	True
2026-05-07 19:46:22,806 - INFO - module.noise_predictor.blocks.2.temporal_attention.key_projection.weight	torch.Size([96, 96])	cuda:0	True
2026-05-07 19:46:22,806 - INFO - module.noise_predictor.blocks.2.temporal_attention.key_projection.bias	torch.Size([96])	cuda:0	True
2026-05-07 19:46:22,806 - INFO - module.noise_predictor.blocks.2.temporal_attention.value_projection.weight	torch.Size([96, 96])	cuda:0	True
2026-05-07 19:46:22,806 - INFO - module.noise_predictor.blocks.2.temporal_attention.value_projection.bias	torch.Size([96])	cuda:0	True
2026-05-07 19:46:22,806 - INFO - module.noise_predictor.blocks.2.temporal_attention.output_projection.weight	torch.Size([96, 96])	cuda:0	True
2026-05-07 19:46:22,806 - INFO - module.noise_predictor.blocks.2.temporal_attention.output_projection.bias	torch.Size([96])	cuda:0	True
2026-05-07 19:46:22,806 - INFO - module.noise_predictor.blocks.2.graph_convolution.projections.0.weight	torch.Size([96, 96])	cuda:0	True
2026-05-07 19:46:22,806 - INFO - module.noise_predictor.blocks.2.graph_convolution.projections.0.bias	torch.Size([96])	cuda:0	True
2026-05-07 19:46:22,806 - INFO - module.noise_predictor.blocks.2.graph_convolution.projections.1.weight	torch.Size([96, 96])	cuda:0	True
2026-05-07 19:46:22,806 - INFO - module.noise_predictor.blocks.2.graph_convolution.projections.1.bias	torch.Size([96])	cuda:0	True
2026-05-07 19:46:22,806 - INFO - module.noise_predictor.blocks.2.graph_convolution.projections.2.weight	torch.Size([96, 96])	cuda:0	True
2026-05-07 19:46:22,806 - INFO - module.noise_predictor.blocks.2.graph_convolution.projections.2.bias	torch.Size([96])	cuda:0	True
2026-05-07 19:46:22,806 - INFO - module.noise_predictor.blocks.2.cross_attention.query_projection.weight	torch.Size([96, 96])	cuda:0	True
2026-05-07 19:46:22,806 - INFO - module.noise_predictor.blocks.2.cross_attention.query_projection.bias	torch.Size([96])	cuda:0	True
2026-05-07 19:46:22,806 - INFO - module.noise_predictor.blocks.2.cross_attention.key_projection.weight	torch.Size([96, 96])	cuda:0	True
2026-05-07 19:46:22,806 - INFO - module.noise_predictor.blocks.2.cross_attention.key_projection.bias	torch.Size([96])	cuda:0	True
2026-05-07 19:46:22,806 - INFO - module.noise_predictor.blocks.2.cross_attention.value_projection.weight	torch.Size([96, 96])	cuda:0	True
2026-05-07 19:46:22,806 - INFO - module.noise_predictor.blocks.2.cross_attention.value_projection.bias	torch.Size([96])	cuda:0	True
2026-05-07 19:46:22,806 - INFO - module.noise_predictor.blocks.2.cross_attention.output_projection.weight	torch.Size([96, 96])	cuda:0	True
2026-05-07 19:46:22,806 - INFO - module.noise_predictor.blocks.2.cross_attention.output_projection.bias	torch.Size([96])	cuda:0	True
2026-05-07 19:46:22,806 - INFO - module.noise_predictor.blocks.2.spatiotemporal_attention.query_projection.weight	torch.Size([96, 96])	cuda:0	True
2026-05-07 19:46:22,806 - INFO - module.noise_predictor.blocks.2.spatiotemporal_attention.query_projection.bias	torch.Size([96])	cuda:0	True
2026-05-07 19:46:22,806 - INFO - You select `multisteplr` lr_scheduler.
2026-05-07 19:46:22,806 - INFO - module.noise_predictor.blocks.2.spatiotemporal_attention.key_projection.weight	torch.Size([96, 96])	cuda:0	True
2026-05-07 19:46:22,806 - INFO - module.noise_predictor.blocks.2.spatiotemporal_attention.key_projection.bias	torch.Size([96])	cuda:0	True
2026-05-07 19:46:22,806 - INFO - module.noise_predictor.blocks.2.spatiotemporal_attention.value_projection.weight	torch.Size([96, 96])	cuda:0	True
2026-05-07 19:46:22,806 - INFO - module.noise_predictor.blocks.2.spatiotemporal_attention.value_projection.bias	torch.Size([96])	cuda:0	True
2026-05-07 19:46:22,806 - INFO - module.noise_predictor.blocks.2.spatiotemporal_attention.output_projection.weight	torch.Size([96, 96])	cuda:0	True
2026-05-07 19:46:22,806 - INFO - module.noise_predictor.blocks.2.spatiotemporal_attention.output_projection.bias	torch.Size([96])	cuda:0	True
2026-05-07 19:46:22,807 - INFO - module.noise_predictor.blocks.2.feed_forward.network.0.weight	torch.Size([192, 96])	cuda:0	True
2026-05-07 19:46:22,807 - WARNING - Received none train loss func and will use the loss func defined in the model.
2026-05-07 19:46:22,807 - INFO - module.noise_predictor.blocks.2.feed_forward.network.0.bias	torch.Size([192])	cuda:0	True
2026-05-07 19:46:22,807 - INFO - module.noise_predictor.blocks.2.feed_forward.network.3.weight	torch.Size([96, 192])	cuda:0	True
2026-05-07 19:46:22,807 - INFO - module.noise_predictor.blocks.2.feed_forward.network.3.bias	torch.Size([96])	cuda:0	True
2026-05-07 19:46:22,807 - INFO - module.noise_predictor.blocks.2.norm_temporal.weight	torch.Size([96])	cuda:0	True
2026-05-07 19:46:22,807 - INFO - Start training ...
2026-05-07 19:46:22,807 - INFO - module.noise_predictor.blocks.2.norm_temporal.bias	torch.Size([96])	cuda:0	True
2026-05-07 19:46:22,807 - INFO - module.noise_predictor.blocks.2.norm_graph.weight	torch.Size([96])	cuda:0	True
2026-05-07 19:46:22,807 - INFO - module.noise_predictor.blocks.2.norm_graph.bias	torch.Size([96])	cuda:0	True
2026-05-07 19:46:22,807 - INFO - num_batches:40
2026-05-07 19:46:22,807 - INFO - module.noise_predictor.blocks.2.norm_cross.weight	torch.Size([96])	cuda:0	True
2026-05-07 19:46:22,807 - INFO - module.noise_predictor.blocks.2.norm_cross.bias	torch.Size([96])	cuda:0	True
2026-05-07 19:46:22,807 - INFO - module.noise_predictor.blocks.2.norm_spatiotemporal.weight	torch.Size([96])	cuda:0	True
2026-05-07 19:46:22,807 - INFO - module.noise_predictor.blocks.2.norm_spatiotemporal.bias	torch.Size([96])	cuda:0	True
2026-05-07 19:46:22,807 - INFO - module.noise_predictor.blocks.2.norm_ffn.weight	torch.Size([96])	cuda:0	True
2026-05-07 19:46:22,807 - INFO - module.noise_predictor.blocks.2.norm_ffn.bias	torch.Size([96])	cuda:0	True
2026-05-07 19:46:22,807 - INFO - module.noise_predictor.final_norm.weight	torch.Size([96])	cuda:0	True
2026-05-07 19:46:22,807 - INFO - module.noise_predictor.final_norm.bias	torch.Size([96])	cuda:0	True
2026-05-07 19:46:22,807 - INFO - module.noise_predictor.output_projection.weight	torch.Size([3, 96])	cuda:0	True
2026-05-07 19:46:22,807 - INFO - module.noise_predictor.output_projection.bias	torch.Size([3])	cuda:0	True
2026-05-07 19:46:22,807 - INFO - module.noise_predictor.adaptive_graph_learner.node_embeddings	torch.Size([307, 32])	cuda:0	True
2026-05-07 19:46:22,807 - INFO - module.noise_predictor.adaptive_graph_learner.blend_logit	torch.Size([])	cuda:0	True
2026-05-07 19:46:22,807 - INFO - module.noise_predictor.adaptive_graph_learner.fuzzy_centers	torch.Size([3])	cuda:0	True
2026-05-07 19:46:22,807 - INFO - module.noise_predictor.adaptive_graph_learner.fuzzy_log_sigmas	torch.Size([3])	cuda:0	True
2026-05-07 19:46:22,807 - INFO - module.noise_predictor.adaptive_graph_learner.fuzzy_rule_logits	torch.Size([3])	cuda:0	True
2026-05-07 19:46:22,807 - INFO - module.noise_predictor.adaptive_graph_learner.feature_projection.weight	torch.Size([32, 96])	cuda:0	True
2026-05-07 19:46:22,807 - INFO - module.noise_predictor.adaptive_graph_learner.feature_projection.bias	torch.Size([32])	cuda:0	True
2026-05-07 19:46:22,807 - INFO - module.noise_predictor.adaptive_graph_learner.time_projection.weight	torch.Size([32, 96])	cuda:0	True
2026-05-07 19:46:22,807 - INFO - module.noise_predictor.adaptive_graph_learner.time_projection.bias	torch.Size([32])	cuda:0	True
2026-05-07 19:46:22,807 - INFO - Total parameter numbers: 796141
2026-05-07 19:46:22,808 - INFO - Enable AMP training (dtype=bfloat16).
2026-05-07 19:46:22,808 - INFO - You select `adamw` optimizer.
2026-05-07 19:46:22,808 - WARNING - Received unrecognized optimizer, set default Adam optimizer
2026-05-07 19:46:22,808 - INFO - You select `multisteplr` lr_scheduler.
2026-05-07 19:46:22,808 - WARNING - Received none train loss func and will use the loss func defined in the model.
2026-05-07 19:46:22,808 - INFO - Start training ...
2026-05-07 19:46:22,809 - INFO - num_batches:40
2026-05-07 19:46:23,094 - INFO - Enable physics warmup: steps=3000 start_ratio=0.200 mode=linear.
2026-05-07 19:46:23,179 - INFO - Enable physics warmup: steps=3000 start_ratio=0.200 mode=linear.
2026-05-07 19:46:23,183 - INFO - Enable physics warmup: steps=3000 start_ratio=0.200 mode=linear.
2026-05-07 19:46:23,183 - INFO - Enable physics warmup: steps=3000 start_ratio=0.200 mode=linear.
2026-05-07 19:46:39,037 - INFO - epoch complete!
2026-05-07 19:46:39,038 - INFO - evaluating now!
2026-05-07 19:46:39,053 - INFO - epoch complete!
2026-05-07 19:46:39,053 - INFO - evaluating now!
2026-05-07 19:46:39,126 - INFO - epoch complete!
2026-05-07 19:46:39,127 - INFO - evaluating now!
2026-05-07 19:46:39,318 - INFO - epoch complete!
2026-05-07 19:46:39,319 - INFO - evaluating now!
2026-05-07 19:46:40,399 - INFO - Epoch [0/10] train_loss: 0.8942, val_loss: 0.2643, lr: 0.001200, 17.59s
2026-05-07 19:46:40,430 - INFO - Epoch [0/10] train_loss: 0.9292, val_loss: 0.2628, lr: 0.001200, 17.62s
2026-05-07 19:46:40,494 - INFO - Epoch [0/10] train_loss: 0.8974, val_loss: 0.2637, lr: 0.001200, 17.69s
2026-05-07 19:46:40,519 - INFO - Saved model at 0
2026-05-07 19:46:40,519 - INFO - Saved model at 0
2026-05-07 19:46:40,519 - INFO - Val loss decrease from inf to 0.2643, saving to /home/lizhuoxuan/lzq/Bigscity-LibCity-master/outputs/20260507_194612__traffic_state_pred__new_diffusion_fuzzy__PEMSD4/model_cache/new_diffusion_fuzzy_PEMSD4_epoch0.tar
2026-05-07 19:46:40,520 - INFO - Val loss decrease from inf to 0.2628, saving to /home/lizhuoxuan/lzq/Bigscity-LibCity-master/outputs/20260507_194612__traffic_state_pred__new_diffusion_fuzzy__PEMSD4/model_cache/new_diffusion_fuzzy_PEMSD4_epoch0.tar
2026-05-07 19:46:40,613 - INFO - Saved model at 0
2026-05-07 19:46:40,613 - INFO - Val loss decrease from inf to 0.2637, saving to /home/lizhuoxuan/lzq/Bigscity-LibCity-master/outputs/20260507_194612__traffic_state_pred__new_diffusion_fuzzy__PEMSD4/model_cache/new_diffusion_fuzzy_PEMSD4_epoch0.tar
2026-05-07 19:46:40,707 - INFO - Epoch [0/10] train_loss: 0.9079, val_loss: 0.2538, lr: 0.001200, 17.90s
2026-05-07 19:46:40,755 - INFO - Saved model at 0
2026-05-07 19:46:40,755 - INFO - Val loss decrease from inf to 0.2538, saving to /home/lizhuoxuan/lzq/Bigscity-LibCity-master/outputs/20260507_194612__traffic_state_pred__new_diffusion_fuzzy__PEMSD4/model_cache/new_diffusion_fuzzy_PEMSD4_epoch0.tar
2026-05-07 19:46:56,175 - INFO - epoch complete!
2026-05-07 19:46:56,175 - INFO - evaluating now!
2026-05-07 19:46:56,299 - INFO - epoch complete!
2026-05-07 19:46:56,300 - INFO - evaluating now!
2026-05-07 19:46:56,333 - INFO - epoch complete!
2026-05-07 19:46:56,334 - INFO - evaluating now!
2026-05-07 19:46:56,502 - INFO - epoch complete!
2026-05-07 19:46:56,503 - INFO - evaluating now!
2026-05-07 19:46:57,537 - INFO - Epoch [1/10] train_loss: 0.2013, val_loss: 0.1407, lr: 0.001200, 17.02s
2026-05-07 19:46:57,579 - INFO - Saved model at 1
2026-05-07 19:46:57,579 - INFO - Val loss decrease from 0.2643 to 0.1407, saving to /home/lizhuoxuan/lzq/Bigscity-LibCity-master/outputs/20260507_194612__traffic_state_pred__new_diffusion_fuzzy__PEMSD4/model_cache/new_diffusion_fuzzy_PEMSD4_epoch1.tar
2026-05-07 19:46:57,670 - INFO - Epoch [1/10] train_loss: 0.2116, val_loss: 0.1574, lr: 0.001200, 17.15s
2026-05-07 19:46:57,695 - INFO - Epoch [1/10] train_loss: 0.1968, val_loss: 0.1308, lr: 0.001200, 17.08s
2026-05-07 19:46:57,958 - INFO - Saved model at 1
2026-05-07 19:46:57,959 - INFO - Val loss decrease from 0.2637 to 0.1308, saving to /home/lizhuoxuan/lzq/Bigscity-LibCity-master/outputs/20260507_194612__traffic_state_pred__new_diffusion_fuzzy__PEMSD4/model_cache/new_diffusion_fuzzy_PEMSD4_epoch1.tar
2026-05-07 19:46:57,987 - INFO - Saved model at 1
2026-05-07 19:46:57,987 - INFO - Val loss decrease from 0.2628 to 0.1574, saving to /home/lizhuoxuan/lzq/Bigscity-LibCity-master/outputs/20260507_194612__traffic_state_pred__new_diffusion_fuzzy__PEMSD4/model_cache/new_diffusion_fuzzy_PEMSD4_epoch1.tar
2026-05-07 19:46:58,001 - INFO - Epoch [1/10] train_loss: 0.2033, val_loss: 0.1330, lr: 0.001200, 17.25s
2026-05-07 19:46:58,111 - INFO - Saved model at 1
2026-05-07 19:46:58,111 - INFO - Val loss decrease from 0.2538 to 0.1330, saving to /home/lizhuoxuan/lzq/Bigscity-LibCity-master/outputs/20260507_194612__traffic_state_pred__new_diffusion_fuzzy__PEMSD4/model_cache/new_diffusion_fuzzy_PEMSD4_epoch1.tar
2026-05-07 19:47:13,233 - INFO - epoch complete!
2026-05-07 19:47:13,234 - INFO - evaluating now!
2026-05-07 19:47:13,687 - INFO - epoch complete!
2026-05-07 19:47:13,687 - INFO - evaluating now!
2026-05-07 19:47:13,758 - INFO - epoch complete!
2026-05-07 19:47:13,759 - INFO - evaluating now!
2026-05-07 19:47:13,787 - INFO - epoch complete!
2026-05-07 19:47:13,787 - INFO - evaluating now!
2026-05-07 19:47:14,591 - INFO - Epoch [2/10] train_loss: 0.1405, val_loss: 0.1134, lr: 0.001200, 17.01s
2026-05-07 19:47:14,684 - INFO - Saved model at 2
2026-05-07 19:47:14,684 - INFO - Val loss decrease from 0.1407 to 0.1134, saving to /home/lizhuoxuan/lzq/Bigscity-LibCity-master/outputs/20260507_194612__traffic_state_pred__new_diffusion_fuzzy__PEMSD4/model_cache/new_diffusion_fuzzy_PEMSD4_epoch2.tar
2026-05-07 19:47:15,051 - INFO - Epoch [2/10] train_loss: 0.1358, val_loss: 0.1149, lr: 0.001200, 17.09s
2026-05-07 19:47:15,132 - INFO - Epoch [2/10] train_loss: 0.1417, val_loss: 0.1196, lr: 0.001200, 17.14s
2026-05-07 19:47:15,145 - INFO - Epoch [2/10] train_loss: 0.1369, val_loss: 0.1109, lr: 0.001200, 17.03s
2026-05-07 19:47:15,202 - INFO - Saved model at 2
2026-05-07 19:47:15,203 - INFO - Val loss decrease from 0.1308 to 0.1149, saving to /home/lizhuoxuan/lzq/Bigscity-LibCity-master/outputs/20260507_194612__traffic_state_pred__new_diffusion_fuzzy__PEMSD4/model_cache/new_diffusion_fuzzy_PEMSD4_epoch2.tar
2026-05-07 19:47:15,343 - INFO - Saved model at 2
2026-05-07 19:47:15,344 - INFO - Val loss decrease from 0.1330 to 0.1109, saving to /home/lizhuoxuan/lzq/Bigscity-LibCity-master/outputs/20260507_194612__traffic_state_pred__new_diffusion_fuzzy__PEMSD4/model_cache/new_diffusion_fuzzy_PEMSD4_epoch2.tar
2026-05-07 19:47:15,343 - INFO - Saved model at 2
2026-05-07 19:47:15,344 - INFO - Val loss decrease from 0.1574 to 0.1196, saving to /home/lizhuoxuan/lzq/Bigscity-LibCity-master/outputs/20260507_194612__traffic_state_pred__new_diffusion_fuzzy__PEMSD4/model_cache/new_diffusion_fuzzy_PEMSD4_epoch2.tar
2026-05-07 19:47:30,352 - INFO - epoch complete!
2026-05-07 19:47:30,353 - INFO - evaluating now!
2026-05-07 19:47:30,942 - INFO - epoch complete!
2026-05-07 19:47:30,942 - INFO - evaluating now!
2026-05-07 19:47:31,026 - INFO - epoch complete!
2026-05-07 19:47:31,026 - INFO - evaluating now!
2026-05-07 19:47:31,124 - INFO - epoch complete!
2026-05-07 19:47:31,125 - INFO - evaluating now!
2026-05-07 19:47:31,710 - INFO - Epoch [3/10] train_loss: 0.1211, val_loss: 0.1131, lr: 0.001200, 17.03s
2026-05-07 19:47:31,751 - INFO - Saved model at 3
2026-05-07 19:47:31,751 - INFO - Val loss decrease from 0.1134 to 0.1131, saving to /home/lizhuoxuan/lzq/Bigscity-LibCity-master/outputs/20260507_194612__traffic_state_pred__new_diffusion_fuzzy__PEMSD4/model_cache/new_diffusion_fuzzy_PEMSD4_epoch3.tar
2026-05-07 19:47:32,307 - INFO - Epoch [3/10] train_loss: 0.1195, val_loss: 0.1118, lr: 0.001200, 17.10s
2026-05-07 19:47:32,384 - INFO - Epoch [3/10] train_loss: 0.1195, val_loss: 0.1091, lr: 0.001200, 17.04s
2026-05-07 19:47:32,459 - INFO - Saved model at 3
2026-05-07 19:47:32,459 - INFO - Val loss decrease from 0.1149 to 0.1118, saving to /home/lizhuoxuan/lzq/Bigscity-LibCity-master/outputs/20260507_194612__traffic_state_pred__new_diffusion_fuzzy__PEMSD4/model_cache/new_diffusion_fuzzy_PEMSD4_epoch3.tar
2026-05-07 19:47:32,498 - INFO - Epoch [3/10] train_loss: 0.1206, val_loss: 0.1033, lr: 0.001200, 17.15s
2026-05-07 19:47:32,608 - INFO - Saved model at 3
2026-05-07 19:47:32,608 - INFO - Val loss decrease from 0.1109 to 0.1091, saving to /home/lizhuoxuan/lzq/Bigscity-LibCity-master/outputs/20260507_194612__traffic_state_pred__new_diffusion_fuzzy__PEMSD4/model_cache/new_diffusion_fuzzy_PEMSD4_epoch3.tar
2026-05-07 19:47:32,626 - INFO - Saved model at 3
2026-05-07 19:47:32,626 - INFO - Val loss decrease from 0.1196 to 0.1033, saving to /home/lizhuoxuan/lzq/Bigscity-LibCity-master/outputs/20260507_194612__traffic_state_pred__new_diffusion_fuzzy__PEMSD4/model_cache/new_diffusion_fuzzy_PEMSD4_epoch3.tar
2026-05-07 19:47:47,510 - INFO - epoch complete!
2026-05-07 19:47:47,510 - INFO - evaluating now!
2026-05-07 19:47:48,286 - INFO - epoch complete!
2026-05-07 19:47:48,287 - INFO - evaluating now!
2026-05-07 19:47:48,478 - INFO - epoch complete!
2026-05-07 19:47:48,478 - INFO - evaluating now!
2026-05-07 19:47:48,491 - INFO - epoch complete!
2026-05-07 19:47:48,492 - INFO - evaluating now!
2026-05-07 19:47:48,870 - INFO - Epoch [4/10] train_loss: 0.1175, val_loss: 0.0913, lr: 0.001200, 17.12s
2026-05-07 19:47:48,912 - INFO - Saved model at 4
2026-05-07 19:47:48,912 - INFO - Val loss decrease from 0.1131 to 0.0913, saving to /home/lizhuoxuan/lzq/Bigscity-LibCity-master/outputs/20260507_194612__traffic_state_pred__new_diffusion_fuzzy__PEMSD4/model_cache/new_diffusion_fuzzy_PEMSD4_epoch4.tar
2026-05-07 19:47:49,653 - INFO - Epoch [4/10] train_loss: 0.1139, val_loss: 0.0917, lr: 0.001200, 17.19s
2026-05-07 19:47:49,839 - INFO - Epoch [4/10] train_loss: 0.1156, val_loss: 0.0950, lr: 0.001200, 17.23s
2026-05-07 19:47:49,842 - INFO - Saved model at 4
2026-05-07 19:47:49,843 - INFO - Val loss decrease from 0.1118 to 0.0917, saving to /home/lizhuoxuan/lzq/Bigscity-LibCity-master/outputs/20260507_194612__traffic_state_pred__new_diffusion_fuzzy__PEMSD4/model_cache/new_diffusion_fuzzy_PEMSD4_epoch4.tar
2026-05-07 19:47:49,865 - INFO - Epoch [4/10] train_loss: 0.1204, val_loss: 0.0983, lr: 0.001200, 17.24s
2026-05-07 19:47:49,978 - INFO - Saved model at 4
2026-05-07 19:47:49,979 - INFO - Val loss decrease from 0.1033 to 0.0983, saving to /home/lizhuoxuan/lzq/Bigscity-LibCity-master/outputs/20260507_194612__traffic_state_pred__new_diffusion_fuzzy__PEMSD4/model_cache/new_diffusion_fuzzy_PEMSD4_epoch4.tar
2026-05-07 19:47:50,009 - INFO - Saved model at 4
2026-05-07 19:47:50,010 - INFO - Val loss decrease from 0.1091 to 0.0950, saving to /home/lizhuoxuan/lzq/Bigscity-LibCity-master/outputs/20260507_194612__traffic_state_pred__new_diffusion_fuzzy__PEMSD4/model_cache/new_diffusion_fuzzy_PEMSD4_epoch4.tar
2026-05-07 19:48:04,590 - INFO - epoch complete!
2026-05-07 19:48:04,591 - INFO - evaluating now!
2026-05-07 19:48:05,595 - INFO - epoch complete!
2026-05-07 19:48:05,595 - INFO - evaluating now!
2026-05-07 19:48:05,728 - INFO - epoch complete!
2026-05-07 19:48:05,728 - INFO - evaluating now!
2026-05-07 19:48:05,769 - INFO - epoch complete!
2026-05-07 19:48:05,769 - INFO - evaluating now!
2026-05-07 19:48:05,950 - INFO - Epoch [5/10] train_loss: 0.1030, val_loss: 0.1058, lr: 0.001200, 17.04s
2026-05-07 19:48:06,962 - INFO - Epoch [5/10] train_loss: 0.0988, val_loss: 0.1026, lr: 0.001200, 17.12s
2026-05-07 19:48:07,089 - INFO - Epoch [5/10] train_loss: 0.0994, val_loss: 0.0957, lr: 0.001200, 17.08s
2026-05-07 19:48:07,140 - INFO - Epoch [5/10] train_loss: 0.1014, val_loss: 0.1005, lr: 0.001200, 17.16s
2026-05-07 19:48:21,641 - INFO - epoch complete!
2026-05-07 19:48:21,642 - INFO - evaluating now!
2026-05-07 19:48:22,733 - INFO - epoch complete!
2026-05-07 19:48:22,734 - INFO - evaluating now!
2026-05-07 19:48:22,810 - INFO - epoch complete!
2026-05-07 19:48:22,810 - INFO - evaluating now!
2026-05-07 19:48:22,938 - INFO - epoch complete!
2026-05-07 19:48:22,938 - INFO - evaluating now!
2026-05-07 19:48:23,001 - INFO - Epoch [6/10] train_loss: 0.1017, val_loss: 0.0864, lr: 0.001200, 17.05s
2026-05-07 19:48:23,043 - INFO - Saved model at 6
2026-05-07 19:48:23,044 - INFO - Val loss decrease from 0.0913 to 0.0864, saving to /home/lizhuoxuan/lzq/Bigscity-LibCity-master/outputs/20260507_194612__traffic_state_pred__new_diffusion_fuzzy__PEMSD4/model_cache/new_diffusion_fuzzy_PEMSD4_epoch6.tar
2026-05-07 19:48:24,102 - INFO - Epoch [6/10] train_loss: 0.0998, val_loss: 0.0886, lr: 0.001200, 17.14s
2026-05-07 19:48:24,171 - INFO - Epoch [6/10] train_loss: 0.1010, val_loss: 0.0882, lr: 0.001200, 17.08s
2026-05-07 19:48:24,251 - INFO - Saved model at 6
2026-05-07 19:48:24,251 - INFO - Val loss decrease from 0.0917 to 0.0886, saving to /home/lizhuoxuan/lzq/Bigscity-LibCity-master/outputs/20260507_194612__traffic_state_pred__new_diffusion_fuzzy__PEMSD4/model_cache/new_diffusion_fuzzy_PEMSD4_epoch6.tar
2026-05-07 19:48:24,309 - INFO - Epoch [6/10] train_loss: 0.1012, val_loss: 0.0902, lr: 0.001200, 17.17s
2026-05-07 19:48:24,424 - INFO - Saved model at 6
2026-05-07 19:48:24,424 - INFO - Val loss decrease from 0.0983 to 0.0902, saving to /home/lizhuoxuan/lzq/Bigscity-LibCity-master/outputs/20260507_194612__traffic_state_pred__new_diffusion_fuzzy__PEMSD4/model_cache/new_diffusion_fuzzy_PEMSD4_epoch6.tar
2026-05-07 19:48:24,445 - INFO - Saved model at 6
2026-05-07 19:48:24,446 - INFO - Val loss decrease from 0.0950 to 0.0882, saving to /home/lizhuoxuan/lzq/Bigscity-LibCity-master/outputs/20260507_194612__traffic_state_pred__new_diffusion_fuzzy__PEMSD4/model_cache/new_diffusion_fuzzy_PEMSD4_epoch6.tar
2026-05-07 19:48:38,745 - INFO - epoch complete!
2026-05-07 19:48:38,745 - INFO - evaluating now!
2026-05-07 19:48:40,019 - INFO - epoch complete!
2026-05-07 19:48:40,019 - INFO - evaluating now!
2026-05-07 19:48:40,107 - INFO - Epoch [7/10] train_loss: 0.0974, val_loss: 0.0850, lr: 0.001200, 17.06s
2026-05-07 19:48:40,149 - INFO - Saved model at 7
2026-05-07 19:48:40,149 - INFO - Val loss decrease from 0.0864 to 0.0850, saving to /home/lizhuoxuan/lzq/Bigscity-LibCity-master/outputs/20260507_194612__traffic_state_pred__new_diffusion_fuzzy__PEMSD4/model_cache/new_diffusion_fuzzy_PEMSD4_epoch7.tar
2026-05-07 19:48:40,175 - INFO - epoch complete!
2026-05-07 19:48:40,175 - INFO - evaluating now!
2026-05-07 19:48:40,221 - INFO - epoch complete!
2026-05-07 19:48:40,222 - INFO - evaluating now!
2026-05-07 19:48:41,386 - INFO - Epoch [7/10] train_loss: 0.0991, val_loss: 0.0907, lr: 0.001200, 17.14s
2026-05-07 19:48:41,536 - INFO - Epoch [7/10] train_loss: 0.0962, val_loss: 0.0853, lr: 0.001200, 17.09s
2026-05-07 19:48:41,593 - INFO - Epoch [7/10] train_loss: 0.0962, val_loss: 0.0857, lr: 0.001200, 17.17s
2026-05-07 19:48:41,669 - INFO - Saved model at 7
2026-05-07 19:48:41,669 - INFO - Val loss decrease from 0.0882 to 0.0853, saving to /home/lizhuoxuan/lzq/Bigscity-LibCity-master/outputs/20260507_194612__traffic_state_pred__new_diffusion_fuzzy__PEMSD4/model_cache/new_diffusion_fuzzy_PEMSD4_epoch7.tar
2026-05-07 19:48:41,784 - INFO - Saved model at 7
2026-05-07 19:48:41,784 - INFO - Val loss decrease from 0.0902 to 0.0857, saving to /home/lizhuoxuan/lzq/Bigscity-LibCity-master/outputs/20260507_194612__traffic_state_pred__new_diffusion_fuzzy__PEMSD4/model_cache/new_diffusion_fuzzy_PEMSD4_epoch7.tar
2026-05-07 19:48:55,853 - INFO - epoch complete!
2026-05-07 19:48:55,853 - INFO - evaluating now!
2026-05-07 19:48:57,154 - INFO - epoch complete!
2026-05-07 19:48:57,155 - INFO - evaluating now!
2026-05-07 19:48:57,213 - INFO - Epoch [8/10] train_loss: 0.0984, val_loss: 0.0871, lr: 0.001200, 17.06s
2026-05-07 19:48:57,413 - INFO - epoch complete!
2026-05-07 19:48:57,413 - INFO - evaluating now!
2026-05-07 19:48:57,591 - INFO - epoch complete!
2026-05-07 19:48:57,591 - INFO - evaluating now!
2026-05-07 19:48:58,522 - INFO - Epoch [8/10] train_loss: 0.0947, val_loss: 0.0768, lr: 0.001200, 17.14s
2026-05-07 19:48:58,564 - INFO - Saved model at 8
2026-05-07 19:48:58,565 - INFO - Val loss decrease from 0.0886 to 0.0768, saving to /home/lizhuoxuan/lzq/Bigscity-LibCity-master/outputs/20260507_194612__traffic_state_pred__new_diffusion_fuzzy__PEMSD4/model_cache/new_diffusion_fuzzy_PEMSD4_epoch8.tar
2026-05-07 19:48:58,778 - INFO - Epoch [8/10] train_loss: 0.0966, val_loss: 0.0797, lr: 0.001200, 17.11s
2026-05-07 19:48:58,923 - INFO - Saved model at 8
2026-05-07 19:48:58,923 - INFO - Val loss decrease from 0.0853 to 0.0797, saving to /home/lizhuoxuan/lzq/Bigscity-LibCity-master/outputs/20260507_194612__traffic_state_pred__new_diffusion_fuzzy__PEMSD4/model_cache/new_diffusion_fuzzy_PEMSD4_epoch8.tar
2026-05-07 19:48:58,964 - INFO - Epoch [8/10] train_loss: 0.0973, val_loss: 0.0837, lr: 0.001200, 17.18s
2026-05-07 19:48:59,032 - INFO - Saved model at 8
2026-05-07 19:48:59,032 - INFO - Val loss decrease from 0.0857 to 0.0837, saving to /home/lizhuoxuan/lzq/Bigscity-LibCity-master/outputs/20260507_194612__traffic_state_pred__new_diffusion_fuzzy__PEMSD4/model_cache/new_diffusion_fuzzy_PEMSD4_epoch8.tar
2026-05-07 19:49:12,908 - INFO - epoch complete!
2026-05-07 19:49:12,909 - INFO - evaluating now!
2026-05-07 19:49:14,267 - INFO - Epoch [9/10] train_loss: 0.0976, val_loss: 0.0840, lr: 0.001200, 17.05s
2026-05-07 19:49:14,309 - INFO - Saved model at 9
2026-05-07 19:49:14,309 - INFO - Val loss decrease from 0.0850 to 0.0840, saving to /home/lizhuoxuan/lzq/Bigscity-LibCity-master/outputs/20260507_194612__traffic_state_pred__new_diffusion_fuzzy__PEMSD4/model_cache/new_diffusion_fuzzy_PEMSD4_epoch9.tar
2026-05-07 19:49:14,309 - INFO - Trained totally 10 epochs, average train time is 15.744s, average eval time is 1.359s
2026-05-07 19:49:14,344 - INFO - epoch complete!
2026-05-07 19:49:14,344 - INFO - evaluating now!
2026-05-07 19:49:14,413 - INFO - Loaded model at 9
2026-05-07 19:49:14,714 - INFO - epoch complete!
2026-05-07 19:49:14,714 - INFO - evaluating now!
2026-05-07 19:49:14,841 - INFO - epoch complete!
2026-05-07 19:49:14,841 - INFO - evaluating now!
2026-05-07 19:49:15,712 - INFO - Epoch [9/10] train_loss: 0.0930, val_loss: 0.0851, lr: 0.001200, 17.15s
2026-05-07 19:49:15,713 - INFO - Trained totally 10 epochs, average train time is 15.817s, average eval time is 1.366s
2026-05-07 19:49:15,821 - INFO - Loaded model at 8
2026-05-07 19:49:16,091 - INFO - Epoch [9/10] train_loss: 0.0941, val_loss: 0.0822, lr: 0.001200, 17.17s
2026-05-07 19:49:16,091 - INFO - Trained totally 10 epochs, average train time is 15.819s, average eval time is 1.379s
2026-05-07 19:49:16,199 - INFO - Loaded model at 8
2026-05-07 19:49:16,215 - INFO - Epoch [9/10] train_loss: 0.0980, val_loss: 0.0907, lr: 0.001200, 17.18s
2026-05-07 19:49:16,215 - INFO - Trained totally 10 epochs, average train time is 15.844s, average eval time is 1.373s
2026-05-07 19:49:16,326 - INFO - Loaded model at 8
2026-05-07 19:49:16,326 - INFO - Saved model at /home/lizhuoxuan/lzq/Bigscity-LibCity-master/outputs/20260507_194612__traffic_state_pred__new_diffusion_fuzzy__PEMSD4/model_cache/new_diffusion_fuzzy_PEMSD4.m
2026-05-07 19:49:16,375 - INFO - Start evaluating ...
2026-05-07 19:50:52,196 - INFO - Note that you select the single mode to evaluate!
2026-05-07 19:50:52,200 - INFO - Evaluate result is saved at /home/lizhuoxuan/lzq/Bigscity-LibCity-master/outputs/20260507_194612__traffic_state_pred__new_diffusion_fuzzy__PEMSD4/evaluate_cache/2026_05_07_19_50_52_new_diffusion_fuzzy_PEMSD4.csv
2026-05-07 19:50:52,210 - INFO - 
          MAE          MAPE           MSE  ...  masked_RMSE        R2      EVAR
1   96.833435  77090.726562  19091.095703  ...   138.449081 -0.146864 -0.140854
2   96.732376  75126.664062  19034.921875  ...   138.244156 -0.143697 -0.137637
3   96.703911  75029.570312  19063.236328  ...   138.349533 -0.144945 -0.138807
4   96.690178  76405.976562  19047.882812  ...   138.278610 -0.144052 -0.137725
5   96.891670  76222.421875  19134.105469  ...   138.609360 -0.149387 -0.143190
6   96.773796  75871.953125  19075.361328  ...   138.381927 -0.146072 -0.139894
7   96.886261  75655.414062  19135.349609  ...   138.600479 -0.149246 -0.142817
8   96.809883  75120.179688  19102.001953  ...   138.483505 -0.147277 -0.140799
9   96.810158  76156.421875  19120.921875  ...   138.561356 -0.148573 -0.142172
10  96.791779  74947.421875  19102.689453  ...   138.486649 -0.147690 -0.141133
11  96.995331  75527.796875  19201.947266  ...   138.843369 -0.153232 -0.146562
12  97.083855  74665.992188  19202.705078  ...   138.848450 -0.153309 -0.146728

[12 rows x 10 columns]
