2026-05-25 16:40:12,197 - INFO - Log directory: /home/lizhuoxuan/lzq/Bigscity-LibCity-master/outputs/20260525_164012__traffic_state_pred__new_fuzzy_3__PEMSD4/logs
2026-05-25 16:40:12,588 - INFO - Log directory: /home/lizhuoxuan/lzq/Bigscity-LibCity-master/outputs/20260525_164012__traffic_state_pred__new_fuzzy_3__PEMSD4/logs
2026-05-25 16:40:12,588 - INFO - Begin artifact training pipeline, task=traffic_state_pred, model_name=new_fuzzy_3, dataset_name=PEMSD4, exp_id=20260525_164012__traffic_state_pred__new_fuzzy_3__PEMSD4
2026-05-25 16:40:12,588 - INFO - {'task': 'traffic_state_pred', 'model': 'new_fuzzy_3', 'dataset': 'PEMSD4', 'saved_model': True, 'train': True, 'seed': 42, 'train_rate': 0.6, 'eval_rate': 0.2, 'batch_size': 64, 'learning_rate': 0.0005, 'max_epoch': 10, 'dataset_class': 'TrafficStatePointDataset', 'executor': 'DiffusionTrafficStateExecutor', 'evaluator': 'TrafficStateEvaluator', 'amp_dtype': 'bfloat16', 'beta_end': 0.01, 'beta_start': 0.0001, 'calculate_weight_adj': False, 'conservation_loss_weight': 0.1, 'conservation_steps_per_epoch': 80, 'conservation_warmup_epochs': 5, 'data_col': ['traffic_flow', 'traffic_occupancy', 'traffic_speed'], 'data_files': ['PEMSD4'], 'ddim_eta': 0, 'decoder_layers': 2, 'denoiser_layers': 2, 'device': device(type='cuda', index=0), 'diffusion_conservation_enabled': False, 'diffusion_schedule': 'linear', 'diffusion_steps': 50, 'disturb_rate': 0.5, 'dropout': 0.1, 'dyna': {'including_types': ['state'], 'state': {'entity_id': 'geo_id', 'traffic_flow': 'num', 'traffic_occupancy': 'num', 'traffic_speed': 'num'}}, 'encoder_layers': 2, 'eval_batch_size': 64, 'evaluator_mode': 'single', 'fcm_loss_weight': 0.01, 'fcm_steps_per_epoch': 80, 'fcm_warmup_epochs': 3, 'ffn_hidden_dim': 128, 'fuzzy_num_sets': 3, 'geo': {'including_types': ['Point'], 'Point': {}}, 'geo_file': 'PEMSD4', 'graph_k_hop': 2, 'hidden_dim': 64, 'init_weight_inf_or_zero': 'zero', 'is_distributed': True, 'metrics': ['MAE', 'MAPE', 'MSE', 'RMSE', 'masked_MAE', 'masked_MAPE', 'masked_MSE', 'masked_RMSE', 'R2', 'EVAR'], 'noise_SD': [10], 'noise_mean': [5], 'noise_type': 'gaussian', 'num_heads': 2, 'num_sampling_steps': 20, 'num_workers': 0, 'output_dim': 3, 'pad_with_last_sample': True, 'physics_channel_idx': 0, 'prediction_clamp_max': 3, 'prediction_clamp_min': -3, 'rank': 0, 'rel': {'including_types': ['geo'], 'geo': {'cost': 'num'}}, 'rel_file': 'PEMSD4', 'robustness_test': False, 'save_mode': ['csv'], 'scale_lr': False, 'set_weight_link_or_dist': 'link', 'time_intervals': 300, 'use_amp': True, 'use_diffusion': False, 'use_fuzzy_conservation': True, 'use_fuzzy_graph': True, 'use_gradient_checkpointing': False, 'use_spatiotemporal_attention': True, 'use_temporal_position_embedding': True, 'weight_adj_epsilon': 0.1, 'weight_col': 'cost', 'world_size': 4, 'clip_grad_norm': True, 'epoch': 0, 'gpu': True, 'gpu_id': 0, 'learner': 'adamw', 'load_best_epoch': True, 'log_every': 1, 'lr_decay': True, 'lr_decay_ratio': 0.5, 'lr_patience': 5, 'lr_scheduler': 'reducelronplateau', 'lr_threshold': 0.001, 'max_grad_norm': 3, 'patience': 30, 'train_loss': 'none', 'use_early_stop': True, 'weight_decay': 0.0001, 'data_version_id': 'dv_1779415392_efa48676', 'input_window': 12, 'output_window': 12, 'scaler': 'standard', 'load_external': False, 'normal_external': False, 'add_time_in_day': True, 'add_day_in_week': True, 'cache_dataset': True, 'ext_scaler': 'none', 'local_rank': 0, 'dist_backend': 'nccl', 'exp_id': '20260525_164012__traffic_state_pred__new_fuzzy_3__PEMSD4'}
2026-05-25 16:40:12,622 - INFO - Log directory: /home/lizhuoxuan/lzq/Bigscity-LibCity-master/outputs/20260525_164012__traffic_state_pred__new_fuzzy_3__PEMSD4/logs
2026-05-25 16:40:12,658 - INFO - Log directory: /home/lizhuoxuan/lzq/Bigscity-LibCity-master/outputs/20260525_164012__traffic_state_pred__new_fuzzy_3__PEMSD4/logs
2026-05-25 16:40:23,459 - INFO - Enable AMP training (dtype=bfloat16).
2026-05-25 16:40:23,459 - INFO - You select `adamw` optimizer.
2026-05-25 16:40:23,459 - INFO - You select `reducelronplateau` lr_scheduler.
2026-05-25 16:40:23,460 - WARNING - Received none train loss func and will use the loss func defined in the model.
2026-05-25 16:40:23,459 - INFO - DistributedDataParallel(
  (module): NewFuzzy3(
    (fuzzy_graph): FuzzyRelationalGraphLearner(
      (raw_projection): Linear(in_features=3, out_features=64, bias=True)
      (feature_to_membership): Sequential(
        (0): Linear(in_features=64, out_features=32, bias=True)
        (1): GELU(approximate='none')
        (2): Linear(in_features=32, out_features=3, bias=True)
      )
    )
    (condition_encoder): STEncoder(
      (input_projection): Linear(in_features=3, out_features=64, bias=True)
      (blocks): ModuleList(
        (0-1): 2 x STEncoderBlock(
          (temporal_attention): MultiHeadAttention(
            (query_projection): Linear(in_features=64, out_features=64, bias=True)
            (key_projection): Linear(in_features=64, out_features=64, bias=True)
            (value_projection): Linear(in_features=64, out_features=64, bias=True)
            (output_projection): Linear(in_features=64, out_features=64, bias=True)
            (dropout): Dropout(p=0.1, inplace=False)
          )
          (graph_convolution): FuzzyGraphConvolution(
            (projections): ModuleList(
              (0-2): 3 x Linear(in_features=64, out_features=64, bias=True)
            )
          )
          (feed_forward): FeedForwardNetwork(
            (network): Sequential(
              (0): Linear(in_features=64, out_features=128, bias=True)
              (1): GELU(approximate='none')
              (2): Dropout(p=0.1, inplace=False)
              (3): Linear(in_features=128, out_features=64, bias=True)
              (4): Dropout(p=0.1, inplace=False)
            )
          )
          (norm_temporal): LayerNorm((64,), eps=1e-05, elementwise_affine=True)
          (norm_graph): LayerNorm((64,), eps=1e-05, elementwise_affine=True)
          (norm_ffn): LayerNorm((64,), eps=1e-05, elementwise_affine=True)
          (dropout): Dropout(p=0.1, inplace=False)
        )
      )
      (final_norm): LayerNorm((64,), eps=1e-05, elementwise_affine=True)
    )
    (future_decoder): FutureDecoder(
      (blocks): ModuleList(
        (0-1): 2 x DecoderBlock(
          (temporal_attention): MultiHeadAttention(
            (query_projection): Linear(in_features=64, out_features=64, bias=True)
            (key_projection): Linear(in_features=64, out_features=64, bias=True)
            (value_projection): Linear(in_features=64, out_features=64, bias=True)
            (output_projection): Linear(in_features=64, out_features=64, bias=True)
            (dropout): Dropout(p=0.1, inplace=False)
          )
          (graph_convolution): FuzzyGraphConvolution(
            (projections): ModuleList(
              (0-2): 3 x Linear(in_features=64, out_features=64, bias=True)
            )
          )
          (cross_attention): MultiHeadAttention(
            (query_projection): Linear(in_features=64, out_features=64, bias=True)
            (key_projection): Linear(in_features=64, out_features=64, bias=True)
            (value_projection): Linear(in_features=64, out_features=64, bias=True)
            (output_projection): Linear(in_features=64, out_features=64, bias=True)
            (dropout): Dropout(p=0.1, inplace=False)
          )
          (spatiotemporal_attention): MultiHeadAttention(
            (query_projection): Linear(in_features=64, out_features=64, bias=True)
            (key_projection): Linear(in_features=64, out_features=64, bias=True)
            (value_projection): Linear(in_features=64, out_features=64, bias=True)
            (output_projection): Linear(in_features=64, out_features=64, bias=True)
            (dropout): Dropout(p=0.1, inplace=False)
          )
          (feed_forward): FeedForwardNetwork(
            (network): Sequential(
              (0): Linear(in_features=64, out_features=128, bias=True)
              (1): GELU(approximate='none')
              (2): Dropout(p=0.1, inplace=False)
              (3): Linear(in_features=128, out_features=64, bias=True)
              (4): Dropout(p=0.1, inplace=False)
            )
          )
          (norm_temporal): LayerNorm((64,), eps=1e-05, elementwise_affine=True)
          (norm_graph): LayerNorm((64,), eps=1e-05, elementwise_affine=True)
          (norm_cross): LayerNorm((64,), eps=1e-05, elementwise_affine=True)
          (norm_spatiotemporal): LayerNorm((64,), eps=1e-05, elementwise_affine=True)
          (norm_ffn): LayerNorm((64,), eps=1e-05, elementwise_affine=True)
          (dropout): Dropout(p=0.1, inplace=False)
        )
      )
      (final_norm): LayerNorm((64,), eps=1e-05, elementwise_affine=True)
      (output_projection): Linear(in_features=64, out_features=3, bias=True)
    )
  )
)
2026-05-25 16:40:23,460 - INFO - Start training ...
2026-05-25 16:40:23,460 - INFO - num_batches:40
2026-05-25 16:40:23,460 - INFO - Enable AMP training (dtype=bfloat16).
2026-05-25 16:40:23,460 - INFO - You select `adamw` optimizer.
2026-05-25 16:40:23,460 - INFO - module.fuzzy_graph.base_memberships	torch.Size([307, 3])	cuda:0	True
2026-05-25 16:40:23,460 - INFO - module.fuzzy_graph.fuzzy_prototypes	torch.Size([3, 64])	cuda:0	True
2026-05-25 16:40:23,460 - INFO - module.fuzzy_graph.blend_logit	torch.Size([])	cuda:0	True
2026-05-25 16:40:23,460 - INFO - module.fuzzy_graph.raw_projection.weight	torch.Size([64, 3])	cuda:0	True
2026-05-25 16:40:23,460 - INFO - module.fuzzy_graph.raw_projection.bias	torch.Size([64])	cuda:0	True
2026-05-25 16:40:23,460 - INFO - You select `reducelronplateau` lr_scheduler.
2026-05-25 16:40:23,460 - INFO - module.fuzzy_graph.feature_to_membership.0.weight	torch.Size([32, 64])	cuda:0	True
2026-05-25 16:40:23,460 - INFO - module.fuzzy_graph.feature_to_membership.0.bias	torch.Size([32])	cuda:0	True
2026-05-25 16:40:23,460 - INFO - module.fuzzy_graph.feature_to_membership.2.weight	torch.Size([3, 32])	cuda:0	True
2026-05-25 16:40:23,460 - WARNING - Received none train loss func and will use the loss func defined in the model.
2026-05-25 16:40:23,460 - INFO - module.fuzzy_graph.feature_to_membership.2.bias	torch.Size([3])	cuda:0	True
2026-05-25 16:40:23,460 - INFO - module.condition_encoder.temporal_position_embedding	torch.Size([1, 12, 1, 64])	cuda:0	True
2026-05-25 16:40:23,460 - INFO - Start training ...
2026-05-25 16:40:23,460 - INFO - module.condition_encoder.input_projection.weight	torch.Size([64, 3])	cuda:0	True
2026-05-25 16:40:23,460 - INFO - module.condition_encoder.input_projection.bias	torch.Size([64])	cuda:0	True
2026-05-25 16:40:23,460 - INFO - num_batches:40
2026-05-25 16:40:23,460 - INFO - module.condition_encoder.blocks.0.temporal_attention.query_projection.weight	torch.Size([64, 64])	cuda:0	True
2026-05-25 16:40:23,460 - INFO - module.condition_encoder.blocks.0.temporal_attention.query_projection.bias	torch.Size([64])	cuda:0	True
2026-05-25 16:40:23,461 - INFO - module.condition_encoder.blocks.0.temporal_attention.key_projection.weight	torch.Size([64, 64])	cuda:0	True
2026-05-25 16:40:23,461 - INFO - module.condition_encoder.blocks.0.temporal_attention.key_projection.bias	torch.Size([64])	cuda:0	True
2026-05-25 16:40:23,461 - INFO - module.condition_encoder.blocks.0.temporal_attention.value_projection.weight	torch.Size([64, 64])	cuda:0	True
2026-05-25 16:40:23,461 - INFO - module.condition_encoder.blocks.0.temporal_attention.value_projection.bias	torch.Size([64])	cuda:0	True
2026-05-25 16:40:23,461 - INFO - module.condition_encoder.blocks.0.temporal_attention.output_projection.weight	torch.Size([64, 64])	cuda:0	True
2026-05-25 16:40:23,461 - INFO - module.condition_encoder.blocks.0.temporal_attention.output_projection.bias	torch.Size([64])	cuda:0	True
2026-05-25 16:40:23,461 - INFO - module.condition_encoder.blocks.0.graph_convolution.projections.0.weight	torch.Size([64, 64])	cuda:0	True
2026-05-25 16:40:23,461 - INFO - module.condition_encoder.blocks.0.graph_convolution.projections.0.bias	torch.Size([64])	cuda:0	True
2026-05-25 16:40:23,461 - INFO - module.condition_encoder.blocks.0.graph_convolution.projections.1.weight	torch.Size([64, 64])	cuda:0	True
2026-05-25 16:40:23,461 - INFO - module.condition_encoder.blocks.0.graph_convolution.projections.1.bias	torch.Size([64])	cuda:0	True
2026-05-25 16:40:23,461 - INFO - module.condition_encoder.blocks.0.graph_convolution.projections.2.weight	torch.Size([64, 64])	cuda:0	True
2026-05-25 16:40:23,461 - INFO - module.condition_encoder.blocks.0.graph_convolution.projections.2.bias	torch.Size([64])	cuda:0	True
2026-05-25 16:40:23,461 - INFO - module.condition_encoder.blocks.0.feed_forward.network.0.weight	torch.Size([128, 64])	cuda:0	True
2026-05-25 16:40:23,461 - INFO - module.condition_encoder.blocks.0.feed_forward.network.0.bias	torch.Size([128])	cuda:0	True
2026-05-25 16:40:23,461 - INFO - module.condition_encoder.blocks.0.feed_forward.network.3.weight	torch.Size([64, 128])	cuda:0	True
2026-05-25 16:40:23,461 - INFO - module.condition_encoder.blocks.0.feed_forward.network.3.bias	torch.Size([64])	cuda:0	True
2026-05-25 16:40:23,461 - INFO - module.condition_encoder.blocks.0.norm_temporal.weight	torch.Size([64])	cuda:0	True
2026-05-25 16:40:23,461 - INFO - module.condition_encoder.blocks.0.norm_temporal.bias	torch.Size([64])	cuda:0	True
2026-05-25 16:40:23,461 - INFO - module.condition_encoder.blocks.0.norm_graph.weight	torch.Size([64])	cuda:0	True
2026-05-25 16:40:23,461 - INFO - module.condition_encoder.blocks.0.norm_graph.bias	torch.Size([64])	cuda:0	True
2026-05-25 16:40:23,461 - INFO - module.condition_encoder.blocks.0.norm_ffn.weight	torch.Size([64])	cuda:0	True
2026-05-25 16:40:23,461 - INFO - module.condition_encoder.blocks.0.norm_ffn.bias	torch.Size([64])	cuda:0	True
2026-05-25 16:40:23,461 - INFO - module.condition_encoder.blocks.1.temporal_attention.query_projection.weight	torch.Size([64, 64])	cuda:0	True
2026-05-25 16:40:23,461 - INFO - module.condition_encoder.blocks.1.temporal_attention.query_projection.bias	torch.Size([64])	cuda:0	True
2026-05-25 16:40:23,461 - INFO - module.condition_encoder.blocks.1.temporal_attention.key_projection.weight	torch.Size([64, 64])	cuda:0	True
2026-05-25 16:40:23,461 - INFO - module.condition_encoder.blocks.1.temporal_attention.key_projection.bias	torch.Size([64])	cuda:0	True
2026-05-25 16:40:23,461 - INFO - module.condition_encoder.blocks.1.temporal_attention.value_projection.weight	torch.Size([64, 64])	cuda:0	True
2026-05-25 16:40:23,461 - INFO - Enable AMP training (dtype=bfloat16).
2026-05-25 16:40:23,461 - INFO - module.condition_encoder.blocks.1.temporal_attention.value_projection.bias	torch.Size([64])	cuda:0	True
2026-05-25 16:40:23,461 - INFO - module.condition_encoder.blocks.1.temporal_attention.output_projection.weight	torch.Size([64, 64])	cuda:0	True
2026-05-25 16:40:23,461 - INFO - module.condition_encoder.blocks.1.temporal_attention.output_projection.bias	torch.Size([64])	cuda:0	True
2026-05-25 16:40:23,461 - INFO - You select `adamw` optimizer.
2026-05-25 16:40:23,461 - INFO - module.condition_encoder.blocks.1.graph_convolution.projections.0.weight	torch.Size([64, 64])	cuda:0	True
2026-05-25 16:40:23,461 - INFO - module.condition_encoder.blocks.1.graph_convolution.projections.0.bias	torch.Size([64])	cuda:0	True
2026-05-25 16:40:23,461 - INFO - module.condition_encoder.blocks.1.graph_convolution.projections.1.weight	torch.Size([64, 64])	cuda:0	True
2026-05-25 16:40:23,461 - INFO - module.condition_encoder.blocks.1.graph_convolution.projections.1.bias	torch.Size([64])	cuda:0	True
2026-05-25 16:40:23,461 - INFO - module.condition_encoder.blocks.1.graph_convolution.projections.2.weight	torch.Size([64, 64])	cuda:0	True
2026-05-25 16:40:23,461 - INFO - module.condition_encoder.blocks.1.graph_convolution.projections.2.bias	torch.Size([64])	cuda:0	True
2026-05-25 16:40:23,462 - INFO - module.condition_encoder.blocks.1.feed_forward.network.0.weight	torch.Size([128, 64])	cuda:0	True
2026-05-25 16:40:23,462 - INFO - module.condition_encoder.blocks.1.feed_forward.network.0.bias	torch.Size([128])	cuda:0	True
2026-05-25 16:40:23,462 - INFO - module.condition_encoder.blocks.1.feed_forward.network.3.weight	torch.Size([64, 128])	cuda:0	True
2026-05-25 16:40:23,462 - INFO - module.condition_encoder.blocks.1.feed_forward.network.3.bias	torch.Size([64])	cuda:0	True
2026-05-25 16:40:23,462 - INFO - module.condition_encoder.blocks.1.norm_temporal.weight	torch.Size([64])	cuda:0	True
2026-05-25 16:40:23,462 - INFO - module.condition_encoder.blocks.1.norm_temporal.bias	torch.Size([64])	cuda:0	True
2026-05-25 16:40:23,462 - INFO - module.condition_encoder.blocks.1.norm_graph.weight	torch.Size([64])	cuda:0	True
2026-05-25 16:40:23,462 - INFO - module.condition_encoder.blocks.1.norm_graph.bias	torch.Size([64])	cuda:0	True
2026-05-25 16:40:23,462 - INFO - module.condition_encoder.blocks.1.norm_ffn.weight	torch.Size([64])	cuda:0	True
2026-05-25 16:40:23,462 - INFO - module.condition_encoder.blocks.1.norm_ffn.bias	torch.Size([64])	cuda:0	True
2026-05-25 16:40:23,462 - INFO - module.condition_encoder.final_norm.weight	torch.Size([64])	cuda:0	True
2026-05-25 16:40:23,462 - INFO - module.condition_encoder.final_norm.bias	torch.Size([64])	cuda:0	True
2026-05-25 16:40:23,462 - INFO - module.future_decoder.future_queries	torch.Size([1, 12, 307, 64])	cuda:0	True
2026-05-25 16:40:23,462 - INFO - module.future_decoder.blocks.0.temporal_attention.query_projection.weight	torch.Size([64, 64])	cuda:0	True
2026-05-25 16:40:23,462 - INFO - module.future_decoder.blocks.0.temporal_attention.query_projection.bias	torch.Size([64])	cuda:0	True
2026-05-25 16:40:23,462 - INFO - You select `reducelronplateau` lr_scheduler.
2026-05-25 16:40:23,462 - INFO - module.future_decoder.blocks.0.temporal_attention.key_projection.weight	torch.Size([64, 64])	cuda:0	True
2026-05-25 16:40:23,462 - INFO - module.future_decoder.blocks.0.temporal_attention.key_projection.bias	torch.Size([64])	cuda:0	True
2026-05-25 16:40:23,462 - INFO - module.future_decoder.blocks.0.temporal_attention.value_projection.weight	torch.Size([64, 64])	cuda:0	True
2026-05-25 16:40:23,462 - WARNING - Received none train loss func and will use the loss func defined in the model.
2026-05-25 16:40:23,462 - INFO - module.future_decoder.blocks.0.temporal_attention.value_projection.bias	torch.Size([64])	cuda:0	True
2026-05-25 16:40:23,462 - INFO - module.future_decoder.blocks.0.temporal_attention.output_projection.weight	torch.Size([64, 64])	cuda:0	True
2026-05-25 16:40:23,462 - INFO - module.future_decoder.blocks.0.temporal_attention.output_projection.bias	torch.Size([64])	cuda:0	True
2026-05-25 16:40:23,462 - INFO - Start training ...
2026-05-25 16:40:23,462 - INFO - module.future_decoder.blocks.0.graph_convolution.projections.0.weight	torch.Size([64, 64])	cuda:0	True
2026-05-25 16:40:23,462 - INFO - module.future_decoder.blocks.0.graph_convolution.projections.0.bias	torch.Size([64])	cuda:0	True
2026-05-25 16:40:23,462 - INFO - num_batches:40
2026-05-25 16:40:23,462 - INFO - module.future_decoder.blocks.0.graph_convolution.projections.1.weight	torch.Size([64, 64])	cuda:0	True
2026-05-25 16:40:23,462 - INFO - module.future_decoder.blocks.0.graph_convolution.projections.1.bias	torch.Size([64])	cuda:0	True
2026-05-25 16:40:23,462 - INFO - module.future_decoder.blocks.0.graph_convolution.projections.2.weight	torch.Size([64, 64])	cuda:0	True
2026-05-25 16:40:23,462 - INFO - module.future_decoder.blocks.0.graph_convolution.projections.2.bias	torch.Size([64])	cuda:0	True
2026-05-25 16:40:23,462 - INFO - module.future_decoder.blocks.0.cross_attention.query_projection.weight	torch.Size([64, 64])	cuda:0	True
2026-05-25 16:40:23,462 - INFO - module.future_decoder.blocks.0.cross_attention.query_projection.bias	torch.Size([64])	cuda:0	True
2026-05-25 16:40:23,462 - INFO - module.future_decoder.blocks.0.cross_attention.key_projection.weight	torch.Size([64, 64])	cuda:0	True
2026-05-25 16:40:23,462 - INFO - module.future_decoder.blocks.0.cross_attention.key_projection.bias	torch.Size([64])	cuda:0	True
2026-05-25 16:40:23,462 - INFO - module.future_decoder.blocks.0.cross_attention.value_projection.weight	torch.Size([64, 64])	cuda:0	True
2026-05-25 16:40:23,462 - INFO - module.future_decoder.blocks.0.cross_attention.value_projection.bias	torch.Size([64])	cuda:0	True
2026-05-25 16:40:23,462 - INFO - module.future_decoder.blocks.0.cross_attention.output_projection.weight	torch.Size([64, 64])	cuda:0	True
2026-05-25 16:40:23,462 - INFO - module.future_decoder.blocks.0.cross_attention.output_projection.bias	torch.Size([64])	cuda:0	True
2026-05-25 16:40:23,462 - INFO - module.future_decoder.blocks.0.spatiotemporal_attention.query_projection.weight	torch.Size([64, 64])	cuda:0	True
2026-05-25 16:40:23,463 - INFO - module.future_decoder.blocks.0.spatiotemporal_attention.query_projection.bias	torch.Size([64])	cuda:0	True
2026-05-25 16:40:23,463 - INFO - module.future_decoder.blocks.0.spatiotemporal_attention.key_projection.weight	torch.Size([64, 64])	cuda:0	True
2026-05-25 16:40:23,463 - INFO - module.future_decoder.blocks.0.spatiotemporal_attention.key_projection.bias	torch.Size([64])	cuda:0	True
2026-05-25 16:40:23,463 - INFO - module.future_decoder.blocks.0.spatiotemporal_attention.value_projection.weight	torch.Size([64, 64])	cuda:0	True
2026-05-25 16:40:23,463 - INFO - module.future_decoder.blocks.0.spatiotemporal_attention.value_projection.bias	torch.Size([64])	cuda:0	True
2026-05-25 16:40:23,463 - INFO - module.future_decoder.blocks.0.spatiotemporal_attention.output_projection.weight	torch.Size([64, 64])	cuda:0	True
2026-05-25 16:40:23,463 - INFO - module.future_decoder.blocks.0.spatiotemporal_attention.output_projection.bias	torch.Size([64])	cuda:0	True
2026-05-25 16:40:23,463 - INFO - module.future_decoder.blocks.0.feed_forward.network.0.weight	torch.Size([128, 64])	cuda:0	True
2026-05-25 16:40:23,463 - INFO - module.future_decoder.blocks.0.feed_forward.network.0.bias	torch.Size([128])	cuda:0	True
2026-05-25 16:40:23,463 - INFO - module.future_decoder.blocks.0.feed_forward.network.3.weight	torch.Size([64, 128])	cuda:0	True
2026-05-25 16:40:23,463 - INFO - module.future_decoder.blocks.0.feed_forward.network.3.bias	torch.Size([64])	cuda:0	True
2026-05-25 16:40:23,463 - INFO - module.future_decoder.blocks.0.norm_temporal.weight	torch.Size([64])	cuda:0	True
2026-05-25 16:40:23,463 - INFO - module.future_decoder.blocks.0.norm_temporal.bias	torch.Size([64])	cuda:0	True
2026-05-25 16:40:23,463 - INFO - module.future_decoder.blocks.0.norm_graph.weight	torch.Size([64])	cuda:0	True
2026-05-25 16:40:23,463 - INFO - module.future_decoder.blocks.0.norm_graph.bias	torch.Size([64])	cuda:0	True
2026-05-25 16:40:23,463 - INFO - module.future_decoder.blocks.0.norm_cross.weight	torch.Size([64])	cuda:0	True
2026-05-25 16:40:23,463 - INFO - module.future_decoder.blocks.0.norm_cross.bias	torch.Size([64])	cuda:0	True
2026-05-25 16:40:23,463 - INFO - module.future_decoder.blocks.0.norm_spatiotemporal.weight	torch.Size([64])	cuda:0	True
2026-05-25 16:40:23,463 - INFO - module.future_decoder.blocks.0.norm_spatiotemporal.bias	torch.Size([64])	cuda:0	True
2026-05-25 16:40:23,463 - INFO - module.future_decoder.blocks.0.norm_ffn.weight	torch.Size([64])	cuda:0	True
2026-05-25 16:40:23,463 - INFO - module.future_decoder.blocks.0.norm_ffn.bias	torch.Size([64])	cuda:0	True
2026-05-25 16:40:23,463 - INFO - module.future_decoder.blocks.1.temporal_attention.query_projection.weight	torch.Size([64, 64])	cuda:0	True
2026-05-25 16:40:23,463 - INFO - module.future_decoder.blocks.1.temporal_attention.query_projection.bias	torch.Size([64])	cuda:0	True
2026-05-25 16:40:23,463 - INFO - module.future_decoder.blocks.1.temporal_attention.key_projection.weight	torch.Size([64, 64])	cuda:0	True
2026-05-25 16:40:23,463 - INFO - module.future_decoder.blocks.1.temporal_attention.key_projection.bias	torch.Size([64])	cuda:0	True
2026-05-25 16:40:23,463 - INFO - module.future_decoder.blocks.1.temporal_attention.value_projection.weight	torch.Size([64, 64])	cuda:0	True
2026-05-25 16:40:23,463 - INFO - module.future_decoder.blocks.1.temporal_attention.value_projection.bias	torch.Size([64])	cuda:0	True
2026-05-25 16:40:23,463 - INFO - module.future_decoder.blocks.1.temporal_attention.output_projection.weight	torch.Size([64, 64])	cuda:0	True
2026-05-25 16:40:23,463 - INFO - module.future_decoder.blocks.1.temporal_attention.output_projection.bias	torch.Size([64])	cuda:0	True
2026-05-25 16:40:23,463 - INFO - module.future_decoder.blocks.1.graph_convolution.projections.0.weight	torch.Size([64, 64])	cuda:0	True
2026-05-25 16:40:23,463 - INFO - module.future_decoder.blocks.1.graph_convolution.projections.0.bias	torch.Size([64])	cuda:0	True
2026-05-25 16:40:23,463 - INFO - module.future_decoder.blocks.1.graph_convolution.projections.1.weight	torch.Size([64, 64])	cuda:0	True
2026-05-25 16:40:23,463 - INFO - module.future_decoder.blocks.1.graph_convolution.projections.1.bias	torch.Size([64])	cuda:0	True
2026-05-25 16:40:23,463 - INFO - module.future_decoder.blocks.1.graph_convolution.projections.2.weight	torch.Size([64, 64])	cuda:0	True
2026-05-25 16:40:23,463 - INFO - module.future_decoder.blocks.1.graph_convolution.projections.2.bias	torch.Size([64])	cuda:0	True
2026-05-25 16:40:23,463 - INFO - module.future_decoder.blocks.1.cross_attention.query_projection.weight	torch.Size([64, 64])	cuda:0	True
2026-05-25 16:40:23,463 - INFO - module.future_decoder.blocks.1.cross_attention.query_projection.bias	torch.Size([64])	cuda:0	True
2026-05-25 16:40:23,464 - INFO - module.future_decoder.blocks.1.cross_attention.key_projection.weight	torch.Size([64, 64])	cuda:0	True
2026-05-25 16:40:23,464 - INFO - module.future_decoder.blocks.1.cross_attention.key_projection.bias	torch.Size([64])	cuda:0	True
2026-05-25 16:40:23,464 - INFO - module.future_decoder.blocks.1.cross_attention.value_projection.weight	torch.Size([64, 64])	cuda:0	True
2026-05-25 16:40:23,464 - INFO - module.future_decoder.blocks.1.cross_attention.value_projection.bias	torch.Size([64])	cuda:0	True
2026-05-25 16:40:23,464 - INFO - module.future_decoder.blocks.1.cross_attention.output_projection.weight	torch.Size([64, 64])	cuda:0	True
2026-05-25 16:40:23,464 - INFO - module.future_decoder.blocks.1.cross_attention.output_projection.bias	torch.Size([64])	cuda:0	True
2026-05-25 16:40:23,464 - INFO - module.future_decoder.blocks.1.spatiotemporal_attention.query_projection.weight	torch.Size([64, 64])	cuda:0	True
2026-05-25 16:40:23,464 - INFO - module.future_decoder.blocks.1.spatiotemporal_attention.query_projection.bias	torch.Size([64])	cuda:0	True
2026-05-25 16:40:23,464 - INFO - module.future_decoder.blocks.1.spatiotemporal_attention.key_projection.weight	torch.Size([64, 64])	cuda:0	True
2026-05-25 16:40:23,464 - INFO - module.future_decoder.blocks.1.spatiotemporal_attention.key_projection.bias	torch.Size([64])	cuda:0	True
2026-05-25 16:40:23,464 - INFO - module.future_decoder.blocks.1.spatiotemporal_attention.value_projection.weight	torch.Size([64, 64])	cuda:0	True
2026-05-25 16:40:23,464 - INFO - module.future_decoder.blocks.1.spatiotemporal_attention.value_projection.bias	torch.Size([64])	cuda:0	True
2026-05-25 16:40:23,464 - INFO - module.future_decoder.blocks.1.spatiotemporal_attention.output_projection.weight	torch.Size([64, 64])	cuda:0	True
2026-05-25 16:40:23,464 - INFO - module.future_decoder.blocks.1.spatiotemporal_attention.output_projection.bias	torch.Size([64])	cuda:0	True
2026-05-25 16:40:23,464 - INFO - module.future_decoder.blocks.1.feed_forward.network.0.weight	torch.Size([128, 64])	cuda:0	True
2026-05-25 16:40:23,464 - INFO - module.future_decoder.blocks.1.feed_forward.network.0.bias	torch.Size([128])	cuda:0	True
2026-05-25 16:40:23,464 - INFO - module.future_decoder.blocks.1.feed_forward.network.3.weight	torch.Size([64, 128])	cuda:0	True
2026-05-25 16:40:23,464 - INFO - module.future_decoder.blocks.1.feed_forward.network.3.bias	torch.Size([64])	cuda:0	True
2026-05-25 16:40:23,464 - INFO - module.future_decoder.blocks.1.norm_temporal.weight	torch.Size([64])	cuda:0	True
2026-05-25 16:40:23,464 - INFO - module.future_decoder.blocks.1.norm_temporal.bias	torch.Size([64])	cuda:0	True
2026-05-25 16:40:23,464 - INFO - module.future_decoder.blocks.1.norm_graph.weight	torch.Size([64])	cuda:0	True
2026-05-25 16:40:23,464 - INFO - module.future_decoder.blocks.1.norm_graph.bias	torch.Size([64])	cuda:0	True
2026-05-25 16:40:23,464 - INFO - module.future_decoder.blocks.1.norm_cross.weight	torch.Size([64])	cuda:0	True
2026-05-25 16:40:23,464 - INFO - module.future_decoder.blocks.1.norm_cross.bias	torch.Size([64])	cuda:0	True
2026-05-25 16:40:23,464 - INFO - module.future_decoder.blocks.1.norm_spatiotemporal.weight	torch.Size([64])	cuda:0	True
2026-05-25 16:40:23,464 - INFO - module.future_decoder.blocks.1.norm_spatiotemporal.bias	torch.Size([64])	cuda:0	True
2026-05-25 16:40:23,464 - INFO - module.future_decoder.blocks.1.norm_ffn.weight	torch.Size([64])	cuda:0	True
2026-05-25 16:40:23,464 - INFO - module.future_decoder.blocks.1.norm_ffn.bias	torch.Size([64])	cuda:0	True
2026-05-25 16:40:23,464 - INFO - module.future_decoder.final_norm.weight	torch.Size([64])	cuda:0	True
2026-05-25 16:40:23,464 - INFO - module.future_decoder.final_norm.bias	torch.Size([64])	cuda:0	True
2026-05-25 16:40:23,464 - INFO - module.future_decoder.output_projection.weight	torch.Size([3, 64])	cuda:0	True
2026-05-25 16:40:23,464 - INFO - module.future_decoder.output_projection.bias	torch.Size([3])	cuda:0	True
2026-05-25 16:40:23,465 - INFO - Total parameter numbers: 492192
2026-05-25 16:40:23,465 - INFO - Enable AMP training (dtype=bfloat16).
2026-05-25 16:40:23,465 - INFO - You select `adamw` optimizer.
2026-05-25 16:40:23,465 - INFO - You select `reducelronplateau` lr_scheduler.
2026-05-25 16:40:23,465 - WARNING - Received none train loss func and will use the loss func defined in the model.
2026-05-25 16:40:23,465 - INFO - Start training ...
2026-05-25 16:40:23,465 - INFO - num_batches:40
2026-05-25 16:40:28,783 - INFO - epoch complete!
2026-05-25 16:40:28,784 - INFO - evaluating now!
2026-05-25 16:40:28,784 - INFO - epoch complete!
2026-05-25 16:40:28,785 - INFO - evaluating now!
2026-05-25 16:40:28,786 - INFO - epoch complete!
2026-05-25 16:40:28,786 - INFO - evaluating now!
2026-05-25 16:40:28,791 - INFO - epoch complete!
2026-05-25 16:40:28,792 - INFO - evaluating now!
2026-05-25 16:40:29,260 - INFO - Epoch [0/10] train_loss: 0.4955, val_loss: 0.3742, lr: 0.000500, 5.79s
2026-05-25 16:40:29,260 - INFO - Epoch [0/10] train_loss: 0.4943, val_loss: 0.3742, lr: 0.000500, 5.80s
2026-05-25 16:40:29,260 - INFO - Epoch [0/10] train_loss: 0.4985, val_loss: 0.3742, lr: 0.000500, 5.80s
2026-05-25 16:40:29,260 - INFO - Epoch [0/10] train_loss: 0.4994, val_loss: 0.3742, lr: 0.000500, 5.80s
2026-05-25 16:40:29,297 - INFO - Saved model at 0
2026-05-25 16:40:29,297 - INFO - Saved model at 0
2026-05-25 16:40:29,297 - INFO - Val loss decrease from inf to 0.3742, saving to /home/lizhuoxuan/lzq/Bigscity-LibCity-master/outputs/20260525_164012__traffic_state_pred__new_fuzzy_3__PEMSD4/model_cache/new_fuzzy_3_PEMSD4_epoch0.tar
2026-05-25 16:40:29,297 - INFO - Val loss decrease from inf to 0.3742, saving to /home/lizhuoxuan/lzq/Bigscity-LibCity-master/outputs/20260525_164012__traffic_state_pred__new_fuzzy_3__PEMSD4/model_cache/new_fuzzy_3_PEMSD4_epoch0.tar
2026-05-25 16:40:29,505 - INFO - Saved model at 0
2026-05-25 16:40:29,505 - INFO - Saved model at 0
2026-05-25 16:40:29,505 - INFO - Val loss decrease from inf to 0.3742, saving to /home/lizhuoxuan/lzq/Bigscity-LibCity-master/outputs/20260525_164012__traffic_state_pred__new_fuzzy_3__PEMSD4/model_cache/new_fuzzy_3_PEMSD4_epoch0.tar
2026-05-25 16:40:29,505 - INFO - Val loss decrease from inf to 0.3742, saving to /home/lizhuoxuan/lzq/Bigscity-LibCity-master/outputs/20260525_164012__traffic_state_pred__new_fuzzy_3__PEMSD4/model_cache/new_fuzzy_3_PEMSD4_epoch0.tar
2026-05-25 16:40:34,136 - INFO - epoch complete!
2026-05-25 16:40:34,136 - INFO - epoch complete!
2026-05-25 16:40:34,137 - INFO - evaluating now!
2026-05-25 16:40:34,137 - INFO - evaluating now!
2026-05-25 16:40:34,138 - INFO - epoch complete!
2026-05-25 16:40:34,138 - INFO - evaluating now!
2026-05-25 16:40:34,146 - INFO - epoch complete!
2026-05-25 16:40:34,146 - INFO - evaluating now!
2026-05-25 16:40:34,613 - INFO - Epoch [1/10] train_loss: 0.3917, val_loss: 0.3775, lr: 0.000500, 5.11s
2026-05-25 16:40:34,613 - INFO - Epoch [1/10] train_loss: 0.3902, val_loss: 0.3775, lr: 0.000500, 5.32s
2026-05-25 16:40:34,613 - INFO - Epoch [1/10] train_loss: 0.3944, val_loss: 0.3775, lr: 0.000500, 5.32s
2026-05-25 16:40:34,613 - INFO - Epoch [1/10] train_loss: 0.3907, val_loss: 0.3775, lr: 0.000500, 5.11s
2026-05-25 16:40:39,258 - INFO - epoch complete!
2026-05-25 16:40:39,259 - INFO - evaluating now!
2026-05-25 16:40:39,264 - INFO - epoch complete!
2026-05-25 16:40:39,264 - INFO - epoch complete!
2026-05-25 16:40:39,264 - INFO - evaluating now!
2026-05-25 16:40:39,264 - INFO - evaluating now!
2026-05-25 16:40:39,264 - INFO - epoch complete!
2026-05-25 16:40:39,264 - INFO - evaluating now!
2026-05-25 16:40:39,735 - INFO - Epoch [2/10] train_loss: 0.3788, val_loss: 0.3808, lr: 0.000500, 5.12s
2026-05-25 16:40:39,735 - INFO - Epoch [2/10] train_loss: 0.3775, val_loss: 0.3808, lr: 0.000500, 5.12s
2026-05-25 16:40:39,735 - INFO - Epoch [2/10] train_loss: 0.3766, val_loss: 0.3808, lr: 0.000500, 5.12s
2026-05-25 16:40:39,735 - INFO - Epoch [2/10] train_loss: 0.3789, val_loss: 0.3808, lr: 0.000500, 5.12s
2026-05-25 16:40:44,411 - INFO - epoch complete!
2026-05-25 16:40:44,411 - INFO - evaluating now!
2026-05-25 16:40:44,411 - INFO - epoch complete!
2026-05-25 16:40:44,411 - INFO - evaluating now!
2026-05-25 16:40:44,417 - INFO - epoch complete!
2026-05-25 16:40:44,418 - INFO - evaluating now!
2026-05-25 16:40:44,418 - INFO - epoch complete!
2026-05-25 16:40:44,419 - INFO - evaluating now!
2026-05-25 16:40:44,889 - INFO - Epoch [3/10] train_loss: 0.3739, val_loss: 0.3820, lr: 0.000500, 5.15s
2026-05-25 16:40:44,889 - INFO - Epoch [3/10] train_loss: 0.3727, val_loss: 0.3820, lr: 0.000500, 5.15s
2026-05-25 16:40:44,889 - INFO - Epoch [3/10] train_loss: 0.3717, val_loss: 0.3820, lr: 0.000500, 5.15s
2026-05-25 16:40:44,889 - INFO - Epoch [3/10] train_loss: 0.3708, val_loss: 0.3820, lr: 0.000500, 5.15s
2026-05-25 16:40:49,550 - INFO - epoch complete!
2026-05-25 16:40:49,550 - INFO - evaluating now!
2026-05-25 16:40:49,550 - INFO - epoch complete!
2026-05-25 16:40:49,550 - INFO - evaluating now!
2026-05-25 16:40:49,551 - INFO - epoch complete!
2026-05-25 16:40:49,551 - INFO - epoch complete!
2026-05-25 16:40:49,551 - INFO - evaluating now!
2026-05-25 16:40:49,552 - INFO - evaluating now!
2026-05-25 16:40:50,030 - INFO - Epoch [4/10] train_loss: 0.3694, val_loss: 0.3784, lr: 0.000500, 5.14s
2026-05-25 16:40:50,030 - INFO - Epoch [4/10] train_loss: 0.3684, val_loss: 0.3784, lr: 0.000500, 5.14s
2026-05-25 16:40:50,030 - INFO - Epoch [4/10] train_loss: 0.3676, val_loss: 0.3784, lr: 0.000500, 5.14s
2026-05-25 16:40:50,030 - INFO - Epoch [4/10] train_loss: 0.3689, val_loss: 0.3784, lr: 0.000500, 5.14s
2026-05-25 16:40:54,674 - INFO - epoch complete!
2026-05-25 16:40:54,674 - INFO - epoch complete!
2026-05-25 16:40:54,675 - INFO - evaluating now!
2026-05-25 16:40:54,675 - INFO - evaluating now!
2026-05-25 16:40:54,675 - INFO - epoch complete!
2026-05-25 16:40:54,675 - INFO - epoch complete!
2026-05-25 16:40:54,675 - INFO - evaluating now!
2026-05-25 16:40:54,675 - INFO - evaluating now!
2026-05-25 16:40:55,152 - INFO - Epoch [5/10] train_loss: 0.3651, val_loss: 0.3739, lr: 0.000500, 5.12s
2026-05-25 16:40:55,152 - INFO - Epoch [5/10] train_loss: 0.3670, val_loss: 0.3739, lr: 0.000500, 5.12s
2026-05-25 16:40:55,152 - INFO - Epoch [5/10] train_loss: 0.3625, val_loss: 0.3739, lr: 0.000500, 5.12s
2026-05-25 16:40:55,152 - INFO - Epoch [5/10] train_loss: 0.3663, val_loss: 0.3739, lr: 0.000500, 5.12s
2026-05-25 16:40:55,367 - INFO - Saved model at 5
2026-05-25 16:40:55,367 - INFO - Saved model at 5
2026-05-25 16:40:55,367 - INFO - Saved model at 5
2026-05-25 16:40:55,367 - INFO - Val loss decrease from 0.3742 to 0.3739, saving to /home/lizhuoxuan/lzq/Bigscity-LibCity-master/outputs/20260525_164012__traffic_state_pred__new_fuzzy_3__PEMSD4/model_cache/new_fuzzy_3_PEMSD4_epoch5.tar
2026-05-25 16:40:55,367 - INFO - Val loss decrease from 0.3742 to 0.3739, saving to /home/lizhuoxuan/lzq/Bigscity-LibCity-master/outputs/20260525_164012__traffic_state_pred__new_fuzzy_3__PEMSD4/model_cache/new_fuzzy_3_PEMSD4_epoch5.tar
2026-05-25 16:40:55,367 - INFO - Val loss decrease from 0.3742 to 0.3739, saving to /home/lizhuoxuan/lzq/Bigscity-LibCity-master/outputs/20260525_164012__traffic_state_pred__new_fuzzy_3__PEMSD4/model_cache/new_fuzzy_3_PEMSD4_epoch5.tar
2026-05-25 16:40:55,379 - INFO - Saved model at 5
2026-05-25 16:40:55,379 - INFO - Val loss decrease from 0.3742 to 0.3739, saving to /home/lizhuoxuan/lzq/Bigscity-LibCity-master/outputs/20260525_164012__traffic_state_pred__new_fuzzy_3__PEMSD4/model_cache/new_fuzzy_3_PEMSD4_epoch5.tar
2026-05-25 16:41:00,066 - INFO - epoch complete!
2026-05-25 16:41:00,067 - INFO - evaluating now!
2026-05-25 16:41:00,067 - INFO - epoch complete!
2026-05-25 16:41:00,067 - INFO - evaluating now!
2026-05-25 16:41:00,067 - INFO - epoch complete!
2026-05-25 16:41:00,067 - INFO - evaluating now!
2026-05-25 16:41:00,074 - INFO - epoch complete!
2026-05-25 16:41:00,075 - INFO - evaluating now!
2026-05-25 16:41:00,546 - INFO - Epoch [6/10] train_loss: 0.3624, val_loss: 0.3719, lr: 0.000500, 5.18s
2026-05-25 16:41:00,546 - INFO - Epoch [6/10] train_loss: 0.3626, val_loss: 0.3719, lr: 0.000500, 5.18s
2026-05-25 16:41:00,546 - INFO - Epoch [6/10] train_loss: 0.3642, val_loss: 0.3719, lr: 0.000500, 5.18s
2026-05-25 16:41:00,546 - INFO - Epoch [6/10] train_loss: 0.3604, val_loss: 0.3719, lr: 0.000500, 5.17s
2026-05-25 16:41:00,581 - INFO - Saved model at 6
2026-05-25 16:41:00,581 - INFO - Saved model at 6
2026-05-25 16:41:00,581 - INFO - Saved model at 6
2026-05-25 16:41:00,581 - INFO - Val loss decrease from 0.3739 to 0.3719, saving to /home/lizhuoxuan/lzq/Bigscity-LibCity-master/outputs/20260525_164012__traffic_state_pred__new_fuzzy_3__PEMSD4/model_cache/new_fuzzy_3_PEMSD4_epoch6.tar
2026-05-25 16:41:00,581 - INFO - Val loss decrease from 0.3739 to 0.3719, saving to /home/lizhuoxuan/lzq/Bigscity-LibCity-master/outputs/20260525_164012__traffic_state_pred__new_fuzzy_3__PEMSD4/model_cache/new_fuzzy_3_PEMSD4_epoch6.tar
2026-05-25 16:41:00,581 - INFO - Saved model at 6
2026-05-25 16:41:00,581 - INFO - Val loss decrease from 0.3739 to 0.3719, saving to /home/lizhuoxuan/lzq/Bigscity-LibCity-master/outputs/20260525_164012__traffic_state_pred__new_fuzzy_3__PEMSD4/model_cache/new_fuzzy_3_PEMSD4_epoch6.tar
2026-05-25 16:41:00,581 - INFO - Val loss decrease from 0.3739 to 0.3719, saving to /home/lizhuoxuan/lzq/Bigscity-LibCity-master/outputs/20260525_164012__traffic_state_pred__new_fuzzy_3__PEMSD4/model_cache/new_fuzzy_3_PEMSD4_epoch6.tar
2026-05-25 16:41:05,224 - INFO - epoch complete!
2026-05-25 16:41:05,224 - INFO - evaluating now!
2026-05-25 16:41:05,225 - INFO - epoch complete!
2026-05-25 16:41:05,225 - INFO - evaluating now!
2026-05-25 16:41:05,225 - INFO - epoch complete!
2026-05-25 16:41:05,225 - INFO - evaluating now!
2026-05-25 16:41:05,232 - INFO - epoch complete!
2026-05-25 16:41:05,233 - INFO - evaluating now!
2026-05-25 16:41:05,701 - INFO - Epoch [7/10] train_loss: 0.3586, val_loss: nan, lr: 0.000500, 5.12s
2026-05-25 16:41:05,701 - INFO - Epoch [7/10] train_loss: 0.3592, val_loss: nan, lr: 0.000500, 5.12s
2026-05-25 16:41:05,701 - INFO - Epoch [7/10] train_loss: 0.3621, val_loss: nan, lr: 0.000500, 5.12s
2026-05-25 16:41:05,701 - INFO - Epoch [7/10] train_loss: 0.3588, val_loss: nan, lr: 0.000500, 5.12s
2026-05-25 16:41:10,350 - INFO - epoch complete!
2026-05-25 16:41:10,350 - INFO - evaluating now!
2026-05-25 16:41:10,350 - INFO - epoch complete!
2026-05-25 16:41:10,350 - INFO - evaluating now!
2026-05-25 16:41:10,358 - INFO - epoch complete!
2026-05-25 16:41:10,358 - INFO - evaluating now!
2026-05-25 16:41:10,358 - INFO - epoch complete!
2026-05-25 16:41:10,359 - INFO - evaluating now!
2026-05-25 16:41:10,834 - INFO - Epoch [8/10] train_loss: 0.3606, val_loss: 0.3688, lr: 0.000500, 5.13s
2026-05-25 16:41:10,834 - INFO - Epoch [8/10] train_loss: 0.3576, val_loss: 0.3688, lr: 0.000500, 5.13s
2026-05-25 16:41:10,834 - INFO - Epoch [8/10] train_loss: 0.3555, val_loss: 0.3688, lr: 0.000500, 5.13s
2026-05-25 16:41:10,834 - INFO - Epoch [8/10] train_loss: 0.3572, val_loss: 0.3688, lr: 0.000500, 5.13s
2026-05-25 16:41:11,008 - INFO - Saved model at 8
2026-05-25 16:41:11,009 - INFO - Val loss decrease from 0.3719 to 0.3688, saving to /home/lizhuoxuan/lzq/Bigscity-LibCity-master/outputs/20260525_164012__traffic_state_pred__new_fuzzy_3__PEMSD4/model_cache/new_fuzzy_3_PEMSD4_epoch8.tar
2026-05-25 16:41:11,018 - INFO - Saved model at 8
2026-05-25 16:41:11,018 - INFO - Val loss decrease from 0.3719 to 0.3688, saving to /home/lizhuoxuan/lzq/Bigscity-LibCity-master/outputs/20260525_164012__traffic_state_pred__new_fuzzy_3__PEMSD4/model_cache/new_fuzzy_3_PEMSD4_epoch8.tar
2026-05-25 16:41:11,038 - INFO - Saved model at 8
2026-05-25 16:41:11,038 - INFO - Val loss decrease from 0.3719 to 0.3688, saving to /home/lizhuoxuan/lzq/Bigscity-LibCity-master/outputs/20260525_164012__traffic_state_pred__new_fuzzy_3__PEMSD4/model_cache/new_fuzzy_3_PEMSD4_epoch8.tar
2026-05-25 16:41:11,082 - INFO - Saved model at 8
2026-05-25 16:41:11,083 - INFO - Val loss decrease from 0.3719 to 0.3688, saving to /home/lizhuoxuan/lzq/Bigscity-LibCity-master/outputs/20260525_164012__traffic_state_pred__new_fuzzy_3__PEMSD4/model_cache/new_fuzzy_3_PEMSD4_epoch8.tar
2026-05-25 16:41:15,773 - INFO - epoch complete!
2026-05-25 16:41:15,774 - INFO - evaluating now!
2026-05-25 16:41:15,774 - INFO - epoch complete!
2026-05-25 16:41:15,774 - INFO - evaluating now!
2026-05-25 16:41:15,780 - INFO - epoch complete!
2026-05-25 16:41:15,780 - INFO - evaluating now!
2026-05-25 16:41:15,781 - INFO - epoch complete!
2026-05-25 16:41:15,782 - INFO - evaluating now!
2026-05-25 16:41:16,249 - INFO - Epoch [9/10] train_loss: 0.3567, val_loss: nan, lr: 0.000500, 5.17s
2026-05-25 16:41:16,249 - INFO - Epoch [9/10] train_loss: 0.3546, val_loss: nan, lr: 0.000500, 5.21s
2026-05-25 16:41:16,249 - INFO - Epoch [9/10] train_loss: 0.3581, val_loss: nan, lr: 0.000500, 5.23s
2026-05-25 16:41:16,249 - INFO - Epoch [9/10] train_loss: 0.3558, val_loss: nan, lr: 0.000500, 5.24s
2026-05-25 16:41:16,249 - INFO - Trained totally 10 epochs, average train time is 4.753s, average eval time is 0.477s
2026-05-25 16:41:16,249 - INFO - Trained totally 10 epochs, average train time is 4.728s, average eval time is 0.475s
2026-05-25 16:41:16,249 - INFO - Trained totally 10 epochs, average train time is 4.755s, average eval time is 0.476s
2026-05-25 16:41:16,249 - INFO - Trained totally 10 epochs, average train time is 4.737s, average eval time is 0.472s
2026-05-25 16:41:16,334 - INFO - Loaded model at 8
2026-05-25 16:41:16,334 - INFO - Loaded model at 8
2026-05-25 16:41:16,334 - INFO - Start evaluating ...
2026-05-25 16:41:16,334 - INFO - Start evaluating ...
2026-05-25 16:41:16,334 - INFO - Loaded model at 8
2026-05-25 16:41:16,335 - INFO - Start evaluating ...
2026-05-25 16:41:16,335 - INFO - Loaded model at 8
2026-05-25 16:41:16,336 - INFO - Saved model at /home/lizhuoxuan/lzq/Bigscity-LibCity-master/outputs/20260525_164012__traffic_state_pred__new_fuzzy_3__PEMSD4/model_cache/new_fuzzy_3_PEMSD4.m
2026-05-25 16:41:16,371 - INFO - Start evaluating ...
