2026-05-07 18:28:40,790 - INFO - Log directory: /home/lizhuoxuan/lzq/Bigscity-LibCity-master/outputs/20260507_182840__traffic_state_pred__STGCN__PEMSD4/logs
2026-05-07 18:28:49,760 - INFO - You select quick mode to train STGCN model.
2026-05-07 18:28:49,864 - INFO - Chebyshev_polynomial_Lk shape: (3, 307, 307)
2026-05-07 18:28:51,454 - INFO - Enable AMP training (dtype=float16).
2026-05-07 18:28:51,455 - INFO - You select `rmsprop` optimizer.
2026-05-07 18:28:51,455 - INFO - You select `steplr` lr_scheduler.
2026-05-07 18:28:51,455 - WARNING - Received none train loss func and will use the loss func defined in the model.
2026-05-07 18:28:51,455 - INFO - Start training ...
2026-05-07 18:28:51,455 - INFO - num_batches:80
2026-05-07 18:28:53,103 - INFO - epoch complete!
2026-05-07 18:28:53,103 - INFO - evaluating now!
2026-05-07 18:28:53,860 - INFO - Epoch [0/10] train_loss: 5007.0457, val_loss: 1840.6087, lr: 0.002000, 2.41s
2026-05-07 18:28:53,872 - INFO - Saved model at 0
2026-05-07 18:28:53,872 - INFO - Val loss decrease from inf to 1840.6087, saving to /home/lizhuoxuan/lzq/Bigscity-LibCity-master/outputs/20260507_182840__traffic_state_pred__STGCN__PEMSD4/model_cache/STGCN_PEMSD4_epoch0.tar
2026-05-07 18:28:54,801 - INFO - epoch complete!
2026-05-07 18:28:54,801 - INFO - evaluating now!
2026-05-07 18:28:55,541 - INFO - Epoch [1/10] train_loss: 674.0892, val_loss: 1152.2265, lr: 0.002000, 1.67s
2026-05-07 18:28:55,551 - INFO - Saved model at 1
2026-05-07 18:28:55,551 - INFO - Val loss decrease from 1840.6087 to 1152.2265, saving to /home/lizhuoxuan/lzq/Bigscity-LibCity-master/outputs/20260507_182840__traffic_state_pred__STGCN__PEMSD4/model_cache/STGCN_PEMSD4_epoch1.tar
2026-05-07 18:28:56,485 - INFO - epoch complete!
2026-05-07 18:28:56,485 - INFO - evaluating now!
2026-05-07 18:28:57,225 - INFO - Epoch [2/10] train_loss: 577.7911, val_loss: 1182.4213, lr: 0.002000, 1.67s
2026-05-07 18:28:58,155 - INFO - epoch complete!
2026-05-07 18:28:58,155 - INFO - evaluating now!
2026-05-07 18:28:58,895 - INFO - Epoch [3/10] train_loss: 537.3099, val_loss: 1121.1716, lr: 0.002000, 1.67s
2026-05-07 18:28:58,904 - INFO - Saved model at 3
2026-05-07 18:28:58,905 - INFO - Val loss decrease from 1152.2265 to 1121.1716, saving to /home/lizhuoxuan/lzq/Bigscity-LibCity-master/outputs/20260507_182840__traffic_state_pred__STGCN__PEMSD4/model_cache/STGCN_PEMSD4_epoch3.tar
2026-05-07 18:28:59,835 - INFO - epoch complete!
2026-05-07 18:28:59,835 - INFO - evaluating now!
2026-05-07 18:29:00,576 - INFO - Epoch [4/10] train_loss: 517.8149, val_loss: 2051.7285, lr: 0.001400, 1.67s
2026-05-07 18:29:01,498 - INFO - epoch complete!
2026-05-07 18:29:01,499 - INFO - evaluating now!
2026-05-07 18:29:02,239 - INFO - Epoch [5/10] train_loss: 359.0419, val_loss: 777.2615, lr: 0.001400, 1.66s
2026-05-07 18:29:02,249 - INFO - Saved model at 5
2026-05-07 18:29:02,249 - INFO - Val loss decrease from 1121.1716 to 777.2615, saving to /home/lizhuoxuan/lzq/Bigscity-LibCity-master/outputs/20260507_182840__traffic_state_pred__STGCN__PEMSD4/model_cache/STGCN_PEMSD4_epoch5.tar
2026-05-07 18:29:03,183 - INFO - epoch complete!
2026-05-07 18:29:03,184 - INFO - evaluating now!
2026-05-07 18:29:03,927 - INFO - Epoch [6/10] train_loss: 397.5173, val_loss: 872.3159, lr: 0.001400, 1.68s
2026-05-07 18:29:04,857 - INFO - epoch complete!
2026-05-07 18:29:04,857 - INFO - evaluating now!
2026-05-07 18:29:05,599 - INFO - Epoch [7/10] train_loss: 400.1699, val_loss: 960.4836, lr: 0.001400, 1.67s
2026-05-07 18:29:06,518 - INFO - epoch complete!
2026-05-07 18:29:06,519 - INFO - evaluating now!
2026-05-07 18:29:07,259 - INFO - Epoch [8/10] train_loss: 392.4850, val_loss: 2102.9458, lr: 0.001400, 1.66s
2026-05-07 18:29:08,175 - INFO - epoch complete!
2026-05-07 18:29:08,175 - INFO - evaluating now!
2026-05-07 18:29:08,918 - INFO - Epoch [9/10] train_loss: 368.8821, val_loss: 2310.1325, lr: 0.000980, 1.66s
2026-05-07 18:29:08,918 - INFO - Trained totally 10 epochs, average train time is 0.999s, average eval time is 0.743s
2026-05-07 18:29:08,932 - INFO - Loaded model at 5
