2026-05-07 20:18:24,612 - INFO - Log directory: /home/lizhuoxuan/lzq/Bigscity-LibCity-master/outputs/20260507_201824__traffic_state_pred__new_diffusion_fuzzy__PEMSD4/logs
2026-05-07 20:18:24,612 - INFO - Overfitting test: dataset=PEMSD4 batches=8 epochs=50 lr=0.001 device=cuda:0
2026-05-07 20:18:24,614 - INFO - Loaded file PEMSD4.geo, num_nodes=307
2026-05-07 20:18:24,615 - INFO - set_weight_link_or_dist: link
2026-05-07 20:18:24,615 - INFO - init_weight_inf_or_zero: zero
2026-05-07 20:18:24,617 - INFO - Loaded file PEMSD4.rel, shape=(307, 307)
2026-05-07 20:18:24,617 - INFO - Loading /home/lizhuoxuan/lzq/Bigscity-LibCity-master/cache/dataset_cache/point_based_PEMSD4_12_12_0.7_0.1_standard_32_False_True_True_True.npz
2026-05-07 20:18:34,401 - INFO - train	x: (11878, 12, 307, 3), y: (11878, 12, 307, 3)
2026-05-07 20:18:34,402 - INFO - eval	x: (1697, 12, 307, 3), y: (1697, 12, 307, 3)
2026-05-07 20:18:34,402 - INFO - test	x: (3394, 12, 307, 3), y: (3394, 12, 307, 3)
2026-05-07 20:18:36,747 - INFO - StandardScaler mean: 90.78135542073315, std: 126.14790771308698
2026-05-07 20:18:36,747 - INFO - NoneScaler
2026-05-07 20:18:38,956 - INFO - Full training set: 11908 samples
2026-05-07 20:18:38,957 - INFO - Training on 256 samples, 8 batches/epoch
2026-05-07 20:18:39,199 - INFO - Model params: 796141
2026-05-07 20:18:40,165 - INFO - Enable physics warmup: steps=3000 start_ratio=0.200 mode=linear.
2026-05-07 20:18:43,605 - INFO - epoch    1 | loss=1.622424  best=1.622424  Δ=0.0%  |g|=0.63  step=8
2026-05-07 20:19:44,908 - INFO - epoch   20 | loss=0.103691  best=0.098467  Δ=93.6%  |g|=0.64  step=160
2026-05-07 20:20:49,550 - INFO - epoch   40 | loss=0.098949  best=0.079246  Δ=93.9%  |g|=0.71  step=320
2026-05-07 20:21:21,872 - INFO - epoch   50 | loss=0.085605  best=0.079246  Δ=94.7%  |g|=0.83  step=400
