2026-05-26 16:36:55,173 - INFO - Log directory: /home/lizhuoxuan/lzq/Bigscity-LibCity-master/outputs/20260526_163655__traffic_state_pred__final_new__PEMSD4/logs
2026-05-26 16:36:55,173 - INFO - Begin artifact training pipeline, task=traffic_state_pred, model_name=final_new, dataset_name=PEMSD4, exp_id=20260526_163655__traffic_state_pred__final_new__PEMSD4
2026-05-26 16:36:55,173 - INFO - {'task': 'traffic_state_pred', 'model': 'final_new', 'dataset': 'PEMSD4', 'saved_model': True, 'train': True, 'seed': 42, 'train_rate': 0.6, 'eval_rate': 0.2, 'batch_size': 64, 'learning_rate': 0.001, 'max_epoch': 10, 'dataset_class': 'TrafficStatePointDataset', 'executor': 'FinalNewExecutor', 'evaluator': 'TrafficStateEvaluator', 'band_center_init': 1.1, 'band_width_init': 0.7, 'calculate_weight_adj': False, 'cell_blend_init': 0, 'conservation_loss_weight': 0.1, 'conservation_steps_per_epoch': 80, 'conservation_warmup_epochs': 5, 'data_col': ['traffic_flow', 'traffic_occupancy', 'traffic_speed'], 'data_files': ['PEMSD4'], 'decoder_layers': 2, 'device': device(type='cuda', index=0), 'disturb_rate': 0.5, 'dropout': 0.1, 'dyna': {'including_types': ['state'], 'state': {'entity_id': 'geo_id', 'traffic_flow': 'num', 'traffic_occupancy': 'num', 'traffic_speed': 'num'}}, 'encoder_layers': 2, 'eval_batch_size': 64, 'evaluator_mode': 'single', 'ffn_hidden_dim': 128, 'fir_mode': 'lukasiewicz', 'fuzzy_num_sets': 4, 'geo': {'including_types': ['Point'], 'Point': {}}, 'geo_file': 'PEMSD4', 'graph_k_hop': 2, 'hidden_dim': 96, 'init_weight_inf_or_zero': 'zero', 'is_distributed': True, 'metrics': ['MAE', 'MAPE', 'MSE', 'RMSE', 'masked_MAE', 'masked_MAPE', 'masked_MSE', 'masked_RMSE', 'R2', 'EVAR'], 'noise_SD': [10], 'noise_mean': [5], 'noise_type': 'gaussian', 'num_cells': 8, 'num_heads': 2, 'num_workers': 0, 'output_dim': 3, 'pad_with_last_sample': True, 'physics_channel_idx': 0, 'rank': 0, 'region_transformer_layers': 1, 'rel': {'including_types': ['geo'], 'geo': {'cost': 'num'}}, 'rel_file': 'PEMSD4', 'robustness_test': False, 'save_mode': ['csv'], 'set_weight_link_or_dist': 'link', 'time_intervals': 300, 'use_amp': True, 'use_gradient_checkpointing': False, 'use_temporal_position_embedding': True, 'weight_adj_epsilon': 0.1, 'weight_col': 'cost', 'world_size': 2, 'clip_grad_norm': True, 'epoch': 0, 'gpu': True, 'gpu_id': 0, 'learner': 'adamw', 'load_best_epoch': True, 'log_every': 1, 'lr_decay': True, 'lr_decay_ratio': 0.5, 'lr_patience': 5, 'lr_scheduler': 'reducelronplateau', 'lr_threshold': 0.001, 'max_grad_norm': 3, 'patience': 10, 'train_loss': 'none', 'use_early_stop': True, 'weight_decay': 0.0001, 'data_version_id': 'dv_1779784506_e193f563', 'input_window': 12, 'output_window': 12, 'scaler': 'standard', 'load_external': False, 'normal_external': False, 'add_time_in_day': True, 'add_day_in_week': True, 'cache_dataset': True, 'ext_scaler': 'none', 'local_rank': 0, 'dist_backend': 'nccl', 'exp_id': '20260526_163655__traffic_state_pred__final_new__PEMSD4'}
2026-05-26 16:37:05,387 - INFO - DistributedDataParallel(
  (module): NewFuzzyCellAttention(
    (fuzzy_graph): FuzzyRelationalGraphLearner(
      (raw_projection): Linear(in_features=3, out_features=96, bias=True)
      (feature_to_membership): Sequential(
        (0): Linear(in_features=96, out_features=48, bias=True)
        (1): GELU(approximate='none')
        (2): Linear(in_features=48, out_features=4, bias=True)
      )
    )
    (condition_encoder): STEncoder(
      (input_projection): Linear(in_features=3, out_features=96, bias=True)
      (blocks): ModuleList(
        (0-1): 2 x STEncoderBlock(
          (temporal_attention): MultiHeadAttention(
            (query_projection): Linear(in_features=96, out_features=96, bias=True)
            (key_projection): Linear(in_features=96, out_features=96, bias=True)
            (value_projection): Linear(in_features=96, out_features=96, bias=True)
            (output_projection): Linear(in_features=96, out_features=96, bias=True)
            (dropout): Dropout(p=0.1, inplace=False)
          )
          (graph_convolution): FuzzyGraphConvolution(
            (projections): ModuleList(
              (0-2): 3 x Linear(in_features=96, out_features=96, bias=True)
            )
          )
          (feed_forward): FeedForwardNetwork(
            (network): Sequential(
              (0): Linear(in_features=96, out_features=128, bias=True)
              (1): GELU(approximate='none')
              (2): Dropout(p=0.1, inplace=False)
              (3): Linear(in_features=128, out_features=96, bias=True)
              (4): Dropout(p=0.1, inplace=False)
            )
          )
          (norm_temporal): LayerNorm((96,), eps=1e-05, elementwise_affine=True)
          (norm_graph): LayerNorm((96,), eps=1e-05, elementwise_affine=True)
          (norm_ffn): LayerNorm((96,), eps=1e-05, elementwise_affine=True)
          (dropout): Dropout(p=0.1, inplace=False)
          (cell_attention): FuzzyCellAttention(
            (cell_transform): Linear(in_features=96, out_features=96, bias=True)
            (output_projection): Linear(in_features=96, out_features=96, bias=True)
            (region_transformer): RegionTransformer(
              (self_attn): MultiHeadAttention(
                (query_projection): Linear(in_features=96, out_features=96, bias=True)
                (key_projection): Linear(in_features=96, out_features=96, bias=True)
                (value_projection): Linear(in_features=96, out_features=96, bias=True)
                (output_projection): Linear(in_features=96, out_features=96, bias=True)
                (dropout): Dropout(p=0.1, inplace=False)
              )
              (ffn): FeedForwardNetwork(
                (network): Sequential(
                  (0): Linear(in_features=96, out_features=192, bias=True)
                  (1): GELU(approximate='none')
                  (2): Dropout(p=0.1, inplace=False)
                  (3): Linear(in_features=192, out_features=96, bias=True)
                  (4): Dropout(p=0.1, inplace=False)
                )
              )
              (norm1): LayerNorm((96,), eps=1e-05, elementwise_affine=True)
              (norm2): LayerNorm((96,), eps=1e-05, elementwise_affine=True)
              (dropout): Dropout(p=0.1, inplace=False)
            )
            (fuzzy_to_cell): Linear(in_features=4, out_features=8, bias=True)
          )
          (norm_cell): LayerNorm((96,), eps=1e-05, elementwise_affine=True)
        )
      )
      (final_norm): LayerNorm((96,), eps=1e-05, elementwise_affine=True)
    )
    (future_decoder): FutureDecoder(
      (blocks): ModuleList(
        (0-1): 2 x DecoderBlock(
          (temporal_attention): MultiHeadAttention(
            (query_projection): Linear(in_features=96, out_features=96, bias=True)
            (key_projection): Linear(in_features=96, out_features=96, bias=True)
            (value_projection): Linear(in_features=96, out_features=96, bias=True)
            (output_projection): Linear(in_features=96, out_features=96, bias=True)
            (dropout): Dropout(p=0.1, inplace=False)
          )
          (graph_convolution): FuzzyGraphConvolution(
            (projections): ModuleList(
              (0-2): 3 x Linear(in_features=96, out_features=96, bias=True)
            )
          )
          (cross_attention): MultiHeadAttention(
            (query_projection): Linear(in_features=96, out_features=96, bias=True)
            (key_projection): Linear(in_features=96, out_features=96, bias=True)
            (value_projection): Linear(in_features=96, out_features=96, bias=True)
            (output_projection): Linear(in_features=96, out_features=96, bias=True)
            (dropout): Dropout(p=0.1, inplace=False)
          )
          (feed_forward): FeedForwardNetwork(
            (network): Sequential(
              (0): Linear(in_features=96, out_features=128, bias=True)
              (1): GELU(approximate='none')
              (2): Dropout(p=0.1, inplace=False)
              (3): Linear(in_features=128, out_features=96, bias=True)
              (4): Dropout(p=0.1, inplace=False)
            )
          )
          (norm_temporal): LayerNorm((96,), eps=1e-05, elementwise_affine=True)
          (norm_graph): LayerNorm((96,), eps=1e-05, elementwise_affine=True)
          (norm_cross): LayerNorm((96,), eps=1e-05, elementwise_affine=True)
          (norm_ffn): LayerNorm((96,), eps=1e-05, elementwise_affine=True)
          (dropout): Dropout(p=0.1, inplace=False)
          (cell_attention): FuzzyCellAttention(
            (cell_transform): Linear(in_features=96, out_features=96, bias=True)
            (output_projection): Linear(in_features=96, out_features=96, bias=True)
            (region_transformer): RegionTransformer(
              (self_attn): MultiHeadAttention(
                (query_projection): Linear(in_features=96, out_features=96, bias=True)
                (key_projection): Linear(in_features=96, out_features=96, bias=True)
                (value_projection): Linear(in_features=96, out_features=96, bias=True)
                (output_projection): Linear(in_features=96, out_features=96, bias=True)
                (dropout): Dropout(p=0.1, inplace=False)
              )
              (ffn): FeedForwardNetwork(
                (network): Sequential(
                  (0): Linear(in_features=96, out_features=192, bias=True)
                  (1): GELU(approximate='none')
                  (2): Dropout(p=0.1, inplace=False)
                  (3): Linear(in_features=192, out_features=96, bias=True)
                  (4): Dropout(p=0.1, inplace=False)
                )
              )
              (norm1): LayerNorm((96,), eps=1e-05, elementwise_affine=True)
              (norm2): LayerNorm((96,), eps=1e-05, elementwise_affine=True)
              (dropout): Dropout(p=0.1, inplace=False)
            )
            (fuzzy_to_cell): Linear(in_features=4, out_features=8, bias=True)
          )
          (norm_cell): LayerNorm((96,), eps=1e-05, elementwise_affine=True)
        )
      )
      (final_norm): LayerNorm((96,), eps=1e-05, elementwise_affine=True)
      (output_projection): Linear(in_features=96, out_features=3, bias=True)
    )
  )
)
2026-05-26 16:37:05,389 - INFO - module.fuzzy_graph.base_memberships	torch.Size([307, 4])	cuda:0	True
2026-05-26 16:37:05,389 - INFO - module.fuzzy_graph.blend_logit	torch.Size([])	cuda:0	True
2026-05-26 16:37:05,389 - INFO - module.fuzzy_graph.raw_projection.weight	torch.Size([96, 3])	cuda:0	True
2026-05-26 16:37:05,389 - INFO - module.fuzzy_graph.raw_projection.bias	torch.Size([96])	cuda:0	True
2026-05-26 16:37:05,389 - INFO - module.fuzzy_graph.feature_to_membership.0.weight	torch.Size([48, 96])	cuda:0	True
2026-05-26 16:37:05,389 - INFO - module.fuzzy_graph.feature_to_membership.0.bias	torch.Size([48])	cuda:0	True
2026-05-26 16:37:05,389 - INFO - module.fuzzy_graph.feature_to_membership.2.weight	torch.Size([4, 48])	cuda:0	True
2026-05-26 16:37:05,389 - INFO - module.fuzzy_graph.feature_to_membership.2.bias	torch.Size([4])	cuda:0	True
2026-05-26 16:37:05,389 - INFO - module.condition_encoder.temporal_position_embedding	torch.Size([1, 12, 1, 96])	cuda:0	True
2026-05-26 16:37:05,389 - INFO - module.condition_encoder.input_projection.weight	torch.Size([96, 3])	cuda:0	True
2026-05-26 16:37:05,389 - INFO - module.condition_encoder.input_projection.bias	torch.Size([96])	cuda:0	True
2026-05-26 16:37:05,390 - INFO - module.condition_encoder.blocks.0.temporal_attention.query_projection.weight	torch.Size([96, 96])	cuda:0	True
2026-05-26 16:37:05,390 - INFO - module.condition_encoder.blocks.0.temporal_attention.query_projection.bias	torch.Size([96])	cuda:0	True
2026-05-26 16:37:05,390 - INFO - module.condition_encoder.blocks.0.temporal_attention.key_projection.weight	torch.Size([96, 96])	cuda:0	True
2026-05-26 16:37:05,390 - INFO - module.condition_encoder.blocks.0.temporal_attention.key_projection.bias	torch.Size([96])	cuda:0	True
2026-05-26 16:37:05,390 - INFO - module.condition_encoder.blocks.0.temporal_attention.value_projection.weight	torch.Size([96, 96])	cuda:0	True
2026-05-26 16:37:05,390 - INFO - module.condition_encoder.blocks.0.temporal_attention.value_projection.bias	torch.Size([96])	cuda:0	True
2026-05-26 16:37:05,390 - INFO - module.condition_encoder.blocks.0.temporal_attention.output_projection.weight	torch.Size([96, 96])	cuda:0	True
2026-05-26 16:37:05,390 - INFO - module.condition_encoder.blocks.0.temporal_attention.output_projection.bias	torch.Size([96])	cuda:0	True
2026-05-26 16:37:05,390 - INFO - module.condition_encoder.blocks.0.graph_convolution.projections.0.weight	torch.Size([96, 96])	cuda:0	True
2026-05-26 16:37:05,390 - INFO - module.condition_encoder.blocks.0.graph_convolution.projections.0.bias	torch.Size([96])	cuda:0	True
2026-05-26 16:37:05,390 - INFO - module.condition_encoder.blocks.0.graph_convolution.projections.1.weight	torch.Size([96, 96])	cuda:0	True
2026-05-26 16:37:05,390 - INFO - module.condition_encoder.blocks.0.graph_convolution.projections.1.bias	torch.Size([96])	cuda:0	True
2026-05-26 16:37:05,390 - INFO - module.condition_encoder.blocks.0.graph_convolution.projections.2.weight	torch.Size([96, 96])	cuda:0	True
2026-05-26 16:37:05,390 - INFO - module.condition_encoder.blocks.0.graph_convolution.projections.2.bias	torch.Size([96])	cuda:0	True
2026-05-26 16:37:05,390 - INFO - module.condition_encoder.blocks.0.feed_forward.network.0.weight	torch.Size([128, 96])	cuda:0	True
2026-05-26 16:37:05,390 - INFO - module.condition_encoder.blocks.0.feed_forward.network.0.bias	torch.Size([128])	cuda:0	True
2026-05-26 16:37:05,390 - INFO - module.condition_encoder.blocks.0.feed_forward.network.3.weight	torch.Size([96, 128])	cuda:0	True
2026-05-26 16:37:05,390 - INFO - module.condition_encoder.blocks.0.feed_forward.network.3.bias	torch.Size([96])	cuda:0	True
2026-05-26 16:37:05,390 - INFO - module.condition_encoder.blocks.0.norm_temporal.weight	torch.Size([96])	cuda:0	True
2026-05-26 16:37:05,390 - INFO - module.condition_encoder.blocks.0.norm_temporal.bias	torch.Size([96])	cuda:0	True
2026-05-26 16:37:05,390 - INFO - module.condition_encoder.blocks.0.norm_graph.weight	torch.Size([96])	cuda:0	True
2026-05-26 16:37:05,390 - INFO - module.condition_encoder.blocks.0.norm_graph.bias	torch.Size([96])	cuda:0	True
2026-05-26 16:37:05,390 - INFO - module.condition_encoder.blocks.0.norm_ffn.weight	torch.Size([96])	cuda:0	True
2026-05-26 16:37:05,390 - INFO - module.condition_encoder.blocks.0.norm_ffn.bias	torch.Size([96])	cuda:0	True
2026-05-26 16:37:05,390 - INFO - module.condition_encoder.blocks.0.cell_attention.centers	torch.Size([8, 96])	cuda:0	True
2026-05-26 16:37:05,390 - INFO - module.condition_encoder.blocks.0.cell_attention.log_sigma_sq	torch.Size([1])	cuda:0	True
2026-05-26 16:37:05,390 - INFO - module.condition_encoder.blocks.0.cell_attention.cell_blend	torch.Size([])	cuda:0	True
2026-05-26 16:37:05,390 - INFO - module.condition_encoder.blocks.0.cell_attention.band_center	torch.Size([])	cuda:0	True
2026-05-26 16:37:05,390 - INFO - module.condition_encoder.blocks.0.cell_attention.band_width_raw	torch.Size([])	cuda:0	True
2026-05-26 16:37:05,390 - INFO - module.condition_encoder.blocks.0.cell_attention.cell_transform.weight	torch.Size([96, 96])	cuda:0	True
2026-05-26 16:37:05,390 - INFO - module.condition_encoder.blocks.0.cell_attention.cell_transform.bias	torch.Size([96])	cuda:0	True
2026-05-26 16:37:05,390 - INFO - module.condition_encoder.blocks.0.cell_attention.output_projection.weight	torch.Size([96, 96])	cuda:0	True
2026-05-26 16:37:05,390 - INFO - module.condition_encoder.blocks.0.cell_attention.output_projection.bias	torch.Size([96])	cuda:0	True
2026-05-26 16:37:05,390 - INFO - module.condition_encoder.blocks.0.cell_attention.region_transformer.self_attn.query_projection.weight	torch.Size([96, 96])	cuda:0	True
2026-05-26 16:37:05,390 - INFO - module.condition_encoder.blocks.0.cell_attention.region_transformer.self_attn.query_projection.bias	torch.Size([96])	cuda:0	True
2026-05-26 16:37:05,390 - INFO - module.condition_encoder.blocks.0.cell_attention.region_transformer.self_attn.key_projection.weight	torch.Size([96, 96])	cuda:0	True
2026-05-26 16:37:05,390 - INFO - module.condition_encoder.blocks.0.cell_attention.region_transformer.self_attn.key_projection.bias	torch.Size([96])	cuda:0	True
2026-05-26 16:37:05,390 - INFO - module.condition_encoder.blocks.0.cell_attention.region_transformer.self_attn.value_projection.weight	torch.Size([96, 96])	cuda:0	True
2026-05-26 16:37:05,390 - INFO - module.condition_encoder.blocks.0.cell_attention.region_transformer.self_attn.value_projection.bias	torch.Size([96])	cuda:0	True
2026-05-26 16:37:05,390 - INFO - module.condition_encoder.blocks.0.cell_attention.region_transformer.self_attn.output_projection.weight	torch.Size([96, 96])	cuda:0	True
2026-05-26 16:37:05,390 - INFO - module.condition_encoder.blocks.0.cell_attention.region_transformer.self_attn.output_projection.bias	torch.Size([96])	cuda:0	True
2026-05-26 16:37:05,391 - INFO - module.condition_encoder.blocks.0.cell_attention.region_transformer.ffn.network.0.weight	torch.Size([192, 96])	cuda:0	True
2026-05-26 16:37:05,391 - INFO - module.condition_encoder.blocks.0.cell_attention.region_transformer.ffn.network.0.bias	torch.Size([192])	cuda:0	True
2026-05-26 16:37:05,391 - INFO - module.condition_encoder.blocks.0.cell_attention.region_transformer.ffn.network.3.weight	torch.Size([96, 192])	cuda:0	True
2026-05-26 16:37:05,391 - INFO - module.condition_encoder.blocks.0.cell_attention.region_transformer.ffn.network.3.bias	torch.Size([96])	cuda:0	True
2026-05-26 16:37:05,391 - INFO - module.condition_encoder.blocks.0.cell_attention.region_transformer.norm1.weight	torch.Size([96])	cuda:0	True
2026-05-26 16:37:05,391 - INFO - module.condition_encoder.blocks.0.cell_attention.region_transformer.norm1.bias	torch.Size([96])	cuda:0	True
2026-05-26 16:37:05,391 - INFO - module.condition_encoder.blocks.0.cell_attention.region_transformer.norm2.weight	torch.Size([96])	cuda:0	True
2026-05-26 16:37:05,391 - INFO - module.condition_encoder.blocks.0.cell_attention.region_transformer.norm2.bias	torch.Size([96])	cuda:0	True
2026-05-26 16:37:05,391 - INFO - module.condition_encoder.blocks.0.cell_attention.fuzzy_to_cell.weight	torch.Size([8, 4])	cuda:0	True
2026-05-26 16:37:05,391 - INFO - module.condition_encoder.blocks.0.cell_attention.fuzzy_to_cell.bias	torch.Size([8])	cuda:0	True
2026-05-26 16:37:05,391 - INFO - module.condition_encoder.blocks.0.norm_cell.weight	torch.Size([96])	cuda:0	True
2026-05-26 16:37:05,391 - INFO - module.condition_encoder.blocks.0.norm_cell.bias	torch.Size([96])	cuda:0	True
2026-05-26 16:37:05,391 - INFO - module.condition_encoder.blocks.1.temporal_attention.query_projection.weight	torch.Size([96, 96])	cuda:0	True
2026-05-26 16:37:05,391 - INFO - module.condition_encoder.blocks.1.temporal_attention.query_projection.bias	torch.Size([96])	cuda:0	True
2026-05-26 16:37:05,391 - INFO - module.condition_encoder.blocks.1.temporal_attention.key_projection.weight	torch.Size([96, 96])	cuda:0	True
2026-05-26 16:37:05,391 - INFO - module.condition_encoder.blocks.1.temporal_attention.key_projection.bias	torch.Size([96])	cuda:0	True
2026-05-26 16:37:05,391 - INFO - module.condition_encoder.blocks.1.temporal_attention.value_projection.weight	torch.Size([96, 96])	cuda:0	True
2026-05-26 16:37:05,391 - INFO - module.condition_encoder.blocks.1.temporal_attention.value_projection.bias	torch.Size([96])	cuda:0	True
2026-05-26 16:37:05,391 - INFO - module.condition_encoder.blocks.1.temporal_attention.output_projection.weight	torch.Size([96, 96])	cuda:0	True
2026-05-26 16:37:05,391 - INFO - module.condition_encoder.blocks.1.temporal_attention.output_projection.bias	torch.Size([96])	cuda:0	True
2026-05-26 16:37:05,391 - INFO - module.condition_encoder.blocks.1.graph_convolution.projections.0.weight	torch.Size([96, 96])	cuda:0	True
2026-05-26 16:37:05,391 - INFO - module.condition_encoder.blocks.1.graph_convolution.projections.0.bias	torch.Size([96])	cuda:0	True
2026-05-26 16:37:05,391 - INFO - module.condition_encoder.blocks.1.graph_convolution.projections.1.weight	torch.Size([96, 96])	cuda:0	True
2026-05-26 16:37:05,391 - INFO - module.condition_encoder.blocks.1.graph_convolution.projections.1.bias	torch.Size([96])	cuda:0	True
2026-05-26 16:37:05,391 - INFO - module.condition_encoder.blocks.1.graph_convolution.projections.2.weight	torch.Size([96, 96])	cuda:0	True
2026-05-26 16:37:05,391 - INFO - module.condition_encoder.blocks.1.graph_convolution.projections.2.bias	torch.Size([96])	cuda:0	True
2026-05-26 16:37:05,391 - INFO - module.condition_encoder.blocks.1.feed_forward.network.0.weight	torch.Size([128, 96])	cuda:0	True
2026-05-26 16:37:05,391 - INFO - module.condition_encoder.blocks.1.feed_forward.network.0.bias	torch.Size([128])	cuda:0	True
2026-05-26 16:37:05,391 - INFO - module.condition_encoder.blocks.1.feed_forward.network.3.weight	torch.Size([96, 128])	cuda:0	True
2026-05-26 16:37:05,391 - INFO - module.condition_encoder.blocks.1.feed_forward.network.3.bias	torch.Size([96])	cuda:0	True
2026-05-26 16:37:05,391 - INFO - module.condition_encoder.blocks.1.norm_temporal.weight	torch.Size([96])	cuda:0	True
2026-05-26 16:37:05,391 - INFO - module.condition_encoder.blocks.1.norm_temporal.bias	torch.Size([96])	cuda:0	True
2026-05-26 16:37:05,391 - INFO - module.condition_encoder.blocks.1.norm_graph.weight	torch.Size([96])	cuda:0	True
2026-05-26 16:37:05,391 - INFO - module.condition_encoder.blocks.1.norm_graph.bias	torch.Size([96])	cuda:0	True
2026-05-26 16:37:05,391 - INFO - module.condition_encoder.blocks.1.norm_ffn.weight	torch.Size([96])	cuda:0	True
2026-05-26 16:37:05,391 - INFO - module.condition_encoder.blocks.1.norm_ffn.bias	torch.Size([96])	cuda:0	True
2026-05-26 16:37:05,391 - INFO - module.condition_encoder.blocks.1.cell_attention.centers	torch.Size([8, 96])	cuda:0	True
2026-05-26 16:37:05,391 - INFO - module.condition_encoder.blocks.1.cell_attention.log_sigma_sq	torch.Size([1])	cuda:0	True
2026-05-26 16:37:05,391 - INFO - module.condition_encoder.blocks.1.cell_attention.cell_blend	torch.Size([])	cuda:0	True
2026-05-26 16:37:05,391 - INFO - module.condition_encoder.blocks.1.cell_attention.band_center	torch.Size([])	cuda:0	True
2026-05-26 16:37:05,391 - INFO - module.condition_encoder.blocks.1.cell_attention.band_width_raw	torch.Size([])	cuda:0	True
2026-05-26 16:37:05,392 - INFO - module.condition_encoder.blocks.1.cell_attention.cell_transform.weight	torch.Size([96, 96])	cuda:0	True
2026-05-26 16:37:05,392 - INFO - module.condition_encoder.blocks.1.cell_attention.cell_transform.bias	torch.Size([96])	cuda:0	True
2026-05-26 16:37:05,392 - INFO - module.condition_encoder.blocks.1.cell_attention.output_projection.weight	torch.Size([96, 96])	cuda:0	True
2026-05-26 16:37:05,392 - INFO - module.condition_encoder.blocks.1.cell_attention.output_projection.bias	torch.Size([96])	cuda:0	True
2026-05-26 16:37:05,392 - INFO - module.condition_encoder.blocks.1.cell_attention.region_transformer.self_attn.query_projection.weight	torch.Size([96, 96])	cuda:0	True
2026-05-26 16:37:05,392 - INFO - module.condition_encoder.blocks.1.cell_attention.region_transformer.self_attn.query_projection.bias	torch.Size([96])	cuda:0	True
2026-05-26 16:37:05,392 - INFO - module.condition_encoder.blocks.1.cell_attention.region_transformer.self_attn.key_projection.weight	torch.Size([96, 96])	cuda:0	True
2026-05-26 16:37:05,392 - INFO - module.condition_encoder.blocks.1.cell_attention.region_transformer.self_attn.key_projection.bias	torch.Size([96])	cuda:0	True
2026-05-26 16:37:05,392 - INFO - module.condition_encoder.blocks.1.cell_attention.region_transformer.self_attn.value_projection.weight	torch.Size([96, 96])	cuda:0	True
2026-05-26 16:37:05,392 - INFO - module.condition_encoder.blocks.1.cell_attention.region_transformer.self_attn.value_projection.bias	torch.Size([96])	cuda:0	True
2026-05-26 16:37:05,392 - INFO - module.condition_encoder.blocks.1.cell_attention.region_transformer.self_attn.output_projection.weight	torch.Size([96, 96])	cuda:0	True
2026-05-26 16:37:05,392 - INFO - module.condition_encoder.blocks.1.cell_attention.region_transformer.self_attn.output_projection.bias	torch.Size([96])	cuda:0	True
2026-05-26 16:37:05,392 - INFO - module.condition_encoder.blocks.1.cell_attention.region_transformer.ffn.network.0.weight	torch.Size([192, 96])	cuda:0	True
2026-05-26 16:37:05,392 - INFO - module.condition_encoder.blocks.1.cell_attention.region_transformer.ffn.network.0.bias	torch.Size([192])	cuda:0	True
2026-05-26 16:37:05,392 - INFO - module.condition_encoder.blocks.1.cell_attention.region_transformer.ffn.network.3.weight	torch.Size([96, 192])	cuda:0	True
2026-05-26 16:37:05,392 - INFO - module.condition_encoder.blocks.1.cell_attention.region_transformer.ffn.network.3.bias	torch.Size([96])	cuda:0	True
2026-05-26 16:37:05,392 - INFO - module.condition_encoder.blocks.1.cell_attention.region_transformer.norm1.weight	torch.Size([96])	cuda:0	True
2026-05-26 16:37:05,392 - INFO - module.condition_encoder.blocks.1.cell_attention.region_transformer.norm1.bias	torch.Size([96])	cuda:0	True
2026-05-26 16:37:05,392 - INFO - module.condition_encoder.blocks.1.cell_attention.region_transformer.norm2.weight	torch.Size([96])	cuda:0	True
2026-05-26 16:37:05,392 - INFO - module.condition_encoder.blocks.1.cell_attention.region_transformer.norm2.bias	torch.Size([96])	cuda:0	True
2026-05-26 16:37:05,392 - INFO - module.condition_encoder.blocks.1.cell_attention.fuzzy_to_cell.weight	torch.Size([8, 4])	cuda:0	True
2026-05-26 16:37:05,392 - INFO - module.condition_encoder.blocks.1.cell_attention.fuzzy_to_cell.bias	torch.Size([8])	cuda:0	True
2026-05-26 16:37:05,392 - INFO - module.condition_encoder.blocks.1.norm_cell.weight	torch.Size([96])	cuda:0	True
2026-05-26 16:37:05,392 - INFO - module.condition_encoder.blocks.1.norm_cell.bias	torch.Size([96])	cuda:0	True
2026-05-26 16:37:05,392 - INFO - module.condition_encoder.final_norm.weight	torch.Size([96])	cuda:0	True
2026-05-26 16:37:05,392 - INFO - module.condition_encoder.final_norm.bias	torch.Size([96])	cuda:0	True
2026-05-26 16:37:05,392 - INFO - module.future_decoder.future_queries	torch.Size([1, 12, 307, 96])	cuda:0	True
2026-05-26 16:37:05,392 - INFO - module.future_decoder.blocks.0.temporal_attention.query_projection.weight	torch.Size([96, 96])	cuda:0	True
2026-05-26 16:37:05,392 - INFO - module.future_decoder.blocks.0.temporal_attention.query_projection.bias	torch.Size([96])	cuda:0	True
2026-05-26 16:37:05,392 - INFO - module.future_decoder.blocks.0.temporal_attention.key_projection.weight	torch.Size([96, 96])	cuda:0	True
2026-05-26 16:37:05,392 - INFO - module.future_decoder.blocks.0.temporal_attention.key_projection.bias	torch.Size([96])	cuda:0	True
2026-05-26 16:37:05,392 - INFO - module.future_decoder.blocks.0.temporal_attention.value_projection.weight	torch.Size([96, 96])	cuda:0	True
2026-05-26 16:37:05,392 - INFO - module.future_decoder.blocks.0.temporal_attention.value_projection.bias	torch.Size([96])	cuda:0	True
2026-05-26 16:37:05,392 - INFO - module.future_decoder.blocks.0.temporal_attention.output_projection.weight	torch.Size([96, 96])	cuda:0	True
2026-05-26 16:37:05,392 - INFO - module.future_decoder.blocks.0.temporal_attention.output_projection.bias	torch.Size([96])	cuda:0	True
2026-05-26 16:37:05,392 - INFO - module.future_decoder.blocks.0.graph_convolution.projections.0.weight	torch.Size([96, 96])	cuda:0	True
2026-05-26 16:37:05,392 - INFO - module.future_decoder.blocks.0.graph_convolution.projections.0.bias	torch.Size([96])	cuda:0	True
2026-05-26 16:37:05,392 - INFO - module.future_decoder.blocks.0.graph_convolution.projections.1.weight	torch.Size([96, 96])	cuda:0	True
2026-05-26 16:37:05,392 - INFO - module.future_decoder.blocks.0.graph_convolution.projections.1.bias	torch.Size([96])	cuda:0	True
2026-05-26 16:37:05,392 - INFO - module.future_decoder.blocks.0.graph_convolution.projections.2.weight	torch.Size([96, 96])	cuda:0	True
2026-05-26 16:37:05,392 - INFO - module.future_decoder.blocks.0.graph_convolution.projections.2.bias	torch.Size([96])	cuda:0	True
2026-05-26 16:37:05,393 - INFO - module.future_decoder.blocks.0.cross_attention.query_projection.weight	torch.Size([96, 96])	cuda:0	True
2026-05-26 16:37:05,393 - INFO - module.future_decoder.blocks.0.cross_attention.query_projection.bias	torch.Size([96])	cuda:0	True
2026-05-26 16:37:05,393 - INFO - module.future_decoder.blocks.0.cross_attention.key_projection.weight	torch.Size([96, 96])	cuda:0	True
2026-05-26 16:37:05,393 - INFO - module.future_decoder.blocks.0.cross_attention.key_projection.bias	torch.Size([96])	cuda:0	True
2026-05-26 16:37:05,393 - INFO - module.future_decoder.blocks.0.cross_attention.value_projection.weight	torch.Size([96, 96])	cuda:0	True
2026-05-26 16:37:05,393 - INFO - module.future_decoder.blocks.0.cross_attention.value_projection.bias	torch.Size([96])	cuda:0	True
2026-05-26 16:37:05,393 - INFO - module.future_decoder.blocks.0.cross_attention.output_projection.weight	torch.Size([96, 96])	cuda:0	True
2026-05-26 16:37:05,393 - INFO - module.future_decoder.blocks.0.cross_attention.output_projection.bias	torch.Size([96])	cuda:0	True
2026-05-26 16:37:05,393 - INFO - module.future_decoder.blocks.0.feed_forward.network.0.weight	torch.Size([128, 96])	cuda:0	True
2026-05-26 16:37:05,393 - INFO - module.future_decoder.blocks.0.feed_forward.network.0.bias	torch.Size([128])	cuda:0	True
2026-05-26 16:37:05,393 - INFO - module.future_decoder.blocks.0.feed_forward.network.3.weight	torch.Size([96, 128])	cuda:0	True
2026-05-26 16:37:05,393 - INFO - module.future_decoder.blocks.0.feed_forward.network.3.bias	torch.Size([96])	cuda:0	True
2026-05-26 16:37:05,393 - INFO - module.future_decoder.blocks.0.norm_temporal.weight	torch.Size([96])	cuda:0	True
2026-05-26 16:37:05,393 - INFO - module.future_decoder.blocks.0.norm_temporal.bias	torch.Size([96])	cuda:0	True
2026-05-26 16:37:05,393 - INFO - module.future_decoder.blocks.0.norm_graph.weight	torch.Size([96])	cuda:0	True
2026-05-26 16:37:05,393 - INFO - module.future_decoder.blocks.0.norm_graph.bias	torch.Size([96])	cuda:0	True
2026-05-26 16:37:05,393 - INFO - module.future_decoder.blocks.0.norm_cross.weight	torch.Size([96])	cuda:0	True
2026-05-26 16:37:05,393 - INFO - module.future_decoder.blocks.0.norm_cross.bias	torch.Size([96])	cuda:0	True
2026-05-26 16:37:05,393 - INFO - module.future_decoder.blocks.0.norm_ffn.weight	torch.Size([96])	cuda:0	True
2026-05-26 16:37:05,393 - INFO - module.future_decoder.blocks.0.norm_ffn.bias	torch.Size([96])	cuda:0	True
2026-05-26 16:37:05,393 - INFO - module.future_decoder.blocks.0.cell_attention.centers	torch.Size([8, 96])	cuda:0	True
2026-05-26 16:37:05,393 - INFO - module.future_decoder.blocks.0.cell_attention.log_sigma_sq	torch.Size([1])	cuda:0	True
2026-05-26 16:37:05,393 - INFO - module.future_decoder.blocks.0.cell_attention.cell_blend	torch.Size([])	cuda:0	True
2026-05-26 16:37:05,393 - INFO - module.future_decoder.blocks.0.cell_attention.band_center	torch.Size([])	cuda:0	True
2026-05-26 16:37:05,393 - INFO - module.future_decoder.blocks.0.cell_attention.band_width_raw	torch.Size([])	cuda:0	True
2026-05-26 16:37:05,393 - INFO - module.future_decoder.blocks.0.cell_attention.cell_transform.weight	torch.Size([96, 96])	cuda:0	True
2026-05-26 16:37:05,393 - INFO - module.future_decoder.blocks.0.cell_attention.cell_transform.bias	torch.Size([96])	cuda:0	True
2026-05-26 16:37:05,393 - INFO - module.future_decoder.blocks.0.cell_attention.output_projection.weight	torch.Size([96, 96])	cuda:0	True
2026-05-26 16:37:05,393 - INFO - module.future_decoder.blocks.0.cell_attention.output_projection.bias	torch.Size([96])	cuda:0	True
2026-05-26 16:37:05,393 - INFO - module.future_decoder.blocks.0.cell_attention.region_transformer.self_attn.query_projection.weight	torch.Size([96, 96])	cuda:0	True
2026-05-26 16:37:05,393 - INFO - module.future_decoder.blocks.0.cell_attention.region_transformer.self_attn.query_projection.bias	torch.Size([96])	cuda:0	True
2026-05-26 16:37:05,393 - INFO - module.future_decoder.blocks.0.cell_attention.region_transformer.self_attn.key_projection.weight	torch.Size([96, 96])	cuda:0	True
2026-05-26 16:37:05,393 - INFO - module.future_decoder.blocks.0.cell_attention.region_transformer.self_attn.key_projection.bias	torch.Size([96])	cuda:0	True
2026-05-26 16:37:05,393 - INFO - module.future_decoder.blocks.0.cell_attention.region_transformer.self_attn.value_projection.weight	torch.Size([96, 96])	cuda:0	True
2026-05-26 16:37:05,393 - INFO - module.future_decoder.blocks.0.cell_attention.region_transformer.self_attn.value_projection.bias	torch.Size([96])	cuda:0	True
2026-05-26 16:37:05,393 - INFO - module.future_decoder.blocks.0.cell_attention.region_transformer.self_attn.output_projection.weight	torch.Size([96, 96])	cuda:0	True
2026-05-26 16:37:05,393 - INFO - module.future_decoder.blocks.0.cell_attention.region_transformer.self_attn.output_projection.bias	torch.Size([96])	cuda:0	True
2026-05-26 16:37:05,393 - INFO - module.future_decoder.blocks.0.cell_attention.region_transformer.ffn.network.0.weight	torch.Size([192, 96])	cuda:0	True
2026-05-26 16:37:05,393 - INFO - module.future_decoder.blocks.0.cell_attention.region_transformer.ffn.network.0.bias	torch.Size([192])	cuda:0	True
2026-05-26 16:37:05,393 - INFO - module.future_decoder.blocks.0.cell_attention.region_transformer.ffn.network.3.weight	torch.Size([96, 192])	cuda:0	True
2026-05-26 16:37:05,393 - INFO - module.future_decoder.blocks.0.cell_attention.region_transformer.ffn.network.3.bias	torch.Size([96])	cuda:0	True
2026-05-26 16:37:05,393 - INFO - module.future_decoder.blocks.0.cell_attention.region_transformer.norm1.weight	torch.Size([96])	cuda:0	True
2026-05-26 16:37:05,394 - INFO - module.future_decoder.blocks.0.cell_attention.region_transformer.norm1.bias	torch.Size([96])	cuda:0	True
2026-05-26 16:37:05,394 - INFO - module.future_decoder.blocks.0.cell_attention.region_transformer.norm2.weight	torch.Size([96])	cuda:0	True
2026-05-26 16:37:05,394 - INFO - module.future_decoder.blocks.0.cell_attention.region_transformer.norm2.bias	torch.Size([96])	cuda:0	True
2026-05-26 16:37:05,394 - INFO - module.future_decoder.blocks.0.cell_attention.fuzzy_to_cell.weight	torch.Size([8, 4])	cuda:0	True
2026-05-26 16:37:05,394 - INFO - module.future_decoder.blocks.0.cell_attention.fuzzy_to_cell.bias	torch.Size([8])	cuda:0	True
2026-05-26 16:37:05,394 - INFO - module.future_decoder.blocks.0.norm_cell.weight	torch.Size([96])	cuda:0	True
2026-05-26 16:37:05,394 - INFO - module.future_decoder.blocks.0.norm_cell.bias	torch.Size([96])	cuda:0	True
2026-05-26 16:37:05,394 - INFO - module.future_decoder.blocks.1.temporal_attention.query_projection.weight	torch.Size([96, 96])	cuda:0	True
2026-05-26 16:37:05,394 - INFO - module.future_decoder.blocks.1.temporal_attention.query_projection.bias	torch.Size([96])	cuda:0	True
2026-05-26 16:37:05,394 - INFO - module.future_decoder.blocks.1.temporal_attention.key_projection.weight	torch.Size([96, 96])	cuda:0	True
2026-05-26 16:37:05,394 - INFO - module.future_decoder.blocks.1.temporal_attention.key_projection.bias	torch.Size([96])	cuda:0	True
2026-05-26 16:37:05,394 - INFO - module.future_decoder.blocks.1.temporal_attention.value_projection.weight	torch.Size([96, 96])	cuda:0	True
2026-05-26 16:37:05,394 - INFO - module.future_decoder.blocks.1.temporal_attention.value_projection.bias	torch.Size([96])	cuda:0	True
2026-05-26 16:37:05,394 - INFO - module.future_decoder.blocks.1.temporal_attention.output_projection.weight	torch.Size([96, 96])	cuda:0	True
2026-05-26 16:37:05,394 - INFO - module.future_decoder.blocks.1.temporal_attention.output_projection.bias	torch.Size([96])	cuda:0	True
2026-05-26 16:37:05,394 - INFO - module.future_decoder.blocks.1.graph_convolution.projections.0.weight	torch.Size([96, 96])	cuda:0	True
2026-05-26 16:37:05,394 - INFO - module.future_decoder.blocks.1.graph_convolution.projections.0.bias	torch.Size([96])	cuda:0	True
2026-05-26 16:37:05,394 - INFO - module.future_decoder.blocks.1.graph_convolution.projections.1.weight	torch.Size([96, 96])	cuda:0	True
2026-05-26 16:37:05,394 - INFO - module.future_decoder.blocks.1.graph_convolution.projections.1.bias	torch.Size([96])	cuda:0	True
2026-05-26 16:37:05,394 - INFO - module.future_decoder.blocks.1.graph_convolution.projections.2.weight	torch.Size([96, 96])	cuda:0	True
2026-05-26 16:37:05,394 - INFO - module.future_decoder.blocks.1.graph_convolution.projections.2.bias	torch.Size([96])	cuda:0	True
2026-05-26 16:37:05,394 - INFO - module.future_decoder.blocks.1.cross_attention.query_projection.weight	torch.Size([96, 96])	cuda:0	True
2026-05-26 16:37:05,394 - INFO - module.future_decoder.blocks.1.cross_attention.query_projection.bias	torch.Size([96])	cuda:0	True
2026-05-26 16:37:05,394 - INFO - module.future_decoder.blocks.1.cross_attention.key_projection.weight	torch.Size([96, 96])	cuda:0	True
2026-05-26 16:37:05,394 - INFO - module.future_decoder.blocks.1.cross_attention.key_projection.bias	torch.Size([96])	cuda:0	True
2026-05-26 16:37:05,394 - INFO - module.future_decoder.blocks.1.cross_attention.value_projection.weight	torch.Size([96, 96])	cuda:0	True
2026-05-26 16:37:05,394 - INFO - module.future_decoder.blocks.1.cross_attention.value_projection.bias	torch.Size([96])	cuda:0	True
2026-05-26 16:37:05,394 - INFO - module.future_decoder.blocks.1.cross_attention.output_projection.weight	torch.Size([96, 96])	cuda:0	True
2026-05-26 16:37:05,394 - INFO - module.future_decoder.blocks.1.cross_attention.output_projection.bias	torch.Size([96])	cuda:0	True
2026-05-26 16:37:05,394 - INFO - module.future_decoder.blocks.1.feed_forward.network.0.weight	torch.Size([128, 96])	cuda:0	True
2026-05-26 16:37:05,394 - INFO - module.future_decoder.blocks.1.feed_forward.network.0.bias	torch.Size([128])	cuda:0	True
2026-05-26 16:37:05,394 - INFO - module.future_decoder.blocks.1.feed_forward.network.3.weight	torch.Size([96, 128])	cuda:0	True
2026-05-26 16:37:05,394 - INFO - module.future_decoder.blocks.1.feed_forward.network.3.bias	torch.Size([96])	cuda:0	True
2026-05-26 16:37:05,394 - INFO - module.future_decoder.blocks.1.norm_temporal.weight	torch.Size([96])	cuda:0	True
2026-05-26 16:37:05,394 - INFO - module.future_decoder.blocks.1.norm_temporal.bias	torch.Size([96])	cuda:0	True
2026-05-26 16:37:05,394 - INFO - module.future_decoder.blocks.1.norm_graph.weight	torch.Size([96])	cuda:0	True
2026-05-26 16:37:05,394 - INFO - module.future_decoder.blocks.1.norm_graph.bias	torch.Size([96])	cuda:0	True
2026-05-26 16:37:05,394 - INFO - module.future_decoder.blocks.1.norm_cross.weight	torch.Size([96])	cuda:0	True
2026-05-26 16:37:05,394 - INFO - module.future_decoder.blocks.1.norm_cross.bias	torch.Size([96])	cuda:0	True
2026-05-26 16:37:05,394 - INFO - module.future_decoder.blocks.1.norm_ffn.weight	torch.Size([96])	cuda:0	True
2026-05-26 16:37:05,394 - INFO - module.future_decoder.blocks.1.norm_ffn.bias	torch.Size([96])	cuda:0	True
2026-05-26 16:37:05,394 - INFO - module.future_decoder.blocks.1.cell_attention.centers	torch.Size([8, 96])	cuda:0	True
2026-05-26 16:37:05,394 - INFO - module.future_decoder.blocks.1.cell_attention.log_sigma_sq	torch.Size([1])	cuda:0	True
2026-05-26 16:37:05,395 - INFO - module.future_decoder.blocks.1.cell_attention.cell_blend	torch.Size([])	cuda:0	True
2026-05-26 16:37:05,395 - INFO - module.future_decoder.blocks.1.cell_attention.band_center	torch.Size([])	cuda:0	True
2026-05-26 16:37:05,395 - INFO - module.future_decoder.blocks.1.cell_attention.band_width_raw	torch.Size([])	cuda:0	True
2026-05-26 16:37:05,395 - INFO - module.future_decoder.blocks.1.cell_attention.cell_transform.weight	torch.Size([96, 96])	cuda:0	True
2026-05-26 16:37:05,395 - INFO - module.future_decoder.blocks.1.cell_attention.cell_transform.bias	torch.Size([96])	cuda:0	True
2026-05-26 16:37:05,395 - INFO - module.future_decoder.blocks.1.cell_attention.output_projection.weight	torch.Size([96, 96])	cuda:0	True
2026-05-26 16:37:05,395 - INFO - module.future_decoder.blocks.1.cell_attention.output_projection.bias	torch.Size([96])	cuda:0	True
2026-05-26 16:37:05,395 - INFO - module.future_decoder.blocks.1.cell_attention.region_transformer.self_attn.query_projection.weight	torch.Size([96, 96])	cuda:0	True
2026-05-26 16:37:05,395 - INFO - module.future_decoder.blocks.1.cell_attention.region_transformer.self_attn.query_projection.bias	torch.Size([96])	cuda:0	True
2026-05-26 16:37:05,395 - INFO - module.future_decoder.blocks.1.cell_attention.region_transformer.self_attn.key_projection.weight	torch.Size([96, 96])	cuda:0	True
2026-05-26 16:37:05,395 - INFO - module.future_decoder.blocks.1.cell_attention.region_transformer.self_attn.key_projection.bias	torch.Size([96])	cuda:0	True
2026-05-26 16:37:05,395 - INFO - module.future_decoder.blocks.1.cell_attention.region_transformer.self_attn.value_projection.weight	torch.Size([96, 96])	cuda:0	True
2026-05-26 16:37:05,395 - INFO - module.future_decoder.blocks.1.cell_attention.region_transformer.self_attn.value_projection.bias	torch.Size([96])	cuda:0	True
2026-05-26 16:37:05,395 - INFO - module.future_decoder.blocks.1.cell_attention.region_transformer.self_attn.output_projection.weight	torch.Size([96, 96])	cuda:0	True
2026-05-26 16:37:05,395 - INFO - module.future_decoder.blocks.1.cell_attention.region_transformer.self_attn.output_projection.bias	torch.Size([96])	cuda:0	True
2026-05-26 16:37:05,395 - INFO - module.future_decoder.blocks.1.cell_attention.region_transformer.ffn.network.0.weight	torch.Size([192, 96])	cuda:0	True
2026-05-26 16:37:05,395 - INFO - module.future_decoder.blocks.1.cell_attention.region_transformer.ffn.network.0.bias	torch.Size([192])	cuda:0	True
2026-05-26 16:37:05,395 - INFO - module.future_decoder.blocks.1.cell_attention.region_transformer.ffn.network.3.weight	torch.Size([96, 192])	cuda:0	True
2026-05-26 16:37:05,395 - INFO - module.future_decoder.blocks.1.cell_attention.region_transformer.ffn.network.3.bias	torch.Size([96])	cuda:0	True
2026-05-26 16:37:05,395 - INFO - module.future_decoder.blocks.1.cell_attention.region_transformer.norm1.weight	torch.Size([96])	cuda:0	True
2026-05-26 16:37:05,395 - INFO - module.future_decoder.blocks.1.cell_attention.region_transformer.norm1.bias	torch.Size([96])	cuda:0	True
2026-05-26 16:37:05,395 - INFO - module.future_decoder.blocks.1.cell_attention.region_transformer.norm2.weight	torch.Size([96])	cuda:0	True
2026-05-26 16:37:05,395 - INFO - module.future_decoder.blocks.1.cell_attention.region_transformer.norm2.bias	torch.Size([96])	cuda:0	True
2026-05-26 16:37:05,395 - INFO - module.future_decoder.blocks.1.cell_attention.fuzzy_to_cell.weight	torch.Size([8, 4])	cuda:0	True
2026-05-26 16:37:05,395 - INFO - module.future_decoder.blocks.1.cell_attention.fuzzy_to_cell.bias	torch.Size([8])	cuda:0	True
2026-05-26 16:37:05,395 - INFO - module.future_decoder.blocks.1.norm_cell.weight	torch.Size([96])	cuda:0	True
2026-05-26 16:37:05,395 - INFO - module.future_decoder.blocks.1.norm_cell.bias	torch.Size([96])	cuda:0	True
2026-05-26 16:37:05,395 - INFO - module.future_decoder.final_norm.weight	torch.Size([96])	cuda:0	True
2026-05-26 16:37:05,395 - INFO - module.future_decoder.final_norm.bias	torch.Size([96])	cuda:0	True
2026-05-26 16:37:05,395 - INFO - module.future_decoder.output_projection.weight	torch.Size([3, 96])	cuda:0	True
2026-05-26 16:37:05,395 - INFO - module.future_decoder.output_projection.bias	torch.Size([3])	cuda:0	True
2026-05-26 16:37:05,396 - INFO - Total parameter numbers: 1177108
2026-05-26 16:37:05,396 - INFO - Enable AMP training (dtype=float16).
2026-05-26 16:37:05,396 - INFO - You select `adamw` optimizer.
2026-05-26 16:37:05,396 - INFO - You select `reducelronplateau` lr_scheduler.
2026-05-26 16:37:05,396 - WARNING - Received none train loss func and will use the loss func defined in the model.
2026-05-26 16:37:05,397 - INFO - Start training ...
2026-05-26 16:37:05,397 - INFO - num_batches:80
2026-05-26 16:37:17,809 - INFO - Epoch [0/10] train_loss: 0.4381, val_loss: 0.3749, lr: 0.001000, 12.41s
2026-05-26 16:37:17,876 - INFO - Saved model at 0
2026-05-26 16:37:17,876 - INFO - Val loss decrease from inf to 0.3749, saving to /home/lizhuoxuan/lzq/Bigscity-LibCity-master/outputs/20260526_163655__traffic_state_pred__final_new__PEMSD4/model_cache/final_new_PEMSD4_epoch0.tar
2026-05-26 16:37:29,367 - INFO - Epoch [1/10] train_loss: 0.3621, val_loss: 0.3710, lr: 0.001000, 11.49s
2026-05-26 16:37:29,430 - INFO - Saved model at 1
2026-05-26 16:37:29,430 - INFO - Val loss decrease from 0.3749 to 0.3710, saving to /home/lizhuoxuan/lzq/Bigscity-LibCity-master/outputs/20260526_163655__traffic_state_pred__final_new__PEMSD4/model_cache/final_new_PEMSD4_epoch1.tar
2026-05-26 16:37:40,912 - INFO - Epoch [2/10] train_loss: 0.3627, val_loss: 0.3696, lr: 0.001000, 11.48s
2026-05-26 16:37:40,975 - INFO - Saved model at 2
2026-05-26 16:37:40,975 - INFO - Val loss decrease from 0.3710 to 0.3696, saving to /home/lizhuoxuan/lzq/Bigscity-LibCity-master/outputs/20260526_163655__traffic_state_pred__final_new__PEMSD4/model_cache/final_new_PEMSD4_epoch2.tar
2026-05-26 16:37:52,470 - INFO - Epoch [3/10] train_loss: 0.3538, val_loss: 0.3661, lr: 0.001000, 11.50s
2026-05-26 16:37:52,532 - INFO - Saved model at 3
2026-05-26 16:37:52,533 - INFO - Val loss decrease from 0.3696 to 0.3661, saving to /home/lizhuoxuan/lzq/Bigscity-LibCity-master/outputs/20260526_163655__traffic_state_pred__final_new__PEMSD4/model_cache/final_new_PEMSD4_epoch3.tar
2026-05-26 16:38:04,013 - INFO - Epoch [4/10] train_loss: 0.3549, val_loss: 0.3692, lr: 0.001000, 11.48s
2026-05-26 16:38:15,507 - INFO - Epoch [5/10] train_loss: 0.3537, val_loss: 0.3677, lr: 0.001000, 11.49s
2026-05-26 16:38:27,030 - INFO - Epoch [6/10] train_loss: 0.3529, val_loss: 0.3673, lr: 0.001000, 11.52s
2026-05-26 16:38:38,556 - INFO - Epoch [7/10] train_loss: 0.3509, val_loss: 0.3658, lr: 0.001000, 11.53s
2026-05-26 16:38:38,618 - INFO - Saved model at 7
2026-05-26 16:38:38,618 - INFO - Val loss decrease from 0.3661 to 0.3658, saving to /home/lizhuoxuan/lzq/Bigscity-LibCity-master/outputs/20260526_163655__traffic_state_pred__final_new__PEMSD4/model_cache/final_new_PEMSD4_epoch7.tar
2026-05-26 16:38:50,161 - INFO - Epoch [8/10] train_loss: 0.3496, val_loss: 0.3665, lr: 0.001000, 11.54s
2026-05-26 16:39:01,695 - INFO - Epoch [9/10] train_loss: 0.3501, val_loss: 0.3637, lr: 0.001000, 11.53s
2026-05-26 16:39:01,758 - INFO - Saved model at 9
2026-05-26 16:39:01,758 - INFO - Val loss decrease from 0.3658 to 0.3637, saving to /home/lizhuoxuan/lzq/Bigscity-LibCity-master/outputs/20260526_163655__traffic_state_pred__final_new__PEMSD4/model_cache/final_new_PEMSD4_epoch9.tar
2026-05-26 16:39:01,758 - INFO - Trained totally 10 epochs, average train time is 10.533s, average eval time is 1.065s
2026-05-26 16:39:01,758 - INFO - Loading best model state from epoch 9
2026-05-26 16:39:01,763 - INFO - Saved model at /home/lizhuoxuan/lzq/Bigscity-LibCity-master/outputs/20260526_163655__traffic_state_pred__final_new__PEMSD4/model_cache/final_new_PEMSD4.m
2026-05-26 16:39:01,816 - INFO - Start evaluating ...
2026-05-26 16:39:28,078 - INFO - Note that you select the single mode to evaluate!
2026-05-26 16:39:28,081 - INFO - Evaluate result is saved at /home/lizhuoxuan/lzq/Bigscity-LibCity-master/outputs/20260526_163655__traffic_state_pred__final_new__PEMSD4/evaluate_cache/2026_05_26_16_39_28_final_new_PEMSD4.csv
2026-05-26 16:39:28,092 - INFO - 
          MAE      MAPE          MSE  ...  masked_RMSE        R2      EVAR
1   44.186214  9.217775  8727.845703  ...    93.072014  0.475932  0.484088
2   44.185009  9.333522  8727.264648  ...    93.069130  0.475974  0.484146
3   44.182381  9.385194  8726.709961  ...    93.066307  0.476016  0.484191
4   44.175220  9.222755  8726.201172  ...    93.063866  0.476053  0.484234
5   44.172611  9.215145  8725.827148  ...    93.062019  0.476082  0.484266
6   44.170319  9.187936  8725.565430  ...    93.060867  0.476102  0.484292
7   44.167435  9.097054  8725.578125  ...    93.061127  0.476103  0.484298
8   44.170845  9.243337  8725.384766  ...    93.060219  0.476117  0.484310
9   44.170815  9.221224  8725.401367  ...    93.060516  0.476120  0.484320
10  44.174286  9.317306  8725.510742  ...    93.061195  0.476116  0.484319
11  44.168888  9.030119  8725.625000  ...    93.061890  0.476111  0.484304
12  44.180981  9.345828  8726.074219  ...    93.064400  0.476087  0.484307

[12 rows x 10 columns]
