2026-05-25 16:35:08,023 - INFO - Log directory: /home/lizhuoxuan/lzq/Bigscity-LibCity-master/outputs/20260525_163508__traffic_state_pred__new_fuzzy_3__PEMSD4/logs
2026-05-25 16:35:08,234 - INFO - Log directory: /home/lizhuoxuan/lzq/Bigscity-LibCity-master/outputs/20260525_163508__traffic_state_pred__new_fuzzy_3__PEMSD4/logs
2026-05-25 16:35:08,234 - INFO - Begin artifact training pipeline, task=traffic_state_pred, model_name=new_fuzzy_3, dataset_name=PEMSD4, exp_id=20260525_163508__traffic_state_pred__new_fuzzy_3__PEMSD4
2026-05-25 16:35:08,234 - INFO - {'task': 'traffic_state_pred', 'model': 'new_fuzzy_3', 'dataset': 'PEMSD4', 'saved_model': True, 'train': True, 'seed': 42, 'train_rate': 0.6, 'eval_rate': 0.2, 'batch_size': 64, 'learning_rate': 0.0005, 'max_epoch': 30, 'dataset_class': 'TrafficStatePointDataset', 'executor': 'DiffusionTrafficStateExecutor', 'evaluator': 'TrafficStateEvaluator', 'amp_dtype': 'bfloat16', 'beta_end': 0.01, 'beta_start': 0.0001, 'calculate_weight_adj': False, 'conservation_loss_weight': 0.1, 'conservation_steps_per_epoch': 80, 'conservation_warmup_epochs': 5, 'data_col': ['traffic_flow', 'traffic_occupancy', 'traffic_speed'], 'data_files': ['PEMSD4'], 'ddim_eta': 0, 'decoder_layers': 2, 'denoiser_layers': 2, 'device': device(type='cuda', index=0), 'diffusion_conservation_enabled': False, 'diffusion_schedule': 'linear', 'diffusion_steps': 50, 'disturb_rate': 0.5, 'dropout': 0.1, 'dyna': {'including_types': ['state'], 'state': {'entity_id': 'geo_id', 'traffic_flow': 'num', 'traffic_occupancy': 'num', 'traffic_speed': 'num'}}, 'encoder_layers': 2, 'eval_batch_size': 64, 'evaluator_mode': 'single', 'fcm_loss_weight': 0.01, 'fcm_steps_per_epoch': 80, 'fcm_warmup_epochs': 3, 'ffn_hidden_dim': 128, 'fuzzy_num_sets': 3, 'geo': {'including_types': ['Point'], 'Point': {}}, 'geo_file': 'PEMSD4', 'graph_k_hop': 2, 'hidden_dim': 64, 'init_weight_inf_or_zero': 'zero', 'is_distributed': True, 'metrics': ['MAE', 'MAPE', 'MSE', 'RMSE', 'masked_MAE', 'masked_MAPE', 'masked_MSE', 'masked_RMSE', 'R2', 'EVAR'], 'noise_SD': [10], 'noise_mean': [5], 'noise_type': 'gaussian', 'num_heads': 2, 'num_sampling_steps': 20, 'num_workers': 0, 'output_dim': 3, 'pad_with_last_sample': True, 'physics_channel_idx': 0, 'prediction_clamp_max': 3, 'prediction_clamp_min': -3, 'rank': 0, 'rel': {'including_types': ['geo'], 'geo': {'cost': 'num'}}, 'rel_file': 'PEMSD4', 'robustness_test': False, 'save_mode': ['csv'], 'scale_lr': False, 'set_weight_link_or_dist': 'link', 'time_intervals': 300, 'use_amp': True, 'use_diffusion': True, 'use_fuzzy_conservation': True, 'use_fuzzy_graph': True, 'use_gradient_checkpointing': False, 'use_spatiotemporal_attention': True, 'use_temporal_position_embedding': True, 'weight_adj_epsilon': 0.1, 'weight_col': 'cost', 'world_size': 4, 'clip_grad_norm': True, 'epoch': 0, 'gpu': True, 'gpu_id': 0, 'learner': 'adamw', 'load_best_epoch': True, 'log_every': 1, 'lr_decay': True, 'lr_decay_ratio': 0.5, 'lr_patience': 5, 'lr_scheduler': 'reducelronplateau', 'lr_threshold': 0.001, 'max_grad_norm': 3, 'patience': 30, 'train_loss': 'none', 'use_early_stop': True, 'weight_decay': 0.0001, 'data_version_id': 'dv_1779415392_efa48676', 'input_window': 12, 'output_window': 12, 'scaler': 'standard', 'load_external': False, 'normal_external': False, 'add_time_in_day': True, 'add_day_in_week': True, 'cache_dataset': True, 'ext_scaler': 'none', 'local_rank': 0, 'dist_backend': 'nccl', 'exp_id': '20260525_163508__traffic_state_pred__new_fuzzy_3__PEMSD4'}
2026-05-25 16:35:08,369 - INFO - Log directory: /home/lizhuoxuan/lzq/Bigscity-LibCity-master/outputs/20260525_163508__traffic_state_pred__new_fuzzy_3__PEMSD4/logs
2026-05-25 16:35:20,293 - INFO - Enable AMP training (dtype=bfloat16).
2026-05-25 16:35:20,293 - INFO - You select `adamw` optimizer.
2026-05-25 16:35:20,292 - INFO - DistributedDataParallel(
  (module): NewFuzzy3(
    (diffusion): DiffusionScheduler()
    (fuzzy_graph): FuzzyRelationalGraphLearner(
      (raw_projection): Linear(in_features=3, out_features=64, bias=True)
      (feature_to_membership): Sequential(
        (0): Linear(in_features=64, out_features=32, bias=True)
        (1): GELU(approximate='none')
        (2): Linear(in_features=32, out_features=3, bias=True)
      )
    )
    (condition_encoder): STEncoder(
      (input_projection): Linear(in_features=3, out_features=64, bias=True)
      (blocks): ModuleList(
        (0-1): 2 x STEncoderBlock(
          (temporal_attention): MultiHeadAttention(
            (query_projection): Linear(in_features=64, out_features=64, bias=True)
            (key_projection): Linear(in_features=64, out_features=64, bias=True)
            (value_projection): Linear(in_features=64, out_features=64, bias=True)
            (output_projection): Linear(in_features=64, out_features=64, bias=True)
            (dropout): Dropout(p=0.1, inplace=False)
          )
          (graph_convolution): FuzzyGraphConvolution(
            (projections): ModuleList(
              (0-2): 3 x Linear(in_features=64, out_features=64, bias=True)
            )
          )
          (feed_forward): FeedForwardNetwork(
            (network): Sequential(
              (0): Linear(in_features=64, out_features=128, bias=True)
              (1): GELU(approximate='none')
              (2): Dropout(p=0.1, inplace=False)
              (3): Linear(in_features=128, out_features=64, bias=True)
              (4): Dropout(p=0.1, inplace=False)
            )
          )
          (norm_temporal): LayerNorm((64,), eps=1e-05, elementwise_affine=True)
          (norm_graph): LayerNorm((64,), eps=1e-05, elementwise_affine=True)
          (norm_ffn): LayerNorm((64,), eps=1e-05, elementwise_affine=True)
          (dropout): Dropout(p=0.1, inplace=False)
        )
      )
      (final_norm): LayerNorm((64,), eps=1e-05, elementwise_affine=True)
    )
    (denoiser): FuzzyGuidedDenoiser(
      (input_projection): Linear(in_features=3, out_features=64, bias=True)
      (time_embedding): SinusoidalTimeEmbedding()
      (time_projection): Sequential(
        (0): Linear(in_features=64, out_features=64, bias=True)
        (1): SiLU()
        (2): Linear(in_features=64, out_features=64, bias=True)
      )
      (condition_fusion): Linear(in_features=128, out_features=64, bias=True)
      (blocks): ModuleList(
        (0-1): 2 x DenoiserBlock(
          (temporal_attention): MultiHeadAttention(
            (query_projection): Linear(in_features=64, out_features=64, bias=True)
            (key_projection): Linear(in_features=64, out_features=64, bias=True)
            (value_projection): Linear(in_features=64, out_features=64, bias=True)
            (output_projection): Linear(in_features=64, out_features=64, bias=True)
            (dropout): Dropout(p=0.1, inplace=False)
          )
          (graph_convolution): FuzzyGraphConvolution(
            (projections): ModuleList(
              (0-2): 3 x Linear(in_features=64, out_features=64, bias=True)
            )
          )
          (cross_attention): MultiHeadAttention(
            (query_projection): Linear(in_features=64, out_features=64, bias=True)
            (key_projection): Linear(in_features=64, out_features=64, bias=True)
            (value_projection): Linear(in_features=64, out_features=64, bias=True)
            (output_projection): Linear(in_features=64, out_features=64, bias=True)
            (dropout): Dropout(p=0.1, inplace=False)
          )
          (spatiotemporal_attention): MultiHeadAttention(
            (query_projection): Linear(in_features=64, out_features=64, bias=True)
            (key_projection): Linear(in_features=64, out_features=64, bias=True)
            (value_projection): Linear(in_features=64, out_features=64, bias=True)
            (output_projection): Linear(in_features=64, out_features=64, bias=True)
            (dropout): Dropout(p=0.1, inplace=False)
          )
          (feed_forward): FeedForwardNetwork(
            (network): Sequential(
              (0): Linear(in_features=64, out_features=128, bias=True)
              (1): GELU(approximate='none')
              (2): Dropout(p=0.1, inplace=False)
              (3): Linear(in_features=128, out_features=64, bias=True)
              (4): Dropout(p=0.1, inplace=False)
            )
          )
          (norm_temporal): LayerNorm((64,), eps=1e-05, elementwise_affine=True)
          (norm_graph): LayerNorm((64,), eps=1e-05, elementwise_affine=True)
          (norm_cross): LayerNorm((64,), eps=1e-05, elementwise_affine=True)
          (norm_spatiotemporal): LayerNorm((64,), eps=1e-05, elementwise_affine=True)
          (norm_ffn): LayerNorm((64,), eps=1e-05, elementwise_affine=True)
          (dropout): Dropout(p=0.1, inplace=False)
          (time_scale_shift): Sequential(
            (0): SiLU()
            (1): Linear(in_features=64, out_features=128, bias=True)
          )
        )
      )
      (final_norm): LayerNorm((64,), eps=1e-05, elementwise_affine=True)
      (output_projection): Linear(in_features=64, out_features=3, bias=True)
    )
  )
)
2026-05-25 16:35:20,293 - INFO - You select `reducelronplateau` lr_scheduler.
2026-05-25 16:35:20,293 - WARNING - Received none train loss func and will use the loss func defined in the model.
2026-05-25 16:35:20,293 - INFO - Start training ...
2026-05-25 16:35:20,293 - INFO - num_batches:40
2026-05-25 16:35:20,294 - INFO - module.fuzzy_graph.base_memberships	torch.Size([307, 3])	cuda:0	True
2026-05-25 16:35:20,294 - INFO - module.fuzzy_graph.fuzzy_prototypes	torch.Size([3, 64])	cuda:0	True
2026-05-25 16:35:20,294 - INFO - module.fuzzy_graph.blend_logit	torch.Size([])	cuda:0	True
2026-05-25 16:35:20,294 - INFO - module.fuzzy_graph.raw_projection.weight	torch.Size([64, 3])	cuda:0	True
2026-05-25 16:35:20,294 - INFO - module.fuzzy_graph.raw_projection.bias	torch.Size([64])	cuda:0	True
2026-05-25 16:35:20,294 - INFO - module.fuzzy_graph.feature_to_membership.0.weight	torch.Size([32, 64])	cuda:0	True
2026-05-25 16:35:20,294 - INFO - module.fuzzy_graph.feature_to_membership.0.bias	torch.Size([32])	cuda:0	True
2026-05-25 16:35:20,294 - INFO - module.fuzzy_graph.feature_to_membership.2.weight	torch.Size([3, 32])	cuda:0	True
2026-05-25 16:35:20,294 - INFO - module.fuzzy_graph.feature_to_membership.2.bias	torch.Size([3])	cuda:0	True
2026-05-25 16:35:20,294 - INFO - module.condition_encoder.temporal_position_embedding	torch.Size([1, 12, 1, 64])	cuda:0	True
2026-05-25 16:35:20,294 - INFO - module.condition_encoder.input_projection.weight	torch.Size([64, 3])	cuda:0	True
2026-05-25 16:35:20,294 - INFO - module.condition_encoder.input_projection.bias	torch.Size([64])	cuda:0	True
2026-05-25 16:35:20,294 - INFO - module.condition_encoder.blocks.0.temporal_attention.query_projection.weight	torch.Size([64, 64])	cuda:0	True
2026-05-25 16:35:20,294 - INFO - module.condition_encoder.blocks.0.temporal_attention.query_projection.bias	torch.Size([64])	cuda:0	True
2026-05-25 16:35:20,294 - INFO - module.condition_encoder.blocks.0.temporal_attention.key_projection.weight	torch.Size([64, 64])	cuda:0	True
2026-05-25 16:35:20,294 - INFO - module.condition_encoder.blocks.0.temporal_attention.key_projection.bias	torch.Size([64])	cuda:0	True
2026-05-25 16:35:20,294 - INFO - module.condition_encoder.blocks.0.temporal_attention.value_projection.weight	torch.Size([64, 64])	cuda:0	True
2026-05-25 16:35:20,294 - INFO - module.condition_encoder.blocks.0.temporal_attention.value_projection.bias	torch.Size([64])	cuda:0	True
2026-05-25 16:35:20,294 - INFO - module.condition_encoder.blocks.0.temporal_attention.output_projection.weight	torch.Size([64, 64])	cuda:0	True
2026-05-25 16:35:20,294 - INFO - module.condition_encoder.blocks.0.temporal_attention.output_projection.bias	torch.Size([64])	cuda:0	True
2026-05-25 16:35:20,294 - INFO - module.condition_encoder.blocks.0.graph_convolution.projections.0.weight	torch.Size([64, 64])	cuda:0	True
2026-05-25 16:35:20,294 - INFO - module.condition_encoder.blocks.0.graph_convolution.projections.0.bias	torch.Size([64])	cuda:0	True
2026-05-25 16:35:20,294 - INFO - module.condition_encoder.blocks.0.graph_convolution.projections.1.weight	torch.Size([64, 64])	cuda:0	True
2026-05-25 16:35:20,294 - INFO - module.condition_encoder.blocks.0.graph_convolution.projections.1.bias	torch.Size([64])	cuda:0	True
2026-05-25 16:35:20,294 - INFO - module.condition_encoder.blocks.0.graph_convolution.projections.2.weight	torch.Size([64, 64])	cuda:0	True
2026-05-25 16:35:20,295 - INFO - module.condition_encoder.blocks.0.graph_convolution.projections.2.bias	torch.Size([64])	cuda:0	True
2026-05-25 16:35:20,295 - INFO - module.condition_encoder.blocks.0.feed_forward.network.0.weight	torch.Size([128, 64])	cuda:0	True
2026-05-25 16:35:20,295 - INFO - module.condition_encoder.blocks.0.feed_forward.network.0.bias	torch.Size([128])	cuda:0	True
2026-05-25 16:35:20,295 - INFO - module.condition_encoder.blocks.0.feed_forward.network.3.weight	torch.Size([64, 128])	cuda:0	True
2026-05-25 16:35:20,295 - INFO - module.condition_encoder.blocks.0.feed_forward.network.3.bias	torch.Size([64])	cuda:0	True
2026-05-25 16:35:20,295 - INFO - module.condition_encoder.blocks.0.norm_temporal.weight	torch.Size([64])	cuda:0	True
2026-05-25 16:35:20,295 - INFO - module.condition_encoder.blocks.0.norm_temporal.bias	torch.Size([64])	cuda:0	True
2026-05-25 16:35:20,295 - INFO - module.condition_encoder.blocks.0.norm_graph.weight	torch.Size([64])	cuda:0	True
2026-05-25 16:35:20,295 - INFO - module.condition_encoder.blocks.0.norm_graph.bias	torch.Size([64])	cuda:0	True
2026-05-25 16:35:20,295 - INFO - module.condition_encoder.blocks.0.norm_ffn.weight	torch.Size([64])	cuda:0	True
2026-05-25 16:35:20,295 - INFO - module.condition_encoder.blocks.0.norm_ffn.bias	torch.Size([64])	cuda:0	True
2026-05-25 16:35:20,295 - INFO - module.condition_encoder.blocks.1.temporal_attention.query_projection.weight	torch.Size([64, 64])	cuda:0	True
2026-05-25 16:35:20,295 - INFO - module.condition_encoder.blocks.1.temporal_attention.query_projection.bias	torch.Size([64])	cuda:0	True
2026-05-25 16:35:20,295 - INFO - module.condition_encoder.blocks.1.temporal_attention.key_projection.weight	torch.Size([64, 64])	cuda:0	True
2026-05-25 16:35:20,295 - INFO - module.condition_encoder.blocks.1.temporal_attention.key_projection.bias	torch.Size([64])	cuda:0	True
2026-05-25 16:35:20,295 - INFO - module.condition_encoder.blocks.1.temporal_attention.value_projection.weight	torch.Size([64, 64])	cuda:0	True
2026-05-25 16:35:20,295 - INFO - module.condition_encoder.blocks.1.temporal_attention.value_projection.bias	torch.Size([64])	cuda:0	True
2026-05-25 16:35:20,295 - INFO - module.condition_encoder.blocks.1.temporal_attention.output_projection.weight	torch.Size([64, 64])	cuda:0	True
2026-05-25 16:35:20,295 - INFO - module.condition_encoder.blocks.1.temporal_attention.output_projection.bias	torch.Size([64])	cuda:0	True
2026-05-25 16:35:20,295 - INFO - module.condition_encoder.blocks.1.graph_convolution.projections.0.weight	torch.Size([64, 64])	cuda:0	True
2026-05-25 16:35:20,295 - INFO - module.condition_encoder.blocks.1.graph_convolution.projections.0.bias	torch.Size([64])	cuda:0	True
2026-05-25 16:35:20,295 - INFO - module.condition_encoder.blocks.1.graph_convolution.projections.1.weight	torch.Size([64, 64])	cuda:0	True
2026-05-25 16:35:20,295 - INFO - module.condition_encoder.blocks.1.graph_convolution.projections.1.bias	torch.Size([64])	cuda:0	True
2026-05-25 16:35:20,295 - INFO - module.condition_encoder.blocks.1.graph_convolution.projections.2.weight	torch.Size([64, 64])	cuda:0	True
2026-05-25 16:35:20,295 - INFO - module.condition_encoder.blocks.1.graph_convolution.projections.2.bias	torch.Size([64])	cuda:0	True
2026-05-25 16:35:20,295 - INFO - module.condition_encoder.blocks.1.feed_forward.network.0.weight	torch.Size([128, 64])	cuda:0	True
2026-05-25 16:35:20,295 - INFO - module.condition_encoder.blocks.1.feed_forward.network.0.bias	torch.Size([128])	cuda:0	True
2026-05-25 16:35:20,295 - INFO - module.condition_encoder.blocks.1.feed_forward.network.3.weight	torch.Size([64, 128])	cuda:0	True
2026-05-25 16:35:20,295 - INFO - module.condition_encoder.blocks.1.feed_forward.network.3.bias	torch.Size([64])	cuda:0	True
2026-05-25 16:35:20,295 - INFO - module.condition_encoder.blocks.1.norm_temporal.weight	torch.Size([64])	cuda:0	True
2026-05-25 16:35:20,295 - INFO - module.condition_encoder.blocks.1.norm_temporal.bias	torch.Size([64])	cuda:0	True
2026-05-25 16:35:20,295 - INFO - module.condition_encoder.blocks.1.norm_graph.weight	torch.Size([64])	cuda:0	True
2026-05-25 16:35:20,295 - INFO - module.condition_encoder.blocks.1.norm_graph.bias	torch.Size([64])	cuda:0	True
2026-05-25 16:35:20,295 - INFO - module.condition_encoder.blocks.1.norm_ffn.weight	torch.Size([64])	cuda:0	True
2026-05-25 16:35:20,296 - INFO - module.condition_encoder.blocks.1.norm_ffn.bias	torch.Size([64])	cuda:0	True
2026-05-25 16:35:20,296 - INFO - module.condition_encoder.final_norm.weight	torch.Size([64])	cuda:0	True
2026-05-25 16:35:20,296 - INFO - module.condition_encoder.final_norm.bias	torch.Size([64])	cuda:0	True
2026-05-25 16:35:20,296 - INFO - module.denoiser.future_position_embedding	torch.Size([1, 12, 1, 64])	cuda:0	True
2026-05-25 16:35:20,296 - INFO - module.denoiser.condition_temporal_weight	torch.Size([12])	cuda:0	True
2026-05-25 16:35:20,296 - INFO - module.denoiser.input_projection.weight	torch.Size([64, 3])	cuda:0	True
2026-05-25 16:35:20,296 - INFO - module.denoiser.input_projection.bias	torch.Size([64])	cuda:0	True
2026-05-25 16:35:20,296 - INFO - module.denoiser.time_projection.0.weight	torch.Size([64, 64])	cuda:0	True
2026-05-25 16:35:20,296 - INFO - module.denoiser.time_projection.0.bias	torch.Size([64])	cuda:0	True
2026-05-25 16:35:20,296 - INFO - module.denoiser.time_projection.2.weight	torch.Size([64, 64])	cuda:0	True
2026-05-25 16:35:20,296 - INFO - module.denoiser.time_projection.2.bias	torch.Size([64])	cuda:0	True
2026-05-25 16:35:20,296 - INFO - module.denoiser.condition_fusion.weight	torch.Size([64, 128])	cuda:0	True
2026-05-25 16:35:20,296 - INFO - module.denoiser.condition_fusion.bias	torch.Size([64])	cuda:0	True
2026-05-25 16:35:20,296 - INFO - module.denoiser.blocks.0.temporal_attention.query_projection.weight	torch.Size([64, 64])	cuda:0	True
2026-05-25 16:35:20,296 - INFO - module.denoiser.blocks.0.temporal_attention.query_projection.bias	torch.Size([64])	cuda:0	True
2026-05-25 16:35:20,296 - INFO - module.denoiser.blocks.0.temporal_attention.key_projection.weight	torch.Size([64, 64])	cuda:0	True
2026-05-25 16:35:20,296 - INFO - module.denoiser.blocks.0.temporal_attention.key_projection.bias	torch.Size([64])	cuda:0	True
2026-05-25 16:35:20,296 - INFO - module.denoiser.blocks.0.temporal_attention.value_projection.weight	torch.Size([64, 64])	cuda:0	True
2026-05-25 16:35:20,296 - INFO - module.denoiser.blocks.0.temporal_attention.value_projection.bias	torch.Size([64])	cuda:0	True
2026-05-25 16:35:20,296 - INFO - module.denoiser.blocks.0.temporal_attention.output_projection.weight	torch.Size([64, 64])	cuda:0	True
2026-05-25 16:35:20,296 - INFO - module.denoiser.blocks.0.temporal_attention.output_projection.bias	torch.Size([64])	cuda:0	True
2026-05-25 16:35:20,296 - INFO - module.denoiser.blocks.0.graph_convolution.projections.0.weight	torch.Size([64, 64])	cuda:0	True
2026-05-25 16:35:20,296 - INFO - module.denoiser.blocks.0.graph_convolution.projections.0.bias	torch.Size([64])	cuda:0	True
2026-05-25 16:35:20,296 - INFO - module.denoiser.blocks.0.graph_convolution.projections.1.weight	torch.Size([64, 64])	cuda:0	True
2026-05-25 16:35:20,296 - INFO - module.denoiser.blocks.0.graph_convolution.projections.1.bias	torch.Size([64])	cuda:0	True
2026-05-25 16:35:20,296 - INFO - module.denoiser.blocks.0.graph_convolution.projections.2.weight	torch.Size([64, 64])	cuda:0	True
2026-05-25 16:35:20,296 - INFO - module.denoiser.blocks.0.graph_convolution.projections.2.bias	torch.Size([64])	cuda:0	True
2026-05-25 16:35:20,296 - INFO - module.denoiser.blocks.0.cross_attention.query_projection.weight	torch.Size([64, 64])	cuda:0	True
2026-05-25 16:35:20,296 - INFO - module.denoiser.blocks.0.cross_attention.query_projection.bias	torch.Size([64])	cuda:0	True
2026-05-25 16:35:20,296 - INFO - module.denoiser.blocks.0.cross_attention.key_projection.weight	torch.Size([64, 64])	cuda:0	True
2026-05-25 16:35:20,296 - INFO - module.denoiser.blocks.0.cross_attention.key_projection.bias	torch.Size([64])	cuda:0	True
2026-05-25 16:35:20,296 - INFO - module.denoiser.blocks.0.cross_attention.value_projection.weight	torch.Size([64, 64])	cuda:0	True
2026-05-25 16:35:20,296 - INFO - module.denoiser.blocks.0.cross_attention.value_projection.bias	torch.Size([64])	cuda:0	True
2026-05-25 16:35:20,296 - INFO - module.denoiser.blocks.0.cross_attention.output_projection.weight	torch.Size([64, 64])	cuda:0	True
2026-05-25 16:35:20,296 - INFO - module.denoiser.blocks.0.cross_attention.output_projection.bias	torch.Size([64])	cuda:0	True
2026-05-25 16:35:20,296 - INFO - Enable AMP training (dtype=bfloat16).
2026-05-25 16:35:20,297 - INFO - module.denoiser.blocks.0.spatiotemporal_attention.query_projection.weight	torch.Size([64, 64])	cuda:0	True
2026-05-25 16:35:20,297 - INFO - module.denoiser.blocks.0.spatiotemporal_attention.query_projection.bias	torch.Size([64])	cuda:0	True
2026-05-25 16:35:20,297 - INFO - module.denoiser.blocks.0.spatiotemporal_attention.key_projection.weight	torch.Size([64, 64])	cuda:0	True
2026-05-25 16:35:20,297 - INFO - You select `adamw` optimizer.
2026-05-25 16:35:20,297 - INFO - module.denoiser.blocks.0.spatiotemporal_attention.key_projection.bias	torch.Size([64])	cuda:0	True
2026-05-25 16:35:20,297 - INFO - module.denoiser.blocks.0.spatiotemporal_attention.value_projection.weight	torch.Size([64, 64])	cuda:0	True
2026-05-25 16:35:20,297 - INFO - module.denoiser.blocks.0.spatiotemporal_attention.value_projection.bias	torch.Size([64])	cuda:0	True
2026-05-25 16:35:20,297 - INFO - module.denoiser.blocks.0.spatiotemporal_attention.output_projection.weight	torch.Size([64, 64])	cuda:0	True
2026-05-25 16:35:20,297 - INFO - module.denoiser.blocks.0.spatiotemporal_attention.output_projection.bias	torch.Size([64])	cuda:0	True
2026-05-25 16:35:20,297 - INFO - module.denoiser.blocks.0.feed_forward.network.0.weight	torch.Size([128, 64])	cuda:0	True
2026-05-25 16:35:20,297 - INFO - module.denoiser.blocks.0.feed_forward.network.0.bias	torch.Size([128])	cuda:0	True
2026-05-25 16:35:20,297 - INFO - module.denoiser.blocks.0.feed_forward.network.3.weight	torch.Size([64, 128])	cuda:0	True
2026-05-25 16:35:20,297 - INFO - module.denoiser.blocks.0.feed_forward.network.3.bias	torch.Size([64])	cuda:0	True
2026-05-25 16:35:20,297 - INFO - module.denoiser.blocks.0.norm_temporal.weight	torch.Size([64])	cuda:0	True
2026-05-25 16:35:20,297 - INFO - module.denoiser.blocks.0.norm_temporal.bias	torch.Size([64])	cuda:0	True
2026-05-25 16:35:20,297 - INFO - module.denoiser.blocks.0.norm_graph.weight	torch.Size([64])	cuda:0	True
2026-05-25 16:35:20,297 - INFO - module.denoiser.blocks.0.norm_graph.bias	torch.Size([64])	cuda:0	True
2026-05-25 16:35:20,297 - INFO - module.denoiser.blocks.0.norm_cross.weight	torch.Size([64])	cuda:0	True
2026-05-25 16:35:20,297 - INFO - module.denoiser.blocks.0.norm_cross.bias	torch.Size([64])	cuda:0	True
2026-05-25 16:35:20,297 - INFO - module.denoiser.blocks.0.norm_spatiotemporal.weight	torch.Size([64])	cuda:0	True
2026-05-25 16:35:20,297 - INFO - module.denoiser.blocks.0.norm_spatiotemporal.bias	torch.Size([64])	cuda:0	True
2026-05-25 16:35:20,297 - INFO - module.denoiser.blocks.0.norm_ffn.weight	torch.Size([64])	cuda:0	True
2026-05-25 16:35:20,297 - INFO - module.denoiser.blocks.0.norm_ffn.bias	torch.Size([64])	cuda:0	True
2026-05-25 16:35:20,297 - INFO - module.denoiser.blocks.0.time_scale_shift.1.weight	torch.Size([128, 64])	cuda:0	True
2026-05-25 16:35:20,297 - INFO - module.denoiser.blocks.0.time_scale_shift.1.bias	torch.Size([128])	cuda:0	True
2026-05-25 16:35:20,297 - INFO - module.denoiser.blocks.1.temporal_attention.query_projection.weight	torch.Size([64, 64])	cuda:0	True
2026-05-25 16:35:20,297 - INFO - module.denoiser.blocks.1.temporal_attention.query_projection.bias	torch.Size([64])	cuda:0	True
2026-05-25 16:35:20,297 - INFO - module.denoiser.blocks.1.temporal_attention.key_projection.weight	torch.Size([64, 64])	cuda:0	True
2026-05-25 16:35:20,297 - INFO - You select `reducelronplateau` lr_scheduler.
2026-05-25 16:35:20,297 - INFO - module.denoiser.blocks.1.temporal_attention.key_projection.bias	torch.Size([64])	cuda:0	True
2026-05-25 16:35:20,297 - INFO - module.denoiser.blocks.1.temporal_attention.value_projection.weight	torch.Size([64, 64])	cuda:0	True
2026-05-25 16:35:20,297 - INFO - module.denoiser.blocks.1.temporal_attention.value_projection.bias	torch.Size([64])	cuda:0	True
2026-05-25 16:35:20,297 - WARNING - Received none train loss func and will use the loss func defined in the model.
2026-05-25 16:35:20,297 - INFO - module.denoiser.blocks.1.temporal_attention.output_projection.weight	torch.Size([64, 64])	cuda:0	True
2026-05-25 16:35:20,297 - INFO - module.denoiser.blocks.1.temporal_attention.output_projection.bias	torch.Size([64])	cuda:0	True
2026-05-25 16:35:20,297 - INFO - module.denoiser.blocks.1.graph_convolution.projections.0.weight	torch.Size([64, 64])	cuda:0	True
2026-05-25 16:35:20,297 - INFO - Start training ...
2026-05-25 16:35:20,297 - INFO - module.denoiser.blocks.1.graph_convolution.projections.0.bias	torch.Size([64])	cuda:0	True
2026-05-25 16:35:20,298 - INFO - module.denoiser.blocks.1.graph_convolution.projections.1.weight	torch.Size([64, 64])	cuda:0	True
2026-05-25 16:35:20,298 - INFO - num_batches:40
2026-05-25 16:35:20,298 - INFO - module.denoiser.blocks.1.graph_convolution.projections.1.bias	torch.Size([64])	cuda:0	True
2026-05-25 16:35:20,298 - INFO - module.denoiser.blocks.1.graph_convolution.projections.2.weight	torch.Size([64, 64])	cuda:0	True
2026-05-25 16:35:20,298 - INFO - module.denoiser.blocks.1.graph_convolution.projections.2.bias	torch.Size([64])	cuda:0	True
2026-05-25 16:35:20,298 - INFO - module.denoiser.blocks.1.cross_attention.query_projection.weight	torch.Size([64, 64])	cuda:0	True
2026-05-25 16:35:20,298 - INFO - module.denoiser.blocks.1.cross_attention.query_projection.bias	torch.Size([64])	cuda:0	True
2026-05-25 16:35:20,298 - INFO - module.denoiser.blocks.1.cross_attention.key_projection.weight	torch.Size([64, 64])	cuda:0	True
2026-05-25 16:35:20,298 - INFO - module.denoiser.blocks.1.cross_attention.key_projection.bias	torch.Size([64])	cuda:0	True
2026-05-25 16:35:20,298 - INFO - module.denoiser.blocks.1.cross_attention.value_projection.weight	torch.Size([64, 64])	cuda:0	True
2026-05-25 16:35:20,298 - INFO - module.denoiser.blocks.1.cross_attention.value_projection.bias	torch.Size([64])	cuda:0	True
2026-05-25 16:35:20,298 - INFO - module.denoiser.blocks.1.cross_attention.output_projection.weight	torch.Size([64, 64])	cuda:0	True
2026-05-25 16:35:20,298 - INFO - module.denoiser.blocks.1.cross_attention.output_projection.bias	torch.Size([64])	cuda:0	True
2026-05-25 16:35:20,298 - INFO - module.denoiser.blocks.1.spatiotemporal_attention.query_projection.weight	torch.Size([64, 64])	cuda:0	True
2026-05-25 16:35:20,298 - INFO - module.denoiser.blocks.1.spatiotemporal_attention.query_projection.bias	torch.Size([64])	cuda:0	True
2026-05-25 16:35:20,298 - INFO - module.denoiser.blocks.1.spatiotemporal_attention.key_projection.weight	torch.Size([64, 64])	cuda:0	True
2026-05-25 16:35:20,298 - INFO - module.denoiser.blocks.1.spatiotemporal_attention.key_projection.bias	torch.Size([64])	cuda:0	True
2026-05-25 16:35:20,298 - INFO - module.denoiser.blocks.1.spatiotemporal_attention.value_projection.weight	torch.Size([64, 64])	cuda:0	True
2026-05-25 16:35:20,298 - INFO - module.denoiser.blocks.1.spatiotemporal_attention.value_projection.bias	torch.Size([64])	cuda:0	True
2026-05-25 16:35:20,298 - INFO - module.denoiser.blocks.1.spatiotemporal_attention.output_projection.weight	torch.Size([64, 64])	cuda:0	True
2026-05-25 16:35:20,298 - INFO - module.denoiser.blocks.1.spatiotemporal_attention.output_projection.bias	torch.Size([64])	cuda:0	True
2026-05-25 16:35:20,298 - INFO - module.denoiser.blocks.1.feed_forward.network.0.weight	torch.Size([128, 64])	cuda:0	True
2026-05-25 16:35:20,298 - INFO - module.denoiser.blocks.1.feed_forward.network.0.bias	torch.Size([128])	cuda:0	True
2026-05-25 16:35:20,298 - INFO - module.denoiser.blocks.1.feed_forward.network.3.weight	torch.Size([64, 128])	cuda:0	True
2026-05-25 16:35:20,298 - INFO - module.denoiser.blocks.1.feed_forward.network.3.bias	torch.Size([64])	cuda:0	True
2026-05-25 16:35:20,298 - INFO - module.denoiser.blocks.1.norm_temporal.weight	torch.Size([64])	cuda:0	True
2026-05-25 16:35:20,298 - INFO - module.denoiser.blocks.1.norm_temporal.bias	torch.Size([64])	cuda:0	True
2026-05-25 16:35:20,298 - INFO - module.denoiser.blocks.1.norm_graph.weight	torch.Size([64])	cuda:0	True
2026-05-25 16:35:20,298 - INFO - module.denoiser.blocks.1.norm_graph.bias	torch.Size([64])	cuda:0	True
2026-05-25 16:35:20,298 - INFO - module.denoiser.blocks.1.norm_cross.weight	torch.Size([64])	cuda:0	True
2026-05-25 16:35:20,298 - INFO - module.denoiser.blocks.1.norm_cross.bias	torch.Size([64])	cuda:0	True
2026-05-25 16:35:20,298 - INFO - module.denoiser.blocks.1.norm_spatiotemporal.weight	torch.Size([64])	cuda:0	True
2026-05-25 16:35:20,298 - INFO - module.denoiser.blocks.1.norm_spatiotemporal.bias	torch.Size([64])	cuda:0	True
2026-05-25 16:35:20,298 - INFO - module.denoiser.blocks.1.norm_ffn.weight	torch.Size([64])	cuda:0	True
2026-05-25 16:35:20,298 - INFO - module.denoiser.blocks.1.norm_ffn.bias	torch.Size([64])	cuda:0	True
2026-05-25 16:35:20,298 - INFO - module.denoiser.blocks.1.time_scale_shift.1.weight	torch.Size([128, 64])	cuda:0	True
2026-05-25 16:35:20,299 - INFO - module.denoiser.blocks.1.time_scale_shift.1.bias	torch.Size([128])	cuda:0	True
2026-05-25 16:35:20,299 - INFO - module.denoiser.final_norm.weight	torch.Size([64])	cuda:0	True
2026-05-25 16:35:20,299 - INFO - module.denoiser.final_norm.bias	torch.Size([64])	cuda:0	True
2026-05-25 16:35:20,299 - INFO - module.denoiser.output_projection.weight	torch.Size([3, 64])	cuda:0	True
2026-05-25 16:35:20,299 - INFO - module.denoiser.output_projection.bias	torch.Size([3])	cuda:0	True
2026-05-25 16:35:20,299 - INFO - Total parameter numbers: 290668
2026-05-25 16:35:20,299 - INFO - Enable AMP training (dtype=bfloat16).
2026-05-25 16:35:20,299 - INFO - You select `adamw` optimizer.
2026-05-25 16:35:20,300 - INFO - You select `reducelronplateau` lr_scheduler.
2026-05-25 16:35:20,300 - WARNING - Received none train loss func and will use the loss func defined in the model.
2026-05-25 16:35:20,300 - INFO - Start training ...
2026-05-25 16:35:20,300 - INFO - num_batches:40
2026-05-25 16:35:26,568 - INFO - epoch complete!
2026-05-25 16:35:26,568 - INFO - evaluating now!
2026-05-25 16:35:26,581 - INFO - epoch complete!
2026-05-25 16:35:26,582 - INFO - evaluating now!
2026-05-25 16:35:26,583 - INFO - epoch complete!
2026-05-25 16:35:26,583 - INFO - evaluating now!
2026-05-25 16:35:27,143 - INFO - Epoch [0/30] train_loss: 9.1237, val_loss: 8.6921, lr: 0.000500, 6.85s
2026-05-25 16:35:27,143 - INFO - Epoch [0/30] train_loss: 9.1225, val_loss: 8.6921, lr: 0.000500, 6.84s
2026-05-25 16:35:27,143 - INFO - Epoch [0/30] train_loss: 9.1243, val_loss: 8.6921, lr: 0.000500, 6.85s
2026-05-25 16:35:27,209 - INFO - Saved model at 0
2026-05-25 16:35:27,210 - INFO - Val loss decrease from inf to 8.6921, saving to /home/lizhuoxuan/lzq/Bigscity-LibCity-master/outputs/20260525_163508__traffic_state_pred__new_fuzzy_3__PEMSD4/model_cache/new_fuzzy_3_PEMSD4_epoch0.tar
2026-05-25 16:35:27,235 - INFO - Saved model at 0
2026-05-25 16:35:27,236 - INFO - Val loss decrease from inf to 8.6921, saving to /home/lizhuoxuan/lzq/Bigscity-LibCity-master/outputs/20260525_163508__traffic_state_pred__new_fuzzy_3__PEMSD4/model_cache/new_fuzzy_3_PEMSD4_epoch0.tar
2026-05-25 16:35:27,317 - INFO - Saved model at 0
2026-05-25 16:35:27,317 - INFO - Val loss decrease from inf to 8.6921, saving to /home/lizhuoxuan/lzq/Bigscity-LibCity-master/outputs/20260525_163508__traffic_state_pred__new_fuzzy_3__PEMSD4/model_cache/new_fuzzy_3_PEMSD4_epoch0.tar
2026-05-25 16:35:32,698 - INFO - epoch complete!
2026-05-25 16:35:32,699 - INFO - evaluating now!
2026-05-25 16:35:32,699 - INFO - epoch complete!
2026-05-25 16:35:32,699 - INFO - evaluating now!
2026-05-25 16:35:32,707 - INFO - epoch complete!
2026-05-25 16:35:32,708 - INFO - evaluating now!
2026-05-25 16:35:33,257 - INFO - Epoch [1/30] train_loss: 8.7843, val_loss: 8.7114, lr: 0.000500, 6.05s
2026-05-25 16:35:33,257 - INFO - Epoch [1/30] train_loss: 8.7843, val_loss: 8.7114, lr: 0.000500, 5.94s
2026-05-25 16:35:33,257 - INFO - Epoch [1/30] train_loss: 8.7842, val_loss: 8.7114, lr: 0.000500, 6.02s
2026-05-25 16:35:38,618 - INFO - epoch complete!
2026-05-25 16:35:38,618 - INFO - evaluating now!
2026-05-25 16:35:38,618 - INFO - epoch complete!
2026-05-25 16:35:38,618 - INFO - evaluating now!
2026-05-25 16:35:38,627 - INFO - epoch complete!
2026-05-25 16:35:38,627 - INFO - evaluating now!
2026-05-25 16:35:39,179 - INFO - Epoch [2/30] train_loss: 8.6572, val_loss: 8.8275, lr: 0.000500, 5.92s
2026-05-25 16:35:39,179 - INFO - Epoch [2/30] train_loss: 8.6580, val_loss: 8.8275, lr: 0.000500, 5.92s
2026-05-25 16:35:39,179 - INFO - Epoch [2/30] train_loss: 8.6565, val_loss: 8.8275, lr: 0.000500, 5.92s
2026-05-25 16:35:44,580 - INFO - epoch complete!
2026-05-25 16:35:44,581 - INFO - evaluating now!
2026-05-25 16:35:44,583 - INFO - epoch complete!
2026-05-25 16:35:44,583 - INFO - evaluating now!
2026-05-25 16:35:44,596 - INFO - epoch complete!
2026-05-25 16:35:44,597 - INFO - evaluating now!
2026-05-25 16:35:45,205 - INFO - Epoch [3/30] train_loss: 6.8152, val_loss: 5.4165, lr: 0.000500, 6.03s
2026-05-25 16:35:45,205 - INFO - Epoch [3/30] train_loss: 6.8146, val_loss: 5.4165, lr: 0.000500, 6.03s
2026-05-25 16:35:45,205 - INFO - Epoch [3/30] train_loss: 6.8147, val_loss: 5.4165, lr: 0.000500, 6.03s
2026-05-25 16:35:45,239 - INFO - Saved model at 3
2026-05-25 16:35:45,239 - INFO - Saved model at 3
2026-05-25 16:35:45,239 - INFO - Val loss decrease from 8.6921 to 5.4165, saving to /home/lizhuoxuan/lzq/Bigscity-LibCity-master/outputs/20260525_163508__traffic_state_pred__new_fuzzy_3__PEMSD4/model_cache/new_fuzzy_3_PEMSD4_epoch3.tar
2026-05-25 16:35:45,239 - INFO - Val loss decrease from 8.6921 to 5.4165, saving to /home/lizhuoxuan/lzq/Bigscity-LibCity-master/outputs/20260525_163508__traffic_state_pred__new_fuzzy_3__PEMSD4/model_cache/new_fuzzy_3_PEMSD4_epoch3.tar
2026-05-25 16:35:45,241 - INFO - Saved model at 3
2026-05-25 16:35:45,242 - INFO - Val loss decrease from 8.6921 to 5.4165, saving to /home/lizhuoxuan/lzq/Bigscity-LibCity-master/outputs/20260525_163508__traffic_state_pred__new_fuzzy_3__PEMSD4/model_cache/new_fuzzy_3_PEMSD4_epoch3.tar
2026-05-25 16:35:50,589 - INFO - epoch complete!
2026-05-25 16:35:50,589 - INFO - evaluating now!
2026-05-25 16:35:50,589 - INFO - epoch complete!
2026-05-25 16:35:50,590 - INFO - evaluating now!
2026-05-25 16:35:50,601 - INFO - epoch complete!
2026-05-25 16:35:50,602 - INFO - evaluating now!
2026-05-25 16:35:51,143 - INFO - Epoch [4/30] train_loss: 4.9988, val_loss: 4.3064, lr: 0.000500, 5.90s
2026-05-25 16:35:51,143 - INFO - Epoch [4/30] train_loss: 5.0104, val_loss: 4.3064, lr: 0.000500, 5.90s
2026-05-25 16:35:51,143 - INFO - Epoch [4/30] train_loss: 5.0117, val_loss: 4.3064, lr: 0.000500, 5.90s
2026-05-25 16:35:51,181 - INFO - Saved model at 4
2026-05-25 16:35:51,181 - INFO - Val loss decrease from 5.4165 to 4.3064, saving to /home/lizhuoxuan/lzq/Bigscity-LibCity-master/outputs/20260525_163508__traffic_state_pred__new_fuzzy_3__PEMSD4/model_cache/new_fuzzy_3_PEMSD4_epoch4.tar
2026-05-25 16:35:51,244 - INFO - Saved model at 4
2026-05-25 16:35:51,244 - INFO - Val loss decrease from 5.4165 to 4.3064, saving to /home/lizhuoxuan/lzq/Bigscity-LibCity-master/outputs/20260525_163508__traffic_state_pred__new_fuzzy_3__PEMSD4/model_cache/new_fuzzy_3_PEMSD4_epoch4.tar
2026-05-25 16:35:51,244 - INFO - Saved model at 4
2026-05-25 16:35:51,244 - INFO - Val loss decrease from 5.4165 to 4.3064, saving to /home/lizhuoxuan/lzq/Bigscity-LibCity-master/outputs/20260525_163508__traffic_state_pred__new_fuzzy_3__PEMSD4/model_cache/new_fuzzy_3_PEMSD4_epoch4.tar
2026-05-25 16:35:56,581 - INFO - epoch complete!
2026-05-25 16:35:56,581 - INFO - evaluating now!
2026-05-25 16:35:56,588 - INFO - epoch complete!
2026-05-25 16:35:56,588 - INFO - evaluating now!
2026-05-25 16:35:56,610 - INFO - epoch complete!
2026-05-25 16:35:56,611 - INFO - evaluating now!
2026-05-25 16:35:57,132 - INFO - Epoch [5/30] train_loss: 4.3337, val_loss: 3.8833, lr: 0.000500, 5.89s
2026-05-25 16:35:57,132 - INFO - Epoch [5/30] train_loss: 4.3246, val_loss: 3.8833, lr: 0.000500, 5.95s
2026-05-25 16:35:57,132 - INFO - Epoch [5/30] train_loss: 4.3300, val_loss: 3.8833, lr: 0.000500, 5.89s
2026-05-25 16:35:57,220 - INFO - Saved model at 5
2026-05-25 16:35:57,220 - INFO - Val loss decrease from 4.3064 to 3.8833, saving to /home/lizhuoxuan/lzq/Bigscity-LibCity-master/outputs/20260525_163508__traffic_state_pred__new_fuzzy_3__PEMSD4/model_cache/new_fuzzy_3_PEMSD4_epoch5.tar
2026-05-25 16:35:57,255 - INFO - Saved model at 5
2026-05-25 16:35:57,255 - INFO - Val loss decrease from 4.3064 to 3.8833, saving to /home/lizhuoxuan/lzq/Bigscity-LibCity-master/outputs/20260525_163508__traffic_state_pred__new_fuzzy_3__PEMSD4/model_cache/new_fuzzy_3_PEMSD4_epoch5.tar
2026-05-25 16:35:57,255 - INFO - Saved model at 5
2026-05-25 16:35:57,255 - INFO - Val loss decrease from 4.3064 to 3.8833, saving to /home/lizhuoxuan/lzq/Bigscity-LibCity-master/outputs/20260525_163508__traffic_state_pred__new_fuzzy_3__PEMSD4/model_cache/new_fuzzy_3_PEMSD4_epoch5.tar
2026-05-25 16:36:02,573 - INFO - epoch complete!
2026-05-25 16:36:02,574 - INFO - evaluating now!
2026-05-25 16:36:02,579 - INFO - epoch complete!
2026-05-25 16:36:02,580 - INFO - evaluating now!
2026-05-25 16:36:02,581 - INFO - epoch complete!
2026-05-25 16:36:02,581 - INFO - evaluating now!
2026-05-25 16:36:03,123 - INFO - Epoch [6/30] train_loss: 3.9074, val_loss: 3.5709, lr: 0.000500, 5.90s
2026-05-25 16:36:03,123 - INFO - Epoch [6/30] train_loss: 3.9089, val_loss: 3.5709, lr: 0.000500, 5.87s
2026-05-25 16:36:03,123 - INFO - Epoch [6/30] train_loss: 3.9026, val_loss: 3.5709, lr: 0.000500, 5.87s
2026-05-25 16:36:03,279 - INFO - Saved model at 6
2026-05-25 16:36:03,280 - INFO - Val loss decrease from 3.8833 to 3.5709, saving to /home/lizhuoxuan/lzq/Bigscity-LibCity-master/outputs/20260525_163508__traffic_state_pred__new_fuzzy_3__PEMSD4/model_cache/new_fuzzy_3_PEMSD4_epoch6.tar
2026-05-25 16:36:03,286 - INFO - Saved model at 6
2026-05-25 16:36:03,286 - INFO - Val loss decrease from 3.8833 to 3.5709, saving to /home/lizhuoxuan/lzq/Bigscity-LibCity-master/outputs/20260525_163508__traffic_state_pred__new_fuzzy_3__PEMSD4/model_cache/new_fuzzy_3_PEMSD4_epoch6.tar
2026-05-25 16:36:03,297 - INFO - Saved model at 6
2026-05-25 16:36:03,298 - INFO - Val loss decrease from 3.8833 to 3.5709, saving to /home/lizhuoxuan/lzq/Bigscity-LibCity-master/outputs/20260525_163508__traffic_state_pred__new_fuzzy_3__PEMSD4/model_cache/new_fuzzy_3_PEMSD4_epoch6.tar
2026-05-25 16:36:08,607 - INFO - epoch complete!
2026-05-25 16:36:08,607 - INFO - evaluating now!
2026-05-25 16:36:08,613 - INFO - epoch complete!
2026-05-25 16:36:08,613 - INFO - evaluating now!
2026-05-25 16:36:08,614 - INFO - epoch complete!
2026-05-25 16:36:08,615 - INFO - evaluating now!
2026-05-25 16:36:09,151 - INFO - Epoch [7/30] train_loss: 3.4735, val_loss: 2.9682, lr: 0.000500, 5.86s
2026-05-25 16:36:09,151 - INFO - Epoch [7/30] train_loss: 3.4787, val_loss: 2.9682, lr: 0.000500, 5.85s
2026-05-25 16:36:09,151 - INFO - Epoch [7/30] train_loss: 3.4798, val_loss: 2.9682, lr: 0.000500, 5.87s
2026-05-25 16:36:09,274 - INFO - Saved model at 7
2026-05-25 16:36:09,274 - INFO - Val loss decrease from 3.5709 to 2.9682, saving to /home/lizhuoxuan/lzq/Bigscity-LibCity-master/outputs/20260525_163508__traffic_state_pred__new_fuzzy_3__PEMSD4/model_cache/new_fuzzy_3_PEMSD4_epoch7.tar
2026-05-25 16:36:09,279 - INFO - Saved model at 7
2026-05-25 16:36:09,279 - INFO - Val loss decrease from 3.5709 to 2.9682, saving to /home/lizhuoxuan/lzq/Bigscity-LibCity-master/outputs/20260525_163508__traffic_state_pred__new_fuzzy_3__PEMSD4/model_cache/new_fuzzy_3_PEMSD4_epoch7.tar
2026-05-25 16:36:09,304 - INFO - Saved model at 7
2026-05-25 16:36:09,305 - INFO - Val loss decrease from 3.5709 to 2.9682, saving to /home/lizhuoxuan/lzq/Bigscity-LibCity-master/outputs/20260525_163508__traffic_state_pred__new_fuzzy_3__PEMSD4/model_cache/new_fuzzy_3_PEMSD4_epoch7.tar
2026-05-25 16:36:14,629 - INFO - epoch complete!
2026-05-25 16:36:14,629 - INFO - evaluating now!
2026-05-25 16:36:14,634 - INFO - epoch complete!
2026-05-25 16:36:14,634 - INFO - evaluating now!
2026-05-25 16:36:14,635 - INFO - epoch complete!
2026-05-25 16:36:14,636 - INFO - evaluating now!
2026-05-25 16:36:15,179 - INFO - Epoch [8/30] train_loss: 3.2470, val_loss: 2.8657, lr: 0.000500, 5.90s
2026-05-25 16:36:15,179 - INFO - Epoch [8/30] train_loss: 3.2534, val_loss: 2.8657, lr: 0.000500, 5.90s
2026-05-25 16:36:15,179 - INFO - Epoch [8/30] train_loss: 3.2282, val_loss: 2.8657, lr: 0.000500, 5.87s
2026-05-25 16:36:15,224 - INFO - Saved model at 8
2026-05-25 16:36:15,224 - INFO - Val loss decrease from 2.9682 to 2.8657, saving to /home/lizhuoxuan/lzq/Bigscity-LibCity-master/outputs/20260525_163508__traffic_state_pred__new_fuzzy_3__PEMSD4/model_cache/new_fuzzy_3_PEMSD4_epoch8.tar
2026-05-25 16:36:15,245 - INFO - Saved model at 8
2026-05-25 16:36:15,245 - INFO - Val loss decrease from 2.9682 to 2.8657, saving to /home/lizhuoxuan/lzq/Bigscity-LibCity-master/outputs/20260525_163508__traffic_state_pred__new_fuzzy_3__PEMSD4/model_cache/new_fuzzy_3_PEMSD4_epoch8.tar
2026-05-25 16:36:15,245 - INFO - Saved model at 8
2026-05-25 16:36:15,245 - INFO - Val loss decrease from 2.9682 to 2.8657, saving to /home/lizhuoxuan/lzq/Bigscity-LibCity-master/outputs/20260525_163508__traffic_state_pred__new_fuzzy_3__PEMSD4/model_cache/new_fuzzy_3_PEMSD4_epoch8.tar
2026-05-25 16:36:20,572 - INFO - epoch complete!
2026-05-25 16:36:20,572 - INFO - evaluating now!
2026-05-25 16:36:20,578 - INFO - epoch complete!
2026-05-25 16:36:20,578 - INFO - evaluating now!
2026-05-25 16:36:20,582 - INFO - epoch complete!
2026-05-25 16:36:20,582 - INFO - evaluating now!
2026-05-25 16:36:21,121 - INFO - Epoch [9/30] train_loss: 3.0127, val_loss: 2.7962, lr: 0.000500, 5.87s
2026-05-25 16:36:21,121 - INFO - Epoch [9/30] train_loss: 3.0225, val_loss: 2.7962, lr: 0.000500, 5.90s
2026-05-25 16:36:21,121 - INFO - Epoch [9/30] train_loss: 3.0320, val_loss: 2.7962, lr: 0.000500, 5.88s
2026-05-25 16:36:21,156 - INFO - Saved model at 9
2026-05-25 16:36:21,156 - INFO - Saved model at 9
2026-05-25 16:36:21,156 - INFO - Saved model at 9
2026-05-25 16:36:21,156 - INFO - Val loss decrease from 2.8657 to 2.7962, saving to /home/lizhuoxuan/lzq/Bigscity-LibCity-master/outputs/20260525_163508__traffic_state_pred__new_fuzzy_3__PEMSD4/model_cache/new_fuzzy_3_PEMSD4_epoch9.tar
2026-05-25 16:36:21,156 - INFO - Val loss decrease from 2.8657 to 2.7962, saving to /home/lizhuoxuan/lzq/Bigscity-LibCity-master/outputs/20260525_163508__traffic_state_pred__new_fuzzy_3__PEMSD4/model_cache/new_fuzzy_3_PEMSD4_epoch9.tar
2026-05-25 16:36:21,156 - INFO - Val loss decrease from 2.8657 to 2.7962, saving to /home/lizhuoxuan/lzq/Bigscity-LibCity-master/outputs/20260525_163508__traffic_state_pred__new_fuzzy_3__PEMSD4/model_cache/new_fuzzy_3_PEMSD4_epoch9.tar
2026-05-25 16:36:26,508 - INFO - epoch complete!
2026-05-25 16:36:26,509 - INFO - evaluating now!
2026-05-25 16:36:26,509 - INFO - epoch complete!
2026-05-25 16:36:26,510 - INFO - evaluating now!
2026-05-25 16:36:26,521 - INFO - epoch complete!
2026-05-25 16:36:26,522 - INFO - evaluating now!
2026-05-25 16:36:27,052 - INFO - Epoch [10/30] train_loss: 2.8468, val_loss: 2.4051, lr: 0.000500, 5.90s
2026-05-25 16:36:27,052 - INFO - Epoch [10/30] train_loss: 2.8186, val_loss: 2.4051, lr: 0.000500, 5.90s
2026-05-25 16:36:27,052 - INFO - Epoch [10/30] train_loss: 2.8384, val_loss: 2.4051, lr: 0.000500, 5.90s
2026-05-25 16:36:27,101 - INFO - Saved model at 10
2026-05-25 16:36:27,101 - INFO - Val loss decrease from 2.7962 to 2.4051, saving to /home/lizhuoxuan/lzq/Bigscity-LibCity-master/outputs/20260525_163508__traffic_state_pred__new_fuzzy_3__PEMSD4/model_cache/new_fuzzy_3_PEMSD4_epoch10.tar
2026-05-25 16:36:27,148 - INFO - Saved model at 10
2026-05-25 16:36:27,148 - INFO - Saved model at 10
2026-05-25 16:36:27,148 - INFO - Val loss decrease from 2.7962 to 2.4051, saving to /home/lizhuoxuan/lzq/Bigscity-LibCity-master/outputs/20260525_163508__traffic_state_pred__new_fuzzy_3__PEMSD4/model_cache/new_fuzzy_3_PEMSD4_epoch10.tar
2026-05-25 16:36:27,148 - INFO - Val loss decrease from 2.7962 to 2.4051, saving to /home/lizhuoxuan/lzq/Bigscity-LibCity-master/outputs/20260525_163508__traffic_state_pred__new_fuzzy_3__PEMSD4/model_cache/new_fuzzy_3_PEMSD4_epoch10.tar
2026-05-25 16:36:32,468 - INFO - epoch complete!
2026-05-25 16:36:32,468 - INFO - epoch complete!
2026-05-25 16:36:32,468 - INFO - evaluating now!
2026-05-25 16:36:32,468 - INFO - evaluating now!
2026-05-25 16:36:32,479 - INFO - epoch complete!
2026-05-25 16:36:32,479 - INFO - evaluating now!
2026-05-25 16:36:33,021 - INFO - Epoch [11/30] train_loss: 2.7085, val_loss: 2.4261, lr: 0.000500, 5.87s
2026-05-25 16:36:33,021 - INFO - Epoch [11/30] train_loss: 2.6890, val_loss: 2.4261, lr: 0.000500, 5.92s
2026-05-25 16:36:33,021 - INFO - Epoch [11/30] train_loss: 2.7151, val_loss: 2.4261, lr: 0.000500, 5.87s
2026-05-25 16:36:38,331 - INFO - epoch complete!
2026-05-25 16:36:38,331 - INFO - evaluating now!
2026-05-25 16:36:38,332 - INFO - epoch complete!
2026-05-25 16:36:38,333 - INFO - evaluating now!
2026-05-25 16:36:38,337 - INFO - epoch complete!
2026-05-25 16:36:38,337 - INFO - evaluating now!
2026-05-25 16:36:38,878 - INFO - Epoch [12/30] train_loss: 2.7013, val_loss: 2.1816, lr: 0.000500, 5.86s
2026-05-25 16:36:38,878 - INFO - Epoch [12/30] train_loss: 2.6933, val_loss: 2.1816, lr: 0.000500, 5.86s
2026-05-25 16:36:38,878 - INFO - Epoch [12/30] train_loss: 2.7023, val_loss: 2.1816, lr: 0.000500, 5.86s
2026-05-25 16:36:39,034 - INFO - Saved model at 12
2026-05-25 16:36:39,035 - INFO - Val loss decrease from 2.4051 to 2.1816, saving to /home/lizhuoxuan/lzq/Bigscity-LibCity-master/outputs/20260525_163508__traffic_state_pred__new_fuzzy_3__PEMSD4/model_cache/new_fuzzy_3_PEMSD4_epoch12.tar
2026-05-25 16:36:39,037 - INFO - Saved model at 12
2026-05-25 16:36:39,037 - INFO - Val loss decrease from 2.4051 to 2.1816, saving to /home/lizhuoxuan/lzq/Bigscity-LibCity-master/outputs/20260525_163508__traffic_state_pred__new_fuzzy_3__PEMSD4/model_cache/new_fuzzy_3_PEMSD4_epoch12.tar
2026-05-25 16:36:39,048 - INFO - Saved model at 12
2026-05-25 16:36:39,048 - INFO - Val loss decrease from 2.4051 to 2.1816, saving to /home/lizhuoxuan/lzq/Bigscity-LibCity-master/outputs/20260525_163508__traffic_state_pred__new_fuzzy_3__PEMSD4/model_cache/new_fuzzy_3_PEMSD4_epoch12.tar
2026-05-25 16:36:44,365 - INFO - epoch complete!
2026-05-25 16:36:44,365 - INFO - evaluating now!
2026-05-25 16:36:44,366 - INFO - epoch complete!
2026-05-25 16:36:44,366 - INFO - evaluating now!
2026-05-25 16:36:44,375 - INFO - epoch complete!
2026-05-25 16:36:44,375 - INFO - evaluating now!
2026-05-25 16:36:44,918 - INFO - Epoch [13/30] train_loss: 2.6374, val_loss: 2.1709, lr: 0.000500, 5.88s
2026-05-25 16:36:44,918 - INFO - Epoch [13/30] train_loss: 2.6488, val_loss: 2.1709, lr: 0.000500, 5.88s
2026-05-25 16:36:44,918 - INFO - Epoch [13/30] train_loss: 2.6245, val_loss: 2.1709, lr: 0.000500, 5.87s
2026-05-25 16:36:44,953 - INFO - Saved model at 13
2026-05-25 16:36:44,953 - INFO - Saved model at 13
2026-05-25 16:36:44,953 - INFO - Val loss decrease from 2.1816 to 2.1709, saving to /home/lizhuoxuan/lzq/Bigscity-LibCity-master/outputs/20260525_163508__traffic_state_pred__new_fuzzy_3__PEMSD4/model_cache/new_fuzzy_3_PEMSD4_epoch13.tar
2026-05-25 16:36:44,953 - INFO - Val loss decrease from 2.1816 to 2.1709, saving to /home/lizhuoxuan/lzq/Bigscity-LibCity-master/outputs/20260525_163508__traffic_state_pred__new_fuzzy_3__PEMSD4/model_cache/new_fuzzy_3_PEMSD4_epoch13.tar
2026-05-25 16:36:44,954 - INFO - Saved model at 13
2026-05-25 16:36:44,954 - INFO - Val loss decrease from 2.1816 to 2.1709, saving to /home/lizhuoxuan/lzq/Bigscity-LibCity-master/outputs/20260525_163508__traffic_state_pred__new_fuzzy_3__PEMSD4/model_cache/new_fuzzy_3_PEMSD4_epoch13.tar
2026-05-25 16:36:50,264 - INFO - epoch complete!
2026-05-25 16:36:50,264 - INFO - evaluating now!
2026-05-25 16:36:50,271 - INFO - epoch complete!
2026-05-25 16:36:50,271 - INFO - evaluating now!
2026-05-25 16:36:50,274 - INFO - epoch complete!
2026-05-25 16:36:50,274 - INFO - evaluating now!
2026-05-25 16:36:50,820 - INFO - Epoch [14/30] train_loss: 2.3854, val_loss: 2.2731, lr: 0.000500, 5.87s
2026-05-25 16:36:50,820 - INFO - Epoch [14/30] train_loss: 2.4115, val_loss: 2.2731, lr: 0.000500, 5.87s
2026-05-25 16:36:50,820 - INFO - Epoch [14/30] train_loss: 2.4195, val_loss: 2.2731, lr: 0.000500, 5.87s
2026-05-25 16:36:56,162 - INFO - epoch complete!
2026-05-25 16:36:56,163 - INFO - evaluating now!
2026-05-25 16:36:56,184 - INFO - epoch complete!
2026-05-25 16:36:56,184 - INFO - evaluating now!
2026-05-25 16:36:56,196 - INFO - epoch complete!
2026-05-25 16:36:56,200 - INFO - evaluating now!
2026-05-25 16:36:56,727 - INFO - Epoch [15/30] train_loss: 2.3754, val_loss: 2.0773, lr: 0.000500, 5.91s
2026-05-25 16:36:56,727 - INFO - Epoch [15/30] train_loss: 2.3835, val_loss: 2.0773, lr: 0.000500, 5.91s
2026-05-25 16:36:56,727 - INFO - Epoch [15/30] train_loss: 2.3692, val_loss: 2.0773, lr: 0.000500, 5.91s
2026-05-25 16:36:56,762 - INFO - Saved model at 15
2026-05-25 16:36:56,762 - INFO - Saved model at 15
2026-05-25 16:36:56,762 - INFO - Val loss decrease from 2.1709 to 2.0773, saving to /home/lizhuoxuan/lzq/Bigscity-LibCity-master/outputs/20260525_163508__traffic_state_pred__new_fuzzy_3__PEMSD4/model_cache/new_fuzzy_3_PEMSD4_epoch15.tar
2026-05-25 16:36:56,762 - INFO - Val loss decrease from 2.1709 to 2.0773, saving to /home/lizhuoxuan/lzq/Bigscity-LibCity-master/outputs/20260525_163508__traffic_state_pred__new_fuzzy_3__PEMSD4/model_cache/new_fuzzy_3_PEMSD4_epoch15.tar
2026-05-25 16:36:56,763 - INFO - Saved model at 15
2026-05-25 16:36:56,763 - INFO - Val loss decrease from 2.1709 to 2.0773, saving to /home/lizhuoxuan/lzq/Bigscity-LibCity-master/outputs/20260525_163508__traffic_state_pred__new_fuzzy_3__PEMSD4/model_cache/new_fuzzy_3_PEMSD4_epoch15.tar
2026-05-25 16:37:02,078 - INFO - epoch complete!
2026-05-25 16:37:02,078 - INFO - epoch complete!
2026-05-25 16:37:02,078 - INFO - evaluating now!
2026-05-25 16:37:02,078 - INFO - evaluating now!
2026-05-25 16:37:02,086 - INFO - epoch complete!
2026-05-25 16:37:02,086 - INFO - evaluating now!
2026-05-25 16:37:02,632 - INFO - Epoch [16/30] train_loss: 2.4067, val_loss: 2.2630, lr: 0.000500, 5.87s
2026-05-25 16:37:02,632 - INFO - Epoch [16/30] train_loss: 2.4055, val_loss: 2.2630, lr: 0.000500, 5.87s
2026-05-25 16:37:02,632 - INFO - Epoch [16/30] train_loss: 2.4090, val_loss: 2.2630, lr: 0.000500, 5.87s
2026-05-25 16:37:07,954 - INFO - epoch complete!
2026-05-25 16:37:07,955 - INFO - evaluating now!
2026-05-25 16:37:07,955 - INFO - epoch complete!
2026-05-25 16:37:07,956 - INFO - evaluating now!
2026-05-25 16:37:07,967 - INFO - epoch complete!
2026-05-25 16:37:07,967 - INFO - evaluating now!
2026-05-25 16:37:08,506 - INFO - Epoch [17/30] train_loss: 2.2897, val_loss: 2.0492, lr: 0.000500, 5.87s
2026-05-25 16:37:08,506 - INFO - Epoch [17/30] train_loss: 2.3041, val_loss: 2.0492, lr: 0.000500, 5.87s
2026-05-25 16:37:08,507 - INFO - Epoch [17/30] train_loss: 2.2944, val_loss: 2.0492, lr: 0.000500, 5.87s
2026-05-25 16:37:08,642 - INFO - Saved model at 17
2026-05-25 16:37:08,642 - INFO - Val loss decrease from 2.0773 to 2.0492, saving to /home/lizhuoxuan/lzq/Bigscity-LibCity-master/outputs/20260525_163508__traffic_state_pred__new_fuzzy_3__PEMSD4/model_cache/new_fuzzy_3_PEMSD4_epoch17.tar
2026-05-25 16:37:08,646 - INFO - Saved model at 17
2026-05-25 16:37:08,647 - INFO - Val loss decrease from 2.0773 to 2.0492, saving to /home/lizhuoxuan/lzq/Bigscity-LibCity-master/outputs/20260525_163508__traffic_state_pred__new_fuzzy_3__PEMSD4/model_cache/new_fuzzy_3_PEMSD4_epoch17.tar
2026-05-25 16:37:08,665 - INFO - Saved model at 17
2026-05-25 16:37:08,666 - INFO - Val loss decrease from 2.0773 to 2.0492, saving to /home/lizhuoxuan/lzq/Bigscity-LibCity-master/outputs/20260525_163508__traffic_state_pred__new_fuzzy_3__PEMSD4/model_cache/new_fuzzy_3_PEMSD4_epoch17.tar
2026-05-25 16:37:13,988 - INFO - epoch complete!
2026-05-25 16:37:13,989 - INFO - evaluating now!
2026-05-25 16:37:13,990 - INFO - epoch complete!
2026-05-25 16:37:13,990 - INFO - evaluating now!
2026-05-25 16:37:13,997 - INFO - epoch complete!
2026-05-25 16:37:13,997 - INFO - evaluating now!
2026-05-25 16:37:14,542 - INFO - Epoch [18/30] train_loss: 2.2243, val_loss: 2.0518, lr: 0.000500, 5.90s
2026-05-25 16:37:14,542 - INFO - Epoch [18/30] train_loss: 2.2027, val_loss: 2.0518, lr: 0.000500, 5.88s
2026-05-25 16:37:14,542 - INFO - Epoch [18/30] train_loss: 2.1978, val_loss: 2.0518, lr: 0.000500, 5.90s
2026-05-25 16:37:19,866 - INFO - epoch complete!
2026-05-25 16:37:19,866 - INFO - evaluating now!
2026-05-25 16:37:19,873 - INFO - epoch complete!
2026-05-25 16:37:19,873 - INFO - evaluating now!
2026-05-25 16:37:19,877 - INFO - epoch complete!
2026-05-25 16:37:19,877 - INFO - evaluating now!
2026-05-25 16:37:20,427 - INFO - Epoch [19/30] train_loss: 2.2198, val_loss: 1.9958, lr: 0.000500, 5.88s
2026-05-25 16:37:20,427 - INFO - Epoch [19/30] train_loss: 2.2447, val_loss: 1.9958, lr: 0.000500, 5.88s
2026-05-25 16:37:20,427 - INFO - Epoch [19/30] train_loss: 2.2357, val_loss: 1.9958, lr: 0.000500, 5.88s
2026-05-25 16:37:20,595 - INFO - Saved model at 19
2026-05-25 16:37:20,595 - INFO - Val loss decrease from 2.0492 to 1.9958, saving to /home/lizhuoxuan/lzq/Bigscity-LibCity-master/outputs/20260525_163508__traffic_state_pred__new_fuzzy_3__PEMSD4/model_cache/new_fuzzy_3_PEMSD4_epoch19.tar
2026-05-25 16:37:20,609 - INFO - Saved model at 19
2026-05-25 16:37:20,609 - INFO - Saved model at 19
2026-05-25 16:37:20,609 - INFO - Val loss decrease from 2.0492 to 1.9958, saving to /home/lizhuoxuan/lzq/Bigscity-LibCity-master/outputs/20260525_163508__traffic_state_pred__new_fuzzy_3__PEMSD4/model_cache/new_fuzzy_3_PEMSD4_epoch19.tar
2026-05-25 16:37:20,609 - INFO - Val loss decrease from 2.0492 to 1.9958, saving to /home/lizhuoxuan/lzq/Bigscity-LibCity-master/outputs/20260525_163508__traffic_state_pred__new_fuzzy_3__PEMSD4/model_cache/new_fuzzy_3_PEMSD4_epoch19.tar
2026-05-25 16:37:25,951 - INFO - epoch complete!
2026-05-25 16:37:25,952 - INFO - evaluating now!
2026-05-25 16:37:25,969 - INFO - epoch complete!
2026-05-25 16:37:25,969 - INFO - evaluating now!
2026-05-25 16:37:25,983 - INFO - epoch complete!
2026-05-25 16:37:25,984 - INFO - evaluating now!
2026-05-25 16:37:26,499 - INFO - Epoch [20/30] train_loss: 2.1837, val_loss: 1.9481, lr: 0.000500, 5.90s
2026-05-25 16:37:26,500 - INFO - Epoch [20/30] train_loss: 2.1907, val_loss: 1.9481, lr: 0.000500, 5.89s
2026-05-25 16:37:26,500 - INFO - Epoch [20/30] train_loss: 2.1865, val_loss: 1.9481, lr: 0.000500, 5.89s
2026-05-25 16:37:26,543 - INFO - Saved model at 20
2026-05-25 16:37:26,543 - INFO - Saved model at 20
2026-05-25 16:37:26,543 - INFO - Val loss decrease from 1.9958 to 1.9481, saving to /home/lizhuoxuan/lzq/Bigscity-LibCity-master/outputs/20260525_163508__traffic_state_pred__new_fuzzy_3__PEMSD4/model_cache/new_fuzzy_3_PEMSD4_epoch20.tar
2026-05-25 16:37:26,544 - INFO - Val loss decrease from 1.9958 to 1.9481, saving to /home/lizhuoxuan/lzq/Bigscity-LibCity-master/outputs/20260525_163508__traffic_state_pred__new_fuzzy_3__PEMSD4/model_cache/new_fuzzy_3_PEMSD4_epoch20.tar
2026-05-25 16:37:26,581 - INFO - Saved model at 20
2026-05-25 16:37:26,581 - INFO - Val loss decrease from 1.9958 to 1.9481, saving to /home/lizhuoxuan/lzq/Bigscity-LibCity-master/outputs/20260525_163508__traffic_state_pred__new_fuzzy_3__PEMSD4/model_cache/new_fuzzy_3_PEMSD4_epoch20.tar
2026-05-25 16:37:31,909 - INFO - epoch complete!
2026-05-25 16:37:31,910 - INFO - evaluating now!
2026-05-25 16:37:31,915 - INFO - epoch complete!
2026-05-25 16:37:31,915 - INFO - evaluating now!
2026-05-25 16:37:31,916 - INFO - epoch complete!
2026-05-25 16:37:31,916 - INFO - evaluating now!
2026-05-25 16:37:32,467 - INFO - Epoch [21/30] train_loss: 2.2324, val_loss: 1.8727, lr: 0.000500, 5.92s
2026-05-25 16:37:32,467 - INFO - Epoch [21/30] train_loss: 2.2195, val_loss: 1.8727, lr: 0.000500, 5.89s
2026-05-25 16:37:32,467 - INFO - Epoch [21/30] train_loss: 2.2434, val_loss: 1.8727, lr: 0.000500, 5.92s
2026-05-25 16:37:32,674 - INFO - Saved model at 21
2026-05-25 16:37:32,675 - INFO - Val loss decrease from 1.9481 to 1.8727, saving to /home/lizhuoxuan/lzq/Bigscity-LibCity-master/outputs/20260525_163508__traffic_state_pred__new_fuzzy_3__PEMSD4/model_cache/new_fuzzy_3_PEMSD4_epoch21.tar
2026-05-25 16:37:32,687 - INFO - Saved model at 21
2026-05-25 16:37:32,687 - INFO - Saved model at 21
2026-05-25 16:37:32,688 - INFO - Val loss decrease from 1.9481 to 1.8727, saving to /home/lizhuoxuan/lzq/Bigscity-LibCity-master/outputs/20260525_163508__traffic_state_pred__new_fuzzy_3__PEMSD4/model_cache/new_fuzzy_3_PEMSD4_epoch21.tar
2026-05-25 16:37:32,688 - INFO - Val loss decrease from 1.9481 to 1.8727, saving to /home/lizhuoxuan/lzq/Bigscity-LibCity-master/outputs/20260525_163508__traffic_state_pred__new_fuzzy_3__PEMSD4/model_cache/new_fuzzy_3_PEMSD4_epoch21.tar
2026-05-25 16:37:38,033 - INFO - epoch complete!
2026-05-25 16:37:38,034 - INFO - evaluating now!
2026-05-25 16:37:38,037 - INFO - epoch complete!
2026-05-25 16:37:38,037 - INFO - evaluating now!
2026-05-25 16:37:38,047 - INFO - epoch complete!
2026-05-25 16:37:38,048 - INFO - evaluating now!
2026-05-25 16:37:38,597 - INFO - Epoch [22/30] train_loss: 2.0827, val_loss: 1.8953, lr: 0.000500, 5.91s
2026-05-25 16:37:38,597 - INFO - Epoch [22/30] train_loss: 2.0641, val_loss: 1.8953, lr: 0.000500, 5.91s
2026-05-25 16:37:38,597 - INFO - Epoch [22/30] train_loss: 2.0801, val_loss: 1.8953, lr: 0.000500, 5.92s
2026-05-25 16:37:43,958 - INFO - epoch complete!
2026-05-25 16:37:43,958 - INFO - evaluating now!
2026-05-25 16:37:43,963 - INFO - epoch complete!
2026-05-25 16:37:43,964 - INFO - evaluating now!
2026-05-25 16:37:43,966 - INFO - epoch complete!
2026-05-25 16:37:43,966 - INFO - evaluating now!
2026-05-25 16:37:44,519 - INFO - Epoch [23/30] train_loss: 2.0361, val_loss: 1.8691, lr: 0.000500, 5.92s
2026-05-25 16:37:44,519 - INFO - Epoch [23/30] train_loss: 2.0365, val_loss: 1.8691, lr: 0.000500, 5.92s
2026-05-25 16:37:44,519 - INFO - Epoch [23/30] train_loss: 2.0296, val_loss: 1.8691, lr: 0.000500, 5.92s
2026-05-25 16:37:44,704 - INFO - Saved model at 23
2026-05-25 16:37:44,704 - INFO - Val loss decrease from 1.8727 to 1.8691, saving to /home/lizhuoxuan/lzq/Bigscity-LibCity-master/outputs/20260525_163508__traffic_state_pred__new_fuzzy_3__PEMSD4/model_cache/new_fuzzy_3_PEMSD4_epoch23.tar
2026-05-25 16:37:44,717 - INFO - Saved model at 23
2026-05-25 16:37:44,717 - INFO - Saved model at 23
2026-05-25 16:37:44,717 - INFO - Val loss decrease from 1.8727 to 1.8691, saving to /home/lizhuoxuan/lzq/Bigscity-LibCity-master/outputs/20260525_163508__traffic_state_pred__new_fuzzy_3__PEMSD4/model_cache/new_fuzzy_3_PEMSD4_epoch23.tar
2026-05-25 16:37:44,717 - INFO - Val loss decrease from 1.8727 to 1.8691, saving to /home/lizhuoxuan/lzq/Bigscity-LibCity-master/outputs/20260525_163508__traffic_state_pred__new_fuzzy_3__PEMSD4/model_cache/new_fuzzy_3_PEMSD4_epoch23.tar
2026-05-25 16:37:50,098 - INFO - epoch complete!
2026-05-25 16:37:50,099 - INFO - evaluating now!
2026-05-25 16:37:50,104 - INFO - epoch complete!
2026-05-25 16:37:50,104 - INFO - evaluating now!
2026-05-25 16:37:50,107 - INFO - epoch complete!
2026-05-25 16:37:50,108 - INFO - evaluating now!
2026-05-25 16:37:50,664 - INFO - Epoch [24/30] train_loss: 2.0875, val_loss: 1.8449, lr: 0.000500, 5.95s
2026-05-25 16:37:50,664 - INFO - Epoch [24/30] train_loss: 2.1103, val_loss: 1.8449, lr: 0.000500, 5.95s
2026-05-25 16:37:50,664 - INFO - Epoch [24/30] train_loss: 2.1035, val_loss: 1.8449, lr: 0.000500, 5.96s
2026-05-25 16:37:50,808 - INFO - Saved model at 24
2026-05-25 16:37:50,808 - INFO - Val loss decrease from 1.8691 to 1.8449, saving to /home/lizhuoxuan/lzq/Bigscity-LibCity-master/outputs/20260525_163508__traffic_state_pred__new_fuzzy_3__PEMSD4/model_cache/new_fuzzy_3_PEMSD4_epoch24.tar
2026-05-25 16:37:50,818 - INFO - Saved model at 24
2026-05-25 16:37:50,818 - INFO - Val loss decrease from 1.8691 to 1.8449, saving to /home/lizhuoxuan/lzq/Bigscity-LibCity-master/outputs/20260525_163508__traffic_state_pred__new_fuzzy_3__PEMSD4/model_cache/new_fuzzy_3_PEMSD4_epoch24.tar
2026-05-25 16:37:50,818 - INFO - Saved model at 24
2026-05-25 16:37:50,819 - INFO - Val loss decrease from 1.8691 to 1.8449, saving to /home/lizhuoxuan/lzq/Bigscity-LibCity-master/outputs/20260525_163508__traffic_state_pred__new_fuzzy_3__PEMSD4/model_cache/new_fuzzy_3_PEMSD4_epoch24.tar
2026-05-25 16:37:56,081 - INFO - epoch complete!
2026-05-25 16:37:56,082 - INFO - evaluating now!
2026-05-25 16:37:56,104 - INFO - epoch complete!
2026-05-25 16:37:56,104 - INFO - evaluating now!
2026-05-25 16:37:56,105 - INFO - epoch complete!
2026-05-25 16:37:56,106 - INFO - evaluating now!
2026-05-25 16:37:56,596 - INFO - Epoch [25/30] train_loss: 2.0668, val_loss: 1.7808, lr: 0.000500, 5.79s
2026-05-25 16:37:56,596 - INFO - Epoch [25/30] train_loss: 2.0562, val_loss: 1.7808, lr: 0.000500, 5.78s
2026-05-25 16:37:56,596 - INFO - Epoch [25/30] train_loss: 2.0518, val_loss: 1.7808, lr: 0.000500, 5.78s
2026-05-25 16:37:56,635 - INFO - Saved model at 25
2026-05-25 16:37:56,636 - INFO - Val loss decrease from 1.8449 to 1.7808, saving to /home/lizhuoxuan/lzq/Bigscity-LibCity-master/outputs/20260525_163508__traffic_state_pred__new_fuzzy_3__PEMSD4/model_cache/new_fuzzy_3_PEMSD4_epoch25.tar
2026-05-25 16:37:56,653 - INFO - Saved model at 25
2026-05-25 16:37:56,653 - INFO - Val loss decrease from 1.8449 to 1.7808, saving to /home/lizhuoxuan/lzq/Bigscity-LibCity-master/outputs/20260525_163508__traffic_state_pred__new_fuzzy_3__PEMSD4/model_cache/new_fuzzy_3_PEMSD4_epoch25.tar
2026-05-25 16:37:56,658 - INFO - Saved model at 25
2026-05-25 16:37:56,659 - INFO - Val loss decrease from 1.8449 to 1.7808, saving to /home/lizhuoxuan/lzq/Bigscity-LibCity-master/outputs/20260525_163508__traffic_state_pred__new_fuzzy_3__PEMSD4/model_cache/new_fuzzy_3_PEMSD4_epoch25.tar
2026-05-25 16:38:01,363 - INFO - epoch complete!
2026-05-25 16:38:01,363 - INFO - evaluating now!
2026-05-25 16:38:01,363 - INFO - epoch complete!
2026-05-25 16:38:01,363 - INFO - evaluating now!
2026-05-25 16:38:01,368 - INFO - epoch complete!
2026-05-25 16:38:01,368 - INFO - evaluating now!
2026-05-25 16:38:01,836 - INFO - Epoch [26/30] train_loss: 2.0743, val_loss: 1.7640, lr: 0.000500, 5.18s
2026-05-25 16:38:01,836 - INFO - Epoch [26/30] train_loss: 2.0992, val_loss: 1.7640, lr: 0.000500, 5.18s
2026-05-25 16:38:01,836 - INFO - Epoch [26/30] train_loss: 2.0908, val_loss: 1.7640, lr: 0.000500, 5.20s
2026-05-25 16:38:01,870 - INFO - Saved model at 26
2026-05-25 16:38:01,870 - INFO - Saved model at 26
2026-05-25 16:38:01,870 - INFO - Val loss decrease from 1.7808 to 1.7640, saving to /home/lizhuoxuan/lzq/Bigscity-LibCity-master/outputs/20260525_163508__traffic_state_pred__new_fuzzy_3__PEMSD4/model_cache/new_fuzzy_3_PEMSD4_epoch26.tar
2026-05-25 16:38:01,870 - INFO - Val loss decrease from 1.7808 to 1.7640, saving to /home/lizhuoxuan/lzq/Bigscity-LibCity-master/outputs/20260525_163508__traffic_state_pred__new_fuzzy_3__PEMSD4/model_cache/new_fuzzy_3_PEMSD4_epoch26.tar
2026-05-25 16:38:01,879 - INFO - Saved model at 26
2026-05-25 16:38:01,880 - INFO - Val loss decrease from 1.7808 to 1.7640, saving to /home/lizhuoxuan/lzq/Bigscity-LibCity-master/outputs/20260525_163508__traffic_state_pred__new_fuzzy_3__PEMSD4/model_cache/new_fuzzy_3_PEMSD4_epoch26.tar
2026-05-25 16:38:06,563 - INFO - epoch complete!
2026-05-25 16:38:06,563 - INFO - evaluating now!
2026-05-25 16:38:06,567 - INFO - epoch complete!
2026-05-25 16:38:06,567 - INFO - evaluating now!
2026-05-25 16:38:06,567 - INFO - epoch complete!
2026-05-25 16:38:06,567 - INFO - evaluating now!
2026-05-25 16:38:07,039 - INFO - Epoch [27/30] train_loss: 2.0508, val_loss: 1.7776, lr: 0.000500, 5.16s
2026-05-25 16:38:07,039 - INFO - Epoch [27/30] train_loss: 2.0558, val_loss: 1.7776, lr: 0.000500, 5.17s
2026-05-25 16:38:07,039 - INFO - Epoch [27/30] train_loss: 2.0411, val_loss: 1.7776, lr: 0.000500, 5.17s
2026-05-25 16:38:11,795 - INFO - epoch complete!
2026-05-25 16:38:11,795 - INFO - evaluating now!
2026-05-25 16:38:11,798 - INFO - epoch complete!
2026-05-25 16:38:11,799 - INFO - evaluating now!
2026-05-25 16:38:11,799 - INFO - epoch complete!
2026-05-25 16:38:11,800 - INFO - evaluating now!
2026-05-25 16:38:12,284 - INFO - Epoch [28/30] train_loss: 1.9810, val_loss: 1.7071, lr: 0.000500, 5.24s
2026-05-25 16:38:12,284 - INFO - Epoch [28/30] train_loss: 1.9745, val_loss: 1.7071, lr: 0.000500, 5.24s
2026-05-25 16:38:12,284 - INFO - Epoch [28/30] train_loss: 1.9875, val_loss: 1.7071, lr: 0.000500, 5.24s
2026-05-25 16:38:12,479 - INFO - Saved model at 28
2026-05-25 16:38:12,479 - INFO - Val loss decrease from 1.7640 to 1.7071, saving to /home/lizhuoxuan/lzq/Bigscity-LibCity-master/outputs/20260525_163508__traffic_state_pred__new_fuzzy_3__PEMSD4/model_cache/new_fuzzy_3_PEMSD4_epoch28.tar
2026-05-25 16:38:12,487 - INFO - Saved model at 28
2026-05-25 16:38:12,487 - INFO - Val loss decrease from 1.7640 to 1.7071, saving to /home/lizhuoxuan/lzq/Bigscity-LibCity-master/outputs/20260525_163508__traffic_state_pred__new_fuzzy_3__PEMSD4/model_cache/new_fuzzy_3_PEMSD4_epoch28.tar
2026-05-25 16:38:12,487 - INFO - Saved model at 28
2026-05-25 16:38:12,487 - INFO - Val loss decrease from 1.7640 to 1.7071, saving to /home/lizhuoxuan/lzq/Bigscity-LibCity-master/outputs/20260525_163508__traffic_state_pred__new_fuzzy_3__PEMSD4/model_cache/new_fuzzy_3_PEMSD4_epoch28.tar
2026-05-25 16:38:17,194 - INFO - epoch complete!
2026-05-25 16:38:17,194 - INFO - evaluating now!
2026-05-25 16:38:17,198 - INFO - epoch complete!
2026-05-25 16:38:17,199 - INFO - evaluating now!
2026-05-25 16:38:17,200 - INFO - epoch complete!
2026-05-25 16:38:17,201 - INFO - evaluating now!
2026-05-25 16:38:17,676 - INFO - Epoch [29/30] train_loss: 1.9428, val_loss: 1.8492, lr: 0.000500, 5.19s
2026-05-25 16:38:17,676 - INFO - Epoch [29/30] train_loss: 1.9346, val_loss: 1.8492, lr: 0.000500, 5.20s
2026-05-25 16:38:17,676 - INFO - Trained totally 30 epochs, average train time is 5.291s, average eval time is 0.542s
2026-05-25 16:38:17,676 - INFO - Trained totally 30 epochs, average train time is 5.295s, average eval time is 0.539s
2026-05-25 16:38:17,676 - INFO - Epoch [29/30] train_loss: 1.9373, val_loss: 1.8492, lr: 0.000500, 5.19s
2026-05-25 16:38:17,676 - INFO - Trained totally 30 epochs, average train time is 5.302s, average eval time is 0.539s
2026-05-25 16:38:17,769 - INFO - Loaded model at 28
2026-05-25 16:38:17,769 - INFO - Loaded model at 28
2026-05-25 16:38:17,769 - INFO - Start evaluating ...
2026-05-25 16:38:17,770 - INFO - Saved model at /home/lizhuoxuan/lzq/Bigscity-LibCity-master/outputs/20260525_163508__traffic_state_pred__new_fuzzy_3__PEMSD4/model_cache/new_fuzzy_3_PEMSD4.m
2026-05-25 16:38:17,786 - INFO - Loaded model at 28
2026-05-25 16:38:17,786 - INFO - Start evaluating ...
2026-05-25 16:38:17,806 - INFO - Start evaluating ...
2026-05-25 16:38:41,559 - INFO - Note that you select the single mode to evaluate!
2026-05-25 16:38:41,565 - INFO - Evaluate result is saved at /home/lizhuoxuan/lzq/Bigscity-LibCity-master/outputs/20260525_163508__traffic_state_pred__new_fuzzy_3__PEMSD4/evaluate_cache/2026_05_25_16_38_41_new_fuzzy_3_PEMSD4.csv
2026-05-25 16:38:41,584 - INFO - 
           MAE         MAPE           MSE  ...  masked_RMSE        R2      EVAR
1   105.215355  1228.228882  23182.923828  ...   152.484543 -0.392636 -0.389042
2   105.222717  1232.725098  23169.726562  ...   152.453339 -0.391825 -0.388181
3   105.191452  1229.522461  23161.357422  ...   152.414719 -0.391302 -0.387523
4   105.053383  1223.967773  23113.205078  ...   152.268204 -0.388391 -0.384768
5   104.955399  1227.848755  23066.140625  ...   152.109146 -0.385546 -0.381846
6   105.062798  1230.380371  23104.226562  ...   152.223572 -0.387823 -0.384263
7   105.010254  1228.368408  23079.087891  ...   152.149597 -0.386309 -0.382556
8   105.413307  1232.423218  23211.662109  ...   152.568924 -0.394269 -0.390669
9   105.001328  1220.754761  23103.396484  ...   152.232056 -0.387756 -0.384204
10  105.162445  1222.890015  23160.564453  ...   152.401978 -0.391184 -0.387494
11  105.074951  1219.364746  23126.148438  ...   152.302063 -0.389112 -0.385385
12  105.292625  1226.148682  23206.964844  ...   152.569901 -0.393957 -0.390035

[12 rows x 10 columns]
