2026-05-25 16:23:28,368 - INFO - Log directory: /home/lizhuoxuan/lzq/Bigscity-LibCity-master/outputs/20260525_162328__traffic_state_pred__new_fuzzy_3__PEMSD4/logs
2026-05-25 16:23:28,368 - INFO - Begin artifact training pipeline, task=traffic_state_pred, model_name=new_fuzzy_3, dataset_name=PEMSD4, exp_id=20260525_162328__traffic_state_pred__new_fuzzy_3__PEMSD4
2026-05-25 16:23:28,368 - INFO - {'task': 'traffic_state_pred', 'model': 'new_fuzzy_3', 'dataset': 'PEMSD4', 'saved_model': True, 'train': True, 'seed': 42, 'gpu': True, 'gpu_id': 0, 'train_rate': 0.6, 'eval_rate': 0.2, 'batch_size': 64, 'learning_rate': 0.0005, 'max_epoch': 30, 'dataset_class': 'TrafficStatePointDataset', 'executor': 'DiffusionTrafficStateExecutor', 'evaluator': 'TrafficStateEvaluator', 'amp_dtype': 'bfloat16', 'beta_end': 0.01, 'beta_start': 0.0001, 'calculate_weight_adj': False, 'conservation_loss_weight': 0.1, 'conservation_steps_per_epoch': 80, 'conservation_warmup_epochs': 5, 'data_col': ['traffic_flow', 'traffic_occupancy', 'traffic_speed'], 'data_files': ['PEMSD4'], 'ddim_eta': 0, 'decoder_layers': 2, 'denoiser_layers': 2, 'device': device(type='cuda', index=0), 'diffusion_conservation_enabled': True, 'diffusion_schedule': 'linear', 'diffusion_steps': 50, 'disturb_rate': 0.5, 'dropout': 0.1, 'dyna': {'including_types': ['state'], 'state': {'entity_id': 'geo_id', 'traffic_flow': 'num', 'traffic_occupancy': 'num', 'traffic_speed': 'num'}}, 'encoder_layers': 2, 'eval_batch_size': 64, 'evaluator_mode': 'single', 'fcm_loss_weight': 0.01, 'fcm_steps_per_epoch': 80, 'fcm_warmup_epochs': 3, 'ffn_hidden_dim': 128, 'fuzzy_num_sets': 3, 'geo': {'including_types': ['Point'], 'Point': {}}, 'geo_file': 'PEMSD4', 'graph_k_hop': 2, 'hidden_dim': 64, 'init_weight_inf_or_zero': 'zero', 'is_distributed': False, 'metrics': ['MAE', 'MAPE', 'MSE', 'RMSE', 'masked_MAE', 'masked_MAPE', 'masked_MSE', 'masked_RMSE', 'R2', 'EVAR'], 'noise_SD': [10], 'noise_mean': [5], 'noise_type': 'gaussian', 'num_heads': 2, 'num_sampling_steps': 20, 'num_workers': 0, 'output_dim': 3, 'pad_with_last_sample': True, 'physics_channel_idx': 0, 'prediction_clamp_max': 3, 'prediction_clamp_min': -3, 'rank': 0, 'rel': {'including_types': ['geo'], 'geo': {'cost': 'num'}}, 'rel_file': 'PEMSD4', 'robustness_test': False, 'save_mode': ['csv'], 'scale_lr': False, 'set_weight_link_or_dist': 'link', 'time_intervals': 300, 'use_amp': True, 'use_diffusion': True, 'use_fuzzy_conservation': True, 'use_fuzzy_graph': True, 'use_gradient_checkpointing': False, 'use_spatiotemporal_attention': True, 'use_temporal_position_embedding': True, 'weight_adj_epsilon': 0.1, 'weight_col': 'cost', 'world_size': 1, 'clip_grad_norm': True, 'epoch': 0, 'learner': 'adamw', 'load_best_epoch': True, 'log_every': 1, 'lr_decay': True, 'lr_decay_ratio': 0.5, 'lr_patience': 5, 'lr_scheduler': 'reducelronplateau', 'lr_threshold': 0.001, 'max_grad_norm': 3, 'patience': 30, 'train_loss': 'masked_mae', 'use_early_stop': True, 'weight_decay': 0.0001, 'data_version_id': 'dv_1779415392_efa48676', 'input_window': 12, 'output_window': 12, 'scaler': 'standard', 'load_external': False, 'normal_external': False, 'add_time_in_day': True, 'add_day_in_week': True, 'cache_dataset': True, 'ext_scaler': 'none', 'exp_id': '20260525_162328__traffic_state_pred__new_fuzzy_3__PEMSD4'}
2026-05-25 16:23:39,304 - INFO - NewFuzzy3(
  (diffusion): DiffusionScheduler()
  (fuzzy_graph): FuzzyRelationalGraphLearner(
    (raw_projection): Linear(in_features=3, out_features=64, bias=True)
    (feature_to_membership): Sequential(
      (0): Linear(in_features=64, out_features=32, bias=True)
      (1): GELU(approximate='none')
      (2): Linear(in_features=32, out_features=3, bias=True)
    )
  )
  (condition_encoder): STEncoder(
    (input_projection): Linear(in_features=3, out_features=64, bias=True)
    (blocks): ModuleList(
      (0-1): 2 x STEncoderBlock(
        (temporal_attention): MultiHeadAttention(
          (query_projection): Linear(in_features=64, out_features=64, bias=True)
          (key_projection): Linear(in_features=64, out_features=64, bias=True)
          (value_projection): Linear(in_features=64, out_features=64, bias=True)
          (output_projection): Linear(in_features=64, out_features=64, bias=True)
          (dropout): Dropout(p=0.1, inplace=False)
        )
        (graph_convolution): FuzzyGraphConvolution(
          (projections): ModuleList(
            (0-2): 3 x Linear(in_features=64, out_features=64, bias=True)
          )
        )
        (feed_forward): FeedForwardNetwork(
          (network): Sequential(
            (0): Linear(in_features=64, out_features=128, bias=True)
            (1): GELU(approximate='none')
            (2): Dropout(p=0.1, inplace=False)
            (3): Linear(in_features=128, out_features=64, bias=True)
            (4): Dropout(p=0.1, inplace=False)
          )
        )
        (norm_temporal): LayerNorm((64,), eps=1e-05, elementwise_affine=True)
        (norm_graph): LayerNorm((64,), eps=1e-05, elementwise_affine=True)
        (norm_ffn): LayerNorm((64,), eps=1e-05, elementwise_affine=True)
        (dropout): Dropout(p=0.1, inplace=False)
      )
    )
    (final_norm): LayerNorm((64,), eps=1e-05, elementwise_affine=True)
  )
  (denoiser): FuzzyGuidedDenoiser(
    (input_projection): Linear(in_features=3, out_features=64, bias=True)
    (time_embedding): SinusoidalTimeEmbedding()
    (time_projection): Sequential(
      (0): Linear(in_features=64, out_features=64, bias=True)
      (1): SiLU()
      (2): Linear(in_features=64, out_features=64, bias=True)
    )
    (condition_fusion): Linear(in_features=128, out_features=64, bias=True)
    (blocks): ModuleList(
      (0-1): 2 x DenoiserBlock(
        (temporal_attention): MultiHeadAttention(
          (query_projection): Linear(in_features=64, out_features=64, bias=True)
          (key_projection): Linear(in_features=64, out_features=64, bias=True)
          (value_projection): Linear(in_features=64, out_features=64, bias=True)
          (output_projection): Linear(in_features=64, out_features=64, bias=True)
          (dropout): Dropout(p=0.1, inplace=False)
        )
        (graph_convolution): FuzzyGraphConvolution(
          (projections): ModuleList(
            (0-2): 3 x Linear(in_features=64, out_features=64, bias=True)
          )
        )
        (cross_attention): MultiHeadAttention(
          (query_projection): Linear(in_features=64, out_features=64, bias=True)
          (key_projection): Linear(in_features=64, out_features=64, bias=True)
          (value_projection): Linear(in_features=64, out_features=64, bias=True)
          (output_projection): Linear(in_features=64, out_features=64, bias=True)
          (dropout): Dropout(p=0.1, inplace=False)
        )
        (spatiotemporal_attention): MultiHeadAttention(
          (query_projection): Linear(in_features=64, out_features=64, bias=True)
          (key_projection): Linear(in_features=64, out_features=64, bias=True)
          (value_projection): Linear(in_features=64, out_features=64, bias=True)
          (output_projection): Linear(in_features=64, out_features=64, bias=True)
          (dropout): Dropout(p=0.1, inplace=False)
        )
        (feed_forward): FeedForwardNetwork(
          (network): Sequential(
            (0): Linear(in_features=64, out_features=128, bias=True)
            (1): GELU(approximate='none')
            (2): Dropout(p=0.1, inplace=False)
            (3): Linear(in_features=128, out_features=64, bias=True)
            (4): Dropout(p=0.1, inplace=False)
          )
        )
        (norm_temporal): LayerNorm((64,), eps=1e-05, elementwise_affine=True)
        (norm_graph): LayerNorm((64,), eps=1e-05, elementwise_affine=True)
        (norm_cross): LayerNorm((64,), eps=1e-05, elementwise_affine=True)
        (norm_spatiotemporal): LayerNorm((64,), eps=1e-05, elementwise_affine=True)
        (norm_ffn): LayerNorm((64,), eps=1e-05, elementwise_affine=True)
        (dropout): Dropout(p=0.1, inplace=False)
        (time_scale_shift): Sequential(
          (0): SiLU()
          (1): Linear(in_features=64, out_features=128, bias=True)
        )
      )
    )
    (final_norm): LayerNorm((64,), eps=1e-05, elementwise_affine=True)
    (output_projection): Linear(in_features=64, out_features=3, bias=True)
  )
)
2026-05-25 16:23:39,306 - INFO - fuzzy_graph.base_memberships	torch.Size([307, 3])	cuda:0	True
2026-05-25 16:23:39,306 - INFO - fuzzy_graph.fuzzy_prototypes	torch.Size([3, 64])	cuda:0	True
2026-05-25 16:23:39,306 - INFO - fuzzy_graph.blend_logit	torch.Size([])	cuda:0	True
2026-05-25 16:23:39,306 - INFO - fuzzy_graph.raw_projection.weight	torch.Size([64, 3])	cuda:0	True
2026-05-25 16:23:39,306 - INFO - fuzzy_graph.raw_projection.bias	torch.Size([64])	cuda:0	True
2026-05-25 16:23:39,306 - INFO - fuzzy_graph.feature_to_membership.0.weight	torch.Size([32, 64])	cuda:0	True
2026-05-25 16:23:39,306 - INFO - fuzzy_graph.feature_to_membership.0.bias	torch.Size([32])	cuda:0	True
2026-05-25 16:23:39,306 - INFO - fuzzy_graph.feature_to_membership.2.weight	torch.Size([3, 32])	cuda:0	True
2026-05-25 16:23:39,306 - INFO - fuzzy_graph.feature_to_membership.2.bias	torch.Size([3])	cuda:0	True
2026-05-25 16:23:39,306 - INFO - condition_encoder.temporal_position_embedding	torch.Size([1, 12, 1, 64])	cuda:0	True
2026-05-25 16:23:39,306 - INFO - condition_encoder.input_projection.weight	torch.Size([64, 3])	cuda:0	True
2026-05-25 16:23:39,306 - INFO - condition_encoder.input_projection.bias	torch.Size([64])	cuda:0	True
2026-05-25 16:23:39,306 - INFO - condition_encoder.blocks.0.temporal_attention.query_projection.weight	torch.Size([64, 64])	cuda:0	True
2026-05-25 16:23:39,306 - INFO - condition_encoder.blocks.0.temporal_attention.query_projection.bias	torch.Size([64])	cuda:0	True
2026-05-25 16:23:39,306 - INFO - condition_encoder.blocks.0.temporal_attention.key_projection.weight	torch.Size([64, 64])	cuda:0	True
2026-05-25 16:23:39,306 - INFO - condition_encoder.blocks.0.temporal_attention.key_projection.bias	torch.Size([64])	cuda:0	True
2026-05-25 16:23:39,306 - INFO - condition_encoder.blocks.0.temporal_attention.value_projection.weight	torch.Size([64, 64])	cuda:0	True
2026-05-25 16:23:39,306 - INFO - condition_encoder.blocks.0.temporal_attention.value_projection.bias	torch.Size([64])	cuda:0	True
2026-05-25 16:23:39,306 - INFO - condition_encoder.blocks.0.temporal_attention.output_projection.weight	torch.Size([64, 64])	cuda:0	True
2026-05-25 16:23:39,306 - INFO - condition_encoder.blocks.0.temporal_attention.output_projection.bias	torch.Size([64])	cuda:0	True
2026-05-25 16:23:39,306 - INFO - condition_encoder.blocks.0.graph_convolution.projections.0.weight	torch.Size([64, 64])	cuda:0	True
2026-05-25 16:23:39,306 - INFO - condition_encoder.blocks.0.graph_convolution.projections.0.bias	torch.Size([64])	cuda:0	True
2026-05-25 16:23:39,306 - INFO - condition_encoder.blocks.0.graph_convolution.projections.1.weight	torch.Size([64, 64])	cuda:0	True
2026-05-25 16:23:39,306 - INFO - condition_encoder.blocks.0.graph_convolution.projections.1.bias	torch.Size([64])	cuda:0	True
2026-05-25 16:23:39,306 - INFO - condition_encoder.blocks.0.graph_convolution.projections.2.weight	torch.Size([64, 64])	cuda:0	True
2026-05-25 16:23:39,306 - INFO - condition_encoder.blocks.0.graph_convolution.projections.2.bias	torch.Size([64])	cuda:0	True
2026-05-25 16:23:39,306 - INFO - condition_encoder.blocks.0.feed_forward.network.0.weight	torch.Size([128, 64])	cuda:0	True
2026-05-25 16:23:39,307 - INFO - condition_encoder.blocks.0.feed_forward.network.0.bias	torch.Size([128])	cuda:0	True
2026-05-25 16:23:39,307 - INFO - condition_encoder.blocks.0.feed_forward.network.3.weight	torch.Size([64, 128])	cuda:0	True
2026-05-25 16:23:39,307 - INFO - condition_encoder.blocks.0.feed_forward.network.3.bias	torch.Size([64])	cuda:0	True
2026-05-25 16:23:39,307 - INFO - condition_encoder.blocks.0.norm_temporal.weight	torch.Size([64])	cuda:0	True
2026-05-25 16:23:39,307 - INFO - condition_encoder.blocks.0.norm_temporal.bias	torch.Size([64])	cuda:0	True
2026-05-25 16:23:39,307 - INFO - condition_encoder.blocks.0.norm_graph.weight	torch.Size([64])	cuda:0	True
2026-05-25 16:23:39,307 - INFO - condition_encoder.blocks.0.norm_graph.bias	torch.Size([64])	cuda:0	True
2026-05-25 16:23:39,307 - INFO - condition_encoder.blocks.0.norm_ffn.weight	torch.Size([64])	cuda:0	True
2026-05-25 16:23:39,307 - INFO - condition_encoder.blocks.0.norm_ffn.bias	torch.Size([64])	cuda:0	True
2026-05-25 16:23:39,307 - INFO - condition_encoder.blocks.1.temporal_attention.query_projection.weight	torch.Size([64, 64])	cuda:0	True
2026-05-25 16:23:39,307 - INFO - condition_encoder.blocks.1.temporal_attention.query_projection.bias	torch.Size([64])	cuda:0	True
2026-05-25 16:23:39,307 - INFO - condition_encoder.blocks.1.temporal_attention.key_projection.weight	torch.Size([64, 64])	cuda:0	True
2026-05-25 16:23:39,307 - INFO - condition_encoder.blocks.1.temporal_attention.key_projection.bias	torch.Size([64])	cuda:0	True
2026-05-25 16:23:39,307 - INFO - condition_encoder.blocks.1.temporal_attention.value_projection.weight	torch.Size([64, 64])	cuda:0	True
2026-05-25 16:23:39,307 - INFO - condition_encoder.blocks.1.temporal_attention.value_projection.bias	torch.Size([64])	cuda:0	True
2026-05-25 16:23:39,307 - INFO - condition_encoder.blocks.1.temporal_attention.output_projection.weight	torch.Size([64, 64])	cuda:0	True
2026-05-25 16:23:39,307 - INFO - condition_encoder.blocks.1.temporal_attention.output_projection.bias	torch.Size([64])	cuda:0	True
2026-05-25 16:23:39,307 - INFO - condition_encoder.blocks.1.graph_convolution.projections.0.weight	torch.Size([64, 64])	cuda:0	True
2026-05-25 16:23:39,307 - INFO - condition_encoder.blocks.1.graph_convolution.projections.0.bias	torch.Size([64])	cuda:0	True
2026-05-25 16:23:39,307 - INFO - condition_encoder.blocks.1.graph_convolution.projections.1.weight	torch.Size([64, 64])	cuda:0	True
2026-05-25 16:23:39,307 - INFO - condition_encoder.blocks.1.graph_convolution.projections.1.bias	torch.Size([64])	cuda:0	True
2026-05-25 16:23:39,307 - INFO - condition_encoder.blocks.1.graph_convolution.projections.2.weight	torch.Size([64, 64])	cuda:0	True
2026-05-25 16:23:39,307 - INFO - condition_encoder.blocks.1.graph_convolution.projections.2.bias	torch.Size([64])	cuda:0	True
2026-05-25 16:23:39,307 - INFO - condition_encoder.blocks.1.feed_forward.network.0.weight	torch.Size([128, 64])	cuda:0	True
2026-05-25 16:23:39,307 - INFO - condition_encoder.blocks.1.feed_forward.network.0.bias	torch.Size([128])	cuda:0	True
2026-05-25 16:23:39,307 - INFO - condition_encoder.blocks.1.feed_forward.network.3.weight	torch.Size([64, 128])	cuda:0	True
2026-05-25 16:23:39,307 - INFO - condition_encoder.blocks.1.feed_forward.network.3.bias	torch.Size([64])	cuda:0	True
2026-05-25 16:23:39,307 - INFO - condition_encoder.blocks.1.norm_temporal.weight	torch.Size([64])	cuda:0	True
2026-05-25 16:23:39,307 - INFO - condition_encoder.blocks.1.norm_temporal.bias	torch.Size([64])	cuda:0	True
2026-05-25 16:23:39,307 - INFO - condition_encoder.blocks.1.norm_graph.weight	torch.Size([64])	cuda:0	True
2026-05-25 16:23:39,307 - INFO - condition_encoder.blocks.1.norm_graph.bias	torch.Size([64])	cuda:0	True
2026-05-25 16:23:39,307 - INFO - condition_encoder.blocks.1.norm_ffn.weight	torch.Size([64])	cuda:0	True
2026-05-25 16:23:39,307 - INFO - condition_encoder.blocks.1.norm_ffn.bias	torch.Size([64])	cuda:0	True
2026-05-25 16:23:39,307 - INFO - condition_encoder.final_norm.weight	torch.Size([64])	cuda:0	True
2026-05-25 16:23:39,307 - INFO - condition_encoder.final_norm.bias	torch.Size([64])	cuda:0	True
2026-05-25 16:23:39,308 - INFO - denoiser.future_position_embedding	torch.Size([1, 12, 1, 64])	cuda:0	True
2026-05-25 16:23:39,308 - INFO - denoiser.condition_temporal_weight	torch.Size([12])	cuda:0	True
2026-05-25 16:23:39,308 - INFO - denoiser.input_projection.weight	torch.Size([64, 3])	cuda:0	True
2026-05-25 16:23:39,308 - INFO - denoiser.input_projection.bias	torch.Size([64])	cuda:0	True
2026-05-25 16:23:39,308 - INFO - denoiser.time_projection.0.weight	torch.Size([64, 64])	cuda:0	True
2026-05-25 16:23:39,308 - INFO - denoiser.time_projection.0.bias	torch.Size([64])	cuda:0	True
2026-05-25 16:23:39,308 - INFO - denoiser.time_projection.2.weight	torch.Size([64, 64])	cuda:0	True
2026-05-25 16:23:39,308 - INFO - denoiser.time_projection.2.bias	torch.Size([64])	cuda:0	True
2026-05-25 16:23:39,308 - INFO - denoiser.condition_fusion.weight	torch.Size([64, 128])	cuda:0	True
2026-05-25 16:23:39,308 - INFO - denoiser.condition_fusion.bias	torch.Size([64])	cuda:0	True
2026-05-25 16:23:39,308 - INFO - denoiser.blocks.0.temporal_attention.query_projection.weight	torch.Size([64, 64])	cuda:0	True
2026-05-25 16:23:39,308 - INFO - denoiser.blocks.0.temporal_attention.query_projection.bias	torch.Size([64])	cuda:0	True
2026-05-25 16:23:39,308 - INFO - denoiser.blocks.0.temporal_attention.key_projection.weight	torch.Size([64, 64])	cuda:0	True
2026-05-25 16:23:39,308 - INFO - denoiser.blocks.0.temporal_attention.key_projection.bias	torch.Size([64])	cuda:0	True
2026-05-25 16:23:39,308 - INFO - denoiser.blocks.0.temporal_attention.value_projection.weight	torch.Size([64, 64])	cuda:0	True
2026-05-25 16:23:39,308 - INFO - denoiser.blocks.0.temporal_attention.value_projection.bias	torch.Size([64])	cuda:0	True
2026-05-25 16:23:39,308 - INFO - denoiser.blocks.0.temporal_attention.output_projection.weight	torch.Size([64, 64])	cuda:0	True
2026-05-25 16:23:39,308 - INFO - denoiser.blocks.0.temporal_attention.output_projection.bias	torch.Size([64])	cuda:0	True
2026-05-25 16:23:39,308 - INFO - denoiser.blocks.0.graph_convolution.projections.0.weight	torch.Size([64, 64])	cuda:0	True
2026-05-25 16:23:39,308 - INFO - denoiser.blocks.0.graph_convolution.projections.0.bias	torch.Size([64])	cuda:0	True
2026-05-25 16:23:39,308 - INFO - denoiser.blocks.0.graph_convolution.projections.1.weight	torch.Size([64, 64])	cuda:0	True
2026-05-25 16:23:39,308 - INFO - denoiser.blocks.0.graph_convolution.projections.1.bias	torch.Size([64])	cuda:0	True
2026-05-25 16:23:39,308 - INFO - denoiser.blocks.0.graph_convolution.projections.2.weight	torch.Size([64, 64])	cuda:0	True
2026-05-25 16:23:39,308 - INFO - denoiser.blocks.0.graph_convolution.projections.2.bias	torch.Size([64])	cuda:0	True
2026-05-25 16:23:39,308 - INFO - denoiser.blocks.0.cross_attention.query_projection.weight	torch.Size([64, 64])	cuda:0	True
2026-05-25 16:23:39,308 - INFO - denoiser.blocks.0.cross_attention.query_projection.bias	torch.Size([64])	cuda:0	True
2026-05-25 16:23:39,308 - INFO - denoiser.blocks.0.cross_attention.key_projection.weight	torch.Size([64, 64])	cuda:0	True
2026-05-25 16:23:39,308 - INFO - denoiser.blocks.0.cross_attention.key_projection.bias	torch.Size([64])	cuda:0	True
2026-05-25 16:23:39,308 - INFO - denoiser.blocks.0.cross_attention.value_projection.weight	torch.Size([64, 64])	cuda:0	True
2026-05-25 16:23:39,308 - INFO - denoiser.blocks.0.cross_attention.value_projection.bias	torch.Size([64])	cuda:0	True
2026-05-25 16:23:39,308 - INFO - denoiser.blocks.0.cross_attention.output_projection.weight	torch.Size([64, 64])	cuda:0	True
2026-05-25 16:23:39,308 - INFO - denoiser.blocks.0.cross_attention.output_projection.bias	torch.Size([64])	cuda:0	True
2026-05-25 16:23:39,308 - INFO - denoiser.blocks.0.spatiotemporal_attention.query_projection.weight	torch.Size([64, 64])	cuda:0	True
2026-05-25 16:23:39,308 - INFO - denoiser.blocks.0.spatiotemporal_attention.query_projection.bias	torch.Size([64])	cuda:0	True
2026-05-25 16:23:39,309 - INFO - denoiser.blocks.0.spatiotemporal_attention.key_projection.weight	torch.Size([64, 64])	cuda:0	True
2026-05-25 16:23:39,309 - INFO - denoiser.blocks.0.spatiotemporal_attention.key_projection.bias	torch.Size([64])	cuda:0	True
2026-05-25 16:23:39,309 - INFO - denoiser.blocks.0.spatiotemporal_attention.value_projection.weight	torch.Size([64, 64])	cuda:0	True
2026-05-25 16:23:39,309 - INFO - denoiser.blocks.0.spatiotemporal_attention.value_projection.bias	torch.Size([64])	cuda:0	True
2026-05-25 16:23:39,309 - INFO - denoiser.blocks.0.spatiotemporal_attention.output_projection.weight	torch.Size([64, 64])	cuda:0	True
2026-05-25 16:23:39,309 - INFO - denoiser.blocks.0.spatiotemporal_attention.output_projection.bias	torch.Size([64])	cuda:0	True
2026-05-25 16:23:39,309 - INFO - denoiser.blocks.0.feed_forward.network.0.weight	torch.Size([128, 64])	cuda:0	True
2026-05-25 16:23:39,309 - INFO - denoiser.blocks.0.feed_forward.network.0.bias	torch.Size([128])	cuda:0	True
2026-05-25 16:23:39,309 - INFO - denoiser.blocks.0.feed_forward.network.3.weight	torch.Size([64, 128])	cuda:0	True
2026-05-25 16:23:39,309 - INFO - denoiser.blocks.0.feed_forward.network.3.bias	torch.Size([64])	cuda:0	True
2026-05-25 16:23:39,309 - INFO - denoiser.blocks.0.norm_temporal.weight	torch.Size([64])	cuda:0	True
2026-05-25 16:23:39,309 - INFO - denoiser.blocks.0.norm_temporal.bias	torch.Size([64])	cuda:0	True
2026-05-25 16:23:39,309 - INFO - denoiser.blocks.0.norm_graph.weight	torch.Size([64])	cuda:0	True
2026-05-25 16:23:39,309 - INFO - denoiser.blocks.0.norm_graph.bias	torch.Size([64])	cuda:0	True
2026-05-25 16:23:39,309 - INFO - denoiser.blocks.0.norm_cross.weight	torch.Size([64])	cuda:0	True
2026-05-25 16:23:39,309 - INFO - denoiser.blocks.0.norm_cross.bias	torch.Size([64])	cuda:0	True
2026-05-25 16:23:39,309 - INFO - denoiser.blocks.0.norm_spatiotemporal.weight	torch.Size([64])	cuda:0	True
2026-05-25 16:23:39,309 - INFO - denoiser.blocks.0.norm_spatiotemporal.bias	torch.Size([64])	cuda:0	True
2026-05-25 16:23:39,309 - INFO - denoiser.blocks.0.norm_ffn.weight	torch.Size([64])	cuda:0	True
2026-05-25 16:23:39,309 - INFO - denoiser.blocks.0.norm_ffn.bias	torch.Size([64])	cuda:0	True
2026-05-25 16:23:39,309 - INFO - denoiser.blocks.0.time_scale_shift.1.weight	torch.Size([128, 64])	cuda:0	True
2026-05-25 16:23:39,309 - INFO - denoiser.blocks.0.time_scale_shift.1.bias	torch.Size([128])	cuda:0	True
2026-05-25 16:23:39,309 - INFO - denoiser.blocks.1.temporal_attention.query_projection.weight	torch.Size([64, 64])	cuda:0	True
2026-05-25 16:23:39,309 - INFO - denoiser.blocks.1.temporal_attention.query_projection.bias	torch.Size([64])	cuda:0	True
2026-05-25 16:23:39,309 - INFO - denoiser.blocks.1.temporal_attention.key_projection.weight	torch.Size([64, 64])	cuda:0	True
2026-05-25 16:23:39,309 - INFO - denoiser.blocks.1.temporal_attention.key_projection.bias	torch.Size([64])	cuda:0	True
2026-05-25 16:23:39,309 - INFO - denoiser.blocks.1.temporal_attention.value_projection.weight	torch.Size([64, 64])	cuda:0	True
2026-05-25 16:23:39,309 - INFO - denoiser.blocks.1.temporal_attention.value_projection.bias	torch.Size([64])	cuda:0	True
2026-05-25 16:23:39,309 - INFO - denoiser.blocks.1.temporal_attention.output_projection.weight	torch.Size([64, 64])	cuda:0	True
2026-05-25 16:23:39,309 - INFO - denoiser.blocks.1.temporal_attention.output_projection.bias	torch.Size([64])	cuda:0	True
2026-05-25 16:23:39,309 - INFO - denoiser.blocks.1.graph_convolution.projections.0.weight	torch.Size([64, 64])	cuda:0	True
2026-05-25 16:23:39,309 - INFO - denoiser.blocks.1.graph_convolution.projections.0.bias	torch.Size([64])	cuda:0	True
2026-05-25 16:23:39,309 - INFO - denoiser.blocks.1.graph_convolution.projections.1.weight	torch.Size([64, 64])	cuda:0	True
2026-05-25 16:23:39,309 - INFO - denoiser.blocks.1.graph_convolution.projections.1.bias	torch.Size([64])	cuda:0	True
2026-05-25 16:23:39,310 - INFO - denoiser.blocks.1.graph_convolution.projections.2.weight	torch.Size([64, 64])	cuda:0	True
2026-05-25 16:23:39,310 - INFO - denoiser.blocks.1.graph_convolution.projections.2.bias	torch.Size([64])	cuda:0	True
2026-05-25 16:23:39,310 - INFO - denoiser.blocks.1.cross_attention.query_projection.weight	torch.Size([64, 64])	cuda:0	True
2026-05-25 16:23:39,310 - INFO - denoiser.blocks.1.cross_attention.query_projection.bias	torch.Size([64])	cuda:0	True
2026-05-25 16:23:39,310 - INFO - denoiser.blocks.1.cross_attention.key_projection.weight	torch.Size([64, 64])	cuda:0	True
2026-05-25 16:23:39,310 - INFO - denoiser.blocks.1.cross_attention.key_projection.bias	torch.Size([64])	cuda:0	True
2026-05-25 16:23:39,310 - INFO - denoiser.blocks.1.cross_attention.value_projection.weight	torch.Size([64, 64])	cuda:0	True
2026-05-25 16:23:39,310 - INFO - denoiser.blocks.1.cross_attention.value_projection.bias	torch.Size([64])	cuda:0	True
2026-05-25 16:23:39,310 - INFO - denoiser.blocks.1.cross_attention.output_projection.weight	torch.Size([64, 64])	cuda:0	True
2026-05-25 16:23:39,310 - INFO - denoiser.blocks.1.cross_attention.output_projection.bias	torch.Size([64])	cuda:0	True
2026-05-25 16:23:39,310 - INFO - denoiser.blocks.1.spatiotemporal_attention.query_projection.weight	torch.Size([64, 64])	cuda:0	True
2026-05-25 16:23:39,310 - INFO - denoiser.blocks.1.spatiotemporal_attention.query_projection.bias	torch.Size([64])	cuda:0	True
2026-05-25 16:23:39,310 - INFO - denoiser.blocks.1.spatiotemporal_attention.key_projection.weight	torch.Size([64, 64])	cuda:0	True
2026-05-25 16:23:39,310 - INFO - denoiser.blocks.1.spatiotemporal_attention.key_projection.bias	torch.Size([64])	cuda:0	True
2026-05-25 16:23:39,310 - INFO - denoiser.blocks.1.spatiotemporal_attention.value_projection.weight	torch.Size([64, 64])	cuda:0	True
2026-05-25 16:23:39,310 - INFO - denoiser.blocks.1.spatiotemporal_attention.value_projection.bias	torch.Size([64])	cuda:0	True
2026-05-25 16:23:39,310 - INFO - denoiser.blocks.1.spatiotemporal_attention.output_projection.weight	torch.Size([64, 64])	cuda:0	True
2026-05-25 16:23:39,310 - INFO - denoiser.blocks.1.spatiotemporal_attention.output_projection.bias	torch.Size([64])	cuda:0	True
2026-05-25 16:23:39,310 - INFO - denoiser.blocks.1.feed_forward.network.0.weight	torch.Size([128, 64])	cuda:0	True
2026-05-25 16:23:39,310 - INFO - denoiser.blocks.1.feed_forward.network.0.bias	torch.Size([128])	cuda:0	True
2026-05-25 16:23:39,310 - INFO - denoiser.blocks.1.feed_forward.network.3.weight	torch.Size([64, 128])	cuda:0	True
2026-05-25 16:23:39,310 - INFO - denoiser.blocks.1.feed_forward.network.3.bias	torch.Size([64])	cuda:0	True
2026-05-25 16:23:39,310 - INFO - denoiser.blocks.1.norm_temporal.weight	torch.Size([64])	cuda:0	True
2026-05-25 16:23:39,310 - INFO - denoiser.blocks.1.norm_temporal.bias	torch.Size([64])	cuda:0	True
2026-05-25 16:23:39,310 - INFO - denoiser.blocks.1.norm_graph.weight	torch.Size([64])	cuda:0	True
2026-05-25 16:23:39,310 - INFO - denoiser.blocks.1.norm_graph.bias	torch.Size([64])	cuda:0	True
2026-05-25 16:23:39,310 - INFO - denoiser.blocks.1.norm_cross.weight	torch.Size([64])	cuda:0	True
2026-05-25 16:23:39,310 - INFO - denoiser.blocks.1.norm_cross.bias	torch.Size([64])	cuda:0	True
2026-05-25 16:23:39,310 - INFO - denoiser.blocks.1.norm_spatiotemporal.weight	torch.Size([64])	cuda:0	True
2026-05-25 16:23:39,310 - INFO - denoiser.blocks.1.norm_spatiotemporal.bias	torch.Size([64])	cuda:0	True
2026-05-25 16:23:39,310 - INFO - denoiser.blocks.1.norm_ffn.weight	torch.Size([64])	cuda:0	True
2026-05-25 16:23:39,310 - INFO - denoiser.blocks.1.norm_ffn.bias	torch.Size([64])	cuda:0	True
2026-05-25 16:23:39,310 - INFO - denoiser.blocks.1.time_scale_shift.1.weight	torch.Size([128, 64])	cuda:0	True
2026-05-25 16:23:39,310 - INFO - denoiser.blocks.1.time_scale_shift.1.bias	torch.Size([128])	cuda:0	True
2026-05-25 16:23:39,310 - INFO - denoiser.final_norm.weight	torch.Size([64])	cuda:0	True
2026-05-25 16:23:39,311 - INFO - denoiser.final_norm.bias	torch.Size([64])	cuda:0	True
2026-05-25 16:23:39,311 - INFO - denoiser.output_projection.weight	torch.Size([3, 64])	cuda:0	True
2026-05-25 16:23:39,311 - INFO - denoiser.output_projection.bias	torch.Size([3])	cuda:0	True
2026-05-25 16:23:39,311 - INFO - Total parameter numbers: 290668
2026-05-25 16:23:39,311 - INFO - Enable AMP training (dtype=bfloat16).
2026-05-25 16:23:39,311 - INFO - You select `adamw` optimizer.
2026-05-25 16:23:40,127 - INFO - You select `reducelronplateau` lr_scheduler.
2026-05-25 16:23:40,127 - INFO - You select `masked_mae` as train loss function.
2026-05-25 16:23:40,127 - INFO - Start training ...
2026-05-25 16:23:40,127 - INFO - num_batches:161
