2026-05-26 20:03:42,065 - INFO - Log directory: /home/lizhuoxuan/lzq/Bigscity-LibCity-master/outputs/20260526_200342__traffic_state_pred__STGCN__PEMSD4/logs
2026-05-26 20:03:42,065 - INFO - Begin artifact training pipeline, task=traffic_state_pred, model_name=STGCN, dataset_name=PEMSD4, exp_id=20260526_200342__traffic_state_pred__STGCN__PEMSD4
2026-05-26 20:03:42,065 - INFO - {'task': 'traffic_state_pred', 'model': 'STGCN', 'dataset': 'PEMSD4', 'saved_model': True, 'train': True, 'seed': 42, 'train_rate': 0.6, 'eval_rate': 0.2, 'batch_size': 64, 'learning_rate': 0.002, 'max_epoch': 10, 'dataset_class': 'TrafficStatePointDataset', 'executor': 'TrafficStateExecutor', 'evaluator': 'TrafficStateEvaluator', 'Ks': 3, 'Kt': 3, 'bidir_adj_mx': True, 'blocks': [[1, 32, 64], [64, 32, 128]], 'calculate_weight_adj': False, 'data_col': ['traffic_flow', 'traffic_occupancy', 'traffic_speed'], 'data_files': ['PEMSD4'], 'device': device(type='cuda', index=0), 'disturb_rate': 0.5, 'dropout': 0, 'dyna': {'including_types': ['state'], 'state': {'entity_id': 'geo_id', 'traffic_flow': 'num', 'traffic_occupancy': 'num', 'traffic_speed': 'num'}}, 'evaluator_mode': 'single', 'geo': {'including_types': ['Point'], 'Point': {}}, 'geo_file': 'PEMSD4', 'graph_conv_type': 'chebconv', 'init_weight_inf_or_zero': 'zero', 'is_distributed': True, 'metrics': ['MAE', 'MAPE', 'MSE', 'RMSE', 'masked_MAE', 'masked_MAPE', 'masked_MSE', 'masked_RMSE', 'R2', 'EVAR'], 'noise_SD': [10], 'noise_mean': [5], 'noise_type': 'gaussian', 'num_workers': 0, 'output_dim': 3, 'pad_with_last_sample': True, 'rank': 0, 'rel': {'including_types': ['geo'], 'geo': {'cost': 'num'}}, 'rel_file': 'PEMSD4', 'robustness_test': False, 'save_mode': ['csv'], 'set_weight_link_or_dist': 'link', 'stgcn_train_mode': 'quick', 'time_intervals': 300, 'weight_adj_epsilon': 0.1, 'weight_col': 'cost', 'world_size': 2, 'clip_grad_norm': False, 'epoch': 0, 'gpu': True, 'gpu_id': 0, 'hyper_tune': False, 'learner': 'rmsprop', 'load_best_epoch': True, 'log_every': 1, 'log_level': 'INFO', 'lr_T_max': 30, 'lr_alpha': 0.99, 'lr_beta1': 0.9, 'lr_beta2': 0.999, 'lr_decay': True, 'lr_decay_ratio': 0.7, 'lr_epsilon': 1e-08, 'lr_eta_min': 0, 'lr_momentum': 0, 'lr_patience': 10, 'lr_scheduler': 'steplr', 'lr_threshold': 0.0001, 'max_grad_norm': 1, 'patience': 50, 'step_size': 5, 'steps': [5, 20, 40, 70], 'train_loss': 'none', 'use_early_stop': False, 'weight_decay': 0, 'data_version_id': 'dv_1779796671_772747b8', 'scaler': 'standard', 'load_external': False, 'normal_external': False, 'ext_scaler': 'none', 'add_time_in_day': False, 'add_day_in_week': False, 'cache_dataset': True, 'input_window': 12, 'output_window': 12, 'local_rank': 0, 'dist_backend': 'nccl', 'exp_id': '20260526_200342__traffic_state_pred__STGCN__PEMSD4'}
2026-05-26 20:03:42,196 - INFO - Log directory: /home/lizhuoxuan/lzq/Bigscity-LibCity-master/outputs/20260526_200342__traffic_state_pred__STGCN__PEMSD4/logs
2026-05-26 20:03:50,880 - INFO - You select quick mode to train STGCN model.
2026-05-26 20:03:50,985 - INFO - Chebyshev_polynomial_Lk shape: (3, 307, 307)
2026-05-26 20:03:51,187 - INFO - You select quick mode to train STGCN model.
2026-05-26 20:03:51,291 - INFO - Chebyshev_polynomial_Lk shape: (3, 307, 307)
2026-05-26 20:03:52,335 - INFO - Enable AMP training (dtype=float16).
2026-05-26 20:03:52,335 - INFO - You select `rmsprop` optimizer.
2026-05-26 20:03:52,335 - INFO - You select `steplr` lr_scheduler.
2026-05-26 20:03:52,335 - WARNING - Received none train loss func and will use the loss func defined in the model.
2026-05-26 20:03:52,335 - INFO - DistributedDataParallel(
  (module): STGCN(
    (st_conv1): STConvBlock(
      (tconv1): TemporalConvLayer(
        (align): Align()
        (conv): Conv2d(3, 64, kernel_size=(3, 1), stride=(1, 1))
      )
      (sconv): SpatioConvLayer(
        (align): Align()
      )
      (tconv2): TemporalConvLayer(
        (align): Align()
        (conv): Conv2d(32, 64, kernel_size=(3, 1), stride=(1, 1))
      )
      (ln): LayerNorm((307, 64), eps=1e-05, elementwise_affine=True)
      (dropout): Dropout(p=0, inplace=False)
    )
    (st_conv2): STConvBlock(
      (tconv1): TemporalConvLayer(
        (align): Align(
          (conv1x1): Conv2d(64, 32, kernel_size=(1, 1), stride=(1, 1))
        )
        (conv): Conv2d(64, 64, kernel_size=(3, 1), stride=(1, 1))
      )
      (sconv): SpatioConvLayer(
        (align): Align()
      )
      (tconv2): TemporalConvLayer(
        (align): Align()
        (conv): Conv2d(32, 128, kernel_size=(3, 1), stride=(1, 1))
      )
      (ln): LayerNorm((307, 128), eps=1e-05, elementwise_affine=True)
      (dropout): Dropout(p=0, inplace=False)
    )
    (output): OutputLayer(
      (tconv1): TemporalConvLayer(
        (align): Align()
        (conv): Conv2d(128, 256, kernel_size=(4, 1), stride=(1, 1))
      )
      (ln): LayerNorm((307, 128), eps=1e-05, elementwise_affine=True)
      (tconv2): TemporalConvLayer(
        (align): Align()
        (conv): Conv2d(128, 128, kernel_size=(1, 1), stride=(1, 1))
      )
      (fc): FullyConvLayer(
        (conv): Conv2d(128, 3, kernel_size=(1, 1), stride=(1, 1))
      )
    )
  )
)
2026-05-26 20:03:52,336 - INFO - Start training ...
2026-05-26 20:03:52,336 - INFO - num_batches:80
2026-05-26 20:03:52,336 - INFO - module.st_conv1.tconv1.conv.weight	torch.Size([64, 3, 3, 1])	cuda:0	True
2026-05-26 20:03:52,336 - INFO - module.st_conv1.tconv1.conv.bias	torch.Size([64])	cuda:0	True
2026-05-26 20:03:52,336 - INFO - module.st_conv1.sconv.theta	torch.Size([32, 32, 3])	cuda:0	True
2026-05-26 20:03:52,336 - INFO - module.st_conv1.sconv.b	torch.Size([1, 32, 1, 1])	cuda:0	True
2026-05-26 20:03:52,336 - INFO - module.st_conv1.tconv2.conv.weight	torch.Size([64, 32, 3, 1])	cuda:0	True
2026-05-26 20:03:52,336 - INFO - module.st_conv1.tconv2.conv.bias	torch.Size([64])	cuda:0	True
2026-05-26 20:03:52,336 - INFO - module.st_conv1.ln.weight	torch.Size([307, 64])	cuda:0	True
2026-05-26 20:03:52,336 - INFO - module.st_conv1.ln.bias	torch.Size([307, 64])	cuda:0	True
2026-05-26 20:03:52,336 - INFO - module.st_conv2.tconv1.align.conv1x1.weight	torch.Size([32, 64, 1, 1])	cuda:0	True
2026-05-26 20:03:52,336 - INFO - module.st_conv2.tconv1.align.conv1x1.bias	torch.Size([32])	cuda:0	True
2026-05-26 20:03:52,336 - INFO - module.st_conv2.tconv1.conv.weight	torch.Size([64, 64, 3, 1])	cuda:0	True
2026-05-26 20:03:52,336 - INFO - module.st_conv2.tconv1.conv.bias	torch.Size([64])	cuda:0	True
2026-05-26 20:03:52,336 - INFO - module.st_conv2.sconv.theta	torch.Size([32, 32, 3])	cuda:0	True
2026-05-26 20:03:52,336 - INFO - module.st_conv2.sconv.b	torch.Size([1, 32, 1, 1])	cuda:0	True
2026-05-26 20:03:52,336 - INFO - module.st_conv2.tconv2.conv.weight	torch.Size([128, 32, 3, 1])	cuda:0	True
2026-05-26 20:03:52,336 - INFO - module.st_conv2.tconv2.conv.bias	torch.Size([128])	cuda:0	True
2026-05-26 20:03:52,336 - INFO - module.st_conv2.ln.weight	torch.Size([307, 128])	cuda:0	True
2026-05-26 20:03:52,336 - INFO - module.st_conv2.ln.bias	torch.Size([307, 128])	cuda:0	True
2026-05-26 20:03:52,336 - INFO - module.output.tconv1.conv.weight	torch.Size([256, 128, 4, 1])	cuda:0	True
2026-05-26 20:03:52,336 - INFO - module.output.tconv1.conv.bias	torch.Size([256])	cuda:0	True
2026-05-26 20:03:52,336 - INFO - module.output.ln.weight	torch.Size([307, 128])	cuda:0	True
2026-05-26 20:03:52,336 - INFO - module.output.ln.bias	torch.Size([307, 128])	cuda:0	True
2026-05-26 20:03:52,336 - INFO - module.output.tconv2.conv.weight	torch.Size([128, 128, 1, 1])	cuda:0	True
2026-05-26 20:03:52,336 - INFO - module.output.tconv2.conv.bias	torch.Size([128])	cuda:0	True
2026-05-26 20:03:52,336 - INFO - module.output.fc.conv.weight	torch.Size([3, 128, 1, 1])	cuda:0	True
2026-05-26 20:03:52,336 - INFO - module.output.fc.conv.bias	torch.Size([3])	cuda:0	True
2026-05-26 20:03:52,337 - INFO - Total parameter numbers: 384611
2026-05-26 20:03:52,337 - INFO - Enable AMP training (dtype=float16).
2026-05-26 20:03:52,337 - INFO - You select `rmsprop` optimizer.
2026-05-26 20:03:52,337 - INFO - You select `steplr` lr_scheduler.
2026-05-26 20:03:52,337 - WARNING - Received none train loss func and will use the loss func defined in the model.
2026-05-26 20:03:52,337 - INFO - Start training ...
2026-05-26 20:03:52,337 - INFO - num_batches:80
2026-05-26 20:03:54,039 - INFO - epoch complete!
2026-05-26 20:03:54,039 - INFO - evaluating now!
2026-05-26 20:03:54,352 - INFO - epoch complete!
2026-05-26 20:03:54,352 - INFO - evaluating now!
2026-05-26 20:03:55,107 - INFO - Epoch [0/10] train_loss: 6178.8403, val_loss: 1140.3043, lr: 0.002000, 2.77s
2026-05-26 20:03:55,107 - INFO - Epoch [0/10] train_loss: 6151.5828, val_loss: 1140.3043, lr: 0.002000, 2.77s
2026-05-26 20:03:55,107 - INFO - Val loss decrease from inf to 1140.3043, saving to 
2026-05-26 20:03:55,119 - INFO - Saved model at 0
2026-05-26 20:03:55,119 - INFO - Val loss decrease from inf to 1140.3043, saving to /home/lizhuoxuan/lzq/Bigscity-LibCity-master/outputs/20260526_200342__traffic_state_pred__STGCN__PEMSD4/model_cache/STGCN_PEMSD4_epoch0.tar
2026-05-26 20:03:56,024 - INFO - epoch complete!
2026-05-26 20:03:56,024 - INFO - evaluating now!
2026-05-26 20:03:56,050 - INFO - epoch complete!
2026-05-26 20:03:56,076 - INFO - evaluating now!
2026-05-26 20:03:56,833 - INFO - Epoch [1/10] train_loss: 605.1460, val_loss: 1299.6116, lr: 0.002000, 1.71s
2026-05-26 20:03:56,833 - INFO - Epoch [1/10] train_loss: 609.0098, val_loss: 1299.6116, lr: 0.002000, 1.73s
2026-05-26 20:03:57,750 - INFO - epoch complete!
2026-05-26 20:03:57,750 - INFO - evaluating now!
2026-05-26 20:03:57,754 - INFO - epoch complete!
2026-05-26 20:03:57,754 - INFO - evaluating now!
2026-05-26 20:03:58,506 - INFO - Epoch [2/10] train_loss: 515.7551, val_loss: 1205.5189, lr: 0.002000, 1.67s
2026-05-26 20:03:58,506 - INFO - Epoch [2/10] train_loss: 529.8709, val_loss: 1205.5189, lr: 0.002000, 1.67s
2026-05-26 20:03:59,423 - INFO - epoch complete!
2026-05-26 20:03:59,423 - INFO - evaluating now!
2026-05-26 20:03:59,435 - INFO - epoch complete!
2026-05-26 20:03:59,435 - INFO - evaluating now!
2026-05-26 20:04:00,194 - INFO - Epoch [3/10] train_loss: 484.5492, val_loss: 1708.2363, lr: 0.002000, 1.69s
2026-05-26 20:04:00,194 - INFO - Epoch [3/10] train_loss: 497.0321, val_loss: 1708.2363, lr: 0.002000, 1.69s
2026-05-26 20:04:01,112 - INFO - epoch complete!
2026-05-26 20:04:01,113 - INFO - evaluating now!
2026-05-26 20:04:01,128 - INFO - epoch complete!
2026-05-26 20:04:01,128 - INFO - evaluating now!
2026-05-26 20:04:01,879 - INFO - Epoch [4/10] train_loss: 457.1544, val_loss: 2038.1668, lr: 0.001400, 1.69s
2026-05-26 20:04:01,879 - INFO - Epoch [4/10] train_loss: 463.7670, val_loss: 2038.1668, lr: 0.001400, 1.69s
2026-05-26 20:04:02,787 - INFO - epoch complete!
2026-05-26 20:04:02,787 - INFO - evaluating now!
2026-05-26 20:04:02,817 - INFO - epoch complete!
2026-05-26 20:04:02,817 - INFO - evaluating now!
2026-05-26 20:04:03,567 - INFO - Epoch [5/10] train_loss: 349.2565, val_loss: 2598.3815, lr: 0.001400, 1.69s
2026-05-26 20:04:03,567 - INFO - Epoch [5/10] train_loss: 344.0045, val_loss: 2598.3815, lr: 0.001400, 1.69s
2026-05-26 20:04:04,480 - INFO - epoch complete!
2026-05-26 20:04:04,480 - INFO - evaluating now!
2026-05-26 20:04:04,507 - INFO - epoch complete!
2026-05-26 20:04:04,507 - INFO - evaluating now!
2026-05-26 20:04:05,258 - INFO - Epoch [6/10] train_loss: 383.5801, val_loss: 1421.6822, lr: 0.001400, 1.69s
2026-05-26 20:04:05,258 - INFO - Epoch [6/10] train_loss: 384.9345, val_loss: 1421.6822, lr: 0.001400, 1.69s
2026-05-26 20:04:06,169 - INFO - epoch complete!
2026-05-26 20:04:06,169 - INFO - evaluating now!
2026-05-26 20:04:06,197 - INFO - epoch complete!
2026-05-26 20:04:06,208 - INFO - evaluating now!
2026-05-26 20:04:06,959 - INFO - Epoch [7/10] train_loss: 368.5243, val_loss: 1209.4075, lr: 0.001400, 1.70s
2026-05-26 20:04:06,959 - INFO - Epoch [7/10] train_loss: 374.0927, val_loss: 1209.4075, lr: 0.001400, 1.70s
2026-05-26 20:04:07,875 - INFO - epoch complete!
2026-05-26 20:04:07,875 - INFO - evaluating now!
2026-05-26 20:04:07,898 - INFO - epoch complete!
2026-05-26 20:04:07,898 - INFO - evaluating now!
2026-05-26 20:04:08,651 - INFO - Epoch [8/10] train_loss: 379.5060, val_loss: 1450.2791, lr: 0.001400, 1.69s
2026-05-26 20:04:08,651 - INFO - Epoch [8/10] train_loss: 371.4331, val_loss: 1450.2791, lr: 0.001400, 1.69s
2026-05-26 20:04:09,567 - INFO - epoch complete!
2026-05-26 20:04:09,567 - INFO - evaluating now!
2026-05-26 20:04:09,597 - INFO - epoch complete!
2026-05-26 20:04:09,597 - INFO - evaluating now!
2026-05-26 20:04:10,351 - INFO - Epoch [9/10] train_loss: 350.2408, val_loss: 1383.9811, lr: 0.000980, 1.70s
2026-05-26 20:04:10,351 - INFO - Trained totally 10 epochs, average train time is 1.025s, average eval time is 0.776s
2026-05-26 20:04:10,351 - INFO - Epoch [9/10] train_loss: 362.4743, val_loss: 1383.9811, lr: 0.000980, 1.70s
2026-05-26 20:04:10,351 - INFO - Trained totally 10 epochs, average train time is 1.012s, average eval time is 0.784s
2026-05-26 20:04:10,366 - INFO - Loaded model at 0
2026-05-26 20:04:10,366 - INFO - Saved model at /home/lizhuoxuan/lzq/Bigscity-LibCity-master/outputs/20260526_200342__traffic_state_pred__STGCN__PEMSD4/model_cache/STGCN_PEMSD4.m
2026-05-26 20:04:10,367 - INFO - Loaded model at 0
2026-05-26 20:04:10,367 - INFO - Start evaluating ...
2026-05-26 20:04:10,377 - INFO - Start evaluating ...
2026-05-26 20:04:54,762 - INFO - Note that you select the single mode to evaluate!
2026-05-26 20:04:54,766 - INFO - Evaluate result is saved at /home/lizhuoxuan/lzq/Bigscity-LibCity-master/outputs/20260526_200342__traffic_state_pred__STGCN__PEMSD4/evaluate_cache/2026_05_26_20_04_54_STGCN_PEMSD4.csv
2026-05-26 20:04:54,776 - INFO - 
          MAE       MAPE          MSE  ...  masked_RMSE        R2      EVAR
1   11.551791  31.592537   571.377625  ...    23.817503  0.965691  0.966220
2   11.828136  31.547462   601.279968  ...    24.435766  0.963896  0.964513
3   12.384973  31.502872   661.713928  ...    25.640518  0.960268  0.961078
4   13.244938  31.507257   759.298584  ...    27.474550  0.954409  0.955569
5   14.259277  31.492666   882.753967  ...    29.631727  0.946998  0.948615
6   15.295088  31.516317  1019.456665  ...    31.849453  0.938790  0.940910
7   16.273678  31.576015  1158.598877  ...    33.957352  0.930436  0.933049
8   17.187445  31.698809  1297.314453  ...    35.935062  0.922108  0.925201
9   18.074965  31.861279  1440.315552  ...    37.865978  0.913522  0.917099
10  18.959076  32.079575  1590.690430  ...    39.795364  0.904494  0.908564
11  19.845558  32.319977  1749.545898  ...    41.736515  0.894957  0.899526
12  20.727776  32.567478  1915.612061  ...    43.672890  0.884987  0.890056

[12 rows x 10 columns]
