2026-05-26 16:40:40,556 - INFO - Log directory: /home/lizhuoxuan/lzq/Bigscity-LibCity-master/outputs/20260526_164040__traffic_state_pred__final_new__PEMSD4/logs
2026-05-26 16:40:40,587 - INFO - Log directory: /home/lizhuoxuan/lzq/Bigscity-LibCity-master/outputs/20260526_164040__traffic_state_pred__final_new__PEMSD4/logs
2026-05-26 16:40:40,587 - INFO - Begin artifact training pipeline, task=traffic_state_pred, model_name=final_new, dataset_name=PEMSD4, exp_id=20260526_164040__traffic_state_pred__final_new__PEMSD4
2026-05-26 16:40:40,587 - INFO - {'task': 'traffic_state_pred', 'model': 'final_new', 'dataset': 'PEMSD4', 'saved_model': True, 'train': True, 'seed': 42, 'train_rate': 0.6, 'eval_rate': 0.2, 'batch_size': 64, 'learning_rate': 0.002, 'max_epoch': 10, 'dataset_class': 'TrafficStatePointDataset', 'executor': 'FinalNewExecutor', 'evaluator': 'TrafficStateEvaluator', 'band_center_init': 1.1, 'band_width_init': 0.7, 'calculate_weight_adj': False, 'cell_blend_init': 0, 'conservation_loss_weight': 0.1, 'conservation_steps_per_epoch': 80, 'conservation_warmup_epochs': 5, 'data_col': ['traffic_flow', 'traffic_occupancy', 'traffic_speed'], 'data_files': ['PEMSD4'], 'decoder_layers': 2, 'device': device(type='cuda', index=0), 'disturb_rate': 0.5, 'dropout': 0.1, 'dyna': {'including_types': ['state'], 'state': {'entity_id': 'geo_id', 'traffic_flow': 'num', 'traffic_occupancy': 'num', 'traffic_speed': 'num'}}, 'encoder_layers': 2, 'eval_batch_size': 64, 'evaluator_mode': 'single', 'ffn_hidden_dim': 128, 'fir_mode': 'lukasiewicz', 'fuzzy_num_sets': 4, 'geo': {'including_types': ['Point'], 'Point': {}}, 'geo_file': 'PEMSD4', 'graph_k_hop': 2, 'hidden_dim': 96, 'init_weight_inf_or_zero': 'zero', 'is_distributed': True, 'metrics': ['MAE', 'MAPE', 'MSE', 'RMSE', 'masked_MAE', 'masked_MAPE', 'masked_MSE', 'masked_RMSE', 'R2', 'EVAR'], 'noise_SD': [10], 'noise_mean': [5], 'noise_type': 'gaussian', 'num_cells': 16, 'num_heads': 2, 'num_workers': 0, 'output_dim': 3, 'pad_with_last_sample': True, 'physics_channel_idx': 0, 'rank': 0, 'region_transformer_layers': 1, 'rel': {'including_types': ['geo'], 'geo': {'cost': 'num'}}, 'rel_file': 'PEMSD4', 'robustness_test': False, 'save_mode': ['csv'], 'set_weight_link_or_dist': 'link', 'time_intervals': 300, 'use_amp': True, 'use_gradient_checkpointing': False, 'use_temporal_position_embedding': True, 'weight_adj_epsilon': 0.1, 'weight_col': 'cost', 'world_size': 2, 'clip_grad_norm': True, 'epoch': 0, 'gpu': True, 'gpu_id': 0, 'learner': 'adamw', 'load_best_epoch': True, 'log_every': 1, 'lr_decay': True, 'lr_decay_ratio': 0.5, 'lr_patience': 5, 'lr_scheduler': 'cosineannealinglr', 'lr_threshold': 0.001, 'max_grad_norm': 3, 'patience': 10, 'train_loss': 'none', 'use_early_stop': True, 'weight_decay': 0.0001, 'data_version_id': 'dv_1779784506_e193f563', 'input_window': 12, 'output_window': 12, 'scaler': 'standard', 'load_external': False, 'normal_external': False, 'add_time_in_day': True, 'add_day_in_week': True, 'cache_dataset': True, 'ext_scaler': 'none', 'local_rank': 0, 'dist_backend': 'nccl', 'exp_id': '20260526_164040__traffic_state_pred__final_new__PEMSD4'}
2026-05-26 16:40:50,496 - INFO - DistributedDataParallel(
  (module): NewFuzzyCellAttention(
    (fuzzy_graph): FuzzyRelationalGraphLearner(
      (raw_projection): Linear(in_features=3, out_features=96, bias=True)
      (feature_to_membership): Sequential(
        (0): Linear(in_features=96, out_features=48, bias=True)
        (1): GELU(approximate='none')
        (2): Linear(in_features=48, out_features=4, bias=True)
      )
    )
    (condition_encoder): STEncoder(
      (input_projection): Linear(in_features=3, out_features=96, bias=True)
      (blocks): ModuleList(
        (0-1): 2 x STEncoderBlock(
          (temporal_attention): MultiHeadAttention(
            (query_projection): Linear(in_features=96, out_features=96, bias=True)
            (key_projection): Linear(in_features=96, out_features=96, bias=True)
            (value_projection): Linear(in_features=96, out_features=96, bias=True)
            (output_projection): Linear(in_features=96, out_features=96, bias=True)
            (dropout): Dropout(p=0.1, inplace=False)
          )
          (graph_convolution): FuzzyGraphConvolution(
            (projections): ModuleList(
              (0-2): 3 x Linear(in_features=96, out_features=96, bias=True)
            )
          )
          (feed_forward): FeedForwardNetwork(
            (network): Sequential(
              (0): Linear(in_features=96, out_features=128, bias=True)
              (1): GELU(approximate='none')
              (2): Dropout(p=0.1, inplace=False)
              (3): Linear(in_features=128, out_features=96, bias=True)
              (4): Dropout(p=0.1, inplace=False)
            )
          )
          (norm_temporal): LayerNorm((96,), eps=1e-05, elementwise_affine=True)
          (norm_graph): LayerNorm((96,), eps=1e-05, elementwise_affine=True)
          (norm_ffn): LayerNorm((96,), eps=1e-05, elementwise_affine=True)
          (dropout): Dropout(p=0.1, inplace=False)
          (cell_attention): FuzzyCellAttention(
            (cell_transform): Linear(in_features=96, out_features=96, bias=True)
            (output_projection): Linear(in_features=96, out_features=96, bias=True)
            (region_transformer): RegionTransformer(
              (self_attn): MultiHeadAttention(
                (query_projection): Linear(in_features=96, out_features=96, bias=True)
                (key_projection): Linear(in_features=96, out_features=96, bias=True)
                (value_projection): Linear(in_features=96, out_features=96, bias=True)
                (output_projection): Linear(in_features=96, out_features=96, bias=True)
                (dropout): Dropout(p=0.1, inplace=False)
              )
              (ffn): FeedForwardNetwork(
                (network): Sequential(
                  (0): Linear(in_features=96, out_features=192, bias=True)
                  (1): GELU(approximate='none')
                  (2): Dropout(p=0.1, inplace=False)
                  (3): Linear(in_features=192, out_features=96, bias=True)
                  (4): Dropout(p=0.1, inplace=False)
                )
              )
              (norm1): LayerNorm((96,), eps=1e-05, elementwise_affine=True)
              (norm2): LayerNorm((96,), eps=1e-05, elementwise_affine=True)
              (dropout): Dropout(p=0.1, inplace=False)
            )
            (fuzzy_to_cell): Linear(in_features=4, out_features=16, bias=True)
          )
          (norm_cell): LayerNorm((96,), eps=1e-05, elementwise_affine=True)
        )
      )
      (final_norm): LayerNorm((96,), eps=1e-05, elementwise_affine=True)
    )
    (future_decoder): FutureDecoder(
      (blocks): ModuleList(
        (0-1): 2 x DecoderBlock(
          (temporal_attention): MultiHeadAttention(
            (query_projection): Linear(in_features=96, out_features=96, bias=True)
            (key_projection): Linear(in_features=96, out_features=96, bias=True)
            (value_projection): Linear(in_features=96, out_features=96, bias=True)
            (output_projection): Linear(in_features=96, out_features=96, bias=True)
            (dropout): Dropout(p=0.1, inplace=False)
          )
          (graph_convolution): FuzzyGraphConvolution(
            (projections): ModuleList(
              (0-2): 3 x Linear(in_features=96, out_features=96, bias=True)
            )
          )
          (cross_attention): MultiHeadAttention(
            (query_projection): Linear(in_features=96, out_features=96, bias=True)
            (key_projection): Linear(in_features=96, out_features=96, bias=True)
            (value_projection): Linear(in_features=96, out_features=96, bias=True)
            (output_projection): Linear(in_features=96, out_features=96, bias=True)
            (dropout): Dropout(p=0.1, inplace=False)
          )
          (feed_forward): FeedForwardNetwork(
            (network): Sequential(
              (0): Linear(in_features=96, out_features=128, bias=True)
              (1): GELU(approximate='none')
              (2): Dropout(p=0.1, inplace=False)
              (3): Linear(in_features=128, out_features=96, bias=True)
              (4): Dropout(p=0.1, inplace=False)
            )
          )
          (norm_temporal): LayerNorm((96,), eps=1e-05, elementwise_affine=True)
          (norm_graph): LayerNorm((96,), eps=1e-05, elementwise_affine=True)
          (norm_cross): LayerNorm((96,), eps=1e-05, elementwise_affine=True)
          (norm_ffn): LayerNorm((96,), eps=1e-05, elementwise_affine=True)
          (dropout): Dropout(p=0.1, inplace=False)
          (cell_attention): FuzzyCellAttention(
            (cell_transform): Linear(in_features=96, out_features=96, bias=True)
            (output_projection): Linear(in_features=96, out_features=96, bias=True)
            (region_transformer): RegionTransformer(
              (self_attn): MultiHeadAttention(
                (query_projection): Linear(in_features=96, out_features=96, bias=True)
                (key_projection): Linear(in_features=96, out_features=96, bias=True)
                (value_projection): Linear(in_features=96, out_features=96, bias=True)
                (output_projection): Linear(in_features=96, out_features=96, bias=True)
                (dropout): Dropout(p=0.1, inplace=False)
              )
              (ffn): FeedForwardNetwork(
                (network): Sequential(
                  (0): Linear(in_features=96, out_features=192, bias=True)
                  (1): GELU(approximate='none')
                  (2): Dropout(p=0.1, inplace=False)
                  (3): Linear(in_features=192, out_features=96, bias=True)
                  (4): Dropout(p=0.1, inplace=False)
                )
              )
              (norm1): LayerNorm((96,), eps=1e-05, elementwise_affine=True)
              (norm2): LayerNorm((96,), eps=1e-05, elementwise_affine=True)
              (dropout): Dropout(p=0.1, inplace=False)
            )
            (fuzzy_to_cell): Linear(in_features=4, out_features=16, bias=True)
          )
          (norm_cell): LayerNorm((96,), eps=1e-05, elementwise_affine=True)
        )
      )
      (final_norm): LayerNorm((96,), eps=1e-05, elementwise_affine=True)
      (output_projection): Linear(in_features=96, out_features=3, bias=True)
    )
  )
)
2026-05-26 16:40:50,497 - INFO - module.fuzzy_graph.base_memberships	torch.Size([307, 4])	cuda:0	True
2026-05-26 16:40:50,497 - INFO - module.fuzzy_graph.blend_logit	torch.Size([])	cuda:0	True
2026-05-26 16:40:50,497 - INFO - module.fuzzy_graph.raw_projection.weight	torch.Size([96, 3])	cuda:0	True
2026-05-26 16:40:50,497 - INFO - module.fuzzy_graph.raw_projection.bias	torch.Size([96])	cuda:0	True
2026-05-26 16:40:50,497 - INFO - module.fuzzy_graph.feature_to_membership.0.weight	torch.Size([48, 96])	cuda:0	True
2026-05-26 16:40:50,497 - INFO - module.fuzzy_graph.feature_to_membership.0.bias	torch.Size([48])	cuda:0	True
2026-05-26 16:40:50,497 - INFO - module.fuzzy_graph.feature_to_membership.2.weight	torch.Size([4, 48])	cuda:0	True
2026-05-26 16:40:50,497 - INFO - module.fuzzy_graph.feature_to_membership.2.bias	torch.Size([4])	cuda:0	True
2026-05-26 16:40:50,497 - INFO - module.condition_encoder.temporal_position_embedding	torch.Size([1, 12, 1, 96])	cuda:0	True
2026-05-26 16:40:50,498 - INFO - module.condition_encoder.input_projection.weight	torch.Size([96, 3])	cuda:0	True
2026-05-26 16:40:50,498 - INFO - module.condition_encoder.input_projection.bias	torch.Size([96])	cuda:0	True
2026-05-26 16:40:50,498 - INFO - module.condition_encoder.blocks.0.temporal_attention.query_projection.weight	torch.Size([96, 96])	cuda:0	True
2026-05-26 16:40:50,498 - INFO - module.condition_encoder.blocks.0.temporal_attention.query_projection.bias	torch.Size([96])	cuda:0	True
2026-05-26 16:40:50,498 - INFO - module.condition_encoder.blocks.0.temporal_attention.key_projection.weight	torch.Size([96, 96])	cuda:0	True
2026-05-26 16:40:50,498 - INFO - module.condition_encoder.blocks.0.temporal_attention.key_projection.bias	torch.Size([96])	cuda:0	True
2026-05-26 16:40:50,498 - INFO - module.condition_encoder.blocks.0.temporal_attention.value_projection.weight	torch.Size([96, 96])	cuda:0	True
2026-05-26 16:40:50,498 - INFO - module.condition_encoder.blocks.0.temporal_attention.value_projection.bias	torch.Size([96])	cuda:0	True
2026-05-26 16:40:50,498 - INFO - module.condition_encoder.blocks.0.temporal_attention.output_projection.weight	torch.Size([96, 96])	cuda:0	True
2026-05-26 16:40:50,498 - INFO - module.condition_encoder.blocks.0.temporal_attention.output_projection.bias	torch.Size([96])	cuda:0	True
2026-05-26 16:40:50,498 - INFO - module.condition_encoder.blocks.0.graph_convolution.projections.0.weight	torch.Size([96, 96])	cuda:0	True
2026-05-26 16:40:50,498 - INFO - module.condition_encoder.blocks.0.graph_convolution.projections.0.bias	torch.Size([96])	cuda:0	True
2026-05-26 16:40:50,498 - INFO - module.condition_encoder.blocks.0.graph_convolution.projections.1.weight	torch.Size([96, 96])	cuda:0	True
2026-05-26 16:40:50,498 - INFO - module.condition_encoder.blocks.0.graph_convolution.projections.1.bias	torch.Size([96])	cuda:0	True
2026-05-26 16:40:50,498 - INFO - module.condition_encoder.blocks.0.graph_convolution.projections.2.weight	torch.Size([96, 96])	cuda:0	True
2026-05-26 16:40:50,498 - INFO - module.condition_encoder.blocks.0.graph_convolution.projections.2.bias	torch.Size([96])	cuda:0	True
2026-05-26 16:40:50,498 - INFO - module.condition_encoder.blocks.0.feed_forward.network.0.weight	torch.Size([128, 96])	cuda:0	True
2026-05-26 16:40:50,498 - INFO - module.condition_encoder.blocks.0.feed_forward.network.0.bias	torch.Size([128])	cuda:0	True
2026-05-26 16:40:50,498 - INFO - module.condition_encoder.blocks.0.feed_forward.network.3.weight	torch.Size([96, 128])	cuda:0	True
2026-05-26 16:40:50,498 - INFO - module.condition_encoder.blocks.0.feed_forward.network.3.bias	torch.Size([96])	cuda:0	True
2026-05-26 16:40:50,498 - INFO - module.condition_encoder.blocks.0.norm_temporal.weight	torch.Size([96])	cuda:0	True
2026-05-26 16:40:50,498 - INFO - module.condition_encoder.blocks.0.norm_temporal.bias	torch.Size([96])	cuda:0	True
2026-05-26 16:40:50,498 - INFO - module.condition_encoder.blocks.0.norm_graph.weight	torch.Size([96])	cuda:0	True
2026-05-26 16:40:50,498 - INFO - module.condition_encoder.blocks.0.norm_graph.bias	torch.Size([96])	cuda:0	True
2026-05-26 16:40:50,498 - INFO - module.condition_encoder.blocks.0.norm_ffn.weight	torch.Size([96])	cuda:0	True
2026-05-26 16:40:50,498 - INFO - module.condition_encoder.blocks.0.norm_ffn.bias	torch.Size([96])	cuda:0	True
2026-05-26 16:40:50,498 - INFO - module.condition_encoder.blocks.0.cell_attention.centers	torch.Size([16, 96])	cuda:0	True
2026-05-26 16:40:50,498 - INFO - module.condition_encoder.blocks.0.cell_attention.log_sigma_sq	torch.Size([1])	cuda:0	True
2026-05-26 16:40:50,498 - INFO - module.condition_encoder.blocks.0.cell_attention.cell_blend	torch.Size([])	cuda:0	True
2026-05-26 16:40:50,498 - INFO - module.condition_encoder.blocks.0.cell_attention.band_center	torch.Size([])	cuda:0	True
2026-05-26 16:40:50,498 - INFO - module.condition_encoder.blocks.0.cell_attention.band_width_raw	torch.Size([])	cuda:0	True
2026-05-26 16:40:50,498 - INFO - module.condition_encoder.blocks.0.cell_attention.cell_transform.weight	torch.Size([96, 96])	cuda:0	True
2026-05-26 16:40:50,498 - INFO - module.condition_encoder.blocks.0.cell_attention.cell_transform.bias	torch.Size([96])	cuda:0	True
2026-05-26 16:40:50,498 - INFO - module.condition_encoder.blocks.0.cell_attention.output_projection.weight	torch.Size([96, 96])	cuda:0	True
2026-05-26 16:40:50,498 - INFO - module.condition_encoder.blocks.0.cell_attention.output_projection.bias	torch.Size([96])	cuda:0	True
2026-05-26 16:40:50,498 - INFO - module.condition_encoder.blocks.0.cell_attention.region_transformer.self_attn.query_projection.weight	torch.Size([96, 96])	cuda:0	True
2026-05-26 16:40:50,498 - INFO - module.condition_encoder.blocks.0.cell_attention.region_transformer.self_attn.query_projection.bias	torch.Size([96])	cuda:0	True
2026-05-26 16:40:50,498 - INFO - module.condition_encoder.blocks.0.cell_attention.region_transformer.self_attn.key_projection.weight	torch.Size([96, 96])	cuda:0	True
2026-05-26 16:40:50,498 - INFO - module.condition_encoder.blocks.0.cell_attention.region_transformer.self_attn.key_projection.bias	torch.Size([96])	cuda:0	True
2026-05-26 16:40:50,498 - INFO - module.condition_encoder.blocks.0.cell_attention.region_transformer.self_attn.value_projection.weight	torch.Size([96, 96])	cuda:0	True
2026-05-26 16:40:50,498 - INFO - module.condition_encoder.blocks.0.cell_attention.region_transformer.self_attn.value_projection.bias	torch.Size([96])	cuda:0	True
2026-05-26 16:40:50,499 - INFO - module.condition_encoder.blocks.0.cell_attention.region_transformer.self_attn.output_projection.weight	torch.Size([96, 96])	cuda:0	True
2026-05-26 16:40:50,499 - INFO - module.condition_encoder.blocks.0.cell_attention.region_transformer.self_attn.output_projection.bias	torch.Size([96])	cuda:0	True
2026-05-26 16:40:50,499 - INFO - module.condition_encoder.blocks.0.cell_attention.region_transformer.ffn.network.0.weight	torch.Size([192, 96])	cuda:0	True
2026-05-26 16:40:50,499 - INFO - module.condition_encoder.blocks.0.cell_attention.region_transformer.ffn.network.0.bias	torch.Size([192])	cuda:0	True
2026-05-26 16:40:50,499 - INFO - module.condition_encoder.blocks.0.cell_attention.region_transformer.ffn.network.3.weight	torch.Size([96, 192])	cuda:0	True
2026-05-26 16:40:50,499 - INFO - module.condition_encoder.blocks.0.cell_attention.region_transformer.ffn.network.3.bias	torch.Size([96])	cuda:0	True
2026-05-26 16:40:50,499 - INFO - module.condition_encoder.blocks.0.cell_attention.region_transformer.norm1.weight	torch.Size([96])	cuda:0	True
2026-05-26 16:40:50,499 - INFO - module.condition_encoder.blocks.0.cell_attention.region_transformer.norm1.bias	torch.Size([96])	cuda:0	True
2026-05-26 16:40:50,499 - INFO - module.condition_encoder.blocks.0.cell_attention.region_transformer.norm2.weight	torch.Size([96])	cuda:0	True
2026-05-26 16:40:50,499 - INFO - module.condition_encoder.blocks.0.cell_attention.region_transformer.norm2.bias	torch.Size([96])	cuda:0	True
2026-05-26 16:40:50,499 - INFO - module.condition_encoder.blocks.0.cell_attention.fuzzy_to_cell.weight	torch.Size([16, 4])	cuda:0	True
2026-05-26 16:40:50,499 - INFO - module.condition_encoder.blocks.0.cell_attention.fuzzy_to_cell.bias	torch.Size([16])	cuda:0	True
2026-05-26 16:40:50,499 - INFO - module.condition_encoder.blocks.0.norm_cell.weight	torch.Size([96])	cuda:0	True
2026-05-26 16:40:50,499 - INFO - module.condition_encoder.blocks.0.norm_cell.bias	torch.Size([96])	cuda:0	True
2026-05-26 16:40:50,499 - INFO - module.condition_encoder.blocks.1.temporal_attention.query_projection.weight	torch.Size([96, 96])	cuda:0	True
2026-05-26 16:40:50,499 - INFO - module.condition_encoder.blocks.1.temporal_attention.query_projection.bias	torch.Size([96])	cuda:0	True
2026-05-26 16:40:50,499 - INFO - module.condition_encoder.blocks.1.temporal_attention.key_projection.weight	torch.Size([96, 96])	cuda:0	True
2026-05-26 16:40:50,499 - INFO - module.condition_encoder.blocks.1.temporal_attention.key_projection.bias	torch.Size([96])	cuda:0	True
2026-05-26 16:40:50,499 - INFO - module.condition_encoder.blocks.1.temporal_attention.value_projection.weight	torch.Size([96, 96])	cuda:0	True
2026-05-26 16:40:50,499 - INFO - module.condition_encoder.blocks.1.temporal_attention.value_projection.bias	torch.Size([96])	cuda:0	True
2026-05-26 16:40:50,499 - INFO - module.condition_encoder.blocks.1.temporal_attention.output_projection.weight	torch.Size([96, 96])	cuda:0	True
2026-05-26 16:40:50,499 - INFO - module.condition_encoder.blocks.1.temporal_attention.output_projection.bias	torch.Size([96])	cuda:0	True
2026-05-26 16:40:50,499 - INFO - module.condition_encoder.blocks.1.graph_convolution.projections.0.weight	torch.Size([96, 96])	cuda:0	True
2026-05-26 16:40:50,499 - INFO - module.condition_encoder.blocks.1.graph_convolution.projections.0.bias	torch.Size([96])	cuda:0	True
2026-05-26 16:40:50,499 - INFO - module.condition_encoder.blocks.1.graph_convolution.projections.1.weight	torch.Size([96, 96])	cuda:0	True
2026-05-26 16:40:50,499 - INFO - module.condition_encoder.blocks.1.graph_convolution.projections.1.bias	torch.Size([96])	cuda:0	True
2026-05-26 16:40:50,499 - INFO - module.condition_encoder.blocks.1.graph_convolution.projections.2.weight	torch.Size([96, 96])	cuda:0	True
2026-05-26 16:40:50,499 - INFO - module.condition_encoder.blocks.1.graph_convolution.projections.2.bias	torch.Size([96])	cuda:0	True
2026-05-26 16:40:50,499 - INFO - module.condition_encoder.blocks.1.feed_forward.network.0.weight	torch.Size([128, 96])	cuda:0	True
2026-05-26 16:40:50,499 - INFO - module.condition_encoder.blocks.1.feed_forward.network.0.bias	torch.Size([128])	cuda:0	True
2026-05-26 16:40:50,499 - INFO - module.condition_encoder.blocks.1.feed_forward.network.3.weight	torch.Size([96, 128])	cuda:0	True
2026-05-26 16:40:50,499 - INFO - module.condition_encoder.blocks.1.feed_forward.network.3.bias	torch.Size([96])	cuda:0	True
2026-05-26 16:40:50,499 - INFO - module.condition_encoder.blocks.1.norm_temporal.weight	torch.Size([96])	cuda:0	True
2026-05-26 16:40:50,499 - INFO - module.condition_encoder.blocks.1.norm_temporal.bias	torch.Size([96])	cuda:0	True
2026-05-26 16:40:50,499 - INFO - module.condition_encoder.blocks.1.norm_graph.weight	torch.Size([96])	cuda:0	True
2026-05-26 16:40:50,499 - INFO - module.condition_encoder.blocks.1.norm_graph.bias	torch.Size([96])	cuda:0	True
2026-05-26 16:40:50,499 - INFO - module.condition_encoder.blocks.1.norm_ffn.weight	torch.Size([96])	cuda:0	True
2026-05-26 16:40:50,499 - INFO - module.condition_encoder.blocks.1.norm_ffn.bias	torch.Size([96])	cuda:0	True
2026-05-26 16:40:50,499 - INFO - module.condition_encoder.blocks.1.cell_attention.centers	torch.Size([16, 96])	cuda:0	True
2026-05-26 16:40:50,499 - INFO - module.condition_encoder.blocks.1.cell_attention.log_sigma_sq	torch.Size([1])	cuda:0	True
2026-05-26 16:40:50,499 - INFO - module.condition_encoder.blocks.1.cell_attention.cell_blend	torch.Size([])	cuda:0	True
2026-05-26 16:40:50,499 - INFO - module.condition_encoder.blocks.1.cell_attention.band_center	torch.Size([])	cuda:0	True
2026-05-26 16:40:50,500 - INFO - module.condition_encoder.blocks.1.cell_attention.band_width_raw	torch.Size([])	cuda:0	True
2026-05-26 16:40:50,500 - INFO - module.condition_encoder.blocks.1.cell_attention.cell_transform.weight	torch.Size([96, 96])	cuda:0	True
2026-05-26 16:40:50,500 - INFO - module.condition_encoder.blocks.1.cell_attention.cell_transform.bias	torch.Size([96])	cuda:0	True
2026-05-26 16:40:50,500 - INFO - module.condition_encoder.blocks.1.cell_attention.output_projection.weight	torch.Size([96, 96])	cuda:0	True
2026-05-26 16:40:50,500 - INFO - module.condition_encoder.blocks.1.cell_attention.output_projection.bias	torch.Size([96])	cuda:0	True
2026-05-26 16:40:50,500 - INFO - module.condition_encoder.blocks.1.cell_attention.region_transformer.self_attn.query_projection.weight	torch.Size([96, 96])	cuda:0	True
2026-05-26 16:40:50,500 - INFO - module.condition_encoder.blocks.1.cell_attention.region_transformer.self_attn.query_projection.bias	torch.Size([96])	cuda:0	True
2026-05-26 16:40:50,500 - INFO - module.condition_encoder.blocks.1.cell_attention.region_transformer.self_attn.key_projection.weight	torch.Size([96, 96])	cuda:0	True
2026-05-26 16:40:50,500 - INFO - module.condition_encoder.blocks.1.cell_attention.region_transformer.self_attn.key_projection.bias	torch.Size([96])	cuda:0	True
2026-05-26 16:40:50,500 - INFO - module.condition_encoder.blocks.1.cell_attention.region_transformer.self_attn.value_projection.weight	torch.Size([96, 96])	cuda:0	True
2026-05-26 16:40:50,500 - INFO - module.condition_encoder.blocks.1.cell_attention.region_transformer.self_attn.value_projection.bias	torch.Size([96])	cuda:0	True
2026-05-26 16:40:50,500 - INFO - module.condition_encoder.blocks.1.cell_attention.region_transformer.self_attn.output_projection.weight	torch.Size([96, 96])	cuda:0	True
2026-05-26 16:40:50,500 - INFO - module.condition_encoder.blocks.1.cell_attention.region_transformer.self_attn.output_projection.bias	torch.Size([96])	cuda:0	True
2026-05-26 16:40:50,500 - INFO - module.condition_encoder.blocks.1.cell_attention.region_transformer.ffn.network.0.weight	torch.Size([192, 96])	cuda:0	True
2026-05-26 16:40:50,500 - INFO - module.condition_encoder.blocks.1.cell_attention.region_transformer.ffn.network.0.bias	torch.Size([192])	cuda:0	True
2026-05-26 16:40:50,500 - INFO - module.condition_encoder.blocks.1.cell_attention.region_transformer.ffn.network.3.weight	torch.Size([96, 192])	cuda:0	True
2026-05-26 16:40:50,500 - INFO - module.condition_encoder.blocks.1.cell_attention.region_transformer.ffn.network.3.bias	torch.Size([96])	cuda:0	True
2026-05-26 16:40:50,500 - INFO - module.condition_encoder.blocks.1.cell_attention.region_transformer.norm1.weight	torch.Size([96])	cuda:0	True
2026-05-26 16:40:50,500 - INFO - module.condition_encoder.blocks.1.cell_attention.region_transformer.norm1.bias	torch.Size([96])	cuda:0	True
2026-05-26 16:40:50,500 - INFO - module.condition_encoder.blocks.1.cell_attention.region_transformer.norm2.weight	torch.Size([96])	cuda:0	True
2026-05-26 16:40:50,500 - INFO - module.condition_encoder.blocks.1.cell_attention.region_transformer.norm2.bias	torch.Size([96])	cuda:0	True
2026-05-26 16:40:50,500 - INFO - module.condition_encoder.blocks.1.cell_attention.fuzzy_to_cell.weight	torch.Size([16, 4])	cuda:0	True
2026-05-26 16:40:50,500 - INFO - module.condition_encoder.blocks.1.cell_attention.fuzzy_to_cell.bias	torch.Size([16])	cuda:0	True
2026-05-26 16:40:50,500 - INFO - module.condition_encoder.blocks.1.norm_cell.weight	torch.Size([96])	cuda:0	True
2026-05-26 16:40:50,500 - INFO - module.condition_encoder.blocks.1.norm_cell.bias	torch.Size([96])	cuda:0	True
2026-05-26 16:40:50,500 - INFO - module.condition_encoder.final_norm.weight	torch.Size([96])	cuda:0	True
2026-05-26 16:40:50,500 - INFO - module.condition_encoder.final_norm.bias	torch.Size([96])	cuda:0	True
2026-05-26 16:40:50,500 - INFO - module.future_decoder.future_queries	torch.Size([1, 12, 307, 96])	cuda:0	True
2026-05-26 16:40:50,500 - INFO - module.future_decoder.blocks.0.temporal_attention.query_projection.weight	torch.Size([96, 96])	cuda:0	True
2026-05-26 16:40:50,500 - INFO - module.future_decoder.blocks.0.temporal_attention.query_projection.bias	torch.Size([96])	cuda:0	True
2026-05-26 16:40:50,500 - INFO - module.future_decoder.blocks.0.temporal_attention.key_projection.weight	torch.Size([96, 96])	cuda:0	True
2026-05-26 16:40:50,500 - INFO - module.future_decoder.blocks.0.temporal_attention.key_projection.bias	torch.Size([96])	cuda:0	True
2026-05-26 16:40:50,500 - INFO - module.future_decoder.blocks.0.temporal_attention.value_projection.weight	torch.Size([96, 96])	cuda:0	True
2026-05-26 16:40:50,500 - INFO - module.future_decoder.blocks.0.temporal_attention.value_projection.bias	torch.Size([96])	cuda:0	True
2026-05-26 16:40:50,500 - INFO - module.future_decoder.blocks.0.temporal_attention.output_projection.weight	torch.Size([96, 96])	cuda:0	True
2026-05-26 16:40:50,500 - INFO - module.future_decoder.blocks.0.temporal_attention.output_projection.bias	torch.Size([96])	cuda:0	True
2026-05-26 16:40:50,500 - INFO - module.future_decoder.blocks.0.graph_convolution.projections.0.weight	torch.Size([96, 96])	cuda:0	True
2026-05-26 16:40:50,500 - INFO - module.future_decoder.blocks.0.graph_convolution.projections.0.bias	torch.Size([96])	cuda:0	True
2026-05-26 16:40:50,500 - INFO - module.future_decoder.blocks.0.graph_convolution.projections.1.weight	torch.Size([96, 96])	cuda:0	True
2026-05-26 16:40:50,500 - INFO - module.future_decoder.blocks.0.graph_convolution.projections.1.bias	torch.Size([96])	cuda:0	True
2026-05-26 16:40:50,500 - INFO - module.future_decoder.blocks.0.graph_convolution.projections.2.weight	torch.Size([96, 96])	cuda:0	True
2026-05-26 16:40:50,501 - INFO - module.future_decoder.blocks.0.graph_convolution.projections.2.bias	torch.Size([96])	cuda:0	True
2026-05-26 16:40:50,501 - INFO - module.future_decoder.blocks.0.cross_attention.query_projection.weight	torch.Size([96, 96])	cuda:0	True
2026-05-26 16:40:50,501 - INFO - module.future_decoder.blocks.0.cross_attention.query_projection.bias	torch.Size([96])	cuda:0	True
2026-05-26 16:40:50,501 - INFO - module.future_decoder.blocks.0.cross_attention.key_projection.weight	torch.Size([96, 96])	cuda:0	True
2026-05-26 16:40:50,501 - INFO - module.future_decoder.blocks.0.cross_attention.key_projection.bias	torch.Size([96])	cuda:0	True
2026-05-26 16:40:50,501 - INFO - module.future_decoder.blocks.0.cross_attention.value_projection.weight	torch.Size([96, 96])	cuda:0	True
2026-05-26 16:40:50,501 - INFO - module.future_decoder.blocks.0.cross_attention.value_projection.bias	torch.Size([96])	cuda:0	True
2026-05-26 16:40:50,501 - INFO - module.future_decoder.blocks.0.cross_attention.output_projection.weight	torch.Size([96, 96])	cuda:0	True
2026-05-26 16:40:50,501 - INFO - module.future_decoder.blocks.0.cross_attention.output_projection.bias	torch.Size([96])	cuda:0	True
2026-05-26 16:40:50,501 - INFO - module.future_decoder.blocks.0.feed_forward.network.0.weight	torch.Size([128, 96])	cuda:0	True
2026-05-26 16:40:50,501 - INFO - module.future_decoder.blocks.0.feed_forward.network.0.bias	torch.Size([128])	cuda:0	True
2026-05-26 16:40:50,501 - INFO - module.future_decoder.blocks.0.feed_forward.network.3.weight	torch.Size([96, 128])	cuda:0	True
2026-05-26 16:40:50,501 - INFO - module.future_decoder.blocks.0.feed_forward.network.3.bias	torch.Size([96])	cuda:0	True
2026-05-26 16:40:50,501 - INFO - module.future_decoder.blocks.0.norm_temporal.weight	torch.Size([96])	cuda:0	True
2026-05-26 16:40:50,501 - INFO - module.future_decoder.blocks.0.norm_temporal.bias	torch.Size([96])	cuda:0	True
2026-05-26 16:40:50,501 - INFO - module.future_decoder.blocks.0.norm_graph.weight	torch.Size([96])	cuda:0	True
2026-05-26 16:40:50,501 - INFO - module.future_decoder.blocks.0.norm_graph.bias	torch.Size([96])	cuda:0	True
2026-05-26 16:40:50,501 - INFO - module.future_decoder.blocks.0.norm_cross.weight	torch.Size([96])	cuda:0	True
2026-05-26 16:40:50,501 - INFO - module.future_decoder.blocks.0.norm_cross.bias	torch.Size([96])	cuda:0	True
2026-05-26 16:40:50,501 - INFO - module.future_decoder.blocks.0.norm_ffn.weight	torch.Size([96])	cuda:0	True
2026-05-26 16:40:50,501 - INFO - module.future_decoder.blocks.0.norm_ffn.bias	torch.Size([96])	cuda:0	True
2026-05-26 16:40:50,501 - INFO - module.future_decoder.blocks.0.cell_attention.centers	torch.Size([16, 96])	cuda:0	True
2026-05-26 16:40:50,501 - INFO - module.future_decoder.blocks.0.cell_attention.log_sigma_sq	torch.Size([1])	cuda:0	True
2026-05-26 16:40:50,501 - INFO - module.future_decoder.blocks.0.cell_attention.cell_blend	torch.Size([])	cuda:0	True
2026-05-26 16:40:50,501 - INFO - module.future_decoder.blocks.0.cell_attention.band_center	torch.Size([])	cuda:0	True
2026-05-26 16:40:50,501 - INFO - module.future_decoder.blocks.0.cell_attention.band_width_raw	torch.Size([])	cuda:0	True
2026-05-26 16:40:50,501 - INFO - module.future_decoder.blocks.0.cell_attention.cell_transform.weight	torch.Size([96, 96])	cuda:0	True
2026-05-26 16:40:50,501 - INFO - module.future_decoder.blocks.0.cell_attention.cell_transform.bias	torch.Size([96])	cuda:0	True
2026-05-26 16:40:50,501 - INFO - module.future_decoder.blocks.0.cell_attention.output_projection.weight	torch.Size([96, 96])	cuda:0	True
2026-05-26 16:40:50,501 - INFO - module.future_decoder.blocks.0.cell_attention.output_projection.bias	torch.Size([96])	cuda:0	True
2026-05-26 16:40:50,501 - INFO - module.future_decoder.blocks.0.cell_attention.region_transformer.self_attn.query_projection.weight	torch.Size([96, 96])	cuda:0	True
2026-05-26 16:40:50,501 - INFO - module.future_decoder.blocks.0.cell_attention.region_transformer.self_attn.query_projection.bias	torch.Size([96])	cuda:0	True
2026-05-26 16:40:50,501 - INFO - module.future_decoder.blocks.0.cell_attention.region_transformer.self_attn.key_projection.weight	torch.Size([96, 96])	cuda:0	True
2026-05-26 16:40:50,501 - INFO - module.future_decoder.blocks.0.cell_attention.region_transformer.self_attn.key_projection.bias	torch.Size([96])	cuda:0	True
2026-05-26 16:40:50,501 - INFO - module.future_decoder.blocks.0.cell_attention.region_transformer.self_attn.value_projection.weight	torch.Size([96, 96])	cuda:0	True
2026-05-26 16:40:50,501 - INFO - module.future_decoder.blocks.0.cell_attention.region_transformer.self_attn.value_projection.bias	torch.Size([96])	cuda:0	True
2026-05-26 16:40:50,501 - INFO - module.future_decoder.blocks.0.cell_attention.region_transformer.self_attn.output_projection.weight	torch.Size([96, 96])	cuda:0	True
2026-05-26 16:40:50,501 - INFO - module.future_decoder.blocks.0.cell_attention.region_transformer.self_attn.output_projection.bias	torch.Size([96])	cuda:0	True
2026-05-26 16:40:50,501 - INFO - module.future_decoder.blocks.0.cell_attention.region_transformer.ffn.network.0.weight	torch.Size([192, 96])	cuda:0	True
2026-05-26 16:40:50,501 - INFO - module.future_decoder.blocks.0.cell_attention.region_transformer.ffn.network.0.bias	torch.Size([192])	cuda:0	True
2026-05-26 16:40:50,501 - INFO - module.future_decoder.blocks.0.cell_attention.region_transformer.ffn.network.3.weight	torch.Size([96, 192])	cuda:0	True
2026-05-26 16:40:50,501 - INFO - module.future_decoder.blocks.0.cell_attention.region_transformer.ffn.network.3.bias	torch.Size([96])	cuda:0	True
2026-05-26 16:40:50,502 - INFO - module.future_decoder.blocks.0.cell_attention.region_transformer.norm1.weight	torch.Size([96])	cuda:0	True
2026-05-26 16:40:50,502 - INFO - module.future_decoder.blocks.0.cell_attention.region_transformer.norm1.bias	torch.Size([96])	cuda:0	True
2026-05-26 16:40:50,502 - INFO - module.future_decoder.blocks.0.cell_attention.region_transformer.norm2.weight	torch.Size([96])	cuda:0	True
2026-05-26 16:40:50,502 - INFO - module.future_decoder.blocks.0.cell_attention.region_transformer.norm2.bias	torch.Size([96])	cuda:0	True
2026-05-26 16:40:50,502 - INFO - module.future_decoder.blocks.0.cell_attention.fuzzy_to_cell.weight	torch.Size([16, 4])	cuda:0	True
2026-05-26 16:40:50,502 - INFO - module.future_decoder.blocks.0.cell_attention.fuzzy_to_cell.bias	torch.Size([16])	cuda:0	True
2026-05-26 16:40:50,502 - INFO - module.future_decoder.blocks.0.norm_cell.weight	torch.Size([96])	cuda:0	True
2026-05-26 16:40:50,502 - INFO - module.future_decoder.blocks.0.norm_cell.bias	torch.Size([96])	cuda:0	True
2026-05-26 16:40:50,502 - INFO - module.future_decoder.blocks.1.temporal_attention.query_projection.weight	torch.Size([96, 96])	cuda:0	True
2026-05-26 16:40:50,502 - INFO - module.future_decoder.blocks.1.temporal_attention.query_projection.bias	torch.Size([96])	cuda:0	True
2026-05-26 16:40:50,502 - INFO - module.future_decoder.blocks.1.temporal_attention.key_projection.weight	torch.Size([96, 96])	cuda:0	True
2026-05-26 16:40:50,502 - INFO - module.future_decoder.blocks.1.temporal_attention.key_projection.bias	torch.Size([96])	cuda:0	True
2026-05-26 16:40:50,502 - INFO - module.future_decoder.blocks.1.temporal_attention.value_projection.weight	torch.Size([96, 96])	cuda:0	True
2026-05-26 16:40:50,502 - INFO - module.future_decoder.blocks.1.temporal_attention.value_projection.bias	torch.Size([96])	cuda:0	True
2026-05-26 16:40:50,502 - INFO - module.future_decoder.blocks.1.temporal_attention.output_projection.weight	torch.Size([96, 96])	cuda:0	True
2026-05-26 16:40:50,502 - INFO - module.future_decoder.blocks.1.temporal_attention.output_projection.bias	torch.Size([96])	cuda:0	True
2026-05-26 16:40:50,502 - INFO - module.future_decoder.blocks.1.graph_convolution.projections.0.weight	torch.Size([96, 96])	cuda:0	True
2026-05-26 16:40:50,502 - INFO - module.future_decoder.blocks.1.graph_convolution.projections.0.bias	torch.Size([96])	cuda:0	True
2026-05-26 16:40:50,502 - INFO - module.future_decoder.blocks.1.graph_convolution.projections.1.weight	torch.Size([96, 96])	cuda:0	True
2026-05-26 16:40:50,502 - INFO - module.future_decoder.blocks.1.graph_convolution.projections.1.bias	torch.Size([96])	cuda:0	True
2026-05-26 16:40:50,502 - INFO - module.future_decoder.blocks.1.graph_convolution.projections.2.weight	torch.Size([96, 96])	cuda:0	True
2026-05-26 16:40:50,502 - INFO - module.future_decoder.blocks.1.graph_convolution.projections.2.bias	torch.Size([96])	cuda:0	True
2026-05-26 16:40:50,502 - INFO - module.future_decoder.blocks.1.cross_attention.query_projection.weight	torch.Size([96, 96])	cuda:0	True
2026-05-26 16:40:50,502 - INFO - module.future_decoder.blocks.1.cross_attention.query_projection.bias	torch.Size([96])	cuda:0	True
2026-05-26 16:40:50,502 - INFO - module.future_decoder.blocks.1.cross_attention.key_projection.weight	torch.Size([96, 96])	cuda:0	True
2026-05-26 16:40:50,502 - INFO - module.future_decoder.blocks.1.cross_attention.key_projection.bias	torch.Size([96])	cuda:0	True
2026-05-26 16:40:50,502 - INFO - module.future_decoder.blocks.1.cross_attention.value_projection.weight	torch.Size([96, 96])	cuda:0	True
2026-05-26 16:40:50,502 - INFO - module.future_decoder.blocks.1.cross_attention.value_projection.bias	torch.Size([96])	cuda:0	True
2026-05-26 16:40:50,502 - INFO - module.future_decoder.blocks.1.cross_attention.output_projection.weight	torch.Size([96, 96])	cuda:0	True
2026-05-26 16:40:50,502 - INFO - module.future_decoder.blocks.1.cross_attention.output_projection.bias	torch.Size([96])	cuda:0	True
2026-05-26 16:40:50,502 - INFO - module.future_decoder.blocks.1.feed_forward.network.0.weight	torch.Size([128, 96])	cuda:0	True
2026-05-26 16:40:50,502 - INFO - module.future_decoder.blocks.1.feed_forward.network.0.bias	torch.Size([128])	cuda:0	True
2026-05-26 16:40:50,502 - INFO - module.future_decoder.blocks.1.feed_forward.network.3.weight	torch.Size([96, 128])	cuda:0	True
2026-05-26 16:40:50,502 - INFO - module.future_decoder.blocks.1.feed_forward.network.3.bias	torch.Size([96])	cuda:0	True
2026-05-26 16:40:50,502 - INFO - module.future_decoder.blocks.1.norm_temporal.weight	torch.Size([96])	cuda:0	True
2026-05-26 16:40:50,502 - INFO - module.future_decoder.blocks.1.norm_temporal.bias	torch.Size([96])	cuda:0	True
2026-05-26 16:40:50,502 - INFO - module.future_decoder.blocks.1.norm_graph.weight	torch.Size([96])	cuda:0	True
2026-05-26 16:40:50,502 - INFO - module.future_decoder.blocks.1.norm_graph.bias	torch.Size([96])	cuda:0	True
2026-05-26 16:40:50,502 - INFO - Enable AMP training (dtype=float16).
2026-05-26 16:40:50,502 - INFO - module.future_decoder.blocks.1.norm_cross.weight	torch.Size([96])	cuda:0	True
2026-05-26 16:40:50,502 - INFO - module.future_decoder.blocks.1.norm_cross.bias	torch.Size([96])	cuda:0	True
2026-05-26 16:40:50,502 - INFO - module.future_decoder.blocks.1.norm_ffn.weight	torch.Size([96])	cuda:0	True
2026-05-26 16:40:50,502 - INFO - You select `adamw` optimizer.
2026-05-26 16:40:50,503 - INFO - module.future_decoder.blocks.1.norm_ffn.bias	torch.Size([96])	cuda:0	True
2026-05-26 16:40:50,503 - INFO - module.future_decoder.blocks.1.cell_attention.centers	torch.Size([16, 96])	cuda:0	True
2026-05-26 16:40:50,503 - INFO - module.future_decoder.blocks.1.cell_attention.log_sigma_sq	torch.Size([1])	cuda:0	True
2026-05-26 16:40:50,503 - INFO - module.future_decoder.blocks.1.cell_attention.cell_blend	torch.Size([])	cuda:0	True
2026-05-26 16:40:50,503 - INFO - module.future_decoder.blocks.1.cell_attention.band_center	torch.Size([])	cuda:0	True
2026-05-26 16:40:50,503 - INFO - module.future_decoder.blocks.1.cell_attention.band_width_raw	torch.Size([])	cuda:0	True
2026-05-26 16:40:50,503 - INFO - module.future_decoder.blocks.1.cell_attention.cell_transform.weight	torch.Size([96, 96])	cuda:0	True
2026-05-26 16:40:50,503 - INFO - module.future_decoder.blocks.1.cell_attention.cell_transform.bias	torch.Size([96])	cuda:0	True
2026-05-26 16:40:50,503 - INFO - module.future_decoder.blocks.1.cell_attention.output_projection.weight	torch.Size([96, 96])	cuda:0	True
2026-05-26 16:40:50,503 - INFO - module.future_decoder.blocks.1.cell_attention.output_projection.bias	torch.Size([96])	cuda:0	True
2026-05-26 16:40:50,503 - INFO - module.future_decoder.blocks.1.cell_attention.region_transformer.self_attn.query_projection.weight	torch.Size([96, 96])	cuda:0	True
2026-05-26 16:40:50,503 - INFO - module.future_decoder.blocks.1.cell_attention.region_transformer.self_attn.query_projection.bias	torch.Size([96])	cuda:0	True
2026-05-26 16:40:50,503 - INFO - module.future_decoder.blocks.1.cell_attention.region_transformer.self_attn.key_projection.weight	torch.Size([96, 96])	cuda:0	True
2026-05-26 16:40:50,503 - INFO - module.future_decoder.blocks.1.cell_attention.region_transformer.self_attn.key_projection.bias	torch.Size([96])	cuda:0	True
2026-05-26 16:40:50,503 - INFO - module.future_decoder.blocks.1.cell_attention.region_transformer.self_attn.value_projection.weight	torch.Size([96, 96])	cuda:0	True
2026-05-26 16:40:50,503 - INFO - module.future_decoder.blocks.1.cell_attention.region_transformer.self_attn.value_projection.bias	torch.Size([96])	cuda:0	True
2026-05-26 16:40:50,503 - INFO - module.future_decoder.blocks.1.cell_attention.region_transformer.self_attn.output_projection.weight	torch.Size([96, 96])	cuda:0	True
2026-05-26 16:40:50,503 - INFO - module.future_decoder.blocks.1.cell_attention.region_transformer.self_attn.output_projection.bias	torch.Size([96])	cuda:0	True
2026-05-26 16:40:50,503 - INFO - module.future_decoder.blocks.1.cell_attention.region_transformer.ffn.network.0.weight	torch.Size([192, 96])	cuda:0	True
2026-05-26 16:40:50,503 - INFO - module.future_decoder.blocks.1.cell_attention.region_transformer.ffn.network.0.bias	torch.Size([192])	cuda:0	True
2026-05-26 16:40:50,503 - INFO - module.future_decoder.blocks.1.cell_attention.region_transformer.ffn.network.3.weight	torch.Size([96, 192])	cuda:0	True
2026-05-26 16:40:50,503 - INFO - module.future_decoder.blocks.1.cell_attention.region_transformer.ffn.network.3.bias	torch.Size([96])	cuda:0	True
2026-05-26 16:40:50,503 - INFO - module.future_decoder.blocks.1.cell_attention.region_transformer.norm1.weight	torch.Size([96])	cuda:0	True
2026-05-26 16:40:50,503 - INFO - module.future_decoder.blocks.1.cell_attention.region_transformer.norm1.bias	torch.Size([96])	cuda:0	True
2026-05-26 16:40:50,503 - INFO - module.future_decoder.blocks.1.cell_attention.region_transformer.norm2.weight	torch.Size([96])	cuda:0	True
2026-05-26 16:40:50,503 - INFO - module.future_decoder.blocks.1.cell_attention.region_transformer.norm2.bias	torch.Size([96])	cuda:0	True
2026-05-26 16:40:50,503 - INFO - module.future_decoder.blocks.1.cell_attention.fuzzy_to_cell.weight	torch.Size([16, 4])	cuda:0	True
2026-05-26 16:40:50,503 - INFO - module.future_decoder.blocks.1.cell_attention.fuzzy_to_cell.bias	torch.Size([16])	cuda:0	True
2026-05-26 16:40:50,503 - INFO - module.future_decoder.blocks.1.norm_cell.weight	torch.Size([96])	cuda:0	True
2026-05-26 16:40:50,503 - INFO - module.future_decoder.blocks.1.norm_cell.bias	torch.Size([96])	cuda:0	True
2026-05-26 16:40:50,503 - INFO - module.future_decoder.final_norm.weight	torch.Size([96])	cuda:0	True
2026-05-26 16:40:50,503 - INFO - module.future_decoder.final_norm.bias	torch.Size([96])	cuda:0	True
2026-05-26 16:40:50,503 - INFO - module.future_decoder.output_projection.weight	torch.Size([3, 96])	cuda:0	True
2026-05-26 16:40:50,503 - INFO - module.future_decoder.output_projection.bias	torch.Size([3])	cuda:0	True
2026-05-26 16:40:50,503 - INFO - You select `cosineannealinglr` lr_scheduler.
2026-05-26 16:40:50,504 - WARNING - Received none train loss func and will use the loss func defined in the model.
2026-05-26 16:40:50,504 - INFO - Total parameter numbers: 1180340
2026-05-26 16:40:50,504 - INFO - Enable AMP training (dtype=float16).
2026-05-26 16:40:50,504 - INFO - You select `adamw` optimizer.
2026-05-26 16:40:50,504 - INFO - You select `cosineannealinglr` lr_scheduler.
2026-05-26 16:40:50,504 - WARNING - Received none train loss func and will use the loss func defined in the model.
2026-05-26 16:40:50,505 - INFO - Start training ...
2026-05-26 16:40:50,505 - INFO - num_batches:80
2026-05-26 16:41:03,757 - INFO - Epoch [0/10] train_loss: 0.4454, val_loss: 0.3796, lr: 0.001995, 13.25s
2026-05-26 16:41:03,822 - INFO - Saved model at 0
2026-05-26 16:41:03,822 - INFO - Val loss decrease from inf to 0.3796, saving to /home/lizhuoxuan/lzq/Bigscity-LibCity-master/outputs/20260526_164040__traffic_state_pred__final_new__PEMSD4/model_cache/final_new_PEMSD4_epoch0.tar
2026-05-26 16:41:15,333 - INFO - Epoch [1/10] train_loss: 0.3578, val_loss: 0.3715, lr: 0.001978, 11.51s
2026-05-26 16:41:15,397 - INFO - Saved model at 1
2026-05-26 16:41:15,398 - INFO - Val loss decrease from 0.3796 to 0.3715, saving to /home/lizhuoxuan/lzq/Bigscity-LibCity-master/outputs/20260526_164040__traffic_state_pred__final_new__PEMSD4/model_cache/final_new_PEMSD4_epoch1.tar
2026-05-26 16:41:26,916 - INFO - Epoch [2/10] train_loss: 0.3533, val_loss: 0.3681, lr: 0.001951, 11.52s
2026-05-26 16:41:27,001 - INFO - Saved model at 2
2026-05-26 16:41:27,002 - INFO - Val loss decrease from 0.3715 to 0.3681, saving to /home/lizhuoxuan/lzq/Bigscity-LibCity-master/outputs/20260526_164040__traffic_state_pred__final_new__PEMSD4/model_cache/final_new_PEMSD4_epoch2.tar
2026-05-26 16:41:38,506 - INFO - Epoch [3/10] train_loss: 0.3559, val_loss: 0.3658, lr: 0.001914, 11.50s
2026-05-26 16:41:38,570 - INFO - Saved model at 3
2026-05-26 16:41:38,570 - INFO - Val loss decrease from 0.3681 to 0.3658, saving to /home/lizhuoxuan/lzq/Bigscity-LibCity-master/outputs/20260526_164040__traffic_state_pred__final_new__PEMSD4/model_cache/final_new_PEMSD4_epoch3.tar
2026-05-26 16:41:50,092 - INFO - Epoch [4/10] train_loss: 0.3523, val_loss: 0.3663, lr: 0.001866, 11.52s
2026-05-26 16:42:01,679 - INFO - Epoch [5/10] train_loss: 0.3522, val_loss: 0.3652, lr: 0.001809, 11.59s
2026-05-26 16:42:01,741 - INFO - Saved model at 5
2026-05-26 16:42:01,741 - INFO - Val loss decrease from 0.3658 to 0.3652, saving to /home/lizhuoxuan/lzq/Bigscity-LibCity-master/outputs/20260526_164040__traffic_state_pred__final_new__PEMSD4/model_cache/final_new_PEMSD4_epoch5.tar
2026-05-26 16:42:13,240 - INFO - Epoch [6/10] train_loss: 0.3500, val_loss: 0.3642, lr: 0.001743, 11.50s
2026-05-26 16:42:13,302 - INFO - Saved model at 6
2026-05-26 16:42:13,302 - INFO - Val loss decrease from 0.3652 to 0.3642, saving to /home/lizhuoxuan/lzq/Bigscity-LibCity-master/outputs/20260526_164040__traffic_state_pred__final_new__PEMSD4/model_cache/final_new_PEMSD4_epoch6.tar
2026-05-26 16:42:24,889 - INFO - Epoch [7/10] train_loss: 0.3514, val_loss: 0.3682, lr: 0.001669, 11.59s
2026-05-26 16:42:36,403 - INFO - Epoch [8/10] train_loss: 0.3496, val_loss: 0.3641, lr: 0.001588, 11.51s
2026-05-26 16:42:36,466 - INFO - Saved model at 8
2026-05-26 16:42:36,467 - INFO - Val loss decrease from 0.3642 to 0.3641, saving to /home/lizhuoxuan/lzq/Bigscity-LibCity-master/outputs/20260526_164040__traffic_state_pred__final_new__PEMSD4/model_cache/final_new_PEMSD4_epoch8.tar
2026-05-26 16:42:48,033 - INFO - Epoch [9/10] train_loss: 0.3502, val_loss: 0.3631, lr: 0.001500, 11.57s
2026-05-26 16:42:48,049 - INFO - Start evaluating ...
2026-05-26 16:42:48,095 - INFO - Saved model at 9
2026-05-26 16:42:48,096 - INFO - Val loss decrease from 0.3641 to 0.3631, saving to /home/lizhuoxuan/lzq/Bigscity-LibCity-master/outputs/20260526_164040__traffic_state_pred__final_new__PEMSD4/model_cache/final_new_PEMSD4_epoch9.tar
2026-05-26 16:42:48,096 - INFO - Trained totally 10 epochs, average train time is 10.627s, average eval time is 1.079s
2026-05-26 16:42:48,096 - INFO - Loading best model state from epoch 9
2026-05-26 16:42:48,101 - INFO - Saved model at /home/lizhuoxuan/lzq/Bigscity-LibCity-master/outputs/20260526_164040__traffic_state_pred__final_new__PEMSD4/model_cache/final_new_PEMSD4.m
2026-05-26 16:42:48,152 - INFO - Start evaluating ...
2026-05-26 16:43:11,487 - INFO - Note that you select the single mode to evaluate!
2026-05-26 16:43:11,491 - INFO - Evaluate result is saved at /home/lizhuoxuan/lzq/Bigscity-LibCity-master/outputs/20260526_164040__traffic_state_pred__final_new__PEMSD4/evaluate_cache/2026_05_26_16_43_11_final_new_PEMSD4.csv
2026-05-26 16:43:11,501 - INFO - 
          MAE       MAPE          MSE  ...  masked_RMSE        R2      EVAR
1   44.130035  15.218485  8643.617188  ...    92.615501  0.480990  0.488918
2   44.127983  15.225723  8643.128906  ...    92.613083  0.481026  0.488962
3   44.127804  15.294399  8642.779297  ...    92.611366  0.481055  0.489002
4   44.125885  15.240129  8642.548828  ...    92.610451  0.481076  0.489027
5   44.125191  15.187607  8642.470703  ...    92.610214  0.481087  0.489043
6   44.125263  15.143547  8642.538086  ...    92.610863  0.481087  0.489045
7   44.127594  15.156580  8642.744141  ...    92.612106  0.481077  0.489040
8   44.131180  15.204489  8643.079102  ...    92.614136  0.481059  0.489028
9   44.133343  15.164328  8643.482422  ...    92.616547  0.481038  0.489010
10  44.138458  15.225956  8644.016602  ...    92.619499  0.481009  0.488985
11  44.141792  15.153501  8644.656250  ...    92.623077  0.480972  0.488949
12  44.146812  15.117832  8645.521484  ...    92.627838  0.480923  0.488901

[12 rows x 10 columns]
