2026-05-21 16:33:50,362 - INFO - Log directory: /home/lizhuoxuan/lzq/Bigscity-LibCity-master/outputs/20260521_163350__traffic_state_pred__new_fuzzy_2__METR_LA/logs
2026-05-21 16:33:50,363 - INFO - Begin artifact training pipeline, task=traffic_state_pred, model_name=new_fuzzy_2, dataset_name=METR_LA, exp_id=20260521_163350__traffic_state_pred__new_fuzzy_2__METR_LA
2026-05-21 16:33:50,363 - INFO - {'task': 'traffic_state_pred', 'model': 'new_fuzzy_2', 'dataset': 'METR_LA', 'saved_model': True, 'train': True, 'seed': 42, 'train_rate': 0.6, 'eval_rate': 0.2, 'batch_size': 64, 'learning_rate': 0.001, 'max_epoch': 30, 'dataset_class': 'TrafficStatePointDataset', 'executor': 'TrafficStateExecutor', 'evaluator': 'TrafficStateEvaluator', 'calculate_weight_adj': True, 'conservation_loss_weight': 0.1, 'conservation_steps_per_epoch': 80, 'conservation_warmup_epochs': 5, 'data_col': ['traffic_speed'], 'data_files': ['METR_LA'], 'decoder_layers': 2, 'device': device(type='cuda', index=0), 'disturb_rate': 0.5, 'dropout': 0.1, 'dyna': {'including_types': ['state'], 'state': {'entity_id': 'geo_id', 'traffic_speed': 'num'}}, 'encoder_layers': 2, 'eval_batch_size': 64, 'evaluator_mode': 'single', 'ffn_hidden_dim': 128, 'fuzzy_num_sets': 3, 'geo': {'including_types': ['Point'], 'Point': {}}, 'geo_file': 'METR_LA', 'graph_k_hop': 2, 'hidden_dim': 64, 'init_weight_inf_or_zero': 'inf', 'is_distributed': True, 'metrics': ['MAE', 'MAPE', 'MSE', 'RMSE', 'masked_MAE', 'masked_MAPE', 'masked_MSE', 'masked_RMSE', 'R2', 'EVAR'], 'noise_SD': [10], 'noise_mean': [5], 'noise_type': 'gaussian', 'num_heads': 2, 'num_workers': 0, 'output_dim': 1, 'pad_with_last_sample': True, 'physics_channel_idx': 0, 'rank': 0, 'rel': {'including_types': ['geo'], 'geo': {'cost': 'num'}}, 'rel_file': 'METR_LA', 'robustness_test': False, 'save_mode': ['csv'], 'scale_lr': False, 'set_weight_link_or_dist': 'dist', 'time_intervals': 300, 'use_amp': True, 'use_fuzzy_conservation': True, 'use_fuzzy_graph': True, 'use_gradient_checkpointing': False, 'use_spatiotemporal_attention': True, 'use_temporal_position_embedding': True, 'weight_adj_epsilon': 0.1, 'weight_col': 'cost', 'world_size': 4, 'clip_grad_norm': True, 'epoch': 0, 'gpu': True, 'gpu_id': 0, 'learner': 'adamw', 'load_best_epoch': True, 'log_every': 1, 'lr_decay': True, 'lr_decay_ratio': 0.5, 'lr_patience': 5, 'lr_scheduler': 'reducelronplateau', 'lr_threshold': 0.001, 'max_grad_norm': 3, 'patience': 30, 'train_loss': 'none', 'use_early_stop': True, 'weight_decay': 0.0001, 'data_version_id': 'dv_1779350544_501cf2f6', 'input_window': 12, 'output_window': 12, 'scaler': 'standard', 'load_external': False, 'normal_external': False, 'add_time_in_day': True, 'add_day_in_week': True, 'cache_dataset': True, 'ext_scaler': 'none', 'local_rank': 0, 'dist_backend': 'nccl', 'exp_id': '20260521_163350__traffic_state_pred__new_fuzzy_2__METR_LA'}
2026-05-21 16:33:50,693 - INFO - Log directory: /home/lizhuoxuan/lzq/Bigscity-LibCity-master/outputs/20260521_163350__traffic_state_pred__new_fuzzy_2__METR_LA/logs
2026-05-21 16:33:50,717 - INFO - Log directory: /home/lizhuoxuan/lzq/Bigscity-LibCity-master/outputs/20260521_163350__traffic_state_pred__new_fuzzy_2__METR_LA/logs
2026-05-21 16:33:50,725 - INFO - Log directory: /home/lizhuoxuan/lzq/Bigscity-LibCity-master/outputs/20260521_163350__traffic_state_pred__new_fuzzy_2__METR_LA/logs
2026-05-21 16:34:12,271 - INFO - Enable AMP training (dtype=float16).
2026-05-21 16:34:12,271 - INFO - You select `adamw` optimizer.
2026-05-21 16:34:12,271 - INFO - Enable AMP training (dtype=float16).
2026-05-21 16:34:12,271 - INFO - Enable AMP training (dtype=float16).
2026-05-21 16:34:12,271 - INFO - You select `reducelronplateau` lr_scheduler.
2026-05-21 16:34:12,271 - INFO - You select `adamw` optimizer.
2026-05-21 16:34:12,271 - INFO - You select `adamw` optimizer.
2026-05-21 16:34:12,271 - WARNING - Received none train loss func and will use the loss func defined in the model.
2026-05-21 16:34:12,271 - INFO - Start training ...
2026-05-21 16:34:12,272 - INFO - num_batches:81
2026-05-21 16:34:12,272 - INFO - You select `reducelronplateau` lr_scheduler.
2026-05-21 16:34:12,272 - WARNING - Received none train loss func and will use the loss func defined in the model.
2026-05-21 16:34:12,272 - INFO - You select `reducelronplateau` lr_scheduler.
2026-05-21 16:34:12,272 - INFO - Start training ...
2026-05-21 16:34:12,272 - WARNING - Received none train loss func and will use the loss func defined in the model.
2026-05-21 16:34:12,272 - INFO - num_batches:81
2026-05-21 16:34:12,272 - INFO - Start training ...
2026-05-21 16:34:12,272 - INFO - num_batches:81
2026-05-21 16:34:12,278 - INFO - DistributedDataParallel(
  (module): NewFuzzy2(
    (fuzzy_graph): FuzzyRelationalGraphLearner(
      (raw_projection): Linear(in_features=9, out_features=64, bias=True)
      (feature_to_membership): Sequential(
        (0): Linear(in_features=64, out_features=32, bias=True)
        (1): GELU(approximate='none')
        (2): Linear(in_features=32, out_features=3, bias=True)
      )
    )
    (condition_encoder): STEncoder(
      (input_projection): Linear(in_features=9, out_features=64, bias=True)
      (blocks): ModuleList(
        (0-1): 2 x STEncoderBlock(
          (temporal_attention): MultiHeadAttention(
            (query_projection): Linear(in_features=64, out_features=64, bias=True)
            (key_projection): Linear(in_features=64, out_features=64, bias=True)
            (value_projection): Linear(in_features=64, out_features=64, bias=True)
            (output_projection): Linear(in_features=64, out_features=64, bias=True)
            (dropout): Dropout(p=0.1, inplace=False)
          )
          (graph_convolution): FuzzyGraphConvolution(
            (projections): ModuleList(
              (0-2): 3 x Linear(in_features=64, out_features=64, bias=True)
            )
          )
          (feed_forward): FeedForwardNetwork(
            (network): Sequential(
              (0): Linear(in_features=64, out_features=128, bias=True)
              (1): GELU(approximate='none')
              (2): Dropout(p=0.1, inplace=False)
              (3): Linear(in_features=128, out_features=64, bias=True)
              (4): Dropout(p=0.1, inplace=False)
            )
          )
          (norm_temporal): LayerNorm((64,), eps=1e-05, elementwise_affine=True)
          (norm_graph): LayerNorm((64,), eps=1e-05, elementwise_affine=True)
          (norm_ffn): LayerNorm((64,), eps=1e-05, elementwise_affine=True)
          (dropout): Dropout(p=0.1, inplace=False)
        )
      )
      (final_norm): LayerNorm((64,), eps=1e-05, elementwise_affine=True)
    )
    (future_decoder): FutureDecoder(
      (blocks): ModuleList(
        (0-1): 2 x DecoderBlock(
          (temporal_attention): MultiHeadAttention(
            (query_projection): Linear(in_features=64, out_features=64, bias=True)
            (key_projection): Linear(in_features=64, out_features=64, bias=True)
            (value_projection): Linear(in_features=64, out_features=64, bias=True)
            (output_projection): Linear(in_features=64, out_features=64, bias=True)
            (dropout): Dropout(p=0.1, inplace=False)
          )
          (graph_convolution): FuzzyGraphConvolution(
            (projections): ModuleList(
              (0-2): 3 x Linear(in_features=64, out_features=64, bias=True)
            )
          )
          (cross_attention): MultiHeadAttention(
            (query_projection): Linear(in_features=64, out_features=64, bias=True)
            (key_projection): Linear(in_features=64, out_features=64, bias=True)
            (value_projection): Linear(in_features=64, out_features=64, bias=True)
            (output_projection): Linear(in_features=64, out_features=64, bias=True)
            (dropout): Dropout(p=0.1, inplace=False)
          )
          (spatiotemporal_attention): MultiHeadAttention(
            (query_projection): Linear(in_features=64, out_features=64, bias=True)
            (key_projection): Linear(in_features=64, out_features=64, bias=True)
            (value_projection): Linear(in_features=64, out_features=64, bias=True)
            (output_projection): Linear(in_features=64, out_features=64, bias=True)
            (dropout): Dropout(p=0.1, inplace=False)
          )
          (feed_forward): FeedForwardNetwork(
            (network): Sequential(
              (0): Linear(in_features=64, out_features=128, bias=True)
              (1): GELU(approximate='none')
              (2): Dropout(p=0.1, inplace=False)
              (3): Linear(in_features=128, out_features=64, bias=True)
              (4): Dropout(p=0.1, inplace=False)
            )
          )
          (norm_temporal): LayerNorm((64,), eps=1e-05, elementwise_affine=True)
          (norm_graph): LayerNorm((64,), eps=1e-05, elementwise_affine=True)
          (norm_cross): LayerNorm((64,), eps=1e-05, elementwise_affine=True)
          (norm_spatiotemporal): LayerNorm((64,), eps=1e-05, elementwise_affine=True)
          (norm_ffn): LayerNorm((64,), eps=1e-05, elementwise_affine=True)
          (dropout): Dropout(p=0.1, inplace=False)
        )
      )
      (final_norm): LayerNorm((64,), eps=1e-05, elementwise_affine=True)
      (output_projection): Linear(in_features=64, out_features=1, bias=True)
    )
  )
)
2026-05-21 16:34:12,280 - INFO - module.fuzzy_graph.base_memberships	torch.Size([207, 3])	cuda:0	True
2026-05-21 16:34:12,280 - INFO - module.fuzzy_graph.fuzzy_prototypes	torch.Size([3, 64])	cuda:0	True
2026-05-21 16:34:12,280 - INFO - module.fuzzy_graph.blend_logit	torch.Size([])	cuda:0	True
2026-05-21 16:34:12,280 - INFO - module.fuzzy_graph.raw_projection.weight	torch.Size([64, 9])	cuda:0	True
2026-05-21 16:34:12,280 - INFO - module.fuzzy_graph.raw_projection.bias	torch.Size([64])	cuda:0	True
2026-05-21 16:34:12,280 - INFO - module.fuzzy_graph.feature_to_membership.0.weight	torch.Size([32, 64])	cuda:0	True
2026-05-21 16:34:12,280 - INFO - module.fuzzy_graph.feature_to_membership.0.bias	torch.Size([32])	cuda:0	True
2026-05-21 16:34:12,280 - INFO - module.fuzzy_graph.feature_to_membership.2.weight	torch.Size([3, 32])	cuda:0	True
2026-05-21 16:34:12,280 - INFO - module.fuzzy_graph.feature_to_membership.2.bias	torch.Size([3])	cuda:0	True
2026-05-21 16:34:12,280 - INFO - module.condition_encoder.temporal_position_embedding	torch.Size([1, 12, 1, 64])	cuda:0	True
2026-05-21 16:34:12,280 - INFO - module.condition_encoder.input_projection.weight	torch.Size([64, 9])	cuda:0	True
2026-05-21 16:34:12,280 - INFO - module.condition_encoder.input_projection.bias	torch.Size([64])	cuda:0	True
2026-05-21 16:34:12,280 - INFO - module.condition_encoder.blocks.0.temporal_attention.query_projection.weight	torch.Size([64, 64])	cuda:0	True
2026-05-21 16:34:12,280 - INFO - module.condition_encoder.blocks.0.temporal_attention.query_projection.bias	torch.Size([64])	cuda:0	True
2026-05-21 16:34:12,280 - INFO - module.condition_encoder.blocks.0.temporal_attention.key_projection.weight	torch.Size([64, 64])	cuda:0	True
2026-05-21 16:34:12,281 - INFO - module.condition_encoder.blocks.0.temporal_attention.key_projection.bias	torch.Size([64])	cuda:0	True
2026-05-21 16:34:12,281 - INFO - module.condition_encoder.blocks.0.temporal_attention.value_projection.weight	torch.Size([64, 64])	cuda:0	True
2026-05-21 16:34:12,281 - INFO - module.condition_encoder.blocks.0.temporal_attention.value_projection.bias	torch.Size([64])	cuda:0	True
2026-05-21 16:34:12,281 - INFO - module.condition_encoder.blocks.0.temporal_attention.output_projection.weight	torch.Size([64, 64])	cuda:0	True
2026-05-21 16:34:12,281 - INFO - module.condition_encoder.blocks.0.temporal_attention.output_projection.bias	torch.Size([64])	cuda:0	True
2026-05-21 16:34:12,281 - INFO - module.condition_encoder.blocks.0.graph_convolution.projections.0.weight	torch.Size([64, 64])	cuda:0	True
2026-05-21 16:34:12,281 - INFO - module.condition_encoder.blocks.0.graph_convolution.projections.0.bias	torch.Size([64])	cuda:0	True
2026-05-21 16:34:12,281 - INFO - module.condition_encoder.blocks.0.graph_convolution.projections.1.weight	torch.Size([64, 64])	cuda:0	True
2026-05-21 16:34:12,281 - INFO - module.condition_encoder.blocks.0.graph_convolution.projections.1.bias	torch.Size([64])	cuda:0	True
2026-05-21 16:34:12,281 - INFO - module.condition_encoder.blocks.0.graph_convolution.projections.2.weight	torch.Size([64, 64])	cuda:0	True
2026-05-21 16:34:12,281 - INFO - module.condition_encoder.blocks.0.graph_convolution.projections.2.bias	torch.Size([64])	cuda:0	True
2026-05-21 16:34:12,281 - INFO - module.condition_encoder.blocks.0.feed_forward.network.0.weight	torch.Size([128, 64])	cuda:0	True
2026-05-21 16:34:12,281 - INFO - module.condition_encoder.blocks.0.feed_forward.network.0.bias	torch.Size([128])	cuda:0	True
2026-05-21 16:34:12,281 - INFO - module.condition_encoder.blocks.0.feed_forward.network.3.weight	torch.Size([64, 128])	cuda:0	True
2026-05-21 16:34:12,281 - INFO - module.condition_encoder.blocks.0.feed_forward.network.3.bias	torch.Size([64])	cuda:0	True
2026-05-21 16:34:12,281 - INFO - module.condition_encoder.blocks.0.norm_temporal.weight	torch.Size([64])	cuda:0	True
2026-05-21 16:34:12,281 - INFO - module.condition_encoder.blocks.0.norm_temporal.bias	torch.Size([64])	cuda:0	True
2026-05-21 16:34:12,281 - INFO - module.condition_encoder.blocks.0.norm_graph.weight	torch.Size([64])	cuda:0	True
2026-05-21 16:34:12,281 - INFO - module.condition_encoder.blocks.0.norm_graph.bias	torch.Size([64])	cuda:0	True
2026-05-21 16:34:12,281 - INFO - module.condition_encoder.blocks.0.norm_ffn.weight	torch.Size([64])	cuda:0	True
2026-05-21 16:34:12,281 - INFO - module.condition_encoder.blocks.0.norm_ffn.bias	torch.Size([64])	cuda:0	True
2026-05-21 16:34:12,281 - INFO - module.condition_encoder.blocks.1.temporal_attention.query_projection.weight	torch.Size([64, 64])	cuda:0	True
2026-05-21 16:34:12,281 - INFO - module.condition_encoder.blocks.1.temporal_attention.query_projection.bias	torch.Size([64])	cuda:0	True
2026-05-21 16:34:12,282 - INFO - module.condition_encoder.blocks.1.temporal_attention.key_projection.weight	torch.Size([64, 64])	cuda:0	True
2026-05-21 16:34:12,282 - INFO - module.condition_encoder.blocks.1.temporal_attention.key_projection.bias	torch.Size([64])	cuda:0	True
2026-05-21 16:34:12,282 - INFO - module.condition_encoder.blocks.1.temporal_attention.value_projection.weight	torch.Size([64, 64])	cuda:0	True
2026-05-21 16:34:12,282 - INFO - module.condition_encoder.blocks.1.temporal_attention.value_projection.bias	torch.Size([64])	cuda:0	True
2026-05-21 16:34:12,282 - INFO - module.condition_encoder.blocks.1.temporal_attention.output_projection.weight	torch.Size([64, 64])	cuda:0	True
2026-05-21 16:34:12,282 - INFO - module.condition_encoder.blocks.1.temporal_attention.output_projection.bias	torch.Size([64])	cuda:0	True
2026-05-21 16:34:12,282 - INFO - module.condition_encoder.blocks.1.graph_convolution.projections.0.weight	torch.Size([64, 64])	cuda:0	True
2026-05-21 16:34:12,282 - INFO - module.condition_encoder.blocks.1.graph_convolution.projections.0.bias	torch.Size([64])	cuda:0	True
2026-05-21 16:34:12,282 - INFO - module.condition_encoder.blocks.1.graph_convolution.projections.1.weight	torch.Size([64, 64])	cuda:0	True
2026-05-21 16:34:12,282 - INFO - module.condition_encoder.blocks.1.graph_convolution.projections.1.bias	torch.Size([64])	cuda:0	True
2026-05-21 16:34:12,282 - INFO - module.condition_encoder.blocks.1.graph_convolution.projections.2.weight	torch.Size([64, 64])	cuda:0	True
2026-05-21 16:34:12,282 - INFO - module.condition_encoder.blocks.1.graph_convolution.projections.2.bias	torch.Size([64])	cuda:0	True
2026-05-21 16:34:12,282 - INFO - module.condition_encoder.blocks.1.feed_forward.network.0.weight	torch.Size([128, 64])	cuda:0	True
2026-05-21 16:34:12,282 - INFO - module.condition_encoder.blocks.1.feed_forward.network.0.bias	torch.Size([128])	cuda:0	True
2026-05-21 16:34:12,282 - INFO - module.condition_encoder.blocks.1.feed_forward.network.3.weight	torch.Size([64, 128])	cuda:0	True
2026-05-21 16:34:12,282 - INFO - module.condition_encoder.blocks.1.feed_forward.network.3.bias	torch.Size([64])	cuda:0	True
2026-05-21 16:34:12,282 - INFO - module.condition_encoder.blocks.1.norm_temporal.weight	torch.Size([64])	cuda:0	True
2026-05-21 16:34:12,282 - INFO - module.condition_encoder.blocks.1.norm_temporal.bias	torch.Size([64])	cuda:0	True
2026-05-21 16:34:12,282 - INFO - module.condition_encoder.blocks.1.norm_graph.weight	torch.Size([64])	cuda:0	True
2026-05-21 16:34:12,282 - INFO - module.condition_encoder.blocks.1.norm_graph.bias	torch.Size([64])	cuda:0	True
2026-05-21 16:34:12,282 - INFO - module.condition_encoder.blocks.1.norm_ffn.weight	torch.Size([64])	cuda:0	True
2026-05-21 16:34:12,283 - INFO - module.condition_encoder.blocks.1.norm_ffn.bias	torch.Size([64])	cuda:0	True
2026-05-21 16:34:12,283 - INFO - module.condition_encoder.final_norm.weight	torch.Size([64])	cuda:0	True
2026-05-21 16:34:12,283 - INFO - module.condition_encoder.final_norm.bias	torch.Size([64])	cuda:0	True
2026-05-21 16:34:12,283 - INFO - module.future_decoder.future_queries	torch.Size([1, 12, 207, 64])	cuda:0	True
2026-05-21 16:34:12,283 - INFO - module.future_decoder.blocks.0.temporal_attention.query_projection.weight	torch.Size([64, 64])	cuda:0	True
2026-05-21 16:34:12,283 - INFO - module.future_decoder.blocks.0.temporal_attention.query_projection.bias	torch.Size([64])	cuda:0	True
2026-05-21 16:34:12,283 - INFO - module.future_decoder.blocks.0.temporal_attention.key_projection.weight	torch.Size([64, 64])	cuda:0	True
2026-05-21 16:34:12,283 - INFO - module.future_decoder.blocks.0.temporal_attention.key_projection.bias	torch.Size([64])	cuda:0	True
2026-05-21 16:34:12,283 - INFO - module.future_decoder.blocks.0.temporal_attention.value_projection.weight	torch.Size([64, 64])	cuda:0	True
2026-05-21 16:34:12,283 - INFO - module.future_decoder.blocks.0.temporal_attention.value_projection.bias	torch.Size([64])	cuda:0	True
2026-05-21 16:34:12,283 - INFO - module.future_decoder.blocks.0.temporal_attention.output_projection.weight	torch.Size([64, 64])	cuda:0	True
2026-05-21 16:34:12,283 - INFO - module.future_decoder.blocks.0.temporal_attention.output_projection.bias	torch.Size([64])	cuda:0	True
2026-05-21 16:34:12,283 - INFO - module.future_decoder.blocks.0.graph_convolution.projections.0.weight	torch.Size([64, 64])	cuda:0	True
2026-05-21 16:34:12,283 - INFO - module.future_decoder.blocks.0.graph_convolution.projections.0.bias	torch.Size([64])	cuda:0	True
2026-05-21 16:34:12,283 - INFO - module.future_decoder.blocks.0.graph_convolution.projections.1.weight	torch.Size([64, 64])	cuda:0	True
2026-05-21 16:34:12,283 - INFO - module.future_decoder.blocks.0.graph_convolution.projections.1.bias	torch.Size([64])	cuda:0	True
2026-05-21 16:34:12,283 - INFO - module.future_decoder.blocks.0.graph_convolution.projections.2.weight	torch.Size([64, 64])	cuda:0	True
2026-05-21 16:34:12,283 - INFO - module.future_decoder.blocks.0.graph_convolution.projections.2.bias	torch.Size([64])	cuda:0	True
2026-05-21 16:34:12,283 - INFO - module.future_decoder.blocks.0.cross_attention.query_projection.weight	torch.Size([64, 64])	cuda:0	True
2026-05-21 16:34:12,283 - INFO - module.future_decoder.blocks.0.cross_attention.query_projection.bias	torch.Size([64])	cuda:0	True
2026-05-21 16:34:12,283 - INFO - module.future_decoder.blocks.0.cross_attention.key_projection.weight	torch.Size([64, 64])	cuda:0	True
2026-05-21 16:34:12,283 - INFO - module.future_decoder.blocks.0.cross_attention.key_projection.bias	torch.Size([64])	cuda:0	True
2026-05-21 16:34:12,284 - INFO - module.future_decoder.blocks.0.cross_attention.value_projection.weight	torch.Size([64, 64])	cuda:0	True
2026-05-21 16:34:12,284 - INFO - module.future_decoder.blocks.0.cross_attention.value_projection.bias	torch.Size([64])	cuda:0	True
2026-05-21 16:34:12,284 - INFO - module.future_decoder.blocks.0.cross_attention.output_projection.weight	torch.Size([64, 64])	cuda:0	True
2026-05-21 16:34:12,284 - INFO - module.future_decoder.blocks.0.cross_attention.output_projection.bias	torch.Size([64])	cuda:0	True
2026-05-21 16:34:12,284 - INFO - module.future_decoder.blocks.0.spatiotemporal_attention.query_projection.weight	torch.Size([64, 64])	cuda:0	True
2026-05-21 16:34:12,284 - INFO - module.future_decoder.blocks.0.spatiotemporal_attention.query_projection.bias	torch.Size([64])	cuda:0	True
2026-05-21 16:34:12,284 - INFO - module.future_decoder.blocks.0.spatiotemporal_attention.key_projection.weight	torch.Size([64, 64])	cuda:0	True
2026-05-21 16:34:12,284 - INFO - module.future_decoder.blocks.0.spatiotemporal_attention.key_projection.bias	torch.Size([64])	cuda:0	True
2026-05-21 16:34:12,284 - INFO - module.future_decoder.blocks.0.spatiotemporal_attention.value_projection.weight	torch.Size([64, 64])	cuda:0	True
2026-05-21 16:34:12,284 - INFO - module.future_decoder.blocks.0.spatiotemporal_attention.value_projection.bias	torch.Size([64])	cuda:0	True
2026-05-21 16:34:12,284 - INFO - module.future_decoder.blocks.0.spatiotemporal_attention.output_projection.weight	torch.Size([64, 64])	cuda:0	True
2026-05-21 16:34:12,284 - INFO - module.future_decoder.blocks.0.spatiotemporal_attention.output_projection.bias	torch.Size([64])	cuda:0	True
2026-05-21 16:34:12,284 - INFO - module.future_decoder.blocks.0.feed_forward.network.0.weight	torch.Size([128, 64])	cuda:0	True
2026-05-21 16:34:12,284 - INFO - module.future_decoder.blocks.0.feed_forward.network.0.bias	torch.Size([128])	cuda:0	True
2026-05-21 16:34:12,284 - INFO - module.future_decoder.blocks.0.feed_forward.network.3.weight	torch.Size([64, 128])	cuda:0	True
2026-05-21 16:34:12,284 - INFO - module.future_decoder.blocks.0.feed_forward.network.3.bias	torch.Size([64])	cuda:0	True
2026-05-21 16:34:12,284 - INFO - module.future_decoder.blocks.0.norm_temporal.weight	torch.Size([64])	cuda:0	True
2026-05-21 16:34:12,284 - INFO - module.future_decoder.blocks.0.norm_temporal.bias	torch.Size([64])	cuda:0	True
2026-05-21 16:34:12,284 - INFO - module.future_decoder.blocks.0.norm_graph.weight	torch.Size([64])	cuda:0	True
2026-05-21 16:34:12,284 - INFO - module.future_decoder.blocks.0.norm_graph.bias	torch.Size([64])	cuda:0	True
2026-05-21 16:34:12,284 - INFO - module.future_decoder.blocks.0.norm_cross.weight	torch.Size([64])	cuda:0	True
2026-05-21 16:34:12,285 - INFO - module.future_decoder.blocks.0.norm_cross.bias	torch.Size([64])	cuda:0	True
2026-05-21 16:34:12,285 - INFO - module.future_decoder.blocks.0.norm_spatiotemporal.weight	torch.Size([64])	cuda:0	True
2026-05-21 16:34:12,285 - INFO - module.future_decoder.blocks.0.norm_spatiotemporal.bias	torch.Size([64])	cuda:0	True
2026-05-21 16:34:12,285 - INFO - module.future_decoder.blocks.0.norm_ffn.weight	torch.Size([64])	cuda:0	True
2026-05-21 16:34:12,285 - INFO - module.future_decoder.blocks.0.norm_ffn.bias	torch.Size([64])	cuda:0	True
2026-05-21 16:34:12,285 - INFO - module.future_decoder.blocks.1.temporal_attention.query_projection.weight	torch.Size([64, 64])	cuda:0	True
2026-05-21 16:34:12,285 - INFO - module.future_decoder.blocks.1.temporal_attention.query_projection.bias	torch.Size([64])	cuda:0	True
2026-05-21 16:34:12,285 - INFO - module.future_decoder.blocks.1.temporal_attention.key_projection.weight	torch.Size([64, 64])	cuda:0	True
2026-05-21 16:34:12,285 - INFO - module.future_decoder.blocks.1.temporal_attention.key_projection.bias	torch.Size([64])	cuda:0	True
2026-05-21 16:34:12,285 - INFO - module.future_decoder.blocks.1.temporal_attention.value_projection.weight	torch.Size([64, 64])	cuda:0	True
2026-05-21 16:34:12,285 - INFO - module.future_decoder.blocks.1.temporal_attention.value_projection.bias	torch.Size([64])	cuda:0	True
2026-05-21 16:34:12,285 - INFO - module.future_decoder.blocks.1.temporal_attention.output_projection.weight	torch.Size([64, 64])	cuda:0	True
2026-05-21 16:34:12,285 - INFO - module.future_decoder.blocks.1.temporal_attention.output_projection.bias	torch.Size([64])	cuda:0	True
2026-05-21 16:34:12,285 - INFO - module.future_decoder.blocks.1.graph_convolution.projections.0.weight	torch.Size([64, 64])	cuda:0	True
2026-05-21 16:34:12,285 - INFO - module.future_decoder.blocks.1.graph_convolution.projections.0.bias	torch.Size([64])	cuda:0	True
2026-05-21 16:34:12,285 - INFO - module.future_decoder.blocks.1.graph_convolution.projections.1.weight	torch.Size([64, 64])	cuda:0	True
2026-05-21 16:34:12,285 - INFO - module.future_decoder.blocks.1.graph_convolution.projections.1.bias	torch.Size([64])	cuda:0	True
2026-05-21 16:34:12,285 - INFO - module.future_decoder.blocks.1.graph_convolution.projections.2.weight	torch.Size([64, 64])	cuda:0	True
2026-05-21 16:34:12,285 - INFO - module.future_decoder.blocks.1.graph_convolution.projections.2.bias	torch.Size([64])	cuda:0	True
2026-05-21 16:34:12,285 - INFO - module.future_decoder.blocks.1.cross_attention.query_projection.weight	torch.Size([64, 64])	cuda:0	True
2026-05-21 16:34:12,285 - INFO - module.future_decoder.blocks.1.cross_attention.query_projection.bias	torch.Size([64])	cuda:0	True
2026-05-21 16:34:12,286 - INFO - module.future_decoder.blocks.1.cross_attention.key_projection.weight	torch.Size([64, 64])	cuda:0	True
2026-05-21 16:34:12,286 - INFO - module.future_decoder.blocks.1.cross_attention.key_projection.bias	torch.Size([64])	cuda:0	True
2026-05-21 16:34:12,286 - INFO - module.future_decoder.blocks.1.cross_attention.value_projection.weight	torch.Size([64, 64])	cuda:0	True
2026-05-21 16:34:12,286 - INFO - module.future_decoder.blocks.1.cross_attention.value_projection.bias	torch.Size([64])	cuda:0	True
2026-05-21 16:34:12,286 - INFO - module.future_decoder.blocks.1.cross_attention.output_projection.weight	torch.Size([64, 64])	cuda:0	True
2026-05-21 16:34:12,286 - INFO - module.future_decoder.blocks.1.cross_attention.output_projection.bias	torch.Size([64])	cuda:0	True
2026-05-21 16:34:12,286 - INFO - module.future_decoder.blocks.1.spatiotemporal_attention.query_projection.weight	torch.Size([64, 64])	cuda:0	True
2026-05-21 16:34:12,286 - INFO - module.future_decoder.blocks.1.spatiotemporal_attention.query_projection.bias	torch.Size([64])	cuda:0	True
2026-05-21 16:34:12,286 - INFO - module.future_decoder.blocks.1.spatiotemporal_attention.key_projection.weight	torch.Size([64, 64])	cuda:0	True
2026-05-21 16:34:12,286 - INFO - module.future_decoder.blocks.1.spatiotemporal_attention.key_projection.bias	torch.Size([64])	cuda:0	True
2026-05-21 16:34:12,286 - INFO - module.future_decoder.blocks.1.spatiotemporal_attention.value_projection.weight	torch.Size([64, 64])	cuda:0	True
2026-05-21 16:34:12,286 - INFO - module.future_decoder.blocks.1.spatiotemporal_attention.value_projection.bias	torch.Size([64])	cuda:0	True
2026-05-21 16:34:12,286 - INFO - module.future_decoder.blocks.1.spatiotemporal_attention.output_projection.weight	torch.Size([64, 64])	cuda:0	True
2026-05-21 16:34:12,286 - INFO - module.future_decoder.blocks.1.spatiotemporal_attention.output_projection.bias	torch.Size([64])	cuda:0	True
2026-05-21 16:34:12,286 - INFO - module.future_decoder.blocks.1.feed_forward.network.0.weight	torch.Size([128, 64])	cuda:0	True
2026-05-21 16:34:12,286 - INFO - module.future_decoder.blocks.1.feed_forward.network.0.bias	torch.Size([128])	cuda:0	True
2026-05-21 16:34:12,286 - INFO - module.future_decoder.blocks.1.feed_forward.network.3.weight	torch.Size([64, 128])	cuda:0	True
2026-05-21 16:34:12,286 - INFO - module.future_decoder.blocks.1.feed_forward.network.3.bias	torch.Size([64])	cuda:0	True
2026-05-21 16:34:12,286 - INFO - module.future_decoder.blocks.1.norm_temporal.weight	torch.Size([64])	cuda:0	True
2026-05-21 16:34:12,286 - INFO - module.future_decoder.blocks.1.norm_temporal.bias	torch.Size([64])	cuda:0	True
2026-05-21 16:34:12,286 - INFO - module.future_decoder.blocks.1.norm_graph.weight	torch.Size([64])	cuda:0	True
2026-05-21 16:34:12,286 - INFO - module.future_decoder.blocks.1.norm_graph.bias	torch.Size([64])	cuda:0	True
2026-05-21 16:34:12,286 - INFO - module.future_decoder.blocks.1.norm_cross.weight	torch.Size([64])	cuda:0	True
2026-05-21 16:34:12,287 - INFO - module.future_decoder.blocks.1.norm_cross.bias	torch.Size([64])	cuda:0	True
2026-05-21 16:34:12,287 - INFO - module.future_decoder.blocks.1.norm_spatiotemporal.weight	torch.Size([64])	cuda:0	True
2026-05-21 16:34:12,287 - INFO - module.future_decoder.blocks.1.norm_spatiotemporal.bias	torch.Size([64])	cuda:0	True
2026-05-21 16:34:12,287 - INFO - module.future_decoder.blocks.1.norm_ffn.weight	torch.Size([64])	cuda:0	True
2026-05-21 16:34:12,287 - INFO - module.future_decoder.blocks.1.norm_ffn.bias	torch.Size([64])	cuda:0	True
2026-05-21 16:34:12,287 - INFO - module.future_decoder.final_norm.weight	torch.Size([64])	cuda:0	True
2026-05-21 16:34:12,287 - INFO - module.future_decoder.final_norm.bias	torch.Size([64])	cuda:0	True
2026-05-21 16:34:12,287 - INFO - module.future_decoder.output_projection.weight	torch.Size([1, 64])	cuda:0	True
2026-05-21 16:34:12,287 - INFO - module.future_decoder.output_projection.bias	torch.Size([1])	cuda:0	True
2026-05-21 16:34:12,287 - INFO - Total parameter numbers: 415730
2026-05-21 16:34:12,287 - INFO - Enable AMP training (dtype=float16).
2026-05-21 16:34:12,288 - INFO - You select `adamw` optimizer.
2026-05-21 16:34:12,288 - INFO - You select `reducelronplateau` lr_scheduler.
2026-05-21 16:34:12,289 - WARNING - Received none train loss func and will use the loss func defined in the model.
2026-05-21 16:34:12,289 - INFO - Start training ...
2026-05-21 16:34:12,289 - INFO - num_batches:81
2026-05-21 16:34:20,379 - INFO - epoch complete!
2026-05-21 16:34:20,379 - INFO - evaluating now!
2026-05-21 16:34:21,088 - INFO - Epoch [0/30] train_loss: 0.5769, val_loss: 0.4960, lr: 0.001000, 8.82s
2026-05-21 16:34:21,110 - INFO - epoch complete!
2026-05-21 16:34:21,111 - INFO - evaluating now!
2026-05-21 16:34:21,125 - INFO - Saved model at 0
2026-05-21 16:34:21,126 - INFO - Val loss decrease from inf to 0.4960, saving to /home/lizhuoxuan/lzq/Bigscity-LibCity-master/outputs/20260521_163350__traffic_state_pred__new_fuzzy_2__METR_LA/model_cache/new_fuzzy_2_METR_LA_epoch0.tar
2026-05-21 16:34:21,844 - INFO - Epoch [0/30] train_loss: 0.5747, val_loss: 0.4964, lr: 0.001000, 9.57s
2026-05-21 16:34:21,884 - INFO - Saved model at 0
2026-05-21 16:34:21,884 - INFO - Val loss decrease from inf to 0.4964, saving to /home/lizhuoxuan/lzq/Bigscity-LibCity-master/outputs/20260521_163350__traffic_state_pred__new_fuzzy_2__METR_LA/model_cache/new_fuzzy_2_METR_LA_epoch0.tar
2026-05-21 16:34:22,209 - INFO - epoch complete!
2026-05-21 16:34:22,209 - INFO - evaluating now!
2026-05-21 16:34:23,303 - INFO - Epoch [0/30] train_loss: 0.5780, val_loss: 0.4930, lr: 0.001000, 11.03s
2026-05-21 16:34:23,341 - INFO - Saved model at 0
2026-05-21 16:34:23,341 - INFO - Val loss decrease from inf to 0.4930, saving to /home/lizhuoxuan/lzq/Bigscity-LibCity-master/outputs/20260521_163350__traffic_state_pred__new_fuzzy_2__METR_LA/model_cache/new_fuzzy_2_METR_LA_epoch0.tar
2026-05-21 16:34:28,645 - INFO - epoch complete!
2026-05-21 16:34:28,646 - INFO - evaluating now!
2026-05-21 16:34:29,342 - INFO - Epoch [1/30] train_loss: 0.4716, val_loss: 0.4883, lr: 0.001000, 8.22s
2026-05-21 16:34:29,377 - INFO - Saved model at 1
2026-05-21 16:34:29,377 - INFO - Val loss decrease from 0.4960 to 0.4883, saving to /home/lizhuoxuan/lzq/Bigscity-LibCity-master/outputs/20260521_163350__traffic_state_pred__new_fuzzy_2__METR_LA/model_cache/new_fuzzy_2_METR_LA_epoch1.tar
2026-05-21 16:34:29,438 - INFO - epoch complete!
2026-05-21 16:34:29,438 - INFO - evaluating now!
2026-05-21 16:34:30,158 - INFO - Epoch [1/30] train_loss: 0.4658, val_loss: 0.4922, lr: 0.001000, 8.27s
2026-05-21 16:34:30,225 - INFO - Saved model at 1
2026-05-21 16:34:30,225 - INFO - Val loss decrease from 0.4964 to 0.4922, saving to /home/lizhuoxuan/lzq/Bigscity-LibCity-master/outputs/20260521_163350__traffic_state_pred__new_fuzzy_2__METR_LA/model_cache/new_fuzzy_2_METR_LA_epoch1.tar
2026-05-21 16:34:31,135 - INFO - epoch complete!
2026-05-21 16:34:31,136 - INFO - evaluating now!
2026-05-21 16:34:31,899 - INFO - Epoch [1/30] train_loss: 0.4675, val_loss: 0.4937, lr: 0.001000, 8.56s
2026-05-21 16:34:35,048 - INFO - epoch complete!
2026-05-21 16:34:35,049 - INFO - evaluating now!
2026-05-21 16:34:36,870 - INFO - epoch complete!
2026-05-21 16:34:36,871 - INFO - evaluating now!
2026-05-21 16:34:36,924 - INFO - Epoch [0/30] train_loss: 0.5873, val_loss: 0.5023, lr: 0.001000, 24.63s
2026-05-21 16:34:36,969 - INFO - Saved model at 0
2026-05-21 16:34:36,969 - INFO - Val loss decrease from inf to 0.5023, saving to /home/lizhuoxuan/lzq/Bigscity-LibCity-master/outputs/20260521_163350__traffic_state_pred__new_fuzzy_2__METR_LA/model_cache/new_fuzzy_2_METR_LA_epoch0.tar
2026-05-21 16:34:37,559 - INFO - Epoch [2/30] train_loss: 0.4667, val_loss: 0.4832, lr: 0.001000, 8.18s
2026-05-21 16:34:37,594 - INFO - Saved model at 2
2026-05-21 16:34:37,594 - INFO - Val loss decrease from 0.4883 to 0.4832, saving to /home/lizhuoxuan/lzq/Bigscity-LibCity-master/outputs/20260521_163350__traffic_state_pred__new_fuzzy_2__METR_LA/model_cache/new_fuzzy_2_METR_LA_epoch2.tar
2026-05-21 16:34:37,728 - INFO - epoch complete!
2026-05-21 16:34:37,729 - INFO - evaluating now!
2026-05-21 16:34:38,453 - INFO - Epoch [2/30] train_loss: 0.4582, val_loss: 0.4864, lr: 0.001000, 8.23s
2026-05-21 16:34:38,492 - INFO - Saved model at 2
2026-05-21 16:34:38,492 - INFO - Val loss decrease from 0.4922 to 0.4864, saving to /home/lizhuoxuan/lzq/Bigscity-LibCity-master/outputs/20260521_163350__traffic_state_pred__new_fuzzy_2__METR_LA/model_cache/new_fuzzy_2_METR_LA_epoch2.tar
2026-05-21 16:34:39,655 - INFO - epoch complete!
2026-05-21 16:34:39,655 - INFO - evaluating now!
2026-05-21 16:34:40,440 - INFO - Epoch [2/30] train_loss: 0.4650, val_loss: 0.4831, lr: 0.001000, 8.54s
2026-05-21 16:34:40,478 - INFO - Saved model at 2
2026-05-21 16:34:40,479 - INFO - Val loss decrease from 0.4930 to 0.4831, saving to /home/lizhuoxuan/lzq/Bigscity-LibCity-master/outputs/20260521_163350__traffic_state_pred__new_fuzzy_2__METR_LA/model_cache/new_fuzzy_2_METR_LA_epoch2.tar
2026-05-21 16:34:45,040 - INFO - epoch complete!
2026-05-21 16:34:45,040 - INFO - evaluating now!
2026-05-21 16:34:45,728 - INFO - Epoch [3/30] train_loss: 0.4459, val_loss: 0.4741, lr: 0.001000, 8.13s
2026-05-21 16:34:45,763 - INFO - Saved model at 3
2026-05-21 16:34:45,764 - INFO - Val loss decrease from 0.4832 to 0.4741, saving to /home/lizhuoxuan/lzq/Bigscity-LibCity-master/outputs/20260521_163350__traffic_state_pred__new_fuzzy_2__METR_LA/model_cache/new_fuzzy_2_METR_LA_epoch3.tar
2026-05-21 16:34:46,004 - INFO - epoch complete!
2026-05-21 16:34:46,004 - INFO - evaluating now!
2026-05-21 16:34:46,716 - INFO - Epoch [3/30] train_loss: 0.4568, val_loss: 0.4848, lr: 0.001000, 8.22s
2026-05-21 16:34:46,811 - INFO - Saved model at 3
2026-05-21 16:34:46,812 - INFO - Val loss decrease from 0.4864 to 0.4848, saving to /home/lizhuoxuan/lzq/Bigscity-LibCity-master/outputs/20260521_163350__traffic_state_pred__new_fuzzy_2__METR_LA/model_cache/new_fuzzy_2_METR_LA_epoch3.tar
2026-05-21 16:34:48,215 - INFO - epoch complete!
2026-05-21 16:34:48,215 - INFO - evaluating now!
2026-05-21 16:34:48,955 - INFO - Epoch [3/30] train_loss: 0.4592, val_loss: 0.4731, lr: 0.001000, 8.48s
2026-05-21 16:34:48,994 - INFO - Saved model at 3
2026-05-21 16:34:48,994 - INFO - Val loss decrease from 0.4831 to 0.4731, saving to /home/lizhuoxuan/lzq/Bigscity-LibCity-master/outputs/20260521_163350__traffic_state_pred__new_fuzzy_2__METR_LA/model_cache/new_fuzzy_2_METR_LA_epoch3.tar
2026-05-21 16:34:53,264 - INFO - epoch complete!
2026-05-21 16:34:53,265 - INFO - evaluating now!
2026-05-21 16:34:53,992 - INFO - Epoch [4/30] train_loss: 0.4435, val_loss: 0.4707, lr: 0.001000, 8.23s
2026-05-21 16:34:54,046 - INFO - Saved model at 4
2026-05-21 16:34:54,046 - INFO - Val loss decrease from 0.4741 to 0.4707, saving to /home/lizhuoxuan/lzq/Bigscity-LibCity-master/outputs/20260521_163350__traffic_state_pred__new_fuzzy_2__METR_LA/model_cache/new_fuzzy_2_METR_LA_epoch4.tar
2026-05-21 16:34:54,341 - INFO - epoch complete!
2026-05-21 16:34:54,342 - INFO - evaluating now!
2026-05-21 16:34:55,061 - INFO - Epoch [4/30] train_loss: 0.4434, val_loss: 0.4770, lr: 0.001000, 8.25s
2026-05-21 16:34:55,099 - INFO - Saved model at 4
2026-05-21 16:34:55,099 - INFO - Val loss decrease from 0.4848 to 0.4770, saving to /home/lizhuoxuan/lzq/Bigscity-LibCity-master/outputs/20260521_163350__traffic_state_pred__new_fuzzy_2__METR_LA/model_cache/new_fuzzy_2_METR_LA_epoch4.tar
2026-05-21 16:34:56,830 - INFO - epoch complete!
2026-05-21 16:34:56,831 - INFO - evaluating now!
2026-05-21 16:34:57,609 - INFO - Epoch [4/30] train_loss: 0.4395, val_loss: 0.4554, lr: 0.001000, 8.61s
2026-05-21 16:34:57,646 - INFO - Saved model at 4
2026-05-21 16:34:57,646 - INFO - Val loss decrease from 0.4731 to 0.4554, saving to /home/lizhuoxuan/lzq/Bigscity-LibCity-master/outputs/20260521_163350__traffic_state_pred__new_fuzzy_2__METR_LA/model_cache/new_fuzzy_2_METR_LA_epoch4.tar
2026-05-21 16:34:58,192 - INFO - epoch complete!
2026-05-21 16:34:58,193 - INFO - evaluating now!
2026-05-21 16:34:59,634 - INFO - Epoch [1/30] train_loss: 0.4596, val_loss: 0.4883, lr: 0.001000, 22.66s
2026-05-21 16:34:59,672 - INFO - Saved model at 1
2026-05-21 16:34:59,673 - INFO - Val loss decrease from 0.5023 to 0.4883, saving to /home/lizhuoxuan/lzq/Bigscity-LibCity-master/outputs/20260521_163350__traffic_state_pred__new_fuzzy_2__METR_LA/model_cache/new_fuzzy_2_METR_LA_epoch1.tar
2026-05-21 16:35:01,489 - INFO - epoch complete!
2026-05-21 16:35:01,489 - INFO - evaluating now!
2026-05-21 16:35:02,172 - INFO - Epoch [5/30] train_loss: 0.4279, val_loss: 0.4542, lr: 0.001000, 8.13s
2026-05-21 16:35:02,234 - INFO - Saved model at 5
2026-05-21 16:35:02,234 - INFO - Val loss decrease from 0.4707 to 0.4542, saving to /home/lizhuoxuan/lzq/Bigscity-LibCity-master/outputs/20260521_163350__traffic_state_pred__new_fuzzy_2__METR_LA/model_cache/new_fuzzy_2_METR_LA_epoch5.tar
2026-05-21 16:35:02,555 - INFO - epoch complete!
2026-05-21 16:35:02,555 - INFO - evaluating now!
2026-05-21 16:35:03,262 - INFO - Epoch [5/30] train_loss: 0.4312, val_loss: 0.4679, lr: 0.001000, 8.16s
2026-05-21 16:35:03,300 - INFO - Saved model at 5
2026-05-21 16:35:03,300 - INFO - Val loss decrease from 0.4770 to 0.4679, saving to /home/lizhuoxuan/lzq/Bigscity-LibCity-master/outputs/20260521_163350__traffic_state_pred__new_fuzzy_2__METR_LA/model_cache/new_fuzzy_2_METR_LA_epoch5.tar
2026-05-21 16:35:05,401 - INFO - epoch complete!
2026-05-21 16:35:05,402 - INFO - evaluating now!
2026-05-21 16:35:06,166 - INFO - Epoch [5/30] train_loss: 0.4291, val_loss: 0.4745, lr: 0.001000, 8.52s
2026-05-21 16:35:09,669 - INFO - epoch complete!
2026-05-21 16:35:09,669 - INFO - evaluating now!
2026-05-21 16:35:10,366 - INFO - Epoch [6/30] train_loss: 0.4132, val_loss: 0.4250, lr: 0.001000, 8.13s
2026-05-21 16:35:10,404 - INFO - Saved model at 6
2026-05-21 16:35:10,404 - INFO - Val loss decrease from 0.4542 to 0.4250, saving to /home/lizhuoxuan/lzq/Bigscity-LibCity-master/outputs/20260521_163350__traffic_state_pred__new_fuzzy_2__METR_LA/model_cache/new_fuzzy_2_METR_LA_epoch6.tar
2026-05-21 16:35:10,769 - INFO - epoch complete!
2026-05-21 16:35:10,770 - INFO - evaluating now!
2026-05-21 16:35:11,499 - INFO - Epoch [6/30] train_loss: 0.4165, val_loss: 0.4318, lr: 0.001000, 8.20s
2026-05-21 16:35:11,686 - INFO - Saved model at 6
2026-05-21 16:35:11,687 - INFO - Val loss decrease from 0.4679 to 0.4318, saving to /home/lizhuoxuan/lzq/Bigscity-LibCity-master/outputs/20260521_163350__traffic_state_pred__new_fuzzy_2__METR_LA/model_cache/new_fuzzy_2_METR_LA_epoch6.tar
2026-05-21 16:35:13,971 - INFO - epoch complete!
2026-05-21 16:35:13,972 - INFO - evaluating now!
2026-05-21 16:35:14,707 - INFO - Epoch [6/30] train_loss: 0.4249, val_loss: 0.4761, lr: 0.001000, 8.54s
2026-05-21 16:35:17,742 - INFO - epoch complete!
2026-05-21 16:35:17,743 - INFO - evaluating now!
2026-05-21 16:35:18,435 - INFO - Epoch [7/30] train_loss: 0.3913, val_loss: 0.4333, lr: 0.001000, 8.03s
2026-05-21 16:35:19,219 - INFO - epoch complete!
2026-05-21 16:35:19,219 - INFO - evaluating now!
2026-05-21 16:35:19,948 - INFO - Epoch [7/30] train_loss: 0.3981, val_loss: 0.4080, lr: 0.001000, 8.26s
2026-05-21 16:35:19,987 - INFO - Saved model at 7
2026-05-21 16:35:19,987 - INFO - Val loss decrease from 0.4318 to 0.4080, saving to /home/lizhuoxuan/lzq/Bigscity-LibCity-master/outputs/20260521_163350__traffic_state_pred__new_fuzzy_2__METR_LA/model_cache/new_fuzzy_2_METR_LA_epoch7.tar
2026-05-21 16:35:21,413 - INFO - epoch complete!
2026-05-21 16:35:21,413 - INFO - evaluating now!
2026-05-21 16:35:22,545 - INFO - epoch complete!
2026-05-21 16:35:22,546 - INFO - evaluating now!
2026-05-21 16:35:22,814 - INFO - Epoch [2/30] train_loss: 0.4644, val_loss: 0.4886, lr: 0.001000, 23.14s
2026-05-21 16:35:23,308 - INFO - Epoch [7/30] train_loss: 0.3993, val_loss: 0.4241, lr: 0.001000, 8.60s
2026-05-21 16:35:23,348 - INFO - Saved model at 7
2026-05-21 16:35:23,348 - INFO - Val loss decrease from 0.4554 to 0.4241, saving to /home/lizhuoxuan/lzq/Bigscity-LibCity-master/outputs/20260521_163350__traffic_state_pred__new_fuzzy_2__METR_LA/model_cache/new_fuzzy_2_METR_LA_epoch7.tar
2026-05-21 16:35:25,742 - INFO - epoch complete!
2026-05-21 16:35:25,742 - INFO - evaluating now!
2026-05-21 16:35:26,469 - INFO - Epoch [8/30] train_loss: 0.3902, val_loss: 0.3981, lr: 0.001000, 8.03s
2026-05-21 16:35:26,505 - INFO - Saved model at 8
2026-05-21 16:35:26,505 - INFO - Val loss decrease from 0.4250 to 0.3981, saving to /home/lizhuoxuan/lzq/Bigscity-LibCity-master/outputs/20260521_163350__traffic_state_pred__new_fuzzy_2__METR_LA/model_cache/new_fuzzy_2_METR_LA_epoch8.tar
2026-05-21 16:35:27,521 - INFO - epoch complete!
2026-05-21 16:35:27,521 - INFO - evaluating now!
2026-05-21 16:35:28,227 - INFO - Epoch [8/30] train_loss: 0.3771, val_loss: 0.4025, lr: 0.001000, 8.24s
2026-05-21 16:35:28,318 - INFO - Saved model at 8
2026-05-21 16:35:28,318 - INFO - Val loss decrease from 0.4080 to 0.4025, saving to /home/lizhuoxuan/lzq/Bigscity-LibCity-master/outputs/20260521_163350__traffic_state_pred__new_fuzzy_2__METR_LA/model_cache/new_fuzzy_2_METR_LA_epoch8.tar
2026-05-21 16:35:31,077 - INFO - epoch complete!
2026-05-21 16:35:31,077 - INFO - evaluating now!
2026-05-21 16:35:31,838 - INFO - Epoch [8/30] train_loss: 0.3843, val_loss: 0.4220, lr: 0.001000, 8.49s
2026-05-21 16:35:31,969 - INFO - Saved model at 8
2026-05-21 16:35:31,969 - INFO - Val loss decrease from 0.4241 to 0.4220, saving to /home/lizhuoxuan/lzq/Bigscity-LibCity-master/outputs/20260521_163350__traffic_state_pred__new_fuzzy_2__METR_LA/model_cache/new_fuzzy_2_METR_LA_epoch8.tar
2026-05-21 16:35:33,967 - INFO - epoch complete!
2026-05-21 16:35:33,967 - INFO - evaluating now!
2026-05-21 16:35:34,656 - INFO - Epoch [9/30] train_loss: 0.3742, val_loss: 0.3581, lr: 0.001000, 8.15s
2026-05-21 16:35:34,691 - INFO - Saved model at 9
2026-05-21 16:35:34,691 - INFO - Val loss decrease from 0.3981 to 0.3581, saving to /home/lizhuoxuan/lzq/Bigscity-LibCity-master/outputs/20260521_163350__traffic_state_pred__new_fuzzy_2__METR_LA/model_cache/new_fuzzy_2_METR_LA_epoch9.tar
2026-05-21 16:35:35,774 - INFO - epoch complete!
2026-05-21 16:35:35,775 - INFO - evaluating now!
2026-05-21 16:35:36,486 - INFO - Epoch [9/30] train_loss: 0.3248, val_loss: 0.2854, lr: 0.001000, 8.17s
2026-05-21 16:35:36,546 - INFO - Saved model at 9
2026-05-21 16:35:36,546 - INFO - Val loss decrease from 0.4025 to 0.2854, saving to /home/lizhuoxuan/lzq/Bigscity-LibCity-master/outputs/20260521_163350__traffic_state_pred__new_fuzzy_2__METR_LA/model_cache/new_fuzzy_2_METR_LA_epoch9.tar
2026-05-21 16:35:39,731 - INFO - epoch complete!
2026-05-21 16:35:39,731 - INFO - evaluating now!
2026-05-21 16:35:40,486 - INFO - Epoch [9/30] train_loss: 0.3861, val_loss: 0.3684, lr: 0.001000, 8.52s
2026-05-21 16:35:40,602 - INFO - Saved model at 9
2026-05-21 16:35:40,602 - INFO - Val loss decrease from 0.4220 to 0.3684, saving to /home/lizhuoxuan/lzq/Bigscity-LibCity-master/outputs/20260521_163350__traffic_state_pred__new_fuzzy_2__METR_LA/model_cache/new_fuzzy_2_METR_LA_epoch9.tar
2026-05-21 16:35:42,170 - INFO - epoch complete!
2026-05-21 16:35:42,171 - INFO - evaluating now!
2026-05-21 16:35:42,870 - INFO - Epoch [10/30] train_loss: 0.2869, val_loss: 0.2808, lr: 0.001000, 8.18s
2026-05-21 16:35:43,018 - INFO - Saved model at 10
2026-05-21 16:35:43,019 - INFO - Val loss decrease from 0.3581 to 0.2808, saving to /home/lizhuoxuan/lzq/Bigscity-LibCity-master/outputs/20260521_163350__traffic_state_pred__new_fuzzy_2__METR_LA/model_cache/new_fuzzy_2_METR_LA_epoch10.tar
2026-05-21 16:35:43,603 - INFO - epoch complete!
2026-05-21 16:35:43,604 - INFO - evaluating now!
2026-05-21 16:35:44,048 - INFO - epoch complete!
2026-05-21 16:35:44,048 - INFO - evaluating now!
2026-05-21 16:35:44,766 - INFO - Epoch [10/30] train_loss: 0.2682, val_loss: 0.2552, lr: 0.001000, 8.22s
2026-05-21 16:35:44,866 - INFO - Saved model at 10
2026-05-21 16:35:44,866 - INFO - Val loss decrease from 0.2854 to 0.2552, saving to /home/lizhuoxuan/lzq/Bigscity-LibCity-master/outputs/20260521_163350__traffic_state_pred__new_fuzzy_2__METR_LA/model_cache/new_fuzzy_2_METR_LA_epoch10.tar
2026-05-21 16:35:45,235 - INFO - Epoch [3/30] train_loss: 0.4598, val_loss: 0.4834, lr: 0.001000, 22.42s
2026-05-21 16:35:45,273 - INFO - Saved model at 3
2026-05-21 16:35:45,273 - INFO - Val loss decrease from 0.4883 to 0.4834, saving to /home/lizhuoxuan/lzq/Bigscity-LibCity-master/outputs/20260521_163350__traffic_state_pred__new_fuzzy_2__METR_LA/model_cache/new_fuzzy_2_METR_LA_epoch3.tar
2026-05-21 16:35:48,338 - INFO - epoch complete!
2026-05-21 16:35:48,339 - INFO - evaluating now!
2026-05-21 16:35:49,077 - INFO - Epoch [10/30] train_loss: 0.2907, val_loss: 0.2603, lr: 0.001000, 8.47s
2026-05-21 16:35:49,113 - INFO - Saved model at 10
2026-05-21 16:35:49,114 - INFO - Val loss decrease from 0.3684 to 0.2603, saving to /home/lizhuoxuan/lzq/Bigscity-LibCity-master/outputs/20260521_163350__traffic_state_pred__new_fuzzy_2__METR_LA/model_cache/new_fuzzy_2_METR_LA_epoch10.tar
2026-05-21 16:35:50,475 - INFO - epoch complete!
2026-05-21 16:35:50,475 - INFO - evaluating now!
2026-05-21 16:35:51,168 - INFO - Epoch [11/30] train_loss: 0.2684, val_loss: 0.2533, lr: 0.001000, 8.15s
2026-05-21 16:35:51,206 - INFO - Saved model at 11
2026-05-21 16:35:51,207 - INFO - Val loss decrease from 0.2808 to 0.2533, saving to /home/lizhuoxuan/lzq/Bigscity-LibCity-master/outputs/20260521_163350__traffic_state_pred__new_fuzzy_2__METR_LA/model_cache/new_fuzzy_2_METR_LA_epoch11.tar
2026-05-21 16:35:52,409 - INFO - epoch complete!
2026-05-21 16:35:52,409 - INFO - evaluating now!
2026-05-21 16:35:53,175 - INFO - Epoch [11/30] train_loss: 0.2549, val_loss: 0.2513, lr: 0.001000, 8.31s
2026-05-21 16:35:53,215 - INFO - Saved model at 11
2026-05-21 16:35:53,215 - INFO - Val loss decrease from 0.2552 to 0.2513, saving to /home/lizhuoxuan/lzq/Bigscity-LibCity-master/outputs/20260521_163350__traffic_state_pred__new_fuzzy_2__METR_LA/model_cache/new_fuzzy_2_METR_LA_epoch11.tar
2026-05-21 16:35:56,859 - INFO - epoch complete!
2026-05-21 16:35:56,859 - INFO - evaluating now!
2026-05-21 16:35:57,604 - INFO - Epoch [11/30] train_loss: 0.2544, val_loss: 0.2443, lr: 0.001000, 8.49s
2026-05-21 16:35:57,721 - INFO - Saved model at 11
2026-05-21 16:35:57,721 - INFO - Val loss decrease from 0.2603 to 0.2443, saving to /home/lizhuoxuan/lzq/Bigscity-LibCity-master/outputs/20260521_163350__traffic_state_pred__new_fuzzy_2__METR_LA/model_cache/new_fuzzy_2_METR_LA_epoch11.tar
2026-05-21 16:35:58,684 - INFO - epoch complete!
2026-05-21 16:35:58,684 - INFO - evaluating now!
2026-05-21 16:35:59,366 - INFO - Epoch [12/30] train_loss: 0.2613, val_loss: 0.2534, lr: 0.001000, 8.16s
2026-05-21 16:36:00,750 - INFO - epoch complete!
2026-05-21 16:36:00,751 - INFO - evaluating now!
2026-05-21 16:36:01,465 - INFO - Epoch [12/30] train_loss: 0.2535, val_loss: 0.2401, lr: 0.001000, 8.25s
2026-05-21 16:36:01,502 - INFO - Saved model at 12
2026-05-21 16:36:01,502 - INFO - Val loss decrease from 0.2513 to 0.2401, saving to /home/lizhuoxuan/lzq/Bigscity-LibCity-master/outputs/20260521_163350__traffic_state_pred__new_fuzzy_2__METR_LA/model_cache/new_fuzzy_2_METR_LA_epoch12.tar
2026-05-21 16:36:05,520 - INFO - epoch complete!
2026-05-21 16:36:05,520 - INFO - evaluating now!
2026-05-21 16:36:06,273 - INFO - Epoch [12/30] train_loss: 0.2448, val_loss: 0.2438, lr: 0.001000, 8.55s
2026-05-21 16:36:06,370 - INFO - Saved model at 12
2026-05-21 16:36:06,370 - INFO - Val loss decrease from 0.2443 to 0.2438, saving to /home/lizhuoxuan/lzq/Bigscity-LibCity-master/outputs/20260521_163350__traffic_state_pred__new_fuzzy_2__METR_LA/model_cache/new_fuzzy_2_METR_LA_epoch12.tar
2026-05-21 16:36:06,546 - INFO - epoch complete!
2026-05-21 16:36:06,546 - INFO - evaluating now!
2026-05-21 16:36:06,832 - INFO - epoch complete!
2026-05-21 16:36:06,832 - INFO - evaluating now!
2026-05-21 16:36:07,532 - INFO - Epoch [13/30] train_loss: 0.2453, val_loss: 0.2430, lr: 0.001000, 8.17s
2026-05-21 16:36:07,586 - INFO - Saved model at 13
2026-05-21 16:36:07,586 - INFO - Val loss decrease from 0.2533 to 0.2430, saving to /home/lizhuoxuan/lzq/Bigscity-LibCity-master/outputs/20260521_163350__traffic_state_pred__new_fuzzy_2__METR_LA/model_cache/new_fuzzy_2_METR_LA_epoch13.tar
2026-05-21 16:36:08,030 - INFO - Epoch [4/30] train_loss: 0.4404, val_loss: 0.4714, lr: 0.001000, 22.76s
2026-05-21 16:36:08,067 - INFO - Saved model at 4
2026-05-21 16:36:08,068 - INFO - Val loss decrease from 0.4834 to 0.4714, saving to /home/lizhuoxuan/lzq/Bigscity-LibCity-master/outputs/20260521_163350__traffic_state_pred__new_fuzzy_2__METR_LA/model_cache/new_fuzzy_2_METR_LA_epoch4.tar
2026-05-21 16:36:09,050 - INFO - epoch complete!
2026-05-21 16:36:09,050 - INFO - evaluating now!
2026-05-21 16:36:09,787 - INFO - Epoch [13/30] train_loss: 0.2385, val_loss: 0.2808, lr: 0.001000, 8.29s
2026-05-21 16:36:14,114 - INFO - epoch complete!
2026-05-21 16:36:14,114 - INFO - evaluating now!
2026-05-21 16:36:14,870 - INFO - Epoch [13/30] train_loss: 0.2467, val_loss: 0.2372, lr: 0.001000, 8.50s
2026-05-21 16:36:14,909 - INFO - Saved model at 13
2026-05-21 16:36:14,909 - INFO - Val loss decrease from 0.2438 to 0.2372, saving to /home/lizhuoxuan/lzq/Bigscity-LibCity-master/outputs/20260521_163350__traffic_state_pred__new_fuzzy_2__METR_LA/model_cache/new_fuzzy_2_METR_LA_epoch13.tar
2026-05-21 16:36:15,030 - INFO - epoch complete!
2026-05-21 16:36:15,030 - INFO - evaluating now!
2026-05-21 16:36:15,742 - INFO - Epoch [14/30] train_loss: 0.2526, val_loss: 0.2537, lr: 0.001000, 8.16s
2026-05-21 16:36:17,332 - INFO - epoch complete!
2026-05-21 16:36:17,333 - INFO - evaluating now!
2026-05-21 16:36:18,092 - INFO - Epoch [14/30] train_loss: 0.2473, val_loss: 0.2415, lr: 0.001000, 8.30s
2026-05-21 16:36:22,667 - INFO - epoch complete!
2026-05-21 16:36:22,667 - INFO - evaluating now!
2026-05-21 16:36:23,195 - INFO - epoch complete!
2026-05-21 16:36:23,196 - INFO - evaluating now!
2026-05-21 16:36:23,420 - INFO - Epoch [14/30] train_loss: 0.2366, val_loss: 0.2378, lr: 0.001000, 8.51s
2026-05-21 16:36:23,886 - INFO - Epoch [15/30] train_loss: 0.2429, val_loss: 0.2404, lr: 0.001000, 8.14s
2026-05-21 16:36:23,923 - INFO - Saved model at 15
2026-05-21 16:36:23,923 - INFO - Val loss decrease from 0.2430 to 0.2404, saving to /home/lizhuoxuan/lzq/Bigscity-LibCity-master/outputs/20260521_163350__traffic_state_pred__new_fuzzy_2__METR_LA/model_cache/new_fuzzy_2_METR_LA_epoch15.tar
2026-05-21 16:36:25,675 - INFO - epoch complete!
2026-05-21 16:36:25,676 - INFO - evaluating now!
2026-05-21 16:36:26,432 - INFO - Epoch [15/30] train_loss: 0.2464, val_loss: 0.2414, lr: 0.001000, 8.34s
2026-05-21 16:36:28,340 - INFO - epoch complete!
2026-05-21 16:36:28,341 - INFO - evaluating now!
2026-05-21 16:36:30,079 - INFO - Epoch [5/30] train_loss: 0.4295, val_loss: 0.4556, lr: 0.001000, 22.01s
2026-05-21 16:36:30,268 - INFO - Saved model at 5
2026-05-21 16:36:30,269 - INFO - Val loss decrease from 0.4714 to 0.4556, saving to /home/lizhuoxuan/lzq/Bigscity-LibCity-master/outputs/20260521_163350__traffic_state_pred__new_fuzzy_2__METR_LA/model_cache/new_fuzzy_2_METR_LA_epoch5.tar
2026-05-21 16:36:31,139 - INFO - epoch complete!
2026-05-21 16:36:31,140 - INFO - evaluating now!
2026-05-21 16:36:31,409 - INFO - epoch complete!
2026-05-21 16:36:31,409 - INFO - evaluating now!
2026-05-21 16:36:31,904 - INFO - Epoch [15/30] train_loss: 0.2415, val_loss: 0.2360, lr: 0.001000, 8.48s
2026-05-21 16:36:32,045 - INFO - Saved model at 15
2026-05-21 16:36:32,045 - INFO - Val loss decrease from 0.2372 to 0.2360, saving to /home/lizhuoxuan/lzq/Bigscity-LibCity-master/outputs/20260521_163350__traffic_state_pred__new_fuzzy_2__METR_LA/model_cache/new_fuzzy_2_METR_LA_epoch15.tar
2026-05-21 16:36:32,117 - INFO - Epoch [16/30] train_loss: 0.2482, val_loss: 0.2385, lr: 0.001000, 8.19s
2026-05-21 16:36:32,151 - INFO - Saved model at 16
2026-05-21 16:36:32,152 - INFO - Val loss decrease from 0.2404 to 0.2385, saving to /home/lizhuoxuan/lzq/Bigscity-LibCity-master/outputs/20260521_163350__traffic_state_pred__new_fuzzy_2__METR_LA/model_cache/new_fuzzy_2_METR_LA_epoch16.tar
2026-05-21 16:36:33,980 - INFO - epoch complete!
2026-05-21 16:36:33,981 - INFO - evaluating now!
2026-05-21 16:36:34,723 - INFO - Epoch [16/30] train_loss: 0.2370, val_loss: 0.2393, lr: 0.001000, 8.29s
2026-05-21 16:36:34,761 - INFO - Saved model at 16
2026-05-21 16:36:34,761 - INFO - Val loss decrease from 0.2401 to 0.2393, saving to /home/lizhuoxuan/lzq/Bigscity-LibCity-master/outputs/20260521_163350__traffic_state_pred__new_fuzzy_2__METR_LA/model_cache/new_fuzzy_2_METR_LA_epoch16.tar
2026-05-21 16:36:39,580 - INFO - epoch complete!
2026-05-21 16:36:39,581 - INFO - evaluating now!
2026-05-21 16:36:39,843 - INFO - epoch complete!
2026-05-21 16:36:39,844 - INFO - evaluating now!
2026-05-21 16:36:40,276 - INFO - Epoch [17/30] train_loss: 0.2439, val_loss: 0.2321, lr: 0.001000, 8.12s
2026-05-21 16:36:40,312 - INFO - Saved model at 17
2026-05-21 16:36:40,312 - INFO - Val loss decrease from 0.2385 to 0.2321, saving to /home/lizhuoxuan/lzq/Bigscity-LibCity-master/outputs/20260521_163350__traffic_state_pred__new_fuzzy_2__METR_LA/model_cache/new_fuzzy_2_METR_LA_epoch17.tar
2026-05-21 16:36:40,631 - INFO - Epoch [16/30] train_loss: 0.2366, val_loss: 0.2491, lr: 0.001000, 8.59s
2026-05-21 16:36:42,280 - INFO - epoch complete!
2026-05-21 16:36:42,280 - INFO - evaluating now!
2026-05-21 16:36:42,997 - INFO - Epoch [17/30] train_loss: 0.2388, val_loss: 0.2397, lr: 0.001000, 8.24s
2026-05-21 16:36:47,801 - INFO - epoch complete!
2026-05-21 16:36:47,801 - INFO - evaluating now!
2026-05-21 16:36:48,395 - INFO - epoch complete!
2026-05-21 16:36:48,395 - INFO - evaluating now!
2026-05-21 16:36:48,499 - INFO - Epoch [18/30] train_loss: 0.2399, val_loss: 0.2406, lr: 0.001000, 8.19s
2026-05-21 16:36:49,149 - INFO - Epoch [17/30] train_loss: 0.2370, val_loss: 0.2489, lr: 0.001000, 8.52s
2026-05-21 16:36:50,115 - INFO - epoch complete!
2026-05-21 16:36:50,115 - INFO - evaluating now!
2026-05-21 16:36:50,555 - INFO - epoch complete!
2026-05-21 16:36:50,555 - INFO - evaluating now!
2026-05-21 16:36:51,268 - INFO - Epoch [18/30] train_loss: 0.2340, val_loss: 0.2369, lr: 0.001000, 8.27s
2026-05-21 16:36:51,304 - INFO - Saved model at 18
2026-05-21 16:36:51,304 - INFO - Val loss decrease from 0.2393 to 0.2369, saving to /home/lizhuoxuan/lzq/Bigscity-LibCity-master/outputs/20260521_163350__traffic_state_pred__new_fuzzy_2__METR_LA/model_cache/new_fuzzy_2_METR_LA_epoch18.tar
2026-05-21 16:36:52,015 - INFO - Epoch [6/30] train_loss: 0.4112, val_loss: 0.4290, lr: 0.001000, 21.75s
2026-05-21 16:36:52,162 - INFO - Saved model at 6
2026-05-21 16:36:52,163 - INFO - Val loss decrease from 0.4556 to 0.4290, saving to /home/lizhuoxuan/lzq/Bigscity-LibCity-master/outputs/20260521_163350__traffic_state_pred__new_fuzzy_2__METR_LA/model_cache/new_fuzzy_2_METR_LA_epoch6.tar
2026-05-21 16:36:55,965 - INFO - epoch complete!
2026-05-21 16:36:55,966 - INFO - evaluating now!
2026-05-21 16:36:56,691 - INFO - Epoch [19/30] train_loss: 0.2450, val_loss: 0.2291, lr: 0.001000, 8.19s
2026-05-21 16:36:56,727 - INFO - Saved model at 19
2026-05-21 16:36:56,727 - INFO - Val loss decrease from 0.2321 to 0.2291, saving to /home/lizhuoxuan/lzq/Bigscity-LibCity-master/outputs/20260521_163350__traffic_state_pred__new_fuzzy_2__METR_LA/model_cache/new_fuzzy_2_METR_LA_epoch19.tar
2026-05-21 16:36:56,954 - INFO - epoch complete!
2026-05-21 16:36:56,955 - INFO - evaluating now!
2026-05-21 16:36:57,703 - INFO - Epoch [18/30] train_loss: 0.2424, val_loss: 0.2453, lr: 0.001000, 8.55s
2026-05-21 16:36:58,866 - INFO - epoch complete!
2026-05-21 16:36:58,866 - INFO - evaluating now!
2026-05-21 16:36:59,582 - INFO - Epoch [19/30] train_loss: 0.2379, val_loss: 0.2319, lr: 0.001000, 8.28s
2026-05-21 16:36:59,619 - INFO - Saved model at 19
2026-05-21 16:36:59,619 - INFO - Val loss decrease from 0.2369 to 0.2319, saving to /home/lizhuoxuan/lzq/Bigscity-LibCity-master/outputs/20260521_163350__traffic_state_pred__new_fuzzy_2__METR_LA/model_cache/new_fuzzy_2_METR_LA_epoch19.tar
2026-05-21 16:37:04,161 - INFO - epoch complete!
2026-05-21 16:37:04,162 - INFO - evaluating now!
2026-05-21 16:37:04,855 - INFO - Epoch [20/30] train_loss: 0.2362, val_loss: 0.2266, lr: 0.001000, 8.13s
2026-05-21 16:37:04,895 - INFO - Saved model at 20
2026-05-21 16:37:04,895 - INFO - Val loss decrease from 0.2291 to 0.2266, saving to /home/lizhuoxuan/lzq/Bigscity-LibCity-master/outputs/20260521_163350__traffic_state_pred__new_fuzzy_2__METR_LA/model_cache/new_fuzzy_2_METR_LA_epoch20.tar
2026-05-21 16:37:05,516 - INFO - epoch complete!
2026-05-21 16:37:05,516 - INFO - evaluating now!
2026-05-21 16:37:06,249 - INFO - Epoch [19/30] train_loss: 0.2348, val_loss: 0.2331, lr: 0.001000, 8.55s
2026-05-21 16:37:06,377 - INFO - Saved model at 19
2026-05-21 16:37:06,378 - INFO - Val loss decrease from 0.2360 to 0.2331, saving to /home/lizhuoxuan/lzq/Bigscity-LibCity-master/outputs/20260521_163350__traffic_state_pred__new_fuzzy_2__METR_LA/model_cache/new_fuzzy_2_METR_LA_epoch19.tar
2026-05-21 16:37:07,190 - INFO - epoch complete!
2026-05-21 16:37:07,190 - INFO - evaluating now!
2026-05-21 16:37:07,894 - INFO - Epoch [20/30] train_loss: 0.2321, val_loss: 0.2408, lr: 0.001000, 8.27s
2026-05-21 16:37:12,355 - INFO - epoch complete!
2026-05-21 16:37:12,355 - INFO - evaluating now!
2026-05-21 16:37:13,046 - INFO - Epoch [21/30] train_loss: 0.2391, val_loss: 0.2304, lr: 0.001000, 8.15s
2026-05-21 16:37:13,766 - INFO - epoch complete!
2026-05-21 16:37:13,766 - INFO - evaluating now!
2026-05-21 16:37:14,158 - INFO - epoch complete!
2026-05-21 16:37:14,158 - INFO - evaluating now!
2026-05-21 16:37:14,899 - INFO - Epoch [20/30] train_loss: 0.2379, val_loss: 0.2348, lr: 0.001000, 8.52s
2026-05-21 16:37:15,420 - INFO - Epoch [7/30] train_loss: 0.3986, val_loss: 0.4006, lr: 0.001000, 23.26s
2026-05-21 16:37:15,431 - INFO - epoch complete!
2026-05-21 16:37:15,432 - INFO - evaluating now!
2026-05-21 16:37:15,457 - INFO - Saved model at 7
2026-05-21 16:37:15,457 - INFO - Val loss decrease from 0.4290 to 0.4006, saving to /home/lizhuoxuan/lzq/Bigscity-LibCity-master/outputs/20260521_163350__traffic_state_pred__new_fuzzy_2__METR_LA/model_cache/new_fuzzy_2_METR_LA_epoch7.tar
2026-05-21 16:37:16,143 - INFO - Epoch [21/30] train_loss: 0.2303, val_loss: 0.2348, lr: 0.001000, 8.25s
2026-05-21 16:37:20,531 - INFO - epoch complete!
2026-05-21 16:37:20,531 - INFO - evaluating now!
2026-05-21 16:37:21,219 - INFO - Epoch [22/30] train_loss: 0.2295, val_loss: 0.2275, lr: 0.001000, 8.17s
2026-05-21 16:37:22,647 - INFO - epoch complete!
2026-05-21 16:37:22,647 - INFO - evaluating now!
2026-05-21 16:37:23,405 - INFO - Epoch [21/30] train_loss: 0.2335, val_loss: 0.2328, lr: 0.001000, 8.51s
2026-05-21 16:37:23,487 - INFO - Saved model at 21
2026-05-21 16:37:23,487 - INFO - Val loss decrease from 0.2331 to 0.2328, saving to /home/lizhuoxuan/lzq/Bigscity-LibCity-master/outputs/20260521_163350__traffic_state_pred__new_fuzzy_2__METR_LA/model_cache/new_fuzzy_2_METR_LA_epoch21.tar
2026-05-21 16:37:23,733 - INFO - epoch complete!
2026-05-21 16:37:23,733 - INFO - evaluating now!
2026-05-21 16:37:24,441 - INFO - Epoch [22/30] train_loss: 0.2390, val_loss: 0.2290, lr: 0.001000, 8.30s
2026-05-21 16:37:24,477 - INFO - Saved model at 22
2026-05-21 16:37:24,478 - INFO - Val loss decrease from 0.2319 to 0.2290, saving to /home/lizhuoxuan/lzq/Bigscity-LibCity-master/outputs/20260521_163350__traffic_state_pred__new_fuzzy_2__METR_LA/model_cache/new_fuzzy_2_METR_LA_epoch22.tar
2026-05-21 16:37:28,646 - INFO - epoch complete!
2026-05-21 16:37:28,646 - INFO - evaluating now!
2026-05-21 16:37:29,325 - INFO - Epoch [23/30] train_loss: 0.2482, val_loss: 0.2385, lr: 0.001000, 8.11s
2026-05-21 16:37:31,242 - INFO - epoch complete!
2026-05-21 16:37:31,243 - INFO - evaluating now!
2026-05-21 16:37:31,992 - INFO - Epoch [22/30] train_loss: 0.2342, val_loss: 0.2297, lr: 0.001000, 8.50s
2026-05-21 16:37:32,030 - INFO - epoch complete!
2026-05-21 16:37:32,030 - INFO - evaluating now!
2026-05-21 16:37:32,043 - INFO - Saved model at 22
2026-05-21 16:37:32,043 - INFO - Val loss decrease from 0.2328 to 0.2297, saving to /home/lizhuoxuan/lzq/Bigscity-LibCity-master/outputs/20260521_163350__traffic_state_pred__new_fuzzy_2__METR_LA/model_cache/new_fuzzy_2_METR_LA_epoch22.tar
2026-05-21 16:37:32,744 - INFO - Epoch [23/30] train_loss: 0.2239, val_loss: 0.2278, lr: 0.001000, 8.27s
2026-05-21 16:37:32,780 - INFO - Saved model at 23
2026-05-21 16:37:32,780 - INFO - Val loss decrease from 0.2290 to 0.2278, saving to /home/lizhuoxuan/lzq/Bigscity-LibCity-master/outputs/20260521_163350__traffic_state_pred__new_fuzzy_2__METR_LA/model_cache/new_fuzzy_2_METR_LA_epoch23.tar
2026-05-21 16:37:34,599 - INFO - epoch complete!
2026-05-21 16:37:34,600 - INFO - evaluating now!
2026-05-21 16:37:36,694 - INFO - Epoch [8/30] train_loss: 0.3559, val_loss: 0.3029, lr: 0.001000, 21.24s
2026-05-21 16:37:36,730 - INFO - Saved model at 8
2026-05-21 16:37:36,731 - INFO - Val loss decrease from 0.4006 to 0.3029, saving to /home/lizhuoxuan/lzq/Bigscity-LibCity-master/outputs/20260521_163350__traffic_state_pred__new_fuzzy_2__METR_LA/model_cache/new_fuzzy_2_METR_LA_epoch8.tar
2026-05-21 16:37:36,783 - INFO - epoch complete!
2026-05-21 16:37:36,784 - INFO - evaluating now!
2026-05-21 16:37:37,480 - INFO - Epoch [24/30] train_loss: 0.2375, val_loss: 0.2302, lr: 0.001000, 8.15s
2026-05-21 16:37:39,799 - INFO - epoch complete!
2026-05-21 16:37:39,799 - INFO - evaluating now!
2026-05-21 16:37:40,197 - INFO - epoch complete!
2026-05-21 16:37:40,197 - INFO - evaluating now!
2026-05-21 16:37:40,563 - INFO - Epoch [23/30] train_loss: 0.2278, val_loss: 0.2433, lr: 0.001000, 8.52s
2026-05-21 16:37:40,953 - INFO - Epoch [24/30] train_loss: 0.2333, val_loss: 0.2311, lr: 0.001000, 8.17s
2026-05-21 16:37:44,974 - INFO - epoch complete!
2026-05-21 16:37:44,974 - INFO - evaluating now!
2026-05-21 16:37:45,658 - INFO - Epoch [25/30] train_loss: 0.2303, val_loss: 0.2255, lr: 0.001000, 8.18s
2026-05-21 16:37:45,694 - INFO - Saved model at 25
2026-05-21 16:37:45,694 - INFO - Val loss decrease from 0.2266 to 0.2255, saving to /home/lizhuoxuan/lzq/Bigscity-LibCity-master/outputs/20260521_163350__traffic_state_pred__new_fuzzy_2__METR_LA/model_cache/new_fuzzy_2_METR_LA_epoch25.tar
2026-05-21 16:37:48,305 - INFO - epoch complete!
2026-05-21 16:37:48,306 - INFO - evaluating now!
2026-05-21 16:37:48,487 - INFO - epoch complete!
2026-05-21 16:37:48,487 - INFO - evaluating now!
2026-05-21 16:37:49,064 - INFO - Epoch [24/30] train_loss: 0.2332, val_loss: 0.2286, lr: 0.001000, 8.50s
2026-05-21 16:37:49,099 - INFO - Saved model at 24
2026-05-21 16:37:49,099 - INFO - Val loss decrease from 0.2297 to 0.2286, saving to /home/lizhuoxuan/lzq/Bigscity-LibCity-master/outputs/20260521_163350__traffic_state_pred__new_fuzzy_2__METR_LA/model_cache/new_fuzzy_2_METR_LA_epoch24.tar
2026-05-21 16:37:49,213 - INFO - Epoch [25/30] train_loss: 0.2324, val_loss: 0.2328, lr: 0.001000, 8.26s
2026-05-21 16:37:53,188 - INFO - epoch complete!
2026-05-21 16:37:53,188 - INFO - evaluating now!
2026-05-21 16:37:53,886 - INFO - Epoch [26/30] train_loss: 0.2354, val_loss: 0.2241, lr: 0.001000, 8.19s
2026-05-21 16:37:53,921 - INFO - Saved model at 26
2026-05-21 16:37:53,921 - INFO - Val loss decrease from 0.2255 to 0.2241, saving to /home/lizhuoxuan/lzq/Bigscity-LibCity-master/outputs/20260521_163350__traffic_state_pred__new_fuzzy_2__METR_LA/model_cache/new_fuzzy_2_METR_LA_epoch26.tar
2026-05-21 16:37:56,185 - INFO - epoch complete!
2026-05-21 16:37:56,185 - INFO - evaluating now!
2026-05-21 16:37:56,743 - INFO - epoch complete!
2026-05-21 16:37:56,744 - INFO - evaluating now!
2026-05-21 16:37:56,919 - INFO - epoch complete!
2026-05-21 16:37:56,920 - INFO - evaluating now!
2026-05-21 16:37:57,475 - INFO - Epoch [26/30] train_loss: 0.2296, val_loss: 0.2285, lr: 0.001000, 8.26s
2026-05-21 16:37:57,693 - INFO - Epoch [25/30] train_loss: 0.2319, val_loss: 0.2307, lr: 0.001000, 8.59s
2026-05-21 16:37:57,876 - INFO - Epoch [9/30] train_loss: 0.2749, val_loss: 0.2568, lr: 0.001000, 21.14s
2026-05-21 16:37:57,912 - INFO - Saved model at 9
2026-05-21 16:37:57,912 - INFO - Val loss decrease from 0.3029 to 0.2568, saving to /home/lizhuoxuan/lzq/Bigscity-LibCity-master/outputs/20260521_163350__traffic_state_pred__new_fuzzy_2__METR_LA/model_cache/new_fuzzy_2_METR_LA_epoch9.tar
2026-05-21 16:38:01,339 - INFO - epoch complete!
2026-05-21 16:38:01,345 - INFO - evaluating now!
2026-05-21 16:38:02,042 - INFO - Epoch [27/30] train_loss: 0.2276, val_loss: 0.2280, lr: 0.001000, 8.12s
2026-05-21 16:38:04,956 - INFO - epoch complete!
2026-05-21 16:38:04,956 - INFO - evaluating now!
2026-05-21 16:38:05,459 - INFO - epoch complete!
2026-05-21 16:38:05,460 - INFO - evaluating now!
2026-05-21 16:38:05,688 - INFO - Epoch [27/30] train_loss: 0.2371, val_loss: 0.2275, lr: 0.001000, 8.21s
2026-05-21 16:38:05,724 - INFO - Saved model at 27
2026-05-21 16:38:05,724 - INFO - Val loss decrease from 0.2278 to 0.2275, saving to /home/lizhuoxuan/lzq/Bigscity-LibCity-master/outputs/20260521_163350__traffic_state_pred__new_fuzzy_2__METR_LA/model_cache/new_fuzzy_2_METR_LA_epoch27.tar
2026-05-21 16:38:06,229 - INFO - Epoch [26/30] train_loss: 0.2287, val_loss: 0.2268, lr: 0.001000, 8.54s
2026-05-21 16:38:06,268 - INFO - Saved model at 26
2026-05-21 16:38:06,268 - INFO - Val loss decrease from 0.2286 to 0.2268, saving to /home/lizhuoxuan/lzq/Bigscity-LibCity-master/outputs/20260521_163350__traffic_state_pred__new_fuzzy_2__METR_LA/model_cache/new_fuzzy_2_METR_LA_epoch26.tar
2026-05-21 16:38:09,509 - INFO - epoch complete!
2026-05-21 16:38:09,509 - INFO - evaluating now!
2026-05-21 16:38:10,204 - INFO - Epoch [28/30] train_loss: 0.2287, val_loss: 0.2244, lr: 0.001000, 8.16s
2026-05-21 16:38:13,257 - INFO - epoch complete!
2026-05-21 16:38:13,257 - INFO - evaluating now!
2026-05-21 16:38:13,980 - INFO - Epoch [28/30] train_loss: 0.2314, val_loss: 0.2270, lr: 0.001000, 8.26s
2026-05-21 16:38:14,015 - INFO - Saved model at 28
2026-05-21 16:38:14,015 - INFO - Val loss decrease from 0.2275 to 0.2270, saving to /home/lizhuoxuan/lzq/Bigscity-LibCity-master/outputs/20260521_163350__traffic_state_pred__new_fuzzy_2__METR_LA/model_cache/new_fuzzy_2_METR_LA_epoch28.tar
2026-05-21 16:38:14,069 - INFO - epoch complete!
2026-05-21 16:38:14,070 - INFO - evaluating now!
2026-05-21 16:38:14,824 - INFO - Epoch [27/30] train_loss: 0.2305, val_loss: 0.2306, lr: 0.001000, 8.56s
2026-05-21 16:38:17,686 - INFO - epoch complete!
2026-05-21 16:38:17,687 - INFO - evaluating now!
2026-05-21 16:38:18,376 - INFO - Epoch [29/30] train_loss: 0.2245, val_loss: 0.2240, lr: 0.001000, 8.17s
2026-05-21 16:38:18,411 - INFO - Saved model at 29
2026-05-21 16:38:18,411 - INFO - Val loss decrease from 0.2241 to 0.2240, saving to /home/lizhuoxuan/lzq/Bigscity-LibCity-master/outputs/20260521_163350__traffic_state_pred__new_fuzzy_2__METR_LA/model_cache/new_fuzzy_2_METR_LA_epoch29.tar
2026-05-21 16:38:18,411 - INFO - Trained totally 30 epochs, average train time is 7.477s, average eval time is 0.697s
2026-05-21 16:38:18,533 - INFO - Loaded model at 29
2026-05-21 16:38:18,533 - INFO - Start evaluating ...
2026-05-21 16:38:19,499 - INFO - epoch complete!
2026-05-21 16:38:19,499 - INFO - evaluating now!
2026-05-21 16:38:21,557 - INFO - epoch complete!
2026-05-21 16:38:21,558 - INFO - evaluating now!
2026-05-21 16:38:21,568 - INFO - Epoch [10/30] train_loss: 0.2579, val_loss: 0.2420, lr: 0.001000, 23.66s
2026-05-21 16:38:21,605 - INFO - Saved model at 10
2026-05-21 16:38:21,605 - INFO - Val loss decrease from 0.2568 to 0.2420, saving to /home/lizhuoxuan/lzq/Bigscity-LibCity-master/outputs/20260521_163350__traffic_state_pred__new_fuzzy_2__METR_LA/model_cache/new_fuzzy_2_METR_LA_epoch10.tar
2026-05-21 16:38:22,275 - INFO - Epoch [29/30] train_loss: 0.2373, val_loss: 0.2285, lr: 0.001000, 8.26s
2026-05-21 16:38:22,275 - INFO - Trained totally 30 epochs, average train time is 7.570s, average eval time is 0.725s
2026-05-21 16:38:22,421 - INFO - Loaded model at 28
2026-05-21 16:38:22,421 - INFO - Start evaluating ...
2026-05-21 16:38:22,657 - INFO - epoch complete!
2026-05-21 16:38:22,657 - INFO - evaluating now!
2026-05-21 16:38:23,388 - INFO - Epoch [28/30] train_loss: 0.2253, val_loss: 0.2271, lr: 0.001000, 8.56s
2026-05-21 16:38:31,126 - INFO - epoch complete!
2026-05-21 16:38:31,126 - INFO - evaluating now!
2026-05-21 16:38:31,870 - INFO - Epoch [29/30] train_loss: 0.2338, val_loss: 0.2286, lr: 0.001000, 8.48s
2026-05-21 16:38:31,871 - INFO - Trained totally 30 epochs, average train time is 7.845s, average eval time is 0.767s
2026-05-21 16:38:31,995 - INFO - Loaded model at 26
2026-05-21 16:38:31,995 - INFO - Start evaluating ...
2026-05-21 16:38:41,489 - INFO - epoch complete!
2026-05-21 16:38:41,489 - INFO - evaluating now!
2026-05-21 16:38:43,257 - INFO - Epoch [11/30] train_loss: 0.2518, val_loss: 0.2457, lr: 0.001000, 21.65s
2026-05-21 16:39:03,931 - INFO - epoch complete!
2026-05-21 16:39:03,932 - INFO - evaluating now!
2026-05-21 16:39:05,616 - INFO - Epoch [12/30] train_loss: 0.2438, val_loss: 0.2371, lr: 0.001000, 22.36s
2026-05-21 16:39:05,653 - INFO - Saved model at 12
2026-05-21 16:39:05,654 - INFO - Val loss decrease from 0.2420 to 0.2371, saving to /home/lizhuoxuan/lzq/Bigscity-LibCity-master/outputs/20260521_163350__traffic_state_pred__new_fuzzy_2__METR_LA/model_cache/new_fuzzy_2_METR_LA_epoch12.tar
2026-05-21 16:39:26,503 - INFO - epoch complete!
2026-05-21 16:39:26,503 - INFO - evaluating now!
2026-05-21 16:39:28,400 - INFO - Epoch [13/30] train_loss: 0.2536, val_loss: 0.2372, lr: 0.001000, 22.75s
2026-05-21 16:39:49,516 - INFO - epoch complete!
2026-05-21 16:39:49,517 - INFO - evaluating now!
2026-05-21 16:39:51,292 - INFO - Epoch [14/30] train_loss: 0.2458, val_loss: 0.2363, lr: 0.001000, 22.89s
2026-05-21 16:39:51,327 - INFO - Saved model at 14
2026-05-21 16:39:51,327 - INFO - Val loss decrease from 0.2371 to 0.2363, saving to /home/lizhuoxuan/lzq/Bigscity-LibCity-master/outputs/20260521_163350__traffic_state_pred__new_fuzzy_2__METR_LA/model_cache/new_fuzzy_2_METR_LA_epoch14.tar
2026-05-21 16:40:12,368 - INFO - epoch complete!
2026-05-21 16:40:12,368 - INFO - evaluating now!
2026-05-21 16:40:13,865 - INFO - Epoch [15/30] train_loss: 0.2421, val_loss: 0.2298, lr: 0.001000, 22.54s
2026-05-21 16:40:14,008 - INFO - Saved model at 15
2026-05-21 16:40:14,008 - INFO - Val loss decrease from 0.2363 to 0.2298, saving to /home/lizhuoxuan/lzq/Bigscity-LibCity-master/outputs/20260521_163350__traffic_state_pred__new_fuzzy_2__METR_LA/model_cache/new_fuzzy_2_METR_LA_epoch15.tar
2026-05-21 16:40:34,797 - INFO - epoch complete!
2026-05-21 16:40:34,798 - INFO - evaluating now!
2026-05-21 16:40:36,491 - INFO - Epoch [16/30] train_loss: 0.2384, val_loss: 0.2347, lr: 0.001000, 22.48s
2026-05-21 16:40:58,107 - INFO - epoch complete!
2026-05-21 16:40:58,108 - INFO - evaluating now!
2026-05-21 16:40:59,840 - INFO - Epoch [17/30] train_loss: 0.2375, val_loss: 0.2305, lr: 0.001000, 23.35s
2026-05-21 16:41:21,607 - INFO - epoch complete!
2026-05-21 16:41:21,607 - INFO - evaluating now!
2026-05-21 16:41:23,095 - INFO - Epoch [18/30] train_loss: 0.2431, val_loss: 0.2308, lr: 0.001000, 23.25s
2026-05-21 16:41:42,919 - INFO - epoch complete!
2026-05-21 16:41:42,920 - INFO - evaluating now!
2026-05-21 16:41:44,541 - INFO - Epoch [19/30] train_loss: 0.2321, val_loss: 0.2300, lr: 0.001000, 21.45s
2026-05-21 16:42:06,443 - INFO - epoch complete!
2026-05-21 16:42:06,443 - INFO - evaluating now!
2026-05-21 16:42:08,036 - INFO - Epoch [20/30] train_loss: 0.2390, val_loss: 0.2299, lr: 0.001000, 23.49s
2026-05-21 16:42:29,658 - INFO - epoch complete!
2026-05-21 16:42:29,658 - INFO - evaluating now!
2026-05-21 16:42:31,662 - INFO - Epoch [21/30] train_loss: 0.2366, val_loss: 0.2283, lr: 0.001000, 23.63s
2026-05-21 16:42:31,699 - INFO - Saved model at 21
2026-05-21 16:42:31,699 - INFO - Val loss decrease from 0.2298 to 0.2283, saving to /home/lizhuoxuan/lzq/Bigscity-LibCity-master/outputs/20260521_163350__traffic_state_pred__new_fuzzy_2__METR_LA/model_cache/new_fuzzy_2_METR_LA_epoch21.tar
2026-05-21 16:42:51,020 - INFO - epoch complete!
2026-05-21 16:42:51,020 - INFO - evaluating now!
2026-05-21 16:42:52,646 - INFO - Epoch [22/30] train_loss: 0.2289, val_loss: 0.2278, lr: 0.001000, 20.95s
2026-05-21 16:42:52,684 - INFO - Saved model at 22
2026-05-21 16:42:52,684 - INFO - Val loss decrease from 0.2283 to 0.2278, saving to /home/lizhuoxuan/lzq/Bigscity-LibCity-master/outputs/20260521_163350__traffic_state_pred__new_fuzzy_2__METR_LA/model_cache/new_fuzzy_2_METR_LA_epoch22.tar
2026-05-21 16:43:14,676 - INFO - epoch complete!
2026-05-21 16:43:14,676 - INFO - evaluating now!
2026-05-21 16:43:16,376 - INFO - Epoch [23/30] train_loss: 0.2339, val_loss: 0.2351, lr: 0.001000, 23.69s
2026-05-21 16:43:37,274 - INFO - epoch complete!
2026-05-21 16:43:37,274 - INFO - evaluating now!
2026-05-21 16:43:39,151 - INFO - Epoch [24/30] train_loss: 0.2323, val_loss: 0.2285, lr: 0.001000, 22.78s
2026-05-21 16:43:58,893 - INFO - epoch complete!
2026-05-21 16:43:58,894 - INFO - evaluating now!
2026-05-21 16:44:00,619 - INFO - Epoch [25/30] train_loss: 0.2362, val_loss: 0.2284, lr: 0.001000, 21.47s
2026-05-21 16:44:22,035 - INFO - epoch complete!
2026-05-21 16:44:22,036 - INFO - evaluating now!
2026-05-21 16:44:24,055 - INFO - Epoch [26/30] train_loss: 0.2368, val_loss: 0.2261, lr: 0.001000, 23.43s
2026-05-21 16:44:24,265 - INFO - Saved model at 26
2026-05-21 16:44:24,265 - INFO - Val loss decrease from 0.2278 to 0.2261, saving to /home/lizhuoxuan/lzq/Bigscity-LibCity-master/outputs/20260521_163350__traffic_state_pred__new_fuzzy_2__METR_LA/model_cache/new_fuzzy_2_METR_LA_epoch26.tar
2026-05-21 16:44:44,529 - INFO - epoch complete!
2026-05-21 16:44:44,530 - INFO - evaluating now!
2026-05-21 16:44:46,511 - INFO - Epoch [27/30] train_loss: 0.2318, val_loss: 0.2227, lr: 0.001000, 22.25s
2026-05-21 16:44:46,553 - INFO - Saved model at 27
2026-05-21 16:44:46,554 - INFO - Val loss decrease from 0.2261 to 0.2227, saving to /home/lizhuoxuan/lzq/Bigscity-LibCity-master/outputs/20260521_163350__traffic_state_pred__new_fuzzy_2__METR_LA/model_cache/new_fuzzy_2_METR_LA_epoch27.tar
2026-05-21 16:45:05,657 - INFO - epoch complete!
2026-05-21 16:45:05,657 - INFO - evaluating now!
2026-05-21 16:45:07,518 - INFO - Epoch [28/30] train_loss: 0.2367, val_loss: 0.2229, lr: 0.001000, 20.96s
2026-05-21 16:45:28,235 - INFO - epoch complete!
2026-05-21 16:45:28,235 - INFO - evaluating now!
2026-05-21 16:45:30,173 - INFO - Epoch [29/30] train_loss: 0.2307, val_loss: 0.2251, lr: 0.001000, 22.65s
2026-05-21 16:45:30,173 - INFO - Trained totally 30 epochs, average train time is 20.807s, average eval time is 1.748s
2026-05-21 16:45:31,525 - INFO - Loaded model at 27
2026-05-21 16:45:31,525 - INFO - Saved model at /home/lizhuoxuan/lzq/Bigscity-LibCity-master/outputs/20260521_163350__traffic_state_pred__new_fuzzy_2__METR_LA/model_cache/new_fuzzy_2_METR_LA.m
2026-05-21 16:45:31,569 - INFO - Start evaluating ...
2026-05-21 16:45:50,097 - INFO - Note that you select the single mode to evaluate!
2026-05-21 16:45:50,104 - INFO - Evaluate result is saved at /home/lizhuoxuan/lzq/Bigscity-LibCity-master/outputs/20260521_163350__traffic_state_pred__new_fuzzy_2__METR_LA/evaluate_cache/2026_05_21_16_45_50_new_fuzzy_2_METR_LA.csv
2026-05-21 16:45:50,117 - INFO - 
         MAE      MAPE         MSE  ...  masked_RMSE        R2      EVAR
1   3.051865  0.069646   54.274487  ...     5.647068  0.895313  0.895934
2   3.564507  0.081908   77.356445  ...     6.987401  0.850794  0.851500
3   4.012589  0.092030   99.123611  ...     8.036269  0.808813  0.809632
4   4.425498  0.101258  119.643478  ...     8.907137  0.769244  0.770184
5   4.810116  0.109998  138.866455  ...     9.644051  0.732176  0.733271
6   5.182406  0.118446  157.563385  ...    10.299046  0.696122  0.697403
7   5.522419  0.126241  174.719437  ...    10.866649  0.663045  0.664545
8   5.844536  0.133759  191.025558  ...    11.381290  0.631607  0.633348
9   6.130631  0.140663  205.323944  ...    11.818324  0.604043  0.606020
10  6.398551  0.147244  218.532288  ...    12.211873  0.578586  0.580820
11  6.652254  0.153437  231.035263  ...    12.578747  0.554491  0.556943
12  6.911364  0.159625  243.911865  ...    12.943066  0.529676  0.532325

[12 rows x 10 columns]
