2026-05-08 14:11:35,344 - INFO - Log directory: /home/lizhuoxuan/lzq/Bigscity-LibCity-master/outputs/20260508_141135__traffic_state_pred__new_diffusion_fuzzy__PEMSD4/logs
2026-05-08 14:11:35,347 - INFO - Log directory: /home/lizhuoxuan/lzq/Bigscity-LibCity-master/outputs/20260508_141135__traffic_state_pred__new_diffusion_fuzzy__PEMSD4/logs
2026-05-08 14:11:35,669 - INFO - Log directory: /home/lizhuoxuan/lzq/Bigscity-LibCity-master/outputs/20260508_141135__traffic_state_pred__new_diffusion_fuzzy__PEMSD4/logs
2026-05-08 14:11:35,696 - INFO - Log directory: /home/lizhuoxuan/lzq/Bigscity-LibCity-master/outputs/20260508_141135__traffic_state_pred__new_diffusion_fuzzy__PEMSD4/logs
2026-05-08 14:11:35,788 - INFO - Begin artifact training pipeline, task=traffic_state_pred, model_name=new_diffusion_fuzzy, dataset_name=PEMSD4, exp_id=20260508_141135__traffic_state_pred__new_diffusion_fuzzy__PEMSD4
2026-05-08 14:11:35,788 - INFO - {'task': 'traffic_state_pred', 'model': 'new_diffusion_fuzzy', 'dataset': 'PEMSD4', 'saved_model': True, 'train': True, 'seed': 42, 'train_rate': 0.6, 'eval_rate': 0.2, 'batch_size': 32, 'learning_rate': 0.001, 'max_epoch': 10, 'dataset_class': 'TrafficStatePointDataset', 'executor': 'DiffusionTrafficStateExecutor', 'evaluator': 'TrafficStateEvaluator', 'adaptive_graph_blend_init': 0.5, 'adaptive_graph_embed_dim': 32, 'adaptive_graph_topk': 12, 'beta_end': 0.02, 'beta_start': 0.0001, 'calculate_weight_adj': False, 'data_col': ['traffic_flow', 'traffic_occupancy', 'traffic_speed'], 'data_files': ['PEMSD4'], 'ddim_eta': 0, 'denoiser_layers': 4, 'device': device(type='cuda', index=0), 'diffusion_schedule': 'linear', 'diffusion_steps': 200, 'disturb_rate': 0.5, 'dropout': 0.1, 'dyna': {'including_types': ['state'], 'state': {'entity_id': 'geo_id', 'traffic_flow': 'num', 'traffic_occupancy': 'num', 'traffic_speed': 'num'}}, 'encoder_layers': 2, 'eval_batch_size': 32, 'evaluator_mode': 'single', 'ffn_hidden_dim': 256, 'flow_conservation_coeff': 1, 'fuzzy_conservation_temperature': 8, 'fuzzy_conservation_threshold': 0.6, 'fuzzy_graph_num_sets': 3, 'fuzzy_graph_sigma_init': 0.7, 'geo': {'including_types': ['Point'], 'Point': {}}, 'geo_file': 'PEMSD4', 'graph_k_hop': 2, 'hidden_dim': 128, 'init_weight_inf_or_zero': 'zero', 'is_distributed': True, 'metrics': ['MAE', 'MAPE', 'MSE', 'RMSE', 'masked_MAE', 'masked_MAPE', 'masked_MSE', 'masked_RMSE', 'R2', 'EVAR'], 'noise_SD': [10], 'noise_mean': [5], 'noise_type': 'gaussian', 'num_heads': 4, 'num_prediction_samples': 1, 'num_sampling_steps': 50, 'num_workers': 0, 'output_dim': 3, 'pad_with_last_sample': True, 'physics_channel_idx': 0, 'physics_loss_weight': 0, 'physics_warmup_mode': 'linear', 'physics_warmup_start_ratio': 0.2, 'physics_warmup_steps': 3000, 'rank': 0, 'rel': {'including_types': ['geo'], 'geo': {'cost': 'num'}}, 'rel_file': 'PEMSD4', 'robustness_test': False, 'sampling_method': 'ddim', 'save_mode': ['csv'], 'scale_lr': False, 'set_weight_link_or_dist': 'link', 'time_intervals': 300, 'use_adaptive_graph': True, 'use_amp': False, 'use_fuzzy_conservation': True, 'use_fuzzy_graph': True, 'use_gradient_checkpointing': False, 'use_spatiotemporal_attention': True, 'use_temporal_position_embedding': True, 'weight_adj_epsilon': 0.1, 'weight_col': 'cost', 'world_size': 4, 'clip_grad_norm': True, 'epoch': 0, 'gpu': True, 'gpu_id': 0, 'learner': 'adamw', 'load_best_epoch': True, 'log_every': 1, 'lr_T_max': 10, 'lr_decay': True, 'lr_eta_min': 1e-05, 'lr_scheduler': 'cosineannealinglr', 'max_grad_norm': 3, 'patience': 30, 'train_loss': 'none', 'use_early_stop': True, 'weight_decay': 0.0001, 'data_version_id': 'dv_1778220567_6a863e6d', 'input_window': 12, 'output_window': 12, 'scaler': 'standard', 'load_external': False, 'normal_external': False, 'add_time_in_day': True, 'add_day_in_week': True, 'cache_dataset': True, 'ext_scaler': 'none', 'local_rank': 0, 'dist_backend': 'nccl', 'exp_id': '20260508_141135__traffic_state_pred__new_diffusion_fuzzy__PEMSD4'}
2026-05-08 14:11:45,862 - INFO - You select `adamw` optimizer.
2026-05-08 14:11:45,862 - INFO - You select `adamw` optimizer.
2026-05-08 14:11:45,862 - INFO - DistributedDataParallel(
  (module): NewDiffusion(
    (condition_encoder): STEncoder(
      (input_projection): Linear(in_features=3, out_features=128, bias=True)
      (blocks): ModuleList(
        (0-1): 2 x STEncoderBlock(
          (temporal_attention): MultiHeadAttention(
            (query_projection): Linear(in_features=128, out_features=128, bias=True)
            (key_projection): Linear(in_features=128, out_features=128, bias=True)
            (value_projection): Linear(in_features=128, out_features=128, bias=True)
            (output_projection): Linear(in_features=128, out_features=128, bias=True)
            (dropout): Dropout(p=0.1, inplace=False)
          )
          (graph_convolution): GraphConvolution(
            (projections): ModuleList(
              (0-2): 3 x Linear(in_features=128, out_features=128, bias=True)
            )
          )
          (feed_forward): FeedForwardNetwork(
            (network): Sequential(
              (0): Linear(in_features=128, out_features=256, bias=True)
              (1): GELU(approximate='none')
              (2): Dropout(p=0.1, inplace=False)
              (3): Linear(in_features=256, out_features=128, bias=True)
              (4): Dropout(p=0.1, inplace=False)
            )
          )
          (norm_temporal): LayerNorm((128,), eps=1e-05, elementwise_affine=True)
          (norm_graph): LayerNorm((128,), eps=1e-05, elementwise_affine=True)
          (norm_ffn): LayerNorm((128,), eps=1e-05, elementwise_affine=True)
          (dropout): Dropout(p=0.1, inplace=False)
        )
      )
      (final_norm): LayerNorm((128,), eps=1e-05, elementwise_affine=True)
    )
    (noise_predictor): AttentionDenoiser(
      (input_projection): Linear(in_features=3, out_features=128, bias=True)
      (time_embedding): SinusoidalTimeEmbedding()
      (time_projection): Sequential(
        (0): Linear(in_features=128, out_features=128, bias=True)
        (1): SiLU()
        (2): Linear(in_features=128, out_features=128, bias=True)
      )
      (condition_fusion): Linear(in_features=256, out_features=128, bias=True)
      (blocks): ModuleList(
        (0-3): 4 x DenoiserBlock(
          (temporal_attention): MultiHeadAttention(
            (query_projection): Linear(in_features=128, out_features=128, bias=True)
            (key_projection): Linear(in_features=128, out_features=128, bias=True)
            (value_projection): Linear(in_features=128, out_features=128, bias=True)
            (output_projection): Linear(in_features=128, out_features=128, bias=True)
            (dropout): Dropout(p=0.1, inplace=False)
          )
          (graph_convolution): GraphConvolution(
            (projections): ModuleList(
              (0-2): 3 x Linear(in_features=128, out_features=128, bias=True)
            )
          )
          (cross_attention): MultiHeadAttention(
            (query_projection): Linear(in_features=128, out_features=128, bias=True)
            (key_projection): Linear(in_features=128, out_features=128, bias=True)
            (value_projection): Linear(in_features=128, out_features=128, bias=True)
            (output_projection): Linear(in_features=128, out_features=128, bias=True)
            (dropout): Dropout(p=0.1, inplace=False)
          )
          (spatiotemporal_attention): MultiHeadAttention(
            (query_projection): Linear(in_features=128, out_features=128, bias=True)
            (key_projection): Linear(in_features=128, out_features=128, bias=True)
            (value_projection): Linear(in_features=128, out_features=128, bias=True)
            (output_projection): Linear(in_features=128, out_features=128, bias=True)
            (dropout): Dropout(p=0.1, inplace=False)
          )
          (feed_forward): FeedForwardNetwork(
            (network): Sequential(
              (0): Linear(in_features=128, out_features=256, bias=True)
              (1): GELU(approximate='none')
              (2): Dropout(p=0.1, inplace=False)
              (3): Linear(in_features=256, out_features=128, bias=True)
              (4): Dropout(p=0.1, inplace=False)
            )
          )
          (norm_temporal): LayerNorm((128,), eps=1e-05, elementwise_affine=True)
          (norm_graph): LayerNorm((128,), eps=1e-05, elementwise_affine=True)
          (norm_cross): LayerNorm((128,), eps=1e-05, elementwise_affine=True)
          (norm_spatiotemporal): LayerNorm((128,), eps=1e-05, elementwise_affine=True)
          (norm_ffn): LayerNorm((128,), eps=1e-05, elementwise_affine=True)
          (dropout): Dropout(p=0.1, inplace=False)
        )
      )
      (final_norm): LayerNorm((128,), eps=1e-05, elementwise_affine=True)
      (output_projection): Linear(in_features=128, out_features=3, bias=True)
      (adaptive_graph_learner): AdaptiveGraphLearner(
        (feature_projection): Linear(in_features=128, out_features=32, bias=True)
        (time_projection): Linear(in_features=128, out_features=32, bias=True)
      )
    )
    (diffusion_scheduler): DiffusionScheduler()
  )
)
2026-05-08 14:11:45,862 - INFO - You select `cosineannealinglr` lr_scheduler.
2026-05-08 14:11:45,863 - INFO - You select `adamw` optimizer.
2026-05-08 14:11:45,863 - WARNING - Received none train loss func and will use the loss func defined in the model.
2026-05-08 14:11:45,863 - INFO - Start training ...
2026-05-08 14:11:45,863 - INFO - You select `cosineannealinglr` lr_scheduler.
2026-05-08 14:11:45,863 - INFO - num_batches:80
2026-05-08 14:11:45,863 - WARNING - Received none train loss func and will use the loss func defined in the model.
2026-05-08 14:11:45,863 - INFO - Start training ...
2026-05-08 14:11:45,863 - INFO - num_batches:80
2026-05-08 14:11:45,863 - INFO - module.condition_encoder.temporal_position_embedding	torch.Size([1, 12, 1, 128])	cuda:0	True
2026-05-08 14:11:45,863 - INFO - module.condition_encoder.input_projection.weight	torch.Size([128, 3])	cuda:0	True
2026-05-08 14:11:45,863 - INFO - module.condition_encoder.input_projection.bias	torch.Size([128])	cuda:0	True
2026-05-08 14:11:45,863 - INFO - module.condition_encoder.blocks.0.temporal_attention.query_projection.weight	torch.Size([128, 128])	cuda:0	True
2026-05-08 14:11:45,863 - INFO - module.condition_encoder.blocks.0.temporal_attention.query_projection.bias	torch.Size([128])	cuda:0	True
2026-05-08 14:11:45,863 - INFO - module.condition_encoder.blocks.0.temporal_attention.key_projection.weight	torch.Size([128, 128])	cuda:0	True
2026-05-08 14:11:45,863 - INFO - module.condition_encoder.blocks.0.temporal_attention.key_projection.bias	torch.Size([128])	cuda:0	True
2026-05-08 14:11:45,863 - INFO - module.condition_encoder.blocks.0.temporal_attention.value_projection.weight	torch.Size([128, 128])	cuda:0	True
2026-05-08 14:11:45,863 - INFO - You select `cosineannealinglr` lr_scheduler.
2026-05-08 14:11:45,863 - INFO - module.condition_encoder.blocks.0.temporal_attention.value_projection.bias	torch.Size([128])	cuda:0	True
2026-05-08 14:11:45,863 - INFO - module.condition_encoder.blocks.0.temporal_attention.output_projection.weight	torch.Size([128, 128])	cuda:0	True
2026-05-08 14:11:45,863 - INFO - module.condition_encoder.blocks.0.temporal_attention.output_projection.bias	torch.Size([128])	cuda:0	True
2026-05-08 14:11:45,863 - INFO - module.condition_encoder.blocks.0.graph_convolution.projections.0.weight	torch.Size([128, 128])	cuda:0	True
2026-05-08 14:11:45,863 - WARNING - Received none train loss func and will use the loss func defined in the model.
2026-05-08 14:11:45,863 - INFO - module.condition_encoder.blocks.0.graph_convolution.projections.0.bias	torch.Size([128])	cuda:0	True
2026-05-08 14:11:45,863 - INFO - module.condition_encoder.blocks.0.graph_convolution.projections.1.weight	torch.Size([128, 128])	cuda:0	True
2026-05-08 14:11:45,863 - INFO - module.condition_encoder.blocks.0.graph_convolution.projections.1.bias	torch.Size([128])	cuda:0	True
2026-05-08 14:11:45,863 - INFO - Start training ...
2026-05-08 14:11:45,863 - INFO - module.condition_encoder.blocks.0.graph_convolution.projections.2.weight	torch.Size([128, 128])	cuda:0	True
2026-05-08 14:11:45,863 - INFO - module.condition_encoder.blocks.0.graph_convolution.projections.2.bias	torch.Size([128])	cuda:0	True
2026-05-08 14:11:45,863 - INFO - num_batches:80
2026-05-08 14:11:45,863 - INFO - module.condition_encoder.blocks.0.feed_forward.network.0.weight	torch.Size([256, 128])	cuda:0	True
2026-05-08 14:11:45,863 - INFO - module.condition_encoder.blocks.0.feed_forward.network.0.bias	torch.Size([256])	cuda:0	True
2026-05-08 14:11:45,863 - INFO - module.condition_encoder.blocks.0.feed_forward.network.3.weight	torch.Size([128, 256])	cuda:0	True
2026-05-08 14:11:45,864 - INFO - module.condition_encoder.blocks.0.feed_forward.network.3.bias	torch.Size([128])	cuda:0	True
2026-05-08 14:11:45,864 - INFO - module.condition_encoder.blocks.0.norm_temporal.weight	torch.Size([128])	cuda:0	True
2026-05-08 14:11:45,864 - INFO - module.condition_encoder.blocks.0.norm_temporal.bias	torch.Size([128])	cuda:0	True
2026-05-08 14:11:45,864 - INFO - module.condition_encoder.blocks.0.norm_graph.weight	torch.Size([128])	cuda:0	True
2026-05-08 14:11:45,864 - INFO - module.condition_encoder.blocks.0.norm_graph.bias	torch.Size([128])	cuda:0	True
2026-05-08 14:11:45,864 - INFO - module.condition_encoder.blocks.0.norm_ffn.weight	torch.Size([128])	cuda:0	True
2026-05-08 14:11:45,864 - INFO - module.condition_encoder.blocks.0.norm_ffn.bias	torch.Size([128])	cuda:0	True
2026-05-08 14:11:45,864 - INFO - module.condition_encoder.blocks.1.temporal_attention.query_projection.weight	torch.Size([128, 128])	cuda:0	True
2026-05-08 14:11:45,864 - INFO - module.condition_encoder.blocks.1.temporal_attention.query_projection.bias	torch.Size([128])	cuda:0	True
2026-05-08 14:11:45,864 - INFO - module.condition_encoder.blocks.1.temporal_attention.key_projection.weight	torch.Size([128, 128])	cuda:0	True
2026-05-08 14:11:45,864 - INFO - module.condition_encoder.blocks.1.temporal_attention.key_projection.bias	torch.Size([128])	cuda:0	True
2026-05-08 14:11:45,864 - INFO - module.condition_encoder.blocks.1.temporal_attention.value_projection.weight	torch.Size([128, 128])	cuda:0	True
2026-05-08 14:11:45,864 - INFO - module.condition_encoder.blocks.1.temporal_attention.value_projection.bias	torch.Size([128])	cuda:0	True
2026-05-08 14:11:45,864 - INFO - module.condition_encoder.blocks.1.temporal_attention.output_projection.weight	torch.Size([128, 128])	cuda:0	True
2026-05-08 14:11:45,864 - INFO - module.condition_encoder.blocks.1.temporal_attention.output_projection.bias	torch.Size([128])	cuda:0	True
2026-05-08 14:11:45,864 - INFO - module.condition_encoder.blocks.1.graph_convolution.projections.0.weight	torch.Size([128, 128])	cuda:0	True
2026-05-08 14:11:45,864 - INFO - module.condition_encoder.blocks.1.graph_convolution.projections.0.bias	torch.Size([128])	cuda:0	True
2026-05-08 14:11:45,864 - INFO - module.condition_encoder.blocks.1.graph_convolution.projections.1.weight	torch.Size([128, 128])	cuda:0	True
2026-05-08 14:11:45,864 - INFO - module.condition_encoder.blocks.1.graph_convolution.projections.1.bias	torch.Size([128])	cuda:0	True
2026-05-08 14:11:45,864 - INFO - module.condition_encoder.blocks.1.graph_convolution.projections.2.weight	torch.Size([128, 128])	cuda:0	True
2026-05-08 14:11:45,864 - INFO - module.condition_encoder.blocks.1.graph_convolution.projections.2.bias	torch.Size([128])	cuda:0	True
2026-05-08 14:11:45,864 - INFO - module.condition_encoder.blocks.1.feed_forward.network.0.weight	torch.Size([256, 128])	cuda:0	True
2026-05-08 14:11:45,864 - INFO - module.condition_encoder.blocks.1.feed_forward.network.0.bias	torch.Size([256])	cuda:0	True
2026-05-08 14:11:45,864 - INFO - module.condition_encoder.blocks.1.feed_forward.network.3.weight	torch.Size([128, 256])	cuda:0	True
2026-05-08 14:11:45,864 - INFO - module.condition_encoder.blocks.1.feed_forward.network.3.bias	torch.Size([128])	cuda:0	True
2026-05-08 14:11:45,864 - INFO - module.condition_encoder.blocks.1.norm_temporal.weight	torch.Size([128])	cuda:0	True
2026-05-08 14:11:45,864 - INFO - module.condition_encoder.blocks.1.norm_temporal.bias	torch.Size([128])	cuda:0	True
2026-05-08 14:11:45,864 - INFO - module.condition_encoder.blocks.1.norm_graph.weight	torch.Size([128])	cuda:0	True
2026-05-08 14:11:45,864 - INFO - module.condition_encoder.blocks.1.norm_graph.bias	torch.Size([128])	cuda:0	True
2026-05-08 14:11:45,864 - INFO - module.condition_encoder.blocks.1.norm_ffn.weight	torch.Size([128])	cuda:0	True
2026-05-08 14:11:45,864 - INFO - module.condition_encoder.blocks.1.norm_ffn.bias	torch.Size([128])	cuda:0	True
2026-05-08 14:11:45,864 - INFO - module.condition_encoder.final_norm.weight	torch.Size([128])	cuda:0	True
2026-05-08 14:11:45,864 - INFO - module.condition_encoder.final_norm.bias	torch.Size([128])	cuda:0	True
2026-05-08 14:11:45,864 - INFO - module.noise_predictor.future_position_embedding	torch.Size([1, 12, 1, 128])	cuda:0	True
2026-05-08 14:11:45,864 - INFO - module.noise_predictor.condition_temporal_weight	torch.Size([12])	cuda:0	True
2026-05-08 14:11:45,864 - INFO - module.noise_predictor.input_projection.weight	torch.Size([128, 3])	cuda:0	True
2026-05-08 14:11:45,864 - INFO - module.noise_predictor.input_projection.bias	torch.Size([128])	cuda:0	True
2026-05-08 14:11:45,864 - INFO - module.noise_predictor.time_projection.0.weight	torch.Size([128, 128])	cuda:0	True
2026-05-08 14:11:45,864 - INFO - module.noise_predictor.time_projection.0.bias	torch.Size([128])	cuda:0	True
2026-05-08 14:11:45,865 - INFO - module.noise_predictor.time_projection.2.weight	torch.Size([128, 128])	cuda:0	True
2026-05-08 14:11:45,865 - INFO - module.noise_predictor.time_projection.2.bias	torch.Size([128])	cuda:0	True
2026-05-08 14:11:45,865 - INFO - module.noise_predictor.condition_fusion.weight	torch.Size([128, 256])	cuda:0	True
2026-05-08 14:11:45,865 - INFO - module.noise_predictor.condition_fusion.bias	torch.Size([128])	cuda:0	True
2026-05-08 14:11:45,865 - INFO - module.noise_predictor.blocks.0.temporal_attention.query_projection.weight	torch.Size([128, 128])	cuda:0	True
2026-05-08 14:11:45,865 - INFO - module.noise_predictor.blocks.0.temporal_attention.query_projection.bias	torch.Size([128])	cuda:0	True
2026-05-08 14:11:45,865 - INFO - module.noise_predictor.blocks.0.temporal_attention.key_projection.weight	torch.Size([128, 128])	cuda:0	True
2026-05-08 14:11:45,865 - INFO - module.noise_predictor.blocks.0.temporal_attention.key_projection.bias	torch.Size([128])	cuda:0	True
2026-05-08 14:11:45,865 - INFO - module.noise_predictor.blocks.0.temporal_attention.value_projection.weight	torch.Size([128, 128])	cuda:0	True
2026-05-08 14:11:45,865 - INFO - module.noise_predictor.blocks.0.temporal_attention.value_projection.bias	torch.Size([128])	cuda:0	True
2026-05-08 14:11:45,865 - INFO - module.noise_predictor.blocks.0.temporal_attention.output_projection.weight	torch.Size([128, 128])	cuda:0	True
2026-05-08 14:11:45,865 - INFO - module.noise_predictor.blocks.0.temporal_attention.output_projection.bias	torch.Size([128])	cuda:0	True
2026-05-08 14:11:45,865 - INFO - module.noise_predictor.blocks.0.graph_convolution.projections.0.weight	torch.Size([128, 128])	cuda:0	True
2026-05-08 14:11:45,865 - INFO - module.noise_predictor.blocks.0.graph_convolution.projections.0.bias	torch.Size([128])	cuda:0	True
2026-05-08 14:11:45,865 - INFO - module.noise_predictor.blocks.0.graph_convolution.projections.1.weight	torch.Size([128, 128])	cuda:0	True
2026-05-08 14:11:45,865 - INFO - module.noise_predictor.blocks.0.graph_convolution.projections.1.bias	torch.Size([128])	cuda:0	True
2026-05-08 14:11:45,865 - INFO - module.noise_predictor.blocks.0.graph_convolution.projections.2.weight	torch.Size([128, 128])	cuda:0	True
2026-05-08 14:11:45,865 - INFO - module.noise_predictor.blocks.0.graph_convolution.projections.2.bias	torch.Size([128])	cuda:0	True
2026-05-08 14:11:45,865 - INFO - module.noise_predictor.blocks.0.cross_attention.query_projection.weight	torch.Size([128, 128])	cuda:0	True
2026-05-08 14:11:45,865 - INFO - module.noise_predictor.blocks.0.cross_attention.query_projection.bias	torch.Size([128])	cuda:0	True
2026-05-08 14:11:45,865 - INFO - module.noise_predictor.blocks.0.cross_attention.key_projection.weight	torch.Size([128, 128])	cuda:0	True
2026-05-08 14:11:45,865 - INFO - module.noise_predictor.blocks.0.cross_attention.key_projection.bias	torch.Size([128])	cuda:0	True
2026-05-08 14:11:45,865 - INFO - module.noise_predictor.blocks.0.cross_attention.value_projection.weight	torch.Size([128, 128])	cuda:0	True
2026-05-08 14:11:45,865 - INFO - module.noise_predictor.blocks.0.cross_attention.value_projection.bias	torch.Size([128])	cuda:0	True
2026-05-08 14:11:45,865 - INFO - module.noise_predictor.blocks.0.cross_attention.output_projection.weight	torch.Size([128, 128])	cuda:0	True
2026-05-08 14:11:45,865 - INFO - module.noise_predictor.blocks.0.cross_attention.output_projection.bias	torch.Size([128])	cuda:0	True
2026-05-08 14:11:45,865 - INFO - module.noise_predictor.blocks.0.spatiotemporal_attention.query_projection.weight	torch.Size([128, 128])	cuda:0	True
2026-05-08 14:11:45,865 - INFO - module.noise_predictor.blocks.0.spatiotemporal_attention.query_projection.bias	torch.Size([128])	cuda:0	True
2026-05-08 14:11:45,865 - INFO - module.noise_predictor.blocks.0.spatiotemporal_attention.key_projection.weight	torch.Size([128, 128])	cuda:0	True
2026-05-08 14:11:45,865 - INFO - module.noise_predictor.blocks.0.spatiotemporal_attention.key_projection.bias	torch.Size([128])	cuda:0	True
2026-05-08 14:11:45,865 - INFO - module.noise_predictor.blocks.0.spatiotemporal_attention.value_projection.weight	torch.Size([128, 128])	cuda:0	True
2026-05-08 14:11:45,865 - INFO - module.noise_predictor.blocks.0.spatiotemporal_attention.value_projection.bias	torch.Size([128])	cuda:0	True
2026-05-08 14:11:45,865 - INFO - module.noise_predictor.blocks.0.spatiotemporal_attention.output_projection.weight	torch.Size([128, 128])	cuda:0	True
2026-05-08 14:11:45,865 - INFO - module.noise_predictor.blocks.0.spatiotemporal_attention.output_projection.bias	torch.Size([128])	cuda:0	True
2026-05-08 14:11:45,865 - INFO - module.noise_predictor.blocks.0.feed_forward.network.0.weight	torch.Size([256, 128])	cuda:0	True
2026-05-08 14:11:45,865 - INFO - module.noise_predictor.blocks.0.feed_forward.network.0.bias	torch.Size([256])	cuda:0	True
2026-05-08 14:11:45,865 - INFO - module.noise_predictor.blocks.0.feed_forward.network.3.weight	torch.Size([128, 256])	cuda:0	True
2026-05-08 14:11:45,865 - INFO - module.noise_predictor.blocks.0.feed_forward.network.3.bias	torch.Size([128])	cuda:0	True
2026-05-08 14:11:45,865 - INFO - module.noise_predictor.blocks.0.norm_temporal.weight	torch.Size([128])	cuda:0	True
2026-05-08 14:11:45,865 - INFO - module.noise_predictor.blocks.0.norm_temporal.bias	torch.Size([128])	cuda:0	True
2026-05-08 14:11:45,865 - INFO - module.noise_predictor.blocks.0.norm_graph.weight	torch.Size([128])	cuda:0	True
2026-05-08 14:11:45,866 - INFO - module.noise_predictor.blocks.0.norm_graph.bias	torch.Size([128])	cuda:0	True
2026-05-08 14:11:45,866 - INFO - module.noise_predictor.blocks.0.norm_cross.weight	torch.Size([128])	cuda:0	True
2026-05-08 14:11:45,866 - INFO - module.noise_predictor.blocks.0.norm_cross.bias	torch.Size([128])	cuda:0	True
2026-05-08 14:11:45,866 - INFO - module.noise_predictor.blocks.0.norm_spatiotemporal.weight	torch.Size([128])	cuda:0	True
2026-05-08 14:11:45,866 - INFO - module.noise_predictor.blocks.0.norm_spatiotemporal.bias	torch.Size([128])	cuda:0	True
2026-05-08 14:11:45,866 - INFO - module.noise_predictor.blocks.0.norm_ffn.weight	torch.Size([128])	cuda:0	True
2026-05-08 14:11:45,866 - INFO - module.noise_predictor.blocks.0.norm_ffn.bias	torch.Size([128])	cuda:0	True
2026-05-08 14:11:45,866 - INFO - module.noise_predictor.blocks.1.temporal_attention.query_projection.weight	torch.Size([128, 128])	cuda:0	True
2026-05-08 14:11:45,866 - INFO - module.noise_predictor.blocks.1.temporal_attention.query_projection.bias	torch.Size([128])	cuda:0	True
2026-05-08 14:11:45,866 - INFO - module.noise_predictor.blocks.1.temporal_attention.key_projection.weight	torch.Size([128, 128])	cuda:0	True
2026-05-08 14:11:45,866 - INFO - module.noise_predictor.blocks.1.temporal_attention.key_projection.bias	torch.Size([128])	cuda:0	True
2026-05-08 14:11:45,866 - INFO - module.noise_predictor.blocks.1.temporal_attention.value_projection.weight	torch.Size([128, 128])	cuda:0	True
2026-05-08 14:11:45,866 - INFO - module.noise_predictor.blocks.1.temporal_attention.value_projection.bias	torch.Size([128])	cuda:0	True
2026-05-08 14:11:45,866 - INFO - module.noise_predictor.blocks.1.temporal_attention.output_projection.weight	torch.Size([128, 128])	cuda:0	True
2026-05-08 14:11:45,866 - INFO - module.noise_predictor.blocks.1.temporal_attention.output_projection.bias	torch.Size([128])	cuda:0	True
2026-05-08 14:11:45,866 - INFO - module.noise_predictor.blocks.1.graph_convolution.projections.0.weight	torch.Size([128, 128])	cuda:0	True
2026-05-08 14:11:45,866 - INFO - module.noise_predictor.blocks.1.graph_convolution.projections.0.bias	torch.Size([128])	cuda:0	True
2026-05-08 14:11:45,866 - INFO - module.noise_predictor.blocks.1.graph_convolution.projections.1.weight	torch.Size([128, 128])	cuda:0	True
2026-05-08 14:11:45,866 - INFO - module.noise_predictor.blocks.1.graph_convolution.projections.1.bias	torch.Size([128])	cuda:0	True
2026-05-08 14:11:45,866 - INFO - module.noise_predictor.blocks.1.graph_convolution.projections.2.weight	torch.Size([128, 128])	cuda:0	True
2026-05-08 14:11:45,866 - INFO - module.noise_predictor.blocks.1.graph_convolution.projections.2.bias	torch.Size([128])	cuda:0	True
2026-05-08 14:11:45,866 - INFO - module.noise_predictor.blocks.1.cross_attention.query_projection.weight	torch.Size([128, 128])	cuda:0	True
2026-05-08 14:11:45,866 - INFO - module.noise_predictor.blocks.1.cross_attention.query_projection.bias	torch.Size([128])	cuda:0	True
2026-05-08 14:11:45,866 - INFO - module.noise_predictor.blocks.1.cross_attention.key_projection.weight	torch.Size([128, 128])	cuda:0	True
2026-05-08 14:11:45,866 - INFO - module.noise_predictor.blocks.1.cross_attention.key_projection.bias	torch.Size([128])	cuda:0	True
2026-05-08 14:11:45,866 - INFO - module.noise_predictor.blocks.1.cross_attention.value_projection.weight	torch.Size([128, 128])	cuda:0	True
2026-05-08 14:11:45,866 - INFO - module.noise_predictor.blocks.1.cross_attention.value_projection.bias	torch.Size([128])	cuda:0	True
2026-05-08 14:11:45,866 - INFO - module.noise_predictor.blocks.1.cross_attention.output_projection.weight	torch.Size([128, 128])	cuda:0	True
2026-05-08 14:11:45,866 - INFO - module.noise_predictor.blocks.1.cross_attention.output_projection.bias	torch.Size([128])	cuda:0	True
2026-05-08 14:11:45,866 - INFO - module.noise_predictor.blocks.1.spatiotemporal_attention.query_projection.weight	torch.Size([128, 128])	cuda:0	True
2026-05-08 14:11:45,866 - INFO - module.noise_predictor.blocks.1.spatiotemporal_attention.query_projection.bias	torch.Size([128])	cuda:0	True
2026-05-08 14:11:45,866 - INFO - module.noise_predictor.blocks.1.spatiotemporal_attention.key_projection.weight	torch.Size([128, 128])	cuda:0	True
2026-05-08 14:11:45,866 - INFO - module.noise_predictor.blocks.1.spatiotemporal_attention.key_projection.bias	torch.Size([128])	cuda:0	True
2026-05-08 14:11:45,866 - INFO - module.noise_predictor.blocks.1.spatiotemporal_attention.value_projection.weight	torch.Size([128, 128])	cuda:0	True
2026-05-08 14:11:45,866 - INFO - module.noise_predictor.blocks.1.spatiotemporal_attention.value_projection.bias	torch.Size([128])	cuda:0	True
2026-05-08 14:11:45,866 - INFO - module.noise_predictor.blocks.1.spatiotemporal_attention.output_projection.weight	torch.Size([128, 128])	cuda:0	True
2026-05-08 14:11:45,866 - INFO - module.noise_predictor.blocks.1.spatiotemporal_attention.output_projection.bias	torch.Size([128])	cuda:0	True
2026-05-08 14:11:45,866 - INFO - module.noise_predictor.blocks.1.feed_forward.network.0.weight	torch.Size([256, 128])	cuda:0	True
2026-05-08 14:11:45,866 - INFO - module.noise_predictor.blocks.1.feed_forward.network.0.bias	torch.Size([256])	cuda:0	True
2026-05-08 14:11:45,866 - INFO - module.noise_predictor.blocks.1.feed_forward.network.3.weight	torch.Size([128, 256])	cuda:0	True
2026-05-08 14:11:45,867 - INFO - module.noise_predictor.blocks.1.feed_forward.network.3.bias	torch.Size([128])	cuda:0	True
2026-05-08 14:11:45,867 - INFO - module.noise_predictor.blocks.1.norm_temporal.weight	torch.Size([128])	cuda:0	True
2026-05-08 14:11:45,867 - INFO - module.noise_predictor.blocks.1.norm_temporal.bias	torch.Size([128])	cuda:0	True
2026-05-08 14:11:45,867 - INFO - module.noise_predictor.blocks.1.norm_graph.weight	torch.Size([128])	cuda:0	True
2026-05-08 14:11:45,867 - INFO - module.noise_predictor.blocks.1.norm_graph.bias	torch.Size([128])	cuda:0	True
2026-05-08 14:11:45,867 - INFO - module.noise_predictor.blocks.1.norm_cross.weight	torch.Size([128])	cuda:0	True
2026-05-08 14:11:45,867 - INFO - module.noise_predictor.blocks.1.norm_cross.bias	torch.Size([128])	cuda:0	True
2026-05-08 14:11:45,867 - INFO - module.noise_predictor.blocks.1.norm_spatiotemporal.weight	torch.Size([128])	cuda:0	True
2026-05-08 14:11:45,867 - INFO - module.noise_predictor.blocks.1.norm_spatiotemporal.bias	torch.Size([128])	cuda:0	True
2026-05-08 14:11:45,867 - INFO - module.noise_predictor.blocks.1.norm_ffn.weight	torch.Size([128])	cuda:0	True
2026-05-08 14:11:45,867 - INFO - module.noise_predictor.blocks.1.norm_ffn.bias	torch.Size([128])	cuda:0	True
2026-05-08 14:11:45,867 - INFO - module.noise_predictor.blocks.2.temporal_attention.query_projection.weight	torch.Size([128, 128])	cuda:0	True
2026-05-08 14:11:45,867 - INFO - module.noise_predictor.blocks.2.temporal_attention.query_projection.bias	torch.Size([128])	cuda:0	True
2026-05-08 14:11:45,867 - INFO - module.noise_predictor.blocks.2.temporal_attention.key_projection.weight	torch.Size([128, 128])	cuda:0	True
2026-05-08 14:11:45,867 - INFO - module.noise_predictor.blocks.2.temporal_attention.key_projection.bias	torch.Size([128])	cuda:0	True
2026-05-08 14:11:45,867 - INFO - module.noise_predictor.blocks.2.temporal_attention.value_projection.weight	torch.Size([128, 128])	cuda:0	True
2026-05-08 14:11:45,867 - INFO - module.noise_predictor.blocks.2.temporal_attention.value_projection.bias	torch.Size([128])	cuda:0	True
2026-05-08 14:11:45,867 - INFO - module.noise_predictor.blocks.2.temporal_attention.output_projection.weight	torch.Size([128, 128])	cuda:0	True
2026-05-08 14:11:45,867 - INFO - module.noise_predictor.blocks.2.temporal_attention.output_projection.bias	torch.Size([128])	cuda:0	True
2026-05-08 14:11:45,867 - INFO - module.noise_predictor.blocks.2.graph_convolution.projections.0.weight	torch.Size([128, 128])	cuda:0	True
2026-05-08 14:11:45,867 - INFO - module.noise_predictor.blocks.2.graph_convolution.projections.0.bias	torch.Size([128])	cuda:0	True
2026-05-08 14:11:45,867 - INFO - module.noise_predictor.blocks.2.graph_convolution.projections.1.weight	torch.Size([128, 128])	cuda:0	True
2026-05-08 14:11:45,867 - INFO - module.noise_predictor.blocks.2.graph_convolution.projections.1.bias	torch.Size([128])	cuda:0	True
2026-05-08 14:11:45,867 - INFO - module.noise_predictor.blocks.2.graph_convolution.projections.2.weight	torch.Size([128, 128])	cuda:0	True
2026-05-08 14:11:45,867 - INFO - module.noise_predictor.blocks.2.graph_convolution.projections.2.bias	torch.Size([128])	cuda:0	True
2026-05-08 14:11:45,867 - INFO - module.noise_predictor.blocks.2.cross_attention.query_projection.weight	torch.Size([128, 128])	cuda:0	True
2026-05-08 14:11:45,867 - INFO - module.noise_predictor.blocks.2.cross_attention.query_projection.bias	torch.Size([128])	cuda:0	True
2026-05-08 14:11:45,867 - INFO - module.noise_predictor.blocks.2.cross_attention.key_projection.weight	torch.Size([128, 128])	cuda:0	True
2026-05-08 14:11:45,867 - INFO - module.noise_predictor.blocks.2.cross_attention.key_projection.bias	torch.Size([128])	cuda:0	True
2026-05-08 14:11:45,867 - INFO - module.noise_predictor.blocks.2.cross_attention.value_projection.weight	torch.Size([128, 128])	cuda:0	True
2026-05-08 14:11:45,867 - INFO - module.noise_predictor.blocks.2.cross_attention.value_projection.bias	torch.Size([128])	cuda:0	True
2026-05-08 14:11:45,867 - INFO - module.noise_predictor.blocks.2.cross_attention.output_projection.weight	torch.Size([128, 128])	cuda:0	True
2026-05-08 14:11:45,867 - INFO - module.noise_predictor.blocks.2.cross_attention.output_projection.bias	torch.Size([128])	cuda:0	True
2026-05-08 14:11:45,867 - INFO - module.noise_predictor.blocks.2.spatiotemporal_attention.query_projection.weight	torch.Size([128, 128])	cuda:0	True
2026-05-08 14:11:45,867 - INFO - module.noise_predictor.blocks.2.spatiotemporal_attention.query_projection.bias	torch.Size([128])	cuda:0	True
2026-05-08 14:11:45,867 - INFO - module.noise_predictor.blocks.2.spatiotemporal_attention.key_projection.weight	torch.Size([128, 128])	cuda:0	True
2026-05-08 14:11:45,867 - INFO - module.noise_predictor.blocks.2.spatiotemporal_attention.key_projection.bias	torch.Size([128])	cuda:0	True
2026-05-08 14:11:45,867 - INFO - module.noise_predictor.blocks.2.spatiotemporal_attention.value_projection.weight	torch.Size([128, 128])	cuda:0	True
2026-05-08 14:11:45,867 - INFO - module.noise_predictor.blocks.2.spatiotemporal_attention.value_projection.bias	torch.Size([128])	cuda:0	True
2026-05-08 14:11:45,867 - INFO - module.noise_predictor.blocks.2.spatiotemporal_attention.output_projection.weight	torch.Size([128, 128])	cuda:0	True
2026-05-08 14:11:45,867 - INFO - module.noise_predictor.blocks.2.spatiotemporal_attention.output_projection.bias	torch.Size([128])	cuda:0	True
2026-05-08 14:11:45,868 - INFO - module.noise_predictor.blocks.2.feed_forward.network.0.weight	torch.Size([256, 128])	cuda:0	True
2026-05-08 14:11:45,868 - INFO - module.noise_predictor.blocks.2.feed_forward.network.0.bias	torch.Size([256])	cuda:0	True
2026-05-08 14:11:45,868 - INFO - module.noise_predictor.blocks.2.feed_forward.network.3.weight	torch.Size([128, 256])	cuda:0	True
2026-05-08 14:11:45,868 - INFO - module.noise_predictor.blocks.2.feed_forward.network.3.bias	torch.Size([128])	cuda:0	True
2026-05-08 14:11:45,868 - INFO - module.noise_predictor.blocks.2.norm_temporal.weight	torch.Size([128])	cuda:0	True
2026-05-08 14:11:45,868 - INFO - module.noise_predictor.blocks.2.norm_temporal.bias	torch.Size([128])	cuda:0	True
2026-05-08 14:11:45,868 - INFO - module.noise_predictor.blocks.2.norm_graph.weight	torch.Size([128])	cuda:0	True
2026-05-08 14:11:45,868 - INFO - module.noise_predictor.blocks.2.norm_graph.bias	torch.Size([128])	cuda:0	True
2026-05-08 14:11:45,868 - INFO - module.noise_predictor.blocks.2.norm_cross.weight	torch.Size([128])	cuda:0	True
2026-05-08 14:11:45,868 - INFO - module.noise_predictor.blocks.2.norm_cross.bias	torch.Size([128])	cuda:0	True
2026-05-08 14:11:45,868 - INFO - module.noise_predictor.blocks.2.norm_spatiotemporal.weight	torch.Size([128])	cuda:0	True
2026-05-08 14:11:45,868 - INFO - module.noise_predictor.blocks.2.norm_spatiotemporal.bias	torch.Size([128])	cuda:0	True
2026-05-08 14:11:45,868 - INFO - module.noise_predictor.blocks.2.norm_ffn.weight	torch.Size([128])	cuda:0	True
2026-05-08 14:11:45,868 - INFO - module.noise_predictor.blocks.2.norm_ffn.bias	torch.Size([128])	cuda:0	True
2026-05-08 14:11:45,868 - INFO - module.noise_predictor.blocks.3.temporal_attention.query_projection.weight	torch.Size([128, 128])	cuda:0	True
2026-05-08 14:11:45,868 - INFO - module.noise_predictor.blocks.3.temporal_attention.query_projection.bias	torch.Size([128])	cuda:0	True
2026-05-08 14:11:45,868 - INFO - module.noise_predictor.blocks.3.temporal_attention.key_projection.weight	torch.Size([128, 128])	cuda:0	True
2026-05-08 14:11:45,868 - INFO - module.noise_predictor.blocks.3.temporal_attention.key_projection.bias	torch.Size([128])	cuda:0	True
2026-05-08 14:11:45,868 - INFO - module.noise_predictor.blocks.3.temporal_attention.value_projection.weight	torch.Size([128, 128])	cuda:0	True
2026-05-08 14:11:45,868 - INFO - module.noise_predictor.blocks.3.temporal_attention.value_projection.bias	torch.Size([128])	cuda:0	True
2026-05-08 14:11:45,868 - INFO - module.noise_predictor.blocks.3.temporal_attention.output_projection.weight	torch.Size([128, 128])	cuda:0	True
2026-05-08 14:11:45,868 - INFO - module.noise_predictor.blocks.3.temporal_attention.output_projection.bias	torch.Size([128])	cuda:0	True
2026-05-08 14:11:45,868 - INFO - module.noise_predictor.blocks.3.graph_convolution.projections.0.weight	torch.Size([128, 128])	cuda:0	True
2026-05-08 14:11:45,868 - INFO - module.noise_predictor.blocks.3.graph_convolution.projections.0.bias	torch.Size([128])	cuda:0	True
2026-05-08 14:11:45,868 - INFO - module.noise_predictor.blocks.3.graph_convolution.projections.1.weight	torch.Size([128, 128])	cuda:0	True
2026-05-08 14:11:45,868 - INFO - module.noise_predictor.blocks.3.graph_convolution.projections.1.bias	torch.Size([128])	cuda:0	True
2026-05-08 14:11:45,868 - INFO - module.noise_predictor.blocks.3.graph_convolution.projections.2.weight	torch.Size([128, 128])	cuda:0	True
2026-05-08 14:11:45,868 - INFO - module.noise_predictor.blocks.3.graph_convolution.projections.2.bias	torch.Size([128])	cuda:0	True
2026-05-08 14:11:45,868 - INFO - module.noise_predictor.blocks.3.cross_attention.query_projection.weight	torch.Size([128, 128])	cuda:0	True
2026-05-08 14:11:45,868 - INFO - module.noise_predictor.blocks.3.cross_attention.query_projection.bias	torch.Size([128])	cuda:0	True
2026-05-08 14:11:45,868 - INFO - module.noise_predictor.blocks.3.cross_attention.key_projection.weight	torch.Size([128, 128])	cuda:0	True
2026-05-08 14:11:45,868 - INFO - module.noise_predictor.blocks.3.cross_attention.key_projection.bias	torch.Size([128])	cuda:0	True
2026-05-08 14:11:45,868 - INFO - module.noise_predictor.blocks.3.cross_attention.value_projection.weight	torch.Size([128, 128])	cuda:0	True
2026-05-08 14:11:45,868 - INFO - module.noise_predictor.blocks.3.cross_attention.value_projection.bias	torch.Size([128])	cuda:0	True
2026-05-08 14:11:45,868 - INFO - module.noise_predictor.blocks.3.cross_attention.output_projection.weight	torch.Size([128, 128])	cuda:0	True
2026-05-08 14:11:45,868 - INFO - module.noise_predictor.blocks.3.cross_attention.output_projection.bias	torch.Size([128])	cuda:0	True
2026-05-08 14:11:45,868 - INFO - module.noise_predictor.blocks.3.spatiotemporal_attention.query_projection.weight	torch.Size([128, 128])	cuda:0	True
2026-05-08 14:11:45,868 - INFO - module.noise_predictor.blocks.3.spatiotemporal_attention.query_projection.bias	torch.Size([128])	cuda:0	True
2026-05-08 14:11:45,868 - INFO - module.noise_predictor.blocks.3.spatiotemporal_attention.key_projection.weight	torch.Size([128, 128])	cuda:0	True
2026-05-08 14:11:45,868 - INFO - module.noise_predictor.blocks.3.spatiotemporal_attention.key_projection.bias	torch.Size([128])	cuda:0	True
2026-05-08 14:11:45,868 - INFO - module.noise_predictor.blocks.3.spatiotemporal_attention.value_projection.weight	torch.Size([128, 128])	cuda:0	True
2026-05-08 14:11:45,869 - INFO - module.noise_predictor.blocks.3.spatiotemporal_attention.value_projection.bias	torch.Size([128])	cuda:0	True
2026-05-08 14:11:45,869 - INFO - module.noise_predictor.blocks.3.spatiotemporal_attention.output_projection.weight	torch.Size([128, 128])	cuda:0	True
2026-05-08 14:11:45,869 - INFO - module.noise_predictor.blocks.3.spatiotemporal_attention.output_projection.bias	torch.Size([128])	cuda:0	True
2026-05-08 14:11:45,869 - INFO - module.noise_predictor.blocks.3.feed_forward.network.0.weight	torch.Size([256, 128])	cuda:0	True
2026-05-08 14:11:45,869 - INFO - module.noise_predictor.blocks.3.feed_forward.network.0.bias	torch.Size([256])	cuda:0	True
2026-05-08 14:11:45,869 - INFO - module.noise_predictor.blocks.3.feed_forward.network.3.weight	torch.Size([128, 256])	cuda:0	True
2026-05-08 14:11:45,869 - INFO - module.noise_predictor.blocks.3.feed_forward.network.3.bias	torch.Size([128])	cuda:0	True
2026-05-08 14:11:45,869 - INFO - module.noise_predictor.blocks.3.norm_temporal.weight	torch.Size([128])	cuda:0	True
2026-05-08 14:11:45,869 - INFO - module.noise_predictor.blocks.3.norm_temporal.bias	torch.Size([128])	cuda:0	True
2026-05-08 14:11:45,869 - INFO - module.noise_predictor.blocks.3.norm_graph.weight	torch.Size([128])	cuda:0	True
2026-05-08 14:11:45,869 - INFO - module.noise_predictor.blocks.3.norm_graph.bias	torch.Size([128])	cuda:0	True
2026-05-08 14:11:45,869 - INFO - module.noise_predictor.blocks.3.norm_cross.weight	torch.Size([128])	cuda:0	True
2026-05-08 14:11:45,869 - INFO - module.noise_predictor.blocks.3.norm_cross.bias	torch.Size([128])	cuda:0	True
2026-05-08 14:11:45,869 - INFO - module.noise_predictor.blocks.3.norm_spatiotemporal.weight	torch.Size([128])	cuda:0	True
2026-05-08 14:11:45,869 - INFO - module.noise_predictor.blocks.3.norm_spatiotemporal.bias	torch.Size([128])	cuda:0	True
2026-05-08 14:11:45,869 - INFO - module.noise_predictor.blocks.3.norm_ffn.weight	torch.Size([128])	cuda:0	True
2026-05-08 14:11:45,869 - INFO - module.noise_predictor.blocks.3.norm_ffn.bias	torch.Size([128])	cuda:0	True
2026-05-08 14:11:45,869 - INFO - module.noise_predictor.final_norm.weight	torch.Size([128])	cuda:0	True
2026-05-08 14:11:45,869 - INFO - module.noise_predictor.final_norm.bias	torch.Size([128])	cuda:0	True
2026-05-08 14:11:45,869 - INFO - module.noise_predictor.output_projection.weight	torch.Size([3, 128])	cuda:0	True
2026-05-08 14:11:45,869 - INFO - module.noise_predictor.output_projection.bias	torch.Size([3])	cuda:0	True
2026-05-08 14:11:45,869 - INFO - module.noise_predictor.adaptive_graph_learner.node_embeddings	torch.Size([307, 32])	cuda:0	True
2026-05-08 14:11:45,869 - INFO - module.noise_predictor.adaptive_graph_learner.blend_logit	torch.Size([])	cuda:0	True
2026-05-08 14:11:45,869 - INFO - module.noise_predictor.adaptive_graph_learner.fuzzy_centers	torch.Size([3])	cuda:0	True
2026-05-08 14:11:45,869 - INFO - module.noise_predictor.adaptive_graph_learner.fuzzy_log_sigmas	torch.Size([3])	cuda:0	True
2026-05-08 14:11:45,869 - INFO - module.noise_predictor.adaptive_graph_learner.fuzzy_rule_logits	torch.Size([3])	cuda:0	True
2026-05-08 14:11:45,869 - INFO - module.noise_predictor.adaptive_graph_learner.feature_projection.weight	torch.Size([32, 128])	cuda:0	True
2026-05-08 14:11:45,869 - INFO - module.noise_predictor.adaptive_graph_learner.feature_projection.bias	torch.Size([32])	cuda:0	True
2026-05-08 14:11:45,869 - INFO - module.noise_predictor.adaptive_graph_learner.time_projection.weight	torch.Size([32, 128])	cuda:0	True
2026-05-08 14:11:45,869 - INFO - module.noise_predictor.adaptive_graph_learner.time_projection.bias	torch.Size([32])	cuda:0	True
2026-05-08 14:11:45,870 - INFO - Total parameter numbers: 1713081
2026-05-08 14:11:45,870 - INFO - You select `adamw` optimizer.
2026-05-08 14:11:45,870 - INFO - You select `cosineannealinglr` lr_scheduler.
2026-05-08 14:11:45,870 - WARNING - Received none train loss func and will use the loss func defined in the model.
2026-05-08 14:11:45,870 - INFO - Start training ...
2026-05-08 14:11:45,870 - INFO - num_batches:80
2026-05-08 14:11:46,068 - INFO - Enable physics warmup: steps=3000 start_ratio=0.200 mode=linear.
2026-05-08 14:11:46,072 - INFO - Enable physics warmup: steps=3000 start_ratio=0.200 mode=linear.
2026-05-08 14:11:46,074 - INFO - Enable physics warmup: steps=3000 start_ratio=0.200 mode=linear.
2026-05-08 14:11:46,083 - INFO - Enable physics warmup: steps=3000 start_ratio=0.200 mode=linear.
2026-05-08 14:12:30,522 - INFO - epoch complete!
2026-05-08 14:12:30,522 - INFO - evaluating now!
2026-05-08 14:12:30,524 - INFO - epoch complete!
2026-05-08 14:12:30,524 - INFO - evaluating now!
2026-05-08 14:12:30,524 - INFO - epoch complete!
2026-05-08 14:12:30,524 - INFO - evaluating now!
2026-05-08 14:12:30,524 - INFO - epoch complete!
2026-05-08 14:12:30,525 - INFO - evaluating now!
2026-05-08 14:12:34,542 - INFO - Epoch [0/10] train_loss: 4.7340, val_loss: 4.2910, lr: 0.000976, 48.68s
2026-05-08 14:12:34,563 - INFO - Epoch [0/10] train_loss: 4.7258, val_loss: 4.2910, lr: 0.000976, 48.70s
2026-05-08 14:12:34,571 - INFO - Epoch [0/10] train_loss: 4.7281, val_loss: 4.2910, lr: 0.000976, 48.71s
2026-05-08 14:12:34,602 - INFO - Epoch [0/10] train_loss: 4.7330, val_loss: 4.2910, lr: 0.000976, 48.73s
2026-05-08 14:12:34,943 - INFO - Saved model at 0
2026-05-08 14:12:34,943 - INFO - Saved model at 0
2026-05-08 14:12:34,943 - INFO - Val loss decrease from inf to 4.2910, saving to /home/lizhuoxuan/lzq/Bigscity-LibCity-master/outputs/20260508_141135__traffic_state_pred__new_diffusion_fuzzy__PEMSD4/model_cache/new_diffusion_fuzzy_PEMSD4_epoch0.tar
2026-05-08 14:12:34,943 - INFO - Val loss decrease from inf to 4.2910, saving to /home/lizhuoxuan/lzq/Bigscity-LibCity-master/outputs/20260508_141135__traffic_state_pred__new_diffusion_fuzzy__PEMSD4/model_cache/new_diffusion_fuzzy_PEMSD4_epoch0.tar
2026-05-08 14:12:34,944 - INFO - Saved model at 0
2026-05-08 14:12:34,944 - INFO - Val loss decrease from inf to 4.2910, saving to /home/lizhuoxuan/lzq/Bigscity-LibCity-master/outputs/20260508_141135__traffic_state_pred__new_diffusion_fuzzy__PEMSD4/model_cache/new_diffusion_fuzzy_PEMSD4_epoch0.tar
2026-05-08 14:12:34,946 - INFO - Saved model at 0
2026-05-08 14:12:34,946 - INFO - Val loss decrease from inf to 4.2910, saving to /home/lizhuoxuan/lzq/Bigscity-LibCity-master/outputs/20260508_141135__traffic_state_pred__new_diffusion_fuzzy__PEMSD4/model_cache/new_diffusion_fuzzy_PEMSD4_epoch0.tar
2026-05-08 14:13:19,177 - INFO - epoch complete!
2026-05-08 14:13:19,177 - INFO - evaluating now!
2026-05-08 14:13:19,177 - INFO - epoch complete!
2026-05-08 14:13:19,177 - INFO - evaluating now!
2026-05-08 14:13:19,177 - INFO - epoch complete!
2026-05-08 14:13:19,178 - INFO - evaluating now!
2026-05-08 14:13:19,178 - INFO - epoch complete!
2026-05-08 14:13:19,179 - INFO - evaluating now!
2026-05-08 14:13:23,215 - INFO - Epoch [1/10] train_loss: 4.6325, val_loss: 4.4156, lr: 0.000905, 48.27s
2026-05-08 14:13:23,230 - INFO - Epoch [1/10] train_loss: 4.6325, val_loss: 4.4156, lr: 0.000905, 48.29s
2026-05-08 14:13:23,247 - INFO - Epoch [1/10] train_loss: 4.6325, val_loss: 4.4156, lr: 0.000905, 48.30s
2026-05-08 14:13:23,263 - INFO - Epoch [1/10] train_loss: 4.6325, val_loss: 4.4156, lr: 0.000905, 48.32s
2026-05-08 14:14:07,551 - INFO - epoch complete!
2026-05-08 14:14:07,551 - INFO - evaluating now!
2026-05-08 14:14:07,551 - INFO - epoch complete!
2026-05-08 14:14:07,551 - INFO - evaluating now!
2026-05-08 14:14:07,552 - INFO - epoch complete!
2026-05-08 14:14:07,552 - INFO - evaluating now!
2026-05-08 14:14:07,552 - INFO - epoch complete!
2026-05-08 14:14:07,552 - INFO - evaluating now!
2026-05-08 14:14:11,604 - INFO - Epoch [2/10] train_loss: 4.2617, val_loss: 4.5299, lr: 0.000796, 48.37s
2026-05-08 14:14:11,632 - INFO - Epoch [2/10] train_loss: 4.2625, val_loss: 4.5299, lr: 0.000796, 48.38s
2026-05-08 14:14:11,639 - INFO - Epoch [2/10] train_loss: 4.2604, val_loss: 4.5299, lr: 0.000796, 48.42s
2026-05-08 14:14:11,645 - INFO - Epoch [2/10] train_loss: 4.2619, val_loss: 4.5299, lr: 0.000796, 48.38s
2026-05-08 14:14:56,020 - INFO - epoch complete!
2026-05-08 14:14:56,020 - INFO - evaluating now!
2026-05-08 14:14:56,021 - INFO - epoch complete!
2026-05-08 14:14:56,021 - INFO - evaluating now!
2026-05-08 14:14:56,021 - INFO - epoch complete!
2026-05-08 14:14:56,021 - INFO - evaluating now!
2026-05-08 14:14:56,023 - INFO - epoch complete!
2026-05-08 14:14:56,023 - INFO - evaluating now!
2026-05-08 14:15:00,080 - INFO - Epoch [3/10] train_loss: 4.3050, val_loss: 4.3603, lr: 0.000658, 48.47s
2026-05-08 14:15:00,106 - INFO - Epoch [3/10] train_loss: 4.3050, val_loss: 4.3603, lr: 0.000658, 48.47s
2026-05-08 14:15:00,126 - INFO - Epoch [3/10] train_loss: 4.3050, val_loss: 4.3603, lr: 0.000658, 48.48s
2026-05-08 14:15:00,148 - INFO - Epoch [3/10] train_loss: 4.3050, val_loss: 4.3603, lr: 0.000658, 48.51s
2026-05-08 14:15:45,188 - INFO - epoch complete!
2026-05-08 14:15:45,188 - INFO - evaluating now!
2026-05-08 14:15:45,189 - INFO - epoch complete!
2026-05-08 14:15:45,189 - INFO - epoch complete!
2026-05-08 14:15:45,189 - INFO - evaluating now!
2026-05-08 14:15:45,189 - INFO - evaluating now!
2026-05-08 14:15:45,192 - INFO - epoch complete!
2026-05-08 14:15:45,193 - INFO - evaluating now!
2026-05-08 14:15:49,250 - INFO - Epoch [4/10] train_loss: 4.3682, val_loss: 4.2741, lr: 0.000505, 49.17s
2026-05-08 14:15:49,282 - INFO - Epoch [4/10] train_loss: 4.3682, val_loss: 4.2741, lr: 0.000505, 49.18s
2026-05-08 14:15:49,301 - INFO - Epoch [4/10] train_loss: 4.3682, val_loss: 4.2741, lr: 0.000505, 49.17s
2026-05-08 14:15:49,345 - INFO - Epoch [4/10] train_loss: 4.3682, val_loss: 4.2741, lr: 0.000505, 49.20s
2026-05-08 14:15:49,493 - INFO - Saved model at 4
2026-05-08 14:15:49,494 - INFO - Val loss decrease from 4.2910 to 4.2741, saving to /home/lizhuoxuan/lzq/Bigscity-LibCity-master/outputs/20260508_141135__traffic_state_pred__new_diffusion_fuzzy__PEMSD4/model_cache/new_diffusion_fuzzy_PEMSD4_epoch4.tar
2026-05-08 14:15:49,643 - INFO - Saved model at 4
2026-05-08 14:15:49,643 - INFO - Val loss decrease from 4.2910 to 4.2741, saving to /home/lizhuoxuan/lzq/Bigscity-LibCity-master/outputs/20260508_141135__traffic_state_pred__new_diffusion_fuzzy__PEMSD4/model_cache/new_diffusion_fuzzy_PEMSD4_epoch4.tar
2026-05-08 14:15:49,669 - INFO - Saved model at 4
2026-05-08 14:15:49,670 - INFO - Val loss decrease from 4.2910 to 4.2741, saving to /home/lizhuoxuan/lzq/Bigscity-LibCity-master/outputs/20260508_141135__traffic_state_pred__new_diffusion_fuzzy__PEMSD4/model_cache/new_diffusion_fuzzy_PEMSD4_epoch4.tar
2026-05-08 14:15:49,686 - INFO - Saved model at 4
2026-05-08 14:15:49,686 - INFO - Val loss decrease from 4.2910 to 4.2741, saving to /home/lizhuoxuan/lzq/Bigscity-LibCity-master/outputs/20260508_141135__traffic_state_pred__new_diffusion_fuzzy__PEMSD4/model_cache/new_diffusion_fuzzy_PEMSD4_epoch4.tar
2026-05-08 14:16:34,954 - INFO - epoch complete!
2026-05-08 14:16:34,954 - INFO - evaluating now!
2026-05-08 14:16:34,955 - INFO - epoch complete!
2026-05-08 14:16:34,956 - INFO - evaluating now!
2026-05-08 14:16:34,956 - INFO - epoch complete!
2026-05-08 14:16:34,956 - INFO - evaluating now!
2026-05-08 14:16:34,959 - INFO - epoch complete!
2026-05-08 14:16:34,959 - INFO - evaluating now!
2026-05-08 14:16:39,017 - INFO - Epoch [5/10] train_loss: 4.3485, val_loss: 4.3426, lr: 0.000352, 49.52s
2026-05-08 14:16:39,051 - INFO - Epoch [5/10] train_loss: 4.3485, val_loss: 4.3426, lr: 0.000352, 49.38s
2026-05-08 14:16:39,077 - INFO - Epoch [5/10] train_loss: 4.3485, val_loss: 4.3426, lr: 0.000352, 49.39s
2026-05-08 14:16:39,119 - INFO - Epoch [5/10] train_loss: 4.3485, val_loss: 4.3426, lr: 0.000352, 49.48s
2026-05-08 14:17:24,519 - INFO - epoch complete!
2026-05-08 14:17:24,520 - INFO - evaluating now!
2026-05-08 14:17:24,520 - INFO - epoch complete!
2026-05-08 14:17:24,521 - INFO - evaluating now!
2026-05-08 14:17:24,522 - INFO - epoch complete!
2026-05-08 14:17:24,522 - INFO - evaluating now!
2026-05-08 14:17:24,525 - INFO - epoch complete!
2026-05-08 14:17:24,526 - INFO - evaluating now!
2026-05-08 14:17:28,582 - INFO - Epoch [6/10] train_loss: 4.3882, val_loss: 4.3074, lr: 0.000214, 49.57s
2026-05-08 14:17:28,618 - INFO - Epoch [6/10] train_loss: 4.3882, val_loss: 4.3074, lr: 0.000214, 49.57s
2026-05-08 14:17:28,670 - INFO - Epoch [6/10] train_loss: 4.3882, val_loss: 4.3074, lr: 0.000214, 49.59s
2026-05-08 14:17:28,685 - INFO - Epoch [6/10] train_loss: 4.3882, val_loss: 4.3074, lr: 0.000214, 49.57s
2026-05-08 14:18:14,181 - INFO - epoch complete!
2026-05-08 14:18:14,182 - INFO - evaluating now!
2026-05-08 14:18:14,182 - INFO - epoch complete!
2026-05-08 14:18:14,182 - INFO - evaluating now!
2026-05-08 14:18:14,183 - INFO - epoch complete!
2026-05-08 14:18:14,183 - INFO - evaluating now!
2026-05-08 14:18:14,189 - INFO - epoch complete!
2026-05-08 14:18:14,190 - INFO - evaluating now!
2026-05-08 14:18:18,260 - INFO - Epoch [7/10] train_loss: 4.1052, val_loss: 3.0254, lr: 0.000105, 49.68s
2026-05-08 14:18:18,300 - INFO - Epoch [7/10] train_loss: 4.1055, val_loss: 3.0255, lr: 0.000105, 49.68s
2026-05-08 14:18:18,352 - INFO - Epoch [7/10] train_loss: 4.1044, val_loss: 3.0254, lr: 0.000105, 49.68s
2026-05-08 14:18:18,355 - INFO - Epoch [7/10] train_loss: 4.1051, val_loss: 3.0254, lr: 0.000105, 49.67s
2026-05-08 14:18:18,425 - INFO - Saved model at 7
2026-05-08 14:18:18,426 - INFO - Val loss decrease from 4.2741 to 3.0254, saving to /home/lizhuoxuan/lzq/Bigscity-LibCity-master/outputs/20260508_141135__traffic_state_pred__new_diffusion_fuzzy__PEMSD4/model_cache/new_diffusion_fuzzy_PEMSD4_epoch7.tar
2026-05-08 14:18:18,553 - INFO - Saved model at 7
2026-05-08 14:18:18,553 - INFO - Val loss decrease from 4.2741 to 3.0255, saving to /home/lizhuoxuan/lzq/Bigscity-LibCity-master/outputs/20260508_141135__traffic_state_pred__new_diffusion_fuzzy__PEMSD4/model_cache/new_diffusion_fuzzy_PEMSD4_epoch7.tar
2026-05-08 14:18:18,617 - INFO - Saved model at 7
2026-05-08 14:18:18,617 - INFO - Val loss decrease from 4.2741 to 3.0254, saving to /home/lizhuoxuan/lzq/Bigscity-LibCity-master/outputs/20260508_141135__traffic_state_pred__new_diffusion_fuzzy__PEMSD4/model_cache/new_diffusion_fuzzy_PEMSD4_epoch7.tar
2026-05-08 14:18:18,634 - INFO - Saved model at 7
2026-05-08 14:18:18,635 - INFO - Val loss decrease from 4.2741 to 3.0254, saving to /home/lizhuoxuan/lzq/Bigscity-LibCity-master/outputs/20260508_141135__traffic_state_pred__new_diffusion_fuzzy__PEMSD4/model_cache/new_diffusion_fuzzy_PEMSD4_epoch7.tar
2026-05-08 14:19:04,151 - INFO - epoch complete!
2026-05-08 14:19:04,151 - INFO - evaluating now!
2026-05-08 14:19:04,152 - INFO - epoch complete!
2026-05-08 14:19:04,152 - INFO - evaluating now!
2026-05-08 14:19:04,153 - INFO - epoch complete!
2026-05-08 14:19:04,154 - INFO - evaluating now!
2026-05-08 14:19:04,161 - INFO - epoch complete!
2026-05-08 14:19:04,161 - INFO - evaluating now!
2026-05-08 14:19:08,234 - INFO - Epoch [8/10] train_loss: 2.1124, val_loss: 0.9689, lr: 0.000034, 49.81s
2026-05-08 14:19:08,286 - INFO - Epoch [8/10] train_loss: 2.1192, val_loss: 0.9672, lr: 0.000034, 49.73s
2026-05-08 14:19:08,329 - INFO - Epoch [8/10] train_loss: 2.1067, val_loss: 0.9695, lr: 0.000034, 49.71s
2026-05-08 14:19:08,356 - INFO - Epoch [8/10] train_loss: 2.1206, val_loss: 0.9666, lr: 0.000034, 49.72s
2026-05-08 14:19:08,402 - INFO - Saved model at 8
2026-05-08 14:19:08,402 - INFO - Val loss decrease from 3.0254 to 0.9689, saving to /home/lizhuoxuan/lzq/Bigscity-LibCity-master/outputs/20260508_141135__traffic_state_pred__new_diffusion_fuzzy__PEMSD4/model_cache/new_diffusion_fuzzy_PEMSD4_epoch8.tar
2026-05-08 14:19:08,610 - INFO - Saved model at 8
2026-05-08 14:19:08,610 - INFO - Val loss decrease from 3.0254 to 0.9695, saving to /home/lizhuoxuan/lzq/Bigscity-LibCity-master/outputs/20260508_141135__traffic_state_pred__new_diffusion_fuzzy__PEMSD4/model_cache/new_diffusion_fuzzy_PEMSD4_epoch8.tar
2026-05-08 14:19:08,667 - INFO - Saved model at 8
2026-05-08 14:19:08,667 - INFO - Val loss decrease from 3.0255 to 0.9672, saving to /home/lizhuoxuan/lzq/Bigscity-LibCity-master/outputs/20260508_141135__traffic_state_pred__new_diffusion_fuzzy__PEMSD4/model_cache/new_diffusion_fuzzy_PEMSD4_epoch8.tar
2026-05-08 14:19:08,714 - INFO - Saved model at 8
2026-05-08 14:19:08,714 - INFO - Val loss decrease from 3.0254 to 0.9666, saving to /home/lizhuoxuan/lzq/Bigscity-LibCity-master/outputs/20260508_141135__traffic_state_pred__new_diffusion_fuzzy__PEMSD4/model_cache/new_diffusion_fuzzy_PEMSD4_epoch8.tar
2026-05-08 14:19:54,296 - INFO - epoch complete!
2026-05-08 14:19:54,296 - INFO - evaluating now!
2026-05-08 14:19:54,297 - INFO - epoch complete!
2026-05-08 14:19:54,297 - INFO - evaluating now!
2026-05-08 14:19:54,297 - INFO - epoch complete!
2026-05-08 14:19:54,297 - INFO - evaluating now!
2026-05-08 14:19:54,304 - INFO - epoch complete!
2026-05-08 14:19:54,304 - INFO - evaluating now!
2026-05-08 14:19:58,379 - INFO - Epoch [9/10] train_loss: 1.0715, val_loss: 0.7668, lr: 0.000010, 49.98s
2026-05-08 14:19:58,430 - INFO - Epoch [9/10] train_loss: 1.0866, val_loss: 0.7667, lr: 0.000010, 49.76s
2026-05-08 14:19:58,462 - INFO - Epoch [9/10] train_loss: 1.0808, val_loss: 0.7667, lr: 0.000010, 49.85s
2026-05-08 14:19:58,499 - INFO - Epoch [9/10] train_loss: 1.0790, val_loss: 0.7654, lr: 0.000010, 49.79s
2026-05-08 14:19:58,546 - INFO - Saved model at 9
2026-05-08 14:19:58,546 - INFO - Val loss decrease from 0.9689 to 0.7668, saving to /home/lizhuoxuan/lzq/Bigscity-LibCity-master/outputs/20260508_141135__traffic_state_pred__new_diffusion_fuzzy__PEMSD4/model_cache/new_diffusion_fuzzy_PEMSD4_epoch9.tar
2026-05-08 14:19:58,546 - INFO - Trained totally 10 epochs, average train time is 45.092s, average eval time is 4.063s
2026-05-08 14:19:58,770 - INFO - Saved model at 9
2026-05-08 14:19:58,770 - INFO - Val loss decrease from 0.9666 to 0.7654, saving to /home/lizhuoxuan/lzq/Bigscity-LibCity-master/outputs/20260508_141135__traffic_state_pred__new_diffusion_fuzzy__PEMSD4/model_cache/new_diffusion_fuzzy_PEMSD4_epoch9.tar
2026-05-08 14:19:58,770 - INFO - Trained totally 10 epochs, average train time is 45.000s, average eval time is 4.130s
2026-05-08 14:19:58,770 - INFO - Saved model at 9
2026-05-08 14:19:58,771 - INFO - Val loss decrease from 0.9695 to 0.7667, saving to /home/lizhuoxuan/lzq/Bigscity-LibCity-master/outputs/20260508_141135__traffic_state_pred__new_diffusion_fuzzy__PEMSD4/model_cache/new_diffusion_fuzzy_PEMSD4_epoch9.tar
2026-05-08 14:19:58,771 - INFO - Trained totally 10 epochs, average train time is 45.006s, average eval time is 4.125s
2026-05-08 14:19:58,783 - INFO - Saved model at 9
2026-05-08 14:19:58,783 - INFO - Val loss decrease from 0.9672 to 0.7667, saving to /home/lizhuoxuan/lzq/Bigscity-LibCity-master/outputs/20260508_141135__traffic_state_pred__new_diffusion_fuzzy__PEMSD4/model_cache/new_diffusion_fuzzy_PEMSD4_epoch9.tar
2026-05-08 14:19:58,784 - INFO - Trained totally 10 epochs, average train time is 45.021s, average eval time is 4.095s
2026-05-08 14:19:58,902 - INFO - Loaded model at 9
2026-05-08 14:19:58,903 - INFO - Saved model at /home/lizhuoxuan/lzq/Bigscity-LibCity-master/outputs/20260508_141135__traffic_state_pred__new_diffusion_fuzzy__PEMSD4/model_cache/new_diffusion_fuzzy_PEMSD4.m
2026-05-08 14:19:58,904 - INFO - Loaded model at 9
2026-05-08 14:19:58,913 - INFO - Loaded model at 9
2026-05-08 14:19:58,966 - INFO - Start evaluating ...
