2026-05-21 20:00:30,433 - INFO - Log directory: /home/lizhuoxuan/lzq/Bigscity-LibCity-master/outputs/20260521_200030__traffic_state_pred__new_fuzzy_2__PEMS_BAY/logs
2026-05-21 20:00:30,433 - INFO - Begin artifact training pipeline, task=traffic_state_pred, model_name=new_fuzzy_2, dataset_name=PEMS_BAY, exp_id=20260521_200030__traffic_state_pred__new_fuzzy_2__PEMS_BAY
2026-05-21 20:00:30,433 - INFO - {'task': 'traffic_state_pred', 'model': 'new_fuzzy_2', 'dataset': 'PEMS_BAY', 'saved_model': True, 'train': True, 'seed': 42, 'train_rate': 0.6, 'eval_rate': 0.2, 'batch_size': 64, 'learning_rate': 0.0005, 'max_epoch': 10, 'dataset_class': 'TrafficStatePointDataset', 'executor': 'TrafficStateExecutor', 'evaluator': 'TrafficStateEvaluator', 'calculate_weight_adj': True, 'conservation_loss_weight': 0.1, 'conservation_steps_per_epoch': 80, 'conservation_warmup_epochs': 5, 'data_col': ['traffic_speed'], 'data_files': ['PEMS_BAY'], 'decoder_layers': 2, 'device': device(type='cuda', index=0), 'disturb_rate': 0.5, 'dropout': 0.1, 'dyna': {'including_types': ['state'], 'state': {'entity_id': 'geo_id', 'traffic_speed': 'num'}}, 'encoder_layers': 2, 'eval_batch_size': 64, 'evaluator_mode': 'single', 'ffn_hidden_dim': 128, 'fuzzy_num_sets': 3, 'geo': {'including_types': ['Point'], 'Point': {}}, 'geo_file': 'PEMS_BAY', 'graph_k_hop': 2, 'hidden_dim': 64, 'init_weight_inf_or_zero': 'inf', 'is_distributed': True, 'metrics': ['MAE', 'MAPE', 'MSE', 'RMSE', 'masked_MAE', 'masked_MAPE', 'masked_MSE', 'masked_RMSE', 'R2', 'EVAR'], 'noise_SD': [10], 'noise_mean': [5], 'noise_type': 'gaussian', 'num_heads': 2, 'num_workers': 0, 'output_dim': 1, 'pad_with_last_sample': True, 'physics_channel_idx': 0, 'rank': 0, 'rel': {'including_types': ['geo'], 'geo': {'cost': 'num'}}, 'rel_file': 'PEMS_BAY', 'robustness_test': False, 'save_mode': ['csv'], 'scale_lr': False, 'set_weight_link_or_dist': 'dist', 'time_intervals': 300, 'use_amp': True, 'use_fuzzy_conservation': True, 'use_fuzzy_graph': True, 'use_gradient_checkpointing': False, 'use_spatiotemporal_attention': True, 'use_temporal_position_embedding': True, 'weight_adj_epsilon': 0.1, 'weight_col': 'cost', 'world_size': 4, 'clip_grad_norm': True, 'epoch': 0, 'gpu': True, 'gpu_id': 0, 'learner': 'adamw', 'load_best_epoch': True, 'log_every': 1, 'lr_decay': True, 'lr_decay_ratio': 0.5, 'lr_patience': 5, 'lr_scheduler': 'reducelronplateau', 'lr_threshold': 0.001, 'max_grad_norm': 3, 'patience': 30, 'train_loss': 'none', 'use_early_stop': True, 'weight_decay': 0.0001, 'data_version_id': 'dv_1779363471_177d8867', 'input_window': 12, 'output_window': 12, 'scaler': 'standard', 'load_external': False, 'normal_external': False, 'add_time_in_day': True, 'add_day_in_week': True, 'cache_dataset': True, 'ext_scaler': 'none', 'local_rank': 0, 'dist_backend': 'nccl', 'exp_id': '20260521_200030__traffic_state_pred__new_fuzzy_2__PEMS_BAY'}
2026-05-21 20:00:30,458 - INFO - Log directory: /home/lizhuoxuan/lzq/Bigscity-LibCity-master/outputs/20260521_200030__traffic_state_pred__new_fuzzy_2__PEMS_BAY/logs
2026-05-21 20:00:30,461 - INFO - Log directory: /home/lizhuoxuan/lzq/Bigscity-LibCity-master/outputs/20260521_200030__traffic_state_pred__new_fuzzy_2__PEMS_BAY/logs
2026-05-21 20:00:30,544 - INFO - Log directory: /home/lizhuoxuan/lzq/Bigscity-LibCity-master/outputs/20260521_200030__traffic_state_pred__new_fuzzy_2__PEMS_BAY/logs
2026-05-21 20:01:27,032 - INFO - Enable AMP training (dtype=float16).
2026-05-21 20:01:27,033 - INFO - You select `adamw` optimizer.
2026-05-21 20:01:27,034 - INFO - You select `reducelronplateau` lr_scheduler.
2026-05-21 20:01:27,034 - WARNING - Received none train loss func and will use the loss func defined in the model.
2026-05-21 20:01:27,034 - INFO - Start training ...
2026-05-21 20:01:27,034 - INFO - Enable AMP training (dtype=float16).
2026-05-21 20:01:27,034 - INFO - num_batches:123
2026-05-21 20:01:27,034 - INFO - You select `adamw` optimizer.
2026-05-21 20:01:27,033 - INFO - Enable AMP training (dtype=float16).
2026-05-21 20:01:27,034 - INFO - You select `adamw` optimizer.
2026-05-21 20:01:27,035 - INFO - You select `reducelronplateau` lr_scheduler.
2026-05-21 20:01:27,035 - WARNING - Received none train loss func and will use the loss func defined in the model.
2026-05-21 20:01:27,035 - INFO - Start training ...
2026-05-21 20:01:27,035 - INFO - num_batches:123
2026-05-21 20:01:27,035 - INFO - You select `reducelronplateau` lr_scheduler.
2026-05-21 20:01:27,035 - WARNING - Received none train loss func and will use the loss func defined in the model.
2026-05-21 20:01:27,035 - INFO - Start training ...
2026-05-21 20:01:27,035 - INFO - num_batches:123
2026-05-21 20:01:27,036 - INFO - DistributedDataParallel(
  (module): NewFuzzy2(
    (fuzzy_graph): FuzzyRelationalGraphLearner(
      (raw_projection): Linear(in_features=9, out_features=64, bias=True)
      (feature_to_membership): Sequential(
        (0): Linear(in_features=64, out_features=32, bias=True)
        (1): GELU(approximate='none')
        (2): Linear(in_features=32, out_features=3, bias=True)
      )
    )
    (condition_encoder): STEncoder(
      (input_projection): Linear(in_features=9, out_features=64, bias=True)
      (blocks): ModuleList(
        (0-1): 2 x STEncoderBlock(
          (temporal_attention): MultiHeadAttention(
            (query_projection): Linear(in_features=64, out_features=64, bias=True)
            (key_projection): Linear(in_features=64, out_features=64, bias=True)
            (value_projection): Linear(in_features=64, out_features=64, bias=True)
            (output_projection): Linear(in_features=64, out_features=64, bias=True)
            (dropout): Dropout(p=0.1, inplace=False)
          )
          (graph_convolution): FuzzyGraphConvolution(
            (projections): ModuleList(
              (0-2): 3 x Linear(in_features=64, out_features=64, bias=True)
            )
          )
          (feed_forward): FeedForwardNetwork(
            (network): Sequential(
              (0): Linear(in_features=64, out_features=128, bias=True)
              (1): GELU(approximate='none')
              (2): Dropout(p=0.1, inplace=False)
              (3): Linear(in_features=128, out_features=64, bias=True)
              (4): Dropout(p=0.1, inplace=False)
            )
          )
          (norm_temporal): LayerNorm((64,), eps=1e-05, elementwise_affine=True)
          (norm_graph): LayerNorm((64,), eps=1e-05, elementwise_affine=True)
          (norm_ffn): LayerNorm((64,), eps=1e-05, elementwise_affine=True)
          (dropout): Dropout(p=0.1, inplace=False)
        )
      )
      (final_norm): LayerNorm((64,), eps=1e-05, elementwise_affine=True)
    )
    (future_decoder): FutureDecoder(
      (blocks): ModuleList(
        (0-1): 2 x DecoderBlock(
          (temporal_attention): MultiHeadAttention(
            (query_projection): Linear(in_features=64, out_features=64, bias=True)
            (key_projection): Linear(in_features=64, out_features=64, bias=True)
            (value_projection): Linear(in_features=64, out_features=64, bias=True)
            (output_projection): Linear(in_features=64, out_features=64, bias=True)
            (dropout): Dropout(p=0.1, inplace=False)
          )
          (graph_convolution): FuzzyGraphConvolution(
            (projections): ModuleList(
              (0-2): 3 x Linear(in_features=64, out_features=64, bias=True)
            )
          )
          (cross_attention): MultiHeadAttention(
            (query_projection): Linear(in_features=64, out_features=64, bias=True)
            (key_projection): Linear(in_features=64, out_features=64, bias=True)
            (value_projection): Linear(in_features=64, out_features=64, bias=True)
            (output_projection): Linear(in_features=64, out_features=64, bias=True)
            (dropout): Dropout(p=0.1, inplace=False)
          )
          (spatiotemporal_attention): MultiHeadAttention(
            (query_projection): Linear(in_features=64, out_features=64, bias=True)
            (key_projection): Linear(in_features=64, out_features=64, bias=True)
            (value_projection): Linear(in_features=64, out_features=64, bias=True)
            (output_projection): Linear(in_features=64, out_features=64, bias=True)
            (dropout): Dropout(p=0.1, inplace=False)
          )
          (feed_forward): FeedForwardNetwork(
            (network): Sequential(
              (0): Linear(in_features=64, out_features=128, bias=True)
              (1): GELU(approximate='none')
              (2): Dropout(p=0.1, inplace=False)
              (3): Linear(in_features=128, out_features=64, bias=True)
              (4): Dropout(p=0.1, inplace=False)
            )
          )
          (norm_temporal): LayerNorm((64,), eps=1e-05, elementwise_affine=True)
          (norm_graph): LayerNorm((64,), eps=1e-05, elementwise_affine=True)
          (norm_cross): LayerNorm((64,), eps=1e-05, elementwise_affine=True)
          (norm_spatiotemporal): LayerNorm((64,), eps=1e-05, elementwise_affine=True)
          (norm_ffn): LayerNorm((64,), eps=1e-05, elementwise_affine=True)
          (dropout): Dropout(p=0.1, inplace=False)
        )
      )
      (final_norm): LayerNorm((64,), eps=1e-05, elementwise_affine=True)
      (output_projection): Linear(in_features=64, out_features=1, bias=True)
    )
  )
)
2026-05-21 20:01:27,038 - INFO - module.fuzzy_graph.base_memberships	torch.Size([325, 3])	cuda:0	True
2026-05-21 20:01:27,039 - INFO - module.fuzzy_graph.fuzzy_prototypes	torch.Size([3, 64])	cuda:0	True
2026-05-21 20:01:27,039 - INFO - module.fuzzy_graph.blend_logit	torch.Size([])	cuda:0	True
2026-05-21 20:01:27,039 - INFO - module.fuzzy_graph.raw_projection.weight	torch.Size([64, 9])	cuda:0	True
2026-05-21 20:01:27,039 - INFO - module.fuzzy_graph.raw_projection.bias	torch.Size([64])	cuda:0	True
2026-05-21 20:01:27,039 - INFO - module.fuzzy_graph.feature_to_membership.0.weight	torch.Size([32, 64])	cuda:0	True
2026-05-21 20:01:27,039 - INFO - module.fuzzy_graph.feature_to_membership.0.bias	torch.Size([32])	cuda:0	True
2026-05-21 20:01:27,039 - INFO - module.fuzzy_graph.feature_to_membership.2.weight	torch.Size([3, 32])	cuda:0	True
2026-05-21 20:01:27,039 - INFO - module.fuzzy_graph.feature_to_membership.2.bias	torch.Size([3])	cuda:0	True
2026-05-21 20:01:27,039 - INFO - module.condition_encoder.temporal_position_embedding	torch.Size([1, 12, 1, 64])	cuda:0	True
2026-05-21 20:01:27,039 - INFO - module.condition_encoder.input_projection.weight	torch.Size([64, 9])	cuda:0	True
2026-05-21 20:01:27,039 - INFO - module.condition_encoder.input_projection.bias	torch.Size([64])	cuda:0	True
2026-05-21 20:01:27,039 - INFO - module.condition_encoder.blocks.0.temporal_attention.query_projection.weight	torch.Size([64, 64])	cuda:0	True
2026-05-21 20:01:27,039 - INFO - module.condition_encoder.blocks.0.temporal_attention.query_projection.bias	torch.Size([64])	cuda:0	True
2026-05-21 20:01:27,039 - INFO - module.condition_encoder.blocks.0.temporal_attention.key_projection.weight	torch.Size([64, 64])	cuda:0	True
2026-05-21 20:01:27,039 - INFO - module.condition_encoder.blocks.0.temporal_attention.key_projection.bias	torch.Size([64])	cuda:0	True
2026-05-21 20:01:27,039 - INFO - module.condition_encoder.blocks.0.temporal_attention.value_projection.weight	torch.Size([64, 64])	cuda:0	True
2026-05-21 20:01:27,040 - INFO - module.condition_encoder.blocks.0.temporal_attention.value_projection.bias	torch.Size([64])	cuda:0	True
2026-05-21 20:01:27,040 - INFO - module.condition_encoder.blocks.0.temporal_attention.output_projection.weight	torch.Size([64, 64])	cuda:0	True
2026-05-21 20:01:27,040 - INFO - module.condition_encoder.blocks.0.temporal_attention.output_projection.bias	torch.Size([64])	cuda:0	True
2026-05-21 20:01:27,040 - INFO - module.condition_encoder.blocks.0.graph_convolution.projections.0.weight	torch.Size([64, 64])	cuda:0	True
2026-05-21 20:01:27,040 - INFO - module.condition_encoder.blocks.0.graph_convolution.projections.0.bias	torch.Size([64])	cuda:0	True
2026-05-21 20:01:27,040 - INFO - module.condition_encoder.blocks.0.graph_convolution.projections.1.weight	torch.Size([64, 64])	cuda:0	True
2026-05-21 20:01:27,040 - INFO - module.condition_encoder.blocks.0.graph_convolution.projections.1.bias	torch.Size([64])	cuda:0	True
2026-05-21 20:01:27,040 - INFO - module.condition_encoder.blocks.0.graph_convolution.projections.2.weight	torch.Size([64, 64])	cuda:0	True
2026-05-21 20:01:27,040 - INFO - module.condition_encoder.blocks.0.graph_convolution.projections.2.bias	torch.Size([64])	cuda:0	True
2026-05-21 20:01:27,040 - INFO - module.condition_encoder.blocks.0.feed_forward.network.0.weight	torch.Size([128, 64])	cuda:0	True
2026-05-21 20:01:27,040 - INFO - module.condition_encoder.blocks.0.feed_forward.network.0.bias	torch.Size([128])	cuda:0	True
2026-05-21 20:01:27,040 - INFO - module.condition_encoder.blocks.0.feed_forward.network.3.weight	torch.Size([64, 128])	cuda:0	True
2026-05-21 20:01:27,040 - INFO - module.condition_encoder.blocks.0.feed_forward.network.3.bias	torch.Size([64])	cuda:0	True
2026-05-21 20:01:27,040 - INFO - module.condition_encoder.blocks.0.norm_temporal.weight	torch.Size([64])	cuda:0	True
2026-05-21 20:01:27,040 - INFO - module.condition_encoder.blocks.0.norm_temporal.bias	torch.Size([64])	cuda:0	True
2026-05-21 20:01:27,040 - INFO - module.condition_encoder.blocks.0.norm_graph.weight	torch.Size([64])	cuda:0	True
2026-05-21 20:01:27,040 - INFO - module.condition_encoder.blocks.0.norm_graph.bias	torch.Size([64])	cuda:0	True
2026-05-21 20:01:27,040 - INFO - module.condition_encoder.blocks.0.norm_ffn.weight	torch.Size([64])	cuda:0	True
2026-05-21 20:01:27,041 - INFO - module.condition_encoder.blocks.0.norm_ffn.bias	torch.Size([64])	cuda:0	True
2026-05-21 20:01:27,041 - INFO - module.condition_encoder.blocks.1.temporal_attention.query_projection.weight	torch.Size([64, 64])	cuda:0	True
2026-05-21 20:01:27,041 - INFO - module.condition_encoder.blocks.1.temporal_attention.query_projection.bias	torch.Size([64])	cuda:0	True
2026-05-21 20:01:27,041 - INFO - module.condition_encoder.blocks.1.temporal_attention.key_projection.weight	torch.Size([64, 64])	cuda:0	True
2026-05-21 20:01:27,041 - INFO - module.condition_encoder.blocks.1.temporal_attention.key_projection.bias	torch.Size([64])	cuda:0	True
2026-05-21 20:01:27,041 - INFO - module.condition_encoder.blocks.1.temporal_attention.value_projection.weight	torch.Size([64, 64])	cuda:0	True
2026-05-21 20:01:27,041 - INFO - module.condition_encoder.blocks.1.temporal_attention.value_projection.bias	torch.Size([64])	cuda:0	True
2026-05-21 20:01:27,041 - INFO - module.condition_encoder.blocks.1.temporal_attention.output_projection.weight	torch.Size([64, 64])	cuda:0	True
2026-05-21 20:01:27,041 - INFO - module.condition_encoder.blocks.1.temporal_attention.output_projection.bias	torch.Size([64])	cuda:0	True
2026-05-21 20:01:27,041 - INFO - module.condition_encoder.blocks.1.graph_convolution.projections.0.weight	torch.Size([64, 64])	cuda:0	True
2026-05-21 20:01:27,041 - INFO - module.condition_encoder.blocks.1.graph_convolution.projections.0.bias	torch.Size([64])	cuda:0	True
2026-05-21 20:01:27,041 - INFO - module.condition_encoder.blocks.1.graph_convolution.projections.1.weight	torch.Size([64, 64])	cuda:0	True
2026-05-21 20:01:27,041 - INFO - module.condition_encoder.blocks.1.graph_convolution.projections.1.bias	torch.Size([64])	cuda:0	True
2026-05-21 20:01:27,041 - INFO - module.condition_encoder.blocks.1.graph_convolution.projections.2.weight	torch.Size([64, 64])	cuda:0	True
2026-05-21 20:01:27,041 - INFO - module.condition_encoder.blocks.1.graph_convolution.projections.2.bias	torch.Size([64])	cuda:0	True
2026-05-21 20:01:27,041 - INFO - module.condition_encoder.blocks.1.feed_forward.network.0.weight	torch.Size([128, 64])	cuda:0	True
2026-05-21 20:01:27,041 - INFO - module.condition_encoder.blocks.1.feed_forward.network.0.bias	torch.Size([128])	cuda:0	True
2026-05-21 20:01:27,041 - INFO - module.condition_encoder.blocks.1.feed_forward.network.3.weight	torch.Size([64, 128])	cuda:0	True
2026-05-21 20:01:27,042 - INFO - module.condition_encoder.blocks.1.feed_forward.network.3.bias	torch.Size([64])	cuda:0	True
2026-05-21 20:01:27,042 - INFO - module.condition_encoder.blocks.1.norm_temporal.weight	torch.Size([64])	cuda:0	True
2026-05-21 20:01:27,042 - INFO - module.condition_encoder.blocks.1.norm_temporal.bias	torch.Size([64])	cuda:0	True
2026-05-21 20:01:27,042 - INFO - module.condition_encoder.blocks.1.norm_graph.weight	torch.Size([64])	cuda:0	True
2026-05-21 20:01:27,042 - INFO - module.condition_encoder.blocks.1.norm_graph.bias	torch.Size([64])	cuda:0	True
2026-05-21 20:01:27,042 - INFO - module.condition_encoder.blocks.1.norm_ffn.weight	torch.Size([64])	cuda:0	True
2026-05-21 20:01:27,042 - INFO - module.condition_encoder.blocks.1.norm_ffn.bias	torch.Size([64])	cuda:0	True
2026-05-21 20:01:27,042 - INFO - module.condition_encoder.final_norm.weight	torch.Size([64])	cuda:0	True
2026-05-21 20:01:27,042 - INFO - module.condition_encoder.final_norm.bias	torch.Size([64])	cuda:0	True
2026-05-21 20:01:27,042 - INFO - module.future_decoder.future_queries	torch.Size([1, 12, 325, 64])	cuda:0	True
2026-05-21 20:01:27,042 - INFO - module.future_decoder.blocks.0.temporal_attention.query_projection.weight	torch.Size([64, 64])	cuda:0	True
2026-05-21 20:01:27,042 - INFO - module.future_decoder.blocks.0.temporal_attention.query_projection.bias	torch.Size([64])	cuda:0	True
2026-05-21 20:01:27,042 - INFO - module.future_decoder.blocks.0.temporal_attention.key_projection.weight	torch.Size([64, 64])	cuda:0	True
2026-05-21 20:01:27,042 - INFO - module.future_decoder.blocks.0.temporal_attention.key_projection.bias	torch.Size([64])	cuda:0	True
2026-05-21 20:01:27,042 - INFO - module.future_decoder.blocks.0.temporal_attention.value_projection.weight	torch.Size([64, 64])	cuda:0	True
2026-05-21 20:01:27,042 - INFO - module.future_decoder.blocks.0.temporal_attention.value_projection.bias	torch.Size([64])	cuda:0	True
2026-05-21 20:01:27,042 - INFO - module.future_decoder.blocks.0.temporal_attention.output_projection.weight	torch.Size([64, 64])	cuda:0	True
2026-05-21 20:01:27,042 - INFO - module.future_decoder.blocks.0.temporal_attention.output_projection.bias	torch.Size([64])	cuda:0	True
2026-05-21 20:01:27,043 - INFO - module.future_decoder.blocks.0.graph_convolution.projections.0.weight	torch.Size([64, 64])	cuda:0	True
2026-05-21 20:01:27,043 - INFO - module.future_decoder.blocks.0.graph_convolution.projections.0.bias	torch.Size([64])	cuda:0	True
2026-05-21 20:01:27,043 - INFO - module.future_decoder.blocks.0.graph_convolution.projections.1.weight	torch.Size([64, 64])	cuda:0	True
2026-05-21 20:01:27,043 - INFO - module.future_decoder.blocks.0.graph_convolution.projections.1.bias	torch.Size([64])	cuda:0	True
2026-05-21 20:01:27,043 - INFO - module.future_decoder.blocks.0.graph_convolution.projections.2.weight	torch.Size([64, 64])	cuda:0	True
2026-05-21 20:01:27,043 - INFO - module.future_decoder.blocks.0.graph_convolution.projections.2.bias	torch.Size([64])	cuda:0	True
2026-05-21 20:01:27,043 - INFO - module.future_decoder.blocks.0.cross_attention.query_projection.weight	torch.Size([64, 64])	cuda:0	True
2026-05-21 20:01:27,043 - INFO - module.future_decoder.blocks.0.cross_attention.query_projection.bias	torch.Size([64])	cuda:0	True
2026-05-21 20:01:27,043 - INFO - module.future_decoder.blocks.0.cross_attention.key_projection.weight	torch.Size([64, 64])	cuda:0	True
2026-05-21 20:01:27,043 - INFO - module.future_decoder.blocks.0.cross_attention.key_projection.bias	torch.Size([64])	cuda:0	True
2026-05-21 20:01:27,043 - INFO - module.future_decoder.blocks.0.cross_attention.value_projection.weight	torch.Size([64, 64])	cuda:0	True
2026-05-21 20:01:27,043 - INFO - module.future_decoder.blocks.0.cross_attention.value_projection.bias	torch.Size([64])	cuda:0	True
2026-05-21 20:01:27,043 - INFO - module.future_decoder.blocks.0.cross_attention.output_projection.weight	torch.Size([64, 64])	cuda:0	True
2026-05-21 20:01:27,043 - INFO - module.future_decoder.blocks.0.cross_attention.output_projection.bias	torch.Size([64])	cuda:0	True
2026-05-21 20:01:27,043 - INFO - module.future_decoder.blocks.0.spatiotemporal_attention.query_projection.weight	torch.Size([64, 64])	cuda:0	True
2026-05-21 20:01:27,043 - INFO - module.future_decoder.blocks.0.spatiotemporal_attention.query_projection.bias	torch.Size([64])	cuda:0	True
2026-05-21 20:01:27,043 - INFO - module.future_decoder.blocks.0.spatiotemporal_attention.key_projection.weight	torch.Size([64, 64])	cuda:0	True
2026-05-21 20:01:27,043 - INFO - module.future_decoder.blocks.0.spatiotemporal_attention.key_projection.bias	torch.Size([64])	cuda:0	True
2026-05-21 20:01:27,043 - INFO - module.future_decoder.blocks.0.spatiotemporal_attention.value_projection.weight	torch.Size([64, 64])	cuda:0	True
2026-05-21 20:01:27,043 - INFO - module.future_decoder.blocks.0.spatiotemporal_attention.value_projection.bias	torch.Size([64])	cuda:0	True
2026-05-21 20:01:27,044 - INFO - module.future_decoder.blocks.0.spatiotemporal_attention.output_projection.weight	torch.Size([64, 64])	cuda:0	True
2026-05-21 20:01:27,044 - INFO - module.future_decoder.blocks.0.spatiotemporal_attention.output_projection.bias	torch.Size([64])	cuda:0	True
2026-05-21 20:01:27,044 - INFO - module.future_decoder.blocks.0.feed_forward.network.0.weight	torch.Size([128, 64])	cuda:0	True
2026-05-21 20:01:27,044 - INFO - module.future_decoder.blocks.0.feed_forward.network.0.bias	torch.Size([128])	cuda:0	True
2026-05-21 20:01:27,044 - INFO - module.future_decoder.blocks.0.feed_forward.network.3.weight	torch.Size([64, 128])	cuda:0	True
2026-05-21 20:01:27,044 - INFO - module.future_decoder.blocks.0.feed_forward.network.3.bias	torch.Size([64])	cuda:0	True
2026-05-21 20:01:27,044 - INFO - module.future_decoder.blocks.0.norm_temporal.weight	torch.Size([64])	cuda:0	True
2026-05-21 20:01:27,044 - INFO - module.future_decoder.blocks.0.norm_temporal.bias	torch.Size([64])	cuda:0	True
2026-05-21 20:01:27,044 - INFO - module.future_decoder.blocks.0.norm_graph.weight	torch.Size([64])	cuda:0	True
2026-05-21 20:01:27,044 - INFO - module.future_decoder.blocks.0.norm_graph.bias	torch.Size([64])	cuda:0	True
2026-05-21 20:01:27,044 - INFO - module.future_decoder.blocks.0.norm_cross.weight	torch.Size([64])	cuda:0	True
2026-05-21 20:01:27,044 - INFO - module.future_decoder.blocks.0.norm_cross.bias	torch.Size([64])	cuda:0	True
2026-05-21 20:01:27,044 - INFO - module.future_decoder.blocks.0.norm_spatiotemporal.weight	torch.Size([64])	cuda:0	True
2026-05-21 20:01:27,044 - INFO - module.future_decoder.blocks.0.norm_spatiotemporal.bias	torch.Size([64])	cuda:0	True
2026-05-21 20:01:27,044 - INFO - module.future_decoder.blocks.0.norm_ffn.weight	torch.Size([64])	cuda:0	True
2026-05-21 20:01:27,044 - INFO - module.future_decoder.blocks.0.norm_ffn.bias	torch.Size([64])	cuda:0	True
2026-05-21 20:01:27,045 - INFO - module.future_decoder.blocks.1.temporal_attention.query_projection.weight	torch.Size([64, 64])	cuda:0	True
2026-05-21 20:01:27,045 - INFO - module.future_decoder.blocks.1.temporal_attention.query_projection.bias	torch.Size([64])	cuda:0	True
2026-05-21 20:01:27,045 - INFO - module.future_decoder.blocks.1.temporal_attention.key_projection.weight	torch.Size([64, 64])	cuda:0	True
2026-05-21 20:01:27,045 - INFO - module.future_decoder.blocks.1.temporal_attention.key_projection.bias	torch.Size([64])	cuda:0	True
2026-05-21 20:01:27,045 - INFO - module.future_decoder.blocks.1.temporal_attention.value_projection.weight	torch.Size([64, 64])	cuda:0	True
2026-05-21 20:01:27,045 - INFO - module.future_decoder.blocks.1.temporal_attention.value_projection.bias	torch.Size([64])	cuda:0	True
2026-05-21 20:01:27,045 - INFO - module.future_decoder.blocks.1.temporal_attention.output_projection.weight	torch.Size([64, 64])	cuda:0	True
2026-05-21 20:01:27,045 - INFO - module.future_decoder.blocks.1.temporal_attention.output_projection.bias	torch.Size([64])	cuda:0	True
2026-05-21 20:01:27,045 - INFO - module.future_decoder.blocks.1.graph_convolution.projections.0.weight	torch.Size([64, 64])	cuda:0	True
2026-05-21 20:01:27,045 - INFO - module.future_decoder.blocks.1.graph_convolution.projections.0.bias	torch.Size([64])	cuda:0	True
2026-05-21 20:01:27,045 - INFO - module.future_decoder.blocks.1.graph_convolution.projections.1.weight	torch.Size([64, 64])	cuda:0	True
2026-05-21 20:01:27,045 - INFO - module.future_decoder.blocks.1.graph_convolution.projections.1.bias	torch.Size([64])	cuda:0	True
2026-05-21 20:01:27,045 - INFO - module.future_decoder.blocks.1.graph_convolution.projections.2.weight	torch.Size([64, 64])	cuda:0	True
2026-05-21 20:01:27,045 - INFO - module.future_decoder.blocks.1.graph_convolution.projections.2.bias	torch.Size([64])	cuda:0	True
2026-05-21 20:01:27,045 - INFO - module.future_decoder.blocks.1.cross_attention.query_projection.weight	torch.Size([64, 64])	cuda:0	True
2026-05-21 20:01:27,045 - INFO - module.future_decoder.blocks.1.cross_attention.query_projection.bias	torch.Size([64])	cuda:0	True
2026-05-21 20:01:27,045 - INFO - module.future_decoder.blocks.1.cross_attention.key_projection.weight	torch.Size([64, 64])	cuda:0	True
2026-05-21 20:01:27,045 - INFO - module.future_decoder.blocks.1.cross_attention.key_projection.bias	torch.Size([64])	cuda:0	True
2026-05-21 20:01:27,045 - INFO - module.future_decoder.blocks.1.cross_attention.value_projection.weight	torch.Size([64, 64])	cuda:0	True
2026-05-21 20:01:27,046 - INFO - module.future_decoder.blocks.1.cross_attention.value_projection.bias	torch.Size([64])	cuda:0	True
2026-05-21 20:01:27,046 - INFO - module.future_decoder.blocks.1.cross_attention.output_projection.weight	torch.Size([64, 64])	cuda:0	True
2026-05-21 20:01:27,046 - INFO - module.future_decoder.blocks.1.cross_attention.output_projection.bias	torch.Size([64])	cuda:0	True
2026-05-21 20:01:27,046 - INFO - module.future_decoder.blocks.1.spatiotemporal_attention.query_projection.weight	torch.Size([64, 64])	cuda:0	True
2026-05-21 20:01:27,046 - INFO - module.future_decoder.blocks.1.spatiotemporal_attention.query_projection.bias	torch.Size([64])	cuda:0	True
2026-05-21 20:01:27,046 - INFO - module.future_decoder.blocks.1.spatiotemporal_attention.key_projection.weight	torch.Size([64, 64])	cuda:0	True
2026-05-21 20:01:27,046 - INFO - module.future_decoder.blocks.1.spatiotemporal_attention.key_projection.bias	torch.Size([64])	cuda:0	True
2026-05-21 20:01:27,046 - INFO - module.future_decoder.blocks.1.spatiotemporal_attention.value_projection.weight	torch.Size([64, 64])	cuda:0	True
2026-05-21 20:01:27,046 - INFO - module.future_decoder.blocks.1.spatiotemporal_attention.value_projection.bias	torch.Size([64])	cuda:0	True
2026-05-21 20:01:27,046 - INFO - module.future_decoder.blocks.1.spatiotemporal_attention.output_projection.weight	torch.Size([64, 64])	cuda:0	True
2026-05-21 20:01:27,046 - INFO - module.future_decoder.blocks.1.spatiotemporal_attention.output_projection.bias	torch.Size([64])	cuda:0	True
2026-05-21 20:01:27,046 - INFO - module.future_decoder.blocks.1.feed_forward.network.0.weight	torch.Size([128, 64])	cuda:0	True
2026-05-21 20:01:27,046 - INFO - module.future_decoder.blocks.1.feed_forward.network.0.bias	torch.Size([128])	cuda:0	True
2026-05-21 20:01:27,046 - INFO - module.future_decoder.blocks.1.feed_forward.network.3.weight	torch.Size([64, 128])	cuda:0	True
2026-05-21 20:01:27,046 - INFO - module.future_decoder.blocks.1.feed_forward.network.3.bias	torch.Size([64])	cuda:0	True
2026-05-21 20:01:27,046 - INFO - module.future_decoder.blocks.1.norm_temporal.weight	torch.Size([64])	cuda:0	True
2026-05-21 20:01:27,046 - INFO - module.future_decoder.blocks.1.norm_temporal.bias	torch.Size([64])	cuda:0	True
2026-05-21 20:01:27,046 - INFO - module.future_decoder.blocks.1.norm_graph.weight	torch.Size([64])	cuda:0	True
2026-05-21 20:01:27,047 - INFO - module.future_decoder.blocks.1.norm_graph.bias	torch.Size([64])	cuda:0	True
2026-05-21 20:01:27,047 - INFO - module.future_decoder.blocks.1.norm_cross.weight	torch.Size([64])	cuda:0	True
2026-05-21 20:01:27,047 - INFO - module.future_decoder.blocks.1.norm_cross.bias	torch.Size([64])	cuda:0	True
2026-05-21 20:01:27,047 - INFO - module.future_decoder.blocks.1.norm_spatiotemporal.weight	torch.Size([64])	cuda:0	True
2026-05-21 20:01:27,047 - INFO - module.future_decoder.blocks.1.norm_spatiotemporal.bias	torch.Size([64])	cuda:0	True
2026-05-21 20:01:27,047 - INFO - module.future_decoder.blocks.1.norm_ffn.weight	torch.Size([64])	cuda:0	True
2026-05-21 20:01:27,047 - INFO - module.future_decoder.blocks.1.norm_ffn.bias	torch.Size([64])	cuda:0	True
2026-05-21 20:01:27,047 - INFO - module.future_decoder.final_norm.weight	torch.Size([64])	cuda:0	True
2026-05-21 20:01:27,047 - INFO - module.future_decoder.final_norm.bias	torch.Size([64])	cuda:0	True
2026-05-21 20:01:27,047 - INFO - module.future_decoder.output_projection.weight	torch.Size([1, 64])	cuda:0	True
2026-05-21 20:01:27,047 - INFO - module.future_decoder.output_projection.bias	torch.Size([1])	cuda:0	True
2026-05-21 20:01:27,048 - INFO - Total parameter numbers: 506708
2026-05-21 20:01:27,048 - INFO - Enable AMP training (dtype=float16).
2026-05-21 20:01:27,048 - INFO - You select `adamw` optimizer.
2026-05-21 20:01:27,049 - INFO - You select `reducelronplateau` lr_scheduler.
2026-05-21 20:01:27,049 - WARNING - Received none train loss func and will use the loss func defined in the model.
2026-05-21 20:01:27,049 - INFO - Start training ...
2026-05-21 20:01:27,049 - INFO - num_batches:123
2026-05-21 20:01:49,400 - INFO - epoch complete!
2026-05-21 20:01:49,400 - INFO - evaluating now!
2026-05-21 20:01:49,934 - INFO - epoch complete!
2026-05-21 20:01:49,935 - INFO - evaluating now!
2026-05-21 20:01:50,257 - INFO - epoch complete!
2026-05-21 20:01:50,258 - INFO - evaluating now!
2026-05-21 20:01:51,545 - INFO - Epoch [0/10] train_loss: 0.5275, val_loss: 0.5239, lr: 0.000500, 24.51s
2026-05-21 20:01:51,599 - INFO - Saved model at 0
2026-05-21 20:01:51,599 - INFO - Val loss decrease from inf to 0.5239, saving to /home/lizhuoxuan/lzq/Bigscity-LibCity-master/outputs/20260521_200030__traffic_state_pred__new_fuzzy_2__PEMS_BAY/model_cache/new_fuzzy_2_PEMS_BAY_epoch0.tar
2026-05-21 20:01:52,126 - INFO - Epoch [0/10] train_loss: 0.5283, val_loss: 0.5208, lr: 0.000500, 25.09s
2026-05-21 20:01:52,168 - INFO - Saved model at 0
2026-05-21 20:01:52,168 - INFO - Val loss decrease from inf to 0.5208, saving to /home/lizhuoxuan/lzq/Bigscity-LibCity-master/outputs/20260521_200030__traffic_state_pred__new_fuzzy_2__PEMS_BAY/model_cache/new_fuzzy_2_PEMS_BAY_epoch0.tar
2026-05-21 20:01:53,649 - INFO - Epoch [0/10] train_loss: 0.5192, val_loss: 0.5202, lr: 0.000500, 26.61s
2026-05-21 20:01:53,693 - INFO - Saved model at 0
2026-05-21 20:01:53,693 - INFO - Val loss decrease from inf to 0.5202, saving to /home/lizhuoxuan/lzq/Bigscity-LibCity-master/outputs/20260521_200030__traffic_state_pred__new_fuzzy_2__PEMS_BAY/model_cache/new_fuzzy_2_PEMS_BAY_epoch0.tar
2026-05-21 20:02:13,244 - INFO - epoch complete!
2026-05-21 20:02:13,244 - INFO - evaluating now!
2026-05-21 20:02:14,730 - INFO - epoch complete!
2026-05-21 20:02:14,730 - INFO - evaluating now!
2026-05-21 20:02:15,354 - INFO - epoch complete!
2026-05-21 20:02:15,355 - INFO - evaluating now!
2026-05-21 20:02:15,397 - INFO - Epoch [1/10] train_loss: 0.4835, val_loss: 0.5126, lr: 0.000500, 23.80s
2026-05-21 20:02:15,437 - INFO - Saved model at 1
2026-05-21 20:02:15,437 - INFO - Val loss decrease from 0.5239 to 0.5126, saving to /home/lizhuoxuan/lzq/Bigscity-LibCity-master/outputs/20260521_200030__traffic_state_pred__new_fuzzy_2__PEMS_BAY/model_cache/new_fuzzy_2_PEMS_BAY_epoch1.tar
2026-05-21 20:02:16,827 - INFO - Epoch [1/10] train_loss: 0.4759, val_loss: 0.5122, lr: 0.000500, 24.66s
2026-05-21 20:02:16,867 - INFO - Saved model at 1
2026-05-21 20:02:16,867 - INFO - Val loss decrease from 0.5208 to 0.5122, saving to /home/lizhuoxuan/lzq/Bigscity-LibCity-master/outputs/20260521_200030__traffic_state_pred__new_fuzzy_2__PEMS_BAY/model_cache/new_fuzzy_2_PEMS_BAY_epoch1.tar
2026-05-21 20:02:17,456 - INFO - Epoch [1/10] train_loss: 0.4762, val_loss: 0.5135, lr: 0.000500, 23.76s
2026-05-21 20:02:17,496 - INFO - Saved model at 1
2026-05-21 20:02:17,496 - INFO - Val loss decrease from 0.5202 to 0.5135, saving to /home/lizhuoxuan/lzq/Bigscity-LibCity-master/outputs/20260521_200030__traffic_state_pred__new_fuzzy_2__PEMS_BAY/model_cache/new_fuzzy_2_PEMS_BAY_epoch1.tar
2026-05-21 20:02:31,668 - INFO - epoch complete!
2026-05-21 20:02:31,668 - INFO - evaluating now!
2026-05-21 20:02:37,061 - INFO - epoch complete!
2026-05-21 20:02:37,062 - INFO - evaluating now!
2026-05-21 20:02:38,061 - INFO - Epoch [0/10] train_loss: 0.5268, val_loss: 0.5193, lr: 0.000500, 71.01s
2026-05-21 20:02:38,104 - INFO - Saved model at 0
2026-05-21 20:02:38,104 - INFO - Val loss decrease from inf to 0.5193, saving to /home/lizhuoxuan/lzq/Bigscity-LibCity-master/outputs/20260521_200030__traffic_state_pred__new_fuzzy_2__PEMS_BAY/model_cache/new_fuzzy_2_PEMS_BAY_epoch0.tar
2026-05-21 20:02:38,309 - INFO - epoch complete!
2026-05-21 20:02:38,309 - INFO - evaluating now!
2026-05-21 20:02:39,203 - INFO - Epoch [2/10] train_loss: 0.4761, val_loss: 0.5153, lr: 0.000500, 23.77s
2026-05-21 20:02:39,432 - INFO - epoch complete!
2026-05-21 20:02:39,433 - INFO - evaluating now!
2026-05-21 20:02:40,409 - INFO - Epoch [2/10] train_loss: 0.4776, val_loss: 0.5132, lr: 0.000500, 23.54s
2026-05-21 20:02:41,629 - INFO - Epoch [2/10] train_loss: 0.4669, val_loss: 0.5119, lr: 0.000500, 24.13s
2026-05-21 20:02:41,668 - INFO - Saved model at 2
2026-05-21 20:02:41,668 - INFO - Val loss decrease from 0.5135 to 0.5119, saving to /home/lizhuoxuan/lzq/Bigscity-LibCity-master/outputs/20260521_200030__traffic_state_pred__new_fuzzy_2__PEMS_BAY/model_cache/new_fuzzy_2_PEMS_BAY_epoch2.tar
2026-05-21 20:03:00,806 - INFO - epoch complete!
2026-05-21 20:03:00,806 - INFO - evaluating now!
2026-05-21 20:03:01,560 - INFO - epoch complete!
2026-05-21 20:03:01,561 - INFO - evaluating now!
2026-05-21 20:03:03,005 - INFO - Epoch [3/10] train_loss: 0.4682, val_loss: 0.5111, lr: 0.000500, 23.80s
2026-05-21 20:03:03,042 - INFO - Saved model at 3
2026-05-21 20:03:03,042 - INFO - Val loss decrease from 0.5126 to 0.5111, saving to /home/lizhuoxuan/lzq/Bigscity-LibCity-master/outputs/20260521_200030__traffic_state_pred__new_fuzzy_2__PEMS_BAY/model_cache/new_fuzzy_2_PEMS_BAY_epoch3.tar
2026-05-21 20:03:03,595 - INFO - epoch complete!
2026-05-21 20:03:03,595 - INFO - evaluating now!
2026-05-21 20:03:03,601 - INFO - Epoch [3/10] train_loss: 0.4609, val_loss: 0.4797, lr: 0.000500, 23.19s
2026-05-21 20:03:03,643 - INFO - Saved model at 3
2026-05-21 20:03:03,643 - INFO - Val loss decrease from 0.5122 to 0.4797, saving to /home/lizhuoxuan/lzq/Bigscity-LibCity-master/outputs/20260521_200030__traffic_state_pred__new_fuzzy_2__PEMS_BAY/model_cache/new_fuzzy_2_PEMS_BAY_epoch3.tar
2026-05-21 20:03:05,859 - INFO - Epoch [3/10] train_loss: 0.4564, val_loss: 0.4738, lr: 0.000500, 24.19s
2026-05-21 20:03:05,904 - INFO - Saved model at 3
2026-05-21 20:03:05,904 - INFO - Val loss decrease from 0.5119 to 0.4738, saving to /home/lizhuoxuan/lzq/Bigscity-LibCity-master/outputs/20260521_200030__traffic_state_pred__new_fuzzy_2__PEMS_BAY/model_cache/new_fuzzy_2_PEMS_BAY_epoch3.tar
2026-05-21 20:03:24,709 - INFO - epoch complete!
2026-05-21 20:03:24,710 - INFO - evaluating now!
2026-05-21 20:03:24,713 - INFO - epoch complete!
2026-05-21 20:03:24,713 - INFO - evaluating now!
2026-05-21 20:03:26,761 - INFO - Epoch [4/10] train_loss: 0.4241, val_loss: 0.4638, lr: 0.000500, 23.12s
2026-05-21 20:03:26,797 - INFO - Saved model at 4
2026-05-21 20:03:26,798 - INFO - Val loss decrease from 0.4797 to 0.4638, saving to /home/lizhuoxuan/lzq/Bigscity-LibCity-master/outputs/20260521_200030__traffic_state_pred__new_fuzzy_2__PEMS_BAY/model_cache/new_fuzzy_2_PEMS_BAY_epoch4.tar
2026-05-21 20:03:26,895 - INFO - Epoch [4/10] train_loss: 0.4715, val_loss: 0.5076, lr: 0.000500, 23.85s
2026-05-21 20:03:26,940 - INFO - Saved model at 4
2026-05-21 20:03:26,940 - INFO - Val loss decrease from 0.5111 to 0.5076, saving to /home/lizhuoxuan/lzq/Bigscity-LibCity-master/outputs/20260521_200030__traffic_state_pred__new_fuzzy_2__PEMS_BAY/model_cache/new_fuzzy_2_PEMS_BAY_epoch4.tar
2026-05-21 20:03:27,787 - INFO - epoch complete!
2026-05-21 20:03:27,788 - INFO - evaluating now!
2026-05-21 20:03:29,969 - INFO - Epoch [4/10] train_loss: 0.4229, val_loss: 0.4634, lr: 0.000500, 24.06s
2026-05-21 20:03:30,008 - INFO - Saved model at 4
2026-05-21 20:03:30,008 - INFO - Val loss decrease from 0.4738 to 0.4634, saving to /home/lizhuoxuan/lzq/Bigscity-LibCity-master/outputs/20260521_200030__traffic_state_pred__new_fuzzy_2__PEMS_BAY/model_cache/new_fuzzy_2_PEMS_BAY_epoch4.tar
2026-05-21 20:03:47,888 - INFO - epoch complete!
2026-05-21 20:03:47,888 - INFO - evaluating now!
2026-05-21 20:03:48,635 - INFO - epoch complete!
2026-05-21 20:03:48,635 - INFO - evaluating now!
2026-05-21 20:03:49,933 - INFO - Epoch [5/10] train_loss: 0.4153, val_loss: 0.4596, lr: 0.000500, 23.14s
2026-05-21 20:03:49,971 - INFO - Saved model at 5
2026-05-21 20:03:49,971 - INFO - Val loss decrease from 0.4638 to 0.4596, saving to /home/lizhuoxuan/lzq/Bigscity-LibCity-master/outputs/20260521_200030__traffic_state_pred__new_fuzzy_2__PEMS_BAY/model_cache/new_fuzzy_2_PEMS_BAY_epoch5.tar
2026-05-21 20:03:50,834 - INFO - Epoch [5/10] train_loss: 0.4567, val_loss: 0.5019, lr: 0.000500, 23.89s
2026-05-21 20:03:50,878 - INFO - Saved model at 5
2026-05-21 20:03:50,878 - INFO - Val loss decrease from 0.5076 to 0.5019, saving to /home/lizhuoxuan/lzq/Bigscity-LibCity-master/outputs/20260521_200030__traffic_state_pred__new_fuzzy_2__PEMS_BAY/model_cache/new_fuzzy_2_PEMS_BAY_epoch5.tar
2026-05-21 20:03:52,037 - INFO - epoch complete!
2026-05-21 20:03:52,038 - INFO - evaluating now!
2026-05-21 20:03:54,178 - INFO - Epoch [5/10] train_loss: 0.3950, val_loss: 0.3412, lr: 0.000500, 24.17s
2026-05-21 20:03:54,225 - INFO - Saved model at 5
2026-05-21 20:03:54,225 - INFO - Val loss decrease from 0.4634 to 0.3412, saving to /home/lizhuoxuan/lzq/Bigscity-LibCity-master/outputs/20260521_200030__traffic_state_pred__new_fuzzy_2__PEMS_BAY/model_cache/new_fuzzy_2_PEMS_BAY_epoch5.tar
2026-05-21 20:04:11,010 - INFO - epoch complete!
2026-05-21 20:04:11,011 - INFO - evaluating now!
2026-05-21 20:04:12,579 - INFO - epoch complete!
2026-05-21 20:04:12,579 - INFO - evaluating now!
2026-05-21 20:04:13,046 - INFO - Epoch [6/10] train_loss: 0.3987, val_loss: 0.3423, lr: 0.000500, 23.07s
2026-05-21 20:04:13,082 - INFO - Saved model at 6
2026-05-21 20:04:13,082 - INFO - Val loss decrease from 0.4596 to 0.3423, saving to /home/lizhuoxuan/lzq/Bigscity-LibCity-master/outputs/20260521_200030__traffic_state_pred__new_fuzzy_2__PEMS_BAY/model_cache/new_fuzzy_2_PEMS_BAY_epoch6.tar
2026-05-21 20:04:14,611 - INFO - epoch complete!
2026-05-21 20:04:14,614 - INFO - evaluating now!
2026-05-21 20:04:14,739 - INFO - Epoch [6/10] train_loss: 0.4417, val_loss: 0.4695, lr: 0.000500, 23.86s
2026-05-21 20:04:14,780 - INFO - Saved model at 6
2026-05-21 20:04:14,780 - INFO - Val loss decrease from 0.5019 to 0.4695, saving to /home/lizhuoxuan/lzq/Bigscity-LibCity-master/outputs/20260521_200030__traffic_state_pred__new_fuzzy_2__PEMS_BAY/model_cache/new_fuzzy_2_PEMS_BAY_epoch6.tar
2026-05-21 20:04:16,050 - INFO - epoch complete!
2026-05-21 20:04:16,050 - INFO - evaluating now!
2026-05-21 20:04:18,114 - INFO - Epoch [6/10] train_loss: 0.2741, val_loss: 0.2559, lr: 0.000500, 23.89s
2026-05-21 20:04:18,153 - INFO - Saved model at 6
2026-05-21 20:04:18,153 - INFO - Val loss decrease from 0.3412 to 0.2559, saving to /home/lizhuoxuan/lzq/Bigscity-LibCity-master/outputs/20260521_200030__traffic_state_pred__new_fuzzy_2__PEMS_BAY/model_cache/new_fuzzy_2_PEMS_BAY_epoch6.tar
2026-05-21 20:04:23,591 - INFO - Epoch [1/10] train_loss: 0.4819, val_loss: 0.5186, lr: 0.000500, 105.49s
2026-05-21 20:04:23,641 - INFO - Saved model at 1
2026-05-21 20:04:23,641 - INFO - Val loss decrease from 0.5193 to 0.5186, saving to /home/lizhuoxuan/lzq/Bigscity-LibCity-master/outputs/20260521_200030__traffic_state_pred__new_fuzzy_2__PEMS_BAY/model_cache/new_fuzzy_2_PEMS_BAY_epoch1.tar
2026-05-21 20:04:34,158 - INFO - epoch complete!
2026-05-21 20:04:34,159 - INFO - evaluating now!
2026-05-21 20:04:36,194 - INFO - Epoch [7/10] train_loss: 0.2813, val_loss: 0.2617, lr: 0.000500, 23.11s
2026-05-21 20:04:36,232 - INFO - Saved model at 7
2026-05-21 20:04:36,232 - INFO - Val loss decrease from 0.3423 to 0.2617, saving to /home/lizhuoxuan/lzq/Bigscity-LibCity-master/outputs/20260521_200030__traffic_state_pred__new_fuzzy_2__PEMS_BAY/model_cache/new_fuzzy_2_PEMS_BAY_epoch7.tar
2026-05-21 20:04:36,468 - INFO - epoch complete!
2026-05-21 20:04:36,469 - INFO - evaluating now!
2026-05-21 20:04:38,675 - INFO - Epoch [7/10] train_loss: 0.4170, val_loss: 0.4326, lr: 0.000500, 23.89s
2026-05-21 20:04:38,715 - INFO - Saved model at 7
2026-05-21 20:04:38,715 - INFO - Val loss decrease from 0.4695 to 0.4326, saving to /home/lizhuoxuan/lzq/Bigscity-LibCity-master/outputs/20260521_200030__traffic_state_pred__new_fuzzy_2__PEMS_BAY/model_cache/new_fuzzy_2_PEMS_BAY_epoch7.tar
2026-05-21 20:04:39,597 - INFO - epoch complete!
2026-05-21 20:04:39,598 - INFO - evaluating now!
2026-05-21 20:04:41,689 - INFO - Epoch [7/10] train_loss: 0.2430, val_loss: 0.2588, lr: 0.000500, 23.54s
2026-05-21 20:04:57,288 - INFO - epoch complete!
2026-05-21 20:04:57,288 - INFO - evaluating now!
2026-05-21 20:04:59,365 - INFO - Epoch [8/10] train_loss: 0.2413, val_loss: 0.2369, lr: 0.000500, 23.13s
2026-05-21 20:04:59,402 - INFO - Saved model at 8
2026-05-21 20:04:59,402 - INFO - Val loss decrease from 0.2617 to 0.2369, saving to /home/lizhuoxuan/lzq/Bigscity-LibCity-master/outputs/20260521_200030__traffic_state_pred__new_fuzzy_2__PEMS_BAY/model_cache/new_fuzzy_2_PEMS_BAY_epoch8.tar
2026-05-21 20:05:00,314 - INFO - epoch complete!
2026-05-21 20:05:00,315 - INFO - evaluating now!
2026-05-21 20:05:02,472 - INFO - Epoch [8/10] train_loss: 0.3147, val_loss: 0.2702, lr: 0.000500, 23.76s
2026-05-21 20:05:02,517 - INFO - Saved model at 8
2026-05-21 20:05:02,517 - INFO - Val loss decrease from 0.4326 to 0.2702, saving to /home/lizhuoxuan/lzq/Bigscity-LibCity-master/outputs/20260521_200030__traffic_state_pred__new_fuzzy_2__PEMS_BAY/model_cache/new_fuzzy_2_PEMS_BAY_epoch8.tar
2026-05-21 20:05:03,042 - INFO - epoch complete!
2026-05-21 20:05:03,043 - INFO - evaluating now!
2026-05-21 20:05:05,109 - INFO - Epoch [8/10] train_loss: 0.2363, val_loss: 0.2295, lr: 0.000500, 23.42s
2026-05-21 20:05:05,164 - INFO - Saved model at 8
2026-05-21 20:05:05,164 - INFO - Val loss decrease from 0.2559 to 0.2295, saving to /home/lizhuoxuan/lzq/Bigscity-LibCity-master/outputs/20260521_200030__traffic_state_pred__new_fuzzy_2__PEMS_BAY/model_cache/new_fuzzy_2_PEMS_BAY_epoch8.tar
2026-05-21 20:05:20,523 - INFO - epoch complete!
2026-05-21 20:05:20,524 - INFO - evaluating now!
2026-05-21 20:05:22,621 - INFO - Epoch [9/10] train_loss: 0.2333, val_loss: 0.2283, lr: 0.000500, 23.22s
2026-05-21 20:05:22,713 - INFO - Saved model at 9
2026-05-21 20:05:22,713 - INFO - Val loss decrease from 0.2369 to 0.2283, saving to /home/lizhuoxuan/lzq/Bigscity-LibCity-master/outputs/20260521_200030__traffic_state_pred__new_fuzzy_2__PEMS_BAY/model_cache/new_fuzzy_2_PEMS_BAY_epoch9.tar
2026-05-21 20:05:22,713 - INFO - Trained totally 10 epochs, average train time is 21.450s, average eval time is 2.077s
2026-05-21 20:05:22,858 - INFO - Loaded model at 9
2026-05-21 20:05:22,859 - INFO - Start evaluating ...
2026-05-21 20:05:24,201 - INFO - epoch complete!
2026-05-21 20:05:24,201 - INFO - evaluating now!
2026-05-21 20:05:26,337 - INFO - Epoch [9/10] train_loss: 0.2523, val_loss: 0.2430, lr: 0.000500, 23.82s
2026-05-21 20:05:26,485 - INFO - epoch complete!
2026-05-21 20:05:26,486 - INFO - evaluating now!
2026-05-21 20:05:26,501 - INFO - Saved model at 9
2026-05-21 20:05:26,501 - INFO - Val loss decrease from 0.2702 to 0.2430, saving to /home/lizhuoxuan/lzq/Bigscity-LibCity-master/outputs/20260521_200030__traffic_state_pred__new_fuzzy_2__PEMS_BAY/model_cache/new_fuzzy_2_PEMS_BAY_epoch9.tar
2026-05-21 20:05:26,501 - INFO - Trained totally 10 epochs, average train time is 21.727s, average eval time is 2.168s
2026-05-21 20:05:26,641 - INFO - Loaded model at 9
2026-05-21 20:05:26,641 - INFO - Start evaluating ...
2026-05-21 20:05:28,543 - INFO - Epoch [9/10] train_loss: 0.2245, val_loss: 0.2290, lr: 0.000500, 23.38s
2026-05-21 20:05:28,585 - INFO - Saved model at 9
2026-05-21 20:05:28,586 - INFO - Val loss decrease from 0.2295 to 0.2290, saving to /home/lizhuoxuan/lzq/Bigscity-LibCity-master/outputs/20260521_200030__traffic_state_pred__new_fuzzy_2__PEMS_BAY/model_cache/new_fuzzy_2_PEMS_BAY_epoch9.tar
2026-05-21 20:05:28,586 - INFO - Trained totally 10 epochs, average train time is 21.860s, average eval time is 2.255s
2026-05-21 20:05:28,721 - INFO - Loaded model at 9
2026-05-21 20:05:28,722 - INFO - Start evaluating ...
2026-05-21 20:06:00,414 - INFO - epoch complete!
2026-05-21 20:06:00,414 - INFO - evaluating now!
2026-05-21 20:06:08,727 - INFO - Epoch [2/10] train_loss: 0.4654, val_loss: 0.5081, lr: 0.000500, 105.09s
2026-05-21 20:06:08,767 - INFO - Saved model at 2
2026-05-21 20:06:08,768 - INFO - Val loss decrease from 0.5186 to 0.5081, saving to /home/lizhuoxuan/lzq/Bigscity-LibCity-master/outputs/20260521_200030__traffic_state_pred__new_fuzzy_2__PEMS_BAY/model_cache/new_fuzzy_2_PEMS_BAY_epoch2.tar
2026-05-21 20:07:45,927 - INFO - epoch complete!
2026-05-21 20:07:45,928 - INFO - evaluating now!
2026-05-21 20:07:55,043 - INFO - Epoch [3/10] train_loss: 0.4394, val_loss: 0.4657, lr: 0.000500, 106.28s
2026-05-21 20:07:55,083 - INFO - Saved model at 3
2026-05-21 20:07:55,084 - INFO - Val loss decrease from 0.5081 to 0.4657, saving to /home/lizhuoxuan/lzq/Bigscity-LibCity-master/outputs/20260521_200030__traffic_state_pred__new_fuzzy_2__PEMS_BAY/model_cache/new_fuzzy_2_PEMS_BAY_epoch3.tar
2026-05-21 20:09:32,253 - INFO - epoch complete!
2026-05-21 20:09:32,253 - INFO - evaluating now!
2026-05-21 20:09:39,974 - INFO - Epoch [4/10] train_loss: 0.4261, val_loss: 0.4590, lr: 0.000500, 104.89s
2026-05-21 20:09:40,139 - INFO - Saved model at 4
2026-05-21 20:09:40,139 - INFO - Val loss decrease from 0.4657 to 0.4590, saving to /home/lizhuoxuan/lzq/Bigscity-LibCity-master/outputs/20260521_200030__traffic_state_pred__new_fuzzy_2__PEMS_BAY/model_cache/new_fuzzy_2_PEMS_BAY_epoch4.tar
2026-05-21 20:11:16,340 - INFO - epoch complete!
2026-05-21 20:11:16,340 - INFO - evaluating now!
2026-05-21 20:11:25,004 - INFO - Epoch [5/10] train_loss: 0.4012, val_loss: 0.3961, lr: 0.000500, 104.87s
2026-05-21 20:11:25,051 - INFO - Saved model at 5
2026-05-21 20:11:25,051 - INFO - Val loss decrease from 0.4590 to 0.3961, saving to /home/lizhuoxuan/lzq/Bigscity-LibCity-master/outputs/20260521_200030__traffic_state_pred__new_fuzzy_2__PEMS_BAY/model_cache/new_fuzzy_2_PEMS_BAY_epoch5.tar
2026-05-21 20:13:01,301 - INFO - epoch complete!
2026-05-21 20:13:01,301 - INFO - evaluating now!
2026-05-21 20:13:09,695 - INFO - Epoch [6/10] train_loss: 0.2889, val_loss: 0.2739, lr: 0.000500, 104.64s
2026-05-21 20:13:09,735 - INFO - Saved model at 6
2026-05-21 20:13:09,735 - INFO - Val loss decrease from 0.3961 to 0.2739, saving to /home/lizhuoxuan/lzq/Bigscity-LibCity-master/outputs/20260521_200030__traffic_state_pred__new_fuzzy_2__PEMS_BAY/model_cache/new_fuzzy_2_PEMS_BAY_epoch6.tar
2026-05-21 20:14:45,557 - INFO - epoch complete!
2026-05-21 20:14:45,557 - INFO - evaluating now!
2026-05-21 20:14:54,111 - INFO - Epoch [7/10] train_loss: 0.2477, val_loss: 0.2409, lr: 0.000500, 104.38s
2026-05-21 20:14:54,151 - INFO - Saved model at 7
2026-05-21 20:14:54,152 - INFO - Val loss decrease from 0.2739 to 0.2409, saving to /home/lizhuoxuan/lzq/Bigscity-LibCity-master/outputs/20260521_200030__traffic_state_pred__new_fuzzy_2__PEMS_BAY/model_cache/new_fuzzy_2_PEMS_BAY_epoch7.tar
