2026-05-18 22:09:39,612 - INFO - Log directory: /home/lizhuoxuan/lzq/Bigscity-LibCity-master/outputs/20260518_220939__traffic_state_pred__new_fuzzy__PEMSD4/logs
2026-05-18 22:09:51,496 - INFO - Enable AMP training (dtype=float16).
2026-05-18 22:09:51,496 - INFO - You select `adamw` optimizer.
2026-05-18 22:09:51,497 - INFO - You select `reducelronplateau` lr_scheduler.
2026-05-18 22:09:51,497 - WARNING - Received none train loss func and will use the loss func defined in the model.
2026-05-18 22:09:51,497 - INFO - Start training ...
2026-05-18 22:09:51,497 - INFO - num_batches:40
2026-05-18 22:10:04,563 - INFO - epoch complete!
2026-05-18 22:10:04,563 - INFO - evaluating now!
2026-05-18 22:10:06,101 - INFO - Epoch [0/50] train_loss: 0.2873, val_loss: 0.1370, lr: 0.000500, 14.60s
2026-05-18 22:10:06,165 - INFO - Saved model at 0
2026-05-18 22:10:06,165 - INFO - Val loss decrease from inf to 0.1370, saving to /home/lizhuoxuan/lzq/Bigscity-LibCity-master/outputs/20260518_220939__traffic_state_pred__new_fuzzy__PEMSD4/model_cache/new_fuzzy_PEMSD4_epoch0.tar
2026-05-18 22:10:18,780 - INFO - epoch complete!
2026-05-18 22:10:18,780 - INFO - evaluating now!
2026-05-18 22:10:20,315 - INFO - Epoch [1/50] train_loss: 0.1651, val_loss: 0.1223, lr: 0.000500, 14.15s
2026-05-18 22:10:20,352 - INFO - Saved model at 1
2026-05-18 22:10:20,352 - INFO - Val loss decrease from 0.1370 to 0.1223, saving to /home/lizhuoxuan/lzq/Bigscity-LibCity-master/outputs/20260518_220939__traffic_state_pred__new_fuzzy__PEMSD4/model_cache/new_fuzzy_PEMSD4_epoch1.tar
2026-05-18 22:10:32,970 - INFO - epoch complete!
2026-05-18 22:10:32,970 - INFO - evaluating now!
2026-05-18 22:10:34,533 - INFO - Epoch [2/50] train_loss: 0.1429, val_loss: 0.1161, lr: 0.000500, 14.18s
2026-05-18 22:10:34,571 - INFO - Saved model at 2
2026-05-18 22:10:34,571 - INFO - Val loss decrease from 0.1223 to 0.1161, saving to /home/lizhuoxuan/lzq/Bigscity-LibCity-master/outputs/20260518_220939__traffic_state_pred__new_fuzzy__PEMSD4/model_cache/new_fuzzy_PEMSD4_epoch2.tar
2026-05-18 22:10:47,181 - INFO - epoch complete!
2026-05-18 22:10:47,182 - INFO - evaluating now!
2026-05-18 22:10:48,714 - INFO - Epoch [3/50] train_loss: 0.1253, val_loss: 0.0976, lr: 0.000500, 14.14s
2026-05-18 22:10:48,751 - INFO - Saved model at 3
2026-05-18 22:10:48,751 - INFO - Val loss decrease from 0.1161 to 0.0976, saving to /home/lizhuoxuan/lzq/Bigscity-LibCity-master/outputs/20260518_220939__traffic_state_pred__new_fuzzy__PEMSD4/model_cache/new_fuzzy_PEMSD4_epoch3.tar
2026-05-18 22:11:01,387 - INFO - epoch complete!
2026-05-18 22:11:01,387 - INFO - evaluating now!
2026-05-18 22:11:02,921 - INFO - Epoch [4/50] train_loss: 0.1109, val_loss: 0.0864, lr: 0.000500, 14.17s
2026-05-18 22:11:02,958 - INFO - Saved model at 4
2026-05-18 22:11:02,958 - INFO - Val loss decrease from 0.0976 to 0.0864, saving to /home/lizhuoxuan/lzq/Bigscity-LibCity-master/outputs/20260518_220939__traffic_state_pred__new_fuzzy__PEMSD4/model_cache/new_fuzzy_PEMSD4_epoch4.tar
2026-05-18 22:11:15,595 - INFO - epoch complete!
2026-05-18 22:11:15,595 - INFO - evaluating now!
2026-05-18 22:11:17,125 - INFO - Epoch [5/50] train_loss: 0.0996, val_loss: 0.0856, lr: 0.000500, 14.17s
2026-05-18 22:11:17,163 - INFO - Saved model at 5
2026-05-18 22:11:17,163 - INFO - Val loss decrease from 0.0864 to 0.0856, saving to /home/lizhuoxuan/lzq/Bigscity-LibCity-master/outputs/20260518_220939__traffic_state_pred__new_fuzzy__PEMSD4/model_cache/new_fuzzy_PEMSD4_epoch5.tar
2026-05-18 22:11:29,789 - INFO - epoch complete!
2026-05-18 22:11:29,790 - INFO - evaluating now!
2026-05-18 22:11:31,320 - INFO - Epoch [6/50] train_loss: 0.0953, val_loss: 0.0893, lr: 0.000500, 14.16s
2026-05-18 22:11:43,948 - INFO - epoch complete!
2026-05-18 22:11:43,948 - INFO - evaluating now!
2026-05-18 22:11:45,660 - INFO - Epoch [7/50] train_loss: 0.0924, val_loss: 0.0851, lr: 0.000500, 14.34s
2026-05-18 22:11:45,697 - INFO - Saved model at 7
2026-05-18 22:11:45,697 - INFO - Val loss decrease from 0.0856 to 0.0851, saving to /home/lizhuoxuan/lzq/Bigscity-LibCity-master/outputs/20260518_220939__traffic_state_pred__new_fuzzy__PEMSD4/model_cache/new_fuzzy_PEMSD4_epoch7.tar
2026-05-18 22:11:58,321 - INFO - epoch complete!
2026-05-18 22:11:58,321 - INFO - evaluating now!
2026-05-18 22:11:59,849 - INFO - Epoch [8/50] train_loss: 0.0897, val_loss: 0.0803, lr: 0.000500, 14.15s
2026-05-18 22:12:00,070 - INFO - Saved model at 8
2026-05-18 22:12:00,070 - INFO - Val loss decrease from 0.0851 to 0.0803, saving to /home/lizhuoxuan/lzq/Bigscity-LibCity-master/outputs/20260518_220939__traffic_state_pred__new_fuzzy__PEMSD4/model_cache/new_fuzzy_PEMSD4_epoch8.tar
2026-05-18 22:12:12,707 - INFO - epoch complete!
2026-05-18 22:12:12,707 - INFO - evaluating now!
2026-05-18 22:12:14,239 - INFO - Epoch [9/50] train_loss: 0.0872, val_loss: 0.0824, lr: 0.000500, 14.17s
2026-05-18 22:12:26,885 - INFO - epoch complete!
2026-05-18 22:12:26,886 - INFO - evaluating now!
2026-05-18 22:12:28,422 - INFO - Epoch [10/50] train_loss: 0.0857, val_loss: 0.0795, lr: 0.000500, 14.18s
2026-05-18 22:12:28,458 - INFO - Saved model at 10
2026-05-18 22:12:28,459 - INFO - Val loss decrease from 0.0803 to 0.0795, saving to /home/lizhuoxuan/lzq/Bigscity-LibCity-master/outputs/20260518_220939__traffic_state_pred__new_fuzzy__PEMSD4/model_cache/new_fuzzy_PEMSD4_epoch10.tar
2026-05-18 22:12:41,107 - INFO - epoch complete!
2026-05-18 22:12:41,107 - INFO - evaluating now!
2026-05-18 22:12:42,639 - INFO - Epoch [11/50] train_loss: 0.0857, val_loss: 0.0792, lr: 0.000500, 14.18s
2026-05-18 22:12:42,675 - INFO - Saved model at 11
2026-05-18 22:12:42,676 - INFO - Val loss decrease from 0.0795 to 0.0792, saving to /home/lizhuoxuan/lzq/Bigscity-LibCity-master/outputs/20260518_220939__traffic_state_pred__new_fuzzy__PEMSD4/model_cache/new_fuzzy_PEMSD4_epoch11.tar
2026-05-18 22:12:55,344 - INFO - epoch complete!
2026-05-18 22:12:55,344 - INFO - evaluating now!
2026-05-18 22:12:56,874 - INFO - Epoch [12/50] train_loss: 0.0842, val_loss: 0.0813, lr: 0.000500, 14.20s
2026-05-18 22:13:09,535 - INFO - epoch complete!
2026-05-18 22:13:09,536 - INFO - evaluating now!
2026-05-18 22:13:11,082 - INFO - Epoch [13/50] train_loss: 0.0838, val_loss: 0.0792, lr: 0.000500, 14.21s
2026-05-18 22:13:23,767 - INFO - epoch complete!
2026-05-18 22:13:23,805 - INFO - evaluating now!
2026-05-18 22:13:25,339 - INFO - Epoch [14/50] train_loss: 0.0823, val_loss: 0.0767, lr: 0.000500, 14.26s
2026-05-18 22:13:25,376 - INFO - Saved model at 14
2026-05-18 22:13:25,376 - INFO - Val loss decrease from 0.0792 to 0.0767, saving to /home/lizhuoxuan/lzq/Bigscity-LibCity-master/outputs/20260518_220939__traffic_state_pred__new_fuzzy__PEMSD4/model_cache/new_fuzzy_PEMSD4_epoch14.tar
2026-05-18 22:13:38,058 - INFO - epoch complete!
2026-05-18 22:13:38,058 - INFO - evaluating now!
2026-05-18 22:13:39,594 - INFO - Epoch [15/50] train_loss: 0.0819, val_loss: 0.0743, lr: 0.000500, 14.22s
2026-05-18 22:13:39,629 - INFO - Saved model at 15
2026-05-18 22:13:39,630 - INFO - Val loss decrease from 0.0767 to 0.0743, saving to /home/lizhuoxuan/lzq/Bigscity-LibCity-master/outputs/20260518_220939__traffic_state_pred__new_fuzzy__PEMSD4/model_cache/new_fuzzy_PEMSD4_epoch15.tar
2026-05-18 22:13:52,346 - INFO - epoch complete!
2026-05-18 22:13:52,346 - INFO - evaluating now!
2026-05-18 22:13:53,881 - INFO - Epoch [16/50] train_loss: 0.0805, val_loss: 0.0755, lr: 0.000500, 14.25s
2026-05-18 22:14:06,615 - INFO - epoch complete!
2026-05-18 22:14:06,616 - INFO - evaluating now!
2026-05-18 22:14:08,157 - INFO - Epoch [17/50] train_loss: 0.0798, val_loss: 0.0780, lr: 0.000500, 14.28s
2026-05-18 22:14:20,871 - INFO - epoch complete!
2026-05-18 22:14:20,872 - INFO - evaluating now!
2026-05-18 22:14:22,426 - INFO - Epoch [18/50] train_loss: 0.0796, val_loss: 0.0737, lr: 0.000500, 14.27s
2026-05-18 22:14:22,462 - INFO - Saved model at 18
2026-05-18 22:14:22,463 - INFO - Val loss decrease from 0.0743 to 0.0737, saving to /home/lizhuoxuan/lzq/Bigscity-LibCity-master/outputs/20260518_220939__traffic_state_pred__new_fuzzy__PEMSD4/model_cache/new_fuzzy_PEMSD4_epoch18.tar
2026-05-18 22:14:35,153 - INFO - epoch complete!
2026-05-18 22:14:35,153 - INFO - evaluating now!
2026-05-18 22:14:36,692 - INFO - Epoch [19/50] train_loss: 0.0783, val_loss: 0.0732, lr: 0.000500, 14.23s
2026-05-18 22:14:36,728 - INFO - Saved model at 19
2026-05-18 22:14:36,728 - INFO - Val loss decrease from 0.0737 to 0.0732, saving to /home/lizhuoxuan/lzq/Bigscity-LibCity-master/outputs/20260518_220939__traffic_state_pred__new_fuzzy__PEMSD4/model_cache/new_fuzzy_PEMSD4_epoch19.tar
2026-05-18 22:14:49,456 - INFO - epoch complete!
2026-05-18 22:14:49,457 - INFO - evaluating now!
2026-05-18 22:14:50,997 - INFO - Epoch [20/50] train_loss: 0.0780, val_loss: 0.0725, lr: 0.000500, 14.27s
2026-05-18 22:14:51,034 - INFO - Saved model at 20
2026-05-18 22:14:51,035 - INFO - Val loss decrease from 0.0732 to 0.0725, saving to /home/lizhuoxuan/lzq/Bigscity-LibCity-master/outputs/20260518_220939__traffic_state_pred__new_fuzzy__PEMSD4/model_cache/new_fuzzy_PEMSD4_epoch20.tar
2026-05-18 22:15:03,789 - INFO - epoch complete!
2026-05-18 22:15:03,790 - INFO - evaluating now!
2026-05-18 22:15:05,329 - INFO - Epoch [21/50] train_loss: 0.0777, val_loss: 0.0757, lr: 0.000500, 14.29s
2026-05-18 22:15:18,081 - INFO - epoch complete!
2026-05-18 22:15:18,081 - INFO - evaluating now!
2026-05-18 22:15:19,628 - INFO - Epoch [22/50] train_loss: 0.0776, val_loss: 0.0738, lr: 0.000500, 14.30s
2026-05-18 22:15:32,436 - INFO - epoch complete!
2026-05-18 22:15:32,436 - INFO - evaluating now!
2026-05-18 22:15:33,990 - INFO - Epoch [23/50] train_loss: 0.0774, val_loss: 0.0745, lr: 0.000500, 14.36s
2026-05-18 22:15:46,764 - INFO - epoch complete!
2026-05-18 22:15:46,764 - INFO - evaluating now!
2026-05-18 22:15:48,310 - INFO - Epoch [24/50] train_loss: 0.0767, val_loss: 0.0706, lr: 0.000500, 14.32s
2026-05-18 22:15:48,348 - INFO - Saved model at 24
2026-05-18 22:15:48,348 - INFO - Val loss decrease from 0.0725 to 0.0706, saving to /home/lizhuoxuan/lzq/Bigscity-LibCity-master/outputs/20260518_220939__traffic_state_pred__new_fuzzy__PEMSD4/model_cache/new_fuzzy_PEMSD4_epoch24.tar
2026-05-18 22:16:01,102 - INFO - epoch complete!
2026-05-18 22:16:01,102 - INFO - evaluating now!
2026-05-18 22:16:02,652 - INFO - Epoch [25/50] train_loss: 0.0761, val_loss: 0.0724, lr: 0.000500, 14.30s
2026-05-18 22:16:15,399 - INFO - epoch complete!
2026-05-18 22:16:15,399 - INFO - evaluating now!
2026-05-18 22:16:16,947 - INFO - Epoch [26/50] train_loss: 0.0756, val_loss: 0.0717, lr: 0.000500, 14.30s
2026-05-18 22:16:29,706 - INFO - epoch complete!
2026-05-18 22:16:29,706 - INFO - evaluating now!
2026-05-18 22:16:31,254 - INFO - Epoch [27/50] train_loss: 0.0749, val_loss: 0.0705, lr: 0.000500, 14.31s
2026-05-18 22:16:31,291 - INFO - Saved model at 27
2026-05-18 22:16:31,291 - INFO - Val loss decrease from 0.0706 to 0.0705, saving to /home/lizhuoxuan/lzq/Bigscity-LibCity-master/outputs/20260518_220939__traffic_state_pred__new_fuzzy__PEMSD4/model_cache/new_fuzzy_PEMSD4_epoch27.tar
2026-05-18 22:16:44,040 - INFO - epoch complete!
2026-05-18 22:16:44,041 - INFO - evaluating now!
2026-05-18 22:16:45,590 - INFO - Epoch [28/50] train_loss: 0.0745, val_loss: 0.0707, lr: 0.000500, 14.30s
2026-05-18 22:16:58,351 - INFO - epoch complete!
2026-05-18 22:16:58,351 - INFO - evaluating now!
2026-05-18 22:16:59,907 - INFO - Epoch [29/50] train_loss: 0.0747, val_loss: 0.0683, lr: 0.000500, 14.32s
2026-05-18 22:17:00,196 - INFO - Saved model at 29
2026-05-18 22:17:00,197 - INFO - Val loss decrease from 0.0705 to 0.0683, saving to /home/lizhuoxuan/lzq/Bigscity-LibCity-master/outputs/20260518_220939__traffic_state_pred__new_fuzzy__PEMSD4/model_cache/new_fuzzy_PEMSD4_epoch29.tar
2026-05-18 22:17:12,981 - INFO - epoch complete!
2026-05-18 22:17:12,981 - INFO - evaluating now!
2026-05-18 22:17:14,530 - INFO - Epoch [30/50] train_loss: 0.0735, val_loss: 0.0687, lr: 0.000500, 14.33s
2026-05-18 22:17:27,287 - INFO - epoch complete!
2026-05-18 22:17:27,287 - INFO - evaluating now!
2026-05-18 22:17:28,821 - INFO - Epoch [31/50] train_loss: 0.0724, val_loss: 0.0713, lr: 0.000500, 14.29s
2026-05-18 22:17:41,607 - INFO - epoch complete!
2026-05-18 22:17:41,607 - INFO - evaluating now!
2026-05-18 22:17:43,156 - INFO - Epoch [32/50] train_loss: 0.0741, val_loss: 0.0690, lr: 0.000500, 14.33s
2026-05-18 22:17:55,919 - INFO - epoch complete!
2026-05-18 22:17:55,919 - INFO - evaluating now!
2026-05-18 22:17:57,458 - INFO - Epoch [33/50] train_loss: 0.0738, val_loss: 0.0691, lr: 0.000500, 14.30s
2026-05-18 22:18:10,237 - INFO - epoch complete!
2026-05-18 22:18:10,237 - INFO - evaluating now!
2026-05-18 22:18:11,788 - INFO - Epoch [34/50] train_loss: 0.0728, val_loss: 0.0707, lr: 0.000500, 14.33s
2026-05-18 22:18:24,566 - INFO - epoch complete!
2026-05-18 22:18:24,567 - INFO - evaluating now!
2026-05-18 22:18:26,125 - INFO - Epoch [35/50] train_loss: 0.0722, val_loss: 0.0681, lr: 0.000500, 14.34s
2026-05-18 22:18:26,162 - INFO - Saved model at 35
2026-05-18 22:18:26,162 - INFO - Val loss decrease from 0.0683 to 0.0681, saving to /home/lizhuoxuan/lzq/Bigscity-LibCity-master/outputs/20260518_220939__traffic_state_pred__new_fuzzy__PEMSD4/model_cache/new_fuzzy_PEMSD4_epoch35.tar
2026-05-18 22:18:38,949 - INFO - epoch complete!
2026-05-18 22:18:38,949 - INFO - evaluating now!
2026-05-18 22:18:40,497 - INFO - Epoch [36/50] train_loss: 0.0718, val_loss: 0.0682, lr: 0.000500, 14.33s
2026-05-18 22:18:53,304 - INFO - epoch complete!
2026-05-18 22:18:53,305 - INFO - evaluating now!
2026-05-18 22:18:54,863 - INFO - Epoch [37/50] train_loss: 0.0724, val_loss: 0.0675, lr: 0.000500, 14.37s
2026-05-18 22:18:54,900 - INFO - Saved model at 37
2026-05-18 22:18:54,900 - INFO - Val loss decrease from 0.0681 to 0.0675, saving to /home/lizhuoxuan/lzq/Bigscity-LibCity-master/outputs/20260518_220939__traffic_state_pred__new_fuzzy__PEMSD4/model_cache/new_fuzzy_PEMSD4_epoch37.tar
2026-05-18 22:19:07,678 - INFO - epoch complete!
2026-05-18 22:19:07,679 - INFO - evaluating now!
2026-05-18 22:19:09,223 - INFO - Epoch [38/50] train_loss: 0.0717, val_loss: 0.0663, lr: 0.000500, 14.32s
2026-05-18 22:19:09,260 - INFO - Saved model at 38
2026-05-18 22:19:09,261 - INFO - Val loss decrease from 0.0675 to 0.0663, saving to /home/lizhuoxuan/lzq/Bigscity-LibCity-master/outputs/20260518_220939__traffic_state_pred__new_fuzzy__PEMSD4/model_cache/new_fuzzy_PEMSD4_epoch38.tar
2026-05-18 22:19:22,011 - INFO - epoch complete!
2026-05-18 22:19:22,012 - INFO - evaluating now!
2026-05-18 22:19:23,558 - INFO - Epoch [39/50] train_loss: 0.0717, val_loss: 0.0670, lr: 0.000500, 14.30s
2026-05-18 22:19:36,342 - INFO - epoch complete!
2026-05-18 22:19:36,343 - INFO - evaluating now!
2026-05-18 22:19:37,905 - INFO - Epoch [40/50] train_loss: 0.0710, val_loss: 0.0663, lr: 0.000500, 14.35s
2026-05-18 22:19:37,942 - INFO - Saved model at 40
2026-05-18 22:19:37,942 - INFO - Val loss decrease from 0.0663 to 0.0663, saving to /home/lizhuoxuan/lzq/Bigscity-LibCity-master/outputs/20260518_220939__traffic_state_pred__new_fuzzy__PEMSD4/model_cache/new_fuzzy_PEMSD4_epoch40.tar
2026-05-18 22:19:50,718 - INFO - epoch complete!
2026-05-18 22:19:50,718 - INFO - evaluating now!
2026-05-18 22:19:52,271 - INFO - Epoch [41/50] train_loss: 0.0712, val_loss: 0.0655, lr: 0.000500, 14.33s
2026-05-18 22:19:52,326 - INFO - Saved model at 41
2026-05-18 22:19:52,327 - INFO - Val loss decrease from 0.0663 to 0.0655, saving to /home/lizhuoxuan/lzq/Bigscity-LibCity-master/outputs/20260518_220939__traffic_state_pred__new_fuzzy__PEMSD4/model_cache/new_fuzzy_PEMSD4_epoch41.tar
2026-05-18 22:20:05,112 - INFO - epoch complete!
2026-05-18 22:20:05,113 - INFO - evaluating now!
2026-05-18 22:20:06,660 - INFO - Epoch [42/50] train_loss: 0.0702, val_loss: 0.0653, lr: 0.000500, 14.33s
2026-05-18 22:20:06,697 - INFO - Saved model at 42
2026-05-18 22:20:06,697 - INFO - Val loss decrease from 0.0655 to 0.0653, saving to /home/lizhuoxuan/lzq/Bigscity-LibCity-master/outputs/20260518_220939__traffic_state_pred__new_fuzzy__PEMSD4/model_cache/new_fuzzy_PEMSD4_epoch42.tar
2026-05-18 22:20:19,486 - INFO - epoch complete!
2026-05-18 22:20:19,486 - INFO - evaluating now!
2026-05-18 22:20:21,048 - INFO - Epoch [43/50] train_loss: 0.0704, val_loss: 0.0660, lr: 0.000500, 14.35s
2026-05-18 22:20:33,870 - INFO - epoch complete!
2026-05-18 22:20:33,870 - INFO - evaluating now!
2026-05-18 22:20:35,416 - INFO - Epoch [44/50] train_loss: 0.0699, val_loss: 0.0677, lr: 0.000500, 14.37s
2026-05-18 22:20:48,267 - INFO - epoch complete!
2026-05-18 22:20:48,267 - INFO - evaluating now!
2026-05-18 22:20:49,854 - INFO - Epoch [45/50] train_loss: 0.0694, val_loss: 0.0673, lr: 0.000500, 14.44s
2026-05-18 22:21:02,798 - INFO - epoch complete!
2026-05-18 22:21:02,799 - INFO - evaluating now!
2026-05-18 22:21:04,392 - INFO - Epoch [46/50] train_loss: 0.0695, val_loss: 0.0654, lr: 0.000500, 14.54s
2026-05-18 22:21:17,287 - INFO - epoch complete!
2026-05-18 22:21:17,288 - INFO - evaluating now!
2026-05-18 22:21:18,883 - INFO - Epoch [47/50] train_loss: 0.0692, val_loss: 0.0661, lr: 0.000500, 14.49s
2026-05-18 22:21:31,758 - INFO - epoch complete!
2026-05-18 22:21:31,759 - INFO - evaluating now!
2026-05-18 22:21:33,347 - INFO - Epoch [48/50] train_loss: 0.0697, val_loss: 0.0665, lr: 0.000250, 14.46s
2026-05-18 22:21:46,263 - INFO - epoch complete!
2026-05-18 22:21:46,263 - INFO - evaluating now!
2026-05-18 22:21:47,852 - INFO - Epoch [49/50] train_loss: 0.0687, val_loss: 0.0651, lr: 0.000250, 14.50s
2026-05-18 22:21:47,889 - INFO - Saved model at 49
2026-05-18 22:21:47,890 - INFO - Val loss decrease from 0.0653 to 0.0651, saving to /home/lizhuoxuan/lzq/Bigscity-LibCity-master/outputs/20260518_220939__traffic_state_pred__new_fuzzy__PEMSD4/model_cache/new_fuzzy_PEMSD4_epoch49.tar
2026-05-18 22:21:47,890 - INFO - Trained totally 50 epochs, average train time is 12.746s, average eval time is 1.548s
2026-05-18 22:21:47,987 - INFO - Loaded model at 49
2026-05-18 22:21:47,988 - INFO - Start evaluating ...
