2026-05-13 14:08:22,754 - INFO - Log directory: D:\a_code\A_Agent\projects\LibCity\outputs\20260513_140822__traffic_state_pred__new_diffusion_fuzzy_2__PEMSD7-M\logs
2026-05-13 14:08:22,754 - INFO - Begin artifact training pipeline, task=traffic_state_pred, model_name=new_diffusion_fuzzy_2, dataset_name=PEMSD7(M), exp_id=20260513_140822__traffic_state_pred__new_diffusion_fuzzy_2__PEMSD7-M
2026-05-13 14:08:22,754 - INFO - {'task': 'traffic_state_pred', 'model': 'new_diffusion_fuzzy_2', 'dataset': 'PEMSD7(M)', 'saved_model': True, 'train': True, 'seed': 42, 'gpu': True, 'gpu_id': 0, 'train_rate': 0.6, 'eval_rate': 0.2, 'batch_size': 32, 'learning_rate': 0.001, 'max_epoch': 10, 'dataset_class': 'TrafficStatePointDataset', 'executor': 'DiffusionTrafficStateExecutor', 'evaluator': 'TrafficStateEvaluator', 'adaptive_graph_blend_init': 0.5, 'adaptive_graph_embed_dim': 32, 'adaptive_graph_topk': 12, 'beta_end': 0.01, 'beta_start': 0.0001, 'calculate_weight_adj': True, 'data_col': ['traffic_speed'], 'data_files': ['PEMSD7(M)'], 'ddim_eta': 0, 'denoiser_layers': 4, 'device': device(type='cuda', index=0), 'diffusion_schedule': 'linear', 'diffusion_steps': 200, 'disturb_rate': 0.5, 'dropout': 0.1, 'dyna': {'including_types': ['state'], 'state': {'entity_id': 'geo_id', 'traffic_speed': 'num'}}, 'encoder_layers': 2, 'eval_batch_size': 32, 'evaluator_mode': 'single', 'ffn_hidden_dim': 256, 'flow_conservation_coeff': 1, 'fuzzy_conservation_temperature': 8, 'fuzzy_conservation_threshold': 0.6, 'fuzzy_graph_num_sets': 3, 'fuzzy_graph_sigma_init': 0.7, 'geo': {'including_types': ['Point'], 'Point': {}}, 'geo_file': 'PEMSD7(M)', 'graph_k_hop': 2, 'hidden_dim': 128, 'init_weight_inf_or_zero': 'inf', 'is_distributed': False, 'metrics': ['MAE', 'MAPE', 'MSE', 'RMSE', 'masked_MAE', 'masked_MAPE', 'masked_MSE', 'masked_RMSE', 'R2', 'EVAR'], 'noise_SD': [10], 'noise_mean': [5], 'noise_type': 'gaussian', 'num_heads': 4, 'num_prediction_samples': 1, 'num_sampling_steps': 50, 'num_workers': 0, 'output_dim': 1, 'pad_with_last_sample': True, 'physics_channel_idx': 0, 'physics_loss_weight': 0, 'physics_warmup_mode': 'linear', 'physics_warmup_start_ratio': 0.2, 'physics_warmup_steps': 3000, 'prediction_clamp_max': 3, 'prediction_clamp_min': -3, 'rank': 0, 'rel': {'including_types': ['geo'], 'geo': {'weight': 'num'}}, 'rel_file': 'PEMSD7(M)', 'robustness_test': False, 'sampling_method': 'ddim', 'save_mode': ['csv'], 'scale_lr': False, 'set_weight_link_or_dist': 'dist', 'time_intervals': 300, 'use_adaptive_graph': True, 'use_amp': False, 'use_fuzzy_conservation': True, 'use_fuzzy_graph': True, 'use_gradient_checkpointing': False, 'use_spatiotemporal_attention': True, 'use_temporal_position_embedding': True, 'weight_adj_epsilon': 0.1, 'weight_col': 'weight', 'world_size': 1, 'clip_grad_norm': True, 'epoch': 0, 'learner': 'adamw', 'load_best_epoch': True, 'log_every': 1, 'lr_T_max': 100, 'lr_decay': True, 'lr_eta_min': 1e-05, 'lr_scheduler': 'cosineannealinglr', 'max_grad_norm': 3, 'patience': 30, 'train_loss': 'none', 'use_early_stop': True, 'weight_decay': 0.0001, 'data_version_id': 'dv_1778652389_90a48bb4', 'input_window': 12, 'output_window': 12, 'scaler': 'standard', 'load_external': False, 'normal_external': False, 'add_time_in_day': True, 'add_day_in_week': True, 'cache_dataset': True, 'ext_scaler': 'none', 'exp_id': '20260513_140822__traffic_state_pred__new_diffusion_fuzzy_2__PEMSD7-M'}
2026-05-13 14:08:31,033 - INFO - NewDiffusion(
  (condition_encoder): STEncoder(
    (input_projection): Linear(in_features=9, out_features=128, bias=True)
    (blocks): ModuleList(
      (0-1): 2 x STEncoderBlock(
        (temporal_attention): MultiHeadAttention(
          (query_projection): Linear(in_features=128, out_features=128, bias=True)
          (key_projection): Linear(in_features=128, out_features=128, bias=True)
          (value_projection): Linear(in_features=128, out_features=128, bias=True)
          (output_projection): Linear(in_features=128, out_features=128, bias=True)
          (dropout): Dropout(p=0.1, inplace=False)
        )
        (graph_convolution): GraphConvolution(
          (projections): ModuleList(
            (0-2): 3 x Linear(in_features=128, out_features=128, bias=True)
          )
        )
        (feed_forward): FeedForwardNetwork(
          (network): Sequential(
            (0): Linear(in_features=128, out_features=256, bias=True)
            (1): GELU(approximate='none')
            (2): Dropout(p=0.1, inplace=False)
            (3): Linear(in_features=256, out_features=128, bias=True)
            (4): Dropout(p=0.1, inplace=False)
          )
        )
        (norm_temporal): LayerNorm((128,), eps=1e-05, elementwise_affine=True)
        (norm_graph): LayerNorm((128,), eps=1e-05, elementwise_affine=True)
        (norm_ffn): LayerNorm((128,), eps=1e-05, elementwise_affine=True)
        (dropout): Dropout(p=0.1, inplace=False)
      )
    )
    (final_norm): LayerNorm((128,), eps=1e-05, elementwise_affine=True)
  )
  (noise_predictor): AttentionDenoiser(
    (input_projection): Linear(in_features=1, out_features=128, bias=True)
    (time_embedding): SinusoidalTimeEmbedding()
    (time_projection): Sequential(
      (0): Linear(in_features=128, out_features=128, bias=True)
      (1): SiLU()
      (2): Linear(in_features=128, out_features=128, bias=True)
    )
    (condition_fusion): Linear(in_features=256, out_features=128, bias=True)
    (blocks): ModuleList(
      (0-3): 4 x DenoiserBlock(
        (temporal_attention): MultiHeadAttention(
          (query_projection): Linear(in_features=128, out_features=128, bias=True)
          (key_projection): Linear(in_features=128, out_features=128, bias=True)
          (value_projection): Linear(in_features=128, out_features=128, bias=True)
          (output_projection): Linear(in_features=128, out_features=128, bias=True)
          (dropout): Dropout(p=0.1, inplace=False)
        )
        (graph_convolution): GraphConvolution(
          (projections): ModuleList(
            (0-2): 3 x Linear(in_features=128, out_features=128, bias=True)
          )
        )
        (cross_attention): MultiHeadAttention(
          (query_projection): Linear(in_features=128, out_features=128, bias=True)
          (key_projection): Linear(in_features=128, out_features=128, bias=True)
          (value_projection): Linear(in_features=128, out_features=128, bias=True)
          (output_projection): Linear(in_features=128, out_features=128, bias=True)
          (dropout): Dropout(p=0.1, inplace=False)
        )
        (spatiotemporal_attention): MultiHeadAttention(
          (query_projection): Linear(in_features=128, out_features=128, bias=True)
          (key_projection): Linear(in_features=128, out_features=128, bias=True)
          (value_projection): Linear(in_features=128, out_features=128, bias=True)
          (output_projection): Linear(in_features=128, out_features=128, bias=True)
          (dropout): Dropout(p=0.1, inplace=False)
        )
        (feed_forward): FeedForwardNetwork(
          (network): Sequential(
            (0): Linear(in_features=128, out_features=256, bias=True)
            (1): GELU(approximate='none')
            (2): Dropout(p=0.1, inplace=False)
            (3): Linear(in_features=256, out_features=128, bias=True)
            (4): Dropout(p=0.1, inplace=False)
          )
        )
        (norm_temporal): LayerNorm((128,), eps=1e-05, elementwise_affine=True)
        (norm_graph): LayerNorm((128,), eps=1e-05, elementwise_affine=True)
        (norm_cross): LayerNorm((128,), eps=1e-05, elementwise_affine=True)
        (norm_spatiotemporal): LayerNorm((128,), eps=1e-05, elementwise_affine=True)
        (norm_ffn): LayerNorm((128,), eps=1e-05, elementwise_affine=True)
        (dropout): Dropout(p=0.1, inplace=False)
        (time_scale_shift): Sequential(
          (0): SiLU()
          (1): Linear(in_features=128, out_features=256, bias=True)
        )
      )
    )
    (final_norm): LayerNorm((128,), eps=1e-05, elementwise_affine=True)
    (output_projection): Linear(in_features=128, out_features=1, bias=True)
    (adaptive_graph_learner): AdaptiveGraphLearner(
      (feature_projection): Linear(in_features=128, out_features=32, bias=True)
      (time_projection): Linear(in_features=128, out_features=32, bias=True)
    )
  )
  (diffusion_scheduler): DiffusionScheduler()
)
2026-05-13 14:08:31,034 - INFO - condition_encoder.temporal_position_embedding	torch.Size([1, 12, 1, 128])	cuda:0	True
2026-05-13 14:08:31,035 - INFO - condition_encoder.input_projection.weight	torch.Size([128, 9])	cuda:0	True
2026-05-13 14:08:31,035 - INFO - condition_encoder.input_projection.bias	torch.Size([128])	cuda:0	True
2026-05-13 14:08:31,035 - INFO - condition_encoder.blocks.0.temporal_attention.query_projection.weight	torch.Size([128, 128])	cuda:0	True
2026-05-13 14:08:31,035 - INFO - condition_encoder.blocks.0.temporal_attention.query_projection.bias	torch.Size([128])	cuda:0	True
2026-05-13 14:08:31,035 - INFO - condition_encoder.blocks.0.temporal_attention.key_projection.weight	torch.Size([128, 128])	cuda:0	True
2026-05-13 14:08:31,035 - INFO - condition_encoder.blocks.0.temporal_attention.key_projection.bias	torch.Size([128])	cuda:0	True
2026-05-13 14:08:31,035 - INFO - condition_encoder.blocks.0.temporal_attention.value_projection.weight	torch.Size([128, 128])	cuda:0	True
2026-05-13 14:08:31,035 - INFO - condition_encoder.blocks.0.temporal_attention.value_projection.bias	torch.Size([128])	cuda:0	True
2026-05-13 14:08:31,035 - INFO - condition_encoder.blocks.0.temporal_attention.output_projection.weight	torch.Size([128, 128])	cuda:0	True
2026-05-13 14:08:31,035 - INFO - condition_encoder.blocks.0.temporal_attention.output_projection.bias	torch.Size([128])	cuda:0	True
2026-05-13 14:08:31,035 - INFO - condition_encoder.blocks.0.graph_convolution.projections.0.weight	torch.Size([128, 128])	cuda:0	True
2026-05-13 14:08:31,035 - INFO - condition_encoder.blocks.0.graph_convolution.projections.0.bias	torch.Size([128])	cuda:0	True
2026-05-13 14:08:31,035 - INFO - condition_encoder.blocks.0.graph_convolution.projections.1.weight	torch.Size([128, 128])	cuda:0	True
2026-05-13 14:08:31,035 - INFO - condition_encoder.blocks.0.graph_convolution.projections.1.bias	torch.Size([128])	cuda:0	True
2026-05-13 14:08:31,035 - INFO - condition_encoder.blocks.0.graph_convolution.projections.2.weight	torch.Size([128, 128])	cuda:0	True
2026-05-13 14:08:31,035 - INFO - condition_encoder.blocks.0.graph_convolution.projections.2.bias	torch.Size([128])	cuda:0	True
2026-05-13 14:08:31,036 - INFO - condition_encoder.blocks.0.feed_forward.network.0.weight	torch.Size([256, 128])	cuda:0	True
2026-05-13 14:08:31,036 - INFO - condition_encoder.blocks.0.feed_forward.network.0.bias	torch.Size([256])	cuda:0	True
2026-05-13 14:08:31,036 - INFO - condition_encoder.blocks.0.feed_forward.network.3.weight	torch.Size([128, 256])	cuda:0	True
2026-05-13 14:08:31,036 - INFO - condition_encoder.blocks.0.feed_forward.network.3.bias	torch.Size([128])	cuda:0	True
2026-05-13 14:08:31,036 - INFO - condition_encoder.blocks.0.norm_temporal.weight	torch.Size([128])	cuda:0	True
2026-05-13 14:08:31,036 - INFO - condition_encoder.blocks.0.norm_temporal.bias	torch.Size([128])	cuda:0	True
2026-05-13 14:08:31,036 - INFO - condition_encoder.blocks.0.norm_graph.weight	torch.Size([128])	cuda:0	True
2026-05-13 14:08:31,036 - INFO - condition_encoder.blocks.0.norm_graph.bias	torch.Size([128])	cuda:0	True
2026-05-13 14:08:31,036 - INFO - condition_encoder.blocks.0.norm_ffn.weight	torch.Size([128])	cuda:0	True
2026-05-13 14:08:31,036 - INFO - condition_encoder.blocks.0.norm_ffn.bias	torch.Size([128])	cuda:0	True
2026-05-13 14:08:31,036 - INFO - condition_encoder.blocks.1.temporal_attention.query_projection.weight	torch.Size([128, 128])	cuda:0	True
2026-05-13 14:08:31,036 - INFO - condition_encoder.blocks.1.temporal_attention.query_projection.bias	torch.Size([128])	cuda:0	True
2026-05-13 14:08:31,036 - INFO - condition_encoder.blocks.1.temporal_attention.key_projection.weight	torch.Size([128, 128])	cuda:0	True
2026-05-13 14:08:31,036 - INFO - condition_encoder.blocks.1.temporal_attention.key_projection.bias	torch.Size([128])	cuda:0	True
2026-05-13 14:08:31,036 - INFO - condition_encoder.blocks.1.temporal_attention.value_projection.weight	torch.Size([128, 128])	cuda:0	True
2026-05-13 14:08:31,036 - INFO - condition_encoder.blocks.1.temporal_attention.value_projection.bias	torch.Size([128])	cuda:0	True
2026-05-13 14:08:31,036 - INFO - condition_encoder.blocks.1.temporal_attention.output_projection.weight	torch.Size([128, 128])	cuda:0	True
2026-05-13 14:08:31,036 - INFO - condition_encoder.blocks.1.temporal_attention.output_projection.bias	torch.Size([128])	cuda:0	True
2026-05-13 14:08:31,036 - INFO - condition_encoder.blocks.1.graph_convolution.projections.0.weight	torch.Size([128, 128])	cuda:0	True
2026-05-13 14:08:31,036 - INFO - condition_encoder.blocks.1.graph_convolution.projections.0.bias	torch.Size([128])	cuda:0	True
2026-05-13 14:08:31,036 - INFO - condition_encoder.blocks.1.graph_convolution.projections.1.weight	torch.Size([128, 128])	cuda:0	True
2026-05-13 14:08:31,036 - INFO - condition_encoder.blocks.1.graph_convolution.projections.1.bias	torch.Size([128])	cuda:0	True
2026-05-13 14:08:31,036 - INFO - condition_encoder.blocks.1.graph_convolution.projections.2.weight	torch.Size([128, 128])	cuda:0	True
2026-05-13 14:08:31,036 - INFO - condition_encoder.blocks.1.graph_convolution.projections.2.bias	torch.Size([128])	cuda:0	True
2026-05-13 14:08:31,037 - INFO - condition_encoder.blocks.1.feed_forward.network.0.weight	torch.Size([256, 128])	cuda:0	True
2026-05-13 14:08:31,037 - INFO - condition_encoder.blocks.1.feed_forward.network.0.bias	torch.Size([256])	cuda:0	True
2026-05-13 14:08:31,037 - INFO - condition_encoder.blocks.1.feed_forward.network.3.weight	torch.Size([128, 256])	cuda:0	True
2026-05-13 14:08:31,037 - INFO - condition_encoder.blocks.1.feed_forward.network.3.bias	torch.Size([128])	cuda:0	True
2026-05-13 14:08:31,037 - INFO - condition_encoder.blocks.1.norm_temporal.weight	torch.Size([128])	cuda:0	True
2026-05-13 14:08:31,037 - INFO - condition_encoder.blocks.1.norm_temporal.bias	torch.Size([128])	cuda:0	True
2026-05-13 14:08:31,037 - INFO - condition_encoder.blocks.1.norm_graph.weight	torch.Size([128])	cuda:0	True
2026-05-13 14:08:31,037 - INFO - condition_encoder.blocks.1.norm_graph.bias	torch.Size([128])	cuda:0	True
2026-05-13 14:08:31,037 - INFO - condition_encoder.blocks.1.norm_ffn.weight	torch.Size([128])	cuda:0	True
2026-05-13 14:08:31,037 - INFO - condition_encoder.blocks.1.norm_ffn.bias	torch.Size([128])	cuda:0	True
2026-05-13 14:08:31,037 - INFO - condition_encoder.final_norm.weight	torch.Size([128])	cuda:0	True
2026-05-13 14:08:31,037 - INFO - condition_encoder.final_norm.bias	torch.Size([128])	cuda:0	True
2026-05-13 14:08:31,037 - INFO - noise_predictor.future_position_embedding	torch.Size([1, 12, 1, 128])	cuda:0	True
2026-05-13 14:08:31,037 - INFO - noise_predictor.condition_temporal_weight	torch.Size([12])	cuda:0	True
2026-05-13 14:08:31,037 - INFO - noise_predictor.input_projection.weight	torch.Size([128, 1])	cuda:0	True
2026-05-13 14:08:31,037 - INFO - noise_predictor.input_projection.bias	torch.Size([128])	cuda:0	True
2026-05-13 14:08:31,038 - INFO - noise_predictor.time_projection.0.weight	torch.Size([128, 128])	cuda:0	True
2026-05-13 14:08:31,038 - INFO - noise_predictor.time_projection.0.bias	torch.Size([128])	cuda:0	True
2026-05-13 14:08:31,038 - INFO - noise_predictor.time_projection.2.weight	torch.Size([128, 128])	cuda:0	True
2026-05-13 14:08:31,038 - INFO - noise_predictor.time_projection.2.bias	torch.Size([128])	cuda:0	True
2026-05-13 14:08:31,038 - INFO - noise_predictor.condition_fusion.weight	torch.Size([128, 256])	cuda:0	True
2026-05-13 14:08:31,038 - INFO - noise_predictor.condition_fusion.bias	torch.Size([128])	cuda:0	True
2026-05-13 14:08:31,038 - INFO - noise_predictor.blocks.0.temporal_attention.query_projection.weight	torch.Size([128, 128])	cuda:0	True
2026-05-13 14:08:31,038 - INFO - noise_predictor.blocks.0.temporal_attention.query_projection.bias	torch.Size([128])	cuda:0	True
2026-05-13 14:08:31,038 - INFO - noise_predictor.blocks.0.temporal_attention.key_projection.weight	torch.Size([128, 128])	cuda:0	True
2026-05-13 14:08:31,038 - INFO - noise_predictor.blocks.0.temporal_attention.key_projection.bias	torch.Size([128])	cuda:0	True
2026-05-13 14:08:31,038 - INFO - noise_predictor.blocks.0.temporal_attention.value_projection.weight	torch.Size([128, 128])	cuda:0	True
2026-05-13 14:08:31,038 - INFO - noise_predictor.blocks.0.temporal_attention.value_projection.bias	torch.Size([128])	cuda:0	True
2026-05-13 14:08:31,038 - INFO - noise_predictor.blocks.0.temporal_attention.output_projection.weight	torch.Size([128, 128])	cuda:0	True
2026-05-13 14:08:31,038 - INFO - noise_predictor.blocks.0.temporal_attention.output_projection.bias	torch.Size([128])	cuda:0	True
2026-05-13 14:08:31,038 - INFO - noise_predictor.blocks.0.graph_convolution.projections.0.weight	torch.Size([128, 128])	cuda:0	True
2026-05-13 14:08:31,038 - INFO - noise_predictor.blocks.0.graph_convolution.projections.0.bias	torch.Size([128])	cuda:0	True
2026-05-13 14:08:31,039 - INFO - noise_predictor.blocks.0.graph_convolution.projections.1.weight	torch.Size([128, 128])	cuda:0	True
2026-05-13 14:08:31,039 - INFO - noise_predictor.blocks.0.graph_convolution.projections.1.bias	torch.Size([128])	cuda:0	True
2026-05-13 14:08:31,039 - INFO - noise_predictor.blocks.0.graph_convolution.projections.2.weight	torch.Size([128, 128])	cuda:0	True
2026-05-13 14:08:31,039 - INFO - noise_predictor.blocks.0.graph_convolution.projections.2.bias	torch.Size([128])	cuda:0	True
2026-05-13 14:08:31,039 - INFO - noise_predictor.blocks.0.cross_attention.query_projection.weight	torch.Size([128, 128])	cuda:0	True
2026-05-13 14:08:31,039 - INFO - noise_predictor.blocks.0.cross_attention.query_projection.bias	torch.Size([128])	cuda:0	True
2026-05-13 14:08:31,039 - INFO - noise_predictor.blocks.0.cross_attention.key_projection.weight	torch.Size([128, 128])	cuda:0	True
2026-05-13 14:08:31,039 - INFO - noise_predictor.blocks.0.cross_attention.key_projection.bias	torch.Size([128])	cuda:0	True
2026-05-13 14:08:31,039 - INFO - noise_predictor.blocks.0.cross_attention.value_projection.weight	torch.Size([128, 128])	cuda:0	True
2026-05-13 14:08:31,039 - INFO - noise_predictor.blocks.0.cross_attention.value_projection.bias	torch.Size([128])	cuda:0	True
2026-05-13 14:08:31,039 - INFO - noise_predictor.blocks.0.cross_attention.output_projection.weight	torch.Size([128, 128])	cuda:0	True
2026-05-13 14:08:31,039 - INFO - noise_predictor.blocks.0.cross_attention.output_projection.bias	torch.Size([128])	cuda:0	True
2026-05-13 14:08:31,039 - INFO - noise_predictor.blocks.0.spatiotemporal_attention.query_projection.weight	torch.Size([128, 128])	cuda:0	True
2026-05-13 14:08:31,039 - INFO - noise_predictor.blocks.0.spatiotemporal_attention.query_projection.bias	torch.Size([128])	cuda:0	True
2026-05-13 14:08:31,039 - INFO - noise_predictor.blocks.0.spatiotemporal_attention.key_projection.weight	torch.Size([128, 128])	cuda:0	True
2026-05-13 14:08:31,039 - INFO - noise_predictor.blocks.0.spatiotemporal_attention.key_projection.bias	torch.Size([128])	cuda:0	True
2026-05-13 14:08:31,039 - INFO - noise_predictor.blocks.0.spatiotemporal_attention.value_projection.weight	torch.Size([128, 128])	cuda:0	True
2026-05-13 14:08:31,040 - INFO - noise_predictor.blocks.0.spatiotemporal_attention.value_projection.bias	torch.Size([128])	cuda:0	True
2026-05-13 14:08:31,040 - INFO - noise_predictor.blocks.0.spatiotemporal_attention.output_projection.weight	torch.Size([128, 128])	cuda:0	True
2026-05-13 14:08:31,040 - INFO - noise_predictor.blocks.0.spatiotemporal_attention.output_projection.bias	torch.Size([128])	cuda:0	True
2026-05-13 14:08:31,040 - INFO - noise_predictor.blocks.0.feed_forward.network.0.weight	torch.Size([256, 128])	cuda:0	True
2026-05-13 14:08:31,040 - INFO - noise_predictor.blocks.0.feed_forward.network.0.bias	torch.Size([256])	cuda:0	True
2026-05-13 14:08:31,040 - INFO - noise_predictor.blocks.0.feed_forward.network.3.weight	torch.Size([128, 256])	cuda:0	True
2026-05-13 14:08:31,040 - INFO - noise_predictor.blocks.0.feed_forward.network.3.bias	torch.Size([128])	cuda:0	True
2026-05-13 14:08:31,040 - INFO - noise_predictor.blocks.0.norm_temporal.weight	torch.Size([128])	cuda:0	True
2026-05-13 14:08:31,040 - INFO - noise_predictor.blocks.0.norm_temporal.bias	torch.Size([128])	cuda:0	True
2026-05-13 14:08:31,040 - INFO - noise_predictor.blocks.0.norm_graph.weight	torch.Size([128])	cuda:0	True
2026-05-13 14:08:31,040 - INFO - noise_predictor.blocks.0.norm_graph.bias	torch.Size([128])	cuda:0	True
2026-05-13 14:08:31,040 - INFO - noise_predictor.blocks.0.norm_cross.weight	torch.Size([128])	cuda:0	True
2026-05-13 14:08:31,040 - INFO - noise_predictor.blocks.0.norm_cross.bias	torch.Size([128])	cuda:0	True
2026-05-13 14:08:31,040 - INFO - noise_predictor.blocks.0.norm_spatiotemporal.weight	torch.Size([128])	cuda:0	True
2026-05-13 14:08:31,040 - INFO - noise_predictor.blocks.0.norm_spatiotemporal.bias	torch.Size([128])	cuda:0	True
2026-05-13 14:08:31,040 - INFO - noise_predictor.blocks.0.norm_ffn.weight	torch.Size([128])	cuda:0	True
2026-05-13 14:08:31,041 - INFO - noise_predictor.blocks.0.norm_ffn.bias	torch.Size([128])	cuda:0	True
2026-05-13 14:08:31,041 - INFO - noise_predictor.blocks.0.time_scale_shift.1.weight	torch.Size([256, 128])	cuda:0	True
2026-05-13 14:08:31,041 - INFO - noise_predictor.blocks.0.time_scale_shift.1.bias	torch.Size([256])	cuda:0	True
2026-05-13 14:08:31,041 - INFO - noise_predictor.blocks.1.temporal_attention.query_projection.weight	torch.Size([128, 128])	cuda:0	True
2026-05-13 14:08:31,041 - INFO - noise_predictor.blocks.1.temporal_attention.query_projection.bias	torch.Size([128])	cuda:0	True
2026-05-13 14:08:31,041 - INFO - noise_predictor.blocks.1.temporal_attention.key_projection.weight	torch.Size([128, 128])	cuda:0	True
2026-05-13 14:08:31,041 - INFO - noise_predictor.blocks.1.temporal_attention.key_projection.bias	torch.Size([128])	cuda:0	True
2026-05-13 14:08:31,041 - INFO - noise_predictor.blocks.1.temporal_attention.value_projection.weight	torch.Size([128, 128])	cuda:0	True
2026-05-13 14:08:31,041 - INFO - noise_predictor.blocks.1.temporal_attention.value_projection.bias	torch.Size([128])	cuda:0	True
2026-05-13 14:08:31,041 - INFO - noise_predictor.blocks.1.temporal_attention.output_projection.weight	torch.Size([128, 128])	cuda:0	True
2026-05-13 14:08:31,041 - INFO - noise_predictor.blocks.1.temporal_attention.output_projection.bias	torch.Size([128])	cuda:0	True
2026-05-13 14:08:31,041 - INFO - noise_predictor.blocks.1.graph_convolution.projections.0.weight	torch.Size([128, 128])	cuda:0	True
2026-05-13 14:08:31,041 - INFO - noise_predictor.blocks.1.graph_convolution.projections.0.bias	torch.Size([128])	cuda:0	True
2026-05-13 14:08:31,041 - INFO - noise_predictor.blocks.1.graph_convolution.projections.1.weight	torch.Size([128, 128])	cuda:0	True
2026-05-13 14:08:31,041 - INFO - noise_predictor.blocks.1.graph_convolution.projections.1.bias	torch.Size([128])	cuda:0	True
2026-05-13 14:08:31,041 - INFO - noise_predictor.blocks.1.graph_convolution.projections.2.weight	torch.Size([128, 128])	cuda:0	True
2026-05-13 14:08:31,041 - INFO - noise_predictor.blocks.1.graph_convolution.projections.2.bias	torch.Size([128])	cuda:0	True
2026-05-13 14:08:31,042 - INFO - noise_predictor.blocks.1.cross_attention.query_projection.weight	torch.Size([128, 128])	cuda:0	True
2026-05-13 14:08:31,042 - INFO - noise_predictor.blocks.1.cross_attention.query_projection.bias	torch.Size([128])	cuda:0	True
2026-05-13 14:08:31,042 - INFO - noise_predictor.blocks.1.cross_attention.key_projection.weight	torch.Size([128, 128])	cuda:0	True
2026-05-13 14:08:31,042 - INFO - noise_predictor.blocks.1.cross_attention.key_projection.bias	torch.Size([128])	cuda:0	True
2026-05-13 14:08:31,042 - INFO - noise_predictor.blocks.1.cross_attention.value_projection.weight	torch.Size([128, 128])	cuda:0	True
2026-05-13 14:08:31,042 - INFO - noise_predictor.blocks.1.cross_attention.value_projection.bias	torch.Size([128])	cuda:0	True
2026-05-13 14:08:31,042 - INFO - noise_predictor.blocks.1.cross_attention.output_projection.weight	torch.Size([128, 128])	cuda:0	True
2026-05-13 14:08:31,042 - INFO - noise_predictor.blocks.1.cross_attention.output_projection.bias	torch.Size([128])	cuda:0	True
2026-05-13 14:08:31,042 - INFO - noise_predictor.blocks.1.spatiotemporal_attention.query_projection.weight	torch.Size([128, 128])	cuda:0	True
2026-05-13 14:08:31,042 - INFO - noise_predictor.blocks.1.spatiotemporal_attention.query_projection.bias	torch.Size([128])	cuda:0	True
2026-05-13 14:08:31,042 - INFO - noise_predictor.blocks.1.spatiotemporal_attention.key_projection.weight	torch.Size([128, 128])	cuda:0	True
2026-05-13 14:08:31,042 - INFO - noise_predictor.blocks.1.spatiotemporal_attention.key_projection.bias	torch.Size([128])	cuda:0	True
2026-05-13 14:08:31,042 - INFO - noise_predictor.blocks.1.spatiotemporal_attention.value_projection.weight	torch.Size([128, 128])	cuda:0	True
2026-05-13 14:08:31,042 - INFO - noise_predictor.blocks.1.spatiotemporal_attention.value_projection.bias	torch.Size([128])	cuda:0	True
2026-05-13 14:08:31,042 - INFO - noise_predictor.blocks.1.spatiotemporal_attention.output_projection.weight	torch.Size([128, 128])	cuda:0	True
2026-05-13 14:08:31,042 - INFO - noise_predictor.blocks.1.spatiotemporal_attention.output_projection.bias	torch.Size([128])	cuda:0	True
2026-05-13 14:08:31,043 - INFO - noise_predictor.blocks.1.feed_forward.network.0.weight	torch.Size([256, 128])	cuda:0	True
2026-05-13 14:08:31,043 - INFO - noise_predictor.blocks.1.feed_forward.network.0.bias	torch.Size([256])	cuda:0	True
2026-05-13 14:08:31,043 - INFO - noise_predictor.blocks.1.feed_forward.network.3.weight	torch.Size([128, 256])	cuda:0	True
2026-05-13 14:08:31,043 - INFO - noise_predictor.blocks.1.feed_forward.network.3.bias	torch.Size([128])	cuda:0	True
2026-05-13 14:08:31,043 - INFO - noise_predictor.blocks.1.norm_temporal.weight	torch.Size([128])	cuda:0	True
2026-05-13 14:08:31,043 - INFO - noise_predictor.blocks.1.norm_temporal.bias	torch.Size([128])	cuda:0	True
2026-05-13 14:08:31,043 - INFO - noise_predictor.blocks.1.norm_graph.weight	torch.Size([128])	cuda:0	True
2026-05-13 14:08:31,043 - INFO - noise_predictor.blocks.1.norm_graph.bias	torch.Size([128])	cuda:0	True
2026-05-13 14:08:31,043 - INFO - noise_predictor.blocks.1.norm_cross.weight	torch.Size([128])	cuda:0	True
2026-05-13 14:08:31,043 - INFO - noise_predictor.blocks.1.norm_cross.bias	torch.Size([128])	cuda:0	True
2026-05-13 14:08:31,043 - INFO - noise_predictor.blocks.1.norm_spatiotemporal.weight	torch.Size([128])	cuda:0	True
2026-05-13 14:08:31,043 - INFO - noise_predictor.blocks.1.norm_spatiotemporal.bias	torch.Size([128])	cuda:0	True
2026-05-13 14:08:31,043 - INFO - noise_predictor.blocks.1.norm_ffn.weight	torch.Size([128])	cuda:0	True
2026-05-13 14:08:31,043 - INFO - noise_predictor.blocks.1.norm_ffn.bias	torch.Size([128])	cuda:0	True
2026-05-13 14:08:31,043 - INFO - noise_predictor.blocks.1.time_scale_shift.1.weight	torch.Size([256, 128])	cuda:0	True
2026-05-13 14:08:31,043 - INFO - noise_predictor.blocks.1.time_scale_shift.1.bias	torch.Size([256])	cuda:0	True
2026-05-13 14:08:31,044 - INFO - noise_predictor.blocks.2.temporal_attention.query_projection.weight	torch.Size([128, 128])	cuda:0	True
2026-05-13 14:08:31,044 - INFO - noise_predictor.blocks.2.temporal_attention.query_projection.bias	torch.Size([128])	cuda:0	True
2026-05-13 14:08:31,044 - INFO - noise_predictor.blocks.2.temporal_attention.key_projection.weight	torch.Size([128, 128])	cuda:0	True
2026-05-13 14:08:31,044 - INFO - noise_predictor.blocks.2.temporal_attention.key_projection.bias	torch.Size([128])	cuda:0	True
2026-05-13 14:08:31,044 - INFO - noise_predictor.blocks.2.temporal_attention.value_projection.weight	torch.Size([128, 128])	cuda:0	True
2026-05-13 14:08:31,044 - INFO - noise_predictor.blocks.2.temporal_attention.value_projection.bias	torch.Size([128])	cuda:0	True
2026-05-13 14:08:31,044 - INFO - noise_predictor.blocks.2.temporal_attention.output_projection.weight	torch.Size([128, 128])	cuda:0	True
2026-05-13 14:08:31,044 - INFO - noise_predictor.blocks.2.temporal_attention.output_projection.bias	torch.Size([128])	cuda:0	True
2026-05-13 14:08:31,044 - INFO - noise_predictor.blocks.2.graph_convolution.projections.0.weight	torch.Size([128, 128])	cuda:0	True
2026-05-13 14:08:31,044 - INFO - noise_predictor.blocks.2.graph_convolution.projections.0.bias	torch.Size([128])	cuda:0	True
2026-05-13 14:08:31,044 - INFO - noise_predictor.blocks.2.graph_convolution.projections.1.weight	torch.Size([128, 128])	cuda:0	True
2026-05-13 14:08:31,044 - INFO - noise_predictor.blocks.2.graph_convolution.projections.1.bias	torch.Size([128])	cuda:0	True
2026-05-13 14:08:31,044 - INFO - noise_predictor.blocks.2.graph_convolution.projections.2.weight	torch.Size([128, 128])	cuda:0	True
2026-05-13 14:08:31,044 - INFO - noise_predictor.blocks.2.graph_convolution.projections.2.bias	torch.Size([128])	cuda:0	True
2026-05-13 14:08:31,044 - INFO - noise_predictor.blocks.2.cross_attention.query_projection.weight	torch.Size([128, 128])	cuda:0	True
2026-05-13 14:08:31,044 - INFO - noise_predictor.blocks.2.cross_attention.query_projection.bias	torch.Size([128])	cuda:0	True
2026-05-13 14:08:31,044 - INFO - noise_predictor.blocks.2.cross_attention.key_projection.weight	torch.Size([128, 128])	cuda:0	True
2026-05-13 14:08:31,045 - INFO - noise_predictor.blocks.2.cross_attention.key_projection.bias	torch.Size([128])	cuda:0	True
2026-05-13 14:08:31,045 - INFO - noise_predictor.blocks.2.cross_attention.value_projection.weight	torch.Size([128, 128])	cuda:0	True
2026-05-13 14:08:31,045 - INFO - noise_predictor.blocks.2.cross_attention.value_projection.bias	torch.Size([128])	cuda:0	True
2026-05-13 14:08:31,045 - INFO - noise_predictor.blocks.2.cross_attention.output_projection.weight	torch.Size([128, 128])	cuda:0	True
2026-05-13 14:08:31,045 - INFO - noise_predictor.blocks.2.cross_attention.output_projection.bias	torch.Size([128])	cuda:0	True
2026-05-13 14:08:31,045 - INFO - noise_predictor.blocks.2.spatiotemporal_attention.query_projection.weight	torch.Size([128, 128])	cuda:0	True
2026-05-13 14:08:31,045 - INFO - noise_predictor.blocks.2.spatiotemporal_attention.query_projection.bias	torch.Size([128])	cuda:0	True
2026-05-13 14:08:31,045 - INFO - noise_predictor.blocks.2.spatiotemporal_attention.key_projection.weight	torch.Size([128, 128])	cuda:0	True
2026-05-13 14:08:31,045 - INFO - noise_predictor.blocks.2.spatiotemporal_attention.key_projection.bias	torch.Size([128])	cuda:0	True
2026-05-13 14:08:31,045 - INFO - noise_predictor.blocks.2.spatiotemporal_attention.value_projection.weight	torch.Size([128, 128])	cuda:0	True
2026-05-13 14:08:31,045 - INFO - noise_predictor.blocks.2.spatiotemporal_attention.value_projection.bias	torch.Size([128])	cuda:0	True
2026-05-13 14:08:31,045 - INFO - noise_predictor.blocks.2.spatiotemporal_attention.output_projection.weight	torch.Size([128, 128])	cuda:0	True
2026-05-13 14:08:31,045 - INFO - noise_predictor.blocks.2.spatiotemporal_attention.output_projection.bias	torch.Size([128])	cuda:0	True
2026-05-13 14:08:31,045 - INFO - noise_predictor.blocks.2.feed_forward.network.0.weight	torch.Size([256, 128])	cuda:0	True
2026-05-13 14:08:31,045 - INFO - noise_predictor.blocks.2.feed_forward.network.0.bias	torch.Size([256])	cuda:0	True
2026-05-13 14:08:31,045 - INFO - noise_predictor.blocks.2.feed_forward.network.3.weight	torch.Size([128, 256])	cuda:0	True
2026-05-13 14:08:31,046 - INFO - noise_predictor.blocks.2.feed_forward.network.3.bias	torch.Size([128])	cuda:0	True
2026-05-13 14:08:31,046 - INFO - noise_predictor.blocks.2.norm_temporal.weight	torch.Size([128])	cuda:0	True
2026-05-13 14:08:31,046 - INFO - noise_predictor.blocks.2.norm_temporal.bias	torch.Size([128])	cuda:0	True
2026-05-13 14:08:31,046 - INFO - noise_predictor.blocks.2.norm_graph.weight	torch.Size([128])	cuda:0	True
2026-05-13 14:08:31,046 - INFO - noise_predictor.blocks.2.norm_graph.bias	torch.Size([128])	cuda:0	True
2026-05-13 14:08:31,046 - INFO - noise_predictor.blocks.2.norm_cross.weight	torch.Size([128])	cuda:0	True
2026-05-13 14:08:31,046 - INFO - noise_predictor.blocks.2.norm_cross.bias	torch.Size([128])	cuda:0	True
2026-05-13 14:08:31,046 - INFO - noise_predictor.blocks.2.norm_spatiotemporal.weight	torch.Size([128])	cuda:0	True
2026-05-13 14:08:31,046 - INFO - noise_predictor.blocks.2.norm_spatiotemporal.bias	torch.Size([128])	cuda:0	True
2026-05-13 14:08:31,046 - INFO - noise_predictor.blocks.2.norm_ffn.weight	torch.Size([128])	cuda:0	True
2026-05-13 14:08:31,046 - INFO - noise_predictor.blocks.2.norm_ffn.bias	torch.Size([128])	cuda:0	True
2026-05-13 14:08:31,046 - INFO - noise_predictor.blocks.2.time_scale_shift.1.weight	torch.Size([256, 128])	cuda:0	True
2026-05-13 14:08:31,046 - INFO - noise_predictor.blocks.2.time_scale_shift.1.bias	torch.Size([256])	cuda:0	True
2026-05-13 14:08:31,046 - INFO - noise_predictor.blocks.3.temporal_attention.query_projection.weight	torch.Size([128, 128])	cuda:0	True
2026-05-13 14:08:31,046 - INFO - noise_predictor.blocks.3.temporal_attention.query_projection.bias	torch.Size([128])	cuda:0	True
2026-05-13 14:08:31,046 - INFO - noise_predictor.blocks.3.temporal_attention.key_projection.weight	torch.Size([128, 128])	cuda:0	True
2026-05-13 14:08:31,046 - INFO - noise_predictor.blocks.3.temporal_attention.key_projection.bias	torch.Size([128])	cuda:0	True
2026-05-13 14:08:31,047 - INFO - noise_predictor.blocks.3.temporal_attention.value_projection.weight	torch.Size([128, 128])	cuda:0	True
2026-05-13 14:08:31,047 - INFO - noise_predictor.blocks.3.temporal_attention.value_projection.bias	torch.Size([128])	cuda:0	True
2026-05-13 14:08:31,047 - INFO - noise_predictor.blocks.3.temporal_attention.output_projection.weight	torch.Size([128, 128])	cuda:0	True
2026-05-13 14:08:31,047 - INFO - noise_predictor.blocks.3.temporal_attention.output_projection.bias	torch.Size([128])	cuda:0	True
2026-05-13 14:08:31,047 - INFO - noise_predictor.blocks.3.graph_convolution.projections.0.weight	torch.Size([128, 128])	cuda:0	True
2026-05-13 14:08:31,047 - INFO - noise_predictor.blocks.3.graph_convolution.projections.0.bias	torch.Size([128])	cuda:0	True
2026-05-13 14:08:31,047 - INFO - noise_predictor.blocks.3.graph_convolution.projections.1.weight	torch.Size([128, 128])	cuda:0	True
2026-05-13 14:08:31,047 - INFO - noise_predictor.blocks.3.graph_convolution.projections.1.bias	torch.Size([128])	cuda:0	True
2026-05-13 14:08:31,047 - INFO - noise_predictor.blocks.3.graph_convolution.projections.2.weight	torch.Size([128, 128])	cuda:0	True
2026-05-13 14:08:31,047 - INFO - noise_predictor.blocks.3.graph_convolution.projections.2.bias	torch.Size([128])	cuda:0	True
2026-05-13 14:08:31,047 - INFO - noise_predictor.blocks.3.cross_attention.query_projection.weight	torch.Size([128, 128])	cuda:0	True
2026-05-13 14:08:31,047 - INFO - noise_predictor.blocks.3.cross_attention.query_projection.bias	torch.Size([128])	cuda:0	True
2026-05-13 14:08:31,047 - INFO - noise_predictor.blocks.3.cross_attention.key_projection.weight	torch.Size([128, 128])	cuda:0	True
2026-05-13 14:08:31,047 - INFO - noise_predictor.blocks.3.cross_attention.key_projection.bias	torch.Size([128])	cuda:0	True
2026-05-13 14:08:31,047 - INFO - noise_predictor.blocks.3.cross_attention.value_projection.weight	torch.Size([128, 128])	cuda:0	True
2026-05-13 14:08:31,047 - INFO - noise_predictor.blocks.3.cross_attention.value_projection.bias	torch.Size([128])	cuda:0	True
2026-05-13 14:08:31,048 - INFO - noise_predictor.blocks.3.cross_attention.output_projection.weight	torch.Size([128, 128])	cuda:0	True
2026-05-13 14:08:31,048 - INFO - noise_predictor.blocks.3.cross_attention.output_projection.bias	torch.Size([128])	cuda:0	True
2026-05-13 14:08:31,048 - INFO - noise_predictor.blocks.3.spatiotemporal_attention.query_projection.weight	torch.Size([128, 128])	cuda:0	True
2026-05-13 14:08:31,048 - INFO - noise_predictor.blocks.3.spatiotemporal_attention.query_projection.bias	torch.Size([128])	cuda:0	True
2026-05-13 14:08:31,048 - INFO - noise_predictor.blocks.3.spatiotemporal_attention.key_projection.weight	torch.Size([128, 128])	cuda:0	True
2026-05-13 14:08:31,048 - INFO - noise_predictor.blocks.3.spatiotemporal_attention.key_projection.bias	torch.Size([128])	cuda:0	True
2026-05-13 14:08:31,048 - INFO - noise_predictor.blocks.3.spatiotemporal_attention.value_projection.weight	torch.Size([128, 128])	cuda:0	True
2026-05-13 14:08:31,048 - INFO - noise_predictor.blocks.3.spatiotemporal_attention.value_projection.bias	torch.Size([128])	cuda:0	True
2026-05-13 14:08:31,048 - INFO - noise_predictor.blocks.3.spatiotemporal_attention.output_projection.weight	torch.Size([128, 128])	cuda:0	True
2026-05-13 14:08:31,048 - INFO - noise_predictor.blocks.3.spatiotemporal_attention.output_projection.bias	torch.Size([128])	cuda:0	True
2026-05-13 14:08:31,048 - INFO - noise_predictor.blocks.3.feed_forward.network.0.weight	torch.Size([256, 128])	cuda:0	True
2026-05-13 14:08:31,048 - INFO - noise_predictor.blocks.3.feed_forward.network.0.bias	torch.Size([256])	cuda:0	True
2026-05-13 14:08:31,048 - INFO - noise_predictor.blocks.3.feed_forward.network.3.weight	torch.Size([128, 256])	cuda:0	True
2026-05-13 14:08:31,048 - INFO - noise_predictor.blocks.3.feed_forward.network.3.bias	torch.Size([128])	cuda:0	True
2026-05-13 14:08:31,048 - INFO - noise_predictor.blocks.3.norm_temporal.weight	torch.Size([128])	cuda:0	True
2026-05-13 14:08:31,048 - INFO - noise_predictor.blocks.3.norm_temporal.bias	torch.Size([128])	cuda:0	True
2026-05-13 14:08:31,049 - INFO - noise_predictor.blocks.3.norm_graph.weight	torch.Size([128])	cuda:0	True
2026-05-13 14:08:31,049 - INFO - noise_predictor.blocks.3.norm_graph.bias	torch.Size([128])	cuda:0	True
2026-05-13 14:08:31,049 - INFO - noise_predictor.blocks.3.norm_cross.weight	torch.Size([128])	cuda:0	True
2026-05-13 14:08:31,049 - INFO - noise_predictor.blocks.3.norm_cross.bias	torch.Size([128])	cuda:0	True
2026-05-13 14:08:31,049 - INFO - noise_predictor.blocks.3.norm_spatiotemporal.weight	torch.Size([128])	cuda:0	True
2026-05-13 14:08:31,049 - INFO - noise_predictor.blocks.3.norm_spatiotemporal.bias	torch.Size([128])	cuda:0	True
2026-05-13 14:08:31,049 - INFO - noise_predictor.blocks.3.norm_ffn.weight	torch.Size([128])	cuda:0	True
2026-05-13 14:08:31,049 - INFO - noise_predictor.blocks.3.norm_ffn.bias	torch.Size([128])	cuda:0	True
2026-05-13 14:08:31,049 - INFO - noise_predictor.blocks.3.time_scale_shift.1.weight	torch.Size([256, 128])	cuda:0	True
2026-05-13 14:08:31,049 - INFO - noise_predictor.blocks.3.time_scale_shift.1.bias	torch.Size([256])	cuda:0	True
2026-05-13 14:08:31,049 - INFO - noise_predictor.final_norm.weight	torch.Size([128])	cuda:0	True
2026-05-13 14:08:31,049 - INFO - noise_predictor.final_norm.bias	torch.Size([128])	cuda:0	True
2026-05-13 14:08:31,049 - INFO - noise_predictor.output_projection.weight	torch.Size([1, 128])	cuda:0	True
2026-05-13 14:08:31,049 - INFO - noise_predictor.output_projection.bias	torch.Size([1])	cuda:0	True
2026-05-13 14:08:31,049 - INFO - noise_predictor.adaptive_graph_learner.node_embeddings	torch.Size([228, 32])	cuda:0	True
2026-05-13 14:08:31,049 - INFO - noise_predictor.adaptive_graph_learner.blend_logit	torch.Size([])	cuda:0	True
2026-05-13 14:08:31,049 - INFO - noise_predictor.adaptive_graph_learner.fuzzy_centers	torch.Size([3])	cuda:0	True
2026-05-13 14:08:31,050 - INFO - noise_predictor.adaptive_graph_learner.fuzzy_log_sigmas	torch.Size([3])	cuda:0	True
2026-05-13 14:08:31,050 - INFO - noise_predictor.adaptive_graph_learner.fuzzy_rule_logits	torch.Size([3])	cuda:0	True
2026-05-13 14:08:31,050 - INFO - noise_predictor.adaptive_graph_learner.feature_projection.weight	torch.Size([32, 128])	cuda:0	True
2026-05-13 14:08:31,050 - INFO - noise_predictor.adaptive_graph_learner.feature_projection.bias	torch.Size([32])	cuda:0	True
2026-05-13 14:08:31,050 - INFO - noise_predictor.adaptive_graph_learner.time_projection.weight	torch.Size([32, 128])	cuda:0	True
2026-05-13 14:08:31,050 - INFO - noise_predictor.adaptive_graph_learner.time_projection.bias	torch.Size([32])	cuda:0	True
2026-05-13 14:08:31,050 - INFO - Total parameter numbers: 1842903
2026-05-13 14:08:31,050 - INFO - You select `adamw` optimizer.
2026-05-13 14:08:32,532 - INFO - You select `cosineannealinglr` lr_scheduler.
2026-05-13 14:08:32,532 - WARNING - Received none train loss func and will use the loss func defined in the model.
2026-05-13 14:08:32,533 - INFO - Start training ...
2026-05-13 14:08:32,533 - INFO - num_batches:239
2026-05-13 14:08:32,820 - INFO - Enable physics warmup: steps=3000 start_ratio=0.200 mode=linear.
