2026-05-18 20:25:23,585 - INFO - Log directory: /home/lizhuoxuan/lzq/Bigscity-LibCity-master/outputs/20260518_202523__traffic_state_pred__new_diffusion_fuzzy_2__PEMSD4/logs
2026-05-18 20:25:23,790 - INFO - Log directory: /home/lizhuoxuan/lzq/Bigscity-LibCity-master/outputs/20260518_202523__traffic_state_pred__new_diffusion_fuzzy_2__PEMSD4/logs
2026-05-18 20:25:23,790 - INFO - Begin artifact training pipeline, task=traffic_state_pred, model_name=new_diffusion_fuzzy_2, dataset_name=PEMSD4, exp_id=20260518_202523__traffic_state_pred__new_diffusion_fuzzy_2__PEMSD4
2026-05-18 20:25:23,790 - INFO - {'task': 'traffic_state_pred', 'model': 'new_diffusion_fuzzy_2', 'dataset': 'PEMSD4', 'saved_model': True, 'train': True, 'seed': 42, 'train_rate': 0.6, 'eval_rate': 0.2, 'batch_size': 32, 'learning_rate': 0.0003, 'max_epoch': 100, 'dataset_class': 'TrafficStatePointDataset', 'executor': 'DiffusionTrafficStateExecutor', 'evaluator': 'TrafficStateEvaluator', 'adaptive_graph_blend_init': 0.5, 'adaptive_graph_embed_dim': 32, 'adaptive_graph_topk': 12, 'beta_end': 0.01, 'beta_start': 0.0001, 'calculate_weight_adj': False, 'data_col': ['traffic_flow', 'traffic_occupancy', 'traffic_speed'], 'data_files': ['PEMSD4'], 'ddim_eta': 0.3, 'denoiser_layers': 4, 'device': device(type='cuda', index=0), 'diffusion_schedule': 'linear', 'diffusion_steps': 100, 'disturb_rate': 0.5, 'dropout': 0.1, 'dyna': {'including_types': ['state'], 'state': {'entity_id': 'geo_id', 'traffic_flow': 'num', 'traffic_occupancy': 'num', 'traffic_speed': 'num'}}, 'encoder_layers': 2, 'eval_batch_size': 32, 'evaluator_mode': 'single', 'ffn_hidden_dim': 256, 'flow_conservation_coeff': 1, 'fuzzy_conservation_temperature': 8, 'fuzzy_conservation_threshold': 0.6, 'fuzzy_graph_num_sets': 3, 'fuzzy_graph_sigma_init': 0.7, 'geo': {'including_types': ['Point'], 'Point': {}}, 'geo_file': 'PEMSD4', 'graph_k_hop': 2, 'hidden_dim': 128, 'init_weight_inf_or_zero': 'zero', 'is_distributed': True, 'lr_decay_ratio': 0.5, 'lr_patience': 5, 'lr_threshold': 0.001, 'metrics': ['MAE', 'MAPE', 'MSE', 'RMSE', 'masked_MAE', 'masked_MAPE', 'masked_MSE', 'masked_RMSE', 'R2', 'EVAR'], 'noise_SD': [10], 'noise_mean': [5], 'noise_type': 'gaussian', 'num_heads': 4, 'num_prediction_samples': 1, 'num_sampling_steps': 50, 'num_workers': 0, 'output_dim': 3, 'pad_with_last_sample': True, 'physics_channel_idx': 0, 'physics_loss_weight': 0, 'physics_warmup_mode': 'linear', 'physics_warmup_start_ratio': 0.2, 'physics_warmup_steps': 3000, 'prediction_clamp_max': 3, 'prediction_clamp_min': -3, 'rank': 0, 'rel': {'including_types': ['geo'], 'geo': {'cost': 'num'}}, 'rel_file': 'PEMSD4', 'robustness_test': False, 'sampling_method': 'ddim', 'save_mode': ['csv'], 'scale_lr': False, 'set_weight_link_or_dist': 'link', 'time_intervals': 300, 'use_adaptive_graph': True, 'use_amp': True, 'use_fuzzy_conservation': True, 'use_fuzzy_graph': True, 'use_gradient_checkpointing': False, 'use_spatiotemporal_attention': True, 'use_temporal_position_embedding': True, 'weight_adj_epsilon': 0.1, 'weight_col': 'cost', 'world_size': 2, 'clip_grad_norm': True, 'epoch': 0, 'gpu': True, 'gpu_id': 0, 'learner': 'adamw', 'load_best_epoch': True, 'log_every': 1, 'lr_T_max': 100, 'lr_decay': True, 'lr_eta_min': 1e-05, 'lr_scheduler': 'reducelronplateau', 'max_grad_norm': 3, 'patience': 30, 'train_loss': 'none', 'use_early_stop': True, 'weight_decay': 0.0001, 'data_version_id': 'dv_1779105909_25720818', 'input_window': 12, 'output_window': 12, 'scaler': 'standard', 'load_external': False, 'normal_external': False, 'add_time_in_day': True, 'add_day_in_week': True, 'cache_dataset': True, 'ext_scaler': 'none', 'local_rank': 0, 'dist_backend': 'nccl', 'exp_id': '20260518_202523__traffic_state_pred__new_diffusion_fuzzy_2__PEMSD4'}
2026-05-18 20:25:35,193 - INFO - Enable AMP training (dtype=float16).
2026-05-18 20:25:35,194 - INFO - You select `adamw` optimizer.
2026-05-18 20:25:35,193 - INFO - DistributedDataParallel(
  (module): NewDiffusion(
    (condition_encoder): STEncoder(
      (input_projection): Linear(in_features=3, out_features=128, bias=True)
      (blocks): ModuleList(
        (0-1): 2 x STEncoderBlock(
          (temporal_attention): MultiHeadAttention(
            (query_projection): Linear(in_features=128, out_features=128, bias=True)
            (key_projection): Linear(in_features=128, out_features=128, bias=True)
            (value_projection): Linear(in_features=128, out_features=128, bias=True)
            (output_projection): Linear(in_features=128, out_features=128, bias=True)
            (dropout): Dropout(p=0.1, inplace=False)
          )
          (graph_convolution): GraphConvolution(
            (projections): ModuleList(
              (0-2): 3 x Linear(in_features=128, out_features=128, bias=True)
            )
          )
          (feed_forward): FeedForwardNetwork(
            (network): Sequential(
              (0): Linear(in_features=128, out_features=256, bias=True)
              (1): GELU(approximate='none')
              (2): Dropout(p=0.1, inplace=False)
              (3): Linear(in_features=256, out_features=128, bias=True)
              (4): Dropout(p=0.1, inplace=False)
            )
          )
          (norm_temporal): LayerNorm((128,), eps=1e-05, elementwise_affine=True)
          (norm_graph): LayerNorm((128,), eps=1e-05, elementwise_affine=True)
          (norm_ffn): LayerNorm((128,), eps=1e-05, elementwise_affine=True)
          (dropout): Dropout(p=0.1, inplace=False)
        )
      )
      (final_norm): LayerNorm((128,), eps=1e-05, elementwise_affine=True)
    )
    (noise_predictor): AttentionDenoiser(
      (input_projection): Linear(in_features=3, out_features=128, bias=True)
      (time_embedding): SinusoidalTimeEmbedding()
      (time_projection): Sequential(
        (0): Linear(in_features=128, out_features=128, bias=True)
        (1): SiLU()
        (2): Linear(in_features=128, out_features=128, bias=True)
      )
      (condition_fusion): Linear(in_features=256, out_features=128, bias=True)
      (blocks): ModuleList(
        (0-3): 4 x DenoiserBlock(
          (temporal_attention): MultiHeadAttention(
            (query_projection): Linear(in_features=128, out_features=128, bias=True)
            (key_projection): Linear(in_features=128, out_features=128, bias=True)
            (value_projection): Linear(in_features=128, out_features=128, bias=True)
            (output_projection): Linear(in_features=128, out_features=128, bias=True)
            (dropout): Dropout(p=0.1, inplace=False)
          )
          (graph_convolution): GraphConvolution(
            (projections): ModuleList(
              (0-2): 3 x Linear(in_features=128, out_features=128, bias=True)
            )
          )
          (cross_attention): MultiHeadAttention(
            (query_projection): Linear(in_features=128, out_features=128, bias=True)
            (key_projection): Linear(in_features=128, out_features=128, bias=True)
            (value_projection): Linear(in_features=128, out_features=128, bias=True)
            (output_projection): Linear(in_features=128, out_features=128, bias=True)
            (dropout): Dropout(p=0.1, inplace=False)
          )
          (spatiotemporal_attention): MultiHeadAttention(
            (query_projection): Linear(in_features=128, out_features=128, bias=True)
            (key_projection): Linear(in_features=128, out_features=128, bias=True)
            (value_projection): Linear(in_features=128, out_features=128, bias=True)
            (output_projection): Linear(in_features=128, out_features=128, bias=True)
            (dropout): Dropout(p=0.1, inplace=False)
          )
          (feed_forward): FeedForwardNetwork(
            (network): Sequential(
              (0): Linear(in_features=128, out_features=256, bias=True)
              (1): GELU(approximate='none')
              (2): Dropout(p=0.1, inplace=False)
              (3): Linear(in_features=256, out_features=128, bias=True)
              (4): Dropout(p=0.1, inplace=False)
            )
          )
          (norm_temporal): LayerNorm((128,), eps=1e-05, elementwise_affine=True)
          (norm_graph): LayerNorm((128,), eps=1e-05, elementwise_affine=True)
          (norm_cross): LayerNorm((128,), eps=1e-05, elementwise_affine=True)
          (norm_spatiotemporal): LayerNorm((128,), eps=1e-05, elementwise_affine=True)
          (norm_ffn): LayerNorm((128,), eps=1e-05, elementwise_affine=True)
          (dropout): Dropout(p=0.1, inplace=False)
          (time_scale_shift): Sequential(
            (0): SiLU()
            (1): Linear(in_features=128, out_features=256, bias=True)
          )
        )
      )
      (final_norm): LayerNorm((128,), eps=1e-05, elementwise_affine=True)
      (output_projection): Linear(in_features=128, out_features=3, bias=True)
      (adaptive_graph_learner): AdaptiveGraphLearner(
        (feature_projection): Linear(in_features=128, out_features=32, bias=True)
        (time_projection): Linear(in_features=128, out_features=32, bias=True)
      )
    )
    (diffusion_scheduler): DiffusionScheduler()
  )
)
2026-05-18 20:25:35,196 - INFO - You select `reducelronplateau` lr_scheduler.
2026-05-18 20:25:35,196 - WARNING - Received none train loss func and will use the loss func defined in the model.
2026-05-18 20:25:35,196 - INFO - Start training ...
2026-05-18 20:25:35,196 - INFO - num_batches:160
2026-05-18 20:25:35,198 - INFO - module.condition_encoder.temporal_position_embedding	torch.Size([1, 12, 1, 128])	cuda:0	True
2026-05-18 20:25:35,198 - INFO - module.condition_encoder.input_projection.weight	torch.Size([128, 3])	cuda:0	True
2026-05-18 20:25:35,198 - INFO - module.condition_encoder.input_projection.bias	torch.Size([128])	cuda:0	True
2026-05-18 20:25:35,198 - INFO - module.condition_encoder.blocks.0.temporal_attention.query_projection.weight	torch.Size([128, 128])	cuda:0	True
2026-05-18 20:25:35,198 - INFO - module.condition_encoder.blocks.0.temporal_attention.query_projection.bias	torch.Size([128])	cuda:0	True
2026-05-18 20:25:35,198 - INFO - module.condition_encoder.blocks.0.temporal_attention.key_projection.weight	torch.Size([128, 128])	cuda:0	True
2026-05-18 20:25:35,198 - INFO - module.condition_encoder.blocks.0.temporal_attention.key_projection.bias	torch.Size([128])	cuda:0	True
2026-05-18 20:25:35,198 - INFO - module.condition_encoder.blocks.0.temporal_attention.value_projection.weight	torch.Size([128, 128])	cuda:0	True
2026-05-18 20:25:35,198 - INFO - module.condition_encoder.blocks.0.temporal_attention.value_projection.bias	torch.Size([128])	cuda:0	True
2026-05-18 20:25:35,199 - INFO - module.condition_encoder.blocks.0.temporal_attention.output_projection.weight	torch.Size([128, 128])	cuda:0	True
2026-05-18 20:25:35,199 - INFO - module.condition_encoder.blocks.0.temporal_attention.output_projection.bias	torch.Size([128])	cuda:0	True
2026-05-18 20:25:35,199 - INFO - module.condition_encoder.blocks.0.graph_convolution.projections.0.weight	torch.Size([128, 128])	cuda:0	True
2026-05-18 20:25:35,199 - INFO - module.condition_encoder.blocks.0.graph_convolution.projections.0.bias	torch.Size([128])	cuda:0	True
2026-05-18 20:25:35,199 - INFO - module.condition_encoder.blocks.0.graph_convolution.projections.1.weight	torch.Size([128, 128])	cuda:0	True
2026-05-18 20:25:35,199 - INFO - module.condition_encoder.blocks.0.graph_convolution.projections.1.bias	torch.Size([128])	cuda:0	True
2026-05-18 20:25:35,199 - INFO - module.condition_encoder.blocks.0.graph_convolution.projections.2.weight	torch.Size([128, 128])	cuda:0	True
2026-05-18 20:25:35,199 - INFO - module.condition_encoder.blocks.0.graph_convolution.projections.2.bias	torch.Size([128])	cuda:0	True
2026-05-18 20:25:35,199 - INFO - module.condition_encoder.blocks.0.feed_forward.network.0.weight	torch.Size([256, 128])	cuda:0	True
2026-05-18 20:25:35,199 - INFO - module.condition_encoder.blocks.0.feed_forward.network.0.bias	torch.Size([256])	cuda:0	True
2026-05-18 20:25:35,199 - INFO - module.condition_encoder.blocks.0.feed_forward.network.3.weight	torch.Size([128, 256])	cuda:0	True
2026-05-18 20:25:35,199 - INFO - module.condition_encoder.blocks.0.feed_forward.network.3.bias	torch.Size([128])	cuda:0	True
2026-05-18 20:25:35,200 - INFO - module.condition_encoder.blocks.0.norm_temporal.weight	torch.Size([128])	cuda:0	True
2026-05-18 20:25:35,200 - INFO - module.condition_encoder.blocks.0.norm_temporal.bias	torch.Size([128])	cuda:0	True
2026-05-18 20:25:35,200 - INFO - module.condition_encoder.blocks.0.norm_graph.weight	torch.Size([128])	cuda:0	True
2026-05-18 20:25:35,200 - INFO - module.condition_encoder.blocks.0.norm_graph.bias	torch.Size([128])	cuda:0	True
2026-05-18 20:25:35,200 - INFO - module.condition_encoder.blocks.0.norm_ffn.weight	torch.Size([128])	cuda:0	True
2026-05-18 20:25:35,200 - INFO - module.condition_encoder.blocks.0.norm_ffn.bias	torch.Size([128])	cuda:0	True
2026-05-18 20:25:35,200 - INFO - module.condition_encoder.blocks.1.temporal_attention.query_projection.weight	torch.Size([128, 128])	cuda:0	True
2026-05-18 20:25:35,200 - INFO - module.condition_encoder.blocks.1.temporal_attention.query_projection.bias	torch.Size([128])	cuda:0	True
2026-05-18 20:25:35,200 - INFO - module.condition_encoder.blocks.1.temporal_attention.key_projection.weight	torch.Size([128, 128])	cuda:0	True
2026-05-18 20:25:35,200 - INFO - module.condition_encoder.blocks.1.temporal_attention.key_projection.bias	torch.Size([128])	cuda:0	True
2026-05-18 20:25:35,200 - INFO - module.condition_encoder.blocks.1.temporal_attention.value_projection.weight	torch.Size([128, 128])	cuda:0	True
2026-05-18 20:25:35,200 - INFO - module.condition_encoder.blocks.1.temporal_attention.value_projection.bias	torch.Size([128])	cuda:0	True
2026-05-18 20:25:35,200 - INFO - module.condition_encoder.blocks.1.temporal_attention.output_projection.weight	torch.Size([128, 128])	cuda:0	True
2026-05-18 20:25:35,201 - INFO - module.condition_encoder.blocks.1.temporal_attention.output_projection.bias	torch.Size([128])	cuda:0	True
2026-05-18 20:25:35,201 - INFO - module.condition_encoder.blocks.1.graph_convolution.projections.0.weight	torch.Size([128, 128])	cuda:0	True
2026-05-18 20:25:35,201 - INFO - module.condition_encoder.blocks.1.graph_convolution.projections.0.bias	torch.Size([128])	cuda:0	True
2026-05-18 20:25:35,201 - INFO - module.condition_encoder.blocks.1.graph_convolution.projections.1.weight	torch.Size([128, 128])	cuda:0	True
2026-05-18 20:25:35,201 - INFO - module.condition_encoder.blocks.1.graph_convolution.projections.1.bias	torch.Size([128])	cuda:0	True
2026-05-18 20:25:35,201 - INFO - module.condition_encoder.blocks.1.graph_convolution.projections.2.weight	torch.Size([128, 128])	cuda:0	True
2026-05-18 20:25:35,201 - INFO - module.condition_encoder.blocks.1.graph_convolution.projections.2.bias	torch.Size([128])	cuda:0	True
2026-05-18 20:25:35,201 - INFO - module.condition_encoder.blocks.1.feed_forward.network.0.weight	torch.Size([256, 128])	cuda:0	True
2026-05-18 20:25:35,201 - INFO - module.condition_encoder.blocks.1.feed_forward.network.0.bias	torch.Size([256])	cuda:0	True
2026-05-18 20:25:35,201 - INFO - module.condition_encoder.blocks.1.feed_forward.network.3.weight	torch.Size([128, 256])	cuda:0	True
2026-05-18 20:25:35,201 - INFO - module.condition_encoder.blocks.1.feed_forward.network.3.bias	torch.Size([128])	cuda:0	True
2026-05-18 20:25:35,201 - INFO - module.condition_encoder.blocks.1.norm_temporal.weight	torch.Size([128])	cuda:0	True
2026-05-18 20:25:35,202 - INFO - module.condition_encoder.blocks.1.norm_temporal.bias	torch.Size([128])	cuda:0	True
2026-05-18 20:25:35,202 - INFO - module.condition_encoder.blocks.1.norm_graph.weight	torch.Size([128])	cuda:0	True
2026-05-18 20:25:35,202 - INFO - module.condition_encoder.blocks.1.norm_graph.bias	torch.Size([128])	cuda:0	True
2026-05-18 20:25:35,202 - INFO - module.condition_encoder.blocks.1.norm_ffn.weight	torch.Size([128])	cuda:0	True
2026-05-18 20:25:35,202 - INFO - module.condition_encoder.blocks.1.norm_ffn.bias	torch.Size([128])	cuda:0	True
2026-05-18 20:25:35,202 - INFO - module.condition_encoder.final_norm.weight	torch.Size([128])	cuda:0	True
2026-05-18 20:25:35,202 - INFO - module.condition_encoder.final_norm.bias	torch.Size([128])	cuda:0	True
2026-05-18 20:25:35,202 - INFO - module.noise_predictor.future_position_embedding	torch.Size([1, 12, 1, 128])	cuda:0	True
2026-05-18 20:25:35,202 - INFO - module.noise_predictor.condition_temporal_weight	torch.Size([12])	cuda:0	True
2026-05-18 20:25:35,202 - INFO - module.noise_predictor.condition_blend	torch.Size([])	cuda:0	True
2026-05-18 20:25:35,202 - INFO - module.noise_predictor.input_projection.weight	torch.Size([128, 3])	cuda:0	True
2026-05-18 20:25:35,202 - INFO - module.noise_predictor.input_projection.bias	torch.Size([128])	cuda:0	True
2026-05-18 20:25:35,203 - INFO - module.noise_predictor.time_projection.0.weight	torch.Size([128, 128])	cuda:0	True
2026-05-18 20:25:35,203 - INFO - module.noise_predictor.time_projection.0.bias	torch.Size([128])	cuda:0	True
2026-05-18 20:25:35,203 - INFO - module.noise_predictor.time_projection.2.weight	torch.Size([128, 128])	cuda:0	True
2026-05-18 20:25:35,203 - INFO - module.noise_predictor.time_projection.2.bias	torch.Size([128])	cuda:0	True
2026-05-18 20:25:35,203 - INFO - module.noise_predictor.condition_fusion.weight	torch.Size([128, 256])	cuda:0	True
2026-05-18 20:25:35,203 - INFO - module.noise_predictor.condition_fusion.bias	torch.Size([128])	cuda:0	True
2026-05-18 20:25:35,203 - INFO - module.noise_predictor.blocks.0.temporal_attention.query_projection.weight	torch.Size([128, 128])	cuda:0	True
2026-05-18 20:25:35,203 - INFO - module.noise_predictor.blocks.0.temporal_attention.query_projection.bias	torch.Size([128])	cuda:0	True
2026-05-18 20:25:35,203 - INFO - module.noise_predictor.blocks.0.temporal_attention.key_projection.weight	torch.Size([128, 128])	cuda:0	True
2026-05-18 20:25:35,203 - INFO - module.noise_predictor.blocks.0.temporal_attention.key_projection.bias	torch.Size([128])	cuda:0	True
2026-05-18 20:25:35,203 - INFO - module.noise_predictor.blocks.0.temporal_attention.value_projection.weight	torch.Size([128, 128])	cuda:0	True
2026-05-18 20:25:35,203 - INFO - module.noise_predictor.blocks.0.temporal_attention.value_projection.bias	torch.Size([128])	cuda:0	True
2026-05-18 20:25:35,203 - INFO - module.noise_predictor.blocks.0.temporal_attention.output_projection.weight	torch.Size([128, 128])	cuda:0	True
2026-05-18 20:25:35,204 - INFO - module.noise_predictor.blocks.0.temporal_attention.output_projection.bias	torch.Size([128])	cuda:0	True
2026-05-18 20:25:35,204 - INFO - module.noise_predictor.blocks.0.graph_convolution.projections.0.weight	torch.Size([128, 128])	cuda:0	True
2026-05-18 20:25:35,204 - INFO - module.noise_predictor.blocks.0.graph_convolution.projections.0.bias	torch.Size([128])	cuda:0	True
2026-05-18 20:25:35,204 - INFO - module.noise_predictor.blocks.0.graph_convolution.projections.1.weight	torch.Size([128, 128])	cuda:0	True
2026-05-18 20:25:35,204 - INFO - module.noise_predictor.blocks.0.graph_convolution.projections.1.bias	torch.Size([128])	cuda:0	True
2026-05-18 20:25:35,204 - INFO - module.noise_predictor.blocks.0.graph_convolution.projections.2.weight	torch.Size([128, 128])	cuda:0	True
2026-05-18 20:25:35,204 - INFO - module.noise_predictor.blocks.0.graph_convolution.projections.2.bias	torch.Size([128])	cuda:0	True
2026-05-18 20:25:35,204 - INFO - module.noise_predictor.blocks.0.cross_attention.query_projection.weight	torch.Size([128, 128])	cuda:0	True
2026-05-18 20:25:35,204 - INFO - module.noise_predictor.blocks.0.cross_attention.query_projection.bias	torch.Size([128])	cuda:0	True
2026-05-18 20:25:35,204 - INFO - module.noise_predictor.blocks.0.cross_attention.key_projection.weight	torch.Size([128, 128])	cuda:0	True
2026-05-18 20:25:35,204 - INFO - module.noise_predictor.blocks.0.cross_attention.key_projection.bias	torch.Size([128])	cuda:0	True
2026-05-18 20:25:35,204 - INFO - module.noise_predictor.blocks.0.cross_attention.value_projection.weight	torch.Size([128, 128])	cuda:0	True
2026-05-18 20:25:35,205 - INFO - module.noise_predictor.blocks.0.cross_attention.value_projection.bias	torch.Size([128])	cuda:0	True
2026-05-18 20:25:35,205 - INFO - module.noise_predictor.blocks.0.cross_attention.output_projection.weight	torch.Size([128, 128])	cuda:0	True
2026-05-18 20:25:35,205 - INFO - module.noise_predictor.blocks.0.cross_attention.output_projection.bias	torch.Size([128])	cuda:0	True
2026-05-18 20:25:35,205 - INFO - module.noise_predictor.blocks.0.spatiotemporal_attention.query_projection.weight	torch.Size([128, 128])	cuda:0	True
2026-05-18 20:25:35,205 - INFO - module.noise_predictor.blocks.0.spatiotemporal_attention.query_projection.bias	torch.Size([128])	cuda:0	True
2026-05-18 20:25:35,205 - INFO - module.noise_predictor.blocks.0.spatiotemporal_attention.key_projection.weight	torch.Size([128, 128])	cuda:0	True
2026-05-18 20:25:35,205 - INFO - module.noise_predictor.blocks.0.spatiotemporal_attention.key_projection.bias	torch.Size([128])	cuda:0	True
2026-05-18 20:25:35,205 - INFO - module.noise_predictor.blocks.0.spatiotemporal_attention.value_projection.weight	torch.Size([128, 128])	cuda:0	True
2026-05-18 20:25:35,205 - INFO - module.noise_predictor.blocks.0.spatiotemporal_attention.value_projection.bias	torch.Size([128])	cuda:0	True
2026-05-18 20:25:35,205 - INFO - module.noise_predictor.blocks.0.spatiotemporal_attention.output_projection.weight	torch.Size([128, 128])	cuda:0	True
2026-05-18 20:25:35,205 - INFO - module.noise_predictor.blocks.0.spatiotemporal_attention.output_projection.bias	torch.Size([128])	cuda:0	True
2026-05-18 20:25:35,205 - INFO - module.noise_predictor.blocks.0.feed_forward.network.0.weight	torch.Size([256, 128])	cuda:0	True
2026-05-18 20:25:35,205 - INFO - module.noise_predictor.blocks.0.feed_forward.network.0.bias	torch.Size([256])	cuda:0	True
2026-05-18 20:25:35,205 - INFO - module.noise_predictor.blocks.0.feed_forward.network.3.weight	torch.Size([128, 256])	cuda:0	True
2026-05-18 20:25:35,206 - INFO - module.noise_predictor.blocks.0.feed_forward.network.3.bias	torch.Size([128])	cuda:0	True
2026-05-18 20:25:35,206 - INFO - module.noise_predictor.blocks.0.norm_temporal.weight	torch.Size([128])	cuda:0	True
2026-05-18 20:25:35,206 - INFO - module.noise_predictor.blocks.0.norm_temporal.bias	torch.Size([128])	cuda:0	True
2026-05-18 20:25:35,206 - INFO - module.noise_predictor.blocks.0.norm_graph.weight	torch.Size([128])	cuda:0	True
2026-05-18 20:25:35,206 - INFO - module.noise_predictor.blocks.0.norm_graph.bias	torch.Size([128])	cuda:0	True
2026-05-18 20:25:35,206 - INFO - module.noise_predictor.blocks.0.norm_cross.weight	torch.Size([128])	cuda:0	True
2026-05-18 20:25:35,206 - INFO - module.noise_predictor.blocks.0.norm_cross.bias	torch.Size([128])	cuda:0	True
2026-05-18 20:25:35,206 - INFO - module.noise_predictor.blocks.0.norm_spatiotemporal.weight	torch.Size([128])	cuda:0	True
2026-05-18 20:25:35,206 - INFO - module.noise_predictor.blocks.0.norm_spatiotemporal.bias	torch.Size([128])	cuda:0	True
2026-05-18 20:25:35,206 - INFO - module.noise_predictor.blocks.0.norm_ffn.weight	torch.Size([128])	cuda:0	True
2026-05-18 20:25:35,206 - INFO - module.noise_predictor.blocks.0.norm_ffn.bias	torch.Size([128])	cuda:0	True
2026-05-18 20:25:35,206 - INFO - module.noise_predictor.blocks.0.time_scale_shift.1.weight	torch.Size([256, 128])	cuda:0	True
2026-05-18 20:25:35,206 - INFO - module.noise_predictor.blocks.0.time_scale_shift.1.bias	torch.Size([256])	cuda:0	True
2026-05-18 20:25:35,206 - INFO - module.noise_predictor.blocks.1.temporal_attention.query_projection.weight	torch.Size([128, 128])	cuda:0	True
2026-05-18 20:25:35,207 - INFO - module.noise_predictor.blocks.1.temporal_attention.query_projection.bias	torch.Size([128])	cuda:0	True
2026-05-18 20:25:35,207 - INFO - module.noise_predictor.blocks.1.temporal_attention.key_projection.weight	torch.Size([128, 128])	cuda:0	True
2026-05-18 20:25:35,207 - INFO - module.noise_predictor.blocks.1.temporal_attention.key_projection.bias	torch.Size([128])	cuda:0	True
2026-05-18 20:25:35,207 - INFO - module.noise_predictor.blocks.1.temporal_attention.value_projection.weight	torch.Size([128, 128])	cuda:0	True
2026-05-18 20:25:35,207 - INFO - module.noise_predictor.blocks.1.temporal_attention.value_projection.bias	torch.Size([128])	cuda:0	True
2026-05-18 20:25:35,207 - INFO - module.noise_predictor.blocks.1.temporal_attention.output_projection.weight	torch.Size([128, 128])	cuda:0	True
2026-05-18 20:25:35,207 - INFO - module.noise_predictor.blocks.1.temporal_attention.output_projection.bias	torch.Size([128])	cuda:0	True
2026-05-18 20:25:35,207 - INFO - module.noise_predictor.blocks.1.graph_convolution.projections.0.weight	torch.Size([128, 128])	cuda:0	True
2026-05-18 20:25:35,207 - INFO - module.noise_predictor.blocks.1.graph_convolution.projections.0.bias	torch.Size([128])	cuda:0	True
2026-05-18 20:25:35,207 - INFO - module.noise_predictor.blocks.1.graph_convolution.projections.1.weight	torch.Size([128, 128])	cuda:0	True
2026-05-18 20:25:35,207 - INFO - module.noise_predictor.blocks.1.graph_convolution.projections.1.bias	torch.Size([128])	cuda:0	True
2026-05-18 20:25:35,207 - INFO - module.noise_predictor.blocks.1.graph_convolution.projections.2.weight	torch.Size([128, 128])	cuda:0	True
2026-05-18 20:25:35,207 - INFO - module.noise_predictor.blocks.1.graph_convolution.projections.2.bias	torch.Size([128])	cuda:0	True
2026-05-18 20:25:35,208 - INFO - module.noise_predictor.blocks.1.cross_attention.query_projection.weight	torch.Size([128, 128])	cuda:0	True
2026-05-18 20:25:35,208 - INFO - module.noise_predictor.blocks.1.cross_attention.query_projection.bias	torch.Size([128])	cuda:0	True
2026-05-18 20:25:35,208 - INFO - module.noise_predictor.blocks.1.cross_attention.key_projection.weight	torch.Size([128, 128])	cuda:0	True
2026-05-18 20:25:35,208 - INFO - module.noise_predictor.blocks.1.cross_attention.key_projection.bias	torch.Size([128])	cuda:0	True
2026-05-18 20:25:35,208 - INFO - module.noise_predictor.blocks.1.cross_attention.value_projection.weight	torch.Size([128, 128])	cuda:0	True
2026-05-18 20:25:35,208 - INFO - module.noise_predictor.blocks.1.cross_attention.value_projection.bias	torch.Size([128])	cuda:0	True
2026-05-18 20:25:35,208 - INFO - module.noise_predictor.blocks.1.cross_attention.output_projection.weight	torch.Size([128, 128])	cuda:0	True
2026-05-18 20:25:35,208 - INFO - module.noise_predictor.blocks.1.cross_attention.output_projection.bias	torch.Size([128])	cuda:0	True
2026-05-18 20:25:35,208 - INFO - module.noise_predictor.blocks.1.spatiotemporal_attention.query_projection.weight	torch.Size([128, 128])	cuda:0	True
2026-05-18 20:25:35,208 - INFO - module.noise_predictor.blocks.1.spatiotemporal_attention.query_projection.bias	torch.Size([128])	cuda:0	True
2026-05-18 20:25:35,208 - INFO - module.noise_predictor.blocks.1.spatiotemporal_attention.key_projection.weight	torch.Size([128, 128])	cuda:0	True
2026-05-18 20:25:35,208 - INFO - module.noise_predictor.blocks.1.spatiotemporal_attention.key_projection.bias	torch.Size([128])	cuda:0	True
2026-05-18 20:25:35,208 - INFO - module.noise_predictor.blocks.1.spatiotemporal_attention.value_projection.weight	torch.Size([128, 128])	cuda:0	True
2026-05-18 20:25:35,209 - INFO - module.noise_predictor.blocks.1.spatiotemporal_attention.value_projection.bias	torch.Size([128])	cuda:0	True
2026-05-18 20:25:35,209 - INFO - module.noise_predictor.blocks.1.spatiotemporal_attention.output_projection.weight	torch.Size([128, 128])	cuda:0	True
2026-05-18 20:25:35,209 - INFO - module.noise_predictor.blocks.1.spatiotemporal_attention.output_projection.bias	torch.Size([128])	cuda:0	True
2026-05-18 20:25:35,209 - INFO - module.noise_predictor.blocks.1.feed_forward.network.0.weight	torch.Size([256, 128])	cuda:0	True
2026-05-18 20:25:35,209 - INFO - module.noise_predictor.blocks.1.feed_forward.network.0.bias	torch.Size([256])	cuda:0	True
2026-05-18 20:25:35,209 - INFO - module.noise_predictor.blocks.1.feed_forward.network.3.weight	torch.Size([128, 256])	cuda:0	True
2026-05-18 20:25:35,209 - INFO - module.noise_predictor.blocks.1.feed_forward.network.3.bias	torch.Size([128])	cuda:0	True
2026-05-18 20:25:35,209 - INFO - module.noise_predictor.blocks.1.norm_temporal.weight	torch.Size([128])	cuda:0	True
2026-05-18 20:25:35,209 - INFO - module.noise_predictor.blocks.1.norm_temporal.bias	torch.Size([128])	cuda:0	True
2026-05-18 20:25:35,209 - INFO - module.noise_predictor.blocks.1.norm_graph.weight	torch.Size([128])	cuda:0	True
2026-05-18 20:25:35,209 - INFO - module.noise_predictor.blocks.1.norm_graph.bias	torch.Size([128])	cuda:0	True
2026-05-18 20:25:35,210 - INFO - module.noise_predictor.blocks.1.norm_cross.weight	torch.Size([128])	cuda:0	True
2026-05-18 20:25:35,210 - INFO - module.noise_predictor.blocks.1.norm_cross.bias	torch.Size([128])	cuda:0	True
2026-05-18 20:25:35,210 - INFO - module.noise_predictor.blocks.1.norm_spatiotemporal.weight	torch.Size([128])	cuda:0	True
2026-05-18 20:25:35,210 - INFO - module.noise_predictor.blocks.1.norm_spatiotemporal.bias	torch.Size([128])	cuda:0	True
2026-05-18 20:25:35,210 - INFO - module.noise_predictor.blocks.1.norm_ffn.weight	torch.Size([128])	cuda:0	True
2026-05-18 20:25:35,210 - INFO - module.noise_predictor.blocks.1.norm_ffn.bias	torch.Size([128])	cuda:0	True
2026-05-18 20:25:35,210 - INFO - module.noise_predictor.blocks.1.time_scale_shift.1.weight	torch.Size([256, 128])	cuda:0	True
2026-05-18 20:25:35,210 - INFO - module.noise_predictor.blocks.1.time_scale_shift.1.bias	torch.Size([256])	cuda:0	True
2026-05-18 20:25:35,210 - INFO - module.noise_predictor.blocks.2.temporal_attention.query_projection.weight	torch.Size([128, 128])	cuda:0	True
2026-05-18 20:25:35,210 - INFO - module.noise_predictor.blocks.2.temporal_attention.query_projection.bias	torch.Size([128])	cuda:0	True
2026-05-18 20:25:35,210 - INFO - module.noise_predictor.blocks.2.temporal_attention.key_projection.weight	torch.Size([128, 128])	cuda:0	True
2026-05-18 20:25:35,211 - INFO - module.noise_predictor.blocks.2.temporal_attention.key_projection.bias	torch.Size([128])	cuda:0	True
2026-05-18 20:25:35,211 - INFO - module.noise_predictor.blocks.2.temporal_attention.value_projection.weight	torch.Size([128, 128])	cuda:0	True
2026-05-18 20:25:35,211 - INFO - module.noise_predictor.blocks.2.temporal_attention.value_projection.bias	torch.Size([128])	cuda:0	True
2026-05-18 20:25:35,211 - INFO - module.noise_predictor.blocks.2.temporal_attention.output_projection.weight	torch.Size([128, 128])	cuda:0	True
2026-05-18 20:25:35,211 - INFO - module.noise_predictor.blocks.2.temporal_attention.output_projection.bias	torch.Size([128])	cuda:0	True
2026-05-18 20:25:35,211 - INFO - module.noise_predictor.blocks.2.graph_convolution.projections.0.weight	torch.Size([128, 128])	cuda:0	True
2026-05-18 20:25:35,211 - INFO - module.noise_predictor.blocks.2.graph_convolution.projections.0.bias	torch.Size([128])	cuda:0	True
2026-05-18 20:25:35,211 - INFO - module.noise_predictor.blocks.2.graph_convolution.projections.1.weight	torch.Size([128, 128])	cuda:0	True
2026-05-18 20:25:35,211 - INFO - module.noise_predictor.blocks.2.graph_convolution.projections.1.bias	torch.Size([128])	cuda:0	True
2026-05-18 20:25:35,211 - INFO - module.noise_predictor.blocks.2.graph_convolution.projections.2.weight	torch.Size([128, 128])	cuda:0	True
2026-05-18 20:25:35,211 - INFO - module.noise_predictor.blocks.2.graph_convolution.projections.2.bias	torch.Size([128])	cuda:0	True
2026-05-18 20:25:35,211 - INFO - module.noise_predictor.blocks.2.cross_attention.query_projection.weight	torch.Size([128, 128])	cuda:0	True
2026-05-18 20:25:35,212 - INFO - module.noise_predictor.blocks.2.cross_attention.query_projection.bias	torch.Size([128])	cuda:0	True
2026-05-18 20:25:35,212 - INFO - module.noise_predictor.blocks.2.cross_attention.key_projection.weight	torch.Size([128, 128])	cuda:0	True
2026-05-18 20:25:35,212 - INFO - module.noise_predictor.blocks.2.cross_attention.key_projection.bias	torch.Size([128])	cuda:0	True
2026-05-18 20:25:35,212 - INFO - module.noise_predictor.blocks.2.cross_attention.value_projection.weight	torch.Size([128, 128])	cuda:0	True
2026-05-18 20:25:35,212 - INFO - module.noise_predictor.blocks.2.cross_attention.value_projection.bias	torch.Size([128])	cuda:0	True
2026-05-18 20:25:35,212 - INFO - module.noise_predictor.blocks.2.cross_attention.output_projection.weight	torch.Size([128, 128])	cuda:0	True
2026-05-18 20:25:35,212 - INFO - module.noise_predictor.blocks.2.cross_attention.output_projection.bias	torch.Size([128])	cuda:0	True
2026-05-18 20:25:35,212 - INFO - module.noise_predictor.blocks.2.spatiotemporal_attention.query_projection.weight	torch.Size([128, 128])	cuda:0	True
2026-05-18 20:25:35,212 - INFO - module.noise_predictor.blocks.2.spatiotemporal_attention.query_projection.bias	torch.Size([128])	cuda:0	True
2026-05-18 20:25:35,212 - INFO - module.noise_predictor.blocks.2.spatiotemporal_attention.key_projection.weight	torch.Size([128, 128])	cuda:0	True
2026-05-18 20:25:35,212 - INFO - module.noise_predictor.blocks.2.spatiotemporal_attention.key_projection.bias	torch.Size([128])	cuda:0	True
2026-05-18 20:25:35,212 - INFO - module.noise_predictor.blocks.2.spatiotemporal_attention.value_projection.weight	torch.Size([128, 128])	cuda:0	True
2026-05-18 20:25:35,212 - INFO - module.noise_predictor.blocks.2.spatiotemporal_attention.value_projection.bias	torch.Size([128])	cuda:0	True
2026-05-18 20:25:35,212 - INFO - module.noise_predictor.blocks.2.spatiotemporal_attention.output_projection.weight	torch.Size([128, 128])	cuda:0	True
2026-05-18 20:25:35,213 - INFO - module.noise_predictor.blocks.2.spatiotemporal_attention.output_projection.bias	torch.Size([128])	cuda:0	True
2026-05-18 20:25:35,213 - INFO - module.noise_predictor.blocks.2.feed_forward.network.0.weight	torch.Size([256, 128])	cuda:0	True
2026-05-18 20:25:35,213 - INFO - module.noise_predictor.blocks.2.feed_forward.network.0.bias	torch.Size([256])	cuda:0	True
2026-05-18 20:25:35,213 - INFO - module.noise_predictor.blocks.2.feed_forward.network.3.weight	torch.Size([128, 256])	cuda:0	True
2026-05-18 20:25:35,213 - INFO - module.noise_predictor.blocks.2.feed_forward.network.3.bias	torch.Size([128])	cuda:0	True
2026-05-18 20:25:35,213 - INFO - module.noise_predictor.blocks.2.norm_temporal.weight	torch.Size([128])	cuda:0	True
2026-05-18 20:25:35,213 - INFO - module.noise_predictor.blocks.2.norm_temporal.bias	torch.Size([128])	cuda:0	True
2026-05-18 20:25:35,213 - INFO - module.noise_predictor.blocks.2.norm_graph.weight	torch.Size([128])	cuda:0	True
2026-05-18 20:25:35,213 - INFO - module.noise_predictor.blocks.2.norm_graph.bias	torch.Size([128])	cuda:0	True
2026-05-18 20:25:35,213 - INFO - module.noise_predictor.blocks.2.norm_cross.weight	torch.Size([128])	cuda:0	True
2026-05-18 20:25:35,213 - INFO - module.noise_predictor.blocks.2.norm_cross.bias	torch.Size([128])	cuda:0	True
2026-05-18 20:25:35,213 - INFO - module.noise_predictor.blocks.2.norm_spatiotemporal.weight	torch.Size([128])	cuda:0	True
2026-05-18 20:25:35,213 - INFO - module.noise_predictor.blocks.2.norm_spatiotemporal.bias	torch.Size([128])	cuda:0	True
2026-05-18 20:25:35,213 - INFO - module.noise_predictor.blocks.2.norm_ffn.weight	torch.Size([128])	cuda:0	True
2026-05-18 20:25:35,213 - INFO - module.noise_predictor.blocks.2.norm_ffn.bias	torch.Size([128])	cuda:0	True
2026-05-18 20:25:35,213 - INFO - module.noise_predictor.blocks.2.time_scale_shift.1.weight	torch.Size([256, 128])	cuda:0	True
2026-05-18 20:25:35,213 - INFO - module.noise_predictor.blocks.2.time_scale_shift.1.bias	torch.Size([256])	cuda:0	True
2026-05-18 20:25:35,213 - INFO - module.noise_predictor.blocks.3.temporal_attention.query_projection.weight	torch.Size([128, 128])	cuda:0	True
2026-05-18 20:25:35,213 - INFO - module.noise_predictor.blocks.3.temporal_attention.query_projection.bias	torch.Size([128])	cuda:0	True
2026-05-18 20:25:35,214 - INFO - module.noise_predictor.blocks.3.temporal_attention.key_projection.weight	torch.Size([128, 128])	cuda:0	True
2026-05-18 20:25:35,214 - INFO - module.noise_predictor.blocks.3.temporal_attention.key_projection.bias	torch.Size([128])	cuda:0	True
2026-05-18 20:25:35,214 - INFO - module.noise_predictor.blocks.3.temporal_attention.value_projection.weight	torch.Size([128, 128])	cuda:0	True
2026-05-18 20:25:35,214 - INFO - module.noise_predictor.blocks.3.temporal_attention.value_projection.bias	torch.Size([128])	cuda:0	True
2026-05-18 20:25:35,214 - INFO - module.noise_predictor.blocks.3.temporal_attention.output_projection.weight	torch.Size([128, 128])	cuda:0	True
2026-05-18 20:25:35,214 - INFO - module.noise_predictor.blocks.3.temporal_attention.output_projection.bias	torch.Size([128])	cuda:0	True
2026-05-18 20:25:35,214 - INFO - module.noise_predictor.blocks.3.graph_convolution.projections.0.weight	torch.Size([128, 128])	cuda:0	True
2026-05-18 20:25:35,214 - INFO - module.noise_predictor.blocks.3.graph_convolution.projections.0.bias	torch.Size([128])	cuda:0	True
2026-05-18 20:25:35,214 - INFO - module.noise_predictor.blocks.3.graph_convolution.projections.1.weight	torch.Size([128, 128])	cuda:0	True
2026-05-18 20:25:35,214 - INFO - module.noise_predictor.blocks.3.graph_convolution.projections.1.bias	torch.Size([128])	cuda:0	True
2026-05-18 20:25:35,214 - INFO - module.noise_predictor.blocks.3.graph_convolution.projections.2.weight	torch.Size([128, 128])	cuda:0	True
2026-05-18 20:25:35,214 - INFO - module.noise_predictor.blocks.3.graph_convolution.projections.2.bias	torch.Size([128])	cuda:0	True
2026-05-18 20:25:35,214 - INFO - module.noise_predictor.blocks.3.cross_attention.query_projection.weight	torch.Size([128, 128])	cuda:0	True
2026-05-18 20:25:35,214 - INFO - module.noise_predictor.blocks.3.cross_attention.query_projection.bias	torch.Size([128])	cuda:0	True
2026-05-18 20:25:35,214 - INFO - module.noise_predictor.blocks.3.cross_attention.key_projection.weight	torch.Size([128, 128])	cuda:0	True
2026-05-18 20:25:35,214 - INFO - module.noise_predictor.blocks.3.cross_attention.key_projection.bias	torch.Size([128])	cuda:0	True
2026-05-18 20:25:35,214 - INFO - module.noise_predictor.blocks.3.cross_attention.value_projection.weight	torch.Size([128, 128])	cuda:0	True
2026-05-18 20:25:35,214 - INFO - module.noise_predictor.blocks.3.cross_attention.value_projection.bias	torch.Size([128])	cuda:0	True
2026-05-18 20:25:35,214 - INFO - module.noise_predictor.blocks.3.cross_attention.output_projection.weight	torch.Size([128, 128])	cuda:0	True
2026-05-18 20:25:35,214 - INFO - module.noise_predictor.blocks.3.cross_attention.output_projection.bias	torch.Size([128])	cuda:0	True
2026-05-18 20:25:35,214 - INFO - module.noise_predictor.blocks.3.spatiotemporal_attention.query_projection.weight	torch.Size([128, 128])	cuda:0	True
2026-05-18 20:25:35,214 - INFO - module.noise_predictor.blocks.3.spatiotemporal_attention.query_projection.bias	torch.Size([128])	cuda:0	True
2026-05-18 20:25:35,214 - INFO - module.noise_predictor.blocks.3.spatiotemporal_attention.key_projection.weight	torch.Size([128, 128])	cuda:0	True
2026-05-18 20:25:35,214 - INFO - module.noise_predictor.blocks.3.spatiotemporal_attention.key_projection.bias	torch.Size([128])	cuda:0	True
2026-05-18 20:25:35,214 - INFO - module.noise_predictor.blocks.3.spatiotemporal_attention.value_projection.weight	torch.Size([128, 128])	cuda:0	True
2026-05-18 20:25:35,215 - INFO - module.noise_predictor.blocks.3.spatiotemporal_attention.value_projection.bias	torch.Size([128])	cuda:0	True
2026-05-18 20:25:35,215 - INFO - module.noise_predictor.blocks.3.spatiotemporal_attention.output_projection.weight	torch.Size([128, 128])	cuda:0	True
2026-05-18 20:25:35,215 - INFO - module.noise_predictor.blocks.3.spatiotemporal_attention.output_projection.bias	torch.Size([128])	cuda:0	True
2026-05-18 20:25:35,215 - INFO - module.noise_predictor.blocks.3.feed_forward.network.0.weight	torch.Size([256, 128])	cuda:0	True
2026-05-18 20:25:35,215 - INFO - module.noise_predictor.blocks.3.feed_forward.network.0.bias	torch.Size([256])	cuda:0	True
2026-05-18 20:25:35,215 - INFO - module.noise_predictor.blocks.3.feed_forward.network.3.weight	torch.Size([128, 256])	cuda:0	True
2026-05-18 20:25:35,215 - INFO - module.noise_predictor.blocks.3.feed_forward.network.3.bias	torch.Size([128])	cuda:0	True
2026-05-18 20:25:35,215 - INFO - module.noise_predictor.blocks.3.norm_temporal.weight	torch.Size([128])	cuda:0	True
2026-05-18 20:25:35,215 - INFO - module.noise_predictor.blocks.3.norm_temporal.bias	torch.Size([128])	cuda:0	True
2026-05-18 20:25:35,215 - INFO - module.noise_predictor.blocks.3.norm_graph.weight	torch.Size([128])	cuda:0	True
2026-05-18 20:25:35,215 - INFO - module.noise_predictor.blocks.3.norm_graph.bias	torch.Size([128])	cuda:0	True
2026-05-18 20:25:35,215 - INFO - module.noise_predictor.blocks.3.norm_cross.weight	torch.Size([128])	cuda:0	True
2026-05-18 20:25:35,215 - INFO - module.noise_predictor.blocks.3.norm_cross.bias	torch.Size([128])	cuda:0	True
2026-05-18 20:25:35,215 - INFO - module.noise_predictor.blocks.3.norm_spatiotemporal.weight	torch.Size([128])	cuda:0	True
2026-05-18 20:25:35,215 - INFO - module.noise_predictor.blocks.3.norm_spatiotemporal.bias	torch.Size([128])	cuda:0	True
2026-05-18 20:25:35,215 - INFO - module.noise_predictor.blocks.3.norm_ffn.weight	torch.Size([128])	cuda:0	True
2026-05-18 20:25:35,215 - INFO - module.noise_predictor.blocks.3.norm_ffn.bias	torch.Size([128])	cuda:0	True
2026-05-18 20:25:35,215 - INFO - module.noise_predictor.blocks.3.time_scale_shift.1.weight	torch.Size([256, 128])	cuda:0	True
2026-05-18 20:25:35,215 - INFO - module.noise_predictor.blocks.3.time_scale_shift.1.bias	torch.Size([256])	cuda:0	True
2026-05-18 20:25:35,215 - INFO - module.noise_predictor.final_norm.weight	torch.Size([128])	cuda:0	True
2026-05-18 20:25:35,215 - INFO - module.noise_predictor.final_norm.bias	torch.Size([128])	cuda:0	True
2026-05-18 20:25:35,215 - INFO - module.noise_predictor.output_projection.weight	torch.Size([3, 128])	cuda:0	True
2026-05-18 20:25:35,215 - INFO - module.noise_predictor.output_projection.bias	torch.Size([3])	cuda:0	True
2026-05-18 20:25:35,215 - INFO - module.noise_predictor.adaptive_graph_learner.node_embeddings	torch.Size([307, 32])	cuda:0	True
2026-05-18 20:25:35,215 - INFO - module.noise_predictor.adaptive_graph_learner.blend_logit	torch.Size([])	cuda:0	True
2026-05-18 20:25:35,216 - INFO - module.noise_predictor.adaptive_graph_learner.fuzzy_centers	torch.Size([3])	cuda:0	True
2026-05-18 20:25:35,216 - INFO - module.noise_predictor.adaptive_graph_learner.fuzzy_log_sigmas	torch.Size([3])	cuda:0	True
2026-05-18 20:25:35,216 - INFO - module.noise_predictor.adaptive_graph_learner.fuzzy_rule_logits	torch.Size([3])	cuda:0	True
2026-05-18 20:25:35,216 - INFO - module.noise_predictor.adaptive_graph_learner.feature_projection.weight	torch.Size([32, 128])	cuda:0	True
2026-05-18 20:25:35,216 - INFO - module.noise_predictor.adaptive_graph_learner.feature_projection.bias	torch.Size([32])	cuda:0	True
2026-05-18 20:25:35,216 - INFO - module.noise_predictor.adaptive_graph_learner.time_projection.weight	torch.Size([32, 128])	cuda:0	True
2026-05-18 20:25:35,216 - INFO - module.noise_predictor.adaptive_graph_learner.time_projection.bias	torch.Size([32])	cuda:0	True
2026-05-18 20:25:35,217 - INFO - Total parameter numbers: 1845178
2026-05-18 20:25:35,217 - INFO - Enable AMP training (dtype=float16).
2026-05-18 20:25:35,217 - INFO - You select `adamw` optimizer.
2026-05-18 20:25:35,218 - INFO - You select `reducelronplateau` lr_scheduler.
2026-05-18 20:25:35,219 - WARNING - Received none train loss func and will use the loss func defined in the model.
2026-05-18 20:25:35,219 - INFO - Start training ...
2026-05-18 20:25:35,219 - INFO - num_batches:160
2026-05-18 20:25:35,573 - INFO - Enable physics warmup: steps=3000 start_ratio=0.200 mode=linear.
2026-05-18 20:25:35,633 - INFO - Enable physics warmup: steps=3000 start_ratio=0.200 mode=linear.
2026-05-18 20:26:14,695 - INFO - epoch complete!
2026-05-18 20:26:14,695 - INFO - evaluating now!
2026-05-18 20:26:14,701 - INFO - epoch complete!
2026-05-18 20:26:14,702 - INFO - evaluating now!
2026-05-18 20:26:18,583 - INFO - Epoch [0/100] train_loss: 2.9107, val_loss: 1.3772, lr: 0.000300, 43.36s
2026-05-18 20:26:18,584 - INFO - Epoch [0/100] train_loss: 2.9212, val_loss: 1.3772, lr: 0.000300, 43.39s
2026-05-18 20:26:19,063 - INFO - Saved model at 0
2026-05-18 20:26:19,063 - INFO - Val loss decrease from inf to 1.3772, saving to /home/lizhuoxuan/lzq/Bigscity-LibCity-master/outputs/20260518_202523__traffic_state_pred__new_diffusion_fuzzy_2__PEMSD4/model_cache/new_diffusion_fuzzy_2_PEMSD4_epoch0.tar
2026-05-18 20:26:19,083 - INFO - Saved model at 0
2026-05-18 20:26:19,084 - INFO - Val loss decrease from inf to 1.3772, saving to /home/lizhuoxuan/lzq/Bigscity-LibCity-master/outputs/20260518_202523__traffic_state_pred__new_diffusion_fuzzy_2__PEMSD4/model_cache/new_diffusion_fuzzy_2_PEMSD4_epoch0.tar
2026-05-18 20:26:58,163 - INFO - epoch complete!
2026-05-18 20:26:58,164 - INFO - evaluating now!
2026-05-18 20:26:58,170 - INFO - epoch complete!
2026-05-18 20:26:58,170 - INFO - evaluating now!
2026-05-18 20:27:01,920 - INFO - Epoch [1/100] train_loss: 1.3906, val_loss: 1.2503, lr: 0.000300, 42.84s
2026-05-18 20:27:01,920 - INFO - Epoch [1/100] train_loss: 1.3792, val_loss: 1.2503, lr: 0.000300, 42.86s
2026-05-18 20:27:02,075 - INFO - Saved model at 1
2026-05-18 20:27:02,075 - INFO - Saved model at 1
2026-05-18 20:27:02,075 - INFO - Val loss decrease from 1.3772 to 1.2503, saving to /home/lizhuoxuan/lzq/Bigscity-LibCity-master/outputs/20260518_202523__traffic_state_pred__new_diffusion_fuzzy_2__PEMSD4/model_cache/new_diffusion_fuzzy_2_PEMSD4_epoch1.tar
2026-05-18 20:27:02,075 - INFO - Val loss decrease from 1.3772 to 1.2503, saving to /home/lizhuoxuan/lzq/Bigscity-LibCity-master/outputs/20260518_202523__traffic_state_pred__new_diffusion_fuzzy_2__PEMSD4/model_cache/new_diffusion_fuzzy_2_PEMSD4_epoch1.tar
2026-05-18 20:27:40,431 - INFO - epoch complete!
2026-05-18 20:27:40,431 - INFO - evaluating now!
2026-05-18 20:27:40,435 - INFO - epoch complete!
2026-05-18 20:27:40,435 - INFO - evaluating now!
2026-05-18 20:27:44,178 - INFO - Epoch [2/100] train_loss: 1.2277, val_loss: 1.2296, lr: 0.000300, 42.10s
2026-05-18 20:27:44,178 - INFO - Epoch [2/100] train_loss: 1.2276, val_loss: 1.2296, lr: 0.000300, 42.10s
2026-05-18 20:27:44,392 - INFO - Saved model at 2
2026-05-18 20:27:44,393 - INFO - Val loss decrease from 1.2503 to 1.2296, saving to /home/lizhuoxuan/lzq/Bigscity-LibCity-master/outputs/20260518_202523__traffic_state_pred__new_diffusion_fuzzy_2__PEMSD4/model_cache/new_diffusion_fuzzy_2_PEMSD4_epoch2.tar
2026-05-18 20:27:44,394 - INFO - Saved model at 2
2026-05-18 20:27:44,394 - INFO - Val loss decrease from 1.2503 to 1.2296, saving to /home/lizhuoxuan/lzq/Bigscity-LibCity-master/outputs/20260518_202523__traffic_state_pred__new_diffusion_fuzzy_2__PEMSD4/model_cache/new_diffusion_fuzzy_2_PEMSD4_epoch2.tar
2026-05-18 20:28:23,316 - INFO - epoch complete!
2026-05-18 20:28:23,317 - INFO - evaluating now!
2026-05-18 20:28:23,322 - INFO - epoch complete!
2026-05-18 20:28:23,326 - INFO - evaluating now!
2026-05-18 20:28:27,196 - INFO - Epoch [3/100] train_loss: 1.1430, val_loss: 1.1265, lr: 0.000300, 42.80s
2026-05-18 20:28:27,196 - INFO - Epoch [3/100] train_loss: 1.1447, val_loss: 1.1265, lr: 0.000300, 42.80s
2026-05-18 20:28:27,595 - INFO - Saved model at 3
2026-05-18 20:28:27,595 - INFO - Saved model at 3
2026-05-18 20:28:27,596 - INFO - Val loss decrease from 1.2296 to 1.1265, saving to /home/lizhuoxuan/lzq/Bigscity-LibCity-master/outputs/20260518_202523__traffic_state_pred__new_diffusion_fuzzy_2__PEMSD4/model_cache/new_diffusion_fuzzy_2_PEMSD4_epoch3.tar
2026-05-18 20:28:27,596 - INFO - Val loss decrease from 1.2296 to 1.1265, saving to /home/lizhuoxuan/lzq/Bigscity-LibCity-master/outputs/20260518_202523__traffic_state_pred__new_diffusion_fuzzy_2__PEMSD4/model_cache/new_diffusion_fuzzy_2_PEMSD4_epoch3.tar
2026-05-18 20:29:06,364 - INFO - epoch complete!
2026-05-18 20:29:06,364 - INFO - evaluating now!
2026-05-18 20:29:06,370 - INFO - epoch complete!
2026-05-18 20:29:06,370 - INFO - evaluating now!
2026-05-18 20:29:10,089 - INFO - Epoch [4/100] train_loss: 1.1319, val_loss: 1.0854, lr: 0.000300, 42.49s
2026-05-18 20:29:10,089 - INFO - Epoch [4/100] train_loss: 1.1365, val_loss: 1.0854, lr: 0.000300, 42.49s
2026-05-18 20:29:10,193 - INFO - Saved model at 4
2026-05-18 20:29:10,193 - INFO - Saved model at 4
2026-05-18 20:29:10,194 - INFO - Val loss decrease from 1.1265 to 1.0854, saving to /home/lizhuoxuan/lzq/Bigscity-LibCity-master/outputs/20260518_202523__traffic_state_pred__new_diffusion_fuzzy_2__PEMSD4/model_cache/new_diffusion_fuzzy_2_PEMSD4_epoch4.tar
2026-05-18 20:29:10,194 - INFO - Val loss decrease from 1.1265 to 1.0854, saving to /home/lizhuoxuan/lzq/Bigscity-LibCity-master/outputs/20260518_202523__traffic_state_pred__new_diffusion_fuzzy_2__PEMSD4/model_cache/new_diffusion_fuzzy_2_PEMSD4_epoch4.tar
2026-05-18 20:29:48,450 - INFO - epoch complete!
2026-05-18 20:29:48,450 - INFO - evaluating now!
2026-05-18 20:29:48,456 - INFO - epoch complete!
2026-05-18 20:29:48,457 - INFO - evaluating now!
2026-05-18 20:29:52,213 - INFO - Epoch [5/100] train_loss: 1.0999, val_loss: 1.0533, lr: 0.000300, 42.02s
2026-05-18 20:29:52,213 - INFO - Epoch [5/100] train_loss: 1.1016, val_loss: 1.0533, lr: 0.000300, 42.02s
2026-05-18 20:29:52,596 - INFO - Saved model at 5
2026-05-18 20:29:52,596 - INFO - Saved model at 5
2026-05-18 20:29:52,596 - INFO - Val loss decrease from 1.0854 to 1.0533, saving to /home/lizhuoxuan/lzq/Bigscity-LibCity-master/outputs/20260518_202523__traffic_state_pred__new_diffusion_fuzzy_2__PEMSD4/model_cache/new_diffusion_fuzzy_2_PEMSD4_epoch5.tar
2026-05-18 20:29:52,597 - INFO - Val loss decrease from 1.0854 to 1.0533, saving to /home/lizhuoxuan/lzq/Bigscity-LibCity-master/outputs/20260518_202523__traffic_state_pred__new_diffusion_fuzzy_2__PEMSD4/model_cache/new_diffusion_fuzzy_2_PEMSD4_epoch5.tar
2026-05-18 20:30:31,836 - INFO - epoch complete!
2026-05-18 20:30:31,836 - INFO - evaluating now!
2026-05-18 20:30:31,842 - INFO - epoch complete!
2026-05-18 20:30:31,842 - INFO - evaluating now!
2026-05-18 20:30:35,700 - INFO - Epoch [6/100] train_loss: 1.0866, val_loss: 1.0390, lr: 0.000300, 43.10s
2026-05-18 20:30:35,700 - INFO - Epoch [6/100] train_loss: 1.0886, val_loss: 1.0390, lr: 0.000300, 43.10s
2026-05-18 20:30:35,907 - INFO - Saved model at 6
2026-05-18 20:30:35,907 - INFO - Saved model at 6
2026-05-18 20:30:35,908 - INFO - Val loss decrease from 1.0533 to 1.0390, saving to /home/lizhuoxuan/lzq/Bigscity-LibCity-master/outputs/20260518_202523__traffic_state_pred__new_diffusion_fuzzy_2__PEMSD4/model_cache/new_diffusion_fuzzy_2_PEMSD4_epoch6.tar
2026-05-18 20:30:35,908 - INFO - Val loss decrease from 1.0533 to 1.0390, saving to /home/lizhuoxuan/lzq/Bigscity-LibCity-master/outputs/20260518_202523__traffic_state_pred__new_diffusion_fuzzy_2__PEMSD4/model_cache/new_diffusion_fuzzy_2_PEMSD4_epoch6.tar
2026-05-18 20:31:14,690 - INFO - epoch complete!
2026-05-18 20:31:14,690 - INFO - evaluating now!
2026-05-18 20:31:14,696 - INFO - epoch complete!
2026-05-18 20:31:14,697 - INFO - evaluating now!
2026-05-18 20:31:18,441 - INFO - Epoch [7/100] train_loss: 1.0635, val_loss: 1.0659, lr: 0.000300, 42.53s
2026-05-18 20:31:18,441 - INFO - Epoch [7/100] train_loss: 1.0615, val_loss: 1.0659, lr: 0.000300, 42.53s
2026-05-18 20:31:56,902 - INFO - epoch complete!
2026-05-18 20:31:56,902 - INFO - evaluating now!
2026-05-18 20:31:56,907 - INFO - epoch complete!
2026-05-18 20:31:56,908 - INFO - evaluating now!
2026-05-18 20:32:00,686 - INFO - Epoch [8/100] train_loss: 1.0347, val_loss: 1.0824, lr: 0.000300, 42.24s
2026-05-18 20:32:00,686 - INFO - Epoch [8/100] train_loss: 1.0441, val_loss: 1.0824, lr: 0.000300, 42.24s
2026-05-18 20:32:40,220 - INFO - epoch complete!
2026-05-18 20:32:40,220 - INFO - evaluating now!
2026-05-18 20:32:40,226 - INFO - epoch complete!
2026-05-18 20:32:40,255 - INFO - evaluating now!
2026-05-18 20:32:44,109 - INFO - Epoch [9/100] train_loss: 1.0755, val_loss: 1.0629, lr: 0.000300, 43.42s
2026-05-18 20:32:44,109 - INFO - Epoch [9/100] train_loss: 1.0648, val_loss: 1.0629, lr: 0.000300, 43.42s
2026-05-18 20:33:22,591 - INFO - epoch complete!
2026-05-18 20:33:22,591 - INFO - evaluating now!
2026-05-18 20:33:22,597 - INFO - epoch complete!
2026-05-18 20:33:22,597 - INFO - evaluating now!
2026-05-18 20:33:26,369 - INFO - Epoch [10/100] train_loss: 1.0297, val_loss: 1.0001, lr: 0.000300, 42.26s
2026-05-18 20:33:26,369 - INFO - Epoch [10/100] train_loss: 1.0171, val_loss: 1.0001, lr: 0.000300, 42.26s
2026-05-18 20:33:26,757 - INFO - Saved model at 10
2026-05-18 20:33:26,757 - INFO - Val loss decrease from 1.0390 to 1.0001, saving to /home/lizhuoxuan/lzq/Bigscity-LibCity-master/outputs/20260518_202523__traffic_state_pred__new_diffusion_fuzzy_2__PEMSD4/model_cache/new_diffusion_fuzzy_2_PEMSD4_epoch10.tar
2026-05-18 20:33:26,794 - INFO - Saved model at 10
2026-05-18 20:33:26,795 - INFO - Val loss decrease from 1.0390 to 1.0001, saving to /home/lizhuoxuan/lzq/Bigscity-LibCity-master/outputs/20260518_202523__traffic_state_pred__new_diffusion_fuzzy_2__PEMSD4/model_cache/new_diffusion_fuzzy_2_PEMSD4_epoch10.tar
2026-05-18 20:34:05,291 - INFO - epoch complete!
2026-05-18 20:34:05,291 - INFO - evaluating now!
2026-05-18 20:34:05,298 - INFO - epoch complete!
2026-05-18 20:34:05,298 - INFO - evaluating now!
2026-05-18 20:34:09,161 - INFO - Epoch [11/100] train_loss: 1.0057, val_loss: 1.0068, lr: 0.000300, 42.37s
2026-05-18 20:34:09,161 - INFO - Epoch [11/100] train_loss: 1.0038, val_loss: 1.0068, lr: 0.000300, 42.40s
2026-05-18 20:34:48,613 - INFO - epoch complete!
2026-05-18 20:34:48,613 - INFO - evaluating now!
2026-05-18 20:34:48,619 - INFO - epoch complete!
2026-05-18 20:34:48,619 - INFO - evaluating now!
2026-05-18 20:34:52,393 - INFO - Epoch [12/100] train_loss: 1.0283, val_loss: 1.0001, lr: 0.000300, 43.23s
2026-05-18 20:34:52,393 - INFO - Epoch [12/100] train_loss: 1.0256, val_loss: 1.0001, lr: 0.000300, 43.23s
2026-05-18 20:35:30,871 - INFO - epoch complete!
2026-05-18 20:35:30,872 - INFO - evaluating now!
2026-05-18 20:35:30,877 - INFO - epoch complete!
2026-05-18 20:35:30,877 - INFO - evaluating now!
2026-05-18 20:35:34,653 - INFO - Epoch [13/100] train_loss: 0.9963, val_loss: 0.9807, lr: 0.000300, 42.26s
2026-05-18 20:35:34,653 - INFO - Epoch [13/100] train_loss: 0.9887, val_loss: 0.9807, lr: 0.000300, 42.23s
2026-05-18 20:35:35,023 - INFO - Saved model at 13
2026-05-18 20:35:35,024 - INFO - Val loss decrease from 1.0001 to 0.9807, saving to /home/lizhuoxuan/lzq/Bigscity-LibCity-master/outputs/20260518_202523__traffic_state_pred__new_diffusion_fuzzy_2__PEMSD4/model_cache/new_diffusion_fuzzy_2_PEMSD4_epoch13.tar
2026-05-18 20:35:35,035 - INFO - Saved model at 13
2026-05-18 20:35:35,035 - INFO - Val loss decrease from 1.0001 to 0.9807, saving to /home/lizhuoxuan/lzq/Bigscity-LibCity-master/outputs/20260518_202523__traffic_state_pred__new_diffusion_fuzzy_2__PEMSD4/model_cache/new_diffusion_fuzzy_2_PEMSD4_epoch13.tar
2026-05-18 20:36:13,958 - INFO - epoch complete!
2026-05-18 20:36:13,958 - INFO - evaluating now!
2026-05-18 20:36:13,962 - INFO - epoch complete!
2026-05-18 20:36:13,963 - INFO - evaluating now!
2026-05-18 20:36:17,838 - INFO - Epoch [14/100] train_loss: 1.0061, val_loss: 1.0771, lr: 0.000300, 42.80s
2026-05-18 20:36:17,838 - INFO - Epoch [14/100] train_loss: 1.0164, val_loss: 1.0771, lr: 0.000300, 42.81s
2026-05-18 20:36:57,034 - INFO - epoch complete!
2026-05-18 20:36:57,034 - INFO - evaluating now!
2026-05-18 20:36:57,040 - INFO - epoch complete!
2026-05-18 20:36:57,040 - INFO - evaluating now!
2026-05-18 20:37:00,809 - INFO - Epoch [15/100] train_loss: 1.0061, val_loss: 1.0220, lr: 0.000300, 42.97s
2026-05-18 20:37:00,809 - INFO - Epoch [15/100] train_loss: 0.9951, val_loss: 1.0220, lr: 0.000300, 42.97s
2026-05-18 20:37:39,297 - INFO - epoch complete!
2026-05-18 20:37:39,297 - INFO - evaluating now!
2026-05-18 20:37:39,303 - INFO - epoch complete!
2026-05-18 20:37:39,324 - INFO - evaluating now!
2026-05-18 20:37:43,073 - INFO - Epoch [16/100] train_loss: 1.0013, val_loss: 0.9716, lr: 0.000300, 42.26s
2026-05-18 20:37:43,073 - INFO - Epoch [16/100] train_loss: 1.0036, val_loss: 0.9716, lr: 0.000300, 42.26s
2026-05-18 20:37:43,439 - INFO - Saved model at 16
2026-05-18 20:37:43,439 - INFO - Val loss decrease from 0.9807 to 0.9716, saving to /home/lizhuoxuan/lzq/Bigscity-LibCity-master/outputs/20260518_202523__traffic_state_pred__new_diffusion_fuzzy_2__PEMSD4/model_cache/new_diffusion_fuzzy_2_PEMSD4_epoch16.tar
2026-05-18 20:37:43,459 - INFO - Saved model at 16
2026-05-18 20:37:43,460 - INFO - Val loss decrease from 0.9807 to 0.9716, saving to /home/lizhuoxuan/lzq/Bigscity-LibCity-master/outputs/20260518_202523__traffic_state_pred__new_diffusion_fuzzy_2__PEMSD4/model_cache/new_diffusion_fuzzy_2_PEMSD4_epoch16.tar
2026-05-18 20:38:22,658 - INFO - epoch complete!
2026-05-18 20:38:22,658 - INFO - evaluating now!
2026-05-18 20:38:22,663 - INFO - epoch complete!
2026-05-18 20:38:22,664 - INFO - evaluating now!
2026-05-18 20:38:26,529 - INFO - Epoch [17/100] train_loss: 0.9509, val_loss: 1.0165, lr: 0.000300, 43.07s
2026-05-18 20:38:26,530 - INFO - Epoch [17/100] train_loss: 0.9370, val_loss: 1.0165, lr: 0.000300, 43.09s
2026-05-18 20:38:55,691 - INFO - Physics warmup reached full weight at step=3000.
2026-05-18 20:38:55,692 - INFO - Physics warmup reached full weight at step=3000.
2026-05-18 20:39:05,393 - INFO - epoch complete!
2026-05-18 20:39:05,394 - INFO - evaluating now!
2026-05-18 20:39:05,398 - INFO - epoch complete!
2026-05-18 20:39:05,399 - INFO - evaluating now!
2026-05-18 20:39:09,162 - INFO - Epoch [18/100] train_loss: 0.9820, val_loss: 0.9973, lr: 0.000300, 42.63s
2026-05-18 20:39:09,163 - INFO - Epoch [18/100] train_loss: 0.9741, val_loss: 0.9973, lr: 0.000300, 42.63s
2026-05-18 20:39:47,642 - INFO - epoch complete!
2026-05-18 20:39:47,642 - INFO - evaluating now!
2026-05-18 20:39:47,647 - INFO - epoch complete!
2026-05-18 20:39:47,647 - INFO - evaluating now!
2026-05-18 20:39:51,421 - INFO - Epoch [19/100] train_loss: 0.9564, val_loss: 0.9762, lr: 0.000300, 42.26s
2026-05-18 20:39:51,421 - INFO - Epoch [19/100] train_loss: 0.9531, val_loss: 0.9762, lr: 0.000300, 42.26s
2026-05-18 20:40:29,571 - INFO - epoch complete!
2026-05-18 20:40:29,571 - INFO - evaluating now!
2026-05-18 20:40:29,576 - INFO - epoch complete!
2026-05-18 20:40:29,577 - INFO - evaluating now!
2026-05-18 20:40:33,461 - INFO - Epoch [20/100] train_loss: 0.9882, val_loss: 0.9680, lr: 0.000300, 42.04s
2026-05-18 20:40:33,460 - INFO - Epoch [20/100] train_loss: 0.9924, val_loss: 0.9680, lr: 0.000300, 42.04s
2026-05-18 20:40:33,879 - INFO - Saved model at 20
2026-05-18 20:40:33,879 - INFO - Val loss decrease from 0.9716 to 0.9680, saving to /home/lizhuoxuan/lzq/Bigscity-LibCity-master/outputs/20260518_202523__traffic_state_pred__new_diffusion_fuzzy_2__PEMSD4/model_cache/new_diffusion_fuzzy_2_PEMSD4_epoch20.tar
2026-05-18 20:40:33,883 - INFO - Saved model at 20
2026-05-18 20:40:33,883 - INFO - Val loss decrease from 0.9716 to 0.9680, saving to /home/lizhuoxuan/lzq/Bigscity-LibCity-master/outputs/20260518_202523__traffic_state_pred__new_diffusion_fuzzy_2__PEMSD4/model_cache/new_diffusion_fuzzy_2_PEMSD4_epoch20.tar
2026-05-18 20:41:12,377 - INFO - epoch complete!
2026-05-18 20:41:12,378 - INFO - evaluating now!
2026-05-18 20:41:12,383 - INFO - epoch complete!
2026-05-18 20:41:12,383 - INFO - evaluating now!
2026-05-18 20:41:16,140 - INFO - Epoch [21/100] train_loss: 0.9767, val_loss: 0.9443, lr: 0.000300, 42.26s
2026-05-18 20:41:16,140 - INFO - Epoch [21/100] train_loss: 0.9740, val_loss: 0.9443, lr: 0.000300, 42.26s
2026-05-18 20:41:16,305 - INFO - Saved model at 21
2026-05-18 20:41:16,305 - INFO - Val loss decrease from 0.9680 to 0.9443, saving to /home/lizhuoxuan/lzq/Bigscity-LibCity-master/outputs/20260518_202523__traffic_state_pred__new_diffusion_fuzzy_2__PEMSD4/model_cache/new_diffusion_fuzzy_2_PEMSD4_epoch21.tar
2026-05-18 20:41:16,305 - INFO - Saved model at 21
2026-05-18 20:41:16,306 - INFO - Val loss decrease from 0.9680 to 0.9443, saving to /home/lizhuoxuan/lzq/Bigscity-LibCity-master/outputs/20260518_202523__traffic_state_pred__new_diffusion_fuzzy_2__PEMSD4/model_cache/new_diffusion_fuzzy_2_PEMSD4_epoch21.tar
2026-05-18 20:41:55,006 - INFO - epoch complete!
2026-05-18 20:41:55,007 - INFO - evaluating now!
2026-05-18 20:41:55,011 - INFO - epoch complete!
2026-05-18 20:41:55,011 - INFO - evaluating now!
2026-05-18 20:41:58,886 - INFO - Epoch [22/100] train_loss: 0.9407, val_loss: 0.9268, lr: 0.000300, 42.58s
2026-05-18 20:41:58,886 - INFO - Epoch [22/100] train_loss: 0.9519, val_loss: 0.9268, lr: 0.000300, 42.58s
2026-05-18 20:41:59,046 - INFO - Saved model at 22
2026-05-18 20:41:59,046 - INFO - Saved model at 22
2026-05-18 20:41:59,046 - INFO - Val loss decrease from 0.9443 to 0.9268, saving to /home/lizhuoxuan/lzq/Bigscity-LibCity-master/outputs/20260518_202523__traffic_state_pred__new_diffusion_fuzzy_2__PEMSD4/model_cache/new_diffusion_fuzzy_2_PEMSD4_epoch22.tar
2026-05-18 20:41:59,046 - INFO - Val loss decrease from 0.9443 to 0.9268, saving to /home/lizhuoxuan/lzq/Bigscity-LibCity-master/outputs/20260518_202523__traffic_state_pred__new_diffusion_fuzzy_2__PEMSD4/model_cache/new_diffusion_fuzzy_2_PEMSD4_epoch22.tar
2026-05-18 20:42:38,356 - INFO - epoch complete!
2026-05-18 20:42:38,356 - INFO - evaluating now!
2026-05-18 20:42:38,362 - INFO - epoch complete!
2026-05-18 20:42:38,362 - INFO - evaluating now!
2026-05-18 20:42:42,109 - INFO - Epoch [23/100] train_loss: 0.9713, val_loss: 0.9895, lr: 0.000300, 43.06s
2026-05-18 20:42:42,109 - INFO - Epoch [23/100] train_loss: 0.9738, val_loss: 0.9895, lr: 0.000300, 43.06s
2026-05-18 20:43:20,528 - INFO - epoch complete!
2026-05-18 20:43:20,528 - INFO - evaluating now!
2026-05-18 20:43:20,532 - INFO - epoch complete!
2026-05-18 20:43:20,532 - INFO - evaluating now!
2026-05-18 20:43:24,301 - INFO - Epoch [24/100] train_loss: 0.9300, val_loss: 0.9231, lr: 0.000300, 42.19s
2026-05-18 20:43:24,301 - INFO - Epoch [24/100] train_loss: 0.9266, val_loss: 0.9231, lr: 0.000300, 42.19s
2026-05-18 20:43:24,656 - INFO - Saved model at 24
2026-05-18 20:43:24,657 - INFO - Val loss decrease from 0.9268 to 0.9231, saving to /home/lizhuoxuan/lzq/Bigscity-LibCity-master/outputs/20260518_202523__traffic_state_pred__new_diffusion_fuzzy_2__PEMSD4/model_cache/new_diffusion_fuzzy_2_PEMSD4_epoch24.tar
2026-05-18 20:43:24,663 - INFO - Saved model at 24
2026-05-18 20:43:24,664 - INFO - Val loss decrease from 0.9268 to 0.9231, saving to /home/lizhuoxuan/lzq/Bigscity-LibCity-master/outputs/20260518_202523__traffic_state_pred__new_diffusion_fuzzy_2__PEMSD4/model_cache/new_diffusion_fuzzy_2_PEMSD4_epoch24.tar
2026-05-18 20:44:03,607 - INFO - epoch complete!
2026-05-18 20:44:03,608 - INFO - evaluating now!
2026-05-18 20:44:03,613 - INFO - epoch complete!
2026-05-18 20:44:03,613 - INFO - evaluating now!
2026-05-18 20:44:07,473 - INFO - Epoch [25/100] train_loss: 0.9453, val_loss: 0.9645, lr: 0.000300, 42.81s
2026-05-18 20:44:07,473 - INFO - Epoch [25/100] train_loss: 0.9458, val_loss: 0.9645, lr: 0.000300, 42.82s
2026-05-18 20:44:46,593 - INFO - epoch complete!
2026-05-18 20:44:46,593 - INFO - evaluating now!
2026-05-18 20:44:46,598 - INFO - epoch complete!
2026-05-18 20:44:46,598 - INFO - evaluating now!
2026-05-18 20:44:50,351 - INFO - Epoch [26/100] train_loss: 0.9616, val_loss: 0.9546, lr: 0.000300, 42.88s
2026-05-18 20:44:50,351 - INFO - Epoch [26/100] train_loss: 0.9568, val_loss: 0.9546, lr: 0.000300, 42.88s
2026-05-18 20:45:28,851 - INFO - epoch complete!
2026-05-18 20:45:28,851 - INFO - evaluating now!
2026-05-18 20:45:28,856 - INFO - epoch complete!
2026-05-18 20:45:28,856 - INFO - evaluating now!
2026-05-18 20:45:32,608 - INFO - Epoch [27/100] train_loss: 0.9470, val_loss: 0.9398, lr: 0.000300, 42.26s
2026-05-18 20:45:32,608 - INFO - Epoch [27/100] train_loss: 0.9460, val_loss: 0.9398, lr: 0.000300, 42.26s
2026-05-18 20:46:11,874 - INFO - epoch complete!
2026-05-18 20:46:11,874 - INFO - evaluating now!
2026-05-18 20:46:11,880 - INFO - epoch complete!
2026-05-18 20:46:11,880 - INFO - evaluating now!
2026-05-18 20:46:15,746 - INFO - Epoch [28/100] train_loss: 0.9398, val_loss: 0.9480, lr: 0.000300, 43.14s
2026-05-18 20:46:15,746 - INFO - Epoch [28/100] train_loss: 0.9447, val_loss: 0.9480, lr: 0.000300, 43.14s
2026-05-18 20:46:54,534 - INFO - epoch complete!
2026-05-18 20:46:54,534 - INFO - evaluating now!
2026-05-18 20:46:54,539 - INFO - epoch complete!
2026-05-18 20:46:54,539 - INFO - evaluating now!
2026-05-18 20:46:58,292 - INFO - Epoch [29/100] train_loss: 0.9492, val_loss: 0.9973, lr: 0.000300, 42.55s
2026-05-18 20:46:58,292 - INFO - Epoch [29/100] train_loss: 0.9421, val_loss: 0.9973, lr: 0.000300, 42.55s
2026-05-18 20:47:36,758 - INFO - epoch complete!
2026-05-18 20:47:36,759 - INFO - evaluating now!
2026-05-18 20:47:36,764 - INFO - epoch complete!
2026-05-18 20:47:36,765 - INFO - evaluating now!
2026-05-18 20:47:40,499 - INFO - Epoch [30/100] train_loss: 0.9525, val_loss: 0.9396, lr: 0.000150, 42.21s
2026-05-18 20:47:40,499 - INFO - Epoch [30/100] train_loss: 0.9494, val_loss: 0.9396, lr: 0.000150, 42.21s
2026-05-18 20:48:19,966 - INFO - epoch complete!
2026-05-18 20:48:19,967 - INFO - evaluating now!
2026-05-18 20:48:19,973 - INFO - epoch complete!
2026-05-18 20:48:19,973 - INFO - evaluating now!
2026-05-18 20:48:23,843 - INFO - Epoch [31/100] train_loss: 0.9457, val_loss: 0.8987, lr: 0.000150, 43.34s
2026-05-18 20:48:23,843 - INFO - Epoch [31/100] train_loss: 0.9252, val_loss: 0.8987, lr: 0.000150, 43.34s
2026-05-18 20:48:24,227 - INFO - Saved model at 31
2026-05-18 20:48:24,227 - INFO - Saved model at 31
2026-05-18 20:48:24,227 - INFO - Val loss decrease from 0.9231 to 0.8987, saving to /home/lizhuoxuan/lzq/Bigscity-LibCity-master/outputs/20260518_202523__traffic_state_pred__new_diffusion_fuzzy_2__PEMSD4/model_cache/new_diffusion_fuzzy_2_PEMSD4_epoch31.tar
2026-05-18 20:48:24,228 - INFO - Val loss decrease from 0.9231 to 0.8987, saving to /home/lizhuoxuan/lzq/Bigscity-LibCity-master/outputs/20260518_202523__traffic_state_pred__new_diffusion_fuzzy_2__PEMSD4/model_cache/new_diffusion_fuzzy_2_PEMSD4_epoch31.tar
2026-05-18 20:49:02,732 - INFO - epoch complete!
2026-05-18 20:49:02,732 - INFO - evaluating now!
2026-05-18 20:49:02,737 - INFO - epoch complete!
2026-05-18 20:49:02,738 - INFO - evaluating now!
2026-05-18 20:49:06,497 - INFO - Epoch [32/100] train_loss: 0.9048, val_loss: 0.9304, lr: 0.000150, 42.27s
2026-05-18 20:49:06,497 - INFO - Epoch [32/100] train_loss: 0.9170, val_loss: 0.9304, lr: 0.000150, 42.27s
2026-05-18 20:49:45,124 - INFO - epoch complete!
2026-05-18 20:49:45,124 - INFO - evaluating now!
2026-05-18 20:49:45,128 - INFO - epoch complete!
2026-05-18 20:49:45,128 - INFO - evaluating now!
2026-05-18 20:49:49,003 - INFO - Epoch [33/100] train_loss: 0.9369, val_loss: 0.9383, lr: 0.000150, 42.51s
2026-05-18 20:49:49,003 - INFO - Epoch [33/100] train_loss: 0.9338, val_loss: 0.9383, lr: 0.000150, 42.51s
2026-05-18 20:50:28,449 - INFO - epoch complete!
2026-05-18 20:50:28,449 - INFO - evaluating now!
2026-05-18 20:50:28,454 - INFO - epoch complete!
2026-05-18 20:50:28,455 - INFO - evaluating now!
2026-05-18 20:50:32,225 - INFO - Epoch [34/100] train_loss: 0.9201, val_loss: 0.9163, lr: 0.000150, 43.22s
2026-05-18 20:50:32,225 - INFO - Epoch [34/100] train_loss: 0.9308, val_loss: 0.9163, lr: 0.000150, 43.22s
2026-05-18 20:51:10,729 - INFO - epoch complete!
2026-05-18 20:51:10,729 - INFO - evaluating now!
2026-05-18 20:51:10,735 - INFO - epoch complete!
2026-05-18 20:51:10,735 - INFO - evaluating now!
2026-05-18 20:51:14,510 - INFO - Epoch [35/100] train_loss: 0.9149, val_loss: 0.9324, lr: 0.000150, 42.29s
2026-05-18 20:51:14,510 - INFO - Epoch [35/100] train_loss: 0.9062, val_loss: 0.9324, lr: 0.000150, 42.28s
2026-05-18 20:51:53,472 - INFO - epoch complete!
2026-05-18 20:51:53,473 - INFO - evaluating now!
2026-05-18 20:51:53,477 - INFO - epoch complete!
2026-05-18 20:51:53,477 - INFO - evaluating now!
2026-05-18 20:51:57,364 - INFO - Epoch [36/100] train_loss: 0.9282, val_loss: 0.9824, lr: 0.000150, 42.85s
2026-05-18 20:51:57,364 - INFO - Epoch [36/100] train_loss: 0.9235, val_loss: 0.9824, lr: 0.000150, 42.85s
2026-05-18 20:52:36,455 - INFO - epoch complete!
2026-05-18 20:52:36,455 - INFO - evaluating now!
2026-05-18 20:52:36,461 - INFO - epoch complete!
2026-05-18 20:52:36,461 - INFO - evaluating now!
2026-05-18 20:52:40,215 - INFO - Epoch [37/100] train_loss: 0.9155, val_loss: 0.9331, lr: 0.000075, 42.85s
2026-05-18 20:52:40,216 - INFO - Epoch [37/100] train_loss: 0.9230, val_loss: 0.9331, lr: 0.000075, 42.85s
2026-05-18 20:53:18,732 - INFO - epoch complete!
2026-05-18 20:53:18,732 - INFO - evaluating now!
2026-05-18 20:53:18,735 - INFO - epoch complete!
2026-05-18 20:53:18,736 - INFO - evaluating now!
2026-05-18 20:53:22,504 - INFO - Epoch [38/100] train_loss: 0.8975, val_loss: 0.8922, lr: 0.000075, 42.29s
2026-05-18 20:53:22,504 - INFO - Epoch [38/100] train_loss: 0.8905, val_loss: 0.8922, lr: 0.000075, 42.29s
2026-05-18 20:53:22,691 - INFO - Saved model at 38
2026-05-18 20:53:22,692 - INFO - Val loss decrease from 0.8987 to 0.8922, saving to /home/lizhuoxuan/lzq/Bigscity-LibCity-master/outputs/20260518_202523__traffic_state_pred__new_diffusion_fuzzy_2__PEMSD4/model_cache/new_diffusion_fuzzy_2_PEMSD4_epoch38.tar
2026-05-18 20:53:22,692 - INFO - Saved model at 38
2026-05-18 20:53:22,692 - INFO - Val loss decrease from 0.8987 to 0.8922, saving to /home/lizhuoxuan/lzq/Bigscity-LibCity-master/outputs/20260518_202523__traffic_state_pred__new_diffusion_fuzzy_2__PEMSD4/model_cache/new_diffusion_fuzzy_2_PEMSD4_epoch38.tar
2026-05-18 20:54:01,910 - INFO - epoch complete!
2026-05-18 20:54:01,910 - INFO - evaluating now!
2026-05-18 20:54:01,916 - INFO - epoch complete!
2026-05-18 20:54:01,916 - INFO - evaluating now!
2026-05-18 20:54:05,792 - INFO - Epoch [39/100] train_loss: 0.9013, val_loss: 0.9391, lr: 0.000075, 43.10s
2026-05-18 20:54:05,792 - INFO - Epoch [39/100] train_loss: 0.9043, val_loss: 0.9391, lr: 0.000075, 43.10s
2026-05-18 20:54:44,737 - INFO - epoch complete!
2026-05-18 20:54:44,737 - INFO - evaluating now!
2026-05-18 20:54:44,742 - INFO - epoch complete!
2026-05-18 20:54:44,742 - INFO - evaluating now!
2026-05-18 20:54:48,503 - INFO - Epoch [40/100] train_loss: 0.9276, val_loss: 0.9445, lr: 0.000075, 42.71s
2026-05-18 20:54:48,503 - INFO - Epoch [40/100] train_loss: 0.9192, val_loss: 0.9445, lr: 0.000075, 42.71s
2026-05-18 20:55:27,011 - INFO - epoch complete!
2026-05-18 20:55:27,011 - INFO - evaluating now!
2026-05-18 20:55:27,017 - INFO - epoch complete!
2026-05-18 20:55:27,017 - INFO - evaluating now!
2026-05-18 20:55:30,805 - INFO - Epoch [41/100] train_loss: 0.8929, val_loss: 0.9295, lr: 0.000075, 42.30s
2026-05-18 20:55:30,805 - INFO - Epoch [41/100] train_loss: 0.8974, val_loss: 0.9295, lr: 0.000075, 42.30s
2026-05-18 20:56:10,383 - INFO - epoch complete!
2026-05-18 20:56:10,383 - INFO - evaluating now!
2026-05-18 20:56:10,389 - INFO - epoch complete!
2026-05-18 20:56:10,389 - INFO - evaluating now!
2026-05-18 20:56:14,265 - INFO - Epoch [42/100] train_loss: 0.8933, val_loss: 0.9298, lr: 0.000075, 43.46s
2026-05-18 20:56:14,265 - INFO - Epoch [42/100] train_loss: 0.8864, val_loss: 0.9298, lr: 0.000075, 43.45s
2026-05-18 20:56:52,861 - INFO - epoch complete!
2026-05-18 20:56:52,862 - INFO - evaluating now!
2026-05-18 20:56:52,867 - INFO - epoch complete!
2026-05-18 20:56:52,867 - INFO - evaluating now!
2026-05-18 20:56:56,607 - INFO - Epoch [43/100] train_loss: 0.9122, val_loss: 0.8888, lr: 0.000075, 42.34s
2026-05-18 20:56:56,607 - INFO - Epoch [43/100] train_loss: 0.9245, val_loss: 0.8888, lr: 0.000075, 42.34s
2026-05-18 20:56:56,782 - INFO - Saved model at 43
2026-05-18 20:56:56,782 - INFO - Val loss decrease from 0.8922 to 0.8888, saving to /home/lizhuoxuan/lzq/Bigscity-LibCity-master/outputs/20260518_202523__traffic_state_pred__new_diffusion_fuzzy_2__PEMSD4/model_cache/new_diffusion_fuzzy_2_PEMSD4_epoch43.tar
2026-05-18 20:56:56,782 - INFO - Saved model at 43
2026-05-18 20:56:56,783 - INFO - Val loss decrease from 0.8922 to 0.8888, saving to /home/lizhuoxuan/lzq/Bigscity-LibCity-master/outputs/20260518_202523__traffic_state_pred__new_diffusion_fuzzy_2__PEMSD4/model_cache/new_diffusion_fuzzy_2_PEMSD4_epoch43.tar
2026-05-18 20:57:35,368 - INFO - epoch complete!
2026-05-18 20:57:35,368 - INFO - evaluating now!
2026-05-18 20:57:35,373 - INFO - epoch complete!
2026-05-18 20:57:35,373 - INFO - evaluating now!
2026-05-18 20:57:39,253 - INFO - Epoch [44/100] train_loss: 0.9020, val_loss: 0.9327, lr: 0.000075, 42.47s
2026-05-18 20:57:39,254 - INFO - Epoch [44/100] train_loss: 0.8926, val_loss: 0.9327, lr: 0.000075, 42.47s
2026-05-18 20:58:18,780 - INFO - epoch complete!
2026-05-18 20:58:18,780 - INFO - evaluating now!
2026-05-18 20:58:18,785 - INFO - epoch complete!
2026-05-18 20:58:18,786 - INFO - evaluating now!
2026-05-18 20:58:22,570 - INFO - Epoch [45/100] train_loss: 0.9190, val_loss: 0.9153, lr: 0.000075, 43.32s
2026-05-18 20:58:22,570 - INFO - Epoch [45/100] train_loss: 0.9126, val_loss: 0.9153, lr: 0.000075, 43.32s
2026-05-18 20:59:01,063 - INFO - epoch complete!
2026-05-18 20:59:01,063 - INFO - evaluating now!
2026-05-18 20:59:01,068 - INFO - epoch complete!
2026-05-18 20:59:01,069 - INFO - evaluating now!
2026-05-18 20:59:04,845 - INFO - Epoch [46/100] train_loss: 0.9117, val_loss: 0.9203, lr: 0.000075, 42.27s
2026-05-18 20:59:04,845 - INFO - Epoch [46/100] train_loss: 0.9137, val_loss: 0.9203, lr: 0.000075, 42.27s
2026-05-18 20:59:42,654 - INFO - epoch complete!
2026-05-18 20:59:42,654 - INFO - evaluating now!
2026-05-18 20:59:42,660 - INFO - epoch complete!
2026-05-18 20:59:42,660 - INFO - evaluating now!
2026-05-18 20:59:46,412 - INFO - Epoch [47/100] train_loss: 0.9063, val_loss: 0.9047, lr: 0.000075, 41.57s
2026-05-18 20:59:46,412 - INFO - Epoch [47/100] train_loss: 0.9023, val_loss: 0.9047, lr: 0.000075, 41.57s
2026-05-18 21:00:25,505 - INFO - epoch complete!
2026-05-18 21:00:25,505 - INFO - evaluating now!
2026-05-18 21:00:25,510 - INFO - epoch complete!
2026-05-18 21:00:25,511 - INFO - evaluating now!
2026-05-18 21:00:29,292 - INFO - Epoch [48/100] train_loss: 0.9189, val_loss: 0.9054, lr: 0.000075, 42.88s
2026-05-18 21:00:29,292 - INFO - Epoch [48/100] train_loss: 0.9123, val_loss: 0.9054, lr: 0.000075, 42.88s
2026-05-18 21:01:07,854 - INFO - epoch complete!
2026-05-18 21:01:07,855 - INFO - evaluating now!
2026-05-18 21:01:07,860 - INFO - epoch complete!
2026-05-18 21:01:07,860 - INFO - evaluating now!
2026-05-18 21:01:11,631 - INFO - Epoch [49/100] train_loss: 0.8950, val_loss: 0.9417, lr: 0.000037, 42.34s
2026-05-18 21:01:11,631 - INFO - Epoch [49/100] train_loss: 0.9007, val_loss: 0.9417, lr: 0.000037, 42.34s
2026-05-18 21:01:50,946 - INFO - epoch complete!
2026-05-18 21:01:50,946 - INFO - evaluating now!
2026-05-18 21:01:50,952 - INFO - epoch complete!
2026-05-18 21:01:50,952 - INFO - evaluating now!
2026-05-18 21:01:54,831 - INFO - Epoch [50/100] train_loss: 0.9257, val_loss: 0.8837, lr: 0.000037, 43.20s
2026-05-18 21:01:54,831 - INFO - Epoch [50/100] train_loss: 0.9030, val_loss: 0.8837, lr: 0.000037, 43.20s
2026-05-18 21:01:55,185 - INFO - Saved model at 50
2026-05-18 21:01:55,186 - INFO - Saved model at 50
2026-05-18 21:01:55,186 - INFO - Val loss decrease from 0.8888 to 0.8837, saving to /home/lizhuoxuan/lzq/Bigscity-LibCity-master/outputs/20260518_202523__traffic_state_pred__new_diffusion_fuzzy_2__PEMSD4/model_cache/new_diffusion_fuzzy_2_PEMSD4_epoch50.tar
2026-05-18 21:01:55,186 - INFO - Val loss decrease from 0.8888 to 0.8837, saving to /home/lizhuoxuan/lzq/Bigscity-LibCity-master/outputs/20260518_202523__traffic_state_pred__new_diffusion_fuzzy_2__PEMSD4/model_cache/new_diffusion_fuzzy_2_PEMSD4_epoch50.tar
2026-05-18 21:02:33,888 - INFO - epoch complete!
2026-05-18 21:02:33,889 - INFO - evaluating now!
2026-05-18 21:02:33,892 - INFO - epoch complete!
2026-05-18 21:02:33,944 - INFO - evaluating now!
2026-05-18 21:02:37,714 - INFO - Epoch [51/100] train_loss: 0.9161, val_loss: 0.9036, lr: 0.000037, 42.53s
2026-05-18 21:02:37,714 - INFO - Epoch [51/100] train_loss: 0.9105, val_loss: 0.9036, lr: 0.000037, 42.53s
2026-05-18 21:03:16,230 - INFO - epoch complete!
2026-05-18 21:03:16,230 - INFO - evaluating now!
2026-05-18 21:03:16,234 - INFO - epoch complete!
2026-05-18 21:03:16,234 - INFO - evaluating now!
2026-05-18 21:03:20,018 - INFO - Epoch [52/100] train_loss: 0.9302, val_loss: 0.9185, lr: 0.000037, 42.30s
2026-05-18 21:03:20,019 - INFO - Epoch [52/100] train_loss: 0.9321, val_loss: 0.9185, lr: 0.000037, 42.30s
2026-05-18 21:03:59,583 - INFO - epoch complete!
2026-05-18 21:03:59,584 - INFO - evaluating now!
2026-05-18 21:03:59,589 - INFO - epoch complete!
2026-05-18 21:03:59,590 - INFO - evaluating now!
2026-05-18 21:04:03,465 - INFO - Epoch [53/100] train_loss: 0.9371, val_loss: 0.9290, lr: 0.000037, 43.45s
2026-05-18 21:04:03,465 - INFO - Epoch [53/100] train_loss: 0.9331, val_loss: 0.9290, lr: 0.000037, 43.45s
2026-05-18 21:04:42,034 - INFO - epoch complete!
2026-05-18 21:04:42,034 - INFO - evaluating now!
2026-05-18 21:04:42,039 - INFO - epoch complete!
2026-05-18 21:04:42,039 - INFO - evaluating now!
2026-05-18 21:04:45,808 - INFO - Epoch [54/100] train_loss: 0.9037, val_loss: 0.9289, lr: 0.000037, 42.34s
2026-05-18 21:04:45,808 - INFO - Epoch [54/100] train_loss: 0.9054, val_loss: 0.9289, lr: 0.000037, 42.34s
2026-05-18 21:05:24,498 - INFO - epoch complete!
2026-05-18 21:05:24,498 - INFO - evaluating now!
2026-05-18 21:05:24,503 - INFO - epoch complete!
2026-05-18 21:05:24,503 - INFO - evaluating now!
2026-05-18 21:05:28,390 - INFO - Epoch [55/100] train_loss: 0.8765, val_loss: 0.9106, lr: 0.000037, 42.58s
2026-05-18 21:05:28,390 - INFO - Epoch [55/100] train_loss: 0.8835, val_loss: 0.9106, lr: 0.000037, 42.58s
2026-05-18 21:06:07,858 - INFO - epoch complete!
2026-05-18 21:06:07,858 - INFO - evaluating now!
2026-05-18 21:06:07,863 - INFO - epoch complete!
2026-05-18 21:06:07,863 - INFO - evaluating now!
2026-05-18 21:06:11,620 - INFO - Epoch [56/100] train_loss: 0.8974, val_loss: 0.8621, lr: 0.000037, 43.23s
2026-05-18 21:06:11,620 - INFO - Epoch [56/100] train_loss: 0.8997, val_loss: 0.8621, lr: 0.000037, 43.23s
2026-05-18 21:06:11,792 - INFO - Saved model at 56
2026-05-18 21:06:11,792 - INFO - Saved model at 56
2026-05-18 21:06:11,792 - INFO - Val loss decrease from 0.8837 to 0.8621, saving to /home/lizhuoxuan/lzq/Bigscity-LibCity-master/outputs/20260518_202523__traffic_state_pred__new_diffusion_fuzzy_2__PEMSD4/model_cache/new_diffusion_fuzzy_2_PEMSD4_epoch56.tar
2026-05-18 21:06:11,792 - INFO - Val loss decrease from 0.8837 to 0.8621, saving to /home/lizhuoxuan/lzq/Bigscity-LibCity-master/outputs/20260518_202523__traffic_state_pred__new_diffusion_fuzzy_2__PEMSD4/model_cache/new_diffusion_fuzzy_2_PEMSD4_epoch56.tar
2026-05-18 21:06:50,228 - INFO - epoch complete!
2026-05-18 21:06:50,228 - INFO - evaluating now!
2026-05-18 21:06:50,232 - INFO - epoch complete!
2026-05-18 21:06:50,232 - INFO - evaluating now!
2026-05-18 21:06:54,001 - INFO - Epoch [57/100] train_loss: 0.9133, val_loss: 0.8850, lr: 0.000037, 42.21s
2026-05-18 21:06:54,001 - INFO - Epoch [57/100] train_loss: 0.9189, val_loss: 0.8850, lr: 0.000037, 42.21s
2026-05-18 21:07:32,942 - INFO - epoch complete!
2026-05-18 21:07:32,942 - INFO - evaluating now!
2026-05-18 21:07:32,947 - INFO - epoch complete!
2026-05-18 21:07:32,947 - INFO - evaluating now!
2026-05-18 21:07:36,810 - INFO - Epoch [58/100] train_loss: 0.9052, val_loss: 0.8722, lr: 0.000037, 42.81s
2026-05-18 21:07:36,810 - INFO - Epoch [58/100] train_loss: 0.9047, val_loss: 0.8722, lr: 0.000037, 42.81s
2026-05-18 21:08:16,017 - INFO - epoch complete!
2026-05-18 21:08:16,018 - INFO - evaluating now!
2026-05-18 21:08:16,023 - INFO - epoch complete!
2026-05-18 21:08:16,023 - INFO - evaluating now!
2026-05-18 21:08:19,785 - INFO - Epoch [59/100] train_loss: 0.8762, val_loss: 1.0257, lr: 0.000037, 42.97s
2026-05-18 21:08:19,785 - INFO - Epoch [59/100] train_loss: 0.8871, val_loss: 1.0257, lr: 0.000037, 42.97s
2026-05-18 21:08:58,311 - INFO - epoch complete!
2026-05-18 21:08:58,311 - INFO - evaluating now!
2026-05-18 21:08:58,317 - INFO - epoch complete!
2026-05-18 21:08:58,320 - INFO - evaluating now!
2026-05-18 21:09:02,076 - INFO - Epoch [60/100] train_loss: 0.9000, val_loss: 0.9181, lr: 0.000037, 42.29s
2026-05-18 21:09:02,076 - INFO - Epoch [60/100] train_loss: 0.8985, val_loss: 0.9181, lr: 0.000037, 42.29s
2026-05-18 21:09:41,401 - INFO - epoch complete!
2026-05-18 21:09:41,402 - INFO - evaluating now!
2026-05-18 21:09:41,406 - INFO - epoch complete!
2026-05-18 21:09:41,406 - INFO - evaluating now!
2026-05-18 21:09:45,303 - INFO - Epoch [61/100] train_loss: 0.8871, val_loss: 0.9301, lr: 0.000037, 43.23s
2026-05-18 21:09:45,303 - INFO - Epoch [61/100] train_loss: 0.9012, val_loss: 0.9301, lr: 0.000037, 43.23s
2026-05-18 21:10:24,177 - INFO - epoch complete!
2026-05-18 21:10:24,177 - INFO - evaluating now!
2026-05-18 21:10:24,182 - INFO - epoch complete!
2026-05-18 21:10:24,183 - INFO - evaluating now!
2026-05-18 21:10:27,931 - INFO - Epoch [62/100] train_loss: 0.8896, val_loss: 0.9552, lr: 0.000019, 42.63s
2026-05-18 21:10:27,931 - INFO - Epoch [62/100] train_loss: 0.8864, val_loss: 0.9552, lr: 0.000019, 42.63s
2026-05-18 21:11:06,440 - INFO - epoch complete!
2026-05-18 21:11:06,440 - INFO - evaluating now!
2026-05-18 21:11:06,446 - INFO - epoch complete!
2026-05-18 21:11:06,446 - INFO - evaluating now!
2026-05-18 21:11:10,226 - INFO - Epoch [63/100] train_loss: 0.8752, val_loss: 0.8967, lr: 0.000019, 42.29s
2026-05-18 21:11:10,226 - INFO - Epoch [63/100] train_loss: 0.8745, val_loss: 0.8967, lr: 0.000019, 42.29s
2026-05-18 21:11:49,766 - INFO - epoch complete!
2026-05-18 21:11:49,766 - INFO - evaluating now!
2026-05-18 21:11:49,771 - INFO - epoch complete!
2026-05-18 21:11:49,771 - INFO - evaluating now!
2026-05-18 21:11:53,642 - INFO - Epoch [64/100] train_loss: 0.8753, val_loss: 0.8797, lr: 0.000019, 43.42s
2026-05-18 21:11:53,642 - INFO - Epoch [64/100] train_loss: 0.8686, val_loss: 0.8797, lr: 0.000019, 43.42s
2026-05-18 21:12:32,159 - INFO - epoch complete!
2026-05-18 21:12:32,159 - INFO - evaluating now!
2026-05-18 21:12:32,164 - INFO - epoch complete!
2026-05-18 21:12:32,165 - INFO - evaluating now!
2026-05-18 21:12:35,939 - INFO - Epoch [65/100] train_loss: 0.8910, val_loss: 0.9005, lr: 0.000019, 42.30s
2026-05-18 21:12:35,939 - INFO - Epoch [65/100] train_loss: 0.8871, val_loss: 0.9005, lr: 0.000019, 42.30s
2026-05-18 21:13:14,620 - INFO - epoch complete!
2026-05-18 21:13:14,620 - INFO - evaluating now!
2026-05-18 21:13:14,625 - INFO - epoch complete!
2026-05-18 21:13:14,625 - INFO - evaluating now!
2026-05-18 21:13:18,500 - INFO - Epoch [66/100] train_loss: 0.9286, val_loss: 1.0035, lr: 0.000019, 42.56s
2026-05-18 21:13:18,500 - INFO - Epoch [66/100] train_loss: 0.9131, val_loss: 1.0035, lr: 0.000019, 42.56s
2026-05-18 21:13:58,022 - INFO - epoch complete!
2026-05-18 21:13:58,022 - INFO - evaluating now!
2026-05-18 21:13:58,026 - INFO - epoch complete!
2026-05-18 21:13:58,027 - INFO - evaluating now!
2026-05-18 21:14:01,802 - INFO - Epoch [67/100] train_loss: 0.8996, val_loss: 0.9016, lr: 0.000019, 43.30s
2026-05-18 21:14:01,802 - INFO - Epoch [67/100] train_loss: 0.8900, val_loss: 0.9016, lr: 0.000019, 43.30s
2026-05-18 21:14:40,288 - INFO - epoch complete!
2026-05-18 21:14:40,288 - INFO - evaluating now!
2026-05-18 21:14:40,292 - INFO - epoch complete!
2026-05-18 21:14:40,292 - INFO - evaluating now!
2026-05-18 21:14:44,067 - INFO - Epoch [68/100] train_loss: 0.9038, val_loss: 0.8829, lr: 0.000009, 42.26s
2026-05-18 21:14:44,067 - INFO - Epoch [68/100] train_loss: 0.9221, val_loss: 0.8829, lr: 0.000009, 42.26s
2026-05-18 21:15:22,995 - INFO - epoch complete!
2026-05-18 21:15:22,995 - INFO - evaluating now!
2026-05-18 21:15:22,999 - INFO - epoch complete!
2026-05-18 21:15:22,999 - INFO - evaluating now!
2026-05-18 21:15:26,893 - INFO - Epoch [69/100] train_loss: 0.9012, val_loss: 0.9210, lr: 0.000009, 42.83s
2026-05-18 21:15:26,893 - INFO - Epoch [69/100] train_loss: 0.8938, val_loss: 0.9210, lr: 0.000009, 42.83s
2026-05-18 21:16:06,037 - INFO - epoch complete!
2026-05-18 21:16:06,038 - INFO - evaluating now!
2026-05-18 21:16:06,041 - INFO - epoch complete!
2026-05-18 21:16:06,041 - INFO - evaluating now!
2026-05-18 21:16:09,806 - INFO - Epoch [70/100] train_loss: 0.8833, val_loss: 0.9338, lr: 0.000009, 42.91s
2026-05-18 21:16:09,806 - INFO - Epoch [70/100] train_loss: 0.8701, val_loss: 0.9338, lr: 0.000009, 42.91s
2026-05-18 21:16:48,357 - INFO - epoch complete!
2026-05-18 21:16:48,357 - INFO - evaluating now!
2026-05-18 21:16:48,361 - INFO - epoch complete!
2026-05-18 21:16:48,361 - INFO - evaluating now!
2026-05-18 21:16:52,147 - INFO - Epoch [71/100] train_loss: 0.9201, val_loss: 0.9469, lr: 0.000009, 42.34s
2026-05-18 21:16:52,147 - INFO - Epoch [71/100] train_loss: 0.9201, val_loss: 0.9469, lr: 0.000009, 42.34s
2026-05-18 21:17:31,363 - INFO - epoch complete!
2026-05-18 21:17:31,364 - INFO - evaluating now!
2026-05-18 21:17:31,367 - INFO - epoch complete!
2026-05-18 21:17:31,367 - INFO - evaluating now!
2026-05-18 21:17:35,260 - INFO - Epoch [72/100] train_loss: 0.9033, val_loss: 0.8926, lr: 0.000009, 43.11s
2026-05-18 21:17:35,260 - INFO - Epoch [72/100] train_loss: 0.9069, val_loss: 0.8926, lr: 0.000009, 43.11s
2026-05-18 21:18:14,235 - INFO - epoch complete!
2026-05-18 21:18:14,236 - INFO - evaluating now!
2026-05-18 21:18:14,239 - INFO - epoch complete!
2026-05-18 21:18:14,239 - INFO - evaluating now!
2026-05-18 21:18:18,028 - INFO - Epoch [73/100] train_loss: 0.9059, val_loss: 0.9492, lr: 0.000009, 42.77s
2026-05-18 21:18:18,028 - INFO - Epoch [73/100] train_loss: 0.9016, val_loss: 0.9492, lr: 0.000009, 42.77s
2026-05-18 21:18:56,527 - INFO - epoch complete!
2026-05-18 21:18:56,527 - INFO - evaluating now!
2026-05-18 21:18:56,531 - INFO - epoch complete!
2026-05-18 21:18:56,531 - INFO - evaluating now!
2026-05-18 21:19:00,307 - INFO - Epoch [74/100] train_loss: 0.8941, val_loss: 0.8645, lr: 0.000005, 42.28s
2026-05-18 21:19:00,307 - INFO - Epoch [74/100] train_loss: 0.8873, val_loss: 0.8645, lr: 0.000005, 42.28s
2026-05-18 21:19:38,520 - INFO - epoch complete!
2026-05-18 21:19:38,520 - INFO - evaluating now!
2026-05-18 21:19:38,526 - INFO - epoch complete!
2026-05-18 21:19:38,564 - INFO - evaluating now!
2026-05-18 21:19:42,446 - INFO - Epoch [75/100] train_loss: 0.8791, val_loss: 0.8886, lr: 0.000005, 42.14s
2026-05-18 21:19:42,446 - INFO - Epoch [75/100] train_loss: 0.8763, val_loss: 0.8886, lr: 0.000005, 42.14s
2026-05-18 21:20:20,926 - INFO - epoch complete!
2026-05-18 21:20:20,926 - INFO - evaluating now!
2026-05-18 21:20:20,932 - INFO - epoch complete!
2026-05-18 21:20:20,932 - INFO - evaluating now!
2026-05-18 21:20:24,679 - INFO - Epoch [76/100] train_loss: 0.8972, val_loss: 0.8547, lr: 0.000005, 42.23s
2026-05-18 21:20:24,679 - INFO - Epoch [76/100] train_loss: 0.8852, val_loss: 0.8547, lr: 0.000005, 42.23s
2026-05-18 21:20:24,774 - INFO - Saved model at 76
2026-05-18 21:20:24,774 - INFO - Saved model at 76
2026-05-18 21:20:24,774 - INFO - Val loss decrease from 0.8621 to 0.8547, saving to /home/lizhuoxuan/lzq/Bigscity-LibCity-master/outputs/20260518_202523__traffic_state_pred__new_diffusion_fuzzy_2__PEMSD4/model_cache/new_diffusion_fuzzy_2_PEMSD4_epoch76.tar
2026-05-18 21:20:24,774 - INFO - Val loss decrease from 0.8621 to 0.8547, saving to /home/lizhuoxuan/lzq/Bigscity-LibCity-master/outputs/20260518_202523__traffic_state_pred__new_diffusion_fuzzy_2__PEMSD4/model_cache/new_diffusion_fuzzy_2_PEMSD4_epoch76.tar
2026-05-18 21:21:03,451 - INFO - epoch complete!
2026-05-18 21:21:03,451 - INFO - evaluating now!
2026-05-18 21:21:03,456 - INFO - epoch complete!
2026-05-18 21:21:03,456 - INFO - evaluating now!
2026-05-18 21:21:07,323 - INFO - Epoch [77/100] train_loss: 0.9319, val_loss: 0.9101, lr: 0.000005, 42.55s
2026-05-18 21:21:07,323 - INFO - Epoch [77/100] train_loss: 0.9470, val_loss: 0.9101, lr: 0.000005, 42.55s
2026-05-18 21:21:46,820 - INFO - epoch complete!
2026-05-18 21:21:46,821 - INFO - evaluating now!
2026-05-18 21:21:46,826 - INFO - epoch complete!
2026-05-18 21:21:46,826 - INFO - evaluating now!
2026-05-18 21:21:50,596 - INFO - Epoch [78/100] train_loss: 0.9081, val_loss: 0.9123, lr: 0.000005, 43.27s
2026-05-18 21:21:50,596 - INFO - Epoch [78/100] train_loss: 0.9037, val_loss: 0.9123, lr: 0.000005, 43.27s
2026-05-18 21:22:29,060 - INFO - epoch complete!
2026-05-18 21:22:29,060 - INFO - evaluating now!
2026-05-18 21:22:29,065 - INFO - epoch complete!
2026-05-18 21:22:29,065 - INFO - evaluating now!
2026-05-18 21:22:32,827 - INFO - Epoch [79/100] train_loss: 0.8761, val_loss: 0.8803, lr: 0.000005, 42.23s
2026-05-18 21:22:32,827 - INFO - Epoch [79/100] train_loss: 0.8822, val_loss: 0.8803, lr: 0.000005, 42.23s
2026-05-18 21:23:11,776 - INFO - epoch complete!
2026-05-18 21:23:11,777 - INFO - evaluating now!
2026-05-18 21:23:11,782 - INFO - epoch complete!
2026-05-18 21:23:11,782 - INFO - evaluating now!
2026-05-18 21:23:15,668 - INFO - Epoch [80/100] train_loss: 0.9044, val_loss: 0.8919, lr: 0.000005, 42.84s
2026-05-18 21:23:15,668 - INFO - Epoch [80/100] train_loss: 0.9040, val_loss: 0.8919, lr: 0.000005, 42.84s
2026-05-18 21:23:54,833 - INFO - epoch complete!
2026-05-18 21:23:54,834 - INFO - evaluating now!
2026-05-18 21:23:54,839 - INFO - epoch complete!
2026-05-18 21:23:54,839 - INFO - evaluating now!
2026-05-18 21:23:58,594 - INFO - Epoch [81/100] train_loss: 0.8770, val_loss: 0.9025, lr: 0.000005, 42.93s
2026-05-18 21:23:58,595 - INFO - Epoch [81/100] train_loss: 0.8792, val_loss: 0.9025, lr: 0.000005, 42.93s
2026-05-18 21:24:37,143 - INFO - epoch complete!
2026-05-18 21:24:37,144 - INFO - evaluating now!
2026-05-18 21:24:37,149 - INFO - epoch complete!
2026-05-18 21:24:37,149 - INFO - evaluating now!
2026-05-18 21:24:40,901 - INFO - Epoch [82/100] train_loss: 0.8762, val_loss: 0.8928, lr: 0.000002, 42.31s
2026-05-18 21:24:40,901 - INFO - Epoch [82/100] train_loss: 0.8713, val_loss: 0.8928, lr: 0.000002, 42.31s
2026-05-18 21:25:20,222 - INFO - epoch complete!
2026-05-18 21:25:20,222 - INFO - evaluating now!
2026-05-18 21:25:20,226 - INFO - epoch complete!
2026-05-18 21:25:20,226 - INFO - evaluating now!
2026-05-18 21:25:24,100 - INFO - Epoch [83/100] train_loss: 0.9117, val_loss: 0.9415, lr: 0.000002, 43.20s
2026-05-18 21:25:24,100 - INFO - Epoch [83/100] train_loss: 0.8978, val_loss: 0.9415, lr: 0.000002, 43.20s
2026-05-18 21:26:02,914 - INFO - epoch complete!
2026-05-18 21:26:02,914 - INFO - evaluating now!
2026-05-18 21:26:02,919 - INFO - epoch complete!
2026-05-18 21:26:02,919 - INFO - evaluating now!
2026-05-18 21:26:06,687 - INFO - Epoch [84/100] train_loss: 0.9013, val_loss: 0.8756, lr: 0.000002, 42.59s
2026-05-18 21:26:06,687 - INFO - Epoch [84/100] train_loss: 0.8871, val_loss: 0.8756, lr: 0.000002, 42.59s
2026-05-18 21:26:45,248 - INFO - epoch complete!
2026-05-18 21:26:45,248 - INFO - evaluating now!
2026-05-18 21:26:45,253 - INFO - epoch complete!
2026-05-18 21:26:45,253 - INFO - evaluating now!
2026-05-18 21:26:49,034 - INFO - Epoch [85/100] train_loss: 0.8995, val_loss: 0.9359, lr: 0.000002, 42.35s
2026-05-18 21:26:49,034 - INFO - Epoch [85/100] train_loss: 0.8900, val_loss: 0.9359, lr: 0.000002, 42.35s
2026-05-18 21:27:28,571 - INFO - epoch complete!
2026-05-18 21:27:28,571 - INFO - evaluating now!
2026-05-18 21:27:28,577 - INFO - epoch complete!
2026-05-18 21:27:28,577 - INFO - evaluating now!
2026-05-18 21:27:32,451 - INFO - Epoch [86/100] train_loss: 0.9012, val_loss: 0.9189, lr: 0.000002, 43.42s
2026-05-18 21:27:32,451 - INFO - Epoch [86/100] train_loss: 0.8936, val_loss: 0.9189, lr: 0.000002, 43.42s
2026-05-18 21:28:11,162 - INFO - epoch complete!
2026-05-18 21:28:11,162 - INFO - evaluating now!
2026-05-18 21:28:11,168 - INFO - epoch complete!
2026-05-18 21:28:11,168 - INFO - evaluating now!
2026-05-18 21:28:14,948 - INFO - Epoch [87/100] train_loss: 0.8976, val_loss: 0.9126, lr: 0.000002, 42.50s
2026-05-18 21:28:14,948 - INFO - Epoch [87/100] train_loss: 0.8820, val_loss: 0.9126, lr: 0.000002, 42.50s
2026-05-18 21:28:53,576 - INFO - epoch complete!
2026-05-18 21:28:53,576 - INFO - evaluating now!
2026-05-18 21:28:53,581 - INFO - epoch complete!
2026-05-18 21:28:53,581 - INFO - evaluating now!
2026-05-18 21:28:57,481 - INFO - Epoch [88/100] train_loss: 0.8738, val_loss: 0.9237, lr: 0.000001, 42.53s
2026-05-18 21:28:57,481 - INFO - Epoch [88/100] train_loss: 0.8846, val_loss: 0.9237, lr: 0.000001, 42.53s
2026-05-18 21:29:37,007 - INFO - epoch complete!
2026-05-18 21:29:37,008 - INFO - evaluating now!
2026-05-18 21:29:37,014 - INFO - epoch complete!
2026-05-18 21:29:37,014 - INFO - evaluating now!
2026-05-18 21:29:40,774 - INFO - Epoch [89/100] train_loss: 0.8916, val_loss: 0.9005, lr: 0.000001, 43.29s
2026-05-18 21:29:40,774 - INFO - Epoch [89/100] train_loss: 0.8885, val_loss: 0.9005, lr: 0.000001, 43.29s
2026-05-18 21:30:19,299 - INFO - epoch complete!
2026-05-18 21:30:19,300 - INFO - evaluating now!
2026-05-18 21:30:19,306 - INFO - epoch complete!
2026-05-18 21:30:19,306 - INFO - evaluating now!
2026-05-18 21:30:23,057 - INFO - Epoch [90/100] train_loss: 0.9010, val_loss: 0.8900, lr: 0.000001, 42.28s
2026-05-18 21:30:23,057 - INFO - Epoch [90/100] train_loss: 0.8837, val_loss: 0.8900, lr: 0.000001, 42.28s
2026-05-18 21:31:01,960 - INFO - epoch complete!
2026-05-18 21:31:01,960 - INFO - evaluating now!
2026-05-18 21:31:01,966 - INFO - epoch complete!
2026-05-18 21:31:01,966 - INFO - evaluating now!
2026-05-18 21:31:05,857 - INFO - Epoch [91/100] train_loss: 0.9116, val_loss: 0.8965, lr: 0.000001, 42.80s
2026-05-18 21:31:05,857 - INFO - Epoch [91/100] train_loss: 0.9182, val_loss: 0.8965, lr: 0.000001, 42.80s
2026-05-18 21:31:45,218 - INFO - epoch complete!
2026-05-18 21:31:45,218 - INFO - evaluating now!
2026-05-18 21:31:45,223 - INFO - epoch complete!
2026-05-18 21:31:45,224 - INFO - evaluating now!
2026-05-18 21:31:48,996 - INFO - Epoch [92/100] train_loss: 0.8865, val_loss: 0.9080, lr: 0.000001, 43.14s
2026-05-18 21:31:48,996 - INFO - Epoch [92/100] train_loss: 0.8824, val_loss: 0.9080, lr: 0.000001, 43.14s
2026-05-18 21:32:27,508 - INFO - epoch complete!
2026-05-18 21:32:27,508 - INFO - evaluating now!
2026-05-18 21:32:27,513 - INFO - epoch complete!
2026-05-18 21:32:27,513 - INFO - evaluating now!
2026-05-18 21:32:31,281 - INFO - Epoch [93/100] train_loss: 0.8768, val_loss: 0.9441, lr: 0.000001, 42.29s
2026-05-18 21:32:31,281 - INFO - Epoch [93/100] train_loss: 0.8880, val_loss: 0.9441, lr: 0.000001, 42.29s
2026-05-18 21:33:10,429 - INFO - epoch complete!
2026-05-18 21:33:10,430 - INFO - evaluating now!
2026-05-18 21:33:10,435 - INFO - epoch complete!
2026-05-18 21:33:10,436 - INFO - evaluating now!
2026-05-18 21:33:14,300 - INFO - Epoch [94/100] train_loss: 0.9136, val_loss: 0.8785, lr: 0.000001, 43.02s
2026-05-18 21:33:14,300 - INFO - Epoch [94/100] train_loss: 0.9139, val_loss: 0.8785, lr: 0.000001, 43.02s
2026-05-18 21:33:53,398 - INFO - epoch complete!
2026-05-18 21:33:53,399 - INFO - evaluating now!
2026-05-18 21:33:53,404 - INFO - epoch complete!
2026-05-18 21:33:53,435 - INFO - evaluating now!
2026-05-18 21:33:57,226 - INFO - Epoch [95/100] train_loss: 0.9087, val_loss: 0.9027, lr: 0.000001, 42.92s
2026-05-18 21:33:57,226 - INFO - Epoch [95/100] train_loss: 0.9135, val_loss: 0.9027, lr: 0.000001, 42.92s
2026-05-18 21:34:35,733 - INFO - epoch complete!
2026-05-18 21:34:35,734 - INFO - evaluating now!
2026-05-18 21:34:35,739 - INFO - epoch complete!
2026-05-18 21:34:35,740 - INFO - evaluating now!
2026-05-18 21:34:39,515 - INFO - Epoch [96/100] train_loss: 0.8955, val_loss: 0.8882, lr: 0.000001, 42.29s
2026-05-18 21:34:39,515 - INFO - Epoch [96/100] train_loss: 0.8859, val_loss: 0.8882, lr: 0.000001, 42.29s
2026-05-18 21:35:18,877 - INFO - epoch complete!
2026-05-18 21:35:18,877 - INFO - evaluating now!
2026-05-18 21:35:18,881 - INFO - epoch complete!
2026-05-18 21:35:18,882 - INFO - evaluating now!
2026-05-18 21:35:22,761 - INFO - Epoch [97/100] train_loss: 0.8972, val_loss: 0.9326, lr: 0.000001, 43.25s
2026-05-18 21:35:22,761 - INFO - Epoch [97/100] train_loss: 0.8944, val_loss: 0.9326, lr: 0.000001, 43.25s
2026-05-18 21:36:01,586 - INFO - epoch complete!
2026-05-18 21:36:01,586 - INFO - evaluating now!
2026-05-18 21:36:01,591 - INFO - epoch complete!
2026-05-18 21:36:01,592 - INFO - evaluating now!
2026-05-18 21:36:05,352 - INFO - Epoch [98/100] train_loss: 0.8756, val_loss: 0.9107, lr: 0.000001, 42.59s
2026-05-18 21:36:05,352 - INFO - Epoch [98/100] train_loss: 0.8810, val_loss: 0.9107, lr: 0.000001, 42.59s
2026-05-18 21:36:43,930 - INFO - epoch complete!
2026-05-18 21:36:43,930 - INFO - evaluating now!
2026-05-18 21:36:43,935 - INFO - epoch complete!
2026-05-18 21:36:43,935 - INFO - evaluating now!
2026-05-18 21:36:47,777 - INFO - Epoch [99/100] train_loss: 0.8746, val_loss: 0.9217, lr: 0.000001, 42.42s
2026-05-18 21:36:47,777 - INFO - Trained totally 100 epochs, average train time is 38.857s, average eval time is 3.810s
2026-05-18 21:36:47,777 - INFO - Epoch [99/100] train_loss: 0.8821, val_loss: 0.9217, lr: 0.000001, 42.42s
2026-05-18 21:36:47,777 - INFO - Trained totally 100 epochs, average train time is 38.863s, average eval time is 3.804s
2026-05-18 21:36:47,945 - INFO - Loaded model at 76
2026-05-18 21:36:47,946 - INFO - Start evaluating ...
2026-05-18 21:36:47,953 - INFO - Loaded model at 76
2026-05-18 21:36:47,954 - INFO - Saved model at /home/lizhuoxuan/lzq/Bigscity-LibCity-master/outputs/20260518_202523__traffic_state_pred__new_diffusion_fuzzy_2__PEMSD4/model_cache/new_diffusion_fuzzy_2_PEMSD4.m
2026-05-18 21:36:48,030 - INFO - Start evaluating ...
2026-05-18 21:39:42,444 - INFO - Note that you select the single mode to evaluate!
2026-05-18 21:39:42,487 - INFO - Evaluate result is saved at /home/lizhuoxuan/lzq/Bigscity-LibCity-master/outputs/20260518_202523__traffic_state_pred__new_diffusion_fuzzy_2__PEMSD4/evaluate_cache/2026_05_18_21_39_42_new_diffusion_fuzzy_2_PEMSD4.csv
2026-05-18 21:39:42,499 - INFO - 
          MAE          MAPE           MSE  ...  masked_RMSE        R2      EVAR
1   50.730755  29664.681641  13980.693359  ...   118.555939  0.160523  0.255289
2   53.122566  32408.972656  14674.750977  ...   121.459396  0.118859  0.219673
3   54.867802  36169.992188  15175.564453  ...   123.489197  0.088802  0.193245
4   56.069870  39038.589844  15511.309570  ...   124.827682  0.068655  0.175936
5   56.936714  40972.218750  15747.112305  ...   125.764282  0.054509  0.163384
6   57.664948  42521.546875  15980.921875  ...   126.685013  0.040477  0.150934
7   58.044312  42313.234375  16104.510742  ...   127.182068  0.033061  0.144322
8   58.340351  42961.109375  16191.772461  ...   127.519157  0.027826  0.139947
9   58.583443  43480.105469  16267.967773  ...   127.812027  0.023258  0.135915
10  58.769058  43287.656250  16349.601562  ...   128.135101  0.018361  0.131340
11  58.955467  43304.812500  16413.847656  ...   128.383957  0.014508  0.127619
12  59.503563  44118.128906  16610.835938  ...   129.144592  0.002686  0.116232

[12 rows x 10 columns]
