2026-05-08 14:38:12,343 - INFO - Log directory: /home/lizhuoxuan/lzq/Bigscity-LibCity-master/outputs/20260508_143812__traffic_state_pred__new_diffusion_fuzzy__PEMSD4/logs
2026-05-08 14:38:12,343 - INFO - Log directory: /home/lizhuoxuan/lzq/Bigscity-LibCity-master/outputs/20260508_143812__traffic_state_pred__new_diffusion_fuzzy__PEMSD4/logs
2026-05-08 14:38:12,343 - INFO - Begin artifact training pipeline, task=traffic_state_pred, model_name=new_diffusion_fuzzy, dataset_name=PEMSD4, exp_id=20260508_143812__traffic_state_pred__new_diffusion_fuzzy__PEMSD4
2026-05-08 14:38:12,343 - INFO - {'task': 'traffic_state_pred', 'model': 'new_diffusion_fuzzy', 'dataset': 'PEMSD4', 'saved_model': True, 'train': True, 'seed': 42, 'train_rate': 0.6, 'eval_rate': 0.2, 'batch_size': 32, 'learning_rate': 0.001, 'max_epoch': 20, 'dataset_class': 'TrafficStatePointDataset', 'executor': 'DiffusionTrafficStateExecutor', 'evaluator': 'TrafficStateEvaluator', 'adaptive_graph_blend_init': 0.5, 'adaptive_graph_embed_dim': 32, 'adaptive_graph_topk': 12, 'beta_end': 0.02, 'beta_start': 0.0001, 'calculate_weight_adj': False, 'data_col': ['traffic_flow', 'traffic_occupancy', 'traffic_speed'], 'data_files': ['PEMSD4'], 'ddim_eta': 0, 'denoiser_layers': 4, 'device': device(type='cuda', index=0), 'diffusion_schedule': 'linear', 'diffusion_steps': 200, 'disturb_rate': 0.5, 'dropout': 0.1, 'dyna': {'including_types': ['state'], 'state': {'entity_id': 'geo_id', 'traffic_flow': 'num', 'traffic_occupancy': 'num', 'traffic_speed': 'num'}}, 'encoder_layers': 2, 'eval_batch_size': 32, 'evaluator_mode': 'single', 'ffn_hidden_dim': 256, 'flow_conservation_coeff': 1, 'fuzzy_conservation_temperature': 8, 'fuzzy_conservation_threshold': 0.6, 'fuzzy_graph_num_sets': 3, 'fuzzy_graph_sigma_init': 0.7, 'geo': {'including_types': ['Point'], 'Point': {}}, 'geo_file': 'PEMSD4', 'graph_k_hop': 2, 'hidden_dim': 128, 'init_weight_inf_or_zero': 'zero', 'is_distributed': True, 'metrics': ['MAE', 'MAPE', 'MSE', 'RMSE', 'masked_MAE', 'masked_MAPE', 'masked_MSE', 'masked_RMSE', 'R2', 'EVAR'], 'noise_SD': [10], 'noise_mean': [5], 'noise_type': 'gaussian', 'num_heads': 4, 'num_prediction_samples': 1, 'num_sampling_steps': 50, 'num_workers': 0, 'output_dim': 3, 'pad_with_last_sample': True, 'physics_channel_idx': 0, 'physics_loss_weight': 0, 'physics_warmup_mode': 'linear', 'physics_warmup_start_ratio': 0.2, 'physics_warmup_steps': 3000, 'rank': 0, 'rel': {'including_types': ['geo'], 'geo': {'cost': 'num'}}, 'rel_file': 'PEMSD4', 'robustness_test': False, 'sampling_method': 'ddim', 'save_mode': ['csv'], 'scale_lr': False, 'set_weight_link_or_dist': 'link', 'time_intervals': 300, 'use_adaptive_graph': True, 'use_amp': False, 'use_fuzzy_conservation': True, 'use_fuzzy_graph': True, 'use_gradient_checkpointing': False, 'use_spatiotemporal_attention': True, 'use_temporal_position_embedding': True, 'weight_adj_epsilon': 0.1, 'weight_col': 'cost', 'world_size': 4, 'clip_grad_norm': True, 'epoch': 0, 'gpu': True, 'gpu_id': 0, 'learner': 'adamw', 'load_best_epoch': True, 'log_every': 1, 'lr_T_max': 20, 'lr_decay': True, 'lr_eta_min': 1e-05, 'lr_scheduler': 'cosineannealinglr', 'max_grad_norm': 3, 'patience': 30, 'train_loss': 'none', 'use_early_stop': True, 'weight_decay': 0.0001, 'data_version_id': 'dv_1778222121_ecf13a9a', 'input_window': 12, 'output_window': 12, 'scaler': 'standard', 'load_external': False, 'normal_external': False, 'add_time_in_day': True, 'add_day_in_week': True, 'cache_dataset': True, 'ext_scaler': 'none', 'local_rank': 0, 'dist_backend': 'nccl', 'exp_id': '20260508_143812__traffic_state_pred__new_diffusion_fuzzy__PEMSD4'}
2026-05-08 14:38:12,449 - INFO - Log directory: /home/lizhuoxuan/lzq/Bigscity-LibCity-master/outputs/20260508_143812__traffic_state_pred__new_diffusion_fuzzy__PEMSD4/logs
2026-05-08 14:38:12,806 - INFO - Log directory: /home/lizhuoxuan/lzq/Bigscity-LibCity-master/outputs/20260508_143812__traffic_state_pred__new_diffusion_fuzzy__PEMSD4/logs
2026-05-08 14:38:23,179 - INFO - You select `adamw` optimizer.
2026-05-08 14:38:23,180 - INFO - You select `adamw` optimizer.
2026-05-08 14:38:23,180 - INFO - You select `cosineannealinglr` lr_scheduler.
2026-05-08 14:38:23,180 - WARNING - Received none train loss func and will use the loss func defined in the model.
2026-05-08 14:38:23,180 - INFO - Start training ...
2026-05-08 14:38:23,180 - INFO - num_batches:80
2026-05-08 14:38:23,181 - INFO - You select `cosineannealinglr` lr_scheduler.
2026-05-08 14:38:23,181 - WARNING - Received none train loss func and will use the loss func defined in the model.
2026-05-08 14:38:23,181 - INFO - Start training ...
2026-05-08 14:38:23,181 - INFO - num_batches:80
2026-05-08 14:38:23,181 - INFO - You select `adamw` optimizer.
2026-05-08 14:38:23,182 - INFO - You select `cosineannealinglr` lr_scheduler.
2026-05-08 14:38:23,182 - WARNING - Received none train loss func and will use the loss func defined in the model.
2026-05-08 14:38:23,182 - INFO - Start training ...
2026-05-08 14:38:23,182 - INFO - num_batches:80
2026-05-08 14:38:23,185 - INFO - DistributedDataParallel(
  (module): NewDiffusion(
    (condition_encoder): STEncoder(
      (input_projection): Linear(in_features=3, out_features=128, bias=True)
      (blocks): ModuleList(
        (0-1): 2 x STEncoderBlock(
          (temporal_attention): MultiHeadAttention(
            (query_projection): Linear(in_features=128, out_features=128, bias=True)
            (key_projection): Linear(in_features=128, out_features=128, bias=True)
            (value_projection): Linear(in_features=128, out_features=128, bias=True)
            (output_projection): Linear(in_features=128, out_features=128, bias=True)
            (dropout): Dropout(p=0.1, inplace=False)
          )
          (graph_convolution): GraphConvolution(
            (projections): ModuleList(
              (0-2): 3 x Linear(in_features=128, out_features=128, bias=True)
            )
          )
          (feed_forward): FeedForwardNetwork(
            (network): Sequential(
              (0): Linear(in_features=128, out_features=256, bias=True)
              (1): GELU(approximate='none')
              (2): Dropout(p=0.1, inplace=False)
              (3): Linear(in_features=256, out_features=128, bias=True)
              (4): Dropout(p=0.1, inplace=False)
            )
          )
          (norm_temporal): LayerNorm((128,), eps=1e-05, elementwise_affine=True)
          (norm_graph): LayerNorm((128,), eps=1e-05, elementwise_affine=True)
          (norm_ffn): LayerNorm((128,), eps=1e-05, elementwise_affine=True)
          (dropout): Dropout(p=0.1, inplace=False)
        )
      )
      (final_norm): LayerNorm((128,), eps=1e-05, elementwise_affine=True)
    )
    (noise_predictor): AttentionDenoiser(
      (input_projection): Linear(in_features=3, out_features=128, bias=True)
      (time_embedding): SinusoidalTimeEmbedding()
      (time_projection): Sequential(
        (0): Linear(in_features=128, out_features=128, bias=True)
        (1): SiLU()
        (2): Linear(in_features=128, out_features=128, bias=True)
      )
      (condition_fusion): Linear(in_features=256, out_features=128, bias=True)
      (blocks): ModuleList(
        (0-3): 4 x DenoiserBlock(
          (temporal_attention): MultiHeadAttention(
            (query_projection): Linear(in_features=128, out_features=128, bias=True)
            (key_projection): Linear(in_features=128, out_features=128, bias=True)
            (value_projection): Linear(in_features=128, out_features=128, bias=True)
            (output_projection): Linear(in_features=128, out_features=128, bias=True)
            (dropout): Dropout(p=0.1, inplace=False)
          )
          (graph_convolution): GraphConvolution(
            (projections): ModuleList(
              (0-2): 3 x Linear(in_features=128, out_features=128, bias=True)
            )
          )
          (cross_attention): MultiHeadAttention(
            (query_projection): Linear(in_features=128, out_features=128, bias=True)
            (key_projection): Linear(in_features=128, out_features=128, bias=True)
            (value_projection): Linear(in_features=128, out_features=128, bias=True)
            (output_projection): Linear(in_features=128, out_features=128, bias=True)
            (dropout): Dropout(p=0.1, inplace=False)
          )
          (spatiotemporal_attention): MultiHeadAttention(
            (query_projection): Linear(in_features=128, out_features=128, bias=True)
            (key_projection): Linear(in_features=128, out_features=128, bias=True)
            (value_projection): Linear(in_features=128, out_features=128, bias=True)
            (output_projection): Linear(in_features=128, out_features=128, bias=True)
            (dropout): Dropout(p=0.1, inplace=False)
          )
          (feed_forward): FeedForwardNetwork(
            (network): Sequential(
              (0): Linear(in_features=128, out_features=256, bias=True)
              (1): GELU(approximate='none')
              (2): Dropout(p=0.1, inplace=False)
              (3): Linear(in_features=256, out_features=128, bias=True)
              (4): Dropout(p=0.1, inplace=False)
            )
          )
          (norm_temporal): LayerNorm((128,), eps=1e-05, elementwise_affine=True)
          (norm_graph): LayerNorm((128,), eps=1e-05, elementwise_affine=True)
          (norm_cross): LayerNorm((128,), eps=1e-05, elementwise_affine=True)
          (norm_spatiotemporal): LayerNorm((128,), eps=1e-05, elementwise_affine=True)
          (norm_ffn): LayerNorm((128,), eps=1e-05, elementwise_affine=True)
          (dropout): Dropout(p=0.1, inplace=False)
        )
      )
      (final_norm): LayerNorm((128,), eps=1e-05, elementwise_affine=True)
      (output_projection): Linear(in_features=128, out_features=3, bias=True)
      (adaptive_graph_learner): AdaptiveGraphLearner(
        (feature_projection): Linear(in_features=128, out_features=32, bias=True)
        (time_projection): Linear(in_features=128, out_features=32, bias=True)
      )
    )
    (diffusion_scheduler): DiffusionScheduler()
  )
)
2026-05-08 14:38:23,187 - INFO - module.condition_encoder.temporal_position_embedding	torch.Size([1, 12, 1, 128])	cuda:0	True
2026-05-08 14:38:23,187 - INFO - module.condition_encoder.input_projection.weight	torch.Size([128, 3])	cuda:0	True
2026-05-08 14:38:23,187 - INFO - module.condition_encoder.input_projection.bias	torch.Size([128])	cuda:0	True
2026-05-08 14:38:23,187 - INFO - module.condition_encoder.blocks.0.temporal_attention.query_projection.weight	torch.Size([128, 128])	cuda:0	True
2026-05-08 14:38:23,187 - INFO - module.condition_encoder.blocks.0.temporal_attention.query_projection.bias	torch.Size([128])	cuda:0	True
2026-05-08 14:38:23,187 - INFO - module.condition_encoder.blocks.0.temporal_attention.key_projection.weight	torch.Size([128, 128])	cuda:0	True
2026-05-08 14:38:23,187 - INFO - module.condition_encoder.blocks.0.temporal_attention.key_projection.bias	torch.Size([128])	cuda:0	True
2026-05-08 14:38:23,188 - INFO - module.condition_encoder.blocks.0.temporal_attention.value_projection.weight	torch.Size([128, 128])	cuda:0	True
2026-05-08 14:38:23,188 - INFO - module.condition_encoder.blocks.0.temporal_attention.value_projection.bias	torch.Size([128])	cuda:0	True
2026-05-08 14:38:23,188 - INFO - module.condition_encoder.blocks.0.temporal_attention.output_projection.weight	torch.Size([128, 128])	cuda:0	True
2026-05-08 14:38:23,188 - INFO - module.condition_encoder.blocks.0.temporal_attention.output_projection.bias	torch.Size([128])	cuda:0	True
2026-05-08 14:38:23,188 - INFO - module.condition_encoder.blocks.0.graph_convolution.projections.0.weight	torch.Size([128, 128])	cuda:0	True
2026-05-08 14:38:23,188 - INFO - module.condition_encoder.blocks.0.graph_convolution.projections.0.bias	torch.Size([128])	cuda:0	True
2026-05-08 14:38:23,188 - INFO - module.condition_encoder.blocks.0.graph_convolution.projections.1.weight	torch.Size([128, 128])	cuda:0	True
2026-05-08 14:38:23,188 - INFO - module.condition_encoder.blocks.0.graph_convolution.projections.1.bias	torch.Size([128])	cuda:0	True
2026-05-08 14:38:23,188 - INFO - module.condition_encoder.blocks.0.graph_convolution.projections.2.weight	torch.Size([128, 128])	cuda:0	True
2026-05-08 14:38:23,188 - INFO - module.condition_encoder.blocks.0.graph_convolution.projections.2.bias	torch.Size([128])	cuda:0	True
2026-05-08 14:38:23,188 - INFO - module.condition_encoder.blocks.0.feed_forward.network.0.weight	torch.Size([256, 128])	cuda:0	True
2026-05-08 14:38:23,188 - INFO - module.condition_encoder.blocks.0.feed_forward.network.0.bias	torch.Size([256])	cuda:0	True
2026-05-08 14:38:23,188 - INFO - module.condition_encoder.blocks.0.feed_forward.network.3.weight	torch.Size([128, 256])	cuda:0	True
2026-05-08 14:38:23,188 - INFO - module.condition_encoder.blocks.0.feed_forward.network.3.bias	torch.Size([128])	cuda:0	True
2026-05-08 14:38:23,188 - INFO - module.condition_encoder.blocks.0.norm_temporal.weight	torch.Size([128])	cuda:0	True
2026-05-08 14:38:23,189 - INFO - module.condition_encoder.blocks.0.norm_temporal.bias	torch.Size([128])	cuda:0	True
2026-05-08 14:38:23,189 - INFO - module.condition_encoder.blocks.0.norm_graph.weight	torch.Size([128])	cuda:0	True
2026-05-08 14:38:23,189 - INFO - module.condition_encoder.blocks.0.norm_graph.bias	torch.Size([128])	cuda:0	True
2026-05-08 14:38:23,189 - INFO - module.condition_encoder.blocks.0.norm_ffn.weight	torch.Size([128])	cuda:0	True
2026-05-08 14:38:23,189 - INFO - module.condition_encoder.blocks.0.norm_ffn.bias	torch.Size([128])	cuda:0	True
2026-05-08 14:38:23,189 - INFO - module.condition_encoder.blocks.1.temporal_attention.query_projection.weight	torch.Size([128, 128])	cuda:0	True
2026-05-08 14:38:23,189 - INFO - module.condition_encoder.blocks.1.temporal_attention.query_projection.bias	torch.Size([128])	cuda:0	True
2026-05-08 14:38:23,189 - INFO - module.condition_encoder.blocks.1.temporal_attention.key_projection.weight	torch.Size([128, 128])	cuda:0	True
2026-05-08 14:38:23,189 - INFO - module.condition_encoder.blocks.1.temporal_attention.key_projection.bias	torch.Size([128])	cuda:0	True
2026-05-08 14:38:23,189 - INFO - module.condition_encoder.blocks.1.temporal_attention.value_projection.weight	torch.Size([128, 128])	cuda:0	True
2026-05-08 14:38:23,189 - INFO - module.condition_encoder.blocks.1.temporal_attention.value_projection.bias	torch.Size([128])	cuda:0	True
2026-05-08 14:38:23,189 - INFO - module.condition_encoder.blocks.1.temporal_attention.output_projection.weight	torch.Size([128, 128])	cuda:0	True
2026-05-08 14:38:23,189 - INFO - module.condition_encoder.blocks.1.temporal_attention.output_projection.bias	torch.Size([128])	cuda:0	True
2026-05-08 14:38:23,189 - INFO - module.condition_encoder.blocks.1.graph_convolution.projections.0.weight	torch.Size([128, 128])	cuda:0	True
2026-05-08 14:38:23,189 - INFO - module.condition_encoder.blocks.1.graph_convolution.projections.0.bias	torch.Size([128])	cuda:0	True
2026-05-08 14:38:23,189 - INFO - module.condition_encoder.blocks.1.graph_convolution.projections.1.weight	torch.Size([128, 128])	cuda:0	True
2026-05-08 14:38:23,189 - INFO - module.condition_encoder.blocks.1.graph_convolution.projections.1.bias	torch.Size([128])	cuda:0	True
2026-05-08 14:38:23,190 - INFO - module.condition_encoder.blocks.1.graph_convolution.projections.2.weight	torch.Size([128, 128])	cuda:0	True
2026-05-08 14:38:23,190 - INFO - module.condition_encoder.blocks.1.graph_convolution.projections.2.bias	torch.Size([128])	cuda:0	True
2026-05-08 14:38:23,190 - INFO - module.condition_encoder.blocks.1.feed_forward.network.0.weight	torch.Size([256, 128])	cuda:0	True
2026-05-08 14:38:23,190 - INFO - module.condition_encoder.blocks.1.feed_forward.network.0.bias	torch.Size([256])	cuda:0	True
2026-05-08 14:38:23,190 - INFO - module.condition_encoder.blocks.1.feed_forward.network.3.weight	torch.Size([128, 256])	cuda:0	True
2026-05-08 14:38:23,190 - INFO - module.condition_encoder.blocks.1.feed_forward.network.3.bias	torch.Size([128])	cuda:0	True
2026-05-08 14:38:23,190 - INFO - module.condition_encoder.blocks.1.norm_temporal.weight	torch.Size([128])	cuda:0	True
2026-05-08 14:38:23,190 - INFO - module.condition_encoder.blocks.1.norm_temporal.bias	torch.Size([128])	cuda:0	True
2026-05-08 14:38:23,190 - INFO - module.condition_encoder.blocks.1.norm_graph.weight	torch.Size([128])	cuda:0	True
2026-05-08 14:38:23,190 - INFO - module.condition_encoder.blocks.1.norm_graph.bias	torch.Size([128])	cuda:0	True
2026-05-08 14:38:23,190 - INFO - module.condition_encoder.blocks.1.norm_ffn.weight	torch.Size([128])	cuda:0	True
2026-05-08 14:38:23,190 - INFO - module.condition_encoder.blocks.1.norm_ffn.bias	torch.Size([128])	cuda:0	True
2026-05-08 14:38:23,190 - INFO - module.condition_encoder.final_norm.weight	torch.Size([128])	cuda:0	True
2026-05-08 14:38:23,190 - INFO - module.condition_encoder.final_norm.bias	torch.Size([128])	cuda:0	True
2026-05-08 14:38:23,190 - INFO - module.noise_predictor.future_position_embedding	torch.Size([1, 12, 1, 128])	cuda:0	True
2026-05-08 14:38:23,190 - INFO - module.noise_predictor.condition_temporal_weight	torch.Size([12])	cuda:0	True
2026-05-08 14:38:23,191 - INFO - module.noise_predictor.input_projection.weight	torch.Size([128, 3])	cuda:0	True
2026-05-08 14:38:23,191 - INFO - module.noise_predictor.input_projection.bias	torch.Size([128])	cuda:0	True
2026-05-08 14:38:23,191 - INFO - module.noise_predictor.time_projection.0.weight	torch.Size([128, 128])	cuda:0	True
2026-05-08 14:38:23,191 - INFO - module.noise_predictor.time_projection.0.bias	torch.Size([128])	cuda:0	True
2026-05-08 14:38:23,191 - INFO - module.noise_predictor.time_projection.2.weight	torch.Size([128, 128])	cuda:0	True
2026-05-08 14:38:23,191 - INFO - module.noise_predictor.time_projection.2.bias	torch.Size([128])	cuda:0	True
2026-05-08 14:38:23,191 - INFO - module.noise_predictor.condition_fusion.weight	torch.Size([128, 256])	cuda:0	True
2026-05-08 14:38:23,191 - INFO - module.noise_predictor.condition_fusion.bias	torch.Size([128])	cuda:0	True
2026-05-08 14:38:23,191 - INFO - module.noise_predictor.blocks.0.temporal_attention.query_projection.weight	torch.Size([128, 128])	cuda:0	True
2026-05-08 14:38:23,191 - INFO - module.noise_predictor.blocks.0.temporal_attention.query_projection.bias	torch.Size([128])	cuda:0	True
2026-05-08 14:38:23,191 - INFO - module.noise_predictor.blocks.0.temporal_attention.key_projection.weight	torch.Size([128, 128])	cuda:0	True
2026-05-08 14:38:23,191 - INFO - module.noise_predictor.blocks.0.temporal_attention.key_projection.bias	torch.Size([128])	cuda:0	True
2026-05-08 14:38:23,191 - INFO - module.noise_predictor.blocks.0.temporal_attention.value_projection.weight	torch.Size([128, 128])	cuda:0	True
2026-05-08 14:38:23,191 - INFO - module.noise_predictor.blocks.0.temporal_attention.value_projection.bias	torch.Size([128])	cuda:0	True
2026-05-08 14:38:23,191 - INFO - module.noise_predictor.blocks.0.temporal_attention.output_projection.weight	torch.Size([128, 128])	cuda:0	True
2026-05-08 14:38:23,191 - INFO - module.noise_predictor.blocks.0.temporal_attention.output_projection.bias	torch.Size([128])	cuda:0	True
2026-05-08 14:38:23,191 - INFO - module.noise_predictor.blocks.0.graph_convolution.projections.0.weight	torch.Size([128, 128])	cuda:0	True
2026-05-08 14:38:23,192 - INFO - module.noise_predictor.blocks.0.graph_convolution.projections.0.bias	torch.Size([128])	cuda:0	True
2026-05-08 14:38:23,192 - INFO - module.noise_predictor.blocks.0.graph_convolution.projections.1.weight	torch.Size([128, 128])	cuda:0	True
2026-05-08 14:38:23,192 - INFO - module.noise_predictor.blocks.0.graph_convolution.projections.1.bias	torch.Size([128])	cuda:0	True
2026-05-08 14:38:23,192 - INFO - module.noise_predictor.blocks.0.graph_convolution.projections.2.weight	torch.Size([128, 128])	cuda:0	True
2026-05-08 14:38:23,192 - INFO - module.noise_predictor.blocks.0.graph_convolution.projections.2.bias	torch.Size([128])	cuda:0	True
2026-05-08 14:38:23,192 - INFO - module.noise_predictor.blocks.0.cross_attention.query_projection.weight	torch.Size([128, 128])	cuda:0	True
2026-05-08 14:38:23,192 - INFO - module.noise_predictor.blocks.0.cross_attention.query_projection.bias	torch.Size([128])	cuda:0	True
2026-05-08 14:38:23,192 - INFO - module.noise_predictor.blocks.0.cross_attention.key_projection.weight	torch.Size([128, 128])	cuda:0	True
2026-05-08 14:38:23,192 - INFO - module.noise_predictor.blocks.0.cross_attention.key_projection.bias	torch.Size([128])	cuda:0	True
2026-05-08 14:38:23,192 - INFO - module.noise_predictor.blocks.0.cross_attention.value_projection.weight	torch.Size([128, 128])	cuda:0	True
2026-05-08 14:38:23,192 - INFO - module.noise_predictor.blocks.0.cross_attention.value_projection.bias	torch.Size([128])	cuda:0	True
2026-05-08 14:38:23,192 - INFO - module.noise_predictor.blocks.0.cross_attention.output_projection.weight	torch.Size([128, 128])	cuda:0	True
2026-05-08 14:38:23,192 - INFO - module.noise_predictor.blocks.0.cross_attention.output_projection.bias	torch.Size([128])	cuda:0	True
2026-05-08 14:38:23,192 - INFO - module.noise_predictor.blocks.0.spatiotemporal_attention.query_projection.weight	torch.Size([128, 128])	cuda:0	True
2026-05-08 14:38:23,192 - INFO - module.noise_predictor.blocks.0.spatiotemporal_attention.query_projection.bias	torch.Size([128])	cuda:0	True
2026-05-08 14:38:23,192 - INFO - module.noise_predictor.blocks.0.spatiotemporal_attention.key_projection.weight	torch.Size([128, 128])	cuda:0	True
2026-05-08 14:38:23,192 - INFO - module.noise_predictor.blocks.0.spatiotemporal_attention.key_projection.bias	torch.Size([128])	cuda:0	True
2026-05-08 14:38:23,193 - INFO - module.noise_predictor.blocks.0.spatiotemporal_attention.value_projection.weight	torch.Size([128, 128])	cuda:0	True
2026-05-08 14:38:23,193 - INFO - module.noise_predictor.blocks.0.spatiotemporal_attention.value_projection.bias	torch.Size([128])	cuda:0	True
2026-05-08 14:38:23,193 - INFO - module.noise_predictor.blocks.0.spatiotemporal_attention.output_projection.weight	torch.Size([128, 128])	cuda:0	True
2026-05-08 14:38:23,193 - INFO - module.noise_predictor.blocks.0.spatiotemporal_attention.output_projection.bias	torch.Size([128])	cuda:0	True
2026-05-08 14:38:23,193 - INFO - module.noise_predictor.blocks.0.feed_forward.network.0.weight	torch.Size([256, 128])	cuda:0	True
2026-05-08 14:38:23,193 - INFO - module.noise_predictor.blocks.0.feed_forward.network.0.bias	torch.Size([256])	cuda:0	True
2026-05-08 14:38:23,193 - INFO - module.noise_predictor.blocks.0.feed_forward.network.3.weight	torch.Size([128, 256])	cuda:0	True
2026-05-08 14:38:23,193 - INFO - module.noise_predictor.blocks.0.feed_forward.network.3.bias	torch.Size([128])	cuda:0	True
2026-05-08 14:38:23,193 - INFO - module.noise_predictor.blocks.0.norm_temporal.weight	torch.Size([128])	cuda:0	True
2026-05-08 14:38:23,193 - INFO - module.noise_predictor.blocks.0.norm_temporal.bias	torch.Size([128])	cuda:0	True
2026-05-08 14:38:23,193 - INFO - module.noise_predictor.blocks.0.norm_graph.weight	torch.Size([128])	cuda:0	True
2026-05-08 14:38:23,193 - INFO - module.noise_predictor.blocks.0.norm_graph.bias	torch.Size([128])	cuda:0	True
2026-05-08 14:38:23,193 - INFO - module.noise_predictor.blocks.0.norm_cross.weight	torch.Size([128])	cuda:0	True
2026-05-08 14:38:23,193 - INFO - module.noise_predictor.blocks.0.norm_cross.bias	torch.Size([128])	cuda:0	True
2026-05-08 14:38:23,193 - INFO - module.noise_predictor.blocks.0.norm_spatiotemporal.weight	torch.Size([128])	cuda:0	True
2026-05-08 14:38:23,193 - INFO - module.noise_predictor.blocks.0.norm_spatiotemporal.bias	torch.Size([128])	cuda:0	True
2026-05-08 14:38:23,193 - INFO - module.noise_predictor.blocks.0.norm_ffn.weight	torch.Size([128])	cuda:0	True
2026-05-08 14:38:23,194 - INFO - module.noise_predictor.blocks.0.norm_ffn.bias	torch.Size([128])	cuda:0	True
2026-05-08 14:38:23,194 - INFO - module.noise_predictor.blocks.1.temporal_attention.query_projection.weight	torch.Size([128, 128])	cuda:0	True
2026-05-08 14:38:23,194 - INFO - module.noise_predictor.blocks.1.temporal_attention.query_projection.bias	torch.Size([128])	cuda:0	True
2026-05-08 14:38:23,194 - INFO - module.noise_predictor.blocks.1.temporal_attention.key_projection.weight	torch.Size([128, 128])	cuda:0	True
2026-05-08 14:38:23,194 - INFO - module.noise_predictor.blocks.1.temporal_attention.key_projection.bias	torch.Size([128])	cuda:0	True
2026-05-08 14:38:23,194 - INFO - module.noise_predictor.blocks.1.temporal_attention.value_projection.weight	torch.Size([128, 128])	cuda:0	True
2026-05-08 14:38:23,194 - INFO - module.noise_predictor.blocks.1.temporal_attention.value_projection.bias	torch.Size([128])	cuda:0	True
2026-05-08 14:38:23,194 - INFO - module.noise_predictor.blocks.1.temporal_attention.output_projection.weight	torch.Size([128, 128])	cuda:0	True
2026-05-08 14:38:23,194 - INFO - module.noise_predictor.blocks.1.temporal_attention.output_projection.bias	torch.Size([128])	cuda:0	True
2026-05-08 14:38:23,194 - INFO - module.noise_predictor.blocks.1.graph_convolution.projections.0.weight	torch.Size([128, 128])	cuda:0	True
2026-05-08 14:38:23,194 - INFO - module.noise_predictor.blocks.1.graph_convolution.projections.0.bias	torch.Size([128])	cuda:0	True
2026-05-08 14:38:23,194 - INFO - module.noise_predictor.blocks.1.graph_convolution.projections.1.weight	torch.Size([128, 128])	cuda:0	True
2026-05-08 14:38:23,194 - INFO - module.noise_predictor.blocks.1.graph_convolution.projections.1.bias	torch.Size([128])	cuda:0	True
2026-05-08 14:38:23,194 - INFO - module.noise_predictor.blocks.1.graph_convolution.projections.2.weight	torch.Size([128, 128])	cuda:0	True
2026-05-08 14:38:23,194 - INFO - module.noise_predictor.blocks.1.graph_convolution.projections.2.bias	torch.Size([128])	cuda:0	True
2026-05-08 14:38:23,194 - INFO - module.noise_predictor.blocks.1.cross_attention.query_projection.weight	torch.Size([128, 128])	cuda:0	True
2026-05-08 14:38:23,195 - INFO - module.noise_predictor.blocks.1.cross_attention.query_projection.bias	torch.Size([128])	cuda:0	True
2026-05-08 14:38:23,195 - INFO - module.noise_predictor.blocks.1.cross_attention.key_projection.weight	torch.Size([128, 128])	cuda:0	True
2026-05-08 14:38:23,195 - INFO - module.noise_predictor.blocks.1.cross_attention.key_projection.bias	torch.Size([128])	cuda:0	True
2026-05-08 14:38:23,195 - INFO - module.noise_predictor.blocks.1.cross_attention.value_projection.weight	torch.Size([128, 128])	cuda:0	True
2026-05-08 14:38:23,195 - INFO - module.noise_predictor.blocks.1.cross_attention.value_projection.bias	torch.Size([128])	cuda:0	True
2026-05-08 14:38:23,195 - INFO - module.noise_predictor.blocks.1.cross_attention.output_projection.weight	torch.Size([128, 128])	cuda:0	True
2026-05-08 14:38:23,195 - INFO - module.noise_predictor.blocks.1.cross_attention.output_projection.bias	torch.Size([128])	cuda:0	True
2026-05-08 14:38:23,195 - INFO - module.noise_predictor.blocks.1.spatiotemporal_attention.query_projection.weight	torch.Size([128, 128])	cuda:0	True
2026-05-08 14:38:23,195 - INFO - module.noise_predictor.blocks.1.spatiotemporal_attention.query_projection.bias	torch.Size([128])	cuda:0	True
2026-05-08 14:38:23,195 - INFO - module.noise_predictor.blocks.1.spatiotemporal_attention.key_projection.weight	torch.Size([128, 128])	cuda:0	True
2026-05-08 14:38:23,195 - INFO - module.noise_predictor.blocks.1.spatiotemporal_attention.key_projection.bias	torch.Size([128])	cuda:0	True
2026-05-08 14:38:23,195 - INFO - module.noise_predictor.blocks.1.spatiotemporal_attention.value_projection.weight	torch.Size([128, 128])	cuda:0	True
2026-05-08 14:38:23,195 - INFO - module.noise_predictor.blocks.1.spatiotemporal_attention.value_projection.bias	torch.Size([128])	cuda:0	True
2026-05-08 14:38:23,195 - INFO - module.noise_predictor.blocks.1.spatiotemporal_attention.output_projection.weight	torch.Size([128, 128])	cuda:0	True
2026-05-08 14:38:23,195 - INFO - module.noise_predictor.blocks.1.spatiotemporal_attention.output_projection.bias	torch.Size([128])	cuda:0	True
2026-05-08 14:38:23,195 - INFO - module.noise_predictor.blocks.1.feed_forward.network.0.weight	torch.Size([256, 128])	cuda:0	True
2026-05-08 14:38:23,196 - INFO - module.noise_predictor.blocks.1.feed_forward.network.0.bias	torch.Size([256])	cuda:0	True
2026-05-08 14:38:23,196 - INFO - module.noise_predictor.blocks.1.feed_forward.network.3.weight	torch.Size([128, 256])	cuda:0	True
2026-05-08 14:38:23,196 - INFO - module.noise_predictor.blocks.1.feed_forward.network.3.bias	torch.Size([128])	cuda:0	True
2026-05-08 14:38:23,196 - INFO - module.noise_predictor.blocks.1.norm_temporal.weight	torch.Size([128])	cuda:0	True
2026-05-08 14:38:23,196 - INFO - module.noise_predictor.blocks.1.norm_temporal.bias	torch.Size([128])	cuda:0	True
2026-05-08 14:38:23,196 - INFO - module.noise_predictor.blocks.1.norm_graph.weight	torch.Size([128])	cuda:0	True
2026-05-08 14:38:23,196 - INFO - module.noise_predictor.blocks.1.norm_graph.bias	torch.Size([128])	cuda:0	True
2026-05-08 14:38:23,196 - INFO - module.noise_predictor.blocks.1.norm_cross.weight	torch.Size([128])	cuda:0	True
2026-05-08 14:38:23,196 - INFO - module.noise_predictor.blocks.1.norm_cross.bias	torch.Size([128])	cuda:0	True
2026-05-08 14:38:23,196 - INFO - module.noise_predictor.blocks.1.norm_spatiotemporal.weight	torch.Size([128])	cuda:0	True
2026-05-08 14:38:23,196 - INFO - module.noise_predictor.blocks.1.norm_spatiotemporal.bias	torch.Size([128])	cuda:0	True
2026-05-08 14:38:23,196 - INFO - module.noise_predictor.blocks.1.norm_ffn.weight	torch.Size([128])	cuda:0	True
2026-05-08 14:38:23,196 - INFO - module.noise_predictor.blocks.1.norm_ffn.bias	torch.Size([128])	cuda:0	True
2026-05-08 14:38:23,196 - INFO - module.noise_predictor.blocks.2.temporal_attention.query_projection.weight	torch.Size([128, 128])	cuda:0	True
2026-05-08 14:38:23,196 - INFO - module.noise_predictor.blocks.2.temporal_attention.query_projection.bias	torch.Size([128])	cuda:0	True
2026-05-08 14:38:23,196 - INFO - module.noise_predictor.blocks.2.temporal_attention.key_projection.weight	torch.Size([128, 128])	cuda:0	True
2026-05-08 14:38:23,196 - INFO - module.noise_predictor.blocks.2.temporal_attention.key_projection.bias	torch.Size([128])	cuda:0	True
2026-05-08 14:38:23,197 - INFO - module.noise_predictor.blocks.2.temporal_attention.value_projection.weight	torch.Size([128, 128])	cuda:0	True
2026-05-08 14:38:23,197 - INFO - module.noise_predictor.blocks.2.temporal_attention.value_projection.bias	torch.Size([128])	cuda:0	True
2026-05-08 14:38:23,197 - INFO - module.noise_predictor.blocks.2.temporal_attention.output_projection.weight	torch.Size([128, 128])	cuda:0	True
2026-05-08 14:38:23,197 - INFO - module.noise_predictor.blocks.2.temporal_attention.output_projection.bias	torch.Size([128])	cuda:0	True
2026-05-08 14:38:23,197 - INFO - module.noise_predictor.blocks.2.graph_convolution.projections.0.weight	torch.Size([128, 128])	cuda:0	True
2026-05-08 14:38:23,197 - INFO - module.noise_predictor.blocks.2.graph_convolution.projections.0.bias	torch.Size([128])	cuda:0	True
2026-05-08 14:38:23,197 - INFO - module.noise_predictor.blocks.2.graph_convolution.projections.1.weight	torch.Size([128, 128])	cuda:0	True
2026-05-08 14:38:23,197 - INFO - module.noise_predictor.blocks.2.graph_convolution.projections.1.bias	torch.Size([128])	cuda:0	True
2026-05-08 14:38:23,197 - INFO - module.noise_predictor.blocks.2.graph_convolution.projections.2.weight	torch.Size([128, 128])	cuda:0	True
2026-05-08 14:38:23,197 - INFO - module.noise_predictor.blocks.2.graph_convolution.projections.2.bias	torch.Size([128])	cuda:0	True
2026-05-08 14:38:23,197 - INFO - module.noise_predictor.blocks.2.cross_attention.query_projection.weight	torch.Size([128, 128])	cuda:0	True
2026-05-08 14:38:23,197 - INFO - module.noise_predictor.blocks.2.cross_attention.query_projection.bias	torch.Size([128])	cuda:0	True
2026-05-08 14:38:23,197 - INFO - module.noise_predictor.blocks.2.cross_attention.key_projection.weight	torch.Size([128, 128])	cuda:0	True
2026-05-08 14:38:23,197 - INFO - module.noise_predictor.blocks.2.cross_attention.key_projection.bias	torch.Size([128])	cuda:0	True
2026-05-08 14:38:23,197 - INFO - module.noise_predictor.blocks.2.cross_attention.value_projection.weight	torch.Size([128, 128])	cuda:0	True
2026-05-08 14:38:23,197 - INFO - module.noise_predictor.blocks.2.cross_attention.value_projection.bias	torch.Size([128])	cuda:0	True
2026-05-08 14:38:23,198 - INFO - module.noise_predictor.blocks.2.cross_attention.output_projection.weight	torch.Size([128, 128])	cuda:0	True
2026-05-08 14:38:23,198 - INFO - module.noise_predictor.blocks.2.cross_attention.output_projection.bias	torch.Size([128])	cuda:0	True
2026-05-08 14:38:23,198 - INFO - module.noise_predictor.blocks.2.spatiotemporal_attention.query_projection.weight	torch.Size([128, 128])	cuda:0	True
2026-05-08 14:38:23,198 - INFO - module.noise_predictor.blocks.2.spatiotemporal_attention.query_projection.bias	torch.Size([128])	cuda:0	True
2026-05-08 14:38:23,198 - INFO - module.noise_predictor.blocks.2.spatiotemporal_attention.key_projection.weight	torch.Size([128, 128])	cuda:0	True
2026-05-08 14:38:23,198 - INFO - module.noise_predictor.blocks.2.spatiotemporal_attention.key_projection.bias	torch.Size([128])	cuda:0	True
2026-05-08 14:38:23,198 - INFO - module.noise_predictor.blocks.2.spatiotemporal_attention.value_projection.weight	torch.Size([128, 128])	cuda:0	True
2026-05-08 14:38:23,198 - INFO - module.noise_predictor.blocks.2.spatiotemporal_attention.value_projection.bias	torch.Size([128])	cuda:0	True
2026-05-08 14:38:23,198 - INFO - module.noise_predictor.blocks.2.spatiotemporal_attention.output_projection.weight	torch.Size([128, 128])	cuda:0	True
2026-05-08 14:38:23,198 - INFO - module.noise_predictor.blocks.2.spatiotemporal_attention.output_projection.bias	torch.Size([128])	cuda:0	True
2026-05-08 14:38:23,198 - INFO - module.noise_predictor.blocks.2.feed_forward.network.0.weight	torch.Size([256, 128])	cuda:0	True
2026-05-08 14:38:23,198 - INFO - module.noise_predictor.blocks.2.feed_forward.network.0.bias	torch.Size([256])	cuda:0	True
2026-05-08 14:38:23,198 - INFO - module.noise_predictor.blocks.2.feed_forward.network.3.weight	torch.Size([128, 256])	cuda:0	True
2026-05-08 14:38:23,198 - INFO - module.noise_predictor.blocks.2.feed_forward.network.3.bias	torch.Size([128])	cuda:0	True
2026-05-08 14:38:23,199 - INFO - module.noise_predictor.blocks.2.norm_temporal.weight	torch.Size([128])	cuda:0	True
2026-05-08 14:38:23,199 - INFO - module.noise_predictor.blocks.2.norm_temporal.bias	torch.Size([128])	cuda:0	True
2026-05-08 14:38:23,199 - INFO - module.noise_predictor.blocks.2.norm_graph.weight	torch.Size([128])	cuda:0	True
2026-05-08 14:38:23,199 - INFO - module.noise_predictor.blocks.2.norm_graph.bias	torch.Size([128])	cuda:0	True
2026-05-08 14:38:23,199 - INFO - module.noise_predictor.blocks.2.norm_cross.weight	torch.Size([128])	cuda:0	True
2026-05-08 14:38:23,199 - INFO - module.noise_predictor.blocks.2.norm_cross.bias	torch.Size([128])	cuda:0	True
2026-05-08 14:38:23,199 - INFO - module.noise_predictor.blocks.2.norm_spatiotemporal.weight	torch.Size([128])	cuda:0	True
2026-05-08 14:38:23,199 - INFO - module.noise_predictor.blocks.2.norm_spatiotemporal.bias	torch.Size([128])	cuda:0	True
2026-05-08 14:38:23,199 - INFO - module.noise_predictor.blocks.2.norm_ffn.weight	torch.Size([128])	cuda:0	True
2026-05-08 14:38:23,199 - INFO - module.noise_predictor.blocks.2.norm_ffn.bias	torch.Size([128])	cuda:0	True
2026-05-08 14:38:23,199 - INFO - module.noise_predictor.blocks.3.temporal_attention.query_projection.weight	torch.Size([128, 128])	cuda:0	True
2026-05-08 14:38:23,199 - INFO - module.noise_predictor.blocks.3.temporal_attention.query_projection.bias	torch.Size([128])	cuda:0	True
2026-05-08 14:38:23,199 - INFO - module.noise_predictor.blocks.3.temporal_attention.key_projection.weight	torch.Size([128, 128])	cuda:0	True
2026-05-08 14:38:23,199 - INFO - module.noise_predictor.blocks.3.temporal_attention.key_projection.bias	torch.Size([128])	cuda:0	True
2026-05-08 14:38:23,199 - INFO - module.noise_predictor.blocks.3.temporal_attention.value_projection.weight	torch.Size([128, 128])	cuda:0	True
2026-05-08 14:38:23,199 - INFO - module.noise_predictor.blocks.3.temporal_attention.value_projection.bias	torch.Size([128])	cuda:0	True
2026-05-08 14:38:23,199 - INFO - module.noise_predictor.blocks.3.temporal_attention.output_projection.weight	torch.Size([128, 128])	cuda:0	True
2026-05-08 14:38:23,200 - INFO - module.noise_predictor.blocks.3.temporal_attention.output_projection.bias	torch.Size([128])	cuda:0	True
2026-05-08 14:38:23,200 - INFO - module.noise_predictor.blocks.3.graph_convolution.projections.0.weight	torch.Size([128, 128])	cuda:0	True
2026-05-08 14:38:23,200 - INFO - module.noise_predictor.blocks.3.graph_convolution.projections.0.bias	torch.Size([128])	cuda:0	True
2026-05-08 14:38:23,200 - INFO - module.noise_predictor.blocks.3.graph_convolution.projections.1.weight	torch.Size([128, 128])	cuda:0	True
2026-05-08 14:38:23,200 - INFO - module.noise_predictor.blocks.3.graph_convolution.projections.1.bias	torch.Size([128])	cuda:0	True
2026-05-08 14:38:23,200 - INFO - module.noise_predictor.blocks.3.graph_convolution.projections.2.weight	torch.Size([128, 128])	cuda:0	True
2026-05-08 14:38:23,200 - INFO - module.noise_predictor.blocks.3.graph_convolution.projections.2.bias	torch.Size([128])	cuda:0	True
2026-05-08 14:38:23,200 - INFO - module.noise_predictor.blocks.3.cross_attention.query_projection.weight	torch.Size([128, 128])	cuda:0	True
2026-05-08 14:38:23,200 - INFO - module.noise_predictor.blocks.3.cross_attention.query_projection.bias	torch.Size([128])	cuda:0	True
2026-05-08 14:38:23,200 - INFO - module.noise_predictor.blocks.3.cross_attention.key_projection.weight	torch.Size([128, 128])	cuda:0	True
2026-05-08 14:38:23,200 - INFO - module.noise_predictor.blocks.3.cross_attention.key_projection.bias	torch.Size([128])	cuda:0	True
2026-05-08 14:38:23,200 - INFO - module.noise_predictor.blocks.3.cross_attention.value_projection.weight	torch.Size([128, 128])	cuda:0	True
2026-05-08 14:38:23,200 - INFO - module.noise_predictor.blocks.3.cross_attention.value_projection.bias	torch.Size([128])	cuda:0	True
2026-05-08 14:38:23,200 - INFO - module.noise_predictor.blocks.3.cross_attention.output_projection.weight	torch.Size([128, 128])	cuda:0	True
2026-05-08 14:38:23,200 - INFO - module.noise_predictor.blocks.3.cross_attention.output_projection.bias	torch.Size([128])	cuda:0	True
2026-05-08 14:38:23,200 - INFO - module.noise_predictor.blocks.3.spatiotemporal_attention.query_projection.weight	torch.Size([128, 128])	cuda:0	True
2026-05-08 14:38:23,201 - INFO - module.noise_predictor.blocks.3.spatiotemporal_attention.query_projection.bias	torch.Size([128])	cuda:0	True
2026-05-08 14:38:23,201 - INFO - module.noise_predictor.blocks.3.spatiotemporal_attention.key_projection.weight	torch.Size([128, 128])	cuda:0	True
2026-05-08 14:38:23,201 - INFO - module.noise_predictor.blocks.3.spatiotemporal_attention.key_projection.bias	torch.Size([128])	cuda:0	True
2026-05-08 14:38:23,201 - INFO - module.noise_predictor.blocks.3.spatiotemporal_attention.value_projection.weight	torch.Size([128, 128])	cuda:0	True
2026-05-08 14:38:23,201 - INFO - module.noise_predictor.blocks.3.spatiotemporal_attention.value_projection.bias	torch.Size([128])	cuda:0	True
2026-05-08 14:38:23,201 - INFO - module.noise_predictor.blocks.3.spatiotemporal_attention.output_projection.weight	torch.Size([128, 128])	cuda:0	True
2026-05-08 14:38:23,201 - INFO - module.noise_predictor.blocks.3.spatiotemporal_attention.output_projection.bias	torch.Size([128])	cuda:0	True
2026-05-08 14:38:23,201 - INFO - module.noise_predictor.blocks.3.feed_forward.network.0.weight	torch.Size([256, 128])	cuda:0	True
2026-05-08 14:38:23,201 - INFO - module.noise_predictor.blocks.3.feed_forward.network.0.bias	torch.Size([256])	cuda:0	True
2026-05-08 14:38:23,201 - INFO - module.noise_predictor.blocks.3.feed_forward.network.3.weight	torch.Size([128, 256])	cuda:0	True
2026-05-08 14:38:23,201 - INFO - module.noise_predictor.blocks.3.feed_forward.network.3.bias	torch.Size([128])	cuda:0	True
2026-05-08 14:38:23,201 - INFO - module.noise_predictor.blocks.3.norm_temporal.weight	torch.Size([128])	cuda:0	True
2026-05-08 14:38:23,201 - INFO - module.noise_predictor.blocks.3.norm_temporal.bias	torch.Size([128])	cuda:0	True
2026-05-08 14:38:23,201 - INFO - module.noise_predictor.blocks.3.norm_graph.weight	torch.Size([128])	cuda:0	True
2026-05-08 14:38:23,201 - INFO - module.noise_predictor.blocks.3.norm_graph.bias	torch.Size([128])	cuda:0	True
2026-05-08 14:38:23,201 - INFO - module.noise_predictor.blocks.3.norm_cross.weight	torch.Size([128])	cuda:0	True
2026-05-08 14:38:23,202 - INFO - module.noise_predictor.blocks.3.norm_cross.bias	torch.Size([128])	cuda:0	True
2026-05-08 14:38:23,202 - INFO - module.noise_predictor.blocks.3.norm_spatiotemporal.weight	torch.Size([128])	cuda:0	True
2026-05-08 14:38:23,202 - INFO - module.noise_predictor.blocks.3.norm_spatiotemporal.bias	torch.Size([128])	cuda:0	True
2026-05-08 14:38:23,202 - INFO - module.noise_predictor.blocks.3.norm_ffn.weight	torch.Size([128])	cuda:0	True
2026-05-08 14:38:23,202 - INFO - module.noise_predictor.blocks.3.norm_ffn.bias	torch.Size([128])	cuda:0	True
2026-05-08 14:38:23,202 - INFO - module.noise_predictor.final_norm.weight	torch.Size([128])	cuda:0	True
2026-05-08 14:38:23,202 - INFO - module.noise_predictor.final_norm.bias	torch.Size([128])	cuda:0	True
2026-05-08 14:38:23,202 - INFO - module.noise_predictor.output_projection.weight	torch.Size([3, 128])	cuda:0	True
2026-05-08 14:38:23,202 - INFO - module.noise_predictor.output_projection.bias	torch.Size([3])	cuda:0	True
2026-05-08 14:38:23,202 - INFO - module.noise_predictor.adaptive_graph_learner.node_embeddings	torch.Size([307, 32])	cuda:0	True
2026-05-08 14:38:23,202 - INFO - module.noise_predictor.adaptive_graph_learner.blend_logit	torch.Size([])	cuda:0	True
2026-05-08 14:38:23,202 - INFO - module.noise_predictor.adaptive_graph_learner.fuzzy_centers	torch.Size([3])	cuda:0	True
2026-05-08 14:38:23,202 - INFO - module.noise_predictor.adaptive_graph_learner.fuzzy_log_sigmas	torch.Size([3])	cuda:0	True
2026-05-08 14:38:23,202 - INFO - module.noise_predictor.adaptive_graph_learner.fuzzy_rule_logits	torch.Size([3])	cuda:0	True
2026-05-08 14:38:23,202 - INFO - module.noise_predictor.adaptive_graph_learner.feature_projection.weight	torch.Size([32, 128])	cuda:0	True
2026-05-08 14:38:23,202 - INFO - module.noise_predictor.adaptive_graph_learner.feature_projection.bias	torch.Size([32])	cuda:0	True
2026-05-08 14:38:23,203 - INFO - module.noise_predictor.adaptive_graph_learner.time_projection.weight	torch.Size([32, 128])	cuda:0	True
2026-05-08 14:38:23,203 - INFO - module.noise_predictor.adaptive_graph_learner.time_projection.bias	torch.Size([32])	cuda:0	True
2026-05-08 14:38:23,203 - INFO - Total parameter numbers: 1713081
2026-05-08 14:38:23,203 - INFO - You select `adamw` optimizer.
2026-05-08 14:38:23,204 - INFO - You select `cosineannealinglr` lr_scheduler.
2026-05-08 14:38:23,204 - WARNING - Received none train loss func and will use the loss func defined in the model.
2026-05-08 14:38:23,205 - INFO - Start training ...
2026-05-08 14:38:23,205 - INFO - num_batches:80
2026-05-08 14:38:23,399 - INFO - Enable physics warmup: steps=3000 start_ratio=0.200 mode=linear.
2026-05-08 14:38:23,400 - INFO - Enable physics warmup: steps=3000 start_ratio=0.200 mode=linear.
2026-05-08 14:38:23,425 - INFO - Enable physics warmup: steps=3000 start_ratio=0.200 mode=linear.
2026-05-08 14:38:23,473 - INFO - Enable physics warmup: steps=3000 start_ratio=0.200 mode=linear.
2026-05-08 14:39:07,997 - INFO - epoch complete!
2026-05-08 14:39:07,997 - INFO - evaluating now!
2026-05-08 14:39:07,997 - INFO - epoch complete!
2026-05-08 14:39:07,998 - INFO - evaluating now!
2026-05-08 14:39:07,998 - INFO - epoch complete!
2026-05-08 14:39:07,998 - INFO - evaluating now!
2026-05-08 14:39:07,998 - INFO - epoch complete!
2026-05-08 14:39:07,999 - INFO - evaluating now!
2026-05-08 14:39:12,031 - INFO - Epoch [0/20] train_loss: 4.7258, val_loss: 4.2910, lr: 0.000994, 48.85s
2026-05-08 14:39:12,054 - INFO - Epoch [0/20] train_loss: 4.7281, val_loss: 4.2910, lr: 0.000994, 48.87s
2026-05-08 14:39:12,055 - INFO - Epoch [0/20] train_loss: 4.7340, val_loss: 4.2910, lr: 0.000994, 48.87s
2026-05-08 14:39:12,080 - INFO - Epoch [0/20] train_loss: 4.7330, val_loss: 4.2910, lr: 0.000994, 48.88s
2026-05-08 14:39:12,098 - INFO - Saved model at 0
2026-05-08 14:39:12,098 - INFO - Val loss decrease from inf to 4.2910, saving to /home/lizhuoxuan/lzq/Bigscity-LibCity-master/outputs/20260508_143812__traffic_state_pred__new_diffusion_fuzzy__PEMSD4/model_cache/new_diffusion_fuzzy_PEMSD4_epoch0.tar
2026-05-08 14:39:12,119 - INFO - Saved model at 0
2026-05-08 14:39:12,120 - INFO - Val loss decrease from inf to 4.2910, saving to /home/lizhuoxuan/lzq/Bigscity-LibCity-master/outputs/20260508_143812__traffic_state_pred__new_diffusion_fuzzy__PEMSD4/model_cache/new_diffusion_fuzzy_PEMSD4_epoch0.tar
2026-05-08 14:39:12,121 - INFO - Saved model at 0
2026-05-08 14:39:12,122 - INFO - Val loss decrease from inf to 4.2910, saving to /home/lizhuoxuan/lzq/Bigscity-LibCity-master/outputs/20260508_143812__traffic_state_pred__new_diffusion_fuzzy__PEMSD4/model_cache/new_diffusion_fuzzy_PEMSD4_epoch0.tar
2026-05-08 14:39:12,141 - INFO - Saved model at 0
2026-05-08 14:39:12,141 - INFO - Val loss decrease from inf to 4.2910, saving to /home/lizhuoxuan/lzq/Bigscity-LibCity-master/outputs/20260508_143812__traffic_state_pred__new_diffusion_fuzzy__PEMSD4/model_cache/new_diffusion_fuzzy_PEMSD4_epoch0.tar
2026-05-08 14:39:56,470 - INFO - epoch complete!
2026-05-08 14:39:56,470 - INFO - evaluating now!
2026-05-08 14:39:56,471 - INFO - epoch complete!
2026-05-08 14:39:56,471 - INFO - epoch complete!
2026-05-08 14:39:56,472 - INFO - epoch complete!
2026-05-08 14:39:56,474 - INFO - evaluating now!
2026-05-08 14:39:56,474 - INFO - evaluating now!
2026-05-08 14:39:56,475 - INFO - evaluating now!
2026-05-08 14:40:00,514 - INFO - Epoch [1/20] train_loss: 4.6326, val_loss: 4.4153, lr: 0.000976, 48.39s
2026-05-08 14:40:00,524 - INFO - Epoch [1/20] train_loss: 4.6326, val_loss: 4.4153, lr: 0.000976, 48.43s
2026-05-08 14:40:00,545 - INFO - Epoch [1/20] train_loss: 4.6326, val_loss: 4.4153, lr: 0.000976, 48.43s
2026-05-08 14:40:00,561 - INFO - Epoch [1/20] train_loss: 4.6326, val_loss: 4.4153, lr: 0.000976, 48.42s
2026-05-08 14:40:44,894 - INFO - epoch complete!
2026-05-08 14:40:44,894 - INFO - evaluating now!
2026-05-08 14:40:44,894 - INFO - epoch complete!
2026-05-08 14:40:44,895 - INFO - evaluating now!
2026-05-08 14:40:44,895 - INFO - epoch complete!
2026-05-08 14:40:44,895 - INFO - evaluating now!
2026-05-08 14:40:44,895 - INFO - epoch complete!
2026-05-08 14:40:44,895 - INFO - evaluating now!
2026-05-08 14:40:48,961 - INFO - Epoch [2/20] train_loss: 3.3866, val_loss: 5.1241, lr: 0.000946, 48.44s
2026-05-08 14:40:48,987 - INFO - Epoch [2/20] train_loss: 3.3877, val_loss: 5.1243, lr: 0.000946, 48.44s
2026-05-08 14:40:49,000 - INFO - Epoch [2/20] train_loss: 3.3851, val_loss: 5.1252, lr: 0.000946, 48.44s
2026-05-08 14:40:49,017 - INFO - Epoch [2/20] train_loss: 3.3859, val_loss: 5.1220, lr: 0.000946, 48.50s
2026-05-08 14:41:33,476 - INFO - epoch complete!
2026-05-08 14:41:33,477 - INFO - evaluating now!
2026-05-08 14:41:33,478 - INFO - epoch complete!
2026-05-08 14:41:33,478 - INFO - evaluating now!
2026-05-08 14:41:33,480 - INFO - epoch complete!
2026-05-08 14:41:33,481 - INFO - evaluating now!
2026-05-08 14:41:33,481 - INFO - epoch complete!
2026-05-08 14:41:33,481 - INFO - evaluating now!
2026-05-08 14:41:37,550 - INFO - Epoch [3/20] train_loss: 1.1574, val_loss: 0.8742, lr: 0.000905, 48.59s
2026-05-08 14:41:37,586 - INFO - Epoch [3/20] train_loss: 1.1667, val_loss: 0.8758, lr: 0.000905, 48.60s
2026-05-08 14:41:37,590 - INFO - Epoch [3/20] train_loss: 1.1698, val_loss: 0.8746, lr: 0.000905, 48.59s
2026-05-08 14:41:37,612 - INFO - Epoch [3/20] train_loss: 1.1702, val_loss: 0.8747, lr: 0.000905, 48.59s
2026-05-08 14:41:37,715 - INFO - Saved model at 3
2026-05-08 14:41:37,715 - INFO - Val loss decrease from 4.2910 to 0.8742, saving to /home/lizhuoxuan/lzq/Bigscity-LibCity-master/outputs/20260508_143812__traffic_state_pred__new_diffusion_fuzzy__PEMSD4/model_cache/new_diffusion_fuzzy_PEMSD4_epoch3.tar
2026-05-08 14:41:37,921 - INFO - Saved model at 3
2026-05-08 14:41:37,921 - INFO - Val loss decrease from 4.2910 to 0.8746, saving to /home/lizhuoxuan/lzq/Bigscity-LibCity-master/outputs/20260508_143812__traffic_state_pred__new_diffusion_fuzzy__PEMSD4/model_cache/new_diffusion_fuzzy_PEMSD4_epoch3.tar
2026-05-08 14:41:37,921 - INFO - Saved model at 3
2026-05-08 14:41:37,921 - INFO - Saved model at 3
2026-05-08 14:41:37,922 - INFO - Val loss decrease from 4.2910 to 0.8758, saving to /home/lizhuoxuan/lzq/Bigscity-LibCity-master/outputs/20260508_143812__traffic_state_pred__new_diffusion_fuzzy__PEMSD4/model_cache/new_diffusion_fuzzy_PEMSD4_epoch3.tar
2026-05-08 14:41:37,922 - INFO - Val loss decrease from 4.2910 to 0.8747, saving to /home/lizhuoxuan/lzq/Bigscity-LibCity-master/outputs/20260508_143812__traffic_state_pred__new_diffusion_fuzzy__PEMSD4/model_cache/new_diffusion_fuzzy_PEMSD4_epoch3.tar
2026-05-08 14:42:22,983 - INFO - epoch complete!
2026-05-08 14:42:22,983 - INFO - evaluating now!
2026-05-08 14:42:22,984 - INFO - epoch complete!
2026-05-08 14:42:22,984 - INFO - evaluating now!
2026-05-08 14:42:22,984 - INFO - epoch complete!
2026-05-08 14:42:22,984 - INFO - evaluating now!
2026-05-08 14:42:22,989 - INFO - epoch complete!
2026-05-08 14:42:22,990 - INFO - evaluating now!
2026-05-08 14:42:27,065 - INFO - Epoch [4/20] train_loss: 0.8265, val_loss: 0.6618, lr: 0.000855, 49.35s
2026-05-08 14:42:27,098 - INFO - Epoch [4/20] train_loss: 0.8232, val_loss: 0.6618, lr: 0.000855, 49.18s
2026-05-08 14:42:27,117 - INFO - Epoch [4/20] train_loss: 0.8181, val_loss: 0.6612, lr: 0.000855, 49.20s
2026-05-08 14:42:27,132 - INFO - Epoch [4/20] train_loss: 0.8191, val_loss: 0.6630, lr: 0.000855, 49.21s
2026-05-08 14:42:27,287 - INFO - Saved model at 4
2026-05-08 14:42:27,288 - INFO - Val loss decrease from 0.8742 to 0.6618, saving to /home/lizhuoxuan/lzq/Bigscity-LibCity-master/outputs/20260508_143812__traffic_state_pred__new_diffusion_fuzzy__PEMSD4/model_cache/new_diffusion_fuzzy_PEMSD4_epoch4.tar
2026-05-08 14:42:27,394 - INFO - Saved model at 4
2026-05-08 14:42:27,395 - INFO - Val loss decrease from 0.8747 to 0.6630, saving to /home/lizhuoxuan/lzq/Bigscity-LibCity-master/outputs/20260508_143812__traffic_state_pred__new_diffusion_fuzzy__PEMSD4/model_cache/new_diffusion_fuzzy_PEMSD4_epoch4.tar
2026-05-08 14:42:27,465 - INFO - Saved model at 4
2026-05-08 14:42:27,465 - INFO - Val loss decrease from 0.8758 to 0.6618, saving to /home/lizhuoxuan/lzq/Bigscity-LibCity-master/outputs/20260508_143812__traffic_state_pred__new_diffusion_fuzzy__PEMSD4/model_cache/new_diffusion_fuzzy_PEMSD4_epoch4.tar
2026-05-08 14:42:27,509 - INFO - Saved model at 4
2026-05-08 14:42:27,510 - INFO - Val loss decrease from 0.8746 to 0.6612, saving to /home/lizhuoxuan/lzq/Bigscity-LibCity-master/outputs/20260508_143812__traffic_state_pred__new_diffusion_fuzzy__PEMSD4/model_cache/new_diffusion_fuzzy_PEMSD4_epoch4.tar
2026-05-08 14:43:12,859 - INFO - epoch complete!
2026-05-08 14:43:12,859 - INFO - epoch complete!
2026-05-08 14:43:12,860 - INFO - evaluating now!
2026-05-08 14:43:12,860 - INFO - evaluating now!
2026-05-08 14:43:12,861 - INFO - epoch complete!
2026-05-08 14:43:12,861 - INFO - evaluating now!
2026-05-08 14:43:12,867 - INFO - epoch complete!
2026-05-08 14:43:12,867 - INFO - evaluating now!
2026-05-08 14:43:16,943 - INFO - Epoch [5/20] train_loss: 0.7161, val_loss: 0.6771, lr: 0.000796, 49.66s
2026-05-08 14:43:16,982 - INFO - Epoch [5/20] train_loss: 0.7187, val_loss: 0.6792, lr: 0.000796, 49.52s
2026-05-08 14:43:17,004 - INFO - Epoch [5/20] train_loss: 0.7233, val_loss: 0.6777, lr: 0.000796, 49.49s
2026-05-08 14:43:17,007 - INFO - Epoch [5/20] train_loss: 0.7154, val_loss: 0.6786, lr: 0.000796, 49.61s
2026-05-08 14:44:02,455 - INFO - epoch complete!
2026-05-08 14:44:02,455 - INFO - evaluating now!
2026-05-08 14:44:02,457 - INFO - epoch complete!
2026-05-08 14:44:02,457 - INFO - evaluating now!
2026-05-08 14:44:02,458 - INFO - epoch complete!
2026-05-08 14:44:02,458 - INFO - evaluating now!
2026-05-08 14:44:02,462 - INFO - epoch complete!
2026-05-08 14:44:02,462 - INFO - evaluating now!
2026-05-08 14:44:06,537 - INFO - Epoch [6/20] train_loss: 0.7005, val_loss: 0.5948, lr: 0.000730, 49.59s
2026-05-08 14:44:06,590 - INFO - Epoch [6/20] train_loss: 0.7017, val_loss: 0.5944, lr: 0.000730, 49.61s
2026-05-08 14:44:06,622 - INFO - Epoch [6/20] train_loss: 0.7046, val_loss: 0.5951, lr: 0.000730, 49.62s
2026-05-08 14:44:06,624 - INFO - Epoch [6/20] train_loss: 0.6953, val_loss: 0.5939, lr: 0.000730, 49.62s
2026-05-08 14:44:06,705 - INFO - Saved model at 6
2026-05-08 14:44:06,706 - INFO - Val loss decrease from 0.6618 to 0.5948, saving to /home/lizhuoxuan/lzq/Bigscity-LibCity-master/outputs/20260508_143812__traffic_state_pred__new_diffusion_fuzzy__PEMSD4/model_cache/new_diffusion_fuzzy_PEMSD4_epoch6.tar
2026-05-08 14:44:06,915 - INFO - Saved model at 6
2026-05-08 14:44:06,915 - INFO - Val loss decrease from 0.6618 to 0.5944, saving to /home/lizhuoxuan/lzq/Bigscity-LibCity-master/outputs/20260508_143812__traffic_state_pred__new_diffusion_fuzzy__PEMSD4/model_cache/new_diffusion_fuzzy_PEMSD4_epoch6.tar
2026-05-08 14:44:06,917 - INFO - Saved model at 6
2026-05-08 14:44:06,917 - INFO - Val loss decrease from 0.6612 to 0.5951, saving to /home/lizhuoxuan/lzq/Bigscity-LibCity-master/outputs/20260508_143812__traffic_state_pred__new_diffusion_fuzzy__PEMSD4/model_cache/new_diffusion_fuzzy_PEMSD4_epoch6.tar
2026-05-08 14:44:06,918 - INFO - Saved model at 6
2026-05-08 14:44:06,918 - INFO - Val loss decrease from 0.6630 to 0.5939, saving to /home/lizhuoxuan/lzq/Bigscity-LibCity-master/outputs/20260508_143812__traffic_state_pred__new_diffusion_fuzzy__PEMSD4/model_cache/new_diffusion_fuzzy_PEMSD4_epoch6.tar
2026-05-08 14:44:52,471 - INFO - epoch complete!
2026-05-08 14:44:52,471 - INFO - evaluating now!
2026-05-08 14:44:52,472 - INFO - epoch complete!
2026-05-08 14:44:52,472 - INFO - evaluating now!
2026-05-08 14:44:52,472 - INFO - epoch complete!
2026-05-08 14:44:52,473 - INFO - evaluating now!
2026-05-08 14:44:52,481 - INFO - epoch complete!
2026-05-08 14:44:52,481 - INFO - evaluating now!
2026-05-08 14:44:56,563 - INFO - Epoch [7/20] train_loss: 0.6423, val_loss: 0.5246, lr: 0.000658, 49.86s
2026-05-08 14:44:56,618 - INFO - Epoch [7/20] train_loss: 0.6416, val_loss: 0.5262, lr: 0.000658, 49.70s
2026-05-08 14:44:56,624 - INFO - Saved model at 7
2026-05-08 14:44:56,624 - INFO - Val loss decrease from 0.5948 to 0.5246, saving to /home/lizhuoxuan/lzq/Bigscity-LibCity-master/outputs/20260508_143812__traffic_state_pred__new_diffusion_fuzzy__PEMSD4/model_cache/new_diffusion_fuzzy_PEMSD4_epoch7.tar
2026-05-08 14:44:56,655 - INFO - Epoch [7/20] train_loss: 0.6406, val_loss: 0.5242, lr: 0.000658, 49.74s
2026-05-08 14:44:56,667 - INFO - Epoch [7/20] train_loss: 0.6434, val_loss: 0.5259, lr: 0.000658, 49.75s
2026-05-08 14:44:56,933 - INFO - Saved model at 7
2026-05-08 14:44:56,933 - INFO - Val loss decrease from 0.5951 to 0.5242, saving to /home/lizhuoxuan/lzq/Bigscity-LibCity-master/outputs/20260508_143812__traffic_state_pred__new_diffusion_fuzzy__PEMSD4/model_cache/new_diffusion_fuzzy_PEMSD4_epoch7.tar
2026-05-08 14:44:56,946 - INFO - Saved model at 7
2026-05-08 14:44:56,946 - INFO - Val loss decrease from 0.5944 to 0.5262, saving to /home/lizhuoxuan/lzq/Bigscity-LibCity-master/outputs/20260508_143812__traffic_state_pred__new_diffusion_fuzzy__PEMSD4/model_cache/new_diffusion_fuzzy_PEMSD4_epoch7.tar
2026-05-08 14:44:56,956 - INFO - Saved model at 7
2026-05-08 14:44:56,956 - INFO - Val loss decrease from 0.5939 to 0.5259, saving to /home/lizhuoxuan/lzq/Bigscity-LibCity-master/outputs/20260508_143812__traffic_state_pred__new_diffusion_fuzzy__PEMSD4/model_cache/new_diffusion_fuzzy_PEMSD4_epoch7.tar
2026-05-08 14:45:42,596 - INFO - epoch complete!
2026-05-08 14:45:42,597 - INFO - evaluating now!
2026-05-08 14:45:42,597 - INFO - epoch complete!
2026-05-08 14:45:42,597 - INFO - evaluating now!
2026-05-08 14:45:42,598 - INFO - epoch complete!
2026-05-08 14:45:42,598 - INFO - evaluating now!
2026-05-08 14:45:42,602 - INFO - epoch complete!
2026-05-08 14:45:42,602 - INFO - evaluating now!
2026-05-08 14:45:46,682 - INFO - Epoch [8/20] train_loss: 0.6322, val_loss: 0.5787, lr: 0.000582, 50.06s
2026-05-08 14:45:46,744 - INFO - Epoch [8/20] train_loss: 0.6406, val_loss: 0.5775, lr: 0.000582, 49.80s
2026-05-08 14:45:46,775 - INFO - Epoch [8/20] train_loss: 0.6257, val_loss: 0.5795, lr: 0.000582, 49.84s
2026-05-08 14:45:46,818 - INFO - Epoch [8/20] train_loss: 0.6435, val_loss: 0.5766, lr: 0.000582, 49.86s
2026-05-08 14:46:32,450 - INFO - epoch complete!
2026-05-08 14:46:32,451 - INFO - evaluating now!
2026-05-08 14:46:32,452 - INFO - epoch complete!
2026-05-08 14:46:32,452 - INFO - evaluating now!
2026-05-08 14:46:32,452 - INFO - epoch complete!
2026-05-08 14:46:32,452 - INFO - evaluating now!
2026-05-08 14:46:32,464 - INFO - epoch complete!
2026-05-08 14:46:32,465 - INFO - evaluating now!
2026-05-08 14:46:36,547 - INFO - Epoch [9/20] train_loss: 0.6160, val_loss: 0.5383, lr: 0.000505, 49.87s
2026-05-08 14:46:36,603 - INFO - Epoch [9/20] train_loss: 0.6289, val_loss: 0.5386, lr: 0.000505, 49.86s
2026-05-08 14:46:36,638 - INFO - Epoch [9/20] train_loss: 0.6215, val_loss: 0.5375, lr: 0.000505, 49.86s
2026-05-08 14:46:36,679 - INFO - Epoch [9/20] train_loss: 0.6187, val_loss: 0.5367, lr: 0.000505, 49.86s
2026-05-08 14:47:22,402 - INFO - epoch complete!
2026-05-08 14:47:22,402 - INFO - evaluating now!
2026-05-08 14:47:22,402 - INFO - epoch complete!
2026-05-08 14:47:22,402 - INFO - epoch complete!
2026-05-08 14:47:22,403 - INFO - evaluating now!
2026-05-08 14:47:22,403 - INFO - evaluating now!
2026-05-08 14:47:22,411 - INFO - epoch complete!
2026-05-08 14:47:22,411 - INFO - evaluating now!
2026-05-08 14:47:26,494 - INFO - Epoch [10/20] train_loss: 0.5967, val_loss: 0.5753, lr: 0.000428, 49.95s
2026-05-08 14:47:26,549 - INFO - Epoch [10/20] train_loss: 0.6030, val_loss: 0.5741, lr: 0.000428, 49.95s
2026-05-08 14:47:26,589 - INFO - Epoch [10/20] train_loss: 0.6076, val_loss: 0.5742, lr: 0.000428, 49.95s
2026-05-08 14:47:26,665 - INFO - Epoch [10/20] train_loss: 0.6039, val_loss: 0.5741, lr: 0.000428, 49.99s
2026-05-08 14:48:12,339 - INFO - epoch complete!
2026-05-08 14:48:12,339 - INFO - evaluating now!
2026-05-08 14:48:12,341 - INFO - epoch complete!
2026-05-08 14:48:12,341 - INFO - evaluating now!
2026-05-08 14:48:12,341 - INFO - epoch complete!
2026-05-08 14:48:12,341 - INFO - evaluating now!
2026-05-08 14:48:12,356 - INFO - epoch complete!
2026-05-08 14:48:12,356 - INFO - evaluating now!
2026-05-08 14:48:16,438 - INFO - Epoch [11/20] train_loss: 0.5476, val_loss: 0.5565, lr: 0.000352, 49.94s
2026-05-08 14:48:16,503 - INFO - Epoch [11/20] train_loss: 0.5462, val_loss: 0.5557, lr: 0.000352, 49.95s
2026-05-08 14:48:16,536 - INFO - Epoch [11/20] train_loss: 0.5390, val_loss: 0.5573, lr: 0.000352, 49.95s
2026-05-08 14:48:16,590 - INFO - Epoch [11/20] train_loss: 0.5537, val_loss: 0.5560, lr: 0.000352, 49.92s
2026-05-08 14:49:02,308 - INFO - epoch complete!
2026-05-08 14:49:02,308 - INFO - evaluating now!
2026-05-08 14:49:02,309 - INFO - epoch complete!
2026-05-08 14:49:02,309 - INFO - evaluating now!
2026-05-08 14:49:02,309 - INFO - epoch complete!
2026-05-08 14:49:02,309 - INFO - evaluating now!
2026-05-08 14:49:02,313 - INFO - epoch complete!
2026-05-08 14:49:02,313 - INFO - evaluating now!
2026-05-08 14:49:06,397 - INFO - Epoch [12/20] train_loss: 0.5608, val_loss: 0.5163, lr: 0.000280, 49.96s
2026-05-08 14:49:06,454 - INFO - Epoch [12/20] train_loss: 0.5746, val_loss: 0.5199, lr: 0.000280, 49.95s
2026-05-08 14:49:06,456 - INFO - Saved model at 12
2026-05-08 14:49:06,456 - INFO - Val loss decrease from 0.5246 to 0.5163, saving to /home/lizhuoxuan/lzq/Bigscity-LibCity-master/outputs/20260508_143812__traffic_state_pred__new_diffusion_fuzzy__PEMSD4/model_cache/new_diffusion_fuzzy_PEMSD4_epoch12.tar
2026-05-08 14:49:06,491 - INFO - Epoch [12/20] train_loss: 0.5636, val_loss: 0.5162, lr: 0.000280, 49.95s
2026-05-08 14:49:06,557 - INFO - Epoch [12/20] train_loss: 0.5639, val_loss: 0.5193, lr: 0.000280, 49.97s
2026-05-08 14:49:06,656 - INFO - Saved model at 12
2026-05-08 14:49:06,657 - INFO - Val loss decrease from 0.5262 to 0.5199, saving to /home/lizhuoxuan/lzq/Bigscity-LibCity-master/outputs/20260508_143812__traffic_state_pred__new_diffusion_fuzzy__PEMSD4/model_cache/new_diffusion_fuzzy_PEMSD4_epoch12.tar
2026-05-08 14:49:06,730 - INFO - Saved model at 12
2026-05-08 14:49:06,731 - INFO - Val loss decrease from 0.5242 to 0.5162, saving to /home/lizhuoxuan/lzq/Bigscity-LibCity-master/outputs/20260508_143812__traffic_state_pred__new_diffusion_fuzzy__PEMSD4/model_cache/new_diffusion_fuzzy_PEMSD4_epoch12.tar
2026-05-08 14:49:06,859 - INFO - Saved model at 12
2026-05-08 14:49:06,859 - INFO - Val loss decrease from 0.5259 to 0.5193, saving to /home/lizhuoxuan/lzq/Bigscity-LibCity-master/outputs/20260508_143812__traffic_state_pred__new_diffusion_fuzzy__PEMSD4/model_cache/new_diffusion_fuzzy_PEMSD4_epoch12.tar
2026-05-08 14:49:52,507 - INFO - epoch complete!
2026-05-08 14:49:52,508 - INFO - evaluating now!
2026-05-08 14:49:52,508 - INFO - epoch complete!
2026-05-08 14:49:52,508 - INFO - evaluating now!
2026-05-08 14:49:52,508 - INFO - epoch complete!
2026-05-08 14:49:52,508 - INFO - evaluating now!
2026-05-08 14:49:52,516 - INFO - epoch complete!
2026-05-08 14:49:52,516 - INFO - evaluating now!
2026-05-08 14:49:56,599 - INFO - Epoch [13/20] train_loss: 0.5711, val_loss: 0.5777, lr: 0.000214, 50.14s
2026-05-08 14:49:56,670 - INFO - Epoch [13/20] train_loss: 0.5879, val_loss: 0.5782, lr: 0.000214, 50.01s
2026-05-08 14:49:56,698 - INFO - Epoch [13/20] train_loss: 0.5735, val_loss: 0.5783, lr: 0.000214, 49.97s
2026-05-08 14:49:56,738 - INFO - Epoch [13/20] train_loss: 0.5763, val_loss: 0.5771, lr: 0.000214, 49.88s
2026-05-08 14:50:42,538 - INFO - epoch complete!
2026-05-08 14:50:42,538 - INFO - evaluating now!
2026-05-08 14:50:42,539 - INFO - epoch complete!
2026-05-08 14:50:42,539 - INFO - evaluating now!
2026-05-08 14:50:42,541 - INFO - epoch complete!
2026-05-08 14:50:42,541 - INFO - evaluating now!
2026-05-08 14:50:42,548 - INFO - epoch complete!
2026-05-08 14:50:42,548 - INFO - evaluating now!
2026-05-08 14:50:46,630 - INFO - Epoch [14/20] train_loss: 0.5595, val_loss: 0.5376, lr: 0.000155, 50.03s
2026-05-08 14:50:46,698 - INFO - Epoch [14/20] train_loss: 0.5639, val_loss: 0.5394, lr: 0.000155, 50.03s
2026-05-08 14:50:46,724 - INFO - Epoch [14/20] train_loss: 0.5726, val_loss: 0.5374, lr: 0.000155, 50.03s
2026-05-08 14:50:46,741 - INFO - Epoch [14/20] train_loss: 0.5672, val_loss: 0.5392, lr: 0.000155, 50.00s
2026-05-08 14:51:32,505 - INFO - epoch complete!
2026-05-08 14:51:32,505 - INFO - evaluating now!
2026-05-08 14:51:32,506 - INFO - epoch complete!
2026-05-08 14:51:32,507 - INFO - evaluating now!
2026-05-08 14:51:32,512 - INFO - epoch complete!
2026-05-08 14:51:32,512 - INFO - evaluating now!
2026-05-08 14:51:32,515 - INFO - epoch complete!
2026-05-08 14:51:32,516 - INFO - evaluating now!
2026-05-08 14:51:36,599 - INFO - Epoch [15/20] train_loss: 0.5784, val_loss: 0.5440, lr: 0.000105, 49.97s
2026-05-08 14:51:36,667 - INFO - Epoch [15/20] train_loss: 0.5850, val_loss: 0.5440, lr: 0.000105, 49.97s
2026-05-08 14:51:36,713 - INFO - Epoch [15/20] train_loss: 0.5853, val_loss: 0.5434, lr: 0.000105, 49.99s
2026-05-08 14:51:36,749 - INFO - Epoch [15/20] train_loss: 0.5851, val_loss: 0.5437, lr: 0.000105, 50.01s
2026-05-08 14:52:22,566 - INFO - epoch complete!
2026-05-08 14:52:22,566 - INFO - evaluating now!
2026-05-08 14:52:22,568 - INFO - epoch complete!
2026-05-08 14:52:22,568 - INFO - evaluating now!
2026-05-08 14:52:22,572 - INFO - epoch complete!
2026-05-08 14:52:22,572 - INFO - evaluating now!
2026-05-08 14:52:22,574 - INFO - epoch complete!
2026-05-08 14:52:22,574 - INFO - evaluating now!
2026-05-08 14:52:26,652 - INFO - Epoch [16/20] train_loss: 0.5771, val_loss: 0.5918, lr: 0.000064, 50.05s
2026-05-08 14:52:26,722 - INFO - Epoch [16/20] train_loss: 0.5970, val_loss: 0.5919, lr: 0.000064, 50.06s
2026-05-08 14:52:26,755 - INFO - Epoch [16/20] train_loss: 0.5879, val_loss: 0.5919, lr: 0.000064, 50.04s
2026-05-08 14:52:26,796 - INFO - Epoch [16/20] train_loss: 0.5820, val_loss: 0.5916, lr: 0.000064, 50.05s
2026-05-08 14:53:12,699 - INFO - epoch complete!
2026-05-08 14:53:12,699 - INFO - evaluating now!
2026-05-08 14:53:12,699 - INFO - epoch complete!
2026-05-08 14:53:12,701 - INFO - epoch complete!
2026-05-08 14:53:12,709 - INFO - epoch complete!
2026-05-08 14:53:12,745 - INFO - evaluating now!
2026-05-08 14:53:12,745 - INFO - evaluating now!
2026-05-08 14:53:12,745 - INFO - evaluating now!
2026-05-08 14:53:16,785 - INFO - Epoch [17/20] train_loss: 0.5473, val_loss: 0.5907, lr: 0.000034, 50.13s
2026-05-08 14:53:16,851 - INFO - Epoch [17/20] train_loss: 0.5525, val_loss: 0.5920, lr: 0.000034, 50.13s
2026-05-08 14:53:16,903 - INFO - Epoch [17/20] train_loss: 0.5538, val_loss: 0.5912, lr: 0.000034, 50.15s
2026-05-08 14:53:16,936 - INFO - Epoch [17/20] train_loss: 0.5566, val_loss: 0.5926, lr: 0.000034, 50.14s
2026-05-08 14:54:02,758 - INFO - epoch complete!
2026-05-08 14:54:02,758 - INFO - evaluating now!
2026-05-08 14:54:02,759 - INFO - epoch complete!
2026-05-08 14:54:02,760 - INFO - evaluating now!
2026-05-08 14:54:02,760 - INFO - epoch complete!
2026-05-08 14:54:02,761 - INFO - evaluating now!
2026-05-08 14:54:02,774 - INFO - epoch complete!
2026-05-08 14:54:02,774 - INFO - evaluating now!
2026-05-08 14:54:06,856 - INFO - Epoch [18/20] train_loss: 0.5467, val_loss: 0.5673, lr: 0.000016, 50.07s
2026-05-08 14:54:06,917 - INFO - Epoch [18/20] train_loss: 0.5483, val_loss: 0.5686, lr: 0.000016, 50.07s
2026-05-08 14:54:06,955 - INFO - Epoch [18/20] train_loss: 0.5504, val_loss: 0.5673, lr: 0.000016, 50.05s
2026-05-08 14:54:07,016 - INFO - Epoch [18/20] train_loss: 0.5412, val_loss: 0.5686, lr: 0.000016, 50.08s
2026-05-08 14:54:52,851 - INFO - epoch complete!
2026-05-08 14:54:52,851 - INFO - evaluating now!
2026-05-08 14:54:52,852 - INFO - epoch complete!
2026-05-08 14:54:52,853 - INFO - evaluating now!
2026-05-08 14:54:52,853 - INFO - epoch complete!
2026-05-08 14:54:52,853 - INFO - evaluating now!
2026-05-08 14:54:52,860 - INFO - epoch complete!
2026-05-08 14:54:52,860 - INFO - evaluating now!
2026-05-08 14:54:56,942 - INFO - Epoch [19/20] train_loss: 0.5085, val_loss: 0.5233, lr: 0.000010, 50.09s
2026-05-08 14:54:56,942 - INFO - Trained totally 20 epochs, average train time is 45.567s, average eval time is 4.083s
2026-05-08 14:54:57,016 - INFO - Epoch [19/20] train_loss: 0.5113, val_loss: 0.5241, lr: 0.000010, 50.10s
2026-05-08 14:54:57,016 - INFO - Trained totally 20 epochs, average train time is 45.475s, average eval time is 4.133s
2026-05-08 14:54:57,048 - INFO - Epoch [19/20] train_loss: 0.5098, val_loss: 0.5249, lr: 0.000010, 50.09s
2026-05-08 14:54:57,048 - INFO - Trained totally 20 epochs, average train time is 45.448s, average eval time is 4.162s
2026-05-08 14:54:57,076 - INFO - Loaded model at 12
2026-05-08 14:54:57,109 - INFO - Epoch [19/20] train_loss: 0.5043, val_loss: 0.5226, lr: 0.000010, 50.09s
2026-05-08 14:54:57,109 - INFO - Trained totally 20 epochs, average train time is 45.433s, average eval time is 4.184s
2026-05-08 14:54:57,152 - INFO - Loaded model at 12
2026-05-08 14:54:57,182 - INFO - Loaded model at 12
2026-05-08 14:54:57,183 - INFO - Saved model at /home/lizhuoxuan/lzq/Bigscity-LibCity-master/outputs/20260508_143812__traffic_state_pred__new_diffusion_fuzzy__PEMSD4/model_cache/new_diffusion_fuzzy_PEMSD4.m
2026-05-08 14:54:57,247 - INFO - Loaded model at 12
2026-05-08 14:54:57,247 - INFO - Start evaluating ...
2026-05-08 14:57:59,827 - INFO - Note that you select the single mode to evaluate!
2026-05-08 14:57:59,865 - INFO - Evaluate result is saved at /home/lizhuoxuan/lzq/Bigscity-LibCity-master/outputs/20260508_143812__traffic_state_pred__new_diffusion_fuzzy__PEMSD4/evaluate_cache/2026_05_08_14_57_59_new_diffusion_fuzzy_PEMSD4.csv
2026-05-08 14:57:59,875 - INFO - 
          MAE          MAPE           MSE  ...  masked_RMSE        R2      EVAR
1   38.909588  15157.701172   9120.334961  ...    95.865952  0.452112  0.499586
2   38.899418  14299.912109   9074.188477  ...    95.618767  0.454785  0.502292
3   38.974678  14282.300781   9078.257812  ...    95.645332  0.454756  0.502807
4   39.046665  14727.600586   9081.801758  ...    95.659538  0.454530  0.502790
5   39.387074  15992.051758   9257.669922  ...    96.576820  0.443892  0.492855
6   39.444046  14034.306641   9242.562500  ...    96.509918  0.444695  0.494871
7   40.040333  15076.108398   9428.689453  ...    97.464249  0.433725  0.485376
8   40.503330  15222.104492   9623.938477  ...    98.471687  0.421981  0.474912
9   40.847633  17247.847656   9743.778320  ...    99.073143  0.414702  0.467946
10  41.355343  15959.403320   9873.923828  ...    99.742546  0.406774  0.461383
11  42.169231  17125.095703  10157.233398  ...   101.146111  0.389976  0.446485
12  42.787178  17295.300781  10366.921875  ...   102.188965  0.377366  0.435091

[12 rows x 10 columns]
