2026-05-28 11:44:01,300 - INFO - Log directory: /home/lizhuoxuan/lzq/Bigscity-LibCity-master/outputs/20260528_114401__traffic_state_pred__final_new__METR_LA/logs
2026-05-28 11:44:01,604 - INFO - Log directory: /home/lizhuoxuan/lzq/Bigscity-LibCity-master/outputs/20260528_114401__traffic_state_pred__final_new__METR_LA/logs
2026-05-28 11:44:01,604 - INFO - Begin artifact training pipeline, task=traffic_state_pred, model_name=final_new, dataset_name=METR_LA, exp_id=20260528_114401__traffic_state_pred__final_new__METR_LA
2026-05-28 11:44:01,604 - INFO - {'task': 'traffic_state_pred', 'model': 'final_new', 'dataset': 'METR_LA', 'saved_model': True, 'train': True, 'seed': 42, 'train_rate': 0.6, 'eval_rate': 0.2, 'batch_size': 64, 'learning_rate': 0.0004, 'max_epoch': 20, 'dataset_class': 'TrafficStatePointDataset', 'executor': 'FinalNewExecutor', 'evaluator': 'TrafficStateEvaluator', 'band_center_init': 1.1, 'band_width_init': 0.7, 'calculate_weight_adj': True, 'cell_blend_init': 0, 'conservation_loss_weight': 0.1, 'conservation_steps_per_epoch': 80, 'conservation_warmup_epochs': 5, 'data_col': ['traffic_speed'], 'data_files': ['METR_LA'], 'decoder_layers': 2, 'device': device(type='cuda', index=0), 'disturb_rate': 0.5, 'dropout': 0.1, 'dyna': {'including_types': ['state'], 'state': {'entity_id': 'geo_id', 'traffic_speed': 'num'}}, 'encoder_layers': 2, 'eval_batch_size': 64, 'evaluator_mode': 'single', 'ffn_hidden_dim': 128, 'fir_mode': 'lukasiewicz', 'fuzzy_num_sets': 4, 'geo': {'including_types': ['Point'], 'Point': {}}, 'geo_file': 'METR_LA', 'graph_k_hop': 2, 'hidden_dim': 96, 'init_weight_inf_or_zero': 'inf', 'is_distributed': True, 'metrics': ['MAE', 'MAPE', 'MSE', 'RMSE', 'masked_MAE', 'masked_MAPE', 'masked_MSE', 'masked_RMSE', 'R2', 'EVAR'], 'noise_SD': [10], 'noise_mean': [5], 'noise_type': 'gaussian', 'num_cells': 8, 'num_heads': 2, 'num_workers': 0, 'output_dim': 1, 'pad_with_last_sample': True, 'physics_channel_idx': 0, 'rank': 0, 'region_transformer_layers': 1, 'rel': {'including_types': ['geo'], 'geo': {'cost': 'num'}}, 'rel_file': 'METR_LA', 'robustness_test': False, 'save_mode': ['csv'], 'set_weight_link_or_dist': 'dist', 'time_intervals': 300, 'use_amp': True, 'use_gradient_checkpointing': False, 'use_temporal_position_embedding': True, 'weight_adj_epsilon': 0.1, 'weight_col': 'cost', 'world_size': 2, 'clip_grad_norm': True, 'epoch': 0, 'gpu': True, 'gpu_id': 0, 'learner': 'adamw', 'load_best_epoch': True, 'log_every': 1, 'lr_decay': True, 'lr_decay_ratio': 0.5, 'lr_patience': 5, 'lr_scheduler': 'cosineannealinglr', 'lr_threshold': 0.001, 'max_grad_norm': 3, 'patience': 10, 'train_loss': 'none', 'use_early_stop': True, 'weight_decay': 0.0001, 'data_version_id': 'dv_1779936936_bdc7dc37', 'input_window': 12, 'output_window': 12, 'scaler': 'standard', 'load_external': False, 'normal_external': False, 'add_time_in_day': True, 'add_day_in_week': True, 'cache_dataset': True, 'ext_scaler': 'none', 'local_rank': 0, 'dist_backend': 'nccl', 'exp_id': '20260528_114401__traffic_state_pred__final_new__METR_LA'}
2026-05-28 11:44:21,871 - INFO - Enable AMP training (dtype=float16).
2026-05-28 11:44:21,871 - INFO - You select `adamw` optimizer.
2026-05-28 11:44:21,872 - INFO - You select `cosineannealinglr` lr_scheduler.
2026-05-28 11:44:21,872 - WARNING - Received none train loss func and will use the loss func defined in the model.
2026-05-28 11:44:21,876 - INFO - DistributedDataParallel(
  (module): NewFuzzyCellAttention(
    (fuzzy_graph): FuzzyRelationalGraphLearner(
      (raw_projection): Linear(in_features=9, out_features=96, bias=True)
      (feature_to_membership): Sequential(
        (0): Linear(in_features=96, out_features=48, bias=True)
        (1): GELU(approximate='none')
        (2): Linear(in_features=48, out_features=4, bias=True)
      )
    )
    (condition_encoder): STEncoder(
      (input_projection): Linear(in_features=9, out_features=96, bias=True)
      (blocks): ModuleList(
        (0-1): 2 x STEncoderBlock(
          (temporal_attention): MultiHeadAttention(
            (query_projection): Linear(in_features=96, out_features=96, bias=True)
            (key_projection): Linear(in_features=96, out_features=96, bias=True)
            (value_projection): Linear(in_features=96, out_features=96, bias=True)
            (output_projection): Linear(in_features=96, out_features=96, bias=True)
            (dropout): Dropout(p=0.1, inplace=False)
          )
          (graph_convolution): FuzzyGraphConvolution(
            (projections): ModuleList(
              (0-2): 3 x Linear(in_features=96, out_features=96, bias=True)
            )
          )
          (feed_forward): FeedForwardNetwork(
            (network): Sequential(
              (0): Linear(in_features=96, out_features=128, bias=True)
              (1): GELU(approximate='none')
              (2): Dropout(p=0.1, inplace=False)
              (3): Linear(in_features=128, out_features=96, bias=True)
              (4): Dropout(p=0.1, inplace=False)
            )
          )
          (norm_temporal): LayerNorm((96,), eps=1e-05, elementwise_affine=True)
          (norm_graph): LayerNorm((96,), eps=1e-05, elementwise_affine=True)
          (norm_ffn): LayerNorm((96,), eps=1e-05, elementwise_affine=True)
          (dropout): Dropout(p=0.1, inplace=False)
          (cell_attention): FuzzyCellAttention(
            (cell_transform): Linear(in_features=96, out_features=96, bias=True)
            (output_projection): Linear(in_features=96, out_features=96, bias=True)
            (region_transformer): RegionTransformer(
              (self_attn): MultiHeadAttention(
                (query_projection): Linear(in_features=96, out_features=96, bias=True)
                (key_projection): Linear(in_features=96, out_features=96, bias=True)
                (value_projection): Linear(in_features=96, out_features=96, bias=True)
                (output_projection): Linear(in_features=96, out_features=96, bias=True)
                (dropout): Dropout(p=0.1, inplace=False)
              )
              (ffn): FeedForwardNetwork(
                (network): Sequential(
                  (0): Linear(in_features=96, out_features=192, bias=True)
                  (1): GELU(approximate='none')
                  (2): Dropout(p=0.1, inplace=False)
                  (3): Linear(in_features=192, out_features=96, bias=True)
                  (4): Dropout(p=0.1, inplace=False)
                )
              )
              (norm1): LayerNorm((96,), eps=1e-05, elementwise_affine=True)
              (norm2): LayerNorm((96,), eps=1e-05, elementwise_affine=True)
              (dropout): Dropout(p=0.1, inplace=False)
            )
            (fuzzy_to_cell): Linear(in_features=4, out_features=8, bias=True)
          )
          (norm_cell): LayerNorm((96,), eps=1e-05, elementwise_affine=True)
        )
      )
      (final_norm): LayerNorm((96,), eps=1e-05, elementwise_affine=True)
    )
    (future_decoder): FutureDecoder(
      (blocks): ModuleList(
        (0-1): 2 x DecoderBlock(
          (temporal_attention): MultiHeadAttention(
            (query_projection): Linear(in_features=96, out_features=96, bias=True)
            (key_projection): Linear(in_features=96, out_features=96, bias=True)
            (value_projection): Linear(in_features=96, out_features=96, bias=True)
            (output_projection): Linear(in_features=96, out_features=96, bias=True)
            (dropout): Dropout(p=0.1, inplace=False)
          )
          (graph_convolution): FuzzyGraphConvolution(
            (projections): ModuleList(
              (0-2): 3 x Linear(in_features=96, out_features=96, bias=True)
            )
          )
          (cross_attention): MultiHeadAttention(
            (query_projection): Linear(in_features=96, out_features=96, bias=True)
            (key_projection): Linear(in_features=96, out_features=96, bias=True)
            (value_projection): Linear(in_features=96, out_features=96, bias=True)
            (output_projection): Linear(in_features=96, out_features=96, bias=True)
            (dropout): Dropout(p=0.1, inplace=False)
          )
          (feed_forward): FeedForwardNetwork(
            (network): Sequential(
              (0): Linear(in_features=96, out_features=128, bias=True)
              (1): GELU(approximate='none')
              (2): Dropout(p=0.1, inplace=False)
              (3): Linear(in_features=128, out_features=96, bias=True)
              (4): Dropout(p=0.1, inplace=False)
            )
          )
          (norm_temporal): LayerNorm((96,), eps=1e-05, elementwise_affine=True)
          (norm_graph): LayerNorm((96,), eps=1e-05, elementwise_affine=True)
          (norm_cross): LayerNorm((96,), eps=1e-05, elementwise_affine=True)
          (norm_ffn): LayerNorm((96,), eps=1e-05, elementwise_affine=True)
          (dropout): Dropout(p=0.1, inplace=False)
          (cell_attention): FuzzyCellAttention(
            (cell_transform): Linear(in_features=96, out_features=96, bias=True)
            (output_projection): Linear(in_features=96, out_features=96, bias=True)
            (region_transformer): RegionTransformer(
              (self_attn): MultiHeadAttention(
                (query_projection): Linear(in_features=96, out_features=96, bias=True)
                (key_projection): Linear(in_features=96, out_features=96, bias=True)
                (value_projection): Linear(in_features=96, out_features=96, bias=True)
                (output_projection): Linear(in_features=96, out_features=96, bias=True)
                (dropout): Dropout(p=0.1, inplace=False)
              )
              (ffn): FeedForwardNetwork(
                (network): Sequential(
                  (0): Linear(in_features=96, out_features=192, bias=True)
                  (1): GELU(approximate='none')
                  (2): Dropout(p=0.1, inplace=False)
                  (3): Linear(in_features=192, out_features=96, bias=True)
                  (4): Dropout(p=0.1, inplace=False)
                )
              )
              (norm1): LayerNorm((96,), eps=1e-05, elementwise_affine=True)
              (norm2): LayerNorm((96,), eps=1e-05, elementwise_affine=True)
              (dropout): Dropout(p=0.1, inplace=False)
            )
            (fuzzy_to_cell): Linear(in_features=4, out_features=8, bias=True)
          )
          (norm_cell): LayerNorm((96,), eps=1e-05, elementwise_affine=True)
        )
      )
      (final_norm): LayerNorm((96,), eps=1e-05, elementwise_affine=True)
      (output_projection): Linear(in_features=96, out_features=1, bias=True)
    )
  )
)
2026-05-28 11:44:21,879 - INFO - module.fuzzy_graph.base_memberships	torch.Size([207, 4])	cuda:0	True
2026-05-28 11:44:21,879 - INFO - module.fuzzy_graph.blend_logit	torch.Size([])	cuda:0	True
2026-05-28 11:44:21,879 - INFO - module.fuzzy_graph.raw_projection.weight	torch.Size([96, 9])	cuda:0	True
2026-05-28 11:44:21,879 - INFO - module.fuzzy_graph.raw_projection.bias	torch.Size([96])	cuda:0	True
2026-05-28 11:44:21,879 - INFO - module.fuzzy_graph.feature_to_membership.0.weight	torch.Size([48, 96])	cuda:0	True
2026-05-28 11:44:21,879 - INFO - module.fuzzy_graph.feature_to_membership.0.bias	torch.Size([48])	cuda:0	True
2026-05-28 11:44:21,879 - INFO - module.fuzzy_graph.feature_to_membership.2.weight	torch.Size([4, 48])	cuda:0	True
2026-05-28 11:44:21,879 - INFO - module.fuzzy_graph.feature_to_membership.2.bias	torch.Size([4])	cuda:0	True
2026-05-28 11:44:21,879 - INFO - module.condition_encoder.temporal_position_embedding	torch.Size([1, 12, 1, 96])	cuda:0	True
2026-05-28 11:44:21,879 - INFO - module.condition_encoder.input_projection.weight	torch.Size([96, 9])	cuda:0	True
2026-05-28 11:44:21,879 - INFO - module.condition_encoder.input_projection.bias	torch.Size([96])	cuda:0	True
2026-05-28 11:44:21,879 - INFO - module.condition_encoder.blocks.0.temporal_attention.query_projection.weight	torch.Size([96, 96])	cuda:0	True
2026-05-28 11:44:21,879 - INFO - module.condition_encoder.blocks.0.temporal_attention.query_projection.bias	torch.Size([96])	cuda:0	True
2026-05-28 11:44:21,879 - INFO - module.condition_encoder.blocks.0.temporal_attention.key_projection.weight	torch.Size([96, 96])	cuda:0	True
2026-05-28 11:44:21,879 - INFO - module.condition_encoder.blocks.0.temporal_attention.key_projection.bias	torch.Size([96])	cuda:0	True
2026-05-28 11:44:21,880 - INFO - module.condition_encoder.blocks.0.temporal_attention.value_projection.weight	torch.Size([96, 96])	cuda:0	True
2026-05-28 11:44:21,880 - INFO - module.condition_encoder.blocks.0.temporal_attention.value_projection.bias	torch.Size([96])	cuda:0	True
2026-05-28 11:44:21,880 - INFO - module.condition_encoder.blocks.0.temporal_attention.output_projection.weight	torch.Size([96, 96])	cuda:0	True
2026-05-28 11:44:21,880 - INFO - module.condition_encoder.blocks.0.temporal_attention.output_projection.bias	torch.Size([96])	cuda:0	True
2026-05-28 11:44:21,880 - INFO - module.condition_encoder.blocks.0.graph_convolution.projections.0.weight	torch.Size([96, 96])	cuda:0	True
2026-05-28 11:44:21,880 - INFO - module.condition_encoder.blocks.0.graph_convolution.projections.0.bias	torch.Size([96])	cuda:0	True
2026-05-28 11:44:21,880 - INFO - module.condition_encoder.blocks.0.graph_convolution.projections.1.weight	torch.Size([96, 96])	cuda:0	True
2026-05-28 11:44:21,880 - INFO - module.condition_encoder.blocks.0.graph_convolution.projections.1.bias	torch.Size([96])	cuda:0	True
2026-05-28 11:44:21,880 - INFO - module.condition_encoder.blocks.0.graph_convolution.projections.2.weight	torch.Size([96, 96])	cuda:0	True
2026-05-28 11:44:21,880 - INFO - module.condition_encoder.blocks.0.graph_convolution.projections.2.bias	torch.Size([96])	cuda:0	True
2026-05-28 11:44:21,880 - INFO - module.condition_encoder.blocks.0.feed_forward.network.0.weight	torch.Size([128, 96])	cuda:0	True
2026-05-28 11:44:21,880 - INFO - module.condition_encoder.blocks.0.feed_forward.network.0.bias	torch.Size([128])	cuda:0	True
2026-05-28 11:44:21,880 - INFO - module.condition_encoder.blocks.0.feed_forward.network.3.weight	torch.Size([96, 128])	cuda:0	True
2026-05-28 11:44:21,880 - INFO - module.condition_encoder.blocks.0.feed_forward.network.3.bias	torch.Size([96])	cuda:0	True
2026-05-28 11:44:21,880 - INFO - module.condition_encoder.blocks.0.norm_temporal.weight	torch.Size([96])	cuda:0	True
2026-05-28 11:44:21,880 - INFO - module.condition_encoder.blocks.0.norm_temporal.bias	torch.Size([96])	cuda:0	True
2026-05-28 11:44:21,880 - INFO - module.condition_encoder.blocks.0.norm_graph.weight	torch.Size([96])	cuda:0	True
2026-05-28 11:44:21,880 - INFO - module.condition_encoder.blocks.0.norm_graph.bias	torch.Size([96])	cuda:0	True
2026-05-28 11:44:21,880 - INFO - module.condition_encoder.blocks.0.norm_ffn.weight	torch.Size([96])	cuda:0	True
2026-05-28 11:44:21,880 - INFO - module.condition_encoder.blocks.0.norm_ffn.bias	torch.Size([96])	cuda:0	True
2026-05-28 11:44:21,880 - INFO - module.condition_encoder.blocks.0.cell_attention.centers	torch.Size([8, 96])	cuda:0	True
2026-05-28 11:44:21,880 - INFO - module.condition_encoder.blocks.0.cell_attention.log_sigma_sq	torch.Size([1])	cuda:0	True
2026-05-28 11:44:21,880 - INFO - module.condition_encoder.blocks.0.cell_attention.cell_blend	torch.Size([])	cuda:0	True
2026-05-28 11:44:21,880 - INFO - module.condition_encoder.blocks.0.cell_attention.band_center	torch.Size([])	cuda:0	True
2026-05-28 11:44:21,880 - INFO - module.condition_encoder.blocks.0.cell_attention.band_width_raw	torch.Size([])	cuda:0	True
2026-05-28 11:44:21,880 - INFO - module.condition_encoder.blocks.0.cell_attention.cell_transform.weight	torch.Size([96, 96])	cuda:0	True
2026-05-28 11:44:21,881 - INFO - module.condition_encoder.blocks.0.cell_attention.cell_transform.bias	torch.Size([96])	cuda:0	True
2026-05-28 11:44:21,881 - INFO - module.condition_encoder.blocks.0.cell_attention.output_projection.weight	torch.Size([96, 96])	cuda:0	True
2026-05-28 11:44:21,881 - INFO - module.condition_encoder.blocks.0.cell_attention.output_projection.bias	torch.Size([96])	cuda:0	True
2026-05-28 11:44:21,881 - INFO - module.condition_encoder.blocks.0.cell_attention.region_transformer.self_attn.query_projection.weight	torch.Size([96, 96])	cuda:0	True
2026-05-28 11:44:21,881 - INFO - module.condition_encoder.blocks.0.cell_attention.region_transformer.self_attn.query_projection.bias	torch.Size([96])	cuda:0	True
2026-05-28 11:44:21,881 - INFO - module.condition_encoder.blocks.0.cell_attention.region_transformer.self_attn.key_projection.weight	torch.Size([96, 96])	cuda:0	True
2026-05-28 11:44:21,881 - INFO - module.condition_encoder.blocks.0.cell_attention.region_transformer.self_attn.key_projection.bias	torch.Size([96])	cuda:0	True
2026-05-28 11:44:21,881 - INFO - module.condition_encoder.blocks.0.cell_attention.region_transformer.self_attn.value_projection.weight	torch.Size([96, 96])	cuda:0	True
2026-05-28 11:44:21,881 - INFO - module.condition_encoder.blocks.0.cell_attention.region_transformer.self_attn.value_projection.bias	torch.Size([96])	cuda:0	True
2026-05-28 11:44:21,881 - INFO - module.condition_encoder.blocks.0.cell_attention.region_transformer.self_attn.output_projection.weight	torch.Size([96, 96])	cuda:0	True
2026-05-28 11:44:21,881 - INFO - module.condition_encoder.blocks.0.cell_attention.region_transformer.self_attn.output_projection.bias	torch.Size([96])	cuda:0	True
2026-05-28 11:44:21,881 - INFO - module.condition_encoder.blocks.0.cell_attention.region_transformer.ffn.network.0.weight	torch.Size([192, 96])	cuda:0	True
2026-05-28 11:44:21,881 - INFO - module.condition_encoder.blocks.0.cell_attention.region_transformer.ffn.network.0.bias	torch.Size([192])	cuda:0	True
2026-05-28 11:44:21,881 - INFO - module.condition_encoder.blocks.0.cell_attention.region_transformer.ffn.network.3.weight	torch.Size([96, 192])	cuda:0	True
2026-05-28 11:44:21,881 - INFO - module.condition_encoder.blocks.0.cell_attention.region_transformer.ffn.network.3.bias	torch.Size([96])	cuda:0	True
2026-05-28 11:44:21,881 - INFO - module.condition_encoder.blocks.0.cell_attention.region_transformer.norm1.weight	torch.Size([96])	cuda:0	True
2026-05-28 11:44:21,881 - INFO - module.condition_encoder.blocks.0.cell_attention.region_transformer.norm1.bias	torch.Size([96])	cuda:0	True
2026-05-28 11:44:21,881 - INFO - module.condition_encoder.blocks.0.cell_attention.region_transformer.norm2.weight	torch.Size([96])	cuda:0	True
2026-05-28 11:44:21,881 - INFO - module.condition_encoder.blocks.0.cell_attention.region_transformer.norm2.bias	torch.Size([96])	cuda:0	True
2026-05-28 11:44:21,881 - INFO - module.condition_encoder.blocks.0.cell_attention.fuzzy_to_cell.weight	torch.Size([8, 4])	cuda:0	True
2026-05-28 11:44:21,881 - INFO - module.condition_encoder.blocks.0.cell_attention.fuzzy_to_cell.bias	torch.Size([8])	cuda:0	True
2026-05-28 11:44:21,881 - INFO - module.condition_encoder.blocks.0.norm_cell.weight	torch.Size([96])	cuda:0	True
2026-05-28 11:44:21,881 - INFO - module.condition_encoder.blocks.0.norm_cell.bias	torch.Size([96])	cuda:0	True
2026-05-28 11:44:21,881 - INFO - module.condition_encoder.blocks.1.temporal_attention.query_projection.weight	torch.Size([96, 96])	cuda:0	True
2026-05-28 11:44:21,881 - INFO - module.condition_encoder.blocks.1.temporal_attention.query_projection.bias	torch.Size([96])	cuda:0	True
2026-05-28 11:44:21,882 - INFO - module.condition_encoder.blocks.1.temporal_attention.key_projection.weight	torch.Size([96, 96])	cuda:0	True
2026-05-28 11:44:21,882 - INFO - module.condition_encoder.blocks.1.temporal_attention.key_projection.bias	torch.Size([96])	cuda:0	True
2026-05-28 11:44:21,882 - INFO - module.condition_encoder.blocks.1.temporal_attention.value_projection.weight	torch.Size([96, 96])	cuda:0	True
2026-05-28 11:44:21,882 - INFO - module.condition_encoder.blocks.1.temporal_attention.value_projection.bias	torch.Size([96])	cuda:0	True
2026-05-28 11:44:21,882 - INFO - module.condition_encoder.blocks.1.temporal_attention.output_projection.weight	torch.Size([96, 96])	cuda:0	True
2026-05-28 11:44:21,882 - INFO - module.condition_encoder.blocks.1.temporal_attention.output_projection.bias	torch.Size([96])	cuda:0	True
2026-05-28 11:44:21,882 - INFO - module.condition_encoder.blocks.1.graph_convolution.projections.0.weight	torch.Size([96, 96])	cuda:0	True
2026-05-28 11:44:21,882 - INFO - module.condition_encoder.blocks.1.graph_convolution.projections.0.bias	torch.Size([96])	cuda:0	True
2026-05-28 11:44:21,882 - INFO - module.condition_encoder.blocks.1.graph_convolution.projections.1.weight	torch.Size([96, 96])	cuda:0	True
2026-05-28 11:44:21,882 - INFO - module.condition_encoder.blocks.1.graph_convolution.projections.1.bias	torch.Size([96])	cuda:0	True
2026-05-28 11:44:21,882 - INFO - module.condition_encoder.blocks.1.graph_convolution.projections.2.weight	torch.Size([96, 96])	cuda:0	True
2026-05-28 11:44:21,882 - INFO - module.condition_encoder.blocks.1.graph_convolution.projections.2.bias	torch.Size([96])	cuda:0	True
2026-05-28 11:44:21,882 - INFO - module.condition_encoder.blocks.1.feed_forward.network.0.weight	torch.Size([128, 96])	cuda:0	True
2026-05-28 11:44:21,882 - INFO - module.condition_encoder.blocks.1.feed_forward.network.0.bias	torch.Size([128])	cuda:0	True
2026-05-28 11:44:21,882 - INFO - module.condition_encoder.blocks.1.feed_forward.network.3.weight	torch.Size([96, 128])	cuda:0	True
2026-05-28 11:44:21,882 - INFO - module.condition_encoder.blocks.1.feed_forward.network.3.bias	torch.Size([96])	cuda:0	True
2026-05-28 11:44:21,882 - INFO - module.condition_encoder.blocks.1.norm_temporal.weight	torch.Size([96])	cuda:0	True
2026-05-28 11:44:21,882 - INFO - module.condition_encoder.blocks.1.norm_temporal.bias	torch.Size([96])	cuda:0	True
2026-05-28 11:44:21,882 - INFO - module.condition_encoder.blocks.1.norm_graph.weight	torch.Size([96])	cuda:0	True
2026-05-28 11:44:21,882 - INFO - module.condition_encoder.blocks.1.norm_graph.bias	torch.Size([96])	cuda:0	True
2026-05-28 11:44:21,882 - INFO - module.condition_encoder.blocks.1.norm_ffn.weight	torch.Size([96])	cuda:0	True
2026-05-28 11:44:21,882 - INFO - module.condition_encoder.blocks.1.norm_ffn.bias	torch.Size([96])	cuda:0	True
2026-05-28 11:44:21,882 - INFO - module.condition_encoder.blocks.1.cell_attention.centers	torch.Size([8, 96])	cuda:0	True
2026-05-28 11:44:21,882 - INFO - module.condition_encoder.blocks.1.cell_attention.log_sigma_sq	torch.Size([1])	cuda:0	True
2026-05-28 11:44:21,882 - INFO - module.condition_encoder.blocks.1.cell_attention.cell_blend	torch.Size([])	cuda:0	True
2026-05-28 11:44:21,882 - INFO - module.condition_encoder.blocks.1.cell_attention.band_center	torch.Size([])	cuda:0	True
2026-05-28 11:44:21,882 - INFO - module.condition_encoder.blocks.1.cell_attention.band_width_raw	torch.Size([])	cuda:0	True
2026-05-28 11:44:21,883 - INFO - module.condition_encoder.blocks.1.cell_attention.cell_transform.weight	torch.Size([96, 96])	cuda:0	True
2026-05-28 11:44:21,883 - INFO - module.condition_encoder.blocks.1.cell_attention.cell_transform.bias	torch.Size([96])	cuda:0	True
2026-05-28 11:44:21,883 - INFO - module.condition_encoder.blocks.1.cell_attention.output_projection.weight	torch.Size([96, 96])	cuda:0	True
2026-05-28 11:44:21,883 - INFO - module.condition_encoder.blocks.1.cell_attention.output_projection.bias	torch.Size([96])	cuda:0	True
2026-05-28 11:44:21,883 - INFO - module.condition_encoder.blocks.1.cell_attention.region_transformer.self_attn.query_projection.weight	torch.Size([96, 96])	cuda:0	True
2026-05-28 11:44:21,883 - INFO - module.condition_encoder.blocks.1.cell_attention.region_transformer.self_attn.query_projection.bias	torch.Size([96])	cuda:0	True
2026-05-28 11:44:21,883 - INFO - module.condition_encoder.blocks.1.cell_attention.region_transformer.self_attn.key_projection.weight	torch.Size([96, 96])	cuda:0	True
2026-05-28 11:44:21,883 - INFO - module.condition_encoder.blocks.1.cell_attention.region_transformer.self_attn.key_projection.bias	torch.Size([96])	cuda:0	True
2026-05-28 11:44:21,883 - INFO - module.condition_encoder.blocks.1.cell_attention.region_transformer.self_attn.value_projection.weight	torch.Size([96, 96])	cuda:0	True
2026-05-28 11:44:21,883 - INFO - module.condition_encoder.blocks.1.cell_attention.region_transformer.self_attn.value_projection.bias	torch.Size([96])	cuda:0	True
2026-05-28 11:44:21,883 - INFO - module.condition_encoder.blocks.1.cell_attention.region_transformer.self_attn.output_projection.weight	torch.Size([96, 96])	cuda:0	True
2026-05-28 11:44:21,883 - INFO - module.condition_encoder.blocks.1.cell_attention.region_transformer.self_attn.output_projection.bias	torch.Size([96])	cuda:0	True
2026-05-28 11:44:21,883 - INFO - module.condition_encoder.blocks.1.cell_attention.region_transformer.ffn.network.0.weight	torch.Size([192, 96])	cuda:0	True
2026-05-28 11:44:21,883 - INFO - module.condition_encoder.blocks.1.cell_attention.region_transformer.ffn.network.0.bias	torch.Size([192])	cuda:0	True
2026-05-28 11:44:21,883 - INFO - module.condition_encoder.blocks.1.cell_attention.region_transformer.ffn.network.3.weight	torch.Size([96, 192])	cuda:0	True
2026-05-28 11:44:21,883 - INFO - module.condition_encoder.blocks.1.cell_attention.region_transformer.ffn.network.3.bias	torch.Size([96])	cuda:0	True
2026-05-28 11:44:21,883 - INFO - module.condition_encoder.blocks.1.cell_attention.region_transformer.norm1.weight	torch.Size([96])	cuda:0	True
2026-05-28 11:44:21,883 - INFO - module.condition_encoder.blocks.1.cell_attention.region_transformer.norm1.bias	torch.Size([96])	cuda:0	True
2026-05-28 11:44:21,883 - INFO - module.condition_encoder.blocks.1.cell_attention.region_transformer.norm2.weight	torch.Size([96])	cuda:0	True
2026-05-28 11:44:21,883 - INFO - module.condition_encoder.blocks.1.cell_attention.region_transformer.norm2.bias	torch.Size([96])	cuda:0	True
2026-05-28 11:44:21,883 - INFO - module.condition_encoder.blocks.1.cell_attention.fuzzy_to_cell.weight	torch.Size([8, 4])	cuda:0	True
2026-05-28 11:44:21,883 - INFO - module.condition_encoder.blocks.1.cell_attention.fuzzy_to_cell.bias	torch.Size([8])	cuda:0	True
2026-05-28 11:44:21,883 - INFO - module.condition_encoder.blocks.1.norm_cell.weight	torch.Size([96])	cuda:0	True
2026-05-28 11:44:21,883 - INFO - module.condition_encoder.blocks.1.norm_cell.bias	torch.Size([96])	cuda:0	True
2026-05-28 11:44:21,883 - INFO - module.condition_encoder.final_norm.weight	torch.Size([96])	cuda:0	True
2026-05-28 11:44:21,883 - INFO - module.condition_encoder.final_norm.bias	torch.Size([96])	cuda:0	True
2026-05-28 11:44:21,884 - INFO - module.future_decoder.future_queries	torch.Size([1, 12, 207, 96])	cuda:0	True
2026-05-28 11:44:21,884 - INFO - module.future_decoder.blocks.0.temporal_attention.query_projection.weight	torch.Size([96, 96])	cuda:0	True
2026-05-28 11:44:21,884 - INFO - module.future_decoder.blocks.0.temporal_attention.query_projection.bias	torch.Size([96])	cuda:0	True
2026-05-28 11:44:21,884 - INFO - module.future_decoder.blocks.0.temporal_attention.key_projection.weight	torch.Size([96, 96])	cuda:0	True
2026-05-28 11:44:21,884 - INFO - module.future_decoder.blocks.0.temporal_attention.key_projection.bias	torch.Size([96])	cuda:0	True
2026-05-28 11:44:21,884 - INFO - module.future_decoder.blocks.0.temporal_attention.value_projection.weight	torch.Size([96, 96])	cuda:0	True
2026-05-28 11:44:21,884 - INFO - module.future_decoder.blocks.0.temporal_attention.value_projection.bias	torch.Size([96])	cuda:0	True
2026-05-28 11:44:21,884 - INFO - module.future_decoder.blocks.0.temporal_attention.output_projection.weight	torch.Size([96, 96])	cuda:0	True
2026-05-28 11:44:21,884 - INFO - module.future_decoder.blocks.0.temporal_attention.output_projection.bias	torch.Size([96])	cuda:0	True
2026-05-28 11:44:21,884 - INFO - module.future_decoder.blocks.0.graph_convolution.projections.0.weight	torch.Size([96, 96])	cuda:0	True
2026-05-28 11:44:21,884 - INFO - module.future_decoder.blocks.0.graph_convolution.projections.0.bias	torch.Size([96])	cuda:0	True
2026-05-28 11:44:21,884 - INFO - module.future_decoder.blocks.0.graph_convolution.projections.1.weight	torch.Size([96, 96])	cuda:0	True
2026-05-28 11:44:21,884 - INFO - module.future_decoder.blocks.0.graph_convolution.projections.1.bias	torch.Size([96])	cuda:0	True
2026-05-28 11:44:21,884 - INFO - module.future_decoder.blocks.0.graph_convolution.projections.2.weight	torch.Size([96, 96])	cuda:0	True
2026-05-28 11:44:21,884 - INFO - module.future_decoder.blocks.0.graph_convolution.projections.2.bias	torch.Size([96])	cuda:0	True
2026-05-28 11:44:21,884 - INFO - module.future_decoder.blocks.0.cross_attention.query_projection.weight	torch.Size([96, 96])	cuda:0	True
2026-05-28 11:44:21,884 - INFO - module.future_decoder.blocks.0.cross_attention.query_projection.bias	torch.Size([96])	cuda:0	True
2026-05-28 11:44:21,884 - INFO - module.future_decoder.blocks.0.cross_attention.key_projection.weight	torch.Size([96, 96])	cuda:0	True
2026-05-28 11:44:21,884 - INFO - module.future_decoder.blocks.0.cross_attention.key_projection.bias	torch.Size([96])	cuda:0	True
2026-05-28 11:44:21,884 - INFO - module.future_decoder.blocks.0.cross_attention.value_projection.weight	torch.Size([96, 96])	cuda:0	True
2026-05-28 11:44:21,884 - INFO - module.future_decoder.blocks.0.cross_attention.value_projection.bias	torch.Size([96])	cuda:0	True
2026-05-28 11:44:21,884 - INFO - module.future_decoder.blocks.0.cross_attention.output_projection.weight	torch.Size([96, 96])	cuda:0	True
2026-05-28 11:44:21,884 - INFO - module.future_decoder.blocks.0.cross_attention.output_projection.bias	torch.Size([96])	cuda:0	True
2026-05-28 11:44:21,884 - INFO - module.future_decoder.blocks.0.feed_forward.network.0.weight	torch.Size([128, 96])	cuda:0	True
2026-05-28 11:44:21,884 - INFO - module.future_decoder.blocks.0.feed_forward.network.0.bias	torch.Size([128])	cuda:0	True
2026-05-28 11:44:21,884 - INFO - module.future_decoder.blocks.0.feed_forward.network.3.weight	torch.Size([96, 128])	cuda:0	True
2026-05-28 11:44:21,885 - INFO - module.future_decoder.blocks.0.feed_forward.network.3.bias	torch.Size([96])	cuda:0	True
2026-05-28 11:44:21,885 - INFO - module.future_decoder.blocks.0.norm_temporal.weight	torch.Size([96])	cuda:0	True
2026-05-28 11:44:21,885 - INFO - module.future_decoder.blocks.0.norm_temporal.bias	torch.Size([96])	cuda:0	True
2026-05-28 11:44:21,885 - INFO - module.future_decoder.blocks.0.norm_graph.weight	torch.Size([96])	cuda:0	True
2026-05-28 11:44:21,885 - INFO - module.future_decoder.blocks.0.norm_graph.bias	torch.Size([96])	cuda:0	True
2026-05-28 11:44:21,885 - INFO - module.future_decoder.blocks.0.norm_cross.weight	torch.Size([96])	cuda:0	True
2026-05-28 11:44:21,885 - INFO - module.future_decoder.blocks.0.norm_cross.bias	torch.Size([96])	cuda:0	True
2026-05-28 11:44:21,885 - INFO - module.future_decoder.blocks.0.norm_ffn.weight	torch.Size([96])	cuda:0	True
2026-05-28 11:44:21,885 - INFO - module.future_decoder.blocks.0.norm_ffn.bias	torch.Size([96])	cuda:0	True
2026-05-28 11:44:21,885 - INFO - module.future_decoder.blocks.0.cell_attention.centers	torch.Size([8, 96])	cuda:0	True
2026-05-28 11:44:21,885 - INFO - module.future_decoder.blocks.0.cell_attention.log_sigma_sq	torch.Size([1])	cuda:0	True
2026-05-28 11:44:21,885 - INFO - module.future_decoder.blocks.0.cell_attention.cell_blend	torch.Size([])	cuda:0	True
2026-05-28 11:44:21,885 - INFO - module.future_decoder.blocks.0.cell_attention.band_center	torch.Size([])	cuda:0	True
2026-05-28 11:44:21,885 - INFO - module.future_decoder.blocks.0.cell_attention.band_width_raw	torch.Size([])	cuda:0	True
2026-05-28 11:44:21,885 - INFO - module.future_decoder.blocks.0.cell_attention.cell_transform.weight	torch.Size([96, 96])	cuda:0	True
2026-05-28 11:44:21,885 - INFO - module.future_decoder.blocks.0.cell_attention.cell_transform.bias	torch.Size([96])	cuda:0	True
2026-05-28 11:44:21,885 - INFO - module.future_decoder.blocks.0.cell_attention.output_projection.weight	torch.Size([96, 96])	cuda:0	True
2026-05-28 11:44:21,885 - INFO - module.future_decoder.blocks.0.cell_attention.output_projection.bias	torch.Size([96])	cuda:0	True
2026-05-28 11:44:21,885 - INFO - module.future_decoder.blocks.0.cell_attention.region_transformer.self_attn.query_projection.weight	torch.Size([96, 96])	cuda:0	True
2026-05-28 11:44:21,885 - INFO - module.future_decoder.blocks.0.cell_attention.region_transformer.self_attn.query_projection.bias	torch.Size([96])	cuda:0	True
2026-05-28 11:44:21,885 - INFO - module.future_decoder.blocks.0.cell_attention.region_transformer.self_attn.key_projection.weight	torch.Size([96, 96])	cuda:0	True
2026-05-28 11:44:21,885 - INFO - module.future_decoder.blocks.0.cell_attention.region_transformer.self_attn.key_projection.bias	torch.Size([96])	cuda:0	True
2026-05-28 11:44:21,885 - INFO - module.future_decoder.blocks.0.cell_attention.region_transformer.self_attn.value_projection.weight	torch.Size([96, 96])	cuda:0	True
2026-05-28 11:44:21,885 - INFO - module.future_decoder.blocks.0.cell_attention.region_transformer.self_attn.value_projection.bias	torch.Size([96])	cuda:0	True
2026-05-28 11:44:21,885 - INFO - module.future_decoder.blocks.0.cell_attention.region_transformer.self_attn.output_projection.weight	torch.Size([96, 96])	cuda:0	True
2026-05-28 11:44:21,885 - INFO - module.future_decoder.blocks.0.cell_attention.region_transformer.self_attn.output_projection.bias	torch.Size([96])	cuda:0	True
2026-05-28 11:44:21,885 - INFO - module.future_decoder.blocks.0.cell_attention.region_transformer.ffn.network.0.weight	torch.Size([192, 96])	cuda:0	True
2026-05-28 11:44:21,886 - INFO - module.future_decoder.blocks.0.cell_attention.region_transformer.ffn.network.0.bias	torch.Size([192])	cuda:0	True
2026-05-28 11:44:21,886 - INFO - module.future_decoder.blocks.0.cell_attention.region_transformer.ffn.network.3.weight	torch.Size([96, 192])	cuda:0	True
2026-05-28 11:44:21,886 - INFO - module.future_decoder.blocks.0.cell_attention.region_transformer.ffn.network.3.bias	torch.Size([96])	cuda:0	True
2026-05-28 11:44:21,886 - INFO - module.future_decoder.blocks.0.cell_attention.region_transformer.norm1.weight	torch.Size([96])	cuda:0	True
2026-05-28 11:44:21,886 - INFO - module.future_decoder.blocks.0.cell_attention.region_transformer.norm1.bias	torch.Size([96])	cuda:0	True
2026-05-28 11:44:21,886 - INFO - module.future_decoder.blocks.0.cell_attention.region_transformer.norm2.weight	torch.Size([96])	cuda:0	True
2026-05-28 11:44:21,886 - INFO - module.future_decoder.blocks.0.cell_attention.region_transformer.norm2.bias	torch.Size([96])	cuda:0	True
2026-05-28 11:44:21,886 - INFO - module.future_decoder.blocks.0.cell_attention.fuzzy_to_cell.weight	torch.Size([8, 4])	cuda:0	True
2026-05-28 11:44:21,886 - INFO - module.future_decoder.blocks.0.cell_attention.fuzzy_to_cell.bias	torch.Size([8])	cuda:0	True
2026-05-28 11:44:21,886 - INFO - module.future_decoder.blocks.0.norm_cell.weight	torch.Size([96])	cuda:0	True
2026-05-28 11:44:21,886 - INFO - module.future_decoder.blocks.0.norm_cell.bias	torch.Size([96])	cuda:0	True
2026-05-28 11:44:21,886 - INFO - module.future_decoder.blocks.1.temporal_attention.query_projection.weight	torch.Size([96, 96])	cuda:0	True
2026-05-28 11:44:21,886 - INFO - module.future_decoder.blocks.1.temporal_attention.query_projection.bias	torch.Size([96])	cuda:0	True
2026-05-28 11:44:21,886 - INFO - module.future_decoder.blocks.1.temporal_attention.key_projection.weight	torch.Size([96, 96])	cuda:0	True
2026-05-28 11:44:21,886 - INFO - module.future_decoder.blocks.1.temporal_attention.key_projection.bias	torch.Size([96])	cuda:0	True
2026-05-28 11:44:21,886 - INFO - module.future_decoder.blocks.1.temporal_attention.value_projection.weight	torch.Size([96, 96])	cuda:0	True
2026-05-28 11:44:21,886 - INFO - module.future_decoder.blocks.1.temporal_attention.value_projection.bias	torch.Size([96])	cuda:0	True
2026-05-28 11:44:21,886 - INFO - module.future_decoder.blocks.1.temporal_attention.output_projection.weight	torch.Size([96, 96])	cuda:0	True
2026-05-28 11:44:21,886 - INFO - module.future_decoder.blocks.1.temporal_attention.output_projection.bias	torch.Size([96])	cuda:0	True
2026-05-28 11:44:21,886 - INFO - module.future_decoder.blocks.1.graph_convolution.projections.0.weight	torch.Size([96, 96])	cuda:0	True
2026-05-28 11:44:21,886 - INFO - module.future_decoder.blocks.1.graph_convolution.projections.0.bias	torch.Size([96])	cuda:0	True
2026-05-28 11:44:21,886 - INFO - module.future_decoder.blocks.1.graph_convolution.projections.1.weight	torch.Size([96, 96])	cuda:0	True
2026-05-28 11:44:21,886 - INFO - module.future_decoder.blocks.1.graph_convolution.projections.1.bias	torch.Size([96])	cuda:0	True
2026-05-28 11:44:21,886 - INFO - module.future_decoder.blocks.1.graph_convolution.projections.2.weight	torch.Size([96, 96])	cuda:0	True
2026-05-28 11:44:21,886 - INFO - module.future_decoder.blocks.1.graph_convolution.projections.2.bias	torch.Size([96])	cuda:0	True
2026-05-28 11:44:21,886 - INFO - module.future_decoder.blocks.1.cross_attention.query_projection.weight	torch.Size([96, 96])	cuda:0	True
2026-05-28 11:44:21,886 - INFO - module.future_decoder.blocks.1.cross_attention.query_projection.bias	torch.Size([96])	cuda:0	True
2026-05-28 11:44:21,887 - INFO - module.future_decoder.blocks.1.cross_attention.key_projection.weight	torch.Size([96, 96])	cuda:0	True
2026-05-28 11:44:21,887 - INFO - module.future_decoder.blocks.1.cross_attention.key_projection.bias	torch.Size([96])	cuda:0	True
2026-05-28 11:44:21,887 - INFO - module.future_decoder.blocks.1.cross_attention.value_projection.weight	torch.Size([96, 96])	cuda:0	True
2026-05-28 11:44:21,887 - INFO - module.future_decoder.blocks.1.cross_attention.value_projection.bias	torch.Size([96])	cuda:0	True
2026-05-28 11:44:21,887 - INFO - module.future_decoder.blocks.1.cross_attention.output_projection.weight	torch.Size([96, 96])	cuda:0	True
2026-05-28 11:44:21,887 - INFO - module.future_decoder.blocks.1.cross_attention.output_projection.bias	torch.Size([96])	cuda:0	True
2026-05-28 11:44:21,887 - INFO - module.future_decoder.blocks.1.feed_forward.network.0.weight	torch.Size([128, 96])	cuda:0	True
2026-05-28 11:44:21,887 - INFO - module.future_decoder.blocks.1.feed_forward.network.0.bias	torch.Size([128])	cuda:0	True
2026-05-28 11:44:21,887 - INFO - module.future_decoder.blocks.1.feed_forward.network.3.weight	torch.Size([96, 128])	cuda:0	True
2026-05-28 11:44:21,887 - INFO - module.future_decoder.blocks.1.feed_forward.network.3.bias	torch.Size([96])	cuda:0	True
2026-05-28 11:44:21,887 - INFO - module.future_decoder.blocks.1.norm_temporal.weight	torch.Size([96])	cuda:0	True
2026-05-28 11:44:21,887 - INFO - module.future_decoder.blocks.1.norm_temporal.bias	torch.Size([96])	cuda:0	True
2026-05-28 11:44:21,887 - INFO - module.future_decoder.blocks.1.norm_graph.weight	torch.Size([96])	cuda:0	True
2026-05-28 11:44:21,887 - INFO - module.future_decoder.blocks.1.norm_graph.bias	torch.Size([96])	cuda:0	True
2026-05-28 11:44:21,887 - INFO - module.future_decoder.blocks.1.norm_cross.weight	torch.Size([96])	cuda:0	True
2026-05-28 11:44:21,887 - INFO - module.future_decoder.blocks.1.norm_cross.bias	torch.Size([96])	cuda:0	True
2026-05-28 11:44:21,887 - INFO - module.future_decoder.blocks.1.norm_ffn.weight	torch.Size([96])	cuda:0	True
2026-05-28 11:44:21,887 - INFO - module.future_decoder.blocks.1.norm_ffn.bias	torch.Size([96])	cuda:0	True
2026-05-28 11:44:21,887 - INFO - module.future_decoder.blocks.1.cell_attention.centers	torch.Size([8, 96])	cuda:0	True
2026-05-28 11:44:21,887 - INFO - module.future_decoder.blocks.1.cell_attention.log_sigma_sq	torch.Size([1])	cuda:0	True
2026-05-28 11:44:21,887 - INFO - module.future_decoder.blocks.1.cell_attention.cell_blend	torch.Size([])	cuda:0	True
2026-05-28 11:44:21,887 - INFO - module.future_decoder.blocks.1.cell_attention.band_center	torch.Size([])	cuda:0	True
2026-05-28 11:44:21,887 - INFO - module.future_decoder.blocks.1.cell_attention.band_width_raw	torch.Size([])	cuda:0	True
2026-05-28 11:44:21,887 - INFO - module.future_decoder.blocks.1.cell_attention.cell_transform.weight	torch.Size([96, 96])	cuda:0	True
2026-05-28 11:44:21,887 - INFO - module.future_decoder.blocks.1.cell_attention.cell_transform.bias	torch.Size([96])	cuda:0	True
2026-05-28 11:44:21,887 - INFO - module.future_decoder.blocks.1.cell_attention.output_projection.weight	torch.Size([96, 96])	cuda:0	True
2026-05-28 11:44:21,887 - INFO - module.future_decoder.blocks.1.cell_attention.output_projection.bias	torch.Size([96])	cuda:0	True
2026-05-28 11:44:21,888 - INFO - module.future_decoder.blocks.1.cell_attention.region_transformer.self_attn.query_projection.weight	torch.Size([96, 96])	cuda:0	True
2026-05-28 11:44:21,888 - INFO - module.future_decoder.blocks.1.cell_attention.region_transformer.self_attn.query_projection.bias	torch.Size([96])	cuda:0	True
2026-05-28 11:44:21,888 - INFO - module.future_decoder.blocks.1.cell_attention.region_transformer.self_attn.key_projection.weight	torch.Size([96, 96])	cuda:0	True
2026-05-28 11:44:21,888 - INFO - module.future_decoder.blocks.1.cell_attention.region_transformer.self_attn.key_projection.bias	torch.Size([96])	cuda:0	True
2026-05-28 11:44:21,888 - INFO - module.future_decoder.blocks.1.cell_attention.region_transformer.self_attn.value_projection.weight	torch.Size([96, 96])	cuda:0	True
2026-05-28 11:44:21,888 - INFO - module.future_decoder.blocks.1.cell_attention.region_transformer.self_attn.value_projection.bias	torch.Size([96])	cuda:0	True
2026-05-28 11:44:21,888 - INFO - module.future_decoder.blocks.1.cell_attention.region_transformer.self_attn.output_projection.weight	torch.Size([96, 96])	cuda:0	True
2026-05-28 11:44:21,888 - INFO - module.future_decoder.blocks.1.cell_attention.region_transformer.self_attn.output_projection.bias	torch.Size([96])	cuda:0	True
2026-05-28 11:44:21,888 - INFO - module.future_decoder.blocks.1.cell_attention.region_transformer.ffn.network.0.weight	torch.Size([192, 96])	cuda:0	True
2026-05-28 11:44:21,888 - INFO - module.future_decoder.blocks.1.cell_attention.region_transformer.ffn.network.0.bias	torch.Size([192])	cuda:0	True
2026-05-28 11:44:21,888 - INFO - module.future_decoder.blocks.1.cell_attention.region_transformer.ffn.network.3.weight	torch.Size([96, 192])	cuda:0	True
2026-05-28 11:44:21,888 - INFO - module.future_decoder.blocks.1.cell_attention.region_transformer.ffn.network.3.bias	torch.Size([96])	cuda:0	True
2026-05-28 11:44:21,888 - INFO - module.future_decoder.blocks.1.cell_attention.region_transformer.norm1.weight	torch.Size([96])	cuda:0	True
2026-05-28 11:44:21,888 - INFO - module.future_decoder.blocks.1.cell_attention.region_transformer.norm1.bias	torch.Size([96])	cuda:0	True
2026-05-28 11:44:21,888 - INFO - module.future_decoder.blocks.1.cell_attention.region_transformer.norm2.weight	torch.Size([96])	cuda:0	True
2026-05-28 11:44:21,888 - INFO - module.future_decoder.blocks.1.cell_attention.region_transformer.norm2.bias	torch.Size([96])	cuda:0	True
2026-05-28 11:44:21,888 - INFO - module.future_decoder.blocks.1.cell_attention.fuzzy_to_cell.weight	torch.Size([8, 4])	cuda:0	True
2026-05-28 11:44:21,888 - INFO - module.future_decoder.blocks.1.cell_attention.fuzzy_to_cell.bias	torch.Size([8])	cuda:0	True
2026-05-28 11:44:21,888 - INFO - module.future_decoder.blocks.1.norm_cell.weight	torch.Size([96])	cuda:0	True
2026-05-28 11:44:21,888 - INFO - module.future_decoder.blocks.1.norm_cell.bias	torch.Size([96])	cuda:0	True
2026-05-28 11:44:21,888 - INFO - module.future_decoder.final_norm.weight	torch.Size([96])	cuda:0	True
2026-05-28 11:44:21,888 - INFO - module.future_decoder.final_norm.bias	torch.Size([96])	cuda:0	True
2026-05-28 11:44:21,888 - INFO - module.future_decoder.output_projection.weight	torch.Size([1, 96])	cuda:0	True
2026-05-28 11:44:21,888 - INFO - module.future_decoder.output_projection.bias	torch.Size([1])	cuda:0	True
2026-05-28 11:44:21,889 - INFO - Total parameter numbers: 1062466
2026-05-28 11:44:21,889 - INFO - Enable AMP training (dtype=float16).
2026-05-28 11:44:21,889 - INFO - You select `adamw` optimizer.
2026-05-28 11:44:21,890 - INFO - You select `cosineannealinglr` lr_scheduler.
2026-05-28 11:44:21,890 - WARNING - Received none train loss func and will use the loss func defined in the model.
2026-05-28 11:44:21,890 - INFO - Start training ...
2026-05-28 11:44:21,890 - INFO - num_batches:161
2026-05-28 11:44:38,037 - INFO - Epoch [0/20] train_loss: 0.5342, val_loss: 0.4967, lr: 0.000399, 16.15s
2026-05-28 11:44:38,102 - INFO - Saved model at 0
2026-05-28 11:44:38,102 - INFO - Val loss decrease from inf to 0.4967, saving to /home/lizhuoxuan/lzq/Bigscity-LibCity-master/outputs/20260528_114401__traffic_state_pred__final_new__METR_LA/model_cache/final_new_METR_LA_epoch0.tar
2026-05-28 11:44:53,403 - INFO - Epoch [1/20] train_loss: 0.4600, val_loss: 0.5006, lr: 0.000396, 15.30s
2026-05-28 11:45:08,773 - INFO - Epoch [2/20] train_loss: 0.4488, val_loss: 0.4571, lr: 0.000390, 15.36s
2026-05-28 11:45:08,840 - INFO - Saved model at 2
2026-05-28 11:45:08,840 - INFO - Val loss decrease from 0.4967 to 0.4571, saving to /home/lizhuoxuan/lzq/Bigscity-LibCity-master/outputs/20260528_114401__traffic_state_pred__final_new__METR_LA/model_cache/final_new_METR_LA_epoch2.tar
2026-05-28 11:45:24,255 - INFO - Epoch [3/20] train_loss: 0.4170, val_loss: 0.4246, lr: 0.000383, 15.41s
2026-05-28 11:45:24,318 - INFO - Saved model at 3
2026-05-28 11:45:24,318 - INFO - Val loss decrease from 0.4571 to 0.4246, saving to /home/lizhuoxuan/lzq/Bigscity-LibCity-master/outputs/20260528_114401__traffic_state_pred__final_new__METR_LA/model_cache/final_new_METR_LA_epoch3.tar
2026-05-28 11:45:39,811 - INFO - Epoch [4/20] train_loss: 0.3880, val_loss: 0.4111, lr: 0.000373, 15.49s
2026-05-28 11:45:39,874 - INFO - Saved model at 4
2026-05-28 11:45:39,874 - INFO - Val loss decrease from 0.4246 to 0.4111, saving to /home/lizhuoxuan/lzq/Bigscity-LibCity-master/outputs/20260528_114401__traffic_state_pred__final_new__METR_LA/model_cache/final_new_METR_LA_epoch4.tar
2026-05-28 11:45:55,561 - INFO - Epoch [5/20] train_loss: 0.3761, val_loss: 0.3939, lr: 0.000362, 15.69s
2026-05-28 11:45:55,623 - INFO - Saved model at 5
2026-05-28 11:45:55,623 - INFO - Val loss decrease from 0.4111 to 0.3939, saving to /home/lizhuoxuan/lzq/Bigscity-LibCity-master/outputs/20260528_114401__traffic_state_pred__final_new__METR_LA/model_cache/final_new_METR_LA_epoch5.tar
2026-05-28 11:46:11,329 - INFO - Epoch [6/20] train_loss: 0.3691, val_loss: 0.3983, lr: 0.000349, 15.71s
2026-05-28 11:46:26,658 - INFO - Epoch [7/20] train_loss: 0.3620, val_loss: 0.3608, lr: 0.000334, 15.33s
2026-05-28 11:46:26,718 - INFO - Saved model at 7
2026-05-28 11:46:26,719 - INFO - Val loss decrease from 0.3939 to 0.3608, saving to /home/lizhuoxuan/lzq/Bigscity-LibCity-master/outputs/20260528_114401__traffic_state_pred__final_new__METR_LA/model_cache/final_new_METR_LA_epoch7.tar
2026-05-28 11:46:42,174 - INFO - Epoch [8/20] train_loss: 0.3619, val_loss: 0.3465, lr: 0.000318, 15.46s
2026-05-28 11:46:42,239 - INFO - Saved model at 8
2026-05-28 11:46:42,240 - INFO - Val loss decrease from 0.3608 to 0.3465, saving to /home/lizhuoxuan/lzq/Bigscity-LibCity-master/outputs/20260528_114401__traffic_state_pred__final_new__METR_LA/model_cache/final_new_METR_LA_epoch8.tar
2026-05-28 11:46:58,143 - INFO - Epoch [9/20] train_loss: 0.3614, val_loss: 0.3379, lr: 0.000300, 15.90s
2026-05-28 11:46:58,207 - INFO - Saved model at 9
2026-05-28 11:46:58,207 - INFO - Val loss decrease from 0.3465 to 0.3379, saving to /home/lizhuoxuan/lzq/Bigscity-LibCity-master/outputs/20260528_114401__traffic_state_pred__final_new__METR_LA/model_cache/final_new_METR_LA_epoch9.tar
2026-05-28 11:47:14,136 - INFO - Epoch [10/20] train_loss: 0.2926, val_loss: 0.2872, lr: 0.000281, 15.93s
2026-05-28 11:47:14,200 - INFO - Saved model at 10
2026-05-28 11:47:14,200 - INFO - Val loss decrease from 0.3379 to 0.2872, saving to /home/lizhuoxuan/lzq/Bigscity-LibCity-master/outputs/20260528_114401__traffic_state_pred__final_new__METR_LA/model_cache/final_new_METR_LA_epoch10.tar
2026-05-28 11:47:30,078 - INFO - Epoch [11/20] train_loss: 0.2605, val_loss: 0.2706, lr: 0.000262, 15.88s
2026-05-28 11:47:30,142 - INFO - Saved model at 11
2026-05-28 11:47:30,142 - INFO - Val loss decrease from 0.2872 to 0.2706, saving to /home/lizhuoxuan/lzq/Bigscity-LibCity-master/outputs/20260528_114401__traffic_state_pred__final_new__METR_LA/model_cache/final_new_METR_LA_epoch11.tar
2026-05-28 11:47:45,401 - INFO - Epoch [12/20] train_loss: 0.2499, val_loss: 0.2539, lr: 0.000242, 15.26s
2026-05-28 11:47:45,464 - INFO - Saved model at 12
2026-05-28 11:47:45,465 - INFO - Val loss decrease from 0.2706 to 0.2539, saving to /home/lizhuoxuan/lzq/Bigscity-LibCity-master/outputs/20260528_114401__traffic_state_pred__final_new__METR_LA/model_cache/final_new_METR_LA_epoch12.tar
2026-05-28 11:48:01,141 - INFO - Epoch [13/20] train_loss: 0.2522, val_loss: 0.2548, lr: 0.000221, 15.68s
2026-05-28 11:48:16,382 - INFO - Epoch [14/20] train_loss: 0.2426, val_loss: 0.2542, lr: 0.000200, 15.24s
2026-05-28 11:48:31,656 - INFO - Epoch [15/20] train_loss: 0.2418, val_loss: 0.2520, lr: 0.000179, 15.27s
2026-05-28 11:48:31,719 - INFO - Saved model at 15
2026-05-28 11:48:31,719 - INFO - Val loss decrease from 0.2539 to 0.2520, saving to /home/lizhuoxuan/lzq/Bigscity-LibCity-master/outputs/20260528_114401__traffic_state_pred__final_new__METR_LA/model_cache/final_new_METR_LA_epoch15.tar
2026-05-28 11:48:47,002 - INFO - Epoch [16/20] train_loss: 0.2390, val_loss: 0.2512, lr: 0.000158, 15.28s
2026-05-28 11:48:47,076 - INFO - Saved model at 16
2026-05-28 11:48:47,077 - INFO - Val loss decrease from 0.2520 to 0.2512, saving to /home/lizhuoxuan/lzq/Bigscity-LibCity-master/outputs/20260528_114401__traffic_state_pred__final_new__METR_LA/model_cache/final_new_METR_LA_epoch16.tar
2026-05-28 11:49:02,275 - INFO - Epoch [17/20] train_loss: 0.2370, val_loss: 0.2482, lr: 0.000138, 15.20s
2026-05-28 11:49:02,350 - INFO - Saved model at 17
2026-05-28 11:49:02,350 - INFO - Val loss decrease from 0.2512 to 0.2482, saving to /home/lizhuoxuan/lzq/Bigscity-LibCity-master/outputs/20260528_114401__traffic_state_pred__final_new__METR_LA/model_cache/final_new_METR_LA_epoch17.tar
2026-05-28 11:49:18,054 - INFO - Epoch [18/20] train_loss: 0.2402, val_loss: 0.2441, lr: 0.000119, 15.70s
2026-05-28 11:49:18,129 - INFO - Saved model at 18
2026-05-28 11:49:18,129 - INFO - Val loss decrease from 0.2482 to 0.2441, saving to /home/lizhuoxuan/lzq/Bigscity-LibCity-master/outputs/20260528_114401__traffic_state_pred__final_new__METR_LA/model_cache/final_new_METR_LA_epoch18.tar
2026-05-28 11:49:33,453 - INFO - Epoch [19/20] train_loss: 0.2326, val_loss: 0.2459, lr: 0.000100, 15.32s
2026-05-28 11:49:33,453 - INFO - Trained totally 20 epochs, average train time is 13.746s, average eval time is 1.782s
2026-05-28 11:49:33,453 - INFO - Loading best model state from epoch 18
2026-05-28 11:49:33,458 - INFO - Start evaluating ...
2026-05-28 11:49:33,459 - INFO - Saved model at /home/lizhuoxuan/lzq/Bigscity-LibCity-master/outputs/20260528_114401__traffic_state_pred__final_new__METR_LA/model_cache/final_new_METR_LA.m
2026-05-28 11:49:33,511 - INFO - Start evaluating ...
2026-05-28 11:49:46,626 - INFO - Note that you select the single mode to evaluate!
2026-05-28 11:49:46,630 - INFO - Evaluate result is saved at /home/lizhuoxuan/lzq/Bigscity-LibCity-master/outputs/20260528_114401__traffic_state_pred__final_new__METR_LA/evaluate_cache/2026_05_28_11_49_46_final_new_METR_LA.csv
2026-05-28 11:49:46,640 - INFO - 
         MAE      MAPE         MSE  ...  masked_RMSE        R2      EVAR
1   4.237235  0.079242   77.749435  ...     5.957807  0.850062  0.860675
2   4.756965  0.091324  102.393837  ...     7.260213  0.802541  0.813845
3   5.182451  0.100993  124.020157  ...     8.244094  0.760842  0.772613
4   5.585576  0.109948  145.174408  ...     9.102597  0.720058  0.732187
5   5.965147  0.118371  165.243057  ...     9.827301  0.681369  0.693906
6   6.327608  0.126462  184.204605  ...    10.462427  0.644814  0.657917
7   6.674853  0.133943  202.386322  ...    11.023219  0.609767  0.623374
8   6.965789  0.141137  217.296738  ...    11.479135  0.581029  0.595186
9   7.251071  0.147833  231.959412  ...    11.899054  0.552770  0.567576
10  7.525037  0.154305  245.670929  ...    12.283402  0.526349  0.541852
11  7.801756  0.160672  259.459900  ...    12.649978  0.499780  0.516109
12  8.056868  0.166843  272.853577  ...    13.031344  0.473973  0.490341

[12 rows x 10 columns]
