2026-05-25 17:05:36,674 - INFO - Log directory: D:\a_code\A_Agent\projects\LibCity\outputs\20260525_170536__traffic_state_pred__new_fuzzy_2__PEMSD4\logs
2026-05-25 17:05:36,674 - INFO - Begin artifact training pipeline, task=traffic_state_pred, model_name=new_fuzzy_2, dataset_name=PEMSD4, exp_id=20260525_170536__traffic_state_pred__new_fuzzy_2__PEMSD4
2026-05-25 17:05:36,674 - INFO - {'task': 'traffic_state_pred', 'model': 'new_fuzzy_2', 'dataset': 'PEMSD4', 'saved_model': True, 'train': True, 'seed': 42, 'gpu': True, 'gpu_id': 0, 'train_rate': 0.6, 'eval_rate': 0.2, 'batch_size': 64, 'learning_rate': 0.0005, 'max_epoch': 10, 'dataset_class': 'TrafficStatePointDataset', 'executor': 'TrafficStateExecutor', 'evaluator': 'TrafficStateEvaluator', 'calculate_weight_adj': True, 'conservation_loss_weight': 0.1, 'conservation_steps_per_epoch': 80, 'conservation_warmup_epochs': 5, 'data_col': ['traffic_speed'], 'data_files': ['PEMSD4'], 'decoder_layers': 2, 'device': device(type='cuda', index=0), 'disturb_rate': 0.5, 'dropout': 0.1, 'dyna': {'including_types': ['state'], 'state': {'entity_id': 'geo_id', 'traffic_speed': 'num'}}, 'encoder_layers': 2, 'eval_batch_size': 64, 'evaluator_mode': 'single', 'ffn_hidden_dim': 128, 'fuzzy_num_sets': 3, 'geo': {'including_types': ['Point'], 'Point': {}}, 'geo_file': 'PEMSD4', 'graph_k_hop': 2, 'hidden_dim': 64, 'init_weight_inf_or_zero': 'inf', 'is_distributed': False, 'metrics': ['MAE', 'MAPE', 'MSE', 'RMSE', 'masked_MAE', 'masked_MAPE', 'masked_MSE', 'masked_RMSE', 'R2', 'EVAR'], 'noise_SD': [10], 'noise_mean': [5], 'noise_type': 'gaussian', 'num_heads': 2, 'num_workers': 0, 'output_dim': 1, 'pad_with_last_sample': True, 'physics_channel_idx': 0, 'rank': 0, 'rel': {'including_types': ['geo'], 'geo': {'cost': 'num'}}, 'rel_file': 'PEMSD4', 'robustness_test': False, 'save_mode': ['csv'], 'scale_lr': False, 'set_weight_link_or_dist': 'dist', 'time_intervals': 300, 'use_amp': True, 'use_fuzzy_conservation': True, 'use_fuzzy_graph': True, 'use_gradient_checkpointing': False, 'use_spatiotemporal_attention': True, 'use_temporal_position_embedding': True, 'weight_adj_epsilon': 0.1, 'weight_col': 'cost', 'world_size': 1, 'clip_grad_norm': True, 'epoch': 0, 'learner': 'adamw', 'load_best_epoch': True, 'log_every': 1, 'lr_decay': True, 'lr_decay_ratio': 0.5, 'lr_patience': 5, 'lr_scheduler': 'reducelronplateau', 'lr_threshold': 0.001, 'max_grad_norm': 3, 'patience': 30, 'train_loss': 'none', 'use_early_stop': True, 'weight_decay': 0.0001, 'data_version_id': 'dv_1779699822_25820196', 'input_window': 12, 'output_window': 12, 'scaler': 'standard', 'load_external': False, 'normal_external': False, 'add_time_in_day': True, 'add_day_in_week': True, 'cache_dataset': True, 'ext_scaler': 'none', 'exp_id': '20260525_170536__traffic_state_pred__new_fuzzy_2__PEMSD4'}
2026-05-25 17:05:52,969 - INFO - NewFuzzy2(
  (fuzzy_graph): FuzzyRelationalGraphLearner(
    (raw_projection): Linear(in_features=9, out_features=64, bias=True)
    (feature_to_membership): Sequential(
      (0): Linear(in_features=64, out_features=32, bias=True)
      (1): GELU(approximate='none')
      (2): Linear(in_features=32, out_features=3, bias=True)
    )
  )
  (condition_encoder): STEncoder(
    (input_projection): Linear(in_features=9, out_features=64, bias=True)
    (blocks): ModuleList(
      (0-1): 2 x STEncoderBlock(
        (temporal_attention): MultiHeadAttention(
          (query_projection): Linear(in_features=64, out_features=64, bias=True)
          (key_projection): Linear(in_features=64, out_features=64, bias=True)
          (value_projection): Linear(in_features=64, out_features=64, bias=True)
          (output_projection): Linear(in_features=64, out_features=64, bias=True)
          (dropout): Dropout(p=0.1, inplace=False)
        )
        (graph_convolution): FuzzyGraphConvolution(
          (projections): ModuleList(
            (0-2): 3 x Linear(in_features=64, out_features=64, bias=True)
          )
        )
        (feed_forward): FeedForwardNetwork(
          (network): Sequential(
            (0): Linear(in_features=64, out_features=128, bias=True)
            (1): GELU(approximate='none')
            (2): Dropout(p=0.1, inplace=False)
            (3): Linear(in_features=128, out_features=64, bias=True)
            (4): Dropout(p=0.1, inplace=False)
          )
        )
        (norm_temporal): LayerNorm((64,), eps=1e-05, elementwise_affine=True)
        (norm_graph): LayerNorm((64,), eps=1e-05, elementwise_affine=True)
        (norm_ffn): LayerNorm((64,), eps=1e-05, elementwise_affine=True)
        (dropout): Dropout(p=0.1, inplace=False)
      )
    )
    (final_norm): LayerNorm((64,), eps=1e-05, elementwise_affine=True)
  )
  (future_decoder): FutureDecoder(
    (blocks): ModuleList(
      (0-1): 2 x DecoderBlock(
        (temporal_attention): MultiHeadAttention(
          (query_projection): Linear(in_features=64, out_features=64, bias=True)
          (key_projection): Linear(in_features=64, out_features=64, bias=True)
          (value_projection): Linear(in_features=64, out_features=64, bias=True)
          (output_projection): Linear(in_features=64, out_features=64, bias=True)
          (dropout): Dropout(p=0.1, inplace=False)
        )
        (graph_convolution): FuzzyGraphConvolution(
          (projections): ModuleList(
            (0-2): 3 x Linear(in_features=64, out_features=64, bias=True)
          )
        )
        (cross_attention): MultiHeadAttention(
          (query_projection): Linear(in_features=64, out_features=64, bias=True)
          (key_projection): Linear(in_features=64, out_features=64, bias=True)
          (value_projection): Linear(in_features=64, out_features=64, bias=True)
          (output_projection): Linear(in_features=64, out_features=64, bias=True)
          (dropout): Dropout(p=0.1, inplace=False)
        )
        (spatiotemporal_attention): MultiHeadAttention(
          (query_projection): Linear(in_features=64, out_features=64, bias=True)
          (key_projection): Linear(in_features=64, out_features=64, bias=True)
          (value_projection): Linear(in_features=64, out_features=64, bias=True)
          (output_projection): Linear(in_features=64, out_features=64, bias=True)
          (dropout): Dropout(p=0.1, inplace=False)
        )
        (feed_forward): FeedForwardNetwork(
          (network): Sequential(
            (0): Linear(in_features=64, out_features=128, bias=True)
            (1): GELU(approximate='none')
            (2): Dropout(p=0.1, inplace=False)
            (3): Linear(in_features=128, out_features=64, bias=True)
            (4): Dropout(p=0.1, inplace=False)
          )
        )
        (norm_temporal): LayerNorm((64,), eps=1e-05, elementwise_affine=True)
        (norm_graph): LayerNorm((64,), eps=1e-05, elementwise_affine=True)
        (norm_cross): LayerNorm((64,), eps=1e-05, elementwise_affine=True)
        (norm_spatiotemporal): LayerNorm((64,), eps=1e-05, elementwise_affine=True)
        (norm_ffn): LayerNorm((64,), eps=1e-05, elementwise_affine=True)
        (dropout): Dropout(p=0.1, inplace=False)
      )
    )
    (final_norm): LayerNorm((64,), eps=1e-05, elementwise_affine=True)
    (output_projection): Linear(in_features=64, out_features=1, bias=True)
  )
)
2026-05-25 17:05:52,970 - INFO - fuzzy_graph.base_memberships	torch.Size([307, 3])	cuda:0	True
2026-05-25 17:05:52,970 - INFO - fuzzy_graph.fuzzy_prototypes	torch.Size([3, 64])	cuda:0	True
2026-05-25 17:05:52,970 - INFO - fuzzy_graph.blend_logit	torch.Size([])	cuda:0	True
2026-05-25 17:05:52,970 - INFO - fuzzy_graph.raw_projection.weight	torch.Size([64, 9])	cuda:0	True
2026-05-25 17:05:52,970 - INFO - fuzzy_graph.raw_projection.bias	torch.Size([64])	cuda:0	True
2026-05-25 17:05:52,970 - INFO - fuzzy_graph.feature_to_membership.0.weight	torch.Size([32, 64])	cuda:0	True
2026-05-25 17:05:52,970 - INFO - fuzzy_graph.feature_to_membership.0.bias	torch.Size([32])	cuda:0	True
2026-05-25 17:05:52,970 - INFO - fuzzy_graph.feature_to_membership.2.weight	torch.Size([3, 32])	cuda:0	True
2026-05-25 17:05:52,970 - INFO - fuzzy_graph.feature_to_membership.2.bias	torch.Size([3])	cuda:0	True
2026-05-25 17:05:52,972 - INFO - condition_encoder.temporal_position_embedding	torch.Size([1, 12, 1, 64])	cuda:0	True
2026-05-25 17:05:52,972 - INFO - condition_encoder.input_projection.weight	torch.Size([64, 9])	cuda:0	True
2026-05-25 17:05:52,972 - INFO - condition_encoder.input_projection.bias	torch.Size([64])	cuda:0	True
2026-05-25 17:05:52,972 - INFO - condition_encoder.blocks.0.temporal_attention.query_projection.weight	torch.Size([64, 64])	cuda:0	True
2026-05-25 17:05:52,972 - INFO - condition_encoder.blocks.0.temporal_attention.query_projection.bias	torch.Size([64])	cuda:0	True
2026-05-25 17:05:52,972 - INFO - condition_encoder.blocks.0.temporal_attention.key_projection.weight	torch.Size([64, 64])	cuda:0	True
2026-05-25 17:05:52,972 - INFO - condition_encoder.blocks.0.temporal_attention.key_projection.bias	torch.Size([64])	cuda:0	True
2026-05-25 17:05:52,972 - INFO - condition_encoder.blocks.0.temporal_attention.value_projection.weight	torch.Size([64, 64])	cuda:0	True
2026-05-25 17:05:52,972 - INFO - condition_encoder.blocks.0.temporal_attention.value_projection.bias	torch.Size([64])	cuda:0	True
2026-05-25 17:05:52,972 - INFO - condition_encoder.blocks.0.temporal_attention.output_projection.weight	torch.Size([64, 64])	cuda:0	True
2026-05-25 17:05:52,972 - INFO - condition_encoder.blocks.0.temporal_attention.output_projection.bias	torch.Size([64])	cuda:0	True
2026-05-25 17:05:52,972 - INFO - condition_encoder.blocks.0.graph_convolution.projections.0.weight	torch.Size([64, 64])	cuda:0	True
2026-05-25 17:05:52,972 - INFO - condition_encoder.blocks.0.graph_convolution.projections.0.bias	torch.Size([64])	cuda:0	True
2026-05-25 17:05:52,972 - INFO - condition_encoder.blocks.0.graph_convolution.projections.1.weight	torch.Size([64, 64])	cuda:0	True
2026-05-25 17:05:52,972 - INFO - condition_encoder.blocks.0.graph_convolution.projections.1.bias	torch.Size([64])	cuda:0	True
2026-05-25 17:05:52,972 - INFO - condition_encoder.blocks.0.graph_convolution.projections.2.weight	torch.Size([64, 64])	cuda:0	True
2026-05-25 17:05:52,972 - INFO - condition_encoder.blocks.0.graph_convolution.projections.2.bias	torch.Size([64])	cuda:0	True
2026-05-25 17:05:52,972 - INFO - condition_encoder.blocks.0.feed_forward.network.0.weight	torch.Size([128, 64])	cuda:0	True
2026-05-25 17:05:52,972 - INFO - condition_encoder.blocks.0.feed_forward.network.0.bias	torch.Size([128])	cuda:0	True
2026-05-25 17:05:52,972 - INFO - condition_encoder.blocks.0.feed_forward.network.3.weight	torch.Size([64, 128])	cuda:0	True
2026-05-25 17:05:52,973 - INFO - condition_encoder.blocks.0.feed_forward.network.3.bias	torch.Size([64])	cuda:0	True
2026-05-25 17:05:52,973 - INFO - condition_encoder.blocks.0.norm_temporal.weight	torch.Size([64])	cuda:0	True
2026-05-25 17:05:52,973 - INFO - condition_encoder.blocks.0.norm_temporal.bias	torch.Size([64])	cuda:0	True
2026-05-25 17:05:52,973 - INFO - condition_encoder.blocks.0.norm_graph.weight	torch.Size([64])	cuda:0	True
2026-05-25 17:05:52,973 - INFO - condition_encoder.blocks.0.norm_graph.bias	torch.Size([64])	cuda:0	True
2026-05-25 17:05:52,973 - INFO - condition_encoder.blocks.0.norm_ffn.weight	torch.Size([64])	cuda:0	True
2026-05-25 17:05:52,973 - INFO - condition_encoder.blocks.0.norm_ffn.bias	torch.Size([64])	cuda:0	True
2026-05-25 17:05:52,973 - INFO - condition_encoder.blocks.1.temporal_attention.query_projection.weight	torch.Size([64, 64])	cuda:0	True
2026-05-25 17:05:52,973 - INFO - condition_encoder.blocks.1.temporal_attention.query_projection.bias	torch.Size([64])	cuda:0	True
2026-05-25 17:05:52,973 - INFO - condition_encoder.blocks.1.temporal_attention.key_projection.weight	torch.Size([64, 64])	cuda:0	True
2026-05-25 17:05:52,973 - INFO - condition_encoder.blocks.1.temporal_attention.key_projection.bias	torch.Size([64])	cuda:0	True
2026-05-25 17:05:52,973 - INFO - condition_encoder.blocks.1.temporal_attention.value_projection.weight	torch.Size([64, 64])	cuda:0	True
2026-05-25 17:05:52,973 - INFO - condition_encoder.blocks.1.temporal_attention.value_projection.bias	torch.Size([64])	cuda:0	True
2026-05-25 17:05:52,973 - INFO - condition_encoder.blocks.1.temporal_attention.output_projection.weight	torch.Size([64, 64])	cuda:0	True
2026-05-25 17:05:52,973 - INFO - condition_encoder.blocks.1.temporal_attention.output_projection.bias	torch.Size([64])	cuda:0	True
2026-05-25 17:05:52,973 - INFO - condition_encoder.blocks.1.graph_convolution.projections.0.weight	torch.Size([64, 64])	cuda:0	True
2026-05-25 17:05:52,973 - INFO - condition_encoder.blocks.1.graph_convolution.projections.0.bias	torch.Size([64])	cuda:0	True
2026-05-25 17:05:52,973 - INFO - condition_encoder.blocks.1.graph_convolution.projections.1.weight	torch.Size([64, 64])	cuda:0	True
2026-05-25 17:05:52,973 - INFO - condition_encoder.blocks.1.graph_convolution.projections.1.bias	torch.Size([64])	cuda:0	True
2026-05-25 17:05:52,973 - INFO - condition_encoder.blocks.1.graph_convolution.projections.2.weight	torch.Size([64, 64])	cuda:0	True
2026-05-25 17:05:52,973 - INFO - condition_encoder.blocks.1.graph_convolution.projections.2.bias	torch.Size([64])	cuda:0	True
2026-05-25 17:05:52,973 - INFO - condition_encoder.blocks.1.feed_forward.network.0.weight	torch.Size([128, 64])	cuda:0	True
2026-05-25 17:05:52,973 - INFO - condition_encoder.blocks.1.feed_forward.network.0.bias	torch.Size([128])	cuda:0	True
2026-05-25 17:05:52,973 - INFO - condition_encoder.blocks.1.feed_forward.network.3.weight	torch.Size([64, 128])	cuda:0	True
2026-05-25 17:05:52,973 - INFO - condition_encoder.blocks.1.feed_forward.network.3.bias	torch.Size([64])	cuda:0	True
2026-05-25 17:05:52,975 - INFO - condition_encoder.blocks.1.norm_temporal.weight	torch.Size([64])	cuda:0	True
2026-05-25 17:05:52,975 - INFO - condition_encoder.blocks.1.norm_temporal.bias	torch.Size([64])	cuda:0	True
2026-05-25 17:05:52,975 - INFO - condition_encoder.blocks.1.norm_graph.weight	torch.Size([64])	cuda:0	True
2026-05-25 17:05:52,975 - INFO - condition_encoder.blocks.1.norm_graph.bias	torch.Size([64])	cuda:0	True
2026-05-25 17:05:52,975 - INFO - condition_encoder.blocks.1.norm_ffn.weight	torch.Size([64])	cuda:0	True
2026-05-25 17:05:52,975 - INFO - condition_encoder.blocks.1.norm_ffn.bias	torch.Size([64])	cuda:0	True
2026-05-25 17:05:52,975 - INFO - condition_encoder.final_norm.weight	torch.Size([64])	cuda:0	True
2026-05-25 17:05:52,975 - INFO - condition_encoder.final_norm.bias	torch.Size([64])	cuda:0	True
2026-05-25 17:05:52,975 - INFO - future_decoder.future_queries	torch.Size([1, 12, 307, 64])	cuda:0	True
2026-05-25 17:05:52,975 - INFO - future_decoder.blocks.0.temporal_attention.query_projection.weight	torch.Size([64, 64])	cuda:0	True
2026-05-25 17:05:52,975 - INFO - future_decoder.blocks.0.temporal_attention.query_projection.bias	torch.Size([64])	cuda:0	True
2026-05-25 17:05:52,975 - INFO - future_decoder.blocks.0.temporal_attention.key_projection.weight	torch.Size([64, 64])	cuda:0	True
2026-05-25 17:05:52,975 - INFO - future_decoder.blocks.0.temporal_attention.key_projection.bias	torch.Size([64])	cuda:0	True
2026-05-25 17:05:52,975 - INFO - future_decoder.blocks.0.temporal_attention.value_projection.weight	torch.Size([64, 64])	cuda:0	True
2026-05-25 17:05:52,975 - INFO - future_decoder.blocks.0.temporal_attention.value_projection.bias	torch.Size([64])	cuda:0	True
2026-05-25 17:05:52,975 - INFO - future_decoder.blocks.0.temporal_attention.output_projection.weight	torch.Size([64, 64])	cuda:0	True
2026-05-25 17:05:52,975 - INFO - future_decoder.blocks.0.temporal_attention.output_projection.bias	torch.Size([64])	cuda:0	True
2026-05-25 17:05:52,975 - INFO - future_decoder.blocks.0.graph_convolution.projections.0.weight	torch.Size([64, 64])	cuda:0	True
2026-05-25 17:05:52,975 - INFO - future_decoder.blocks.0.graph_convolution.projections.0.bias	torch.Size([64])	cuda:0	True
2026-05-25 17:05:52,975 - INFO - future_decoder.blocks.0.graph_convolution.projections.1.weight	torch.Size([64, 64])	cuda:0	True
2026-05-25 17:05:52,975 - INFO - future_decoder.blocks.0.graph_convolution.projections.1.bias	torch.Size([64])	cuda:0	True
2026-05-25 17:05:52,975 - INFO - future_decoder.blocks.0.graph_convolution.projections.2.weight	torch.Size([64, 64])	cuda:0	True
2026-05-25 17:05:52,975 - INFO - future_decoder.blocks.0.graph_convolution.projections.2.bias	torch.Size([64])	cuda:0	True
2026-05-25 17:05:52,975 - INFO - future_decoder.blocks.0.cross_attention.query_projection.weight	torch.Size([64, 64])	cuda:0	True
2026-05-25 17:05:52,976 - INFO - future_decoder.blocks.0.cross_attention.query_projection.bias	torch.Size([64])	cuda:0	True
2026-05-25 17:05:52,976 - INFO - future_decoder.blocks.0.cross_attention.key_projection.weight	torch.Size([64, 64])	cuda:0	True
2026-05-25 17:05:52,976 - INFO - future_decoder.blocks.0.cross_attention.key_projection.bias	torch.Size([64])	cuda:0	True
2026-05-25 17:05:52,976 - INFO - future_decoder.blocks.0.cross_attention.value_projection.weight	torch.Size([64, 64])	cuda:0	True
2026-05-25 17:05:52,976 - INFO - future_decoder.blocks.0.cross_attention.value_projection.bias	torch.Size([64])	cuda:0	True
2026-05-25 17:05:52,976 - INFO - future_decoder.blocks.0.cross_attention.output_projection.weight	torch.Size([64, 64])	cuda:0	True
2026-05-25 17:05:52,976 - INFO - future_decoder.blocks.0.cross_attention.output_projection.bias	torch.Size([64])	cuda:0	True
2026-05-25 17:05:52,976 - INFO - future_decoder.blocks.0.spatiotemporal_attention.query_projection.weight	torch.Size([64, 64])	cuda:0	True
2026-05-25 17:05:52,976 - INFO - future_decoder.blocks.0.spatiotemporal_attention.query_projection.bias	torch.Size([64])	cuda:0	True
2026-05-25 17:05:52,976 - INFO - future_decoder.blocks.0.spatiotemporal_attention.key_projection.weight	torch.Size([64, 64])	cuda:0	True
2026-05-25 17:05:52,976 - INFO - future_decoder.blocks.0.spatiotemporal_attention.key_projection.bias	torch.Size([64])	cuda:0	True
2026-05-25 17:05:52,976 - INFO - future_decoder.blocks.0.spatiotemporal_attention.value_projection.weight	torch.Size([64, 64])	cuda:0	True
2026-05-25 17:05:52,976 - INFO - future_decoder.blocks.0.spatiotemporal_attention.value_projection.bias	torch.Size([64])	cuda:0	True
2026-05-25 17:05:52,976 - INFO - future_decoder.blocks.0.spatiotemporal_attention.output_projection.weight	torch.Size([64, 64])	cuda:0	True
2026-05-25 17:05:52,976 - INFO - future_decoder.blocks.0.spatiotemporal_attention.output_projection.bias	torch.Size([64])	cuda:0	True
2026-05-25 17:05:52,976 - INFO - future_decoder.blocks.0.feed_forward.network.0.weight	torch.Size([128, 64])	cuda:0	True
2026-05-25 17:05:52,976 - INFO - future_decoder.blocks.0.feed_forward.network.0.bias	torch.Size([128])	cuda:0	True
2026-05-25 17:05:52,976 - INFO - future_decoder.blocks.0.feed_forward.network.3.weight	torch.Size([64, 128])	cuda:0	True
2026-05-25 17:05:52,976 - INFO - future_decoder.blocks.0.feed_forward.network.3.bias	torch.Size([64])	cuda:0	True
2026-05-25 17:05:52,976 - INFO - future_decoder.blocks.0.norm_temporal.weight	torch.Size([64])	cuda:0	True
2026-05-25 17:05:52,976 - INFO - future_decoder.blocks.0.norm_temporal.bias	torch.Size([64])	cuda:0	True
2026-05-25 17:05:52,976 - INFO - future_decoder.blocks.0.norm_graph.weight	torch.Size([64])	cuda:0	True
2026-05-25 17:05:52,976 - INFO - future_decoder.blocks.0.norm_graph.bias	torch.Size([64])	cuda:0	True
2026-05-25 17:05:52,976 - INFO - future_decoder.blocks.0.norm_cross.weight	torch.Size([64])	cuda:0	True
2026-05-25 17:05:52,976 - INFO - future_decoder.blocks.0.norm_cross.bias	torch.Size([64])	cuda:0	True
2026-05-25 17:05:52,976 - INFO - future_decoder.blocks.0.norm_spatiotemporal.weight	torch.Size([64])	cuda:0	True
2026-05-25 17:05:52,978 - INFO - future_decoder.blocks.0.norm_spatiotemporal.bias	torch.Size([64])	cuda:0	True
2026-05-25 17:05:52,978 - INFO - future_decoder.blocks.0.norm_ffn.weight	torch.Size([64])	cuda:0	True
2026-05-25 17:05:52,978 - INFO - future_decoder.blocks.0.norm_ffn.bias	torch.Size([64])	cuda:0	True
2026-05-25 17:05:52,978 - INFO - future_decoder.blocks.1.temporal_attention.query_projection.weight	torch.Size([64, 64])	cuda:0	True
2026-05-25 17:05:52,978 - INFO - future_decoder.blocks.1.temporal_attention.query_projection.bias	torch.Size([64])	cuda:0	True
2026-05-25 17:05:52,978 - INFO - future_decoder.blocks.1.temporal_attention.key_projection.weight	torch.Size([64, 64])	cuda:0	True
2026-05-25 17:05:52,978 - INFO - future_decoder.blocks.1.temporal_attention.key_projection.bias	torch.Size([64])	cuda:0	True
2026-05-25 17:05:52,978 - INFO - future_decoder.blocks.1.temporal_attention.value_projection.weight	torch.Size([64, 64])	cuda:0	True
2026-05-25 17:05:52,978 - INFO - future_decoder.blocks.1.temporal_attention.value_projection.bias	torch.Size([64])	cuda:0	True
2026-05-25 17:05:52,978 - INFO - future_decoder.blocks.1.temporal_attention.output_projection.weight	torch.Size([64, 64])	cuda:0	True
2026-05-25 17:05:52,978 - INFO - future_decoder.blocks.1.temporal_attention.output_projection.bias	torch.Size([64])	cuda:0	True
2026-05-25 17:05:52,978 - INFO - future_decoder.blocks.1.graph_convolution.projections.0.weight	torch.Size([64, 64])	cuda:0	True
2026-05-25 17:05:52,978 - INFO - future_decoder.blocks.1.graph_convolution.projections.0.bias	torch.Size([64])	cuda:0	True
2026-05-25 17:05:52,978 - INFO - future_decoder.blocks.1.graph_convolution.projections.1.weight	torch.Size([64, 64])	cuda:0	True
2026-05-25 17:05:52,978 - INFO - future_decoder.blocks.1.graph_convolution.projections.1.bias	torch.Size([64])	cuda:0	True
2026-05-25 17:05:52,978 - INFO - future_decoder.blocks.1.graph_convolution.projections.2.weight	torch.Size([64, 64])	cuda:0	True
2026-05-25 17:05:52,978 - INFO - future_decoder.blocks.1.graph_convolution.projections.2.bias	torch.Size([64])	cuda:0	True
2026-05-25 17:05:52,978 - INFO - future_decoder.blocks.1.cross_attention.query_projection.weight	torch.Size([64, 64])	cuda:0	True
2026-05-25 17:05:52,978 - INFO - future_decoder.blocks.1.cross_attention.query_projection.bias	torch.Size([64])	cuda:0	True
2026-05-25 17:05:52,978 - INFO - future_decoder.blocks.1.cross_attention.key_projection.weight	torch.Size([64, 64])	cuda:0	True
2026-05-25 17:05:52,978 - INFO - future_decoder.blocks.1.cross_attention.key_projection.bias	torch.Size([64])	cuda:0	True
2026-05-25 17:05:52,978 - INFO - future_decoder.blocks.1.cross_attention.value_projection.weight	torch.Size([64, 64])	cuda:0	True
2026-05-25 17:05:52,978 - INFO - future_decoder.blocks.1.cross_attention.value_projection.bias	torch.Size([64])	cuda:0	True
2026-05-25 17:05:52,978 - INFO - future_decoder.blocks.1.cross_attention.output_projection.weight	torch.Size([64, 64])	cuda:0	True
2026-05-25 17:05:52,978 - INFO - future_decoder.blocks.1.cross_attention.output_projection.bias	torch.Size([64])	cuda:0	True
2026-05-25 17:05:52,978 - INFO - future_decoder.blocks.1.spatiotemporal_attention.query_projection.weight	torch.Size([64, 64])	cuda:0	True
2026-05-25 17:05:52,979 - INFO - future_decoder.blocks.1.spatiotemporal_attention.query_projection.bias	torch.Size([64])	cuda:0	True
2026-05-25 17:05:52,979 - INFO - future_decoder.blocks.1.spatiotemporal_attention.key_projection.weight	torch.Size([64, 64])	cuda:0	True
2026-05-25 17:05:52,979 - INFO - future_decoder.blocks.1.spatiotemporal_attention.key_projection.bias	torch.Size([64])	cuda:0	True
2026-05-25 17:05:52,979 - INFO - future_decoder.blocks.1.spatiotemporal_attention.value_projection.weight	torch.Size([64, 64])	cuda:0	True
2026-05-25 17:05:52,979 - INFO - future_decoder.blocks.1.spatiotemporal_attention.value_projection.bias	torch.Size([64])	cuda:0	True
2026-05-25 17:05:52,979 - INFO - future_decoder.blocks.1.spatiotemporal_attention.output_projection.weight	torch.Size([64, 64])	cuda:0	True
2026-05-25 17:05:52,979 - INFO - future_decoder.blocks.1.spatiotemporal_attention.output_projection.bias	torch.Size([64])	cuda:0	True
2026-05-25 17:05:52,979 - INFO - future_decoder.blocks.1.feed_forward.network.0.weight	torch.Size([128, 64])	cuda:0	True
2026-05-25 17:05:52,979 - INFO - future_decoder.blocks.1.feed_forward.network.0.bias	torch.Size([128])	cuda:0	True
2026-05-25 17:05:52,980 - INFO - future_decoder.blocks.1.feed_forward.network.3.weight	torch.Size([64, 128])	cuda:0	True
2026-05-25 17:05:52,980 - INFO - future_decoder.blocks.1.feed_forward.network.3.bias	torch.Size([64])	cuda:0	True
2026-05-25 17:05:52,980 - INFO - future_decoder.blocks.1.norm_temporal.weight	torch.Size([64])	cuda:0	True
2026-05-25 17:05:52,980 - INFO - future_decoder.blocks.1.norm_temporal.bias	torch.Size([64])	cuda:0	True
2026-05-25 17:05:52,980 - INFO - future_decoder.blocks.1.norm_graph.weight	torch.Size([64])	cuda:0	True
2026-05-25 17:05:52,980 - INFO - future_decoder.blocks.1.norm_graph.bias	torch.Size([64])	cuda:0	True
2026-05-25 17:05:52,980 - INFO - future_decoder.blocks.1.norm_cross.weight	torch.Size([64])	cuda:0	True
2026-05-25 17:05:52,980 - INFO - future_decoder.blocks.1.norm_cross.bias	torch.Size([64])	cuda:0	True
2026-05-25 17:05:52,980 - INFO - future_decoder.blocks.1.norm_spatiotemporal.weight	torch.Size([64])	cuda:0	True
2026-05-25 17:05:52,980 - INFO - future_decoder.blocks.1.norm_spatiotemporal.bias	torch.Size([64])	cuda:0	True
2026-05-25 17:05:52,980 - INFO - future_decoder.blocks.1.norm_ffn.weight	torch.Size([64])	cuda:0	True
2026-05-25 17:05:52,980 - INFO - future_decoder.blocks.1.norm_ffn.bias	torch.Size([64])	cuda:0	True
2026-05-25 17:05:52,980 - INFO - future_decoder.final_norm.weight	torch.Size([64])	cuda:0	True
2026-05-25 17:05:52,980 - INFO - future_decoder.final_norm.bias	torch.Size([64])	cuda:0	True
2026-05-25 17:05:52,980 - INFO - future_decoder.output_projection.weight	torch.Size([1, 64])	cuda:0	True
2026-05-25 17:05:52,980 - INFO - future_decoder.output_projection.bias	torch.Size([1])	cuda:0	True
2026-05-25 17:05:52,980 - INFO - Total parameter numbers: 492830
2026-05-25 17:05:52,980 - INFO - Enable AMP training (dtype=float16).
2026-05-25 17:05:52,982 - INFO - You select `adamw` optimizer.
2026-05-25 17:05:55,253 - INFO - You select `reducelronplateau` lr_scheduler.
2026-05-25 17:05:55,254 - WARNING - Received none train loss func and will use the loss func defined in the model.
2026-05-25 17:05:55,254 - INFO - Start training ...
2026-05-25 17:05:55,254 - INFO - num_batches:161
2026-05-25 17:06:45,242 - INFO - epoch complete!
2026-05-25 17:06:45,244 - INFO - evaluating now!
2026-05-25 17:06:49,685 - INFO - Epoch [0/10] train_loss: 0.5020, val_loss: 0.5395, lr: 0.000500, 54.43s
2026-05-25 17:06:49,761 - INFO - Saved model at 0
2026-05-25 17:06:49,761 - INFO - Val loss decrease from inf to 0.5395, saving to D:\a_code\A_Agent\projects\LibCity\outputs\20260525_170536__traffic_state_pred__new_fuzzy_2__PEMSD4\model_cache/new_fuzzy_2_PEMSD4_epoch0.tar
2026-05-25 17:07:40,546 - INFO - epoch complete!
2026-05-25 17:07:40,547 - INFO - evaluating now!
2026-05-25 17:07:44,960 - INFO - Epoch [1/10] train_loss: 0.4802, val_loss: 0.5318, lr: 0.000500, 55.20s
2026-05-25 17:07:45,028 - INFO - Saved model at 1
2026-05-25 17:07:45,028 - INFO - Val loss decrease from 0.5395 to 0.5318, saving to D:\a_code\A_Agent\projects\LibCity\outputs\20260525_170536__traffic_state_pred__new_fuzzy_2__PEMSD4\model_cache/new_fuzzy_2_PEMSD4_epoch1.tar
2026-05-25 17:08:33,385 - INFO - epoch complete!
2026-05-25 17:08:33,385 - INFO - evaluating now!
2026-05-25 17:08:37,751 - INFO - Epoch [2/10] train_loss: 0.4630, val_loss: 0.5146, lr: 0.000500, 52.72s
2026-05-25 17:08:37,819 - INFO - Saved model at 2
2026-05-25 17:08:37,819 - INFO - Val loss decrease from 0.5318 to 0.5146, saving to D:\a_code\A_Agent\projects\LibCity\outputs\20260525_170536__traffic_state_pred__new_fuzzy_2__PEMSD4\model_cache/new_fuzzy_2_PEMSD4_epoch2.tar
2026-05-25 17:09:25,131 - INFO - epoch complete!
2026-05-25 17:09:25,131 - INFO - evaluating now!
2026-05-25 17:09:29,467 - INFO - Epoch [3/10] train_loss: 0.4332, val_loss: 0.4878, lr: 0.000500, 51.65s
2026-05-25 17:09:29,526 - INFO - Saved model at 3
2026-05-25 17:09:29,526 - INFO - Val loss decrease from 0.5146 to 0.4878, saving to D:\a_code\A_Agent\projects\LibCity\outputs\20260525_170536__traffic_state_pred__new_fuzzy_2__PEMSD4\model_cache/new_fuzzy_2_PEMSD4_epoch3.tar
2026-05-25 17:10:16,416 - INFO - epoch complete!
2026-05-25 17:10:16,416 - INFO - evaluating now!
2026-05-25 17:10:20,848 - INFO - Epoch [4/10] train_loss: 0.4386, val_loss: 0.4694, lr: 0.000500, 51.32s
2026-05-25 17:10:20,917 - INFO - Saved model at 4
2026-05-25 17:10:20,917 - INFO - Val loss decrease from 0.4878 to 0.4694, saving to D:\a_code\A_Agent\projects\LibCity\outputs\20260525_170536__traffic_state_pred__new_fuzzy_2__PEMSD4\model_cache/new_fuzzy_2_PEMSD4_epoch4.tar
2026-05-25 17:11:07,455 - INFO - epoch complete!
2026-05-25 17:11:07,456 - INFO - evaluating now!
2026-05-25 17:11:11,791 - INFO - Epoch [5/10] train_loss: 0.4146, val_loss: 0.4627, lr: 0.000500, 50.87s
2026-05-25 17:11:11,860 - INFO - Saved model at 5
2026-05-25 17:11:11,860 - INFO - Val loss decrease from 0.4694 to 0.4627, saving to D:\a_code\A_Agent\projects\LibCity\outputs\20260525_170536__traffic_state_pred__new_fuzzy_2__PEMSD4\model_cache/new_fuzzy_2_PEMSD4_epoch5.tar
2026-05-25 17:11:58,773 - INFO - epoch complete!
2026-05-25 17:11:58,773 - INFO - evaluating now!
2026-05-25 17:12:03,122 - INFO - Epoch [6/10] train_loss: 0.3650, val_loss: 0.3225, lr: 0.000500, 51.26s
2026-05-25 17:12:03,188 - INFO - Saved model at 6
2026-05-25 17:12:03,190 - INFO - Val loss decrease from 0.4627 to 0.3225, saving to D:\a_code\A_Agent\projects\LibCity\outputs\20260525_170536__traffic_state_pred__new_fuzzy_2__PEMSD4\model_cache/new_fuzzy_2_PEMSD4_epoch6.tar
2026-05-25 17:12:50,408 - INFO - epoch complete!
2026-05-25 17:12:50,408 - INFO - evaluating now!
2026-05-25 17:12:54,756 - INFO - Epoch [7/10] train_loss: 0.2657, val_loss: 0.2688, lr: 0.000500, 51.57s
2026-05-25 17:12:54,815 - INFO - Saved model at 7
2026-05-25 17:12:54,815 - INFO - Val loss decrease from 0.3225 to 0.2688, saving to D:\a_code\A_Agent\projects\LibCity\outputs\20260525_170536__traffic_state_pred__new_fuzzy_2__PEMSD4\model_cache/new_fuzzy_2_PEMSD4_epoch7.tar
2026-05-25 17:13:41,963 - INFO - epoch complete!
2026-05-25 17:13:41,963 - INFO - evaluating now!
2026-05-25 17:13:46,318 - INFO - Epoch [8/10] train_loss: 0.2433, val_loss: 0.2636, lr: 0.000500, 51.50s
2026-05-25 17:13:46,386 - INFO - Saved model at 8
2026-05-25 17:13:46,386 - INFO - Val loss decrease from 0.2688 to 0.2636, saving to D:\a_code\A_Agent\projects\LibCity\outputs\20260525_170536__traffic_state_pred__new_fuzzy_2__PEMSD4\model_cache/new_fuzzy_2_PEMSD4_epoch8.tar
2026-05-25 17:14:33,540 - INFO - epoch complete!
2026-05-25 17:14:33,540 - INFO - evaluating now!
2026-05-25 17:14:37,882 - INFO - Epoch [9/10] train_loss: 0.2394, val_loss: 0.2639, lr: 0.000500, 51.50s
2026-05-25 17:14:37,884 - INFO - Trained totally 10 epochs, average train time is 47.830s, average eval time is 4.371s
2026-05-25 17:14:38,030 - INFO - Loaded model at 8
2026-05-25 17:14:38,032 - INFO - Saved model at D:\a_code\A_Agent\projects\LibCity\outputs\20260525_170536__traffic_state_pred__new_fuzzy_2__PEMSD4\model_cache\new_fuzzy_2_PEMSD4.m
2026-05-25 17:14:38,094 - INFO - Start evaluating ...
2026-05-25 17:14:46,122 - INFO - Note that you select the single mode to evaluate!
2026-05-25 17:14:46,138 - INFO - Evaluate result is saved at D:\a_code\A_Agent\projects\LibCity\outputs\20260525_170536__traffic_state_pred__new_fuzzy_2__PEMSD4\evaluate_cache\2026_05_25_17_14_46_new_fuzzy_2_PEMSD4.csv
2026-05-25 17:14:46,151 - INFO - 
         MAE      MAPE        MSE  ...  masked_RMSE        R2      EVAR
1   1.195620  0.025171   5.336722  ...     2.310135  0.920171  0.920932
2   1.406465  0.029389   8.002935  ...     2.828946  0.880247  0.880741
3   1.565579  0.032828  10.677251  ...     3.267606  0.840157  0.840493
4   1.697459  0.035892  13.303326  ...     3.647372  0.800894  0.801089
5   1.817002  0.038812  15.912601  ...     3.989060  0.761814  0.761904
6   1.923556  0.041503  18.344742  ...     4.283076  0.725319  0.725345
7   2.023000  0.044058  20.657644  ...     4.545068  0.690758  0.690759
8   2.115150  0.046495  22.889345  ...     4.784281  0.657485  0.657499
9   2.203372  0.048855  24.992567  ...     4.999257  0.625842  0.625905
10  2.288131  0.051142  27.008816  ...     5.197001  0.595618  0.595766
11  2.367968  0.053318  28.940737  ...     5.379660  0.566621  0.566894
12  2.446513  0.055439  30.794796  ...     5.549306  0.538889  0.539317

[12 rows x 10 columns]
