2026-05-26 19:18:58,784 - INFO - Log directory: /home/lizhuoxuan/lzq/Bigscity-LibCity-master/outputs/20260526_191858__traffic_state_pred__STGCN__PEMSD4/logs
2026-05-26 19:18:58,785 - INFO - Begin artifact training pipeline, task=traffic_state_pred, model_name=STGCN, dataset_name=PEMSD4, exp_id=20260526_191858__traffic_state_pred__STGCN__PEMSD4
2026-05-26 19:18:58,785 - INFO - {'task': 'traffic_state_pred', 'model': 'STGCN', 'dataset': 'PEMSD4', 'saved_model': True, 'train': True, 'seed': 42, 'gpu': True, 'gpu_id': 0, 'train_rate': 0.6, 'eval_rate': 0.2, 'batch_size': 64, 'learning_rate': 0.001, 'max_epoch': 10, 'dataset_class': 'TrafficStatePointDataset', 'executor': 'TrafficStateExecutor', 'evaluator': 'TrafficStateEvaluator', 'Ks': 3, 'Kt': 3, 'bidir_adj_mx': True, 'blocks': [[1, 32, 64], [64, 32, 128]], 'calculate_weight_adj': False, 'data_col': ['traffic_flow', 'traffic_occupancy', 'traffic_speed'], 'data_files': ['PEMSD4'], 'device': device(type='cuda', index=0), 'disturb_rate': 0.5, 'dropout': 0, 'dyna': {'including_types': ['state'], 'state': {'entity_id': 'geo_id', 'traffic_flow': 'num', 'traffic_occupancy': 'num', 'traffic_speed': 'num'}}, 'evaluator_mode': 'single', 'geo': {'including_types': ['Point'], 'Point': {}}, 'geo_file': 'PEMSD4', 'graph_conv_type': 'chebconv', 'init_weight_inf_or_zero': 'zero', 'is_distributed': False, 'metrics': ['MAE', 'MAPE', 'MSE', 'RMSE', 'masked_MAE', 'masked_MAPE', 'masked_MSE', 'masked_RMSE', 'R2', 'EVAR'], 'noise_SD': [10], 'noise_mean': [5], 'noise_type': 'gaussian', 'num_workers': 0, 'output_dim': 3, 'pad_with_last_sample': True, 'rank': 0, 'rel': {'including_types': ['geo'], 'geo': {'cost': 'num'}}, 'rel_file': 'PEMSD4', 'robustness_test': False, 'save_mode': ['csv'], 'set_weight_link_or_dist': 'link', 'stgcn_train_mode': 'quick', 'time_intervals': 300, 'weight_adj_epsilon': 0.1, 'weight_col': 'cost', 'world_size': 1, 'clip_grad_norm': False, 'epoch': 0, 'hyper_tune': False, 'learner': 'rmsprop', 'load_best_epoch': True, 'log_every': 1, 'log_level': 'INFO', 'lr_T_max': 30, 'lr_alpha': 0.99, 'lr_beta1': 0.9, 'lr_beta2': 0.999, 'lr_decay': True, 'lr_decay_ratio': 0.7, 'lr_epsilon': 1e-08, 'lr_eta_min': 0, 'lr_momentum': 0, 'lr_patience': 10, 'lr_scheduler': 'steplr', 'lr_threshold': 0.0001, 'max_grad_norm': 1, 'patience': 50, 'step_size': 5, 'steps': [5, 20, 40, 70], 'train_loss': 'none', 'use_early_stop': False, 'weight_decay': 0, 'data_version_id': 'dv_1779421267_5ba65ae6', 'scaler': 'standard', 'load_external': False, 'normal_external': False, 'ext_scaler': 'none', 'add_time_in_day': False, 'add_day_in_week': False, 'cache_dataset': True, 'input_window': 12, 'output_window': 12, 'exp_id': '20260526_191858__traffic_state_pred__STGCN__PEMSD4'}
2026-05-26 19:19:09,474 - INFO - You select quick mode to train STGCN model.
2026-05-26 19:19:09,679 - INFO - Chebyshev_polynomial_Lk shape: (3, 307, 307)
2026-05-26 19:19:09,842 - INFO - STGCN(
  (st_conv1): STConvBlock(
    (tconv1): TemporalConvLayer(
      (align): Align()
      (conv): Conv2d(3, 64, kernel_size=(3, 1), stride=(1, 1))
    )
    (sconv): SpatioConvLayer(
      (align): Align()
    )
    (tconv2): TemporalConvLayer(
      (align): Align()
      (conv): Conv2d(32, 64, kernel_size=(3, 1), stride=(1, 1))
    )
    (ln): LayerNorm((307, 64), eps=1e-05, elementwise_affine=True)
    (dropout): Dropout(p=0, inplace=False)
  )
  (st_conv2): STConvBlock(
    (tconv1): TemporalConvLayer(
      (align): Align(
        (conv1x1): Conv2d(64, 32, kernel_size=(1, 1), stride=(1, 1))
      )
      (conv): Conv2d(64, 64, kernel_size=(3, 1), stride=(1, 1))
    )
    (sconv): SpatioConvLayer(
      (align): Align()
    )
    (tconv2): TemporalConvLayer(
      (align): Align()
      (conv): Conv2d(32, 128, kernel_size=(3, 1), stride=(1, 1))
    )
    (ln): LayerNorm((307, 128), eps=1e-05, elementwise_affine=True)
    (dropout): Dropout(p=0, inplace=False)
  )
  (output): OutputLayer(
    (tconv1): TemporalConvLayer(
      (align): Align()
      (conv): Conv2d(128, 256, kernel_size=(4, 1), stride=(1, 1))
    )
    (ln): LayerNorm((307, 128), eps=1e-05, elementwise_affine=True)
    (tconv2): TemporalConvLayer(
      (align): Align()
      (conv): Conv2d(128, 128, kernel_size=(1, 1), stride=(1, 1))
    )
    (fc): FullyConvLayer(
      (conv): Conv2d(128, 3, kernel_size=(1, 1), stride=(1, 1))
    )
  )
)
2026-05-26 19:19:09,843 - INFO - st_conv1.tconv1.conv.weight	torch.Size([64, 3, 3, 1])	cuda:0	True
2026-05-26 19:19:09,843 - INFO - st_conv1.tconv1.conv.bias	torch.Size([64])	cuda:0	True
2026-05-26 19:19:09,843 - INFO - st_conv1.sconv.theta	torch.Size([32, 32, 3])	cuda:0	True
2026-05-26 19:19:09,843 - INFO - st_conv1.sconv.b	torch.Size([1, 32, 1, 1])	cuda:0	True
2026-05-26 19:19:09,843 - INFO - st_conv1.tconv2.conv.weight	torch.Size([64, 32, 3, 1])	cuda:0	True
2026-05-26 19:19:09,843 - INFO - st_conv1.tconv2.conv.bias	torch.Size([64])	cuda:0	True
2026-05-26 19:19:09,843 - INFO - st_conv1.ln.weight	torch.Size([307, 64])	cuda:0	True
2026-05-26 19:19:09,843 - INFO - st_conv1.ln.bias	torch.Size([307, 64])	cuda:0	True
2026-05-26 19:19:09,843 - INFO - st_conv2.tconv1.align.conv1x1.weight	torch.Size([32, 64, 1, 1])	cuda:0	True
2026-05-26 19:19:09,843 - INFO - st_conv2.tconv1.align.conv1x1.bias	torch.Size([32])	cuda:0	True
2026-05-26 19:19:09,843 - INFO - st_conv2.tconv1.conv.weight	torch.Size([64, 64, 3, 1])	cuda:0	True
2026-05-26 19:19:09,843 - INFO - st_conv2.tconv1.conv.bias	torch.Size([64])	cuda:0	True
2026-05-26 19:19:09,843 - INFO - st_conv2.sconv.theta	torch.Size([32, 32, 3])	cuda:0	True
2026-05-26 19:19:09,843 - INFO - st_conv2.sconv.b	torch.Size([1, 32, 1, 1])	cuda:0	True
2026-05-26 19:19:09,843 - INFO - st_conv2.tconv2.conv.weight	torch.Size([128, 32, 3, 1])	cuda:0	True
2026-05-26 19:19:09,843 - INFO - st_conv2.tconv2.conv.bias	torch.Size([128])	cuda:0	True
2026-05-26 19:19:09,843 - INFO - st_conv2.ln.weight	torch.Size([307, 128])	cuda:0	True
2026-05-26 19:19:09,843 - INFO - st_conv2.ln.bias	torch.Size([307, 128])	cuda:0	True
2026-05-26 19:19:09,843 - INFO - output.tconv1.conv.weight	torch.Size([256, 128, 4, 1])	cuda:0	True
2026-05-26 19:19:09,843 - INFO - output.tconv1.conv.bias	torch.Size([256])	cuda:0	True
2026-05-26 19:19:09,843 - INFO - output.ln.weight	torch.Size([307, 128])	cuda:0	True
2026-05-26 19:19:09,843 - INFO - output.ln.bias	torch.Size([307, 128])	cuda:0	True
2026-05-26 19:19:09,843 - INFO - output.tconv2.conv.weight	torch.Size([128, 128, 1, 1])	cuda:0	True
2026-05-26 19:19:09,843 - INFO - output.tconv2.conv.bias	torch.Size([128])	cuda:0	True
2026-05-26 19:19:09,843 - INFO - output.fc.conv.weight	torch.Size([3, 128, 1, 1])	cuda:0	True
2026-05-26 19:19:09,843 - INFO - output.fc.conv.bias	torch.Size([3])	cuda:0	True
2026-05-26 19:19:09,843 - INFO - Total parameter numbers: 384611
2026-05-26 19:19:09,844 - INFO - Enable AMP training (dtype=float16).
2026-05-26 19:19:09,844 - INFO - You select `rmsprop` optimizer.
2026-05-26 19:19:10,658 - INFO - You select `steplr` lr_scheduler.
2026-05-26 19:19:10,658 - WARNING - Received none train loss func and will use the loss func defined in the model.
2026-05-26 19:19:10,658 - INFO - Start training ...
2026-05-26 19:19:10,658 - INFO - num_batches:161
2026-05-26 19:19:14,611 - INFO - epoch complete!
2026-05-26 19:19:14,611 - INFO - evaluating now!
2026-05-26 19:19:16,179 - INFO - Epoch [0/10] train_loss: 3099.7533, val_loss: 1135.5348, lr: 0.001000, 5.52s
2026-05-26 19:19:16,190 - INFO - Saved model at 0
2026-05-26 19:19:16,190 - INFO - Val loss decrease from inf to 1135.5348, saving to /home/lizhuoxuan/lzq/Bigscity-LibCity-master/outputs/20260526_191858__traffic_state_pred__STGCN__PEMSD4/model_cache/STGCN_PEMSD4_epoch0.tar
2026-05-26 19:19:18,199 - INFO - epoch complete!
2026-05-26 19:19:18,199 - INFO - evaluating now!
2026-05-26 19:19:19,933 - INFO - Epoch [1/10] train_loss: 424.4482, val_loss: 1465.4099, lr: 0.001000, 3.74s
2026-05-26 19:19:22,074 - INFO - epoch complete!
2026-05-26 19:19:22,074 - INFO - evaluating now!
2026-05-26 19:19:23,693 - INFO - Epoch [2/10] train_loss: 391.3415, val_loss: 2442.8656, lr: 0.001000, 3.76s
2026-05-26 19:19:25,889 - INFO - epoch complete!
2026-05-26 19:19:25,889 - INFO - evaluating now!
2026-05-26 19:19:27,609 - INFO - Epoch [3/10] train_loss: 371.1434, val_loss: 1494.2312, lr: 0.001000, 3.92s
2026-05-26 19:19:29,807 - INFO - epoch complete!
2026-05-26 19:19:29,807 - INFO - evaluating now!
2026-05-26 19:19:31,465 - INFO - Epoch [4/10] train_loss: 360.4543, val_loss: 3525.7615, lr: 0.000700, 3.86s
2026-05-26 19:19:33,522 - INFO - epoch complete!
2026-05-26 19:19:33,522 - INFO - evaluating now!
2026-05-26 19:19:35,191 - INFO - Epoch [5/10] train_loss: 301.1232, val_loss: 861.3332, lr: 0.000700, 3.73s
2026-05-26 19:19:35,201 - INFO - Saved model at 5
2026-05-26 19:19:35,201 - INFO - Val loss decrease from 1135.5348 to 861.3332, saving to /home/lizhuoxuan/lzq/Bigscity-LibCity-master/outputs/20260526_191858__traffic_state_pred__STGCN__PEMSD4/model_cache/STGCN_PEMSD4_epoch5.tar
2026-05-26 19:19:37,115 - INFO - epoch complete!
2026-05-26 19:19:37,116 - INFO - evaluating now!
2026-05-26 19:19:38,685 - INFO - Epoch [6/10] train_loss: 307.8300, val_loss: 859.2399, lr: 0.000700, 3.48s
2026-05-26 19:19:38,698 - INFO - Saved model at 6
2026-05-26 19:19:38,699 - INFO - Val loss decrease from 861.3332 to 859.2399, saving to /home/lizhuoxuan/lzq/Bigscity-LibCity-master/outputs/20260526_191858__traffic_state_pred__STGCN__PEMSD4/model_cache/STGCN_PEMSD4_epoch6.tar
2026-05-26 19:19:40,856 - INFO - epoch complete!
2026-05-26 19:19:40,857 - INFO - evaluating now!
2026-05-26 19:19:42,429 - INFO - Epoch [7/10] train_loss: 298.8608, val_loss: 1274.1177, lr: 0.000700, 3.73s
2026-05-26 19:19:44,454 - INFO - epoch complete!
2026-05-26 19:19:44,454 - INFO - evaluating now!
2026-05-26 19:19:46,069 - INFO - Epoch [8/10] train_loss: 294.1391, val_loss: 1347.1293, lr: 0.000700, 3.64s
2026-05-26 19:19:48,155 - INFO - epoch complete!
2026-05-26 19:19:48,155 - INFO - evaluating now!
2026-05-26 19:19:49,792 - INFO - Epoch [9/10] train_loss: 289.2040, val_loss: 1288.0803, lr: 0.000490, 3.72s
2026-05-26 19:19:49,792 - INFO - Trained totally 10 epochs, average train time is 2.273s, average eval time is 1.636s
2026-05-26 19:19:49,810 - INFO - Loaded model at 6
2026-05-26 19:19:49,811 - INFO - Saved model at /home/lizhuoxuan/lzq/Bigscity-LibCity-master/outputs/20260526_191858__traffic_state_pred__STGCN__PEMSD4/model_cache/STGCN_PEMSD4.m
2026-05-26 19:19:49,821 - INFO - Start evaluating ...
2026-05-26 19:20:16,545 - INFO - Note that you select the single mode to evaluate!
2026-05-26 19:20:16,549 - INFO - Evaluate result is saved at /home/lizhuoxuan/lzq/Bigscity-LibCity-master/outputs/20260526_191858__traffic_state_pred__STGCN__PEMSD4/evaluate_cache/2026_05_26_19_20_16_STGCN_PEMSD4.csv
2026-05-26 19:20:16,559 - INFO - 
          MAE       MAPE          MSE  ...  masked_RMSE        R2      EVAR
1    8.754940  44.875149   302.418091  ...    17.342960  0.981613  0.981631
2    9.710900  44.477955   375.854187  ...    19.338762  0.977146  0.977158
3   10.704578  43.995766   462.084656  ...    21.457838  0.971909  0.972025
4   11.610511  43.852814   551.613525  ...    23.458231  0.966460  0.966715
5   12.485521  43.480354   648.360229  ...    25.446348  0.960576  0.961017
6   13.356778  43.258816   756.052368  ...    27.489168  0.954012  0.954707
7   14.244672  42.961510   877.666077  ...    29.632130  0.946610  0.947627
8   15.126115  42.780182  1008.581970  ...    31.775064  0.938643  0.940053
9   15.991508  42.734768  1147.769287  ...    33.905224  0.930182  0.932044
10  16.787134  42.719604  1287.871826  ...    35.920094  0.921647  0.923979
11  17.572323  42.641941  1436.393311  ...    37.943329  0.912608  0.915452
12  18.348387  42.576523  1595.731079  ...    40.000965  0.902920  0.906307

[12 rows x 10 columns]
