2026-05-25 15:26:05,707 - INFO - Log directory: /home/lizhuoxuan/lzq/Bigscity-LibCity-master/outputs/20260525_152605__traffic_state_pred__new_fuzzy_3__PEMSD4/logs
2026-05-25 15:26:05,710 - INFO - Log directory: /home/lizhuoxuan/lzq/Bigscity-LibCity-master/outputs/20260525_152605__traffic_state_pred__new_fuzzy_3__PEMSD4/logs
2026-05-25 15:26:05,710 - INFO - Begin artifact training pipeline, task=traffic_state_pred, model_name=new_fuzzy_3, dataset_name=PEMSD4, exp_id=20260525_152605__traffic_state_pred__new_fuzzy_3__PEMSD4
2026-05-25 15:26:05,710 - INFO - {'task': 'traffic_state_pred', 'model': 'new_fuzzy_3', 'dataset': 'PEMSD4', 'saved_model': True, 'train': True, 'seed': 42, 'train_rate': 0.6, 'eval_rate': 0.2, 'batch_size': 64, 'learning_rate': 0.0005, 'max_epoch': 30, 'dataset_class': 'TrafficStatePointDataset', 'executor': 'DiffusionTrafficStateExecutor', 'evaluator': 'TrafficStateEvaluator', 'amp_dtype': 'bfloat16', 'beta_end': 0.01, 'beta_start': 0.0001, 'calculate_weight_adj': False, 'conservation_loss_weight': 0.1, 'conservation_steps_per_epoch': 80, 'conservation_warmup_epochs': 5, 'data_col': ['traffic_flow', 'traffic_occupancy', 'traffic_speed'], 'data_files': ['PEMSD4'], 'ddim_eta': 0, 'decoder_layers': 2, 'denoiser_layers': 2, 'device': device(type='cuda', index=0), 'diffusion_conservation_enabled': False, 'diffusion_schedule': 'linear', 'diffusion_steps': 50, 'disturb_rate': 0.5, 'dropout': 0.1, 'dyna': {'including_types': ['state'], 'state': {'entity_id': 'geo_id', 'traffic_flow': 'num', 'traffic_occupancy': 'num', 'traffic_speed': 'num'}}, 'encoder_layers': 2, 'eval_batch_size': 64, 'evaluator_mode': 'single', 'fcm_loss_weight': 0.01, 'fcm_steps_per_epoch': 80, 'fcm_warmup_epochs': 3, 'ffn_hidden_dim': 128, 'fuzzy_num_sets': 3, 'geo': {'including_types': ['Point'], 'Point': {}}, 'geo_file': 'PEMSD4', 'graph_k_hop': 2, 'hidden_dim': 64, 'init_weight_inf_or_zero': 'zero', 'is_distributed': True, 'metrics': ['MAE', 'MAPE', 'MSE', 'RMSE', 'masked_MAE', 'masked_MAPE', 'masked_MSE', 'masked_RMSE', 'R2', 'EVAR'], 'noise_SD': [10], 'noise_mean': [5], 'noise_type': 'gaussian', 'num_heads': 2, 'num_sampling_steps': 20, 'num_workers': 0, 'output_dim': 3, 'pad_with_last_sample': True, 'physics_channel_idx': 0, 'prediction_clamp_max': 3, 'prediction_clamp_min': -3, 'rank': 0, 'rel': {'including_types': ['geo'], 'geo': {'cost': 'num'}}, 'rel_file': 'PEMSD4', 'robustness_test': False, 'save_mode': ['csv'], 'scale_lr': False, 'set_weight_link_or_dist': 'link', 'time_intervals': 300, 'use_amp': True, 'use_diffusion': True, 'use_fuzzy_conservation': True, 'use_fuzzy_graph': True, 'use_gradient_checkpointing': False, 'use_spatiotemporal_attention': True, 'use_temporal_position_embedding': True, 'weight_adj_epsilon': 0.1, 'weight_col': 'cost', 'world_size': 4, 'clip_grad_norm': True, 'epoch': 0, 'gpu': True, 'gpu_id': 0, 'learner': 'adamw', 'load_best_epoch': True, 'log_every': 1, 'lr_decay': True, 'lr_decay_ratio': 0.5, 'lr_patience': 5, 'lr_scheduler': 'reducelronplateau', 'lr_threshold': 0.001, 'max_grad_norm': 3, 'patience': 30, 'train_loss': 'none', 'use_early_stop': True, 'weight_decay': 0.0001, 'data_version_id': 'dv_1779415392_efa48676', 'input_window': 12, 'output_window': 12, 'scaler': 'standard', 'load_external': False, 'normal_external': False, 'add_time_in_day': True, 'add_day_in_week': True, 'cache_dataset': True, 'ext_scaler': 'none', 'local_rank': 0, 'dist_backend': 'nccl', 'exp_id': '20260525_152605__traffic_state_pred__new_fuzzy_3__PEMSD4'}
2026-05-25 15:26:05,966 - INFO - Log directory: /home/lizhuoxuan/lzq/Bigscity-LibCity-master/outputs/20260525_152605__traffic_state_pred__new_fuzzy_3__PEMSD4/logs
2026-05-25 15:26:19,019 - INFO - DistributedDataParallel(
  (module): NewFuzzy3(
    (diffusion): DiffusionScheduler()
    (fuzzy_graph): FuzzyRelationalGraphLearner(
      (raw_projection): Linear(in_features=3, out_features=64, bias=True)
      (feature_to_membership): Sequential(
        (0): Linear(in_features=64, out_features=32, bias=True)
        (1): GELU(approximate='none')
        (2): Linear(in_features=32, out_features=3, bias=True)
      )
    )
    (condition_encoder): STEncoder(
      (input_projection): Linear(in_features=3, out_features=64, bias=True)
      (blocks): ModuleList(
        (0-1): 2 x STEncoderBlock(
          (temporal_attention): MultiHeadAttention(
            (query_projection): Linear(in_features=64, out_features=64, bias=True)
            (key_projection): Linear(in_features=64, out_features=64, bias=True)
            (value_projection): Linear(in_features=64, out_features=64, bias=True)
            (output_projection): Linear(in_features=64, out_features=64, bias=True)
            (dropout): Dropout(p=0.1, inplace=False)
          )
          (graph_convolution): FuzzyGraphConvolution(
            (projections): ModuleList(
              (0-2): 3 x Linear(in_features=64, out_features=64, bias=True)
            )
          )
          (feed_forward): FeedForwardNetwork(
            (network): Sequential(
              (0): Linear(in_features=64, out_features=128, bias=True)
              (1): GELU(approximate='none')
              (2): Dropout(p=0.1, inplace=False)
              (3): Linear(in_features=128, out_features=64, bias=True)
              (4): Dropout(p=0.1, inplace=False)
            )
          )
          (norm_temporal): LayerNorm((64,), eps=1e-05, elementwise_affine=True)
          (norm_graph): LayerNorm((64,), eps=1e-05, elementwise_affine=True)
          (norm_ffn): LayerNorm((64,), eps=1e-05, elementwise_affine=True)
          (dropout): Dropout(p=0.1, inplace=False)
        )
      )
      (final_norm): LayerNorm((64,), eps=1e-05, elementwise_affine=True)
    )
    (denoiser): FuzzyGuidedDenoiser(
      (input_projection): Linear(in_features=3, out_features=64, bias=True)
      (time_embedding): SinusoidalTimeEmbedding()
      (time_projection): Sequential(
        (0): Linear(in_features=64, out_features=64, bias=True)
        (1): SiLU()
        (2): Linear(in_features=64, out_features=64, bias=True)
      )
      (condition_fusion): Linear(in_features=128, out_features=64, bias=True)
      (blocks): ModuleList(
        (0-1): 2 x DenoiserBlock(
          (temporal_attention): MultiHeadAttention(
            (query_projection): Linear(in_features=64, out_features=64, bias=True)
            (key_projection): Linear(in_features=64, out_features=64, bias=True)
            (value_projection): Linear(in_features=64, out_features=64, bias=True)
            (output_projection): Linear(in_features=64, out_features=64, bias=True)
            (dropout): Dropout(p=0.1, inplace=False)
          )
          (graph_convolution): FuzzyGraphConvolution(
            (projections): ModuleList(
              (0-2): 3 x Linear(in_features=64, out_features=64, bias=True)
            )
          )
          (cross_attention): MultiHeadAttention(
            (query_projection): Linear(in_features=64, out_features=64, bias=True)
            (key_projection): Linear(in_features=64, out_features=64, bias=True)
            (value_projection): Linear(in_features=64, out_features=64, bias=True)
            (output_projection): Linear(in_features=64, out_features=64, bias=True)
            (dropout): Dropout(p=0.1, inplace=False)
          )
          (spatiotemporal_attention): MultiHeadAttention(
            (query_projection): Linear(in_features=64, out_features=64, bias=True)
            (key_projection): Linear(in_features=64, out_features=64, bias=True)
            (value_projection): Linear(in_features=64, out_features=64, bias=True)
            (output_projection): Linear(in_features=64, out_features=64, bias=True)
            (dropout): Dropout(p=0.1, inplace=False)
          )
          (feed_forward): FeedForwardNetwork(
            (network): Sequential(
              (0): Linear(in_features=64, out_features=128, bias=True)
              (1): GELU(approximate='none')
              (2): Dropout(p=0.1, inplace=False)
              (3): Linear(in_features=128, out_features=64, bias=True)
              (4): Dropout(p=0.1, inplace=False)
            )
          )
          (norm_temporal): LayerNorm((64,), eps=1e-05, elementwise_affine=True)
          (norm_graph): LayerNorm((64,), eps=1e-05, elementwise_affine=True)
          (norm_cross): LayerNorm((64,), eps=1e-05, elementwise_affine=True)
          (norm_spatiotemporal): LayerNorm((64,), eps=1e-05, elementwise_affine=True)
          (norm_ffn): LayerNorm((64,), eps=1e-05, elementwise_affine=True)
          (dropout): Dropout(p=0.1, inplace=False)
          (time_scale_shift): Sequential(
            (0): SiLU()
            (1): Linear(in_features=64, out_features=128, bias=True)
          )
        )
      )
      (final_norm): LayerNorm((64,), eps=1e-05, elementwise_affine=True)
      (output_projection): Linear(in_features=64, out_features=3, bias=True)
    )
  )
)
2026-05-25 15:26:19,020 - INFO - module.fuzzy_graph.base_memberships	torch.Size([307, 3])	cuda:0	True
2026-05-25 15:26:19,020 - INFO - module.fuzzy_graph.fuzzy_prototypes	torch.Size([3, 64])	cuda:0	True
2026-05-25 15:26:19,020 - INFO - module.fuzzy_graph.blend_logit	torch.Size([])	cuda:0	True
2026-05-25 15:26:19,020 - INFO - module.fuzzy_graph.raw_projection.weight	torch.Size([64, 3])	cuda:0	True
2026-05-25 15:26:19,020 - INFO - module.fuzzy_graph.raw_projection.bias	torch.Size([64])	cuda:0	True
2026-05-25 15:26:19,020 - INFO - module.fuzzy_graph.feature_to_membership.0.weight	torch.Size([32, 64])	cuda:0	True
2026-05-25 15:26:19,020 - INFO - Enable AMP training (dtype=bfloat16).
2026-05-25 15:26:19,020 - INFO - module.fuzzy_graph.feature_to_membership.0.bias	torch.Size([32])	cuda:0	True
2026-05-25 15:26:19,020 - INFO - module.fuzzy_graph.feature_to_membership.2.weight	torch.Size([3, 32])	cuda:0	True
2026-05-25 15:26:19,020 - INFO - You select `adamw` optimizer.
2026-05-25 15:26:19,020 - INFO - module.fuzzy_graph.feature_to_membership.2.bias	torch.Size([3])	cuda:0	True
2026-05-25 15:26:19,020 - INFO - Enable AMP training (dtype=bfloat16).
2026-05-25 15:26:19,021 - INFO - module.condition_encoder.temporal_position_embedding	torch.Size([1, 12, 1, 64])	cuda:0	True
2026-05-25 15:26:19,021 - INFO - module.condition_encoder.input_projection.weight	torch.Size([64, 3])	cuda:0	True
2026-05-25 15:26:19,021 - INFO - You select `adamw` optimizer.
2026-05-25 15:26:19,021 - INFO - module.condition_encoder.input_projection.bias	torch.Size([64])	cuda:0	True
2026-05-25 15:26:19,021 - INFO - module.condition_encoder.blocks.0.temporal_attention.query_projection.weight	torch.Size([64, 64])	cuda:0	True
2026-05-25 15:26:19,021 - INFO - module.condition_encoder.blocks.0.temporal_attention.query_projection.bias	torch.Size([64])	cuda:0	True
2026-05-25 15:26:19,021 - INFO - module.condition_encoder.blocks.0.temporal_attention.key_projection.weight	torch.Size([64, 64])	cuda:0	True
2026-05-25 15:26:19,021 - INFO - module.condition_encoder.blocks.0.temporal_attention.key_projection.bias	torch.Size([64])	cuda:0	True
2026-05-25 15:26:19,021 - INFO - module.condition_encoder.blocks.0.temporal_attention.value_projection.weight	torch.Size([64, 64])	cuda:0	True
2026-05-25 15:26:19,021 - INFO - module.condition_encoder.blocks.0.temporal_attention.value_projection.bias	torch.Size([64])	cuda:0	True
2026-05-25 15:26:19,021 - INFO - module.condition_encoder.blocks.0.temporal_attention.output_projection.weight	torch.Size([64, 64])	cuda:0	True
2026-05-25 15:26:19,021 - INFO - module.condition_encoder.blocks.0.temporal_attention.output_projection.bias	torch.Size([64])	cuda:0	True
2026-05-25 15:26:19,021 - INFO - module.condition_encoder.blocks.0.graph_convolution.projections.0.weight	torch.Size([64, 64])	cuda:0	True
2026-05-25 15:26:19,021 - INFO - module.condition_encoder.blocks.0.graph_convolution.projections.0.bias	torch.Size([64])	cuda:0	True
2026-05-25 15:26:19,021 - INFO - module.condition_encoder.blocks.0.graph_convolution.projections.1.weight	torch.Size([64, 64])	cuda:0	True
2026-05-25 15:26:19,021 - INFO - module.condition_encoder.blocks.0.graph_convolution.projections.1.bias	torch.Size([64])	cuda:0	True
2026-05-25 15:26:19,021 - INFO - module.condition_encoder.blocks.0.graph_convolution.projections.2.weight	torch.Size([64, 64])	cuda:0	True
2026-05-25 15:26:19,021 - INFO - module.condition_encoder.blocks.0.graph_convolution.projections.2.bias	torch.Size([64])	cuda:0	True
2026-05-25 15:26:19,021 - INFO - module.condition_encoder.blocks.0.feed_forward.network.0.weight	torch.Size([128, 64])	cuda:0	True
2026-05-25 15:26:19,021 - INFO - module.condition_encoder.blocks.0.feed_forward.network.0.bias	torch.Size([128])	cuda:0	True
2026-05-25 15:26:19,021 - INFO - You select `reducelronplateau` lr_scheduler.
2026-05-25 15:26:19,021 - INFO - module.condition_encoder.blocks.0.feed_forward.network.3.weight	torch.Size([64, 128])	cuda:0	True
2026-05-25 15:26:19,021 - INFO - module.condition_encoder.blocks.0.feed_forward.network.3.bias	torch.Size([64])	cuda:0	True
2026-05-25 15:26:19,021 - WARNING - Received none train loss func and will use the loss func defined in the model.
2026-05-25 15:26:19,021 - INFO - module.condition_encoder.blocks.0.norm_temporal.weight	torch.Size([64])	cuda:0	True
2026-05-25 15:26:19,021 - INFO - module.condition_encoder.blocks.0.norm_temporal.bias	torch.Size([64])	cuda:0	True
2026-05-25 15:26:19,021 - INFO - You select `reducelronplateau` lr_scheduler.
2026-05-25 15:26:19,021 - INFO - module.condition_encoder.blocks.0.norm_graph.weight	torch.Size([64])	cuda:0	True
2026-05-25 15:26:19,021 - INFO - Start training ...
2026-05-25 15:26:19,021 - INFO - module.condition_encoder.blocks.0.norm_graph.bias	torch.Size([64])	cuda:0	True
2026-05-25 15:26:19,021 - WARNING - Received none train loss func and will use the loss func defined in the model.
2026-05-25 15:26:19,021 - INFO - module.condition_encoder.blocks.0.norm_ffn.weight	torch.Size([64])	cuda:0	True
2026-05-25 15:26:19,021 - INFO - num_batches:40
2026-05-25 15:26:19,021 - INFO - module.condition_encoder.blocks.0.norm_ffn.bias	torch.Size([64])	cuda:0	True
2026-05-25 15:26:19,022 - INFO - module.condition_encoder.blocks.1.temporal_attention.query_projection.weight	torch.Size([64, 64])	cuda:0	True
2026-05-25 15:26:19,022 - INFO - Start training ...
2026-05-25 15:26:19,022 - INFO - module.condition_encoder.blocks.1.temporal_attention.query_projection.bias	torch.Size([64])	cuda:0	True
2026-05-25 15:26:19,022 - INFO - module.condition_encoder.blocks.1.temporal_attention.key_projection.weight	torch.Size([64, 64])	cuda:0	True
2026-05-25 15:26:19,022 - INFO - num_batches:40
2026-05-25 15:26:19,022 - INFO - module.condition_encoder.blocks.1.temporal_attention.key_projection.bias	torch.Size([64])	cuda:0	True
2026-05-25 15:26:19,022 - INFO - module.condition_encoder.blocks.1.temporal_attention.value_projection.weight	torch.Size([64, 64])	cuda:0	True
2026-05-25 15:26:19,022 - INFO - module.condition_encoder.blocks.1.temporal_attention.value_projection.bias	torch.Size([64])	cuda:0	True
2026-05-25 15:26:19,022 - INFO - module.condition_encoder.blocks.1.temporal_attention.output_projection.weight	torch.Size([64, 64])	cuda:0	True
2026-05-25 15:26:19,022 - INFO - module.condition_encoder.blocks.1.temporal_attention.output_projection.bias	torch.Size([64])	cuda:0	True
2026-05-25 15:26:19,022 - INFO - module.condition_encoder.blocks.1.graph_convolution.projections.0.weight	torch.Size([64, 64])	cuda:0	True
2026-05-25 15:26:19,022 - INFO - module.condition_encoder.blocks.1.graph_convolution.projections.0.bias	torch.Size([64])	cuda:0	True
2026-05-25 15:26:19,022 - INFO - module.condition_encoder.blocks.1.graph_convolution.projections.1.weight	torch.Size([64, 64])	cuda:0	True
2026-05-25 15:26:19,022 - INFO - module.condition_encoder.blocks.1.graph_convolution.projections.1.bias	torch.Size([64])	cuda:0	True
2026-05-25 15:26:19,022 - INFO - module.condition_encoder.blocks.1.graph_convolution.projections.2.weight	torch.Size([64, 64])	cuda:0	True
2026-05-25 15:26:19,022 - INFO - module.condition_encoder.blocks.1.graph_convolution.projections.2.bias	torch.Size([64])	cuda:0	True
2026-05-25 15:26:19,022 - INFO - module.condition_encoder.blocks.1.feed_forward.network.0.weight	torch.Size([128, 64])	cuda:0	True
2026-05-25 15:26:19,022 - INFO - module.condition_encoder.blocks.1.feed_forward.network.0.bias	torch.Size([128])	cuda:0	True
2026-05-25 15:26:19,022 - INFO - module.condition_encoder.blocks.1.feed_forward.network.3.weight	torch.Size([64, 128])	cuda:0	True
2026-05-25 15:26:19,022 - INFO - module.condition_encoder.blocks.1.feed_forward.network.3.bias	torch.Size([64])	cuda:0	True
2026-05-25 15:26:19,022 - INFO - module.condition_encoder.blocks.1.norm_temporal.weight	torch.Size([64])	cuda:0	True
2026-05-25 15:26:19,022 - INFO - module.condition_encoder.blocks.1.norm_temporal.bias	torch.Size([64])	cuda:0	True
2026-05-25 15:26:19,022 - INFO - module.condition_encoder.blocks.1.norm_graph.weight	torch.Size([64])	cuda:0	True
2026-05-25 15:26:19,022 - INFO - module.condition_encoder.blocks.1.norm_graph.bias	torch.Size([64])	cuda:0	True
2026-05-25 15:26:19,022 - INFO - module.condition_encoder.blocks.1.norm_ffn.weight	torch.Size([64])	cuda:0	True
2026-05-25 15:26:19,022 - INFO - module.condition_encoder.blocks.1.norm_ffn.bias	torch.Size([64])	cuda:0	True
2026-05-25 15:26:19,022 - INFO - module.condition_encoder.final_norm.weight	torch.Size([64])	cuda:0	True
2026-05-25 15:26:19,022 - INFO - module.condition_encoder.final_norm.bias	torch.Size([64])	cuda:0	True
2026-05-25 15:26:19,022 - INFO - module.denoiser.future_position_embedding	torch.Size([1, 12, 1, 64])	cuda:0	True
2026-05-25 15:26:19,022 - INFO - module.denoiser.condition_temporal_weight	torch.Size([12])	cuda:0	True
2026-05-25 15:26:19,023 - INFO - module.denoiser.input_projection.weight	torch.Size([64, 3])	cuda:0	True
2026-05-25 15:26:19,023 - INFO - module.denoiser.input_projection.bias	torch.Size([64])	cuda:0	True
2026-05-25 15:26:19,023 - INFO - module.denoiser.time_projection.0.weight	torch.Size([64, 64])	cuda:0	True
2026-05-25 15:26:19,023 - INFO - module.denoiser.time_projection.0.bias	torch.Size([64])	cuda:0	True
2026-05-25 15:26:19,023 - INFO - module.denoiser.time_projection.2.weight	torch.Size([64, 64])	cuda:0	True
2026-05-25 15:26:19,023 - INFO - module.denoiser.time_projection.2.bias	torch.Size([64])	cuda:0	True
2026-05-25 15:26:19,023 - INFO - module.denoiser.condition_fusion.weight	torch.Size([64, 128])	cuda:0	True
2026-05-25 15:26:19,023 - INFO - module.denoiser.condition_fusion.bias	torch.Size([64])	cuda:0	True
2026-05-25 15:26:19,023 - INFO - module.denoiser.blocks.0.temporal_attention.query_projection.weight	torch.Size([64, 64])	cuda:0	True
2026-05-25 15:26:19,023 - INFO - module.denoiser.blocks.0.temporal_attention.query_projection.bias	torch.Size([64])	cuda:0	True
2026-05-25 15:26:19,023 - INFO - module.denoiser.blocks.0.temporal_attention.key_projection.weight	torch.Size([64, 64])	cuda:0	True
2026-05-25 15:26:19,024 - INFO - module.denoiser.blocks.0.temporal_attention.key_projection.bias	torch.Size([64])	cuda:0	True
2026-05-25 15:26:19,024 - INFO - module.denoiser.blocks.0.temporal_attention.value_projection.weight	torch.Size([64, 64])	cuda:0	True
2026-05-25 15:26:19,024 - INFO - module.denoiser.blocks.0.temporal_attention.value_projection.bias	torch.Size([64])	cuda:0	True
2026-05-25 15:26:19,024 - INFO - module.denoiser.blocks.0.temporal_attention.output_projection.weight	torch.Size([64, 64])	cuda:0	True
2026-05-25 15:26:19,024 - INFO - module.denoiser.blocks.0.temporal_attention.output_projection.bias	torch.Size([64])	cuda:0	True
2026-05-25 15:26:19,024 - INFO - module.denoiser.blocks.0.graph_convolution.projections.0.weight	torch.Size([64, 64])	cuda:0	True
2026-05-25 15:26:19,024 - INFO - module.denoiser.blocks.0.graph_convolution.projections.0.bias	torch.Size([64])	cuda:0	True
2026-05-25 15:26:19,024 - INFO - module.denoiser.blocks.0.graph_convolution.projections.1.weight	torch.Size([64, 64])	cuda:0	True
2026-05-25 15:26:19,024 - INFO - module.denoiser.blocks.0.graph_convolution.projections.1.bias	torch.Size([64])	cuda:0	True
2026-05-25 15:26:19,024 - INFO - module.denoiser.blocks.0.graph_convolution.projections.2.weight	torch.Size([64, 64])	cuda:0	True
2026-05-25 15:26:19,024 - INFO - module.denoiser.blocks.0.graph_convolution.projections.2.bias	torch.Size([64])	cuda:0	True
2026-05-25 15:26:19,024 - INFO - module.denoiser.blocks.0.cross_attention.query_projection.weight	torch.Size([64, 64])	cuda:0	True
2026-05-25 15:26:19,024 - INFO - module.denoiser.blocks.0.cross_attention.query_projection.bias	torch.Size([64])	cuda:0	True
2026-05-25 15:26:19,024 - INFO - module.denoiser.blocks.0.cross_attention.key_projection.weight	torch.Size([64, 64])	cuda:0	True
2026-05-25 15:26:19,024 - INFO - module.denoiser.blocks.0.cross_attention.key_projection.bias	torch.Size([64])	cuda:0	True
2026-05-25 15:26:19,024 - INFO - module.denoiser.blocks.0.cross_attention.value_projection.weight	torch.Size([64, 64])	cuda:0	True
2026-05-25 15:26:19,024 - INFO - module.denoiser.blocks.0.cross_attention.value_projection.bias	torch.Size([64])	cuda:0	True
2026-05-25 15:26:19,024 - INFO - module.denoiser.blocks.0.cross_attention.output_projection.weight	torch.Size([64, 64])	cuda:0	True
2026-05-25 15:26:19,024 - INFO - module.denoiser.blocks.0.cross_attention.output_projection.bias	torch.Size([64])	cuda:0	True
2026-05-25 15:26:19,024 - INFO - module.denoiser.blocks.0.spatiotemporal_attention.query_projection.weight	torch.Size([64, 64])	cuda:0	True
2026-05-25 15:26:19,024 - INFO - module.denoiser.blocks.0.spatiotemporal_attention.query_projection.bias	torch.Size([64])	cuda:0	True
2026-05-25 15:26:19,024 - INFO - module.denoiser.blocks.0.spatiotemporal_attention.key_projection.weight	torch.Size([64, 64])	cuda:0	True
2026-05-25 15:26:19,024 - INFO - module.denoiser.blocks.0.spatiotemporal_attention.key_projection.bias	torch.Size([64])	cuda:0	True
2026-05-25 15:26:19,024 - INFO - module.denoiser.blocks.0.spatiotemporal_attention.value_projection.weight	torch.Size([64, 64])	cuda:0	True
2026-05-25 15:26:19,024 - INFO - module.denoiser.blocks.0.spatiotemporal_attention.value_projection.bias	torch.Size([64])	cuda:0	True
2026-05-25 15:26:19,024 - INFO - module.denoiser.blocks.0.spatiotemporal_attention.output_projection.weight	torch.Size([64, 64])	cuda:0	True
2026-05-25 15:26:19,024 - INFO - module.denoiser.blocks.0.spatiotemporal_attention.output_projection.bias	torch.Size([64])	cuda:0	True
2026-05-25 15:26:19,024 - INFO - module.denoiser.blocks.0.feed_forward.network.0.weight	torch.Size([128, 64])	cuda:0	True
2026-05-25 15:26:19,024 - INFO - module.denoiser.blocks.0.feed_forward.network.0.bias	torch.Size([128])	cuda:0	True
2026-05-25 15:26:19,025 - INFO - module.denoiser.blocks.0.feed_forward.network.3.weight	torch.Size([64, 128])	cuda:0	True
2026-05-25 15:26:19,025 - INFO - module.denoiser.blocks.0.feed_forward.network.3.bias	torch.Size([64])	cuda:0	True
2026-05-25 15:26:19,025 - INFO - module.denoiser.blocks.0.norm_temporal.weight	torch.Size([64])	cuda:0	True
2026-05-25 15:26:19,025 - INFO - module.denoiser.blocks.0.norm_temporal.bias	torch.Size([64])	cuda:0	True
2026-05-25 15:26:19,025 - INFO - module.denoiser.blocks.0.norm_graph.weight	torch.Size([64])	cuda:0	True
2026-05-25 15:26:19,025 - INFO - module.denoiser.blocks.0.norm_graph.bias	torch.Size([64])	cuda:0	True
2026-05-25 15:26:19,025 - INFO - module.denoiser.blocks.0.norm_cross.weight	torch.Size([64])	cuda:0	True
2026-05-25 15:26:19,025 - INFO - module.denoiser.blocks.0.norm_cross.bias	torch.Size([64])	cuda:0	True
2026-05-25 15:26:19,025 - INFO - module.denoiser.blocks.0.norm_spatiotemporal.weight	torch.Size([64])	cuda:0	True
2026-05-25 15:26:19,025 - INFO - module.denoiser.blocks.0.norm_spatiotemporal.bias	torch.Size([64])	cuda:0	True
2026-05-25 15:26:19,025 - INFO - module.denoiser.blocks.0.norm_ffn.weight	torch.Size([64])	cuda:0	True
2026-05-25 15:26:19,025 - INFO - module.denoiser.blocks.0.norm_ffn.bias	torch.Size([64])	cuda:0	True
2026-05-25 15:26:19,025 - INFO - module.denoiser.blocks.0.time_scale_shift.1.weight	torch.Size([128, 64])	cuda:0	True
2026-05-25 15:26:19,025 - INFO - module.denoiser.blocks.0.time_scale_shift.1.bias	torch.Size([128])	cuda:0	True
2026-05-25 15:26:19,025 - INFO - module.denoiser.blocks.1.temporal_attention.query_projection.weight	torch.Size([64, 64])	cuda:0	True
2026-05-25 15:26:19,025 - INFO - module.denoiser.blocks.1.temporal_attention.query_projection.bias	torch.Size([64])	cuda:0	True
2026-05-25 15:26:19,025 - INFO - module.denoiser.blocks.1.temporal_attention.key_projection.weight	torch.Size([64, 64])	cuda:0	True
2026-05-25 15:26:19,025 - INFO - module.denoiser.blocks.1.temporal_attention.key_projection.bias	torch.Size([64])	cuda:0	True
2026-05-25 15:26:19,025 - INFO - module.denoiser.blocks.1.temporal_attention.value_projection.weight	torch.Size([64, 64])	cuda:0	True
2026-05-25 15:26:19,025 - INFO - module.denoiser.blocks.1.temporal_attention.value_projection.bias	torch.Size([64])	cuda:0	True
2026-05-25 15:26:19,025 - INFO - module.denoiser.blocks.1.temporal_attention.output_projection.weight	torch.Size([64, 64])	cuda:0	True
2026-05-25 15:26:19,025 - INFO - module.denoiser.blocks.1.temporal_attention.output_projection.bias	torch.Size([64])	cuda:0	True
2026-05-25 15:26:19,025 - INFO - module.denoiser.blocks.1.graph_convolution.projections.0.weight	torch.Size([64, 64])	cuda:0	True
2026-05-25 15:26:19,025 - INFO - module.denoiser.blocks.1.graph_convolution.projections.0.bias	torch.Size([64])	cuda:0	True
2026-05-25 15:26:19,025 - INFO - module.denoiser.blocks.1.graph_convolution.projections.1.weight	torch.Size([64, 64])	cuda:0	True
2026-05-25 15:26:19,025 - INFO - module.denoiser.blocks.1.graph_convolution.projections.1.bias	torch.Size([64])	cuda:0	True
2026-05-25 15:26:19,025 - INFO - module.denoiser.blocks.1.graph_convolution.projections.2.weight	torch.Size([64, 64])	cuda:0	True
2026-05-25 15:26:19,025 - INFO - module.denoiser.blocks.1.graph_convolution.projections.2.bias	torch.Size([64])	cuda:0	True
2026-05-25 15:26:19,026 - INFO - module.denoiser.blocks.1.cross_attention.query_projection.weight	torch.Size([64, 64])	cuda:0	True
2026-05-25 15:26:19,026 - INFO - module.denoiser.blocks.1.cross_attention.query_projection.bias	torch.Size([64])	cuda:0	True
2026-05-25 15:26:19,026 - INFO - module.denoiser.blocks.1.cross_attention.key_projection.weight	torch.Size([64, 64])	cuda:0	True
2026-05-25 15:26:19,026 - INFO - module.denoiser.blocks.1.cross_attention.key_projection.bias	torch.Size([64])	cuda:0	True
2026-05-25 15:26:19,026 - INFO - module.denoiser.blocks.1.cross_attention.value_projection.weight	torch.Size([64, 64])	cuda:0	True
2026-05-25 15:26:19,026 - INFO - module.denoiser.blocks.1.cross_attention.value_projection.bias	torch.Size([64])	cuda:0	True
2026-05-25 15:26:19,026 - INFO - module.denoiser.blocks.1.cross_attention.output_projection.weight	torch.Size([64, 64])	cuda:0	True
2026-05-25 15:26:19,026 - INFO - module.denoiser.blocks.1.cross_attention.output_projection.bias	torch.Size([64])	cuda:0	True
2026-05-25 15:26:19,026 - INFO - module.denoiser.blocks.1.spatiotemporal_attention.query_projection.weight	torch.Size([64, 64])	cuda:0	True
2026-05-25 15:26:19,026 - INFO - module.denoiser.blocks.1.spatiotemporal_attention.query_projection.bias	torch.Size([64])	cuda:0	True
2026-05-25 15:26:19,026 - INFO - module.denoiser.blocks.1.spatiotemporal_attention.key_projection.weight	torch.Size([64, 64])	cuda:0	True
2026-05-25 15:26:19,026 - INFO - module.denoiser.blocks.1.spatiotemporal_attention.key_projection.bias	torch.Size([64])	cuda:0	True
2026-05-25 15:26:19,026 - INFO - module.denoiser.blocks.1.spatiotemporal_attention.value_projection.weight	torch.Size([64, 64])	cuda:0	True
2026-05-25 15:26:19,026 - INFO - module.denoiser.blocks.1.spatiotemporal_attention.value_projection.bias	torch.Size([64])	cuda:0	True
2026-05-25 15:26:19,026 - INFO - module.denoiser.blocks.1.spatiotemporal_attention.output_projection.weight	torch.Size([64, 64])	cuda:0	True
2026-05-25 15:26:19,026 - INFO - module.denoiser.blocks.1.spatiotemporal_attention.output_projection.bias	torch.Size([64])	cuda:0	True
2026-05-25 15:26:19,026 - INFO - module.denoiser.blocks.1.feed_forward.network.0.weight	torch.Size([128, 64])	cuda:0	True
2026-05-25 15:26:19,026 - INFO - module.denoiser.blocks.1.feed_forward.network.0.bias	torch.Size([128])	cuda:0	True
2026-05-25 15:26:19,026 - INFO - module.denoiser.blocks.1.feed_forward.network.3.weight	torch.Size([64, 128])	cuda:0	True
2026-05-25 15:26:19,026 - INFO - module.denoiser.blocks.1.feed_forward.network.3.bias	torch.Size([64])	cuda:0	True
2026-05-25 15:26:19,026 - INFO - module.denoiser.blocks.1.norm_temporal.weight	torch.Size([64])	cuda:0	True
2026-05-25 15:26:19,026 - INFO - module.denoiser.blocks.1.norm_temporal.bias	torch.Size([64])	cuda:0	True
2026-05-25 15:26:19,026 - INFO - module.denoiser.blocks.1.norm_graph.weight	torch.Size([64])	cuda:0	True
2026-05-25 15:26:19,026 - INFO - module.denoiser.blocks.1.norm_graph.bias	torch.Size([64])	cuda:0	True
2026-05-25 15:26:19,026 - INFO - module.denoiser.blocks.1.norm_cross.weight	torch.Size([64])	cuda:0	True
2026-05-25 15:26:19,026 - INFO - module.denoiser.blocks.1.norm_cross.bias	torch.Size([64])	cuda:0	True
2026-05-25 15:26:19,026 - INFO - module.denoiser.blocks.1.norm_spatiotemporal.weight	torch.Size([64])	cuda:0	True
2026-05-25 15:26:19,026 - INFO - module.denoiser.blocks.1.norm_spatiotemporal.bias	torch.Size([64])	cuda:0	True
2026-05-25 15:26:19,027 - INFO - module.denoiser.blocks.1.norm_ffn.weight	torch.Size([64])	cuda:0	True
2026-05-25 15:26:19,027 - INFO - module.denoiser.blocks.1.norm_ffn.bias	torch.Size([64])	cuda:0	True
2026-05-25 15:26:19,027 - INFO - module.denoiser.blocks.1.time_scale_shift.1.weight	torch.Size([128, 64])	cuda:0	True
2026-05-25 15:26:19,027 - INFO - module.denoiser.blocks.1.time_scale_shift.1.bias	torch.Size([128])	cuda:0	True
2026-05-25 15:26:19,027 - INFO - module.denoiser.final_norm.weight	torch.Size([64])	cuda:0	True
2026-05-25 15:26:19,029 - INFO - module.denoiser.final_norm.bias	torch.Size([64])	cuda:0	True
2026-05-25 15:26:19,029 - INFO - module.denoiser.output_projection.weight	torch.Size([3, 64])	cuda:0	True
2026-05-25 15:26:19,029 - INFO - module.denoiser.output_projection.bias	torch.Size([3])	cuda:0	True
2026-05-25 15:26:19,029 - INFO - Total parameter numbers: 290668
2026-05-25 15:26:19,029 - INFO - Enable AMP training (dtype=bfloat16).
2026-05-25 15:26:19,030 - INFO - You select `adamw` optimizer.
2026-05-25 15:26:19,030 - INFO - You select `reducelronplateau` lr_scheduler.
2026-05-25 15:26:19,030 - WARNING - Received none train loss func and will use the loss func defined in the model.
2026-05-25 15:26:19,031 - INFO - Start training ...
2026-05-25 15:26:19,031 - INFO - num_batches:40
2026-05-25 15:26:24,900 - INFO - epoch complete!
2026-05-25 15:26:24,900 - INFO - epoch complete!
2026-05-25 15:26:24,900 - INFO - evaluating now!
2026-05-25 15:26:24,900 - INFO - evaluating now!
2026-05-25 15:26:24,901 - INFO - epoch complete!
2026-05-25 15:26:24,901 - INFO - evaluating now!
2026-05-25 15:26:25,417 - INFO - Epoch [0/30] train_loss: 9.1231, val_loss: 8.6922, lr: 0.000500, 6.40s
2026-05-25 15:26:25,417 - INFO - Epoch [0/30] train_loss: 9.1238, val_loss: 8.6922, lr: 0.000500, 6.40s
2026-05-25 15:26:25,418 - INFO - Epoch [0/30] train_loss: 9.1219, val_loss: 8.6922, lr: 0.000500, 6.39s
2026-05-25 15:26:25,454 - INFO - Saved model at 0
2026-05-25 15:26:25,454 - INFO - Val loss decrease from inf to 8.6922, saving to /home/lizhuoxuan/lzq/Bigscity-LibCity-master/outputs/20260525_152605__traffic_state_pred__new_fuzzy_3__PEMSD4/model_cache/new_fuzzy_3_PEMSD4_epoch0.tar
2026-05-25 15:26:25,578 - INFO - Saved model at 0
2026-05-25 15:26:25,579 - INFO - Val loss decrease from inf to 8.6922, saving to /home/lizhuoxuan/lzq/Bigscity-LibCity-master/outputs/20260525_152605__traffic_state_pred__new_fuzzy_3__PEMSD4/model_cache/new_fuzzy_3_PEMSD4_epoch0.tar
2026-05-25 15:26:25,621 - INFO - Saved model at 0
2026-05-25 15:26:25,621 - INFO - Val loss decrease from inf to 8.6922, saving to /home/lizhuoxuan/lzq/Bigscity-LibCity-master/outputs/20260525_152605__traffic_state_pred__new_fuzzy_3__PEMSD4/model_cache/new_fuzzy_3_PEMSD4_epoch0.tar
2026-05-25 15:26:30,742 - INFO - epoch complete!
2026-05-25 15:26:30,742 - INFO - evaluating now!
2026-05-25 15:26:30,749 - INFO - epoch complete!
2026-05-25 15:26:30,750 - INFO - evaluating now!
2026-05-25 15:26:30,750 - INFO - epoch complete!
2026-05-25 15:26:30,751 - INFO - evaluating now!
2026-05-25 15:26:31,287 - INFO - Epoch [1/30] train_loss: 8.7840, val_loss: 8.7113, lr: 0.000500, 5.71s
2026-05-25 15:26:31,287 - INFO - Epoch [1/30] train_loss: 8.7841, val_loss: 8.7113, lr: 0.000500, 5.67s
2026-05-25 15:26:31,287 - INFO - Epoch [1/30] train_loss: 8.7841, val_loss: 8.7113, lr: 0.000500, 5.83s
2026-05-25 15:26:36,349 - INFO - epoch complete!
2026-05-25 15:26:36,349 - INFO - epoch complete!
2026-05-25 15:26:36,349 - INFO - evaluating now!
2026-05-25 15:26:36,349 - INFO - evaluating now!
2026-05-25 15:26:36,349 - INFO - epoch complete!
2026-05-25 15:26:36,350 - INFO - evaluating now!
2026-05-25 15:26:36,865 - INFO - Epoch [2/30] train_loss: 8.7218, val_loss: 8.2094, lr: 0.000500, 5.58s
2026-05-25 15:26:36,865 - INFO - Epoch [2/30] train_loss: 8.7224, val_loss: 8.2094, lr: 0.000500, 5.58s
2026-05-25 15:26:36,865 - INFO - Epoch [2/30] train_loss: 8.7258, val_loss: 8.2094, lr: 0.000500, 5.58s
2026-05-25 15:26:36,900 - INFO - Saved model at 2
2026-05-25 15:26:36,900 - INFO - Saved model at 2
2026-05-25 15:26:36,900 - INFO - Saved model at 2
2026-05-25 15:26:36,900 - INFO - Val loss decrease from 8.6922 to 8.2094, saving to /home/lizhuoxuan/lzq/Bigscity-LibCity-master/outputs/20260525_152605__traffic_state_pred__new_fuzzy_3__PEMSD4/model_cache/new_fuzzy_3_PEMSD4_epoch2.tar
2026-05-25 15:26:36,900 - INFO - Val loss decrease from 8.6922 to 8.2094, saving to /home/lizhuoxuan/lzq/Bigscity-LibCity-master/outputs/20260525_152605__traffic_state_pred__new_fuzzy_3__PEMSD4/model_cache/new_fuzzy_3_PEMSD4_epoch2.tar
2026-05-25 15:26:36,900 - INFO - Val loss decrease from 8.6922 to 8.2094, saving to /home/lizhuoxuan/lzq/Bigscity-LibCity-master/outputs/20260525_152605__traffic_state_pred__new_fuzzy_3__PEMSD4/model_cache/new_fuzzy_3_PEMSD4_epoch2.tar
2026-05-25 15:26:41,968 - INFO - epoch complete!
2026-05-25 15:26:41,969 - INFO - evaluating now!
2026-05-25 15:26:41,969 - INFO - epoch complete!
2026-05-25 15:26:41,969 - INFO - evaluating now!
2026-05-25 15:26:41,977 - INFO - epoch complete!
2026-05-25 15:26:41,977 - INFO - evaluating now!
2026-05-25 15:26:42,497 - INFO - Epoch [3/30] train_loss: 6.5790, val_loss: 5.2816, lr: 0.000500, 5.60s
2026-05-25 15:26:42,497 - INFO - Epoch [3/30] train_loss: 6.5846, val_loss: 5.2816, lr: 0.000500, 5.60s
2026-05-25 15:26:42,497 - INFO - Epoch [3/30] train_loss: 6.5770, val_loss: 5.2816, lr: 0.000500, 5.60s
2026-05-25 15:26:42,532 - INFO - Saved model at 3
2026-05-25 15:26:42,532 - INFO - Val loss decrease from 8.2094 to 5.2816, saving to /home/lizhuoxuan/lzq/Bigscity-LibCity-master/outputs/20260525_152605__traffic_state_pred__new_fuzzy_3__PEMSD4/model_cache/new_fuzzy_3_PEMSD4_epoch3.tar
2026-05-25 15:26:42,603 - INFO - Saved model at 3
2026-05-25 15:26:42,604 - INFO - Val loss decrease from 8.2094 to 5.2816, saving to /home/lizhuoxuan/lzq/Bigscity-LibCity-master/outputs/20260525_152605__traffic_state_pred__new_fuzzy_3__PEMSD4/model_cache/new_fuzzy_3_PEMSD4_epoch3.tar
2026-05-25 15:26:42,704 - INFO - Saved model at 3
2026-05-25 15:26:42,722 - INFO - Val loss decrease from 8.2094 to 5.2816, saving to /home/lizhuoxuan/lzq/Bigscity-LibCity-master/outputs/20260525_152605__traffic_state_pred__new_fuzzy_3__PEMSD4/model_cache/new_fuzzy_3_PEMSD4_epoch3.tar
2026-05-25 15:26:47,754 - INFO - epoch complete!
2026-05-25 15:26:47,754 - INFO - epoch complete!
2026-05-25 15:26:47,754 - INFO - evaluating now!
2026-05-25 15:26:47,754 - INFO - evaluating now!
2026-05-25 15:26:47,754 - INFO - epoch complete!
2026-05-25 15:26:47,755 - INFO - evaluating now!
2026-05-25 15:26:48,272 - INFO - Epoch [4/30] train_loss: 4.8974, val_loss: 4.3701, lr: 0.000500, 5.74s
2026-05-25 15:26:48,272 - INFO - Epoch [4/30] train_loss: 4.9112, val_loss: 4.3701, lr: 0.000500, 5.67s
2026-05-25 15:26:48,272 - INFO - Epoch [4/30] train_loss: 4.9141, val_loss: 4.3701, lr: 0.000500, 5.55s
2026-05-25 15:26:48,354 - INFO - Saved model at 4
2026-05-25 15:26:48,354 - INFO - Val loss decrease from 5.2816 to 4.3701, saving to /home/lizhuoxuan/lzq/Bigscity-LibCity-master/outputs/20260525_152605__traffic_state_pred__new_fuzzy_3__PEMSD4/model_cache/new_fuzzy_3_PEMSD4_epoch4.tar
2026-05-25 15:26:48,416 - INFO - Saved model at 4
2026-05-25 15:26:48,416 - INFO - Saved model at 4
2026-05-25 15:26:48,417 - INFO - Val loss decrease from 5.2816 to 4.3701, saving to /home/lizhuoxuan/lzq/Bigscity-LibCity-master/outputs/20260525_152605__traffic_state_pred__new_fuzzy_3__PEMSD4/model_cache/new_fuzzy_3_PEMSD4_epoch4.tar
2026-05-25 15:26:48,417 - INFO - Val loss decrease from 5.2816 to 4.3701, saving to /home/lizhuoxuan/lzq/Bigscity-LibCity-master/outputs/20260525_152605__traffic_state_pred__new_fuzzy_3__PEMSD4/model_cache/new_fuzzy_3_PEMSD4_epoch4.tar
2026-05-25 15:26:53,452 - INFO - epoch complete!
2026-05-25 15:26:53,453 - INFO - evaluating now!
2026-05-25 15:26:53,453 - INFO - epoch complete!
2026-05-25 15:26:53,453 - INFO - evaluating now!
2026-05-25 15:26:53,456 - INFO - epoch complete!
2026-05-25 15:26:53,456 - INFO - evaluating now!
2026-05-25 15:26:53,964 - INFO - Epoch [5/30] train_loss: 4.3838, val_loss: 3.9336, lr: 0.000500, 5.55s
2026-05-25 15:26:53,964 - INFO - Epoch [5/30] train_loss: 4.3840, val_loss: 3.9336, lr: 0.000500, 5.61s
2026-05-25 15:26:53,964 - INFO - Epoch [5/30] train_loss: 4.3787, val_loss: 3.9336, lr: 0.000500, 5.55s
2026-05-25 15:26:53,999 - INFO - Saved model at 5
2026-05-25 15:26:53,999 - INFO - Val loss decrease from 4.3701 to 3.9336, saving to /home/lizhuoxuan/lzq/Bigscity-LibCity-master/outputs/20260525_152605__traffic_state_pred__new_fuzzy_3__PEMSD4/model_cache/new_fuzzy_3_PEMSD4_epoch5.tar
2026-05-25 15:26:54,066 - INFO - Saved model at 5
2026-05-25 15:26:54,066 - INFO - Saved model at 5
2026-05-25 15:26:54,066 - INFO - Val loss decrease from 4.3701 to 3.9336, saving to /home/lizhuoxuan/lzq/Bigscity-LibCity-master/outputs/20260525_152605__traffic_state_pred__new_fuzzy_3__PEMSD4/model_cache/new_fuzzy_3_PEMSD4_epoch5.tar
2026-05-25 15:26:54,066 - INFO - Val loss decrease from 4.3701 to 3.9336, saving to /home/lizhuoxuan/lzq/Bigscity-LibCity-master/outputs/20260525_152605__traffic_state_pred__new_fuzzy_3__PEMSD4/model_cache/new_fuzzy_3_PEMSD4_epoch5.tar
2026-05-25 15:26:59,309 - INFO - epoch complete!
2026-05-25 15:26:59,309 - INFO - evaluating now!
2026-05-25 15:26:59,310 - INFO - epoch complete!
2026-05-25 15:26:59,310 - INFO - evaluating now!
2026-05-25 15:26:59,311 - INFO - epoch complete!
2026-05-25 15:26:59,311 - INFO - evaluating now!
2026-05-25 15:26:59,825 - INFO - Epoch [6/30] train_loss: 3.9164, val_loss: 3.3745, lr: 0.000500, 5.76s
2026-05-25 15:26:59,825 - INFO - Epoch [6/30] train_loss: 3.9152, val_loss: 3.3745, lr: 0.000500, 5.83s
2026-05-25 15:26:59,825 - INFO - Epoch [6/30] train_loss: 3.9139, val_loss: 3.3745, lr: 0.000500, 5.76s
2026-05-25 15:26:59,857 - INFO - Saved model at 6
2026-05-25 15:26:59,857 - INFO - Saved model at 6
2026-05-25 15:26:59,857 - INFO - Saved model at 6
2026-05-25 15:26:59,857 - INFO - Val loss decrease from 3.9336 to 3.3745, saving to /home/lizhuoxuan/lzq/Bigscity-LibCity-master/outputs/20260525_152605__traffic_state_pred__new_fuzzy_3__PEMSD4/model_cache/new_fuzzy_3_PEMSD4_epoch6.tar
2026-05-25 15:26:59,857 - INFO - Val loss decrease from 3.9336 to 3.3745, saving to /home/lizhuoxuan/lzq/Bigscity-LibCity-master/outputs/20260525_152605__traffic_state_pred__new_fuzzy_3__PEMSD4/model_cache/new_fuzzy_3_PEMSD4_epoch6.tar
2026-05-25 15:26:59,857 - INFO - Val loss decrease from 3.9336 to 3.3745, saving to /home/lizhuoxuan/lzq/Bigscity-LibCity-master/outputs/20260525_152605__traffic_state_pred__new_fuzzy_3__PEMSD4/model_cache/new_fuzzy_3_PEMSD4_epoch6.tar
2026-05-25 15:27:04,953 - INFO - epoch complete!
2026-05-25 15:27:04,954 - INFO - evaluating now!
2026-05-25 15:27:04,954 - INFO - epoch complete!
2026-05-25 15:27:04,954 - INFO - evaluating now!
2026-05-25 15:27:04,955 - INFO - epoch complete!
2026-05-25 15:27:04,955 - INFO - evaluating now!
2026-05-25 15:27:05,462 - INFO - Epoch [7/30] train_loss: 3.5360, val_loss: 3.1169, lr: 0.000500, 5.60s
2026-05-25 15:27:05,462 - INFO - Epoch [7/30] train_loss: 3.5347, val_loss: 3.1169, lr: 0.000500, 5.60s
2026-05-25 15:27:05,462 - INFO - Epoch [7/30] train_loss: 3.5386, val_loss: 3.1169, lr: 0.000500, 5.60s
2026-05-25 15:27:05,496 - INFO - Saved model at 7
2026-05-25 15:27:05,496 - INFO - Saved model at 7
2026-05-25 15:27:05,496 - INFO - Saved model at 7
2026-05-25 15:27:05,497 - INFO - Val loss decrease from 3.3745 to 3.1169, saving to /home/lizhuoxuan/lzq/Bigscity-LibCity-master/outputs/20260525_152605__traffic_state_pred__new_fuzzy_3__PEMSD4/model_cache/new_fuzzy_3_PEMSD4_epoch7.tar
2026-05-25 15:27:05,497 - INFO - Val loss decrease from 3.3745 to 3.1169, saving to /home/lizhuoxuan/lzq/Bigscity-LibCity-master/outputs/20260525_152605__traffic_state_pred__new_fuzzy_3__PEMSD4/model_cache/new_fuzzy_3_PEMSD4_epoch7.tar
2026-05-25 15:27:05,497 - INFO - Val loss decrease from 3.3745 to 3.1169, saving to /home/lizhuoxuan/lzq/Bigscity-LibCity-master/outputs/20260525_152605__traffic_state_pred__new_fuzzy_3__PEMSD4/model_cache/new_fuzzy_3_PEMSD4_epoch7.tar
2026-05-25 15:27:10,625 - INFO - epoch complete!
2026-05-25 15:27:10,625 - INFO - evaluating now!
2026-05-25 15:27:10,626 - INFO - epoch complete!
2026-05-25 15:27:10,627 - INFO - evaluating now!
2026-05-25 15:27:10,632 - INFO - epoch complete!
2026-05-25 15:27:10,633 - INFO - evaluating now!
2026-05-25 15:27:11,149 - INFO - Epoch [8/30] train_loss: 3.2691, val_loss: 2.9168, lr: 0.000500, 5.65s
2026-05-25 15:27:11,149 - INFO - Epoch [8/30] train_loss: 3.2452, val_loss: 2.9168, lr: 0.000500, 5.65s
2026-05-25 15:27:11,149 - INFO - Epoch [8/30] train_loss: 3.2714, val_loss: 2.9168, lr: 0.000500, 5.65s
2026-05-25 15:27:11,198 - INFO - Saved model at 8
2026-05-25 15:27:11,198 - INFO - Val loss decrease from 3.1169 to 2.9168, saving to /home/lizhuoxuan/lzq/Bigscity-LibCity-master/outputs/20260525_152605__traffic_state_pred__new_fuzzy_3__PEMSD4/model_cache/new_fuzzy_3_PEMSD4_epoch8.tar
2026-05-25 15:27:11,290 - INFO - Saved model at 8
2026-05-25 15:27:11,291 - INFO - Val loss decrease from 3.1169 to 2.9168, saving to /home/lizhuoxuan/lzq/Bigscity-LibCity-master/outputs/20260525_152605__traffic_state_pred__new_fuzzy_3__PEMSD4/model_cache/new_fuzzy_3_PEMSD4_epoch8.tar
2026-05-25 15:27:11,341 - INFO - Saved model at 8
2026-05-25 15:27:11,342 - INFO - Val loss decrease from 3.1169 to 2.9168, saving to /home/lizhuoxuan/lzq/Bigscity-LibCity-master/outputs/20260525_152605__traffic_state_pred__new_fuzzy_3__PEMSD4/model_cache/new_fuzzy_3_PEMSD4_epoch8.tar
2026-05-25 15:27:16,410 - INFO - epoch complete!
2026-05-25 15:27:16,410 - INFO - evaluating now!
2026-05-25 15:27:16,412 - INFO - epoch complete!
2026-05-25 15:27:16,412 - INFO - evaluating now!
2026-05-25 15:27:16,412 - INFO - epoch complete!
2026-05-25 15:27:16,412 - INFO - evaluating now!
2026-05-25 15:27:16,923 - INFO - Epoch [9/30] train_loss: 3.0516, val_loss: 2.7287, lr: 0.000500, 5.63s
2026-05-25 15:27:16,923 - INFO - Epoch [9/30] train_loss: 3.0606, val_loss: 2.7287, lr: 0.000500, 5.73s
2026-05-25 15:27:16,923 - INFO - Epoch [9/30] train_loss: 3.0708, val_loss: 2.7287, lr: 0.000500, 5.58s
2026-05-25 15:27:16,958 - INFO - Saved model at 9
2026-05-25 15:27:16,958 - INFO - Val loss decrease from 2.9168 to 2.7287, saving to /home/lizhuoxuan/lzq/Bigscity-LibCity-master/outputs/20260525_152605__traffic_state_pred__new_fuzzy_3__PEMSD4/model_cache/new_fuzzy_3_PEMSD4_epoch9.tar
2026-05-25 15:27:17,014 - INFO - Saved model at 9
2026-05-25 15:27:17,014 - INFO - Saved model at 9
2026-05-25 15:27:17,014 - INFO - Val loss decrease from 2.9168 to 2.7287, saving to /home/lizhuoxuan/lzq/Bigscity-LibCity-master/outputs/20260525_152605__traffic_state_pred__new_fuzzy_3__PEMSD4/model_cache/new_fuzzy_3_PEMSD4_epoch9.tar
2026-05-25 15:27:17,014 - INFO - Val loss decrease from 2.9168 to 2.7287, saving to /home/lizhuoxuan/lzq/Bigscity-LibCity-master/outputs/20260525_152605__traffic_state_pred__new_fuzzy_3__PEMSD4/model_cache/new_fuzzy_3_PEMSD4_epoch9.tar
2026-05-25 15:27:22,052 - INFO - epoch complete!
2026-05-25 15:27:22,052 - INFO - evaluating now!
2026-05-25 15:27:22,052 - INFO - epoch complete!
2026-05-25 15:27:22,053 - INFO - evaluating now!
2026-05-25 15:27:22,057 - INFO - epoch complete!
2026-05-25 15:27:22,057 - INFO - evaluating now!
2026-05-25 15:27:22,572 - INFO - Epoch [10/30] train_loss: 2.8400, val_loss: 2.3582, lr: 0.000500, 5.61s
2026-05-25 15:27:22,572 - INFO - Epoch [10/30] train_loss: 2.8310, val_loss: 2.3582, lr: 0.000500, 5.56s
2026-05-25 15:27:22,572 - INFO - Epoch [10/30] train_loss: 2.8101, val_loss: 2.3582, lr: 0.000500, 5.56s
2026-05-25 15:27:22,607 - INFO - Saved model at 10
2026-05-25 15:27:22,607 - INFO - Val loss decrease from 2.7287 to 2.3582, saving to /home/lizhuoxuan/lzq/Bigscity-LibCity-master/outputs/20260525_152605__traffic_state_pred__new_fuzzy_3__PEMSD4/model_cache/new_fuzzy_3_PEMSD4_epoch10.tar
2026-05-25 15:27:22,680 - INFO - Saved model at 10
2026-05-25 15:27:22,681 - INFO - Val loss decrease from 2.7287 to 2.3582, saving to /home/lizhuoxuan/lzq/Bigscity-LibCity-master/outputs/20260525_152605__traffic_state_pred__new_fuzzy_3__PEMSD4/model_cache/new_fuzzy_3_PEMSD4_epoch10.tar
2026-05-25 15:27:22,741 - INFO - Saved model at 10
2026-05-25 15:27:22,742 - INFO - Val loss decrease from 2.7287 to 2.3582, saving to /home/lizhuoxuan/lzq/Bigscity-LibCity-master/outputs/20260525_152605__traffic_state_pred__new_fuzzy_3__PEMSD4/model_cache/new_fuzzy_3_PEMSD4_epoch10.tar
2026-05-25 15:27:27,828 - INFO - epoch complete!
2026-05-25 15:27:27,829 - INFO - evaluating now!
2026-05-25 15:27:27,833 - INFO - epoch complete!
2026-05-25 15:27:27,833 - INFO - evaluating now!
2026-05-25 15:27:27,837 - INFO - epoch complete!
2026-05-25 15:27:27,838 - INFO - evaluating now!
2026-05-25 15:27:28,358 - INFO - Epoch [11/30] train_loss: 2.6755, val_loss: 2.2786, lr: 0.000500, 5.75s
2026-05-25 15:27:28,358 - INFO - Epoch [11/30] train_loss: 2.6487, val_loss: 2.2786, lr: 0.000500, 5.62s
2026-05-25 15:27:28,358 - INFO - Epoch [11/30] train_loss: 2.6700, val_loss: 2.2786, lr: 0.000500, 5.68s
2026-05-25 15:27:28,402 - INFO - Saved model at 11
2026-05-25 15:27:28,402 - INFO - Val loss decrease from 2.3582 to 2.2786, saving to /home/lizhuoxuan/lzq/Bigscity-LibCity-master/outputs/20260525_152605__traffic_state_pred__new_fuzzy_3__PEMSD4/model_cache/new_fuzzy_3_PEMSD4_epoch11.tar
2026-05-25 15:27:28,425 - INFO - Saved model at 11
2026-05-25 15:27:28,425 - INFO - Saved model at 11
2026-05-25 15:27:28,425 - INFO - Val loss decrease from 2.3582 to 2.2786, saving to /home/lizhuoxuan/lzq/Bigscity-LibCity-master/outputs/20260525_152605__traffic_state_pred__new_fuzzy_3__PEMSD4/model_cache/new_fuzzy_3_PEMSD4_epoch11.tar
2026-05-25 15:27:28,425 - INFO - Val loss decrease from 2.3582 to 2.2786, saving to /home/lizhuoxuan/lzq/Bigscity-LibCity-master/outputs/20260525_152605__traffic_state_pred__new_fuzzy_3__PEMSD4/model_cache/new_fuzzy_3_PEMSD4_epoch11.tar
2026-05-25 15:27:33,476 - INFO - epoch complete!
2026-05-25 15:27:33,477 - INFO - evaluating now!
2026-05-25 15:27:33,477 - INFO - epoch complete!
2026-05-25 15:27:33,477 - INFO - evaluating now!
2026-05-25 15:27:33,482 - INFO - epoch complete!
2026-05-25 15:27:33,482 - INFO - evaluating now!
2026-05-25 15:27:33,993 - INFO - Epoch [12/30] train_loss: 2.6313, val_loss: 2.2830, lr: 0.000500, 5.57s
2026-05-25 15:27:33,993 - INFO - Epoch [12/30] train_loss: 2.6198, val_loss: 2.2830, lr: 0.000500, 5.57s
2026-05-25 15:27:33,993 - INFO - Epoch [12/30] train_loss: 2.6265, val_loss: 2.2830, lr: 0.000500, 5.59s
2026-05-25 15:27:39,037 - INFO - epoch complete!
2026-05-25 15:27:39,037 - INFO - epoch complete!
2026-05-25 15:27:39,037 - INFO - evaluating now!
2026-05-25 15:27:39,037 - INFO - evaluating now!
2026-05-25 15:27:39,038 - INFO - epoch complete!
2026-05-25 15:27:39,039 - INFO - evaluating now!
2026-05-25 15:27:39,555 - INFO - Epoch [13/30] train_loss: 2.5983, val_loss: 2.1259, lr: 0.000500, 5.56s
2026-05-25 15:27:39,555 - INFO - Epoch [13/30] train_loss: 2.6093, val_loss: 2.1259, lr: 0.000500, 5.56s
2026-05-25 15:27:39,555 - INFO - Epoch [13/30] train_loss: 2.6216, val_loss: 2.1259, lr: 0.000500, 5.56s
2026-05-25 15:27:39,588 - INFO - Saved model at 13
2026-05-25 15:27:39,589 - INFO - Saved model at 13
2026-05-25 15:27:39,589 - INFO - Val loss decrease from 2.2786 to 2.1259, saving to /home/lizhuoxuan/lzq/Bigscity-LibCity-master/outputs/20260525_152605__traffic_state_pred__new_fuzzy_3__PEMSD4/model_cache/new_fuzzy_3_PEMSD4_epoch13.tar
2026-05-25 15:27:39,589 - INFO - Val loss decrease from 2.2786 to 2.1259, saving to /home/lizhuoxuan/lzq/Bigscity-LibCity-master/outputs/20260525_152605__traffic_state_pred__new_fuzzy_3__PEMSD4/model_cache/new_fuzzy_3_PEMSD4_epoch13.tar
2026-05-25 15:27:39,598 - INFO - Saved model at 13
2026-05-25 15:27:39,598 - INFO - Val loss decrease from 2.2786 to 2.1259, saving to /home/lizhuoxuan/lzq/Bigscity-LibCity-master/outputs/20260525_152605__traffic_state_pred__new_fuzzy_3__PEMSD4/model_cache/new_fuzzy_3_PEMSD4_epoch13.tar
2026-05-25 15:27:44,662 - INFO - epoch complete!
2026-05-25 15:27:44,662 - INFO - epoch complete!
2026-05-25 15:27:44,662 - INFO - evaluating now!
2026-05-25 15:27:44,662 - INFO - evaluating now!
2026-05-25 15:27:44,666 - INFO - epoch complete!
2026-05-25 15:27:44,666 - INFO - evaluating now!
2026-05-25 15:27:45,176 - INFO - Epoch [14/30] train_loss: 2.3470, val_loss: 2.2761, lr: 0.000500, 5.58s
2026-05-25 15:27:45,176 - INFO - Epoch [14/30] train_loss: 2.3728, val_loss: 2.2761, lr: 0.000500, 5.59s
2026-05-25 15:27:45,176 - INFO - Epoch [14/30] train_loss: 2.3809, val_loss: 2.2761, lr: 0.000500, 5.59s
2026-05-25 15:27:50,222 - INFO - epoch complete!
2026-05-25 15:27:50,222 - INFO - evaluating now!
2026-05-25 15:27:50,226 - INFO - epoch complete!
2026-05-25 15:27:50,226 - INFO - epoch complete!
2026-05-25 15:27:50,226 - INFO - evaluating now!
2026-05-25 15:27:50,226 - INFO - evaluating now!
2026-05-25 15:27:50,737 - INFO - Epoch [15/30] train_loss: 2.4007, val_loss: 2.1140, lr: 0.000500, 5.56s
2026-05-25 15:27:50,737 - INFO - Epoch [15/30] train_loss: 2.4149, val_loss: 2.1140, lr: 0.000500, 5.56s
2026-05-25 15:27:50,737 - INFO - Epoch [15/30] train_loss: 2.4061, val_loss: 2.1140, lr: 0.000500, 5.56s
2026-05-25 15:27:50,771 - INFO - Saved model at 15
2026-05-25 15:27:50,771 - INFO - Saved model at 15
2026-05-25 15:27:50,771 - INFO - Saved model at 15
2026-05-25 15:27:50,771 - INFO - Val loss decrease from 2.1259 to 2.1140, saving to /home/lizhuoxuan/lzq/Bigscity-LibCity-master/outputs/20260525_152605__traffic_state_pred__new_fuzzy_3__PEMSD4/model_cache/new_fuzzy_3_PEMSD4_epoch15.tar
2026-05-25 15:27:50,771 - INFO - Val loss decrease from 2.1259 to 2.1140, saving to /home/lizhuoxuan/lzq/Bigscity-LibCity-master/outputs/20260525_152605__traffic_state_pred__new_fuzzy_3__PEMSD4/model_cache/new_fuzzy_3_PEMSD4_epoch15.tar
2026-05-25 15:27:50,771 - INFO - Val loss decrease from 2.1259 to 2.1140, saving to /home/lizhuoxuan/lzq/Bigscity-LibCity-master/outputs/20260525_152605__traffic_state_pred__new_fuzzy_3__PEMSD4/model_cache/new_fuzzy_3_PEMSD4_epoch15.tar
2026-05-25 15:27:55,820 - INFO - epoch complete!
2026-05-25 15:27:55,820 - INFO - evaluating now!
2026-05-25 15:27:55,820 - INFO - epoch complete!
2026-05-25 15:27:55,821 - INFO - evaluating now!
2026-05-25 15:27:55,821 - INFO - epoch complete!
2026-05-25 15:27:55,822 - INFO - evaluating now!
2026-05-25 15:27:56,353 - INFO - Epoch [16/30] train_loss: 2.3796, val_loss: 2.1442, lr: 0.000500, 5.58s
2026-05-25 15:27:56,353 - INFO - Epoch [16/30] train_loss: 2.3787, val_loss: 2.1442, lr: 0.000500, 5.58s
2026-05-25 15:27:56,353 - INFO - Epoch [16/30] train_loss: 2.3833, val_loss: 2.1442, lr: 0.000500, 5.58s
2026-05-25 15:28:01,446 - INFO - epoch complete!
2026-05-25 15:28:01,446 - INFO - epoch complete!
2026-05-25 15:28:01,446 - INFO - evaluating now!
2026-05-25 15:28:01,446 - INFO - evaluating now!
2026-05-25 15:28:01,449 - INFO - epoch complete!
2026-05-25 15:28:01,449 - INFO - evaluating now!
2026-05-25 15:28:01,959 - INFO - Epoch [17/30] train_loss: 2.2754, val_loss: 2.0421, lr: 0.000500, 5.61s
2026-05-25 15:28:01,959 - INFO - Epoch [17/30] train_loss: 2.2882, val_loss: 2.0421, lr: 0.000500, 5.61s
2026-05-25 15:28:01,959 - INFO - Epoch [17/30] train_loss: 2.2707, val_loss: 2.0421, lr: 0.000500, 5.61s
2026-05-25 15:28:01,995 - INFO - Saved model at 17
2026-05-25 15:28:01,995 - INFO - Val loss decrease from 2.1140 to 2.0421, saving to /home/lizhuoxuan/lzq/Bigscity-LibCity-master/outputs/20260525_152605__traffic_state_pred__new_fuzzy_3__PEMSD4/model_cache/new_fuzzy_3_PEMSD4_epoch17.tar
2026-05-25 15:28:02,009 - INFO - Saved model at 17
2026-05-25 15:28:02,009 - INFO - Saved model at 17
2026-05-25 15:28:02,010 - INFO - Val loss decrease from 2.1140 to 2.0421, saving to /home/lizhuoxuan/lzq/Bigscity-LibCity-master/outputs/20260525_152605__traffic_state_pred__new_fuzzy_3__PEMSD4/model_cache/new_fuzzy_3_PEMSD4_epoch17.tar
2026-05-25 15:28:02,010 - INFO - Val loss decrease from 2.1140 to 2.0421, saving to /home/lizhuoxuan/lzq/Bigscity-LibCity-master/outputs/20260525_152605__traffic_state_pred__new_fuzzy_3__PEMSD4/model_cache/new_fuzzy_3_PEMSD4_epoch17.tar
2026-05-25 15:28:07,057 - INFO - epoch complete!
2026-05-25 15:28:07,058 - INFO - evaluating now!
2026-05-25 15:28:07,058 - INFO - epoch complete!
2026-05-25 15:28:07,058 - INFO - evaluating now!
2026-05-25 15:28:07,061 - INFO - epoch complete!
2026-05-25 15:28:07,062 - INFO - evaluating now!
2026-05-25 15:28:07,572 - INFO - Epoch [18/30] train_loss: 2.2384, val_loss: 1.8956, lr: 0.000500, 5.56s
2026-05-25 15:28:07,572 - INFO - Epoch [18/30] train_loss: 2.2583, val_loss: 1.8956, lr: 0.000500, 5.56s
2026-05-25 15:28:07,572 - INFO - Epoch [18/30] train_loss: 2.2338, val_loss: 1.8956, lr: 0.000500, 5.58s
2026-05-25 15:28:07,714 - INFO - Saved model at 18
2026-05-25 15:28:07,714 - INFO - Val loss decrease from 2.0421 to 1.8956, saving to /home/lizhuoxuan/lzq/Bigscity-LibCity-master/outputs/20260525_152605__traffic_state_pred__new_fuzzy_3__PEMSD4/model_cache/new_fuzzy_3_PEMSD4_epoch18.tar
2026-05-25 15:28:07,732 - INFO - Saved model at 18
2026-05-25 15:28:07,732 - INFO - Val loss decrease from 2.0421 to 1.8956, saving to /home/lizhuoxuan/lzq/Bigscity-LibCity-master/outputs/20260525_152605__traffic_state_pred__new_fuzzy_3__PEMSD4/model_cache/new_fuzzy_3_PEMSD4_epoch18.tar
2026-05-25 15:28:07,736 - INFO - Saved model at 18
2026-05-25 15:28:07,737 - INFO - Val loss decrease from 2.0421 to 1.8956, saving to /home/lizhuoxuan/lzq/Bigscity-LibCity-master/outputs/20260525_152605__traffic_state_pred__new_fuzzy_3__PEMSD4/model_cache/new_fuzzy_3_PEMSD4_epoch18.tar
2026-05-25 15:28:12,818 - INFO - epoch complete!
2026-05-25 15:28:12,818 - INFO - evaluating now!
2026-05-25 15:28:12,822 - INFO - epoch complete!
2026-05-25 15:28:12,822 - INFO - evaluating now!
2026-05-25 15:28:12,822 - INFO - epoch complete!
2026-05-25 15:28:12,822 - INFO - evaluating now!
2026-05-25 15:28:13,342 - INFO - Epoch [19/30] train_loss: 2.2154, val_loss: 1.8904, lr: 0.000500, 5.61s
2026-05-25 15:28:13,342 - INFO - Epoch [19/30] train_loss: 2.2255, val_loss: 1.8904, lr: 0.000500, 5.61s
2026-05-25 15:28:13,342 - INFO - Epoch [19/30] train_loss: 2.2010, val_loss: 1.8904, lr: 0.000500, 5.63s
2026-05-25 15:28:13,495 - INFO - Saved model at 19
2026-05-25 15:28:13,495 - INFO - Val loss decrease from 1.8956 to 1.8904, saving to /home/lizhuoxuan/lzq/Bigscity-LibCity-master/outputs/20260525_152605__traffic_state_pred__new_fuzzy_3__PEMSD4/model_cache/new_fuzzy_3_PEMSD4_epoch19.tar
2026-05-25 15:28:13,526 - INFO - Saved model at 19
2026-05-25 15:28:13,526 - INFO - Val loss decrease from 1.8956 to 1.8904, saving to /home/lizhuoxuan/lzq/Bigscity-LibCity-master/outputs/20260525_152605__traffic_state_pred__new_fuzzy_3__PEMSD4/model_cache/new_fuzzy_3_PEMSD4_epoch19.tar
2026-05-25 15:28:13,573 - INFO - Saved model at 19
2026-05-25 15:28:13,574 - INFO - Val loss decrease from 1.8956 to 1.8904, saving to /home/lizhuoxuan/lzq/Bigscity-LibCity-master/outputs/20260525_152605__traffic_state_pred__new_fuzzy_3__PEMSD4/model_cache/new_fuzzy_3_PEMSD4_epoch19.tar
2026-05-25 15:28:18,622 - INFO - epoch complete!
2026-05-25 15:28:18,622 - INFO - evaluating now!
2026-05-25 15:28:18,623 - INFO - epoch complete!
2026-05-25 15:28:18,623 - INFO - evaluating now!
2026-05-25 15:28:18,627 - INFO - epoch complete!
2026-05-25 15:28:18,627 - INFO - evaluating now!
2026-05-25 15:28:19,145 - INFO - Epoch [20/30] train_loss: 2.1603, val_loss: 1.8602, lr: 0.000500, 5.65s
2026-05-25 15:28:19,145 - INFO - Epoch [20/30] train_loss: 2.1588, val_loss: 1.8602, lr: 0.000500, 5.62s
2026-05-25 15:28:19,145 - INFO - Epoch [20/30] train_loss: 2.1657, val_loss: 1.8602, lr: 0.000500, 5.57s
2026-05-25 15:28:19,189 - INFO - Saved model at 20
2026-05-25 15:28:19,189 - INFO - Val loss decrease from 1.8904 to 1.8602, saving to /home/lizhuoxuan/lzq/Bigscity-LibCity-master/outputs/20260525_152605__traffic_state_pred__new_fuzzy_3__PEMSD4/model_cache/new_fuzzy_3_PEMSD4_epoch20.tar
2026-05-25 15:28:19,201 - INFO - Saved model at 20
2026-05-25 15:28:19,201 - INFO - Saved model at 20
2026-05-25 15:28:19,202 - INFO - Val loss decrease from 1.8904 to 1.8602, saving to /home/lizhuoxuan/lzq/Bigscity-LibCity-master/outputs/20260525_152605__traffic_state_pred__new_fuzzy_3__PEMSD4/model_cache/new_fuzzy_3_PEMSD4_epoch20.tar
2026-05-25 15:28:19,202 - INFO - Val loss decrease from 1.8904 to 1.8602, saving to /home/lizhuoxuan/lzq/Bigscity-LibCity-master/outputs/20260525_152605__traffic_state_pred__new_fuzzy_3__PEMSD4/model_cache/new_fuzzy_3_PEMSD4_epoch20.tar
2026-05-25 15:28:24,254 - INFO - epoch complete!
2026-05-25 15:28:24,254 - INFO - evaluating now!
2026-05-25 15:28:24,254 - INFO - epoch complete!
2026-05-25 15:28:24,255 - INFO - evaluating now!
2026-05-25 15:28:24,259 - INFO - epoch complete!
2026-05-25 15:28:24,260 - INFO - evaluating now!
2026-05-25 15:28:24,772 - INFO - Epoch [21/30] train_loss: 2.1688, val_loss: 1.9163, lr: 0.000500, 5.58s
2026-05-25 15:28:24,772 - INFO - Epoch [21/30] train_loss: 2.1550, val_loss: 1.9163, lr: 0.000500, 5.57s
2026-05-25 15:28:24,772 - INFO - Epoch [21/30] train_loss: 2.1773, val_loss: 1.9163, lr: 0.000500, 5.57s
2026-05-25 15:28:29,860 - INFO - epoch complete!
2026-05-25 15:28:29,860 - INFO - evaluating now!
2026-05-25 15:28:29,863 - INFO - epoch complete!
2026-05-25 15:28:29,863 - INFO - evaluating now!
2026-05-25 15:28:29,866 - INFO - epoch complete!
2026-05-25 15:28:29,866 - INFO - evaluating now!
2026-05-25 15:28:30,377 - INFO - Epoch [22/30] train_loss: 2.0790, val_loss: 1.8347, lr: 0.000500, 5.60s
2026-05-25 15:28:30,377 - INFO - Epoch [22/30] train_loss: 2.0752, val_loss: 1.8347, lr: 0.000500, 5.60s
2026-05-25 15:28:30,377 - INFO - Epoch [22/30] train_loss: 2.0614, val_loss: 1.8347, lr: 0.000500, 5.60s
2026-05-25 15:28:30,410 - INFO - Saved model at 22
2026-05-25 15:28:30,410 - INFO - Saved model at 22
2026-05-25 15:28:30,410 - INFO - Saved model at 22
2026-05-25 15:28:30,410 - INFO - Val loss decrease from 1.8602 to 1.8347, saving to /home/lizhuoxuan/lzq/Bigscity-LibCity-master/outputs/20260525_152605__traffic_state_pred__new_fuzzy_3__PEMSD4/model_cache/new_fuzzy_3_PEMSD4_epoch22.tar
2026-05-25 15:28:30,410 - INFO - Val loss decrease from 1.8602 to 1.8347, saving to /home/lizhuoxuan/lzq/Bigscity-LibCity-master/outputs/20260525_152605__traffic_state_pred__new_fuzzy_3__PEMSD4/model_cache/new_fuzzy_3_PEMSD4_epoch22.tar
2026-05-25 15:28:30,410 - INFO - Val loss decrease from 1.8602 to 1.8347, saving to /home/lizhuoxuan/lzq/Bigscity-LibCity-master/outputs/20260525_152605__traffic_state_pred__new_fuzzy_3__PEMSD4/model_cache/new_fuzzy_3_PEMSD4_epoch22.tar
2026-05-25 15:28:35,536 - INFO - epoch complete!
2026-05-25 15:28:35,537 - INFO - evaluating now!
2026-05-25 15:28:35,540 - INFO - epoch complete!
2026-05-25 15:28:35,540 - INFO - evaluating now!
2026-05-25 15:28:35,542 - INFO - epoch complete!
2026-05-25 15:28:35,543 - INFO - evaluating now!
2026-05-25 15:28:36,075 - INFO - Epoch [23/30] train_loss: 2.0128, val_loss: 1.9174, lr: 0.000500, 5.67s
2026-05-25 15:28:36,075 - INFO - Epoch [23/30] train_loss: 2.0184, val_loss: 1.9174, lr: 0.000500, 5.67s
2026-05-25 15:28:36,075 - INFO - Epoch [23/30] train_loss: 2.0186, val_loss: 1.9174, lr: 0.000500, 5.67s
2026-05-25 15:28:41,176 - INFO - epoch complete!
2026-05-25 15:28:41,176 - INFO - evaluating now!
2026-05-25 15:28:41,180 - INFO - epoch complete!
2026-05-25 15:28:41,181 - INFO - evaluating now!
2026-05-25 15:28:41,181 - INFO - epoch complete!
2026-05-25 15:28:41,181 - INFO - evaluating now!
2026-05-25 15:28:41,731 - INFO - Epoch [24/30] train_loss: 2.0560, val_loss: 1.8375, lr: 0.000500, 5.66s
2026-05-25 15:28:41,731 - INFO - Epoch [24/30] train_loss: 2.0771, val_loss: 1.8375, lr: 0.000500, 5.66s
2026-05-25 15:28:41,731 - INFO - Epoch [24/30] train_loss: 2.0688, val_loss: 1.8375, lr: 0.000500, 5.66s
2026-05-25 15:28:46,838 - INFO - epoch complete!
2026-05-25 15:28:46,838 - INFO - evaluating now!
2026-05-25 15:28:46,839 - INFO - epoch complete!
2026-05-25 15:28:46,839 - INFO - evaluating now!
2026-05-25 15:28:46,841 - INFO - epoch complete!
2026-05-25 15:28:46,841 - INFO - evaluating now!
2026-05-25 15:28:47,373 - INFO - Epoch [25/30] train_loss: 2.1097, val_loss: 1.8110, lr: 0.000500, 5.64s
2026-05-25 15:28:47,373 - INFO - Epoch [25/30] train_loss: 2.0941, val_loss: 1.8110, lr: 0.000500, 5.64s
2026-05-25 15:28:47,373 - INFO - Epoch [25/30] train_loss: 2.0984, val_loss: 1.8110, lr: 0.000500, 5.64s
2026-05-25 15:28:47,406 - INFO - Saved model at 25
2026-05-25 15:28:47,406 - INFO - Saved model at 25
2026-05-25 15:28:47,406 - INFO - Saved model at 25
2026-05-25 15:28:47,406 - INFO - Val loss decrease from 1.8347 to 1.8110, saving to /home/lizhuoxuan/lzq/Bigscity-LibCity-master/outputs/20260525_152605__traffic_state_pred__new_fuzzy_3__PEMSD4/model_cache/new_fuzzy_3_PEMSD4_epoch25.tar
2026-05-25 15:28:47,406 - INFO - Val loss decrease from 1.8347 to 1.8110, saving to /home/lizhuoxuan/lzq/Bigscity-LibCity-master/outputs/20260525_152605__traffic_state_pred__new_fuzzy_3__PEMSD4/model_cache/new_fuzzy_3_PEMSD4_epoch25.tar
2026-05-25 15:28:47,406 - INFO - Val loss decrease from 1.8347 to 1.8110, saving to /home/lizhuoxuan/lzq/Bigscity-LibCity-master/outputs/20260525_152605__traffic_state_pred__new_fuzzy_3__PEMSD4/model_cache/new_fuzzy_3_PEMSD4_epoch25.tar
2026-05-25 15:28:52,548 - INFO - epoch complete!
2026-05-25 15:28:52,548 - INFO - evaluating now!
2026-05-25 15:28:52,549 - INFO - epoch complete!
2026-05-25 15:28:52,550 - INFO - evaluating now!
2026-05-25 15:28:52,553 - INFO - epoch complete!
2026-05-25 15:28:52,554 - INFO - evaluating now!
2026-05-25 15:28:53,069 - INFO - Epoch [26/30] train_loss: 2.0574, val_loss: 1.7665, lr: 0.000500, 5.66s
2026-05-25 15:28:53,069 - INFO - Epoch [26/30] train_loss: 2.0640, val_loss: 1.7665, lr: 0.000500, 5.66s
2026-05-25 15:28:53,069 - INFO - Epoch [26/30] train_loss: 2.0393, val_loss: 1.7665, lr: 0.000500, 5.66s
2026-05-25 15:28:53,103 - INFO - Saved model at 26
2026-05-25 15:28:53,103 - INFO - Saved model at 26
2026-05-25 15:28:53,103 - INFO - Saved model at 26
2026-05-25 15:28:53,104 - INFO - Val loss decrease from 1.8110 to 1.7665, saving to /home/lizhuoxuan/lzq/Bigscity-LibCity-master/outputs/20260525_152605__traffic_state_pred__new_fuzzy_3__PEMSD4/model_cache/new_fuzzy_3_PEMSD4_epoch26.tar
2026-05-25 15:28:53,104 - INFO - Val loss decrease from 1.8110 to 1.7665, saving to /home/lizhuoxuan/lzq/Bigscity-LibCity-master/outputs/20260525_152605__traffic_state_pred__new_fuzzy_3__PEMSD4/model_cache/new_fuzzy_3_PEMSD4_epoch26.tar
2026-05-25 15:28:53,104 - INFO - Val loss decrease from 1.8110 to 1.7665, saving to /home/lizhuoxuan/lzq/Bigscity-LibCity-master/outputs/20260525_152605__traffic_state_pred__new_fuzzy_3__PEMSD4/model_cache/new_fuzzy_3_PEMSD4_epoch26.tar
2026-05-25 15:28:58,252 - INFO - epoch complete!
2026-05-25 15:28:58,253 - INFO - evaluating now!
2026-05-25 15:28:58,256 - INFO - epoch complete!
2026-05-25 15:28:58,257 - INFO - evaluating now!
2026-05-25 15:28:58,259 - INFO - epoch complete!
2026-05-25 15:28:58,259 - INFO - evaluating now!
2026-05-25 15:28:58,780 - INFO - Epoch [27/30] train_loss: 2.0444, val_loss: 1.8155, lr: 0.000500, 5.68s
2026-05-25 15:28:58,780 - INFO - Epoch [27/30] train_loss: 2.0481, val_loss: 1.8155, lr: 0.000500, 5.68s
2026-05-25 15:28:58,780 - INFO - Epoch [27/30] train_loss: 2.0344, val_loss: 1.8155, lr: 0.000500, 5.68s
2026-05-25 15:29:03,888 - INFO - epoch complete!
2026-05-25 15:29:03,888 - INFO - evaluating now!
2026-05-25 15:29:03,890 - INFO - epoch complete!
2026-05-25 15:29:03,890 - INFO - evaluating now!
2026-05-25 15:29:03,894 - INFO - epoch complete!
2026-05-25 15:29:03,894 - INFO - evaluating now!
2026-05-25 15:29:04,526 - INFO - Epoch [28/30] train_loss: 1.9803, val_loss: 1.7202, lr: 0.000500, 5.75s
2026-05-25 15:29:04,526 - INFO - Epoch [28/30] train_loss: 1.9668, val_loss: 1.7202, lr: 0.000500, 5.75s
2026-05-25 15:29:04,526 - INFO - Epoch [28/30] train_loss: 1.9746, val_loss: 1.7202, lr: 0.000500, 5.75s
2026-05-25 15:29:04,560 - INFO - Saved model at 28
2026-05-25 15:29:04,560 - INFO - Saved model at 28
2026-05-25 15:29:04,560 - INFO - Val loss decrease from 1.7665 to 1.7202, saving to /home/lizhuoxuan/lzq/Bigscity-LibCity-master/outputs/20260525_152605__traffic_state_pred__new_fuzzy_3__PEMSD4/model_cache/new_fuzzy_3_PEMSD4_epoch28.tar
2026-05-25 15:29:04,560 - INFO - Val loss decrease from 1.7665 to 1.7202, saving to /home/lizhuoxuan/lzq/Bigscity-LibCity-master/outputs/20260525_152605__traffic_state_pred__new_fuzzy_3__PEMSD4/model_cache/new_fuzzy_3_PEMSD4_epoch28.tar
2026-05-25 15:29:04,571 - INFO - Saved model at 28
2026-05-25 15:29:04,571 - INFO - Val loss decrease from 1.7665 to 1.7202, saving to /home/lizhuoxuan/lzq/Bigscity-LibCity-master/outputs/20260525_152605__traffic_state_pred__new_fuzzy_3__PEMSD4/model_cache/new_fuzzy_3_PEMSD4_epoch28.tar
2026-05-25 15:29:09,785 - INFO - epoch complete!
2026-05-25 15:29:09,786 - INFO - evaluating now!
2026-05-25 15:29:09,787 - INFO - epoch complete!
2026-05-25 15:29:09,787 - INFO - evaluating now!
2026-05-25 15:29:09,788 - INFO - epoch complete!
2026-05-25 15:29:09,788 - INFO - evaluating now!
2026-05-25 15:29:10,308 - INFO - Epoch [29/30] train_loss: 1.9418, val_loss: 1.8921, lr: 0.000500, 5.75s
2026-05-25 15:29:10,308 - INFO - Epoch [29/30] train_loss: 1.9395, val_loss: 1.8921, lr: 0.000500, 5.75s
2026-05-25 15:29:10,308 - INFO - Trained totally 30 epochs, average train time is 5.134s, average eval time is 0.525s
2026-05-25 15:29:10,308 - INFO - Trained totally 30 epochs, average train time is 5.138s, average eval time is 0.523s
2026-05-25 15:29:10,308 - INFO - Epoch [29/30] train_loss: 1.9462, val_loss: 1.8921, lr: 0.000500, 5.74s
2026-05-25 15:29:10,308 - INFO - Trained totally 30 epochs, average train time is 5.124s, average eval time is 0.524s
2026-05-25 15:29:10,403 - INFO - Loaded model at 28
2026-05-25 15:29:10,403 - INFO - Loaded model at 28
2026-05-25 15:29:10,403 - INFO - Saved model at /home/lizhuoxuan/lzq/Bigscity-LibCity-master/outputs/20260525_152605__traffic_state_pred__new_fuzzy_3__PEMSD4/model_cache/new_fuzzy_3_PEMSD4.m
2026-05-25 15:29:10,404 - INFO - Start evaluating ...
2026-05-25 15:29:10,405 - INFO - Loaded model at 28
2026-05-25 15:29:10,405 - INFO - Start evaluating ...
2026-05-25 15:29:10,440 - INFO - Start evaluating ...
2026-05-25 15:29:34,060 - INFO - Note that you select the single mode to evaluate!
2026-05-25 15:29:34,076 - INFO - Evaluate result is saved at /home/lizhuoxuan/lzq/Bigscity-LibCity-master/outputs/20260525_152605__traffic_state_pred__new_fuzzy_3__PEMSD4/evaluate_cache/2026_05_25_15_29_34_new_fuzzy_3_PEMSD4.csv
2026-05-25 15:29:34,089 - INFO - 
           MAE         MAPE           MSE  ...  masked_RMSE        R2      EVAR
1   103.960602  1165.397095  23166.501953  ...   152.437027 -0.391650 -0.383311
2   103.961540  1169.084106  23151.703125  ...   152.400238 -0.390743 -0.382300
3   103.914940  1165.428101  23136.914062  ...   152.341446 -0.389834 -0.381180
4   103.786705  1160.831787  23092.804688  ...   152.208191 -0.387166 -0.378760
5   103.676132  1164.469604  23041.314453  ...   152.034225 -0.384055 -0.375533
6   103.781769  1165.772827  23079.662109  ...   152.150314 -0.386348 -0.378008
7   103.728065  1164.581055  23055.480469  ...   152.078857 -0.384891 -0.376258
8   104.166061  1168.685303  23198.003906  ...   152.530945 -0.393448 -0.385065
9   103.732162  1157.500854  23084.916016  ...   152.178253 -0.386646 -0.378331
10  103.935638  1160.177490  23153.150391  ...   152.384735 -0.390739 -0.382245
11  103.806282  1155.721436  23109.525391  ...   152.253510 -0.388114 -0.379552
12  104.042534  1163.134766  23196.349609  ...   152.540588 -0.393320 -0.384470

[12 rows x 10 columns]
