2026-05-06 22:33:01,136 - INFO - Log directory: /home/lizhuoxuan/lzq/Bigscity-LibCity-master/outputs/20260506_223301__traffic_state_pred__new_diffusion_fuzzy__PEMSD4/logs
2026-05-06 22:33:01,136 - INFO - Begin artifact training pipeline, task=traffic_state_pred, model_name=new_diffusion_fuzzy, dataset_name=PEMSD4, exp_id=20260506_223301__traffic_state_pred__new_diffusion_fuzzy__PEMSD4
2026-05-06 22:33:01,136 - INFO - {'task': 'traffic_state_pred', 'model': 'new_diffusion_fuzzy', 'dataset': 'PEMSD4', 'saved_model': True, 'train': True, 'seed': 0, 'dist_backend': 'nccl', 'scale_lr': True, 'train_rate': 0.6, 'eval_rate': 0.2, 'batch_size': 64, 'learning_rate': 0.004, 'max_epoch': 10, 'executor': 'TrafficStateExecutor', 'evaluator': 'TrafficStateEvaluator', 'adaptive_graph_blend_init': 0.5, 'adaptive_graph_embed_dim': 32, 'adaptive_graph_topk': 12, 'amp_dtype': 'float16', 'beta_end': 0.02, 'beta_start': 0.0001, 'calculate_weight_adj': False, 'data_col': ['traffic_flow', 'traffic_occupancy', 'traffic_speed'], 'data_files': ['PEMSD4'], 'ddim_eta': 0, 'denoiser_layers': 3, 'device': device(type='cuda', index=1), 'diffusion_schedule': 'linear', 'diffusion_steps': 200, 'disturb_rate': 0.5, 'dropout': 0.1, 'dyna': {'including_types': ['state'], 'state': {'entity_id': 'geo_id', 'traffic_flow': 'num', 'traffic_occupancy': 'num', 'traffic_speed': 'num'}}, 'encoder_layers': 2, 'eval_batch_size': 32, 'evaluator_mode': 'single', 'ffn_hidden_dim': 192, 'flow_conservation_coeff': 1, 'fuzzy_conservation_temperature': 8, 'fuzzy_conservation_threshold': 0.6, 'fuzzy_graph_num_sets': 3, 'fuzzy_graph_sigma_init': 0.7, 'geo': {'including_types': ['Point'], 'Point': {}}, 'geo_file': 'PEMSD4', 'graph_k_hop': 2, 'hidden_dim': 96, 'init_weight_inf_or_zero': 'zero', 'is_distributed': True, 'metrics': ['MAE', 'MAPE', 'MSE', 'RMSE', 'masked_MAE', 'masked_MAPE', 'masked_MSE', 'masked_RMSE', 'R2', 'EVAR'], 'noise_SD': [10], 'noise_mean': [5], 'noise_type': 'gaussian', 'num_heads': 4, 'num_prediction_samples': 2, 'num_sampling_steps': 50, 'num_workers': 0, 'output_dim': 3, 'pad_with_last_sample': True, 'physics_channel_idx': 0, 'physics_loss_weight': 0.05, 'physics_warmup_mode': 'linear', 'physics_warmup_start_ratio': 0.2, 'physics_warmup_steps': 3000, 'rank': 1, 'rel': {'including_types': ['geo'], 'geo': {'cost': 'num'}}, 'rel_file': 'PEMSD4', 'robustness_test': False, 'sampling_method': 'ddpm', 'save_mode': ['csv'], 'set_weight_link_or_dist': 'link', 'time_intervals': 300, 'use_adaptive_graph': True, 'use_amp': True, 'use_fuzzy_conservation': True, 'use_fuzzy_graph': True, 'use_gradient_checkpointing': True, 'use_spatiotemporal_attention': True, 'use_temporal_position_embedding': True, 'weight_adj_epsilon': 0.1, 'weight_col': 'cost', 'world_size': 4, 'clip_grad_norm': True, 'epoch': 0, 'gpu': True, 'gpu_id': 0, 'hyper_tune': False, 'learner': 'adamw', 'load_best_epoch': True, 'log_every': 1, 'log_level': 'INFO', 'lr_T_max': 30, 'lr_alpha': 0.99, 'lr_beta1': 0.9, 'lr_beta2': 0.999, 'lr_decay': True, 'lr_decay_ratio': 0.5, 'lr_epsilon': 1e-08, 'lr_eta_min': 0, 'lr_momentum': 0, 'lr_patience': 10, 'lr_scheduler': 'multisteplr', 'lr_threshold': 0.0001, 'max_grad_norm': 3, 'patience': 20, 'step_size': 10, 'steps': [20, 35], 'train_loss': 'none', 'use_early_stop': True, 'weight_decay': 0.0001, 'data_version_id': 'dv_1778076280_a6fe2641', 'dataset_class': 'TrafficStatePointDataset', 'cache_dataset': True, 'scaler': 'none', 'load_external': False, 'normal_external': False, 'ext_scaler': 'none', 'input_window': 12, 'output_window': 12, 'add_time_in_day': False, 'add_day_in_week': False, 'local_rank': 1, 'exp_id': '20260506_223301__traffic_state_pred__new_diffusion_fuzzy__PEMSD4'}
2026-05-06 22:33:01,147 - INFO - Log directory: /home/lizhuoxuan/lzq/Bigscity-LibCity-master/outputs/20260506_223301__traffic_state_pred__new_diffusion_fuzzy__PEMSD4/logs
2026-05-06 22:33:01,147 - INFO - Begin artifact training pipeline, task=traffic_state_pred, model_name=new_diffusion_fuzzy, dataset_name=PEMSD4, exp_id=20260506_223301__traffic_state_pred__new_diffusion_fuzzy__PEMSD4
2026-05-06 22:33:01,147 - INFO - {'task': 'traffic_state_pred', 'model': 'new_diffusion_fuzzy', 'dataset': 'PEMSD4', 'saved_model': True, 'train': True, 'seed': 0, 'dist_backend': 'nccl', 'scale_lr': True, 'train_rate': 0.6, 'eval_rate': 0.2, 'batch_size': 64, 'learning_rate': 0.004, 'max_epoch': 10, 'executor': 'TrafficStateExecutor', 'evaluator': 'TrafficStateEvaluator', 'adaptive_graph_blend_init': 0.5, 'adaptive_graph_embed_dim': 32, 'adaptive_graph_topk': 12, 'amp_dtype': 'float16', 'beta_end': 0.02, 'beta_start': 0.0001, 'calculate_weight_adj': False, 'data_col': ['traffic_flow', 'traffic_occupancy', 'traffic_speed'], 'data_files': ['PEMSD4'], 'ddim_eta': 0, 'denoiser_layers': 3, 'device': device(type='cuda', index=0), 'diffusion_schedule': 'linear', 'diffusion_steps': 200, 'disturb_rate': 0.5, 'dropout': 0.1, 'dyna': {'including_types': ['state'], 'state': {'entity_id': 'geo_id', 'traffic_flow': 'num', 'traffic_occupancy': 'num', 'traffic_speed': 'num'}}, 'encoder_layers': 2, 'eval_batch_size': 32, 'evaluator_mode': 'single', 'ffn_hidden_dim': 192, 'flow_conservation_coeff': 1, 'fuzzy_conservation_temperature': 8, 'fuzzy_conservation_threshold': 0.6, 'fuzzy_graph_num_sets': 3, 'fuzzy_graph_sigma_init': 0.7, 'geo': {'including_types': ['Point'], 'Point': {}}, 'geo_file': 'PEMSD4', 'graph_k_hop': 2, 'hidden_dim': 96, 'init_weight_inf_or_zero': 'zero', 'is_distributed': True, 'metrics': ['MAE', 'MAPE', 'MSE', 'RMSE', 'masked_MAE', 'masked_MAPE', 'masked_MSE', 'masked_RMSE', 'R2', 'EVAR'], 'noise_SD': [10], 'noise_mean': [5], 'noise_type': 'gaussian', 'num_heads': 4, 'num_prediction_samples': 2, 'num_sampling_steps': 50, 'num_workers': 0, 'output_dim': 3, 'pad_with_last_sample': True, 'physics_channel_idx': 0, 'physics_loss_weight': 0.05, 'physics_warmup_mode': 'linear', 'physics_warmup_start_ratio': 0.2, 'physics_warmup_steps': 3000, 'rank': 0, 'rel': {'including_types': ['geo'], 'geo': {'cost': 'num'}}, 'rel_file': 'PEMSD4', 'robustness_test': False, 'sampling_method': 'ddpm', 'save_mode': ['csv'], 'set_weight_link_or_dist': 'link', 'time_intervals': 300, 'use_adaptive_graph': True, 'use_amp': True, 'use_fuzzy_conservation': True, 'use_fuzzy_graph': True, 'use_gradient_checkpointing': True, 'use_spatiotemporal_attention': True, 'use_temporal_position_embedding': True, 'weight_adj_epsilon': 0.1, 'weight_col': 'cost', 'world_size': 4, 'clip_grad_norm': True, 'epoch': 0, 'gpu': True, 'gpu_id': 0, 'hyper_tune': False, 'learner': 'adamw', 'load_best_epoch': True, 'log_every': 1, 'log_level': 'INFO', 'lr_T_max': 30, 'lr_alpha': 0.99, 'lr_beta1': 0.9, 'lr_beta2': 0.999, 'lr_decay': True, 'lr_decay_ratio': 0.5, 'lr_epsilon': 1e-08, 'lr_eta_min': 0, 'lr_momentum': 0, 'lr_patience': 10, 'lr_scheduler': 'multisteplr', 'lr_threshold': 0.0001, 'max_grad_norm': 3, 'patience': 20, 'step_size': 10, 'steps': [20, 35], 'train_loss': 'none', 'use_early_stop': True, 'weight_decay': 0.0001, 'data_version_id': 'dv_1778076280_a6fe2641', 'dataset_class': 'TrafficStatePointDataset', 'cache_dataset': True, 'scaler': 'none', 'load_external': False, 'normal_external': False, 'ext_scaler': 'none', 'input_window': 12, 'output_window': 12, 'add_time_in_day': False, 'add_day_in_week': False, 'local_rank': 0, 'exp_id': '20260506_223301__traffic_state_pred__new_diffusion_fuzzy__PEMSD4'}
2026-05-06 22:33:01,246 - INFO - Log directory: /home/lizhuoxuan/lzq/Bigscity-LibCity-master/outputs/20260506_223301__traffic_state_pred__new_diffusion_fuzzy__PEMSD4/logs
2026-05-06 22:33:01,247 - INFO - Begin artifact training pipeline, task=traffic_state_pred, model_name=new_diffusion_fuzzy, dataset_name=PEMSD4, exp_id=20260506_223301__traffic_state_pred__new_diffusion_fuzzy__PEMSD4
2026-05-06 22:33:01,247 - INFO - {'task': 'traffic_state_pred', 'model': 'new_diffusion_fuzzy', 'dataset': 'PEMSD4', 'saved_model': True, 'train': True, 'seed': 0, 'dist_backend': 'nccl', 'scale_lr': True, 'train_rate': 0.6, 'eval_rate': 0.2, 'batch_size': 64, 'learning_rate': 0.004, 'max_epoch': 10, 'executor': 'TrafficStateExecutor', 'evaluator': 'TrafficStateEvaluator', 'adaptive_graph_blend_init': 0.5, 'adaptive_graph_embed_dim': 32, 'adaptive_graph_topk': 12, 'amp_dtype': 'float16', 'beta_end': 0.02, 'beta_start': 0.0001, 'calculate_weight_adj': False, 'data_col': ['traffic_flow', 'traffic_occupancy', 'traffic_speed'], 'data_files': ['PEMSD4'], 'ddim_eta': 0, 'denoiser_layers': 3, 'device': device(type='cuda', index=2), 'diffusion_schedule': 'linear', 'diffusion_steps': 200, 'disturb_rate': 0.5, 'dropout': 0.1, 'dyna': {'including_types': ['state'], 'state': {'entity_id': 'geo_id', 'traffic_flow': 'num', 'traffic_occupancy': 'num', 'traffic_speed': 'num'}}, 'encoder_layers': 2, 'eval_batch_size': 32, 'evaluator_mode': 'single', 'ffn_hidden_dim': 192, 'flow_conservation_coeff': 1, 'fuzzy_conservation_temperature': 8, 'fuzzy_conservation_threshold': 0.6, 'fuzzy_graph_num_sets': 3, 'fuzzy_graph_sigma_init': 0.7, 'geo': {'including_types': ['Point'], 'Point': {}}, 'geo_file': 'PEMSD4', 'graph_k_hop': 2, 'hidden_dim': 96, 'init_weight_inf_or_zero': 'zero', 'is_distributed': True, 'metrics': ['MAE', 'MAPE', 'MSE', 'RMSE', 'masked_MAE', 'masked_MAPE', 'masked_MSE', 'masked_RMSE', 'R2', 'EVAR'], 'noise_SD': [10], 'noise_mean': [5], 'noise_type': 'gaussian', 'num_heads': 4, 'num_prediction_samples': 2, 'num_sampling_steps': 50, 'num_workers': 0, 'output_dim': 3, 'pad_with_last_sample': True, 'physics_channel_idx': 0, 'physics_loss_weight': 0.05, 'physics_warmup_mode': 'linear', 'physics_warmup_start_ratio': 0.2, 'physics_warmup_steps': 3000, 'rank': 2, 'rel': {'including_types': ['geo'], 'geo': {'cost': 'num'}}, 'rel_file': 'PEMSD4', 'robustness_test': False, 'sampling_method': 'ddpm', 'save_mode': ['csv'], 'set_weight_link_or_dist': 'link', 'time_intervals': 300, 'use_adaptive_graph': True, 'use_amp': True, 'use_fuzzy_conservation': True, 'use_fuzzy_graph': True, 'use_gradient_checkpointing': True, 'use_spatiotemporal_attention': True, 'use_temporal_position_embedding': True, 'weight_adj_epsilon': 0.1, 'weight_col': 'cost', 'world_size': 4, 'clip_grad_norm': True, 'epoch': 0, 'gpu': True, 'gpu_id': 0, 'hyper_tune': False, 'learner': 'adamw', 'load_best_epoch': True, 'log_every': 1, 'log_level': 'INFO', 'lr_T_max': 30, 'lr_alpha': 0.99, 'lr_beta1': 0.9, 'lr_beta2': 0.999, 'lr_decay': True, 'lr_decay_ratio': 0.5, 'lr_epsilon': 1e-08, 'lr_eta_min': 0, 'lr_momentum': 0, 'lr_patience': 10, 'lr_scheduler': 'multisteplr', 'lr_threshold': 0.0001, 'max_grad_norm': 3, 'patience': 20, 'step_size': 10, 'steps': [20, 35], 'train_loss': 'none', 'use_early_stop': True, 'weight_decay': 0.0001, 'data_version_id': 'dv_1778076280_a6fe2641', 'dataset_class': 'TrafficStatePointDataset', 'cache_dataset': True, 'scaler': 'none', 'load_external': False, 'normal_external': False, 'ext_scaler': 'none', 'input_window': 12, 'output_window': 12, 'add_time_in_day': False, 'add_day_in_week': False, 'local_rank': 2, 'exp_id': '20260506_223301__traffic_state_pred__new_diffusion_fuzzy__PEMSD4'}
2026-05-06 22:33:12,324 - INFO - Enable AMP training (dtype=float16).
2026-05-06 22:33:12,324 - INFO - You select `adamw` optimizer.
2026-05-06 22:33:12,324 - INFO - Enable AMP training (dtype=float16).
2026-05-06 22:33:12,324 - WARNING - Received unrecognized optimizer, set default Adam optimizer
2026-05-06 22:33:12,324 - INFO - You select `adamw` optimizer.
2026-05-06 22:33:12,324 - WARNING - Received unrecognized optimizer, set default Adam optimizer
2026-05-06 22:33:12,324 - INFO - You select `multisteplr` lr_scheduler.
2026-05-06 22:33:12,325 - INFO - You select `multisteplr` lr_scheduler.
2026-05-06 22:33:12,325 - WARNING - Received none train loss func and will use the loss func defined in the model.
2026-05-06 22:33:12,325 - WARNING - Received none train loss func and will use the loss func defined in the model.
2026-05-06 22:33:12,328 - INFO - DistributedDataParallel(
  (module): NewDiffusion(
    (condition_encoder): STEncoder(
      (input_projection): Linear(in_features=3, out_features=96, bias=True)
      (blocks): ModuleList(
        (0-1): 2 x STEncoderBlock(
          (temporal_attention): MultiHeadAttention(
            (query_projection): Linear(in_features=96, out_features=96, bias=True)
            (key_projection): Linear(in_features=96, out_features=96, bias=True)
            (value_projection): Linear(in_features=96, out_features=96, bias=True)
            (output_projection): Linear(in_features=96, out_features=96, bias=True)
            (dropout): Dropout(p=0.1, inplace=False)
          )
          (graph_convolution): GraphConvolution(
            (projections): ModuleList(
              (0-2): 3 x Linear(in_features=96, out_features=96, bias=True)
            )
          )
          (feed_forward): FeedForwardNetwork(
            (network): Sequential(
              (0): Linear(in_features=96, out_features=192, bias=True)
              (1): GELU(approximate='none')
              (2): Dropout(p=0.1, inplace=False)
              (3): Linear(in_features=192, out_features=96, bias=True)
              (4): Dropout(p=0.1, inplace=False)
            )
          )
          (norm_temporal): LayerNorm((96,), eps=1e-05, elementwise_affine=True)
          (norm_graph): LayerNorm((96,), eps=1e-05, elementwise_affine=True)
          (norm_ffn): LayerNorm((96,), eps=1e-05, elementwise_affine=True)
          (dropout): Dropout(p=0.1, inplace=False)
        )
      )
      (final_norm): LayerNorm((96,), eps=1e-05, elementwise_affine=True)
    )
    (noise_predictor): AttentionDenoiser(
      (input_projection): Linear(in_features=3, out_features=96, bias=True)
      (time_embedding): SinusoidalTimeEmbedding()
      (time_projection): Sequential(
        (0): Linear(in_features=96, out_features=96, bias=True)
        (1): SiLU()
        (2): Linear(in_features=96, out_features=96, bias=True)
      )
      (blocks): ModuleList(
        (0-2): 3 x DenoiserBlock(
          (temporal_attention): MultiHeadAttention(
            (query_projection): Linear(in_features=96, out_features=96, bias=True)
            (key_projection): Linear(in_features=96, out_features=96, bias=True)
            (value_projection): Linear(in_features=96, out_features=96, bias=True)
            (output_projection): Linear(in_features=96, out_features=96, bias=True)
            (dropout): Dropout(p=0.1, inplace=False)
          )
          (graph_convolution): GraphConvolution(
            (projections): ModuleList(
              (0-2): 3 x Linear(in_features=96, out_features=96, bias=True)
            )
          )
          (cross_attention): MultiHeadAttention(
            (query_projection): Linear(in_features=96, out_features=96, bias=True)
            (key_projection): Linear(in_features=96, out_features=96, bias=True)
            (value_projection): Linear(in_features=96, out_features=96, bias=True)
            (output_projection): Linear(in_features=96, out_features=96, bias=True)
            (dropout): Dropout(p=0.1, inplace=False)
          )
          (spatiotemporal_attention): MultiHeadAttention(
            (query_projection): Linear(in_features=96, out_features=96, bias=True)
            (key_projection): Linear(in_features=96, out_features=96, bias=True)
            (value_projection): Linear(in_features=96, out_features=96, bias=True)
            (output_projection): Linear(in_features=96, out_features=96, bias=True)
            (dropout): Dropout(p=0.1, inplace=False)
          )
          (feed_forward): FeedForwardNetwork(
            (network): Sequential(
              (0): Linear(in_features=96, out_features=192, bias=True)
              (1): GELU(approximate='none')
              (2): Dropout(p=0.1, inplace=False)
              (3): Linear(in_features=192, out_features=96, bias=True)
              (4): Dropout(p=0.1, inplace=False)
            )
          )
          (norm_temporal): LayerNorm((96,), eps=1e-05, elementwise_affine=True)
          (norm_graph): LayerNorm((96,), eps=1e-05, elementwise_affine=True)
          (norm_cross): LayerNorm((96,), eps=1e-05, elementwise_affine=True)
          (norm_spatiotemporal): LayerNorm((96,), eps=1e-05, elementwise_affine=True)
          (norm_ffn): LayerNorm((96,), eps=1e-05, elementwise_affine=True)
          (dropout): Dropout(p=0.1, inplace=False)
        )
      )
      (final_norm): LayerNorm((96,), eps=1e-05, elementwise_affine=True)
      (output_projection): Linear(in_features=96, out_features=3, bias=True)
      (adaptive_graph_learner): AdaptiveGraphLearner(
        (feature_projection): Linear(in_features=96, out_features=32, bias=True)
        (time_projection): Linear(in_features=96, out_features=32, bias=True)
      )
    )
    (diffusion_scheduler): DiffusionScheduler()
  )
)
2026-05-06 22:33:12,330 - INFO - module.condition_encoder.temporal_position_embedding	torch.Size([1, 12, 1, 96])	cuda:0	True
2026-05-06 22:33:12,330 - INFO - module.condition_encoder.input_projection.weight	torch.Size([96, 3])	cuda:0	True
2026-05-06 22:33:12,330 - INFO - module.condition_encoder.input_projection.bias	torch.Size([96])	cuda:0	True
2026-05-06 22:33:12,330 - INFO - module.condition_encoder.blocks.0.temporal_attention.query_projection.weight	torch.Size([96, 96])	cuda:0	True
2026-05-06 22:33:12,330 - INFO - module.condition_encoder.blocks.0.temporal_attention.query_projection.bias	torch.Size([96])	cuda:0	True
2026-05-06 22:33:12,330 - INFO - module.condition_encoder.blocks.0.temporal_attention.key_projection.weight	torch.Size([96, 96])	cuda:0	True
2026-05-06 22:33:12,330 - INFO - module.condition_encoder.blocks.0.temporal_attention.key_projection.bias	torch.Size([96])	cuda:0	True
2026-05-06 22:33:12,330 - INFO - module.condition_encoder.blocks.0.temporal_attention.value_projection.weight	torch.Size([96, 96])	cuda:0	True
2026-05-06 22:33:12,330 - INFO - module.condition_encoder.blocks.0.temporal_attention.value_projection.bias	torch.Size([96])	cuda:0	True
2026-05-06 22:33:12,330 - INFO - module.condition_encoder.blocks.0.temporal_attention.output_projection.weight	torch.Size([96, 96])	cuda:0	True
2026-05-06 22:33:12,330 - INFO - module.condition_encoder.blocks.0.temporal_attention.output_projection.bias	torch.Size([96])	cuda:0	True
2026-05-06 22:33:12,330 - INFO - module.condition_encoder.blocks.0.graph_convolution.projections.0.weight	torch.Size([96, 96])	cuda:0	True
2026-05-06 22:33:12,330 - INFO - module.condition_encoder.blocks.0.graph_convolution.projections.0.bias	torch.Size([96])	cuda:0	True
2026-05-06 22:33:12,331 - INFO - module.condition_encoder.blocks.0.graph_convolution.projections.1.weight	torch.Size([96, 96])	cuda:0	True
2026-05-06 22:33:12,331 - INFO - module.condition_encoder.blocks.0.graph_convolution.projections.1.bias	torch.Size([96])	cuda:0	True
2026-05-06 22:33:12,331 - INFO - module.condition_encoder.blocks.0.graph_convolution.projections.2.weight	torch.Size([96, 96])	cuda:0	True
2026-05-06 22:33:12,331 - INFO - module.condition_encoder.blocks.0.graph_convolution.projections.2.bias	torch.Size([96])	cuda:0	True
2026-05-06 22:33:12,331 - INFO - module.condition_encoder.blocks.0.feed_forward.network.0.weight	torch.Size([192, 96])	cuda:0	True
2026-05-06 22:33:12,331 - INFO - module.condition_encoder.blocks.0.feed_forward.network.0.bias	torch.Size([192])	cuda:0	True
2026-05-06 22:33:12,331 - INFO - module.condition_encoder.blocks.0.feed_forward.network.3.weight	torch.Size([96, 192])	cuda:0	True
2026-05-06 22:33:12,331 - INFO - module.condition_encoder.blocks.0.feed_forward.network.3.bias	torch.Size([96])	cuda:0	True
2026-05-06 22:33:12,331 - INFO - module.condition_encoder.blocks.0.norm_temporal.weight	torch.Size([96])	cuda:0	True
2026-05-06 22:33:12,331 - INFO - module.condition_encoder.blocks.0.norm_temporal.bias	torch.Size([96])	cuda:0	True
2026-05-06 22:33:12,331 - INFO - module.condition_encoder.blocks.0.norm_graph.weight	torch.Size([96])	cuda:0	True
2026-05-06 22:33:12,331 - INFO - module.condition_encoder.blocks.0.norm_graph.bias	torch.Size([96])	cuda:0	True
2026-05-06 22:33:12,331 - INFO - module.condition_encoder.blocks.0.norm_ffn.weight	torch.Size([96])	cuda:0	True
2026-05-06 22:33:12,331 - INFO - module.condition_encoder.blocks.0.norm_ffn.bias	torch.Size([96])	cuda:0	True
2026-05-06 22:33:12,331 - INFO - module.condition_encoder.blocks.1.temporal_attention.query_projection.weight	torch.Size([96, 96])	cuda:0	True
2026-05-06 22:33:12,331 - INFO - module.condition_encoder.blocks.1.temporal_attention.query_projection.bias	torch.Size([96])	cuda:0	True
2026-05-06 22:33:12,331 - INFO - module.condition_encoder.blocks.1.temporal_attention.key_projection.weight	torch.Size([96, 96])	cuda:0	True
2026-05-06 22:33:12,331 - INFO - module.condition_encoder.blocks.1.temporal_attention.key_projection.bias	torch.Size([96])	cuda:0	True
2026-05-06 22:33:12,331 - INFO - module.condition_encoder.blocks.1.temporal_attention.value_projection.weight	torch.Size([96, 96])	cuda:0	True
2026-05-06 22:33:12,331 - INFO - module.condition_encoder.blocks.1.temporal_attention.value_projection.bias	torch.Size([96])	cuda:0	True
2026-05-06 22:33:12,331 - INFO - module.condition_encoder.blocks.1.temporal_attention.output_projection.weight	torch.Size([96, 96])	cuda:0	True
2026-05-06 22:33:12,331 - INFO - module.condition_encoder.blocks.1.temporal_attention.output_projection.bias	torch.Size([96])	cuda:0	True
2026-05-06 22:33:12,331 - INFO - module.condition_encoder.blocks.1.graph_convolution.projections.0.weight	torch.Size([96, 96])	cuda:0	True
2026-05-06 22:33:12,331 - INFO - module.condition_encoder.blocks.1.graph_convolution.projections.0.bias	torch.Size([96])	cuda:0	True
2026-05-06 22:33:12,331 - INFO - module.condition_encoder.blocks.1.graph_convolution.projections.1.weight	torch.Size([96, 96])	cuda:0	True
2026-05-06 22:33:12,332 - INFO - module.condition_encoder.blocks.1.graph_convolution.projections.1.bias	torch.Size([96])	cuda:0	True
2026-05-06 22:33:12,332 - INFO - module.condition_encoder.blocks.1.graph_convolution.projections.2.weight	torch.Size([96, 96])	cuda:0	True
2026-05-06 22:33:12,332 - INFO - module.condition_encoder.blocks.1.graph_convolution.projections.2.bias	torch.Size([96])	cuda:0	True
2026-05-06 22:33:12,332 - INFO - module.condition_encoder.blocks.1.feed_forward.network.0.weight	torch.Size([192, 96])	cuda:0	True
2026-05-06 22:33:12,332 - INFO - module.condition_encoder.blocks.1.feed_forward.network.0.bias	torch.Size([192])	cuda:0	True
2026-05-06 22:33:12,332 - INFO - module.condition_encoder.blocks.1.feed_forward.network.3.weight	torch.Size([96, 192])	cuda:0	True
2026-05-06 22:33:12,332 - INFO - module.condition_encoder.blocks.1.feed_forward.network.3.bias	torch.Size([96])	cuda:0	True
2026-05-06 22:33:12,332 - INFO - module.condition_encoder.blocks.1.norm_temporal.weight	torch.Size([96])	cuda:0	True
2026-05-06 22:33:12,332 - INFO - module.condition_encoder.blocks.1.norm_temporal.bias	torch.Size([96])	cuda:0	True
2026-05-06 22:33:12,332 - INFO - module.condition_encoder.blocks.1.norm_graph.weight	torch.Size([96])	cuda:0	True
2026-05-06 22:33:12,332 - INFO - module.condition_encoder.blocks.1.norm_graph.bias	torch.Size([96])	cuda:0	True
2026-05-06 22:33:12,332 - INFO - module.condition_encoder.blocks.1.norm_ffn.weight	torch.Size([96])	cuda:0	True
2026-05-06 22:33:12,332 - INFO - module.condition_encoder.blocks.1.norm_ffn.bias	torch.Size([96])	cuda:0	True
2026-05-06 22:33:12,332 - INFO - module.condition_encoder.final_norm.weight	torch.Size([96])	cuda:0	True
2026-05-06 22:33:12,332 - INFO - module.condition_encoder.final_norm.bias	torch.Size([96])	cuda:0	True
2026-05-06 22:33:12,332 - INFO - module.noise_predictor.future_position_embedding	torch.Size([1, 12, 1, 96])	cuda:0	True
2026-05-06 22:33:12,332 - INFO - module.noise_predictor.input_projection.weight	torch.Size([96, 3])	cuda:0	True
2026-05-06 22:33:12,332 - INFO - module.noise_predictor.input_projection.bias	torch.Size([96])	cuda:0	True
2026-05-06 22:33:12,332 - INFO - module.noise_predictor.time_projection.0.weight	torch.Size([96, 96])	cuda:0	True
2026-05-06 22:33:12,332 - INFO - module.noise_predictor.time_projection.0.bias	torch.Size([96])	cuda:0	True
2026-05-06 22:33:12,332 - INFO - module.noise_predictor.time_projection.2.weight	torch.Size([96, 96])	cuda:0	True
2026-05-06 22:33:12,332 - INFO - module.noise_predictor.time_projection.2.bias	torch.Size([96])	cuda:0	True
2026-05-06 22:33:12,332 - INFO - module.noise_predictor.blocks.0.temporal_attention.query_projection.weight	torch.Size([96, 96])	cuda:0	True
2026-05-06 22:33:12,332 - INFO - module.noise_predictor.blocks.0.temporal_attention.query_projection.bias	torch.Size([96])	cuda:0	True
2026-05-06 22:33:12,332 - INFO - module.noise_predictor.blocks.0.temporal_attention.key_projection.weight	torch.Size([96, 96])	cuda:0	True
2026-05-06 22:33:12,332 - INFO - module.noise_predictor.blocks.0.temporal_attention.key_projection.bias	torch.Size([96])	cuda:0	True
2026-05-06 22:33:12,333 - INFO - module.noise_predictor.blocks.0.temporal_attention.value_projection.weight	torch.Size([96, 96])	cuda:0	True
2026-05-06 22:33:12,333 - INFO - module.noise_predictor.blocks.0.temporal_attention.value_projection.bias	torch.Size([96])	cuda:0	True
2026-05-06 22:33:12,333 - INFO - module.noise_predictor.blocks.0.temporal_attention.output_projection.weight	torch.Size([96, 96])	cuda:0	True
2026-05-06 22:33:12,333 - INFO - module.noise_predictor.blocks.0.temporal_attention.output_projection.bias	torch.Size([96])	cuda:0	True
2026-05-06 22:33:12,333 - INFO - module.noise_predictor.blocks.0.graph_convolution.projections.0.weight	torch.Size([96, 96])	cuda:0	True
2026-05-06 22:33:12,333 - INFO - module.noise_predictor.blocks.0.graph_convolution.projections.0.bias	torch.Size([96])	cuda:0	True
2026-05-06 22:33:12,333 - INFO - module.noise_predictor.blocks.0.graph_convolution.projections.1.weight	torch.Size([96, 96])	cuda:0	True
2026-05-06 22:33:12,333 - INFO - module.noise_predictor.blocks.0.graph_convolution.projections.1.bias	torch.Size([96])	cuda:0	True
2026-05-06 22:33:12,333 - INFO - module.noise_predictor.blocks.0.graph_convolution.projections.2.weight	torch.Size([96, 96])	cuda:0	True
2026-05-06 22:33:12,333 - INFO - module.noise_predictor.blocks.0.graph_convolution.projections.2.bias	torch.Size([96])	cuda:0	True
2026-05-06 22:33:12,333 - INFO - module.noise_predictor.blocks.0.cross_attention.query_projection.weight	torch.Size([96, 96])	cuda:0	True
2026-05-06 22:33:12,333 - INFO - module.noise_predictor.blocks.0.cross_attention.query_projection.bias	torch.Size([96])	cuda:0	True
2026-05-06 22:33:12,333 - INFO - module.noise_predictor.blocks.0.cross_attention.key_projection.weight	torch.Size([96, 96])	cuda:0	True
2026-05-06 22:33:12,333 - INFO - module.noise_predictor.blocks.0.cross_attention.key_projection.bias	torch.Size([96])	cuda:0	True
2026-05-06 22:33:12,333 - INFO - module.noise_predictor.blocks.0.cross_attention.value_projection.weight	torch.Size([96, 96])	cuda:0	True
2026-05-06 22:33:12,333 - INFO - module.noise_predictor.blocks.0.cross_attention.value_projection.bias	torch.Size([96])	cuda:0	True
2026-05-06 22:33:12,333 - INFO - module.noise_predictor.blocks.0.cross_attention.output_projection.weight	torch.Size([96, 96])	cuda:0	True
2026-05-06 22:33:12,333 - INFO - module.noise_predictor.blocks.0.cross_attention.output_projection.bias	torch.Size([96])	cuda:0	True
2026-05-06 22:33:12,333 - INFO - module.noise_predictor.blocks.0.spatiotemporal_attention.query_projection.weight	torch.Size([96, 96])	cuda:0	True
2026-05-06 22:33:12,333 - INFO - module.noise_predictor.blocks.0.spatiotemporal_attention.query_projection.bias	torch.Size([96])	cuda:0	True
2026-05-06 22:33:12,333 - INFO - module.noise_predictor.blocks.0.spatiotemporal_attention.key_projection.weight	torch.Size([96, 96])	cuda:0	True
2026-05-06 22:33:12,333 - INFO - module.noise_predictor.blocks.0.spatiotemporal_attention.key_projection.bias	torch.Size([96])	cuda:0	True
2026-05-06 22:33:12,333 - INFO - module.noise_predictor.blocks.0.spatiotemporal_attention.value_projection.weight	torch.Size([96, 96])	cuda:0	True
2026-05-06 22:33:12,333 - INFO - module.noise_predictor.blocks.0.spatiotemporal_attention.value_projection.bias	torch.Size([96])	cuda:0	True
2026-05-06 22:33:12,333 - INFO - module.noise_predictor.blocks.0.spatiotemporal_attention.output_projection.weight	torch.Size([96, 96])	cuda:0	True
2026-05-06 22:33:12,333 - INFO - module.noise_predictor.blocks.0.spatiotemporal_attention.output_projection.bias	torch.Size([96])	cuda:0	True
2026-05-06 22:33:12,334 - INFO - module.noise_predictor.blocks.0.feed_forward.network.0.weight	torch.Size([192, 96])	cuda:0	True
2026-05-06 22:33:12,334 - INFO - module.noise_predictor.blocks.0.feed_forward.network.0.bias	torch.Size([192])	cuda:0	True
2026-05-06 22:33:12,334 - INFO - module.noise_predictor.blocks.0.feed_forward.network.3.weight	torch.Size([96, 192])	cuda:0	True
2026-05-06 22:33:12,334 - INFO - module.noise_predictor.blocks.0.feed_forward.network.3.bias	torch.Size([96])	cuda:0	True
2026-05-06 22:33:12,334 - INFO - module.noise_predictor.blocks.0.norm_temporal.weight	torch.Size([96])	cuda:0	True
2026-05-06 22:33:12,334 - INFO - module.noise_predictor.blocks.0.norm_temporal.bias	torch.Size([96])	cuda:0	True
2026-05-06 22:33:12,334 - INFO - module.noise_predictor.blocks.0.norm_graph.weight	torch.Size([96])	cuda:0	True
2026-05-06 22:33:12,334 - INFO - module.noise_predictor.blocks.0.norm_graph.bias	torch.Size([96])	cuda:0	True
2026-05-06 22:33:12,334 - INFO - module.noise_predictor.blocks.0.norm_cross.weight	torch.Size([96])	cuda:0	True
2026-05-06 22:33:12,334 - INFO - module.noise_predictor.blocks.0.norm_cross.bias	torch.Size([96])	cuda:0	True
2026-05-06 22:33:12,334 - INFO - module.noise_predictor.blocks.0.norm_spatiotemporal.weight	torch.Size([96])	cuda:0	True
2026-05-06 22:33:12,334 - INFO - module.noise_predictor.blocks.0.norm_spatiotemporal.bias	torch.Size([96])	cuda:0	True
2026-05-06 22:33:12,334 - INFO - module.noise_predictor.blocks.0.norm_ffn.weight	torch.Size([96])	cuda:0	True
2026-05-06 22:33:12,334 - INFO - module.noise_predictor.blocks.0.norm_ffn.bias	torch.Size([96])	cuda:0	True
2026-05-06 22:33:12,334 - INFO - module.noise_predictor.blocks.1.temporal_attention.query_projection.weight	torch.Size([96, 96])	cuda:0	True
2026-05-06 22:33:12,334 - INFO - module.noise_predictor.blocks.1.temporal_attention.query_projection.bias	torch.Size([96])	cuda:0	True
2026-05-06 22:33:12,334 - INFO - module.noise_predictor.blocks.1.temporal_attention.key_projection.weight	torch.Size([96, 96])	cuda:0	True
2026-05-06 22:33:12,334 - INFO - module.noise_predictor.blocks.1.temporal_attention.key_projection.bias	torch.Size([96])	cuda:0	True
2026-05-06 22:33:12,334 - INFO - module.noise_predictor.blocks.1.temporal_attention.value_projection.weight	torch.Size([96, 96])	cuda:0	True
2026-05-06 22:33:12,334 - INFO - module.noise_predictor.blocks.1.temporal_attention.value_projection.bias	torch.Size([96])	cuda:0	True
2026-05-06 22:33:12,334 - INFO - module.noise_predictor.blocks.1.temporal_attention.output_projection.weight	torch.Size([96, 96])	cuda:0	True
2026-05-06 22:33:12,334 - INFO - module.noise_predictor.blocks.1.temporal_attention.output_projection.bias	torch.Size([96])	cuda:0	True
2026-05-06 22:33:12,334 - INFO - module.noise_predictor.blocks.1.graph_convolution.projections.0.weight	torch.Size([96, 96])	cuda:0	True
2026-05-06 22:33:12,334 - INFO - module.noise_predictor.blocks.1.graph_convolution.projections.0.bias	torch.Size([96])	cuda:0	True
2026-05-06 22:33:12,334 - INFO - module.noise_predictor.blocks.1.graph_convolution.projections.1.weight	torch.Size([96, 96])	cuda:0	True
2026-05-06 22:33:12,334 - INFO - module.noise_predictor.blocks.1.graph_convolution.projections.1.bias	torch.Size([96])	cuda:0	True
2026-05-06 22:33:12,335 - INFO - module.noise_predictor.blocks.1.graph_convolution.projections.2.weight	torch.Size([96, 96])	cuda:0	True
2026-05-06 22:33:12,335 - INFO - module.noise_predictor.blocks.1.graph_convolution.projections.2.bias	torch.Size([96])	cuda:0	True
2026-05-06 22:33:12,335 - INFO - module.noise_predictor.blocks.1.cross_attention.query_projection.weight	torch.Size([96, 96])	cuda:0	True
2026-05-06 22:33:12,335 - INFO - module.noise_predictor.blocks.1.cross_attention.query_projection.bias	torch.Size([96])	cuda:0	True
2026-05-06 22:33:12,335 - INFO - module.noise_predictor.blocks.1.cross_attention.key_projection.weight	torch.Size([96, 96])	cuda:0	True
2026-05-06 22:33:12,335 - INFO - module.noise_predictor.blocks.1.cross_attention.key_projection.bias	torch.Size([96])	cuda:0	True
2026-05-06 22:33:12,335 - INFO - module.noise_predictor.blocks.1.cross_attention.value_projection.weight	torch.Size([96, 96])	cuda:0	True
2026-05-06 22:33:12,335 - INFO - module.noise_predictor.blocks.1.cross_attention.value_projection.bias	torch.Size([96])	cuda:0	True
2026-05-06 22:33:12,335 - INFO - module.noise_predictor.blocks.1.cross_attention.output_projection.weight	torch.Size([96, 96])	cuda:0	True
2026-05-06 22:33:12,335 - INFO - module.noise_predictor.blocks.1.cross_attention.output_projection.bias	torch.Size([96])	cuda:0	True
2026-05-06 22:33:12,335 - INFO - module.noise_predictor.blocks.1.spatiotemporal_attention.query_projection.weight	torch.Size([96, 96])	cuda:0	True
2026-05-06 22:33:12,335 - INFO - module.noise_predictor.blocks.1.spatiotemporal_attention.query_projection.bias	torch.Size([96])	cuda:0	True
2026-05-06 22:33:12,335 - INFO - module.noise_predictor.blocks.1.spatiotemporal_attention.key_projection.weight	torch.Size([96, 96])	cuda:0	True
2026-05-06 22:33:12,335 - INFO - module.noise_predictor.blocks.1.spatiotemporal_attention.key_projection.bias	torch.Size([96])	cuda:0	True
2026-05-06 22:33:12,335 - INFO - module.noise_predictor.blocks.1.spatiotemporal_attention.value_projection.weight	torch.Size([96, 96])	cuda:0	True
2026-05-06 22:33:12,335 - INFO - module.noise_predictor.blocks.1.spatiotemporal_attention.value_projection.bias	torch.Size([96])	cuda:0	True
2026-05-06 22:33:12,335 - INFO - module.noise_predictor.blocks.1.spatiotemporal_attention.output_projection.weight	torch.Size([96, 96])	cuda:0	True
2026-05-06 22:33:12,335 - INFO - module.noise_predictor.blocks.1.spatiotemporal_attention.output_projection.bias	torch.Size([96])	cuda:0	True
2026-05-06 22:33:12,335 - INFO - module.noise_predictor.blocks.1.feed_forward.network.0.weight	torch.Size([192, 96])	cuda:0	True
2026-05-06 22:33:12,335 - INFO - module.noise_predictor.blocks.1.feed_forward.network.0.bias	torch.Size([192])	cuda:0	True
2026-05-06 22:33:12,335 - INFO - module.noise_predictor.blocks.1.feed_forward.network.3.weight	torch.Size([96, 192])	cuda:0	True
2026-05-06 22:33:12,335 - INFO - module.noise_predictor.blocks.1.feed_forward.network.3.bias	torch.Size([96])	cuda:0	True
2026-05-06 22:33:12,335 - INFO - module.noise_predictor.blocks.1.norm_temporal.weight	torch.Size([96])	cuda:0	True
2026-05-06 22:33:12,335 - INFO - module.noise_predictor.blocks.1.norm_temporal.bias	torch.Size([96])	cuda:0	True
2026-05-06 22:33:12,335 - INFO - module.noise_predictor.blocks.1.norm_graph.weight	torch.Size([96])	cuda:0	True
2026-05-06 22:33:12,335 - INFO - module.noise_predictor.blocks.1.norm_graph.bias	torch.Size([96])	cuda:0	True
2026-05-06 22:33:12,335 - INFO - module.noise_predictor.blocks.1.norm_cross.weight	torch.Size([96])	cuda:0	True
2026-05-06 22:33:12,336 - INFO - module.noise_predictor.blocks.1.norm_cross.bias	torch.Size([96])	cuda:0	True
2026-05-06 22:33:12,336 - INFO - module.noise_predictor.blocks.1.norm_spatiotemporal.weight	torch.Size([96])	cuda:0	True
2026-05-06 22:33:12,336 - INFO - module.noise_predictor.blocks.1.norm_spatiotemporal.bias	torch.Size([96])	cuda:0	True
2026-05-06 22:33:12,336 - INFO - module.noise_predictor.blocks.1.norm_ffn.weight	torch.Size([96])	cuda:0	True
2026-05-06 22:33:12,336 - INFO - module.noise_predictor.blocks.1.norm_ffn.bias	torch.Size([96])	cuda:0	True
2026-05-06 22:33:12,336 - INFO - module.noise_predictor.blocks.2.temporal_attention.query_projection.weight	torch.Size([96, 96])	cuda:0	True
2026-05-06 22:33:12,336 - INFO - module.noise_predictor.blocks.2.temporal_attention.query_projection.bias	torch.Size([96])	cuda:0	True
2026-05-06 22:33:12,336 - INFO - module.noise_predictor.blocks.2.temporal_attention.key_projection.weight	torch.Size([96, 96])	cuda:0	True
2026-05-06 22:33:12,336 - INFO - module.noise_predictor.blocks.2.temporal_attention.key_projection.bias	torch.Size([96])	cuda:0	True
2026-05-06 22:33:12,336 - INFO - module.noise_predictor.blocks.2.temporal_attention.value_projection.weight	torch.Size([96, 96])	cuda:0	True
2026-05-06 22:33:12,336 - INFO - module.noise_predictor.blocks.2.temporal_attention.value_projection.bias	torch.Size([96])	cuda:0	True
2026-05-06 22:33:12,336 - INFO - module.noise_predictor.blocks.2.temporal_attention.output_projection.weight	torch.Size([96, 96])	cuda:0	True
2026-05-06 22:33:12,336 - INFO - module.noise_predictor.blocks.2.temporal_attention.output_projection.bias	torch.Size([96])	cuda:0	True
2026-05-06 22:33:12,336 - INFO - module.noise_predictor.blocks.2.graph_convolution.projections.0.weight	torch.Size([96, 96])	cuda:0	True
2026-05-06 22:33:12,336 - INFO - module.noise_predictor.blocks.2.graph_convolution.projections.0.bias	torch.Size([96])	cuda:0	True
2026-05-06 22:33:12,336 - INFO - module.noise_predictor.blocks.2.graph_convolution.projections.1.weight	torch.Size([96, 96])	cuda:0	True
2026-05-06 22:33:12,336 - INFO - module.noise_predictor.blocks.2.graph_convolution.projections.1.bias	torch.Size([96])	cuda:0	True
2026-05-06 22:33:12,336 - INFO - module.noise_predictor.blocks.2.graph_convolution.projections.2.weight	torch.Size([96, 96])	cuda:0	True
2026-05-06 22:33:12,336 - INFO - module.noise_predictor.blocks.2.graph_convolution.projections.2.bias	torch.Size([96])	cuda:0	True
2026-05-06 22:33:12,336 - INFO - module.noise_predictor.blocks.2.cross_attention.query_projection.weight	torch.Size([96, 96])	cuda:0	True
2026-05-06 22:33:12,336 - INFO - module.noise_predictor.blocks.2.cross_attention.query_projection.bias	torch.Size([96])	cuda:0	True
2026-05-06 22:33:12,336 - INFO - module.noise_predictor.blocks.2.cross_attention.key_projection.weight	torch.Size([96, 96])	cuda:0	True
2026-05-06 22:33:12,336 - INFO - module.noise_predictor.blocks.2.cross_attention.key_projection.bias	torch.Size([96])	cuda:0	True
2026-05-06 22:33:12,336 - INFO - module.noise_predictor.blocks.2.cross_attention.value_projection.weight	torch.Size([96, 96])	cuda:0	True
2026-05-06 22:33:12,336 - INFO - module.noise_predictor.blocks.2.cross_attention.value_projection.bias	torch.Size([96])	cuda:0	True
2026-05-06 22:33:12,336 - INFO - module.noise_predictor.blocks.2.cross_attention.output_projection.weight	torch.Size([96, 96])	cuda:0	True
2026-05-06 22:33:12,337 - INFO - module.noise_predictor.blocks.2.cross_attention.output_projection.bias	torch.Size([96])	cuda:0	True
2026-05-06 22:33:12,337 - INFO - module.noise_predictor.blocks.2.spatiotemporal_attention.query_projection.weight	torch.Size([96, 96])	cuda:0	True
2026-05-06 22:33:12,337 - INFO - module.noise_predictor.blocks.2.spatiotemporal_attention.query_projection.bias	torch.Size([96])	cuda:0	True
2026-05-06 22:33:12,337 - INFO - module.noise_predictor.blocks.2.spatiotemporal_attention.key_projection.weight	torch.Size([96, 96])	cuda:0	True
2026-05-06 22:33:12,337 - INFO - module.noise_predictor.blocks.2.spatiotemporal_attention.key_projection.bias	torch.Size([96])	cuda:0	True
2026-05-06 22:33:12,337 - INFO - module.noise_predictor.blocks.2.spatiotemporal_attention.value_projection.weight	torch.Size([96, 96])	cuda:0	True
2026-05-06 22:33:12,337 - INFO - module.noise_predictor.blocks.2.spatiotemporal_attention.value_projection.bias	torch.Size([96])	cuda:0	True
2026-05-06 22:33:12,337 - INFO - module.noise_predictor.blocks.2.spatiotemporal_attention.output_projection.weight	torch.Size([96, 96])	cuda:0	True
2026-05-06 22:33:12,337 - INFO - module.noise_predictor.blocks.2.spatiotemporal_attention.output_projection.bias	torch.Size([96])	cuda:0	True
2026-05-06 22:33:12,337 - INFO - module.noise_predictor.blocks.2.feed_forward.network.0.weight	torch.Size([192, 96])	cuda:0	True
2026-05-06 22:33:12,337 - INFO - module.noise_predictor.blocks.2.feed_forward.network.0.bias	torch.Size([192])	cuda:0	True
2026-05-06 22:33:12,337 - INFO - module.noise_predictor.blocks.2.feed_forward.network.3.weight	torch.Size([96, 192])	cuda:0	True
2026-05-06 22:33:12,337 - INFO - module.noise_predictor.blocks.2.feed_forward.network.3.bias	torch.Size([96])	cuda:0	True
2026-05-06 22:33:12,337 - INFO - module.noise_predictor.blocks.2.norm_temporal.weight	torch.Size([96])	cuda:0	True
2026-05-06 22:33:12,337 - INFO - module.noise_predictor.blocks.2.norm_temporal.bias	torch.Size([96])	cuda:0	True
2026-05-06 22:33:12,337 - INFO - module.noise_predictor.blocks.2.norm_graph.weight	torch.Size([96])	cuda:0	True
2026-05-06 22:33:12,337 - INFO - module.noise_predictor.blocks.2.norm_graph.bias	torch.Size([96])	cuda:0	True
2026-05-06 22:33:12,337 - INFO - module.noise_predictor.blocks.2.norm_cross.weight	torch.Size([96])	cuda:0	True
2026-05-06 22:33:12,337 - INFO - module.noise_predictor.blocks.2.norm_cross.bias	torch.Size([96])	cuda:0	True
2026-05-06 22:33:12,337 - INFO - module.noise_predictor.blocks.2.norm_spatiotemporal.weight	torch.Size([96])	cuda:0	True
2026-05-06 22:33:12,337 - INFO - module.noise_predictor.blocks.2.norm_spatiotemporal.bias	torch.Size([96])	cuda:0	True
2026-05-06 22:33:12,337 - INFO - module.noise_predictor.blocks.2.norm_ffn.weight	torch.Size([96])	cuda:0	True
2026-05-06 22:33:12,337 - INFO - module.noise_predictor.blocks.2.norm_ffn.bias	torch.Size([96])	cuda:0	True
2026-05-06 22:33:12,337 - INFO - module.noise_predictor.final_norm.weight	torch.Size([96])	cuda:0	True
2026-05-06 22:33:12,337 - INFO - module.noise_predictor.final_norm.bias	torch.Size([96])	cuda:0	True
2026-05-06 22:33:12,337 - INFO - module.noise_predictor.output_projection.weight	torch.Size([3, 96])	cuda:0	True
2026-05-06 22:33:12,338 - INFO - module.noise_predictor.output_projection.bias	torch.Size([3])	cuda:0	True
2026-05-06 22:33:12,338 - INFO - module.noise_predictor.adaptive_graph_learner.node_embeddings	torch.Size([307, 32])	cuda:0	True
2026-05-06 22:33:12,338 - INFO - module.noise_predictor.adaptive_graph_learner.blend_logit	torch.Size([])	cuda:0	True
2026-05-06 22:33:12,338 - INFO - module.noise_predictor.adaptive_graph_learner.fuzzy_centers	torch.Size([3])	cuda:0	True
2026-05-06 22:33:12,338 - INFO - module.noise_predictor.adaptive_graph_learner.fuzzy_log_sigmas	torch.Size([3])	cuda:0	True
2026-05-06 22:33:12,338 - INFO - module.noise_predictor.adaptive_graph_learner.fuzzy_rule_logits	torch.Size([3])	cuda:0	True
2026-05-06 22:33:12,338 - INFO - module.noise_predictor.adaptive_graph_learner.feature_projection.weight	torch.Size([32, 96])	cuda:0	True
2026-05-06 22:33:12,338 - INFO - module.noise_predictor.adaptive_graph_learner.feature_projection.bias	torch.Size([32])	cuda:0	True
2026-05-06 22:33:12,338 - INFO - module.noise_predictor.adaptive_graph_learner.time_projection.weight	torch.Size([32, 96])	cuda:0	True
2026-05-06 22:33:12,338 - INFO - module.noise_predictor.adaptive_graph_learner.time_projection.bias	torch.Size([32])	cuda:0	True
2026-05-06 22:33:12,338 - INFO - Total parameter numbers: 777613
2026-05-06 22:33:12,338 - INFO - Enable AMP training (dtype=float16).
2026-05-06 22:33:12,339 - INFO - You select `adamw` optimizer.
2026-05-06 22:33:12,339 - WARNING - Received unrecognized optimizer, set default Adam optimizer
2026-05-06 22:33:12,340 - INFO - You select `multisteplr` lr_scheduler.
2026-05-06 22:33:12,340 - WARNING - Received none train loss func and will use the loss func defined in the model.
2026-05-06 22:33:12,340 - INFO - Start training ...
2026-05-06 22:33:12,340 - INFO - num_batches:40
2026-05-06 22:33:12,625 - INFO - Enable physics warmup: steps=3000 start_ratio=0.200 mode=linear.
2026-05-06 22:33:12,626 - INFO - Enable physics warmup: steps=3000 start_ratio=0.200 mode=linear.
2026-05-06 22:33:12,795 - INFO - Enable physics warmup: steps=3000 start_ratio=0.200 mode=linear.
2026-05-06 22:33:29,576 - INFO - epoch complete!
2026-05-06 22:33:29,577 - INFO - evaluating now!
2026-05-06 22:33:30,998 - INFO - Epoch [0/10] train_loss: 534.6603, val_loss: 589.4811, lr: 0.004000, 18.66s
2026-05-06 22:33:31,046 - INFO - Saved model at 0
2026-05-06 22:33:31,047 - INFO - Val loss decrease from inf to 589.4811, saving to /home/lizhuoxuan/lzq/Bigscity-LibCity-master/outputs/20260506_223301__traffic_state_pred__new_diffusion_fuzzy__PEMSD4/model_cache/new_diffusion_fuzzy_PEMSD4_epoch0.tar
2026-05-06 22:33:47,120 - INFO - epoch complete!
2026-05-06 22:33:47,120 - INFO - evaluating now!
2026-05-06 22:33:48,583 - INFO - Epoch [1/10] train_loss: 459.1695, val_loss: 417.0535, lr: 0.004000, 17.54s
2026-05-06 22:33:48,626 - INFO - Saved model at 1
2026-05-06 22:33:48,626 - INFO - Val loss decrease from 589.4811 to 417.0535, saving to /home/lizhuoxuan/lzq/Bigscity-LibCity-master/outputs/20260506_223301__traffic_state_pred__new_diffusion_fuzzy__PEMSD4/model_cache/new_diffusion_fuzzy_PEMSD4_epoch1.tar
2026-05-06 22:34:05,558 - INFO - epoch complete!
2026-05-06 22:34:05,558 - INFO - evaluating now!
2026-05-06 22:34:06,815 - INFO - Epoch [2/10] train_loss: 333.6257, val_loss: 341.5078, lr: 0.004000, 18.19s
2026-05-06 22:34:06,857 - INFO - Saved model at 2
2026-05-06 22:34:06,858 - INFO - Val loss decrease from 417.0535 to 341.5078, saving to /home/lizhuoxuan/lzq/Bigscity-LibCity-master/outputs/20260506_223301__traffic_state_pred__new_diffusion_fuzzy__PEMSD4/model_cache/new_diffusion_fuzzy_PEMSD4_epoch2.tar
2026-05-06 22:34:22,851 - INFO - epoch complete!
2026-05-06 22:34:22,852 - INFO - evaluating now!
2026-05-06 22:34:24,108 - INFO - Epoch [3/10] train_loss: 216.4992, val_loss: 237.1113, lr: 0.004000, 17.25s
2026-05-06 22:34:24,152 - INFO - Saved model at 3
2026-05-06 22:34:24,152 - INFO - Val loss decrease from 341.5078 to 237.1113, saving to /home/lizhuoxuan/lzq/Bigscity-LibCity-master/outputs/20260506_223301__traffic_state_pred__new_diffusion_fuzzy__PEMSD4/model_cache/new_diffusion_fuzzy_PEMSD4_epoch3.tar
2026-05-06 22:34:40,721 - INFO - epoch complete!
2026-05-06 22:34:40,722 - INFO - evaluating now!
2026-05-06 22:34:42,324 - INFO - Epoch [4/10] train_loss: 174.5030, val_loss: 182.8794, lr: 0.004000, 18.17s
2026-05-06 22:34:42,368 - INFO - Saved model at 4
2026-05-06 22:34:42,368 - INFO - Val loss decrease from 237.1113 to 182.8794, saving to /home/lizhuoxuan/lzq/Bigscity-LibCity-master/outputs/20260506_223301__traffic_state_pred__new_diffusion_fuzzy__PEMSD4/model_cache/new_diffusion_fuzzy_PEMSD4_epoch4.tar
2026-05-06 22:34:58,461 - INFO - epoch complete!
2026-05-06 22:34:58,462 - INFO - evaluating now!
2026-05-06 22:34:59,801 - INFO - Epoch [5/10] train_loss: 156.7672, val_loss: 191.7927, lr: 0.004000, 17.43s
2026-05-06 22:35:17,700 - INFO - epoch complete!
2026-05-06 22:35:17,700 - INFO - evaluating now!
2026-05-06 22:35:18,963 - INFO - Epoch [6/10] train_loss: 137.6970, val_loss: 181.5987, lr: 0.004000, 19.16s
2026-05-06 22:35:19,005 - INFO - Saved model at 6
2026-05-06 22:35:19,005 - INFO - Val loss decrease from 182.8794 to 181.5987, saving to /home/lizhuoxuan/lzq/Bigscity-LibCity-master/outputs/20260506_223301__traffic_state_pred__new_diffusion_fuzzy__PEMSD4/model_cache/new_diffusion_fuzzy_PEMSD4_epoch6.tar
2026-05-06 22:35:37,151 - INFO - epoch complete!
2026-05-06 22:35:37,151 - INFO - evaluating now!
2026-05-06 22:35:38,730 - INFO - Epoch [7/10] train_loss: 147.2113, val_loss: 170.1065, lr: 0.004000, 19.72s
2026-05-06 22:35:38,772 - INFO - Saved model at 7
2026-05-06 22:35:38,772 - INFO - Val loss decrease from 181.5987 to 170.1065, saving to /home/lizhuoxuan/lzq/Bigscity-LibCity-master/outputs/20260506_223301__traffic_state_pred__new_diffusion_fuzzy__PEMSD4/model_cache/new_diffusion_fuzzy_PEMSD4_epoch7.tar
2026-05-06 22:35:57,082 - INFO - epoch complete!
2026-05-06 22:35:57,082 - INFO - evaluating now!
2026-05-06 22:35:58,348 - INFO - Epoch [8/10] train_loss: 130.9305, val_loss: 135.8682, lr: 0.004000, 19.58s
2026-05-06 22:35:58,395 - INFO - Saved model at 8
2026-05-06 22:35:58,396 - INFO - Val loss decrease from 170.1065 to 135.8682, saving to /home/lizhuoxuan/lzq/Bigscity-LibCity-master/outputs/20260506_223301__traffic_state_pred__new_diffusion_fuzzy__PEMSD4/model_cache/new_diffusion_fuzzy_PEMSD4_epoch8.tar
2026-05-06 22:36:14,630 - INFO - epoch complete!
2026-05-06 22:36:14,630 - INFO - evaluating now!
2026-05-06 22:36:15,894 - INFO - Epoch [9/10] train_loss: 118.3000, val_loss: 132.7008, lr: 0.004000, 17.50s
2026-05-06 22:36:15,939 - INFO - Saved model at 9
2026-05-06 22:36:15,939 - INFO - Val loss decrease from 135.8682 to 132.7008, saving to /home/lizhuoxuan/lzq/Bigscity-LibCity-master/outputs/20260506_223301__traffic_state_pred__new_diffusion_fuzzy__PEMSD4/model_cache/new_diffusion_fuzzy_PEMSD4_epoch9.tar
2026-05-06 22:36:15,939 - INFO - Trained totally 10 epochs, average train time is 16.948s, average eval time is 1.371s
2026-05-06 22:36:16,048 - INFO - Loaded model at 9
2026-05-06 22:36:16,048 - INFO - Saved model at /home/lizhuoxuan/lzq/Bigscity-LibCity-master/outputs/20260506_223301__traffic_state_pred__new_diffusion_fuzzy__PEMSD4/model_cache/new_diffusion_fuzzy_PEMSD4.m
2026-05-06 22:36:16,094 - INFO - Start evaluating ...
2026-05-06 22:37:49,780 - INFO - Note that you select the single mode to evaluate!
2026-05-06 22:37:49,785 - INFO - Evaluate result is saved at /home/lizhuoxuan/lzq/Bigscity-LibCity-master/outputs/20260506_223301__traffic_state_pred__new_diffusion_fuzzy__PEMSD4/evaluate_cache/2026_05_06_22_37_49_new_diffusion_fuzzy_PEMSD4.csv
2026-05-06 22:37:49,796 - INFO - 
          MAE        MAPE           MSE  ...  masked_RMSE        R2      EVAR
1   94.015739  725.315552  25480.181641  ...   160.335007 -0.530677 -0.002602
2   94.044403  722.273071  25481.894531  ...   160.327286 -0.531058 -0.002557
3   94.084579  731.999268  25497.876953  ...   160.377655 -0.531412 -0.002671
4   94.101936  719.161255  25500.242188  ...   160.383423 -0.531593 -0.002645
5   94.036064  734.363953  25484.085938  ...   160.345245 -0.530830 -0.002556
6   94.069389  722.472412  25489.113281  ...   160.348526 -0.531419 -0.002650
7   94.097160  720.836304  25499.796875  ...   160.381210 -0.531487 -0.002625
8   94.105980  714.615784  25498.621094  ...   160.376892 -0.531462 -0.002488
9   94.041748  737.098511  25484.240234  ...   160.344254 -0.530810 -0.002497
10  94.063766  713.106934  25484.257812  ...   160.332016 -0.531095 -0.002422
11  94.103912  722.007141  25501.701172  ...   160.385117 -0.531583 -0.002641
12  94.114120  729.900146  25500.630859  ...   160.381760 -0.531560 -0.002509

[12 rows x 10 columns]
