2026-05-25 19:04:26,476 - INFO - Log directory: /home/lizhuoxuan/lzq/Bigscity-LibCity-master/outputs/20260525_190426__traffic_state_pred__new_fuzzy_2__PEMSD4/logs
2026-05-25 19:04:26,629 - INFO - Log directory: /home/lizhuoxuan/lzq/Bigscity-LibCity-master/outputs/20260525_190426__traffic_state_pred__new_fuzzy_2__PEMSD4/logs
2026-05-25 19:04:26,629 - INFO - Begin artifact training pipeline, task=traffic_state_pred, model_name=new_fuzzy_2, dataset_name=PEMSD4, exp_id=20260525_190426__traffic_state_pred__new_fuzzy_2__PEMSD4
2026-05-25 19:04:26,631 - INFO - {'task': 'traffic_state_pred', 'model': 'new_fuzzy_2', 'dataset': 'PEMSD4', 'saved_model': True, 'train': True, 'seed': 42, 'train_rate': 0.6, 'eval_rate': 0.2, 'batch_size': 64, 'learning_rate': 0.0005, 'max_epoch': 50, 'dataset_class': 'TrafficStatePointDataset', 'executor': 'TrafficStateExecutor', 'evaluator': 'TrafficStateEvaluator', 'calculate_weight_adj': False, 'conservation_loss_weight': 0.1, 'conservation_steps_per_epoch': 80, 'conservation_warmup_epochs': 5, 'data_col': ['traffic_flow', 'traffic_occupancy', 'traffic_speed'], 'data_files': ['PEMSD4'], 'decoder_layers': 2, 'device': device(type='cuda', index=0), 'disturb_rate': 0.5, 'dropout': 0.1, 'dyna': {'including_types': ['state'], 'state': {'entity_id': 'geo_id', 'traffic_flow': 'num', 'traffic_occupancy': 'num', 'traffic_speed': 'num'}}, 'encoder_layers': 2, 'eval_batch_size': 64, 'evaluator_mode': 'single', 'ffn_hidden_dim': 128, 'fuzzy_num_sets': 3, 'geo': {'including_types': ['Point'], 'Point': {}}, 'geo_file': 'PEMSD4', 'graph_k_hop': 2, 'hidden_dim': 64, 'init_weight_inf_or_zero': 'zero', 'is_distributed': True, 'metrics': ['MAE', 'MAPE', 'MSE', 'RMSE', 'masked_MAE', 'masked_MAPE', 'masked_MSE', 'masked_RMSE', 'R2', 'EVAR'], 'noise_SD': [10], 'noise_mean': [5], 'noise_type': 'gaussian', 'num_heads': 2, 'num_workers': 0, 'output_dim': 3, 'pad_with_last_sample': True, 'physics_channel_idx': 0, 'rank': 0, 'rel': {'including_types': ['geo'], 'geo': {'cost': 'num'}}, 'rel_file': 'PEMSD4', 'robustness_test': False, 'save_mode': ['csv'], 'scale_lr': False, 'set_weight_link_or_dist': 'link', 'time_intervals': 300, 'use_amp': True, 'use_fuzzy_conservation': True, 'use_fuzzy_graph': True, 'use_gradient_checkpointing': False, 'use_spatiotemporal_attention': True, 'use_temporal_position_embedding': True, 'weight_adj_epsilon': 0.1, 'weight_col': 'cost', 'world_size': 2, 'clip_grad_norm': True, 'epoch': 0, 'gpu': True, 'gpu_id': 0, 'learner': 'adamw', 'load_best_epoch': True, 'log_every': 1, 'lr_decay': True, 'lr_decay_ratio': 0.5, 'lr_patience': 5, 'lr_scheduler': 'reducelronplateau', 'lr_threshold': 0.001, 'max_grad_norm': 3, 'patience': 30, 'train_loss': 'none', 'use_early_stop': True, 'weight_decay': 0.0001, 'data_version_id': 'dv_1779345390_d5479d38', 'input_window': 12, 'output_window': 12, 'scaler': 'standard', 'load_external': False, 'normal_external': False, 'add_time_in_day': True, 'add_day_in_week': True, 'cache_dataset': True, 'ext_scaler': 'none', 'local_rank': 0, 'dist_backend': 'nccl', 'exp_id': '20260525_190426__traffic_state_pred__new_fuzzy_2__PEMSD4'}
2026-05-25 19:04:40,817 - INFO - Enable AMP training (dtype=float16).
2026-05-25 19:04:40,818 - INFO - You select `adamw` optimizer.
2026-05-25 19:04:40,818 - INFO - You select `reducelronplateau` lr_scheduler.
2026-05-25 19:04:40,818 - WARNING - Received none train loss func and will use the loss func defined in the model.
2026-05-25 19:04:40,819 - INFO - Start training ...
2026-05-25 19:04:40,819 - INFO - num_batches:80
2026-05-25 19:04:40,833 - INFO - DistributedDataParallel(
  (module): NewFuzzy2(
    (fuzzy_graph): FuzzyRelationalGraphLearner(
      (raw_projection): Linear(in_features=3, out_features=64, bias=True)
      (feature_to_membership): Sequential(
        (0): Linear(in_features=64, out_features=32, bias=True)
        (1): GELU(approximate='none')
        (2): Linear(in_features=32, out_features=3, bias=True)
      )
    )
    (condition_encoder): STEncoder(
      (input_projection): Linear(in_features=3, out_features=64, bias=True)
      (blocks): ModuleList(
        (0-1): 2 x STEncoderBlock(
          (temporal_attention): MultiHeadAttention(
            (query_projection): Linear(in_features=64, out_features=64, bias=True)
            (key_projection): Linear(in_features=64, out_features=64, bias=True)
            (value_projection): Linear(in_features=64, out_features=64, bias=True)
            (output_projection): Linear(in_features=64, out_features=64, bias=True)
            (dropout): Dropout(p=0.1, inplace=False)
          )
          (graph_convolution): FuzzyGraphConvolution(
            (projections): ModuleList(
              (0-2): 3 x Linear(in_features=64, out_features=64, bias=True)
            )
          )
          (feed_forward): FeedForwardNetwork(
            (network): Sequential(
              (0): Linear(in_features=64, out_features=128, bias=True)
              (1): GELU(approximate='none')
              (2): Dropout(p=0.1, inplace=False)
              (3): Linear(in_features=128, out_features=64, bias=True)
              (4): Dropout(p=0.1, inplace=False)
            )
          )
          (norm_temporal): LayerNorm((64,), eps=1e-05, elementwise_affine=True)
          (norm_graph): LayerNorm((64,), eps=1e-05, elementwise_affine=True)
          (norm_ffn): LayerNorm((64,), eps=1e-05, elementwise_affine=True)
          (dropout): Dropout(p=0.1, inplace=False)
        )
      )
      (final_norm): LayerNorm((64,), eps=1e-05, elementwise_affine=True)
    )
    (future_decoder): FutureDecoder(
      (blocks): ModuleList(
        (0-1): 2 x DecoderBlock(
          (temporal_attention): MultiHeadAttention(
            (query_projection): Linear(in_features=64, out_features=64, bias=True)
            (key_projection): Linear(in_features=64, out_features=64, bias=True)
            (value_projection): Linear(in_features=64, out_features=64, bias=True)
            (output_projection): Linear(in_features=64, out_features=64, bias=True)
            (dropout): Dropout(p=0.1, inplace=False)
          )
          (graph_convolution): FuzzyGraphConvolution(
            (projections): ModuleList(
              (0-2): 3 x Linear(in_features=64, out_features=64, bias=True)
            )
          )
          (cross_attention): MultiHeadAttention(
            (query_projection): Linear(in_features=64, out_features=64, bias=True)
            (key_projection): Linear(in_features=64, out_features=64, bias=True)
            (value_projection): Linear(in_features=64, out_features=64, bias=True)
            (output_projection): Linear(in_features=64, out_features=64, bias=True)
            (dropout): Dropout(p=0.1, inplace=False)
          )
          (spatiotemporal_attention): MultiHeadAttention(
            (query_projection): Linear(in_features=64, out_features=64, bias=True)
            (key_projection): Linear(in_features=64, out_features=64, bias=True)
            (value_projection): Linear(in_features=64, out_features=64, bias=True)
            (output_projection): Linear(in_features=64, out_features=64, bias=True)
            (dropout): Dropout(p=0.1, inplace=False)
          )
          (feed_forward): FeedForwardNetwork(
            (network): Sequential(
              (0): Linear(in_features=64, out_features=128, bias=True)
              (1): GELU(approximate='none')
              (2): Dropout(p=0.1, inplace=False)
              (3): Linear(in_features=128, out_features=64, bias=True)
              (4): Dropout(p=0.1, inplace=False)
            )
          )
          (norm_temporal): LayerNorm((64,), eps=1e-05, elementwise_affine=True)
          (norm_graph): LayerNorm((64,), eps=1e-05, elementwise_affine=True)
          (norm_cross): LayerNorm((64,), eps=1e-05, elementwise_affine=True)
          (norm_spatiotemporal): LayerNorm((64,), eps=1e-05, elementwise_affine=True)
          (norm_ffn): LayerNorm((64,), eps=1e-05, elementwise_affine=True)
          (dropout): Dropout(p=0.1, inplace=False)
        )
      )
      (final_norm): LayerNorm((64,), eps=1e-05, elementwise_affine=True)
      (output_projection): Linear(in_features=64, out_features=3, bias=True)
    )
  )
)
2026-05-25 19:04:40,838 - INFO - module.fuzzy_graph.base_memberships	torch.Size([307, 3])	cuda:0	True
2026-05-25 19:04:40,838 - INFO - module.fuzzy_graph.fuzzy_prototypes	torch.Size([3, 64])	cuda:0	True
2026-05-25 19:04:40,838 - INFO - module.fuzzy_graph.blend_logit	torch.Size([])	cuda:0	True
2026-05-25 19:04:40,838 - INFO - module.fuzzy_graph.raw_projection.weight	torch.Size([64, 3])	cuda:0	True
2026-05-25 19:04:40,838 - INFO - module.fuzzy_graph.raw_projection.bias	torch.Size([64])	cuda:0	True
2026-05-25 19:04:40,838 - INFO - module.fuzzy_graph.feature_to_membership.0.weight	torch.Size([32, 64])	cuda:0	True
2026-05-25 19:04:40,838 - INFO - module.fuzzy_graph.feature_to_membership.0.bias	torch.Size([32])	cuda:0	True
2026-05-25 19:04:40,838 - INFO - module.fuzzy_graph.feature_to_membership.2.weight	torch.Size([3, 32])	cuda:0	True
2026-05-25 19:04:40,838 - INFO - module.fuzzy_graph.feature_to_membership.2.bias	torch.Size([3])	cuda:0	True
2026-05-25 19:04:40,838 - INFO - module.condition_encoder.temporal_position_embedding	torch.Size([1, 12, 1, 64])	cuda:0	True
2026-05-25 19:04:40,838 - INFO - module.condition_encoder.input_projection.weight	torch.Size([64, 3])	cuda:0	True
2026-05-25 19:04:40,839 - INFO - module.condition_encoder.input_projection.bias	torch.Size([64])	cuda:0	True
2026-05-25 19:04:40,839 - INFO - module.condition_encoder.blocks.0.temporal_attention.query_projection.weight	torch.Size([64, 64])	cuda:0	True
2026-05-25 19:04:40,839 - INFO - module.condition_encoder.blocks.0.temporal_attention.query_projection.bias	torch.Size([64])	cuda:0	True
2026-05-25 19:04:40,839 - INFO - module.condition_encoder.blocks.0.temporal_attention.key_projection.weight	torch.Size([64, 64])	cuda:0	True
2026-05-25 19:04:40,839 - INFO - module.condition_encoder.blocks.0.temporal_attention.key_projection.bias	torch.Size([64])	cuda:0	True
2026-05-25 19:04:40,839 - INFO - module.condition_encoder.blocks.0.temporal_attention.value_projection.weight	torch.Size([64, 64])	cuda:0	True
2026-05-25 19:04:40,839 - INFO - module.condition_encoder.blocks.0.temporal_attention.value_projection.bias	torch.Size([64])	cuda:0	True
2026-05-25 19:04:40,839 - INFO - module.condition_encoder.blocks.0.temporal_attention.output_projection.weight	torch.Size([64, 64])	cuda:0	True
2026-05-25 19:04:40,839 - INFO - module.condition_encoder.blocks.0.temporal_attention.output_projection.bias	torch.Size([64])	cuda:0	True
2026-05-25 19:04:40,839 - INFO - module.condition_encoder.blocks.0.graph_convolution.projections.0.weight	torch.Size([64, 64])	cuda:0	True
2026-05-25 19:04:40,839 - INFO - module.condition_encoder.blocks.0.graph_convolution.projections.0.bias	torch.Size([64])	cuda:0	True
2026-05-25 19:04:40,839 - INFO - module.condition_encoder.blocks.0.graph_convolution.projections.1.weight	torch.Size([64, 64])	cuda:0	True
2026-05-25 19:04:40,839 - INFO - module.condition_encoder.blocks.0.graph_convolution.projections.1.bias	torch.Size([64])	cuda:0	True
2026-05-25 19:04:40,839 - INFO - module.condition_encoder.blocks.0.graph_convolution.projections.2.weight	torch.Size([64, 64])	cuda:0	True
2026-05-25 19:04:40,839 - INFO - module.condition_encoder.blocks.0.graph_convolution.projections.2.bias	torch.Size([64])	cuda:0	True
2026-05-25 19:04:40,839 - INFO - module.condition_encoder.blocks.0.feed_forward.network.0.weight	torch.Size([128, 64])	cuda:0	True
2026-05-25 19:04:40,839 - INFO - module.condition_encoder.blocks.0.feed_forward.network.0.bias	torch.Size([128])	cuda:0	True
2026-05-25 19:04:40,839 - INFO - module.condition_encoder.blocks.0.feed_forward.network.3.weight	torch.Size([64, 128])	cuda:0	True
2026-05-25 19:04:40,839 - INFO - module.condition_encoder.blocks.0.feed_forward.network.3.bias	torch.Size([64])	cuda:0	True
2026-05-25 19:04:40,840 - INFO - module.condition_encoder.blocks.0.norm_temporal.weight	torch.Size([64])	cuda:0	True
2026-05-25 19:04:40,840 - INFO - module.condition_encoder.blocks.0.norm_temporal.bias	torch.Size([64])	cuda:0	True
2026-05-25 19:04:40,840 - INFO - module.condition_encoder.blocks.0.norm_graph.weight	torch.Size([64])	cuda:0	True
2026-05-25 19:04:40,840 - INFO - module.condition_encoder.blocks.0.norm_graph.bias	torch.Size([64])	cuda:0	True
2026-05-25 19:04:40,844 - INFO - module.condition_encoder.blocks.0.norm_ffn.weight	torch.Size([64])	cuda:0	True
2026-05-25 19:04:40,844 - INFO - module.condition_encoder.blocks.0.norm_ffn.bias	torch.Size([64])	cuda:0	True
2026-05-25 19:04:40,844 - INFO - module.condition_encoder.blocks.1.temporal_attention.query_projection.weight	torch.Size([64, 64])	cuda:0	True
2026-05-25 19:04:40,844 - INFO - module.condition_encoder.blocks.1.temporal_attention.query_projection.bias	torch.Size([64])	cuda:0	True
2026-05-25 19:04:40,844 - INFO - module.condition_encoder.blocks.1.temporal_attention.key_projection.weight	torch.Size([64, 64])	cuda:0	True
2026-05-25 19:04:40,844 - INFO - module.condition_encoder.blocks.1.temporal_attention.key_projection.bias	torch.Size([64])	cuda:0	True
2026-05-25 19:04:40,844 - INFO - module.condition_encoder.blocks.1.temporal_attention.value_projection.weight	torch.Size([64, 64])	cuda:0	True
2026-05-25 19:04:40,844 - INFO - module.condition_encoder.blocks.1.temporal_attention.value_projection.bias	torch.Size([64])	cuda:0	True
2026-05-25 19:04:40,844 - INFO - module.condition_encoder.blocks.1.temporal_attention.output_projection.weight	torch.Size([64, 64])	cuda:0	True
2026-05-25 19:04:40,844 - INFO - module.condition_encoder.blocks.1.temporal_attention.output_projection.bias	torch.Size([64])	cuda:0	True
2026-05-25 19:04:40,844 - INFO - module.condition_encoder.blocks.1.graph_convolution.projections.0.weight	torch.Size([64, 64])	cuda:0	True
2026-05-25 19:04:40,844 - INFO - module.condition_encoder.blocks.1.graph_convolution.projections.0.bias	torch.Size([64])	cuda:0	True
2026-05-25 19:04:40,844 - INFO - module.condition_encoder.blocks.1.graph_convolution.projections.1.weight	torch.Size([64, 64])	cuda:0	True
2026-05-25 19:04:40,844 - INFO - module.condition_encoder.blocks.1.graph_convolution.projections.1.bias	torch.Size([64])	cuda:0	True
2026-05-25 19:04:40,844 - INFO - module.condition_encoder.blocks.1.graph_convolution.projections.2.weight	torch.Size([64, 64])	cuda:0	True
2026-05-25 19:04:40,845 - INFO - module.condition_encoder.blocks.1.graph_convolution.projections.2.bias	torch.Size([64])	cuda:0	True
2026-05-25 19:04:40,845 - INFO - module.condition_encoder.blocks.1.feed_forward.network.0.weight	torch.Size([128, 64])	cuda:0	True
2026-05-25 19:04:40,845 - INFO - module.condition_encoder.blocks.1.feed_forward.network.0.bias	torch.Size([128])	cuda:0	True
2026-05-25 19:04:40,845 - INFO - module.condition_encoder.blocks.1.feed_forward.network.3.weight	torch.Size([64, 128])	cuda:0	True
2026-05-25 19:04:40,845 - INFO - module.condition_encoder.blocks.1.feed_forward.network.3.bias	torch.Size([64])	cuda:0	True
2026-05-25 19:04:40,845 - INFO - module.condition_encoder.blocks.1.norm_temporal.weight	torch.Size([64])	cuda:0	True
2026-05-25 19:04:40,845 - INFO - module.condition_encoder.blocks.1.norm_temporal.bias	torch.Size([64])	cuda:0	True
2026-05-25 19:04:40,845 - INFO - module.condition_encoder.blocks.1.norm_graph.weight	torch.Size([64])	cuda:0	True
2026-05-25 19:04:40,845 - INFO - module.condition_encoder.blocks.1.norm_graph.bias	torch.Size([64])	cuda:0	True
2026-05-25 19:04:40,845 - INFO - module.condition_encoder.blocks.1.norm_ffn.weight	torch.Size([64])	cuda:0	True
2026-05-25 19:04:40,845 - INFO - module.condition_encoder.blocks.1.norm_ffn.bias	torch.Size([64])	cuda:0	True
2026-05-25 19:04:40,845 - INFO - module.condition_encoder.final_norm.weight	torch.Size([64])	cuda:0	True
2026-05-25 19:04:40,845 - INFO - module.condition_encoder.final_norm.bias	torch.Size([64])	cuda:0	True
2026-05-25 19:04:40,845 - INFO - module.future_decoder.future_queries	torch.Size([1, 12, 307, 64])	cuda:0	True
2026-05-25 19:04:40,845 - INFO - module.future_decoder.blocks.0.temporal_attention.query_projection.weight	torch.Size([64, 64])	cuda:0	True
2026-05-25 19:04:40,845 - INFO - module.future_decoder.blocks.0.temporal_attention.query_projection.bias	torch.Size([64])	cuda:0	True
2026-05-25 19:04:40,845 - INFO - module.future_decoder.blocks.0.temporal_attention.key_projection.weight	torch.Size([64, 64])	cuda:0	True
2026-05-25 19:04:40,845 - INFO - module.future_decoder.blocks.0.temporal_attention.key_projection.bias	torch.Size([64])	cuda:0	True
2026-05-25 19:04:40,845 - INFO - module.future_decoder.blocks.0.temporal_attention.value_projection.weight	torch.Size([64, 64])	cuda:0	True
2026-05-25 19:04:40,845 - INFO - module.future_decoder.blocks.0.temporal_attention.value_projection.bias	torch.Size([64])	cuda:0	True
2026-05-25 19:04:40,845 - INFO - module.future_decoder.blocks.0.temporal_attention.output_projection.weight	torch.Size([64, 64])	cuda:0	True
2026-05-25 19:04:40,846 - INFO - module.future_decoder.blocks.0.temporal_attention.output_projection.bias	torch.Size([64])	cuda:0	True
2026-05-25 19:04:40,846 - INFO - module.future_decoder.blocks.0.graph_convolution.projections.0.weight	torch.Size([64, 64])	cuda:0	True
2026-05-25 19:04:40,846 - INFO - module.future_decoder.blocks.0.graph_convolution.projections.0.bias	torch.Size([64])	cuda:0	True
2026-05-25 19:04:40,846 - INFO - module.future_decoder.blocks.0.graph_convolution.projections.1.weight	torch.Size([64, 64])	cuda:0	True
2026-05-25 19:04:40,846 - INFO - module.future_decoder.blocks.0.graph_convolution.projections.1.bias	torch.Size([64])	cuda:0	True
2026-05-25 19:04:40,846 - INFO - module.future_decoder.blocks.0.graph_convolution.projections.2.weight	torch.Size([64, 64])	cuda:0	True
2026-05-25 19:04:40,846 - INFO - module.future_decoder.blocks.0.graph_convolution.projections.2.bias	torch.Size([64])	cuda:0	True
2026-05-25 19:04:40,846 - INFO - module.future_decoder.blocks.0.cross_attention.query_projection.weight	torch.Size([64, 64])	cuda:0	True
2026-05-25 19:04:40,846 - INFO - module.future_decoder.blocks.0.cross_attention.query_projection.bias	torch.Size([64])	cuda:0	True
2026-05-25 19:04:40,846 - INFO - module.future_decoder.blocks.0.cross_attention.key_projection.weight	torch.Size([64, 64])	cuda:0	True
2026-05-25 19:04:40,846 - INFO - module.future_decoder.blocks.0.cross_attention.key_projection.bias	torch.Size([64])	cuda:0	True
2026-05-25 19:04:40,846 - INFO - module.future_decoder.blocks.0.cross_attention.value_projection.weight	torch.Size([64, 64])	cuda:0	True
2026-05-25 19:04:40,846 - INFO - module.future_decoder.blocks.0.cross_attention.value_projection.bias	torch.Size([64])	cuda:0	True
2026-05-25 19:04:40,846 - INFO - module.future_decoder.blocks.0.cross_attention.output_projection.weight	torch.Size([64, 64])	cuda:0	True
2026-05-25 19:04:40,846 - INFO - module.future_decoder.blocks.0.cross_attention.output_projection.bias	torch.Size([64])	cuda:0	True
2026-05-25 19:04:40,846 - INFO - module.future_decoder.blocks.0.spatiotemporal_attention.query_projection.weight	torch.Size([64, 64])	cuda:0	True
2026-05-25 19:04:40,846 - INFO - module.future_decoder.blocks.0.spatiotemporal_attention.query_projection.bias	torch.Size([64])	cuda:0	True
2026-05-25 19:04:40,846 - INFO - module.future_decoder.blocks.0.spatiotemporal_attention.key_projection.weight	torch.Size([64, 64])	cuda:0	True
2026-05-25 19:04:40,846 - INFO - module.future_decoder.blocks.0.spatiotemporal_attention.key_projection.bias	torch.Size([64])	cuda:0	True
2026-05-25 19:04:40,846 - INFO - module.future_decoder.blocks.0.spatiotemporal_attention.value_projection.weight	torch.Size([64, 64])	cuda:0	True
2026-05-25 19:04:40,847 - INFO - module.future_decoder.blocks.0.spatiotemporal_attention.value_projection.bias	torch.Size([64])	cuda:0	True
2026-05-25 19:04:40,847 - INFO - module.future_decoder.blocks.0.spatiotemporal_attention.output_projection.weight	torch.Size([64, 64])	cuda:0	True
2026-05-25 19:04:40,847 - INFO - module.future_decoder.blocks.0.spatiotemporal_attention.output_projection.bias	torch.Size([64])	cuda:0	True
2026-05-25 19:04:40,850 - INFO - module.future_decoder.blocks.0.feed_forward.network.0.weight	torch.Size([128, 64])	cuda:0	True
2026-05-25 19:04:40,850 - INFO - module.future_decoder.blocks.0.feed_forward.network.0.bias	torch.Size([128])	cuda:0	True
2026-05-25 19:04:40,850 - INFO - module.future_decoder.blocks.0.feed_forward.network.3.weight	torch.Size([64, 128])	cuda:0	True
2026-05-25 19:04:40,850 - INFO - module.future_decoder.blocks.0.feed_forward.network.3.bias	torch.Size([64])	cuda:0	True
2026-05-25 19:04:40,850 - INFO - module.future_decoder.blocks.0.norm_temporal.weight	torch.Size([64])	cuda:0	True
2026-05-25 19:04:40,850 - INFO - module.future_decoder.blocks.0.norm_temporal.bias	torch.Size([64])	cuda:0	True
2026-05-25 19:04:40,850 - INFO - module.future_decoder.blocks.0.norm_graph.weight	torch.Size([64])	cuda:0	True
2026-05-25 19:04:40,850 - INFO - module.future_decoder.blocks.0.norm_graph.bias	torch.Size([64])	cuda:0	True
2026-05-25 19:04:40,850 - INFO - module.future_decoder.blocks.0.norm_cross.weight	torch.Size([64])	cuda:0	True
2026-05-25 19:04:40,850 - INFO - module.future_decoder.blocks.0.norm_cross.bias	torch.Size([64])	cuda:0	True
2026-05-25 19:04:40,850 - INFO - module.future_decoder.blocks.0.norm_spatiotemporal.weight	torch.Size([64])	cuda:0	True
2026-05-25 19:04:40,850 - INFO - module.future_decoder.blocks.0.norm_spatiotemporal.bias	torch.Size([64])	cuda:0	True
2026-05-25 19:04:40,850 - INFO - module.future_decoder.blocks.0.norm_ffn.weight	torch.Size([64])	cuda:0	True
2026-05-25 19:04:40,850 - INFO - module.future_decoder.blocks.0.norm_ffn.bias	torch.Size([64])	cuda:0	True
2026-05-25 19:04:40,851 - INFO - module.future_decoder.blocks.1.temporal_attention.query_projection.weight	torch.Size([64, 64])	cuda:0	True
2026-05-25 19:04:40,851 - INFO - module.future_decoder.blocks.1.temporal_attention.query_projection.bias	torch.Size([64])	cuda:0	True
2026-05-25 19:04:40,851 - INFO - module.future_decoder.blocks.1.temporal_attention.key_projection.weight	torch.Size([64, 64])	cuda:0	True
2026-05-25 19:04:40,851 - INFO - module.future_decoder.blocks.1.temporal_attention.key_projection.bias	torch.Size([64])	cuda:0	True
2026-05-25 19:04:40,851 - INFO - module.future_decoder.blocks.1.temporal_attention.value_projection.weight	torch.Size([64, 64])	cuda:0	True
2026-05-25 19:04:40,851 - INFO - module.future_decoder.blocks.1.temporal_attention.value_projection.bias	torch.Size([64])	cuda:0	True
2026-05-25 19:04:40,851 - INFO - module.future_decoder.blocks.1.temporal_attention.output_projection.weight	torch.Size([64, 64])	cuda:0	True
2026-05-25 19:04:40,851 - INFO - module.future_decoder.blocks.1.temporal_attention.output_projection.bias	torch.Size([64])	cuda:0	True
2026-05-25 19:04:40,851 - INFO - module.future_decoder.blocks.1.graph_convolution.projections.0.weight	torch.Size([64, 64])	cuda:0	True
2026-05-25 19:04:40,851 - INFO - module.future_decoder.blocks.1.graph_convolution.projections.0.bias	torch.Size([64])	cuda:0	True
2026-05-25 19:04:40,851 - INFO - module.future_decoder.blocks.1.graph_convolution.projections.1.weight	torch.Size([64, 64])	cuda:0	True
2026-05-25 19:04:40,851 - INFO - module.future_decoder.blocks.1.graph_convolution.projections.1.bias	torch.Size([64])	cuda:0	True
2026-05-25 19:04:40,851 - INFO - module.future_decoder.blocks.1.graph_convolution.projections.2.weight	torch.Size([64, 64])	cuda:0	True
2026-05-25 19:04:40,851 - INFO - module.future_decoder.blocks.1.graph_convolution.projections.2.bias	torch.Size([64])	cuda:0	True
2026-05-25 19:04:40,851 - INFO - module.future_decoder.blocks.1.cross_attention.query_projection.weight	torch.Size([64, 64])	cuda:0	True
2026-05-25 19:04:40,851 - INFO - module.future_decoder.blocks.1.cross_attention.query_projection.bias	torch.Size([64])	cuda:0	True
2026-05-25 19:04:40,851 - INFO - module.future_decoder.blocks.1.cross_attention.key_projection.weight	torch.Size([64, 64])	cuda:0	True
2026-05-25 19:04:40,851 - INFO - module.future_decoder.blocks.1.cross_attention.key_projection.bias	torch.Size([64])	cuda:0	True
2026-05-25 19:04:40,851 - INFO - module.future_decoder.blocks.1.cross_attention.value_projection.weight	torch.Size([64, 64])	cuda:0	True
2026-05-25 19:04:40,851 - INFO - module.future_decoder.blocks.1.cross_attention.value_projection.bias	torch.Size([64])	cuda:0	True
2026-05-25 19:04:40,851 - INFO - module.future_decoder.blocks.1.cross_attention.output_projection.weight	torch.Size([64, 64])	cuda:0	True
2026-05-25 19:04:40,852 - INFO - module.future_decoder.blocks.1.cross_attention.output_projection.bias	torch.Size([64])	cuda:0	True
2026-05-25 19:04:40,852 - INFO - module.future_decoder.blocks.1.spatiotemporal_attention.query_projection.weight	torch.Size([64, 64])	cuda:0	True
2026-05-25 19:04:40,852 - INFO - module.future_decoder.blocks.1.spatiotemporal_attention.query_projection.bias	torch.Size([64])	cuda:0	True
2026-05-25 19:04:40,852 - INFO - module.future_decoder.blocks.1.spatiotemporal_attention.key_projection.weight	torch.Size([64, 64])	cuda:0	True
2026-05-25 19:04:40,852 - INFO - module.future_decoder.blocks.1.spatiotemporal_attention.key_projection.bias	torch.Size([64])	cuda:0	True
2026-05-25 19:04:40,852 - INFO - module.future_decoder.blocks.1.spatiotemporal_attention.value_projection.weight	torch.Size([64, 64])	cuda:0	True
2026-05-25 19:04:40,852 - INFO - module.future_decoder.blocks.1.spatiotemporal_attention.value_projection.bias	torch.Size([64])	cuda:0	True
2026-05-25 19:04:40,852 - INFO - module.future_decoder.blocks.1.spatiotemporal_attention.output_projection.weight	torch.Size([64, 64])	cuda:0	True
2026-05-25 19:04:40,852 - INFO - module.future_decoder.blocks.1.spatiotemporal_attention.output_projection.bias	torch.Size([64])	cuda:0	True
2026-05-25 19:04:40,852 - INFO - module.future_decoder.blocks.1.feed_forward.network.0.weight	torch.Size([128, 64])	cuda:0	True
2026-05-25 19:04:40,852 - INFO - module.future_decoder.blocks.1.feed_forward.network.0.bias	torch.Size([128])	cuda:0	True
2026-05-25 19:04:40,852 - INFO - module.future_decoder.blocks.1.feed_forward.network.3.weight	torch.Size([64, 128])	cuda:0	True
2026-05-25 19:04:40,852 - INFO - module.future_decoder.blocks.1.feed_forward.network.3.bias	torch.Size([64])	cuda:0	True
2026-05-25 19:04:40,852 - INFO - module.future_decoder.blocks.1.norm_temporal.weight	torch.Size([64])	cuda:0	True
2026-05-25 19:04:40,852 - INFO - module.future_decoder.blocks.1.norm_temporal.bias	torch.Size([64])	cuda:0	True
2026-05-25 19:04:40,852 - INFO - module.future_decoder.blocks.1.norm_graph.weight	torch.Size([64])	cuda:0	True
2026-05-25 19:04:40,852 - INFO - module.future_decoder.blocks.1.norm_graph.bias	torch.Size([64])	cuda:0	True
2026-05-25 19:04:40,852 - INFO - module.future_decoder.blocks.1.norm_cross.weight	torch.Size([64])	cuda:0	True
2026-05-25 19:04:40,852 - INFO - module.future_decoder.blocks.1.norm_cross.bias	torch.Size([64])	cuda:0	True
2026-05-25 19:04:40,852 - INFO - module.future_decoder.blocks.1.norm_spatiotemporal.weight	torch.Size([64])	cuda:0	True
2026-05-25 19:04:40,852 - INFO - module.future_decoder.blocks.1.norm_spatiotemporal.bias	torch.Size([64])	cuda:0	True
2026-05-25 19:04:40,852 - INFO - module.future_decoder.blocks.1.norm_ffn.weight	torch.Size([64])	cuda:0	True
2026-05-25 19:04:40,852 - INFO - module.future_decoder.blocks.1.norm_ffn.bias	torch.Size([64])	cuda:0	True
2026-05-25 19:04:40,853 - INFO - module.future_decoder.final_norm.weight	torch.Size([64])	cuda:0	True
2026-05-25 19:04:40,853 - INFO - module.future_decoder.final_norm.bias	torch.Size([64])	cuda:0	True
2026-05-25 19:04:40,853 - INFO - module.future_decoder.output_projection.weight	torch.Size([3, 64])	cuda:0	True
2026-05-25 19:04:40,853 - INFO - module.future_decoder.output_projection.bias	torch.Size([3])	cuda:0	True
2026-05-25 19:04:40,856 - INFO - Total parameter numbers: 492192
2026-05-25 19:04:40,857 - INFO - Enable AMP training (dtype=float16).
2026-05-25 19:04:40,859 - INFO - You select `adamw` optimizer.
2026-05-25 19:04:40,859 - INFO - You select `reducelronplateau` lr_scheduler.
2026-05-25 19:04:40,860 - WARNING - Received none train loss func and will use the loss func defined in the model.
2026-05-25 19:04:40,860 - INFO - Start training ...
2026-05-25 19:04:40,860 - INFO - num_batches:80
2026-05-25 19:04:50,853 - INFO - epoch complete!
2026-05-25 19:04:50,857 - INFO - evaluating now!
2026-05-25 19:04:50,864 - INFO - epoch complete!
2026-05-25 19:04:50,865 - INFO - evaluating now!
2026-05-25 19:04:51,688 - INFO - Epoch [0/50] train_loss: 0.3173, val_loss: 0.2651, lr: 0.000500, 10.83s
2026-05-25 19:04:51,734 - INFO - Saved model at 0
2026-05-25 19:04:51,735 - INFO - Val loss decrease from inf to 0.2651, saving to /home/lizhuoxuan/lzq/Bigscity-LibCity-master/outputs/20260525_190426__traffic_state_pred__new_fuzzy_2__PEMSD4/model_cache/new_fuzzy_2_PEMSD4_epoch0.tar
2026-05-25 19:04:51,777 - INFO - Epoch [0/50] train_loss: 0.3191, val_loss: 0.2665, lr: 0.000500, 10.96s
2026-05-25 19:04:52,050 - INFO - Saved model at 0
2026-05-25 19:04:52,050 - INFO - Val loss decrease from inf to 0.2665, saving to /home/lizhuoxuan/lzq/Bigscity-LibCity-master/outputs/20260525_190426__traffic_state_pred__new_fuzzy_2__PEMSD4/model_cache/new_fuzzy_2_PEMSD4_epoch0.tar
2026-05-25 19:05:01,187 - INFO - epoch complete!
2026-05-25 19:05:01,187 - INFO - evaluating now!
2026-05-25 19:05:01,403 - INFO - epoch complete!
2026-05-25 19:05:01,404 - INFO - evaluating now!
2026-05-25 19:05:02,001 - INFO - Epoch [1/50] train_loss: 0.2691, val_loss: 0.2625, lr: 0.000500, 10.27s
2026-05-25 19:05:02,046 - INFO - Saved model at 1
2026-05-25 19:05:02,047 - INFO - Val loss decrease from 0.2651 to 0.2625, saving to /home/lizhuoxuan/lzq/Bigscity-LibCity-master/outputs/20260525_190426__traffic_state_pred__new_fuzzy_2__PEMSD4/model_cache/new_fuzzy_2_PEMSD4_epoch1.tar
2026-05-25 19:05:02,213 - INFO - Epoch [1/50] train_loss: 0.2675, val_loss: 0.2657, lr: 0.000500, 10.16s
2026-05-25 19:05:02,334 - INFO - Saved model at 1
2026-05-25 19:05:02,334 - INFO - Val loss decrease from 0.2665 to 0.2657, saving to /home/lizhuoxuan/lzq/Bigscity-LibCity-master/outputs/20260525_190426__traffic_state_pred__new_fuzzy_2__PEMSD4/model_cache/new_fuzzy_2_PEMSD4_epoch1.tar
2026-05-25 19:05:11,525 - INFO - epoch complete!
2026-05-25 19:05:11,526 - INFO - evaluating now!
2026-05-25 19:05:11,671 - INFO - epoch complete!
2026-05-25 19:05:11,671 - INFO - evaluating now!
2026-05-25 19:05:12,338 - INFO - Epoch [2/50] train_loss: 0.2599, val_loss: 0.2607, lr: 0.000500, 10.29s
2026-05-25 19:05:12,380 - INFO - Saved model at 2
2026-05-25 19:05:12,381 - INFO - Val loss decrease from 0.2625 to 0.2607, saving to /home/lizhuoxuan/lzq/Bigscity-LibCity-master/outputs/20260525_190426__traffic_state_pred__new_fuzzy_2__PEMSD4/model_cache/new_fuzzy_2_PEMSD4_epoch2.tar
2026-05-25 19:05:12,488 - INFO - Epoch [2/50] train_loss: 0.2592, val_loss: 0.2582, lr: 0.000500, 10.15s
2026-05-25 19:05:12,537 - INFO - Saved model at 2
2026-05-25 19:05:12,537 - INFO - Val loss decrease from 0.2657 to 0.2582, saving to /home/lizhuoxuan/lzq/Bigscity-LibCity-master/outputs/20260525_190426__traffic_state_pred__new_fuzzy_2__PEMSD4/model_cache/new_fuzzy_2_PEMSD4_epoch2.tar
2026-05-25 19:05:21,682 - INFO - epoch complete!
2026-05-25 19:05:21,683 - INFO - evaluating now!
2026-05-25 19:05:22,032 - INFO - epoch complete!
2026-05-25 19:05:22,032 - INFO - evaluating now!
2026-05-25 19:05:22,508 - INFO - Epoch [3/50] train_loss: 0.2530, val_loss: 0.2556, lr: 0.000500, 10.13s
2026-05-25 19:05:22,552 - INFO - Saved model at 3
2026-05-25 19:05:22,552 - INFO - Val loss decrease from 0.2607 to 0.2556, saving to /home/lizhuoxuan/lzq/Bigscity-LibCity-master/outputs/20260525_190426__traffic_state_pred__new_fuzzy_2__PEMSD4/model_cache/new_fuzzy_2_PEMSD4_epoch3.tar
2026-05-25 19:05:22,855 - INFO - Epoch [3/50] train_loss: 0.2533, val_loss: 0.2579, lr: 0.000500, 10.32s
2026-05-25 19:05:23,043 - INFO - Saved model at 3
2026-05-25 19:05:23,043 - INFO - Val loss decrease from 0.2582 to 0.2579, saving to /home/lizhuoxuan/lzq/Bigscity-LibCity-master/outputs/20260525_190426__traffic_state_pred__new_fuzzy_2__PEMSD4/model_cache/new_fuzzy_2_PEMSD4_epoch3.tar
2026-05-25 19:05:31,944 - INFO - epoch complete!
2026-05-25 19:05:31,948 - INFO - evaluating now!
2026-05-25 19:05:32,359 - INFO - epoch complete!
2026-05-25 19:05:32,360 - INFO - evaluating now!
2026-05-25 19:05:32,761 - INFO - Epoch [4/50] train_loss: 0.2468, val_loss: 0.2566, lr: 0.000500, 10.21s
2026-05-25 19:05:33,168 - INFO - Epoch [4/50] train_loss: 0.2481, val_loss: 0.2574, lr: 0.000500, 10.12s
2026-05-25 19:05:33,212 - INFO - Saved model at 4
2026-05-25 19:05:33,212 - INFO - Val loss decrease from 0.2579 to 0.2574, saving to /home/lizhuoxuan/lzq/Bigscity-LibCity-master/outputs/20260525_190426__traffic_state_pred__new_fuzzy_2__PEMSD4/model_cache/new_fuzzy_2_PEMSD4_epoch4.tar
2026-05-25 19:05:42,146 - INFO - epoch complete!
2026-05-25 19:05:42,146 - INFO - evaluating now!
2026-05-25 19:05:42,793 - INFO - epoch complete!
2026-05-25 19:05:42,794 - INFO - evaluating now!
2026-05-25 19:05:43,023 - INFO - Epoch [5/50] train_loss: 0.2304, val_loss: 0.2264, lr: 0.000500, 10.26s
2026-05-25 19:05:43,105 - INFO - Saved model at 5
2026-05-25 19:05:43,106 - INFO - Val loss decrease from 0.2556 to 0.2264, saving to /home/lizhuoxuan/lzq/Bigscity-LibCity-master/outputs/20260525_190426__traffic_state_pred__new_fuzzy_2__PEMSD4/model_cache/new_fuzzy_2_PEMSD4_epoch5.tar
2026-05-25 19:05:43,643 - INFO - Epoch [5/50] train_loss: 0.2328, val_loss: 0.2269, lr: 0.000500, 10.43s
2026-05-25 19:05:43,713 - INFO - Saved model at 5
2026-05-25 19:05:43,714 - INFO - Val loss decrease from 0.2574 to 0.2269, saving to /home/lizhuoxuan/lzq/Bigscity-LibCity-master/outputs/20260525_190426__traffic_state_pred__new_fuzzy_2__PEMSD4/model_cache/new_fuzzy_2_PEMSD4_epoch5.tar
2026-05-25 19:05:52,766 - INFO - epoch complete!
2026-05-25 19:05:52,767 - INFO - evaluating now!
2026-05-25 19:05:52,951 - INFO - epoch complete!
2026-05-25 19:05:52,952 - INFO - evaluating now!
2026-05-25 19:05:53,579 - INFO - Epoch [6/50] train_loss: 0.1961, val_loss: 0.1849, lr: 0.000500, 10.47s
2026-05-25 19:05:53,625 - INFO - Saved model at 6
2026-05-25 19:05:53,625 - INFO - Val loss decrease from 0.2264 to 0.1849, saving to /home/lizhuoxuan/lzq/Bigscity-LibCity-master/outputs/20260525_190426__traffic_state_pred__new_fuzzy_2__PEMSD4/model_cache/new_fuzzy_2_PEMSD4_epoch6.tar
2026-05-25 19:05:53,772 - INFO - Epoch [6/50] train_loss: 0.2049, val_loss: 0.2339, lr: 0.000500, 10.06s
2026-05-25 19:06:03,032 - INFO - epoch complete!
2026-05-25 19:06:03,033 - INFO - evaluating now!
2026-05-25 19:06:03,061 - INFO - epoch complete!
2026-05-25 19:06:03,061 - INFO - evaluating now!
2026-05-25 19:06:03,860 - INFO - Epoch [7/50] train_loss: 0.1629, val_loss: 0.1859, lr: 0.000500, 10.09s
2026-05-25 19:06:03,882 - INFO - Epoch [7/50] train_loss: 0.1609, val_loss: 0.1686, lr: 0.000500, 10.26s
2026-05-25 19:06:03,969 - INFO - Saved model at 7
2026-05-25 19:06:03,969 - INFO - Val loss decrease from 0.2269 to 0.1859, saving to /home/lizhuoxuan/lzq/Bigscity-LibCity-master/outputs/20260525_190426__traffic_state_pred__new_fuzzy_2__PEMSD4/model_cache/new_fuzzy_2_PEMSD4_epoch7.tar
2026-05-25 19:06:03,987 - INFO - Saved model at 7
2026-05-25 19:06:03,987 - INFO - Val loss decrease from 0.1849 to 0.1686, saving to /home/lizhuoxuan/lzq/Bigscity-LibCity-master/outputs/20260525_190426__traffic_state_pred__new_fuzzy_2__PEMSD4/model_cache/new_fuzzy_2_PEMSD4_epoch7.tar
2026-05-25 19:06:13,254 - INFO - epoch complete!
2026-05-25 19:06:13,255 - INFO - evaluating now!
2026-05-25 19:06:13,427 - INFO - epoch complete!
2026-05-25 19:06:13,427 - INFO - evaluating now!
2026-05-25 19:06:14,064 - INFO - Epoch [8/50] train_loss: 0.1536, val_loss: 0.1703, lr: 0.000500, 10.09s
2026-05-25 19:06:14,109 - INFO - Saved model at 8
2026-05-25 19:06:14,109 - INFO - Val loss decrease from 0.1859 to 0.1703, saving to /home/lizhuoxuan/lzq/Bigscity-LibCity-master/outputs/20260525_190426__traffic_state_pred__new_fuzzy_2__PEMSD4/model_cache/new_fuzzy_2_PEMSD4_epoch8.tar
2026-05-25 19:06:14,250 - INFO - Epoch [8/50] train_loss: 0.1512, val_loss: 0.1824, lr: 0.000500, 10.26s
2026-05-25 19:06:23,377 - INFO - epoch complete!
2026-05-25 19:06:23,378 - INFO - evaluating now!
2026-05-25 19:06:23,624 - INFO - epoch complete!
2026-05-25 19:06:23,624 - INFO - evaluating now!
2026-05-25 19:06:24,188 - INFO - Epoch [9/50] train_loss: 0.1456, val_loss: 0.1925, lr: 0.000500, 10.08s
2026-05-25 19:06:24,447 - INFO - Epoch [9/50] train_loss: 0.1370, val_loss: 0.1445, lr: 0.000500, 10.20s
2026-05-25 19:06:24,492 - INFO - Saved model at 9
2026-05-25 19:06:24,492 - INFO - Val loss decrease from 0.1686 to 0.1445, saving to /home/lizhuoxuan/lzq/Bigscity-LibCity-master/outputs/20260525_190426__traffic_state_pred__new_fuzzy_2__PEMSD4/model_cache/new_fuzzy_2_PEMSD4_epoch9.tar
2026-05-25 19:06:33,504 - INFO - epoch complete!
2026-05-25 19:06:33,505 - INFO - evaluating now!
2026-05-25 19:06:33,891 - INFO - epoch complete!
2026-05-25 19:06:33,891 - INFO - evaluating now!
2026-05-25 19:06:34,435 - INFO - Epoch [10/50] train_loss: 0.1296, val_loss: 0.1424, lr: 0.000500, 10.25s
2026-05-25 19:06:34,522 - INFO - Saved model at 10
2026-05-25 19:06:34,522 - INFO - Val loss decrease from 0.1703 to 0.1424, saving to /home/lizhuoxuan/lzq/Bigscity-LibCity-master/outputs/20260525_190426__traffic_state_pred__new_fuzzy_2__PEMSD4/model_cache/new_fuzzy_2_PEMSD4_epoch10.tar
2026-05-25 19:06:34,823 - INFO - Epoch [10/50] train_loss: 0.1177, val_loss: 0.1257, lr: 0.000500, 10.33s
2026-05-25 19:06:35,033 - INFO - Saved model at 10
2026-05-25 19:06:35,036 - INFO - Val loss decrease from 0.1445 to 0.1257, saving to /home/lizhuoxuan/lzq/Bigscity-LibCity-master/outputs/20260525_190426__traffic_state_pred__new_fuzzy_2__PEMSD4/model_cache/new_fuzzy_2_PEMSD4_epoch10.tar
2026-05-25 19:06:43,804 - INFO - epoch complete!
2026-05-25 19:06:43,819 - INFO - evaluating now!
2026-05-25 19:06:44,464 - INFO - epoch complete!
2026-05-25 19:06:44,464 - INFO - evaluating now!
2026-05-25 19:06:44,693 - INFO - Epoch [11/50] train_loss: 0.1133, val_loss: 0.1183, lr: 0.000500, 10.17s
2026-05-25 19:06:44,739 - INFO - Saved model at 11
2026-05-25 19:06:44,739 - INFO - Val loss decrease from 0.1424 to 0.1183, saving to /home/lizhuoxuan/lzq/Bigscity-LibCity-master/outputs/20260525_190426__traffic_state_pred__new_fuzzy_2__PEMSD4/model_cache/new_fuzzy_2_PEMSD4_epoch11.tar
2026-05-25 19:06:45,295 - INFO - Epoch [11/50] train_loss: 0.1067, val_loss: 0.1010, lr: 0.000500, 10.26s
2026-05-25 19:06:45,361 - INFO - Saved model at 11
2026-05-25 19:06:45,361 - INFO - Val loss decrease from 0.1257 to 0.1010, saving to /home/lizhuoxuan/lzq/Bigscity-LibCity-master/outputs/20260525_190426__traffic_state_pred__new_fuzzy_2__PEMSD4/model_cache/new_fuzzy_2_PEMSD4_epoch11.tar
2026-05-25 19:06:54,298 - INFO - epoch complete!
2026-05-25 19:06:54,298 - INFO - evaluating now!
2026-05-25 19:06:54,760 - INFO - epoch complete!
2026-05-25 19:06:54,761 - INFO - evaluating now!
2026-05-25 19:06:55,109 - INFO - Epoch [12/50] train_loss: 0.1057, val_loss: 0.1032, lr: 0.000500, 10.37s
2026-05-25 19:06:55,154 - INFO - Saved model at 12
2026-05-25 19:06:55,154 - INFO - Val loss decrease from 0.1183 to 0.1032, saving to /home/lizhuoxuan/lzq/Bigscity-LibCity-master/outputs/20260525_190426__traffic_state_pred__new_fuzzy_2__PEMSD4/model_cache/new_fuzzy_2_PEMSD4_epoch12.tar
2026-05-25 19:06:55,585 - INFO - Epoch [12/50] train_loss: 0.1021, val_loss: 0.0966, lr: 0.000500, 10.22s
2026-05-25 19:06:55,632 - INFO - Saved model at 12
2026-05-25 19:06:55,632 - INFO - Val loss decrease from 0.1010 to 0.0966, saving to /home/lizhuoxuan/lzq/Bigscity-LibCity-master/outputs/20260525_190426__traffic_state_pred__new_fuzzy_2__PEMSD4/model_cache/new_fuzzy_2_PEMSD4_epoch12.tar
2026-05-25 19:07:04,542 - INFO - epoch complete!
2026-05-25 19:07:04,543 - INFO - evaluating now!
2026-05-25 19:07:04,970 - INFO - epoch complete!
2026-05-25 19:07:04,971 - INFO - evaluating now!
2026-05-25 19:07:05,412 - INFO - Epoch [13/50] train_loss: 0.1008, val_loss: 0.0988, lr: 0.000500, 10.26s
2026-05-25 19:07:05,486 - INFO - Saved model at 13
2026-05-25 19:07:05,487 - INFO - Val loss decrease from 0.1032 to 0.0988, saving to /home/lizhuoxuan/lzq/Bigscity-LibCity-master/outputs/20260525_190426__traffic_state_pred__new_fuzzy_2__PEMSD4/model_cache/new_fuzzy_2_PEMSD4_epoch13.tar
2026-05-25 19:07:05,830 - INFO - Epoch [13/50] train_loss: 0.0974, val_loss: 0.0914, lr: 0.000500, 10.20s
2026-05-25 19:07:06,052 - INFO - Saved model at 13
2026-05-25 19:07:06,052 - INFO - Val loss decrease from 0.0966 to 0.0914, saving to /home/lizhuoxuan/lzq/Bigscity-LibCity-master/outputs/20260525_190426__traffic_state_pred__new_fuzzy_2__PEMSD4/model_cache/new_fuzzy_2_PEMSD4_epoch13.tar
2026-05-25 19:07:14,713 - INFO - epoch complete!
2026-05-25 19:07:14,714 - INFO - evaluating now!
2026-05-25 19:07:15,515 - INFO - epoch complete!
2026-05-25 19:07:15,516 - INFO - evaluating now!
2026-05-25 19:07:15,523 - INFO - Epoch [14/50] train_loss: 0.0959, val_loss: 0.0959, lr: 0.000500, 10.04s
2026-05-25 19:07:15,569 - INFO - Saved model at 14
2026-05-25 19:07:15,569 - INFO - Val loss decrease from 0.0988 to 0.0959, saving to /home/lizhuoxuan/lzq/Bigscity-LibCity-master/outputs/20260525_190426__traffic_state_pred__new_fuzzy_2__PEMSD4/model_cache/new_fuzzy_2_PEMSD4_epoch14.tar
2026-05-25 19:07:16,339 - INFO - Epoch [14/50] train_loss: 0.0940, val_loss: 0.0907, lr: 0.000500, 10.29s
2026-05-25 19:07:16,459 - INFO - Saved model at 14
2026-05-25 19:07:16,460 - INFO - Val loss decrease from 0.0914 to 0.0907, saving to /home/lizhuoxuan/lzq/Bigscity-LibCity-master/outputs/20260525_190426__traffic_state_pred__new_fuzzy_2__PEMSD4/model_cache/new_fuzzy_2_PEMSD4_epoch14.tar
2026-05-25 19:07:24,875 - INFO - epoch complete!
2026-05-25 19:07:24,876 - INFO - evaluating now!
2026-05-25 19:07:25,684 - INFO - Epoch [15/50] train_loss: 0.0933, val_loss: 0.0920, lr: 0.000500, 10.11s
2026-05-25 19:07:25,728 - INFO - Saved model at 15
2026-05-25 19:07:25,729 - INFO - Val loss decrease from 0.0959 to 0.0920, saving to /home/lizhuoxuan/lzq/Bigscity-LibCity-master/outputs/20260525_190426__traffic_state_pred__new_fuzzy_2__PEMSD4/model_cache/new_fuzzy_2_PEMSD4_epoch15.tar
2026-05-25 19:07:25,908 - INFO - epoch complete!
2026-05-25 19:07:25,908 - INFO - evaluating now!
2026-05-25 19:07:26,728 - INFO - Epoch [15/50] train_loss: 0.0939, val_loss: 0.0868, lr: 0.000500, 10.27s
2026-05-25 19:07:26,840 - INFO - Saved model at 15
2026-05-25 19:07:26,844 - INFO - Val loss decrease from 0.0907 to 0.0868, saving to /home/lizhuoxuan/lzq/Bigscity-LibCity-master/outputs/20260525_190426__traffic_state_pred__new_fuzzy_2__PEMSD4/model_cache/new_fuzzy_2_PEMSD4_epoch15.tar
2026-05-25 19:07:35,059 - INFO - epoch complete!
2026-05-25 19:07:35,060 - INFO - evaluating now!
2026-05-25 19:07:35,932 - INFO - Epoch [16/50] train_loss: 0.0931, val_loss: 0.1008, lr: 0.000500, 10.20s
2026-05-25 19:07:36,355 - INFO - epoch complete!
2026-05-25 19:07:36,356 - INFO - evaluating now!
2026-05-25 19:07:37,189 - INFO - Epoch [16/50] train_loss: 0.0915, val_loss: 0.0876, lr: 0.000500, 10.34s
2026-05-25 19:07:45,357 - INFO - epoch complete!
2026-05-25 19:07:45,358 - INFO - evaluating now!
2026-05-25 19:07:46,169 - INFO - Epoch [17/50] train_loss: 0.0894, val_loss: 0.0884, lr: 0.000500, 10.24s
2026-05-25 19:07:46,215 - INFO - Saved model at 17
2026-05-25 19:07:46,215 - INFO - Val loss decrease from 0.0920 to 0.0884, saving to /home/lizhuoxuan/lzq/Bigscity-LibCity-master/outputs/20260525_190426__traffic_state_pred__new_fuzzy_2__PEMSD4/model_cache/new_fuzzy_2_PEMSD4_epoch17.tar
2026-05-25 19:07:46,745 - INFO - epoch complete!
2026-05-25 19:07:46,749 - INFO - evaluating now!
2026-05-25 19:07:47,591 - INFO - Epoch [17/50] train_loss: 0.0905, val_loss: 0.0919, lr: 0.000500, 10.40s
2026-05-25 19:07:55,568 - INFO - epoch complete!
2026-05-25 19:07:55,568 - INFO - evaluating now!
2026-05-25 19:07:56,382 - INFO - Epoch [18/50] train_loss: 0.0884, val_loss: 0.0928, lr: 0.000500, 10.17s
2026-05-25 19:07:57,137 - INFO - epoch complete!
2026-05-25 19:07:57,137 - INFO - evaluating now!
2026-05-25 19:07:57,972 - INFO - Epoch [18/50] train_loss: 0.0888, val_loss: 0.0856, lr: 0.000500, 10.38s
2026-05-25 19:07:58,018 - INFO - Saved model at 18
2026-05-25 19:07:58,018 - INFO - Val loss decrease from 0.0868 to 0.0856, saving to /home/lizhuoxuan/lzq/Bigscity-LibCity-master/outputs/20260525_190426__traffic_state_pred__new_fuzzy_2__PEMSD4/model_cache/new_fuzzy_2_PEMSD4_epoch18.tar
2026-05-25 19:08:05,771 - INFO - epoch complete!
2026-05-25 19:08:05,772 - INFO - evaluating now!
2026-05-25 19:08:06,654 - INFO - Epoch [19/50] train_loss: 0.0890, val_loss: 0.0867, lr: 0.000500, 10.27s
2026-05-25 19:08:06,700 - INFO - Saved model at 19
2026-05-25 19:08:06,700 - INFO - Val loss decrease from 0.0884 to 0.0867, saving to /home/lizhuoxuan/lzq/Bigscity-LibCity-master/outputs/20260525_190426__traffic_state_pred__new_fuzzy_2__PEMSD4/model_cache/new_fuzzy_2_PEMSD4_epoch19.tar
2026-05-25 19:08:07,574 - INFO - epoch complete!
2026-05-25 19:08:07,575 - INFO - evaluating now!
2026-05-25 19:08:08,397 - INFO - Epoch [19/50] train_loss: 0.0882, val_loss: 0.0889, lr: 0.000500, 10.38s
2026-05-25 19:08:16,046 - INFO - epoch complete!
2026-05-25 19:08:16,046 - INFO - evaluating now!
2026-05-25 19:08:16,859 - INFO - Epoch [20/50] train_loss: 0.0871, val_loss: 0.0846, lr: 0.000500, 10.16s
2026-05-25 19:08:16,904 - INFO - Saved model at 20
2026-05-25 19:08:16,904 - INFO - Val loss decrease from 0.0867 to 0.0846, saving to /home/lizhuoxuan/lzq/Bigscity-LibCity-master/outputs/20260525_190426__traffic_state_pred__new_fuzzy_2__PEMSD4/model_cache/new_fuzzy_2_PEMSD4_epoch20.tar
2026-05-25 19:08:18,063 - INFO - epoch complete!
2026-05-25 19:08:18,064 - INFO - evaluating now!
2026-05-25 19:08:18,892 - INFO - Epoch [20/50] train_loss: 0.0884, val_loss: 0.0969, lr: 0.000500, 10.49s
2026-05-25 19:08:26,287 - INFO - epoch complete!
2026-05-25 19:08:26,288 - INFO - evaluating now!
2026-05-25 19:08:27,096 - INFO - Epoch [21/50] train_loss: 0.0857, val_loss: 0.0854, lr: 0.000500, 10.19s
2026-05-25 19:08:28,401 - INFO - epoch complete!
2026-05-25 19:08:28,401 - INFO - evaluating now!
2026-05-25 19:08:29,225 - INFO - Epoch [21/50] train_loss: 0.0872, val_loss: 0.0822, lr: 0.000500, 10.33s
2026-05-25 19:08:29,268 - INFO - Saved model at 21
2026-05-25 19:08:29,269 - INFO - Val loss decrease from 0.0856 to 0.0822, saving to /home/lizhuoxuan/lzq/Bigscity-LibCity-master/outputs/20260525_190426__traffic_state_pred__new_fuzzy_2__PEMSD4/model_cache/new_fuzzy_2_PEMSD4_epoch21.tar
2026-05-25 19:08:36,427 - INFO - epoch complete!
2026-05-25 19:08:36,427 - INFO - evaluating now!
2026-05-25 19:08:37,246 - INFO - Epoch [22/50] train_loss: 0.0855, val_loss: 0.0843, lr: 0.000500, 10.15s
2026-05-25 19:08:37,291 - INFO - Saved model at 22
2026-05-25 19:08:37,291 - INFO - Val loss decrease from 0.0846 to 0.0843, saving to /home/lizhuoxuan/lzq/Bigscity-LibCity-master/outputs/20260525_190426__traffic_state_pred__new_fuzzy_2__PEMSD4/model_cache/new_fuzzy_2_PEMSD4_epoch22.tar
2026-05-25 19:08:38,837 - INFO - epoch complete!
2026-05-25 19:08:38,838 - INFO - evaluating now!
2026-05-25 19:08:39,671 - INFO - Epoch [22/50] train_loss: 0.0854, val_loss: 0.0814, lr: 0.000500, 10.40s
2026-05-25 19:08:39,931 - INFO - Saved model at 22
2026-05-25 19:08:39,931 - INFO - Val loss decrease from 0.0822 to 0.0814, saving to /home/lizhuoxuan/lzq/Bigscity-LibCity-master/outputs/20260525_190426__traffic_state_pred__new_fuzzy_2__PEMSD4/model_cache/new_fuzzy_2_PEMSD4_epoch22.tar
2026-05-25 19:08:46,477 - INFO - epoch complete!
2026-05-25 19:08:46,477 - INFO - evaluating now!
2026-05-25 19:08:47,283 - INFO - Epoch [23/50] train_loss: 0.0854, val_loss: 0.0870, lr: 0.000500, 9.99s
2026-05-25 19:08:49,412 - INFO - epoch complete!
2026-05-25 19:08:49,413 - INFO - evaluating now!
2026-05-25 19:08:50,256 - INFO - Epoch [23/50] train_loss: 0.0832, val_loss: 0.0812, lr: 0.000500, 10.32s
2026-05-25 19:08:50,303 - INFO - Saved model at 23
2026-05-25 19:08:50,303 - INFO - Val loss decrease from 0.0814 to 0.0812, saving to /home/lizhuoxuan/lzq/Bigscity-LibCity-master/outputs/20260525_190426__traffic_state_pred__new_fuzzy_2__PEMSD4/model_cache/new_fuzzy_2_PEMSD4_epoch23.tar
2026-05-25 19:08:56,613 - INFO - epoch complete!
2026-05-25 19:08:56,613 - INFO - evaluating now!
2026-05-25 19:08:57,451 - INFO - Epoch [24/50] train_loss: 0.0851, val_loss: 0.0828, lr: 0.000500, 10.17s
2026-05-25 19:08:57,497 - INFO - Saved model at 24
2026-05-25 19:08:57,498 - INFO - Val loss decrease from 0.0843 to 0.0828, saving to /home/lizhuoxuan/lzq/Bigscity-LibCity-master/outputs/20260525_190426__traffic_state_pred__new_fuzzy_2__PEMSD4/model_cache/new_fuzzy_2_PEMSD4_epoch24.tar
2026-05-25 19:09:00,028 - INFO - epoch complete!
2026-05-25 19:09:00,028 - INFO - evaluating now!
2026-05-25 19:09:00,852 - INFO - Epoch [24/50] train_loss: 0.0832, val_loss: 0.0805, lr: 0.000500, 10.55s
2026-05-25 19:09:00,913 - INFO - Saved model at 24
2026-05-25 19:09:00,914 - INFO - Val loss decrease from 0.0812 to 0.0805, saving to /home/lizhuoxuan/lzq/Bigscity-LibCity-master/outputs/20260525_190426__traffic_state_pred__new_fuzzy_2__PEMSD4/model_cache/new_fuzzy_2_PEMSD4_epoch24.tar
2026-05-25 19:09:06,853 - INFO - epoch complete!
2026-05-25 19:09:06,853 - INFO - evaluating now!
2026-05-25 19:09:07,671 - INFO - Epoch [25/50] train_loss: 0.0839, val_loss: 0.0818, lr: 0.000500, 10.17s
2026-05-25 19:09:07,715 - INFO - Saved model at 25
2026-05-25 19:09:07,716 - INFO - Val loss decrease from 0.0828 to 0.0818, saving to /home/lizhuoxuan/lzq/Bigscity-LibCity-master/outputs/20260525_190426__traffic_state_pred__new_fuzzy_2__PEMSD4/model_cache/new_fuzzy_2_PEMSD4_epoch25.tar
2026-05-25 19:09:10,576 - INFO - epoch complete!
2026-05-25 19:09:10,577 - INFO - evaluating now!
2026-05-25 19:09:11,412 - INFO - Epoch [25/50] train_loss: 0.0822, val_loss: 0.0807, lr: 0.000500, 10.50s
2026-05-25 19:09:16,958 - INFO - epoch complete!
2026-05-25 19:09:16,959 - INFO - evaluating now!
2026-05-25 19:09:17,766 - INFO - Epoch [26/50] train_loss: 0.0832, val_loss: 0.0826, lr: 0.000500, 10.05s
2026-05-25 19:09:21,113 - INFO - epoch complete!
2026-05-25 19:09:21,114 - INFO - evaluating now!
2026-05-25 19:09:22,000 - INFO - Epoch [26/50] train_loss: 0.0821, val_loss: 0.0789, lr: 0.000500, 10.59s
2026-05-25 19:09:22,046 - INFO - Saved model at 26
2026-05-25 19:09:22,046 - INFO - Val loss decrease from 0.0805 to 0.0789, saving to /home/lizhuoxuan/lzq/Bigscity-LibCity-master/outputs/20260525_190426__traffic_state_pred__new_fuzzy_2__PEMSD4/model_cache/new_fuzzy_2_PEMSD4_epoch26.tar
2026-05-25 19:09:27,224 - INFO - epoch complete!
2026-05-25 19:09:27,225 - INFO - evaluating now!
2026-05-25 19:09:28,062 - INFO - Epoch [27/50] train_loss: 0.0831, val_loss: 0.0817, lr: 0.000500, 10.29s
2026-05-25 19:09:28,109 - INFO - Saved model at 27
2026-05-25 19:09:28,109 - INFO - Val loss decrease from 0.0818 to 0.0817, saving to /home/lizhuoxuan/lzq/Bigscity-LibCity-master/outputs/20260525_190426__traffic_state_pred__new_fuzzy_2__PEMSD4/model_cache/new_fuzzy_2_PEMSD4_epoch27.tar
2026-05-25 19:09:31,795 - INFO - epoch complete!
2026-05-25 19:09:31,795 - INFO - evaluating now!
2026-05-25 19:09:32,626 - INFO - Epoch [27/50] train_loss: 0.0811, val_loss: 0.0792, lr: 0.000500, 10.58s
2026-05-25 19:09:37,683 - INFO - epoch complete!
2026-05-25 19:09:37,684 - INFO - evaluating now!
2026-05-25 19:09:38,492 - INFO - Epoch [28/50] train_loss: 0.0826, val_loss: 0.0806, lr: 0.000500, 10.38s
2026-05-25 19:09:38,543 - INFO - Saved model at 28
2026-05-25 19:09:38,543 - INFO - Val loss decrease from 0.0817 to 0.0806, saving to /home/lizhuoxuan/lzq/Bigscity-LibCity-master/outputs/20260525_190426__traffic_state_pred__new_fuzzy_2__PEMSD4/model_cache/new_fuzzy_2_PEMSD4_epoch28.tar
2026-05-25 19:09:42,292 - INFO - epoch complete!
2026-05-25 19:09:42,292 - INFO - evaluating now!
2026-05-25 19:09:43,138 - INFO - Epoch [28/50] train_loss: 0.0804, val_loss: 0.0786, lr: 0.000500, 10.51s
2026-05-25 19:09:43,289 - INFO - Saved model at 28
2026-05-25 19:09:43,290 - INFO - Val loss decrease from 0.0789 to 0.0786, saving to /home/lizhuoxuan/lzq/Bigscity-LibCity-master/outputs/20260525_190426__traffic_state_pred__new_fuzzy_2__PEMSD4/model_cache/new_fuzzy_2_PEMSD4_epoch28.tar
2026-05-25 19:09:47,823 - INFO - epoch complete!
2026-05-25 19:09:47,824 - INFO - evaluating now!
2026-05-25 19:09:48,737 - INFO - Epoch [29/50] train_loss: 0.0819, val_loss: 0.0810, lr: 0.000500, 10.19s
2026-05-25 19:09:52,898 - INFO - epoch complete!
2026-05-25 19:09:52,899 - INFO - evaluating now!
2026-05-25 19:09:53,743 - INFO - Epoch [29/50] train_loss: 0.0803, val_loss: 0.0815, lr: 0.000500, 10.45s
2026-05-25 19:09:58,131 - INFO - epoch complete!
2026-05-25 19:09:58,132 - INFO - evaluating now!
2026-05-25 19:09:58,939 - INFO - Epoch [30/50] train_loss: 0.0817, val_loss: 0.0832, lr: 0.000500, 10.20s
2026-05-25 19:10:03,544 - INFO - epoch complete!
2026-05-25 19:10:03,545 - INFO - evaluating now!
2026-05-25 19:10:04,451 - INFO - Epoch [30/50] train_loss: 0.0806, val_loss: 0.0805, lr: 0.000500, 10.71s
2026-05-25 19:10:08,418 - INFO - epoch complete!
2026-05-25 19:10:08,418 - INFO - evaluating now!
2026-05-25 19:10:09,233 - INFO - Epoch [31/50] train_loss: 0.0802, val_loss: 0.0807, lr: 0.000500, 10.29s
2026-05-25 19:10:14,077 - INFO - epoch complete!
2026-05-25 19:10:14,077 - INFO - evaluating now!
2026-05-25 19:10:14,923 - INFO - Epoch [31/50] train_loss: 0.0818, val_loss: 0.0791, lr: 0.000500, 10.47s
2026-05-25 19:10:18,502 - INFO - epoch complete!
2026-05-25 19:10:18,503 - INFO - evaluating now!
2026-05-25 19:10:19,315 - INFO - Epoch [32/50] train_loss: 0.0813, val_loss: 0.0810, lr: 0.000500, 10.08s
2026-05-25 19:10:24,532 - INFO - epoch complete!
2026-05-25 19:10:24,532 - INFO - evaluating now!
2026-05-25 19:10:25,365 - INFO - Epoch [32/50] train_loss: 0.0795, val_loss: 0.0776, lr: 0.000500, 10.44s
2026-05-25 19:10:25,410 - INFO - Saved model at 32
2026-05-25 19:10:25,410 - INFO - Val loss decrease from 0.0786 to 0.0776, saving to /home/lizhuoxuan/lzq/Bigscity-LibCity-master/outputs/20260525_190426__traffic_state_pred__new_fuzzy_2__PEMSD4/model_cache/new_fuzzy_2_PEMSD4_epoch32.tar
2026-05-25 19:10:28,603 - INFO - epoch complete!
2026-05-25 19:10:28,603 - INFO - evaluating now!
2026-05-25 19:10:29,412 - INFO - Epoch [33/50] train_loss: 0.0804, val_loss: 0.0800, lr: 0.000500, 10.10s
2026-05-25 19:10:29,456 - INFO - Saved model at 33
2026-05-25 19:10:29,456 - INFO - Val loss decrease from 0.0806 to 0.0800, saving to /home/lizhuoxuan/lzq/Bigscity-LibCity-master/outputs/20260525_190426__traffic_state_pred__new_fuzzy_2__PEMSD4/model_cache/new_fuzzy_2_PEMSD4_epoch33.tar
2026-05-25 19:10:34,978 - INFO - epoch complete!
2026-05-25 19:10:34,978 - INFO - evaluating now!
2026-05-25 19:10:35,839 - INFO - Epoch [33/50] train_loss: 0.0791, val_loss: 0.0820, lr: 0.000500, 10.43s
2026-05-25 19:10:38,719 - INFO - epoch complete!
2026-05-25 19:10:38,720 - INFO - evaluating now!
2026-05-25 19:10:39,544 - INFO - Epoch [34/50] train_loss: 0.0804, val_loss: 0.0792, lr: 0.000500, 10.09s
2026-05-25 19:10:39,589 - INFO - Saved model at 34
2026-05-25 19:10:39,589 - INFO - Val loss decrease from 0.0800 to 0.0792, saving to /home/lizhuoxuan/lzq/Bigscity-LibCity-master/outputs/20260525_190426__traffic_state_pred__new_fuzzy_2__PEMSD4/model_cache/new_fuzzy_2_PEMSD4_epoch34.tar
2026-05-25 19:10:45,445 - INFO - epoch complete!
2026-05-25 19:10:45,446 - INFO - evaluating now!
2026-05-25 19:10:46,308 - INFO - Epoch [34/50] train_loss: 0.0786, val_loss: 0.0793, lr: 0.000500, 10.47s
2026-05-25 19:10:48,814 - INFO - epoch complete!
2026-05-25 19:10:48,814 - INFO - evaluating now!
2026-05-25 19:10:49,620 - INFO - Epoch [35/50] train_loss: 0.0794, val_loss: 0.0806, lr: 0.000500, 10.03s
2026-05-25 19:10:56,061 - INFO - epoch complete!
2026-05-25 19:10:56,061 - INFO - evaluating now!
2026-05-25 19:10:56,905 - INFO - Epoch [35/50] train_loss: 0.0785, val_loss: 0.0771, lr: 0.000500, 10.60s
2026-05-25 19:10:56,950 - INFO - Saved model at 35
2026-05-25 19:10:56,951 - INFO - Val loss decrease from 0.0776 to 0.0771, saving to /home/lizhuoxuan/lzq/Bigscity-LibCity-master/outputs/20260525_190426__traffic_state_pred__new_fuzzy_2__PEMSD4/model_cache/new_fuzzy_2_PEMSD4_epoch35.tar
2026-05-25 19:10:58,981 - INFO - epoch complete!
2026-05-25 19:10:58,982 - INFO - evaluating now!
2026-05-25 19:10:59,797 - INFO - Epoch [36/50] train_loss: 0.0795, val_loss: 0.0790, lr: 0.000500, 10.18s
2026-05-25 19:10:59,841 - INFO - Saved model at 36
2026-05-25 19:10:59,841 - INFO - Val loss decrease from 0.0792 to 0.0790, saving to /home/lizhuoxuan/lzq/Bigscity-LibCity-master/outputs/20260525_190426__traffic_state_pred__new_fuzzy_2__PEMSD4/model_cache/new_fuzzy_2_PEMSD4_epoch36.tar
2026-05-25 19:11:06,558 - INFO - epoch complete!
2026-05-25 19:11:06,559 - INFO - evaluating now!
2026-05-25 19:11:07,447 - INFO - Epoch [36/50] train_loss: 0.0786, val_loss: 0.0797, lr: 0.000500, 10.50s
2026-05-25 19:11:09,105 - INFO - epoch complete!
2026-05-25 19:11:09,105 - INFO - evaluating now!
2026-05-25 19:11:09,915 - INFO - Epoch [37/50] train_loss: 0.0787, val_loss: 0.0806, lr: 0.000500, 10.07s
2026-05-25 19:11:17,165 - INFO - epoch complete!
2026-05-25 19:11:17,165 - INFO - evaluating now!
2026-05-25 19:11:17,993 - INFO - Epoch [37/50] train_loss: 0.0783, val_loss: 0.0778, lr: 0.000500, 10.55s
2026-05-25 19:11:19,482 - INFO - epoch complete!
2026-05-25 19:11:19,483 - INFO - evaluating now!
2026-05-25 19:11:20,289 - INFO - Epoch [38/50] train_loss: 0.0786, val_loss: 0.0791, lr: 0.000500, 10.37s
2026-05-25 19:11:27,598 - INFO - epoch complete!
2026-05-25 19:11:27,599 - INFO - evaluating now!
2026-05-25 19:11:28,424 - INFO - Epoch [38/50] train_loss: 0.0782, val_loss: 0.0778, lr: 0.000500, 10.43s
2026-05-25 19:11:29,550 - INFO - epoch complete!
2026-05-25 19:11:29,550 - INFO - evaluating now!
2026-05-25 19:11:30,355 - INFO - Epoch [39/50] train_loss: 0.0789, val_loss: 0.0843, lr: 0.000500, 10.07s
2026-05-25 19:11:38,075 - INFO - epoch complete!
2026-05-25 19:11:38,075 - INFO - evaluating now!
2026-05-25 19:11:38,928 - INFO - Epoch [39/50] train_loss: 0.0778, val_loss: 0.0780, lr: 0.000500, 10.50s
2026-05-25 19:11:39,570 - INFO - epoch complete!
2026-05-25 19:11:39,570 - INFO - evaluating now!
2026-05-25 19:11:40,385 - INFO - Epoch [40/50] train_loss: 0.0787, val_loss: 0.0795, lr: 0.000500, 10.03s
2026-05-25 19:11:48,567 - INFO - epoch complete!
2026-05-25 19:11:48,567 - INFO - evaluating now!
2026-05-25 19:11:49,394 - INFO - Epoch [40/50] train_loss: 0.0787, val_loss: 0.0802, lr: 0.000500, 10.47s
2026-05-25 19:11:49,608 - INFO - epoch complete!
2026-05-25 19:11:49,608 - INFO - evaluating now!
2026-05-25 19:11:50,418 - INFO - Epoch [41/50] train_loss: 0.0785, val_loss: 0.0792, lr: 0.000500, 10.03s
2026-05-25 19:11:59,070 - INFO - epoch complete!
2026-05-25 19:11:59,071 - INFO - evaluating now!
2026-05-25 19:11:59,740 - INFO - epoch complete!
2026-05-25 19:11:59,741 - INFO - evaluating now!
2026-05-25 19:11:59,916 - INFO - Epoch [41/50] train_loss: 0.0769, val_loss: 0.0775, lr: 0.000250, 10.52s
2026-05-25 19:12:00,556 - INFO - Epoch [42/50] train_loss: 0.0785, val_loss: 0.0774, lr: 0.000500, 10.14s
2026-05-25 19:12:00,599 - INFO - Saved model at 42
2026-05-25 19:12:00,600 - INFO - Val loss decrease from 0.0790 to 0.0774, saving to /home/lizhuoxuan/lzq/Bigscity-LibCity-master/outputs/20260525_190426__traffic_state_pred__new_fuzzy_2__PEMSD4/model_cache/new_fuzzy_2_PEMSD4_epoch42.tar
2026-05-25 19:12:09,481 - INFO - epoch complete!
2026-05-25 19:12:09,482 - INFO - evaluating now!
2026-05-25 19:12:09,939 - INFO - epoch complete!
2026-05-25 19:12:09,940 - INFO - evaluating now!
2026-05-25 19:12:10,344 - INFO - Epoch [42/50] train_loss: 0.0766, val_loss: 0.0777, lr: 0.000250, 10.43s
2026-05-25 19:12:10,755 - INFO - Epoch [43/50] train_loss: 0.0781, val_loss: 0.0781, lr: 0.000500, 10.16s
2026-05-25 19:12:20,113 - INFO - epoch complete!
2026-05-25 19:12:20,114 - INFO - evaluating now!
2026-05-25 19:12:20,348 - INFO - epoch complete!
2026-05-25 19:12:20,348 - INFO - evaluating now!
2026-05-25 19:12:20,942 - INFO - Epoch [44/50] train_loss: 0.0769, val_loss: 0.0778, lr: 0.000500, 10.19s
2026-05-25 19:12:21,211 - INFO - Epoch [43/50] train_loss: 0.0763, val_loss: 0.0779, lr: 0.000250, 10.87s
2026-05-25 19:12:30,561 - INFO - epoch complete!
2026-05-25 19:12:30,565 - INFO - evaluating now!
2026-05-25 19:12:31,153 - INFO - epoch complete!
2026-05-25 19:12:31,154 - INFO - evaluating now!
2026-05-25 19:12:31,481 - INFO - Epoch [45/50] train_loss: 0.0766, val_loss: 0.0775, lr: 0.000500, 10.54s
2026-05-25 19:12:31,985 - INFO - Epoch [44/50] train_loss: 0.0770, val_loss: 0.0762, lr: 0.000250, 10.77s
2026-05-25 19:12:32,029 - INFO - Saved model at 44
2026-05-25 19:12:32,030 - INFO - Val loss decrease from 0.0771 to 0.0762, saving to /home/lizhuoxuan/lzq/Bigscity-LibCity-master/outputs/20260525_190426__traffic_state_pred__new_fuzzy_2__PEMSD4/model_cache/new_fuzzy_2_PEMSD4_epoch44.tar
2026-05-25 19:12:41,001 - INFO - epoch complete!
2026-05-25 19:12:41,002 - INFO - evaluating now!
2026-05-25 19:12:41,695 - INFO - epoch complete!
2026-05-25 19:12:41,695 - INFO - evaluating now!
2026-05-25 19:12:41,822 - INFO - Epoch [46/50] train_loss: 0.0773, val_loss: 0.0779, lr: 0.000500, 10.34s
2026-05-25 19:12:42,561 - INFO - Epoch [45/50] train_loss: 0.0770, val_loss: 0.0772, lr: 0.000250, 10.53s
2026-05-25 19:12:51,227 - INFO - epoch complete!
2026-05-25 19:12:51,231 - INFO - evaluating now!
2026-05-25 19:12:52,199 - INFO - Epoch [47/50] train_loss: 0.0770, val_loss: 0.0790, lr: 0.000500, 10.38s
2026-05-25 19:12:52,222 - INFO - epoch complete!
2026-05-25 19:12:52,223 - INFO - evaluating now!
2026-05-25 19:12:53,085 - INFO - Epoch [46/50] train_loss: 0.0761, val_loss: 0.0772, lr: 0.000250, 10.52s
2026-05-25 19:13:01,604 - INFO - epoch complete!
2026-05-25 19:13:01,605 - INFO - evaluating now!
2026-05-25 19:13:02,417 - INFO - Epoch [48/50] train_loss: 0.0771, val_loss: 0.0776, lr: 0.000250, 10.22s
2026-05-25 19:13:02,682 - INFO - epoch complete!
2026-05-25 19:13:02,683 - INFO - evaluating now!
2026-05-25 19:13:03,520 - INFO - Epoch [47/50] train_loss: 0.0766, val_loss: 0.0766, lr: 0.000250, 10.43s
2026-05-25 19:13:11,799 - INFO - epoch complete!
2026-05-25 19:13:11,799 - INFO - evaluating now!
2026-05-25 19:13:12,611 - INFO - Epoch [49/50] train_loss: 0.0763, val_loss: 0.0773, lr: 0.000250, 10.19s
2026-05-25 19:13:12,655 - INFO - Saved model at 49
2026-05-25 19:13:12,656 - INFO - Val loss decrease from 0.0774 to 0.0773, saving to /home/lizhuoxuan/lzq/Bigscity-LibCity-master/outputs/20260525_190426__traffic_state_pred__new_fuzzy_2__PEMSD4/model_cache/new_fuzzy_2_PEMSD4_epoch49.tar
2026-05-25 19:13:12,656 - INFO - Trained totally 50 epochs, average train time is 9.367s, average eval time is 0.831s
2026-05-25 19:13:12,769 - INFO - Loaded model at 49
2026-05-25 19:13:12,770 - INFO - Start evaluating ...
2026-05-25 19:13:13,175 - INFO - epoch complete!
2026-05-25 19:13:13,175 - INFO - evaluating now!
2026-05-25 19:13:14,013 - INFO - Epoch [48/50] train_loss: 0.0762, val_loss: 0.0767, lr: 0.000250, 10.49s
2026-05-25 19:13:23,674 - INFO - epoch complete!
2026-05-25 19:13:23,674 - INFO - evaluating now!
2026-05-25 19:13:24,524 - INFO - Epoch [49/50] train_loss: 0.0761, val_loss: 0.0765, lr: 0.000250, 10.51s
2026-05-25 19:13:24,524 - INFO - Trained totally 50 epochs, average train time is 9.590s, average eval time is 0.842s
2026-05-25 19:13:24,636 - INFO - Loaded model at 44
2026-05-25 19:13:24,636 - INFO - Saved model at /home/lizhuoxuan/lzq/Bigscity-LibCity-master/outputs/20260525_190426__traffic_state_pred__new_fuzzy_2__PEMSD4/model_cache/new_fuzzy_2_PEMSD4.m
2026-05-25 19:13:24,683 - INFO - Start evaluating ...
2026-05-25 19:14:08,424 - INFO - Note that you select the single mode to evaluate!
2026-05-25 19:14:08,430 - INFO - Evaluate result is saved at /home/lizhuoxuan/lzq/Bigscity-LibCity-master/outputs/20260525_190426__traffic_state_pred__new_fuzzy_2__PEMSD4/evaluate_cache/2026_05_25_19_14_08_new_fuzzy_2_PEMSD4.csv
2026-05-25 19:14:08,445 - INFO - 
          MAE      MAPE         MSE  ...  masked_RMSE        R2      EVAR
1    7.708250  2.868728  316.216034  ...    17.668489  0.981013  0.981018
2    7.997209  2.802209  343.938263  ...    18.417049  0.979348  0.979354
3    8.273841  2.765550  369.786682  ...    19.098103  0.977797  0.977802
4    8.519751  2.736485  393.632935  ...    19.700565  0.976365  0.976371
5    8.768191  2.755083  417.841187  ...    20.302040  0.974912  0.974918
6    9.031658  2.785163  444.135803  ...    20.930061  0.973333  0.973343
7    9.318844  2.866639  472.441986  ...    21.593369  0.971634  0.971648
8    9.595901  2.933052  501.626343  ...    22.250172  0.969882  0.969899
9    9.855559  2.979554  530.039612  ...    22.876129  0.968176  0.968197
10  10.100818  3.012645  557.988464  ...    23.471375  0.966498  0.966523
11  10.361945  3.034837  587.175354  ...    24.081509  0.964746  0.964773
12  10.684646  3.088317  625.112854  ...    24.851427  0.962468  0.962496

[12 rows x 10 columns]
