2026-05-13 15:43:02,878 - INFO - Log directory: /home/lizhuoxuan/lzq/Bigscity-LibCity-master/outputs/20260513_154302__traffic_state_pred__new_diffusion_fuzzy_2__PEMSD4/logs
2026-05-13 15:43:02,879 - INFO - Begin artifact training pipeline, task=traffic_state_pred, model_name=new_diffusion_fuzzy_2, dataset_name=PEMSD4, exp_id=20260513_154302__traffic_state_pred__new_diffusion_fuzzy_2__PEMSD4
2026-05-13 15:43:02,879 - INFO - {'task': 'traffic_state_pred', 'model': 'new_diffusion_fuzzy_2', 'dataset': 'PEMSD4', 'saved_model': True, 'train': True, 'seed': 42, 'train_rate': 0.6, 'eval_rate': 0.2, 'batch_size': 32, 'learning_rate': 0.001, 'max_epoch': 10, 'dataset_class': 'TrafficStatePointDataset', 'executor': 'DiffusionTrafficStateExecutor', 'evaluator': 'TrafficStateEvaluator', 'adaptive_graph_blend_init': 0.5, 'adaptive_graph_embed_dim': 32, 'adaptive_graph_topk': 12, 'beta_end': 0.01, 'beta_start': 0.0001, 'calculate_weight_adj': False, 'data_col': ['traffic_flow', 'traffic_occupancy', 'traffic_speed'], 'data_files': ['PEMSD4'], 'ddim_eta': 0, 'denoiser_layers': 4, 'device': device(type='cuda', index=0), 'diffusion_schedule': 'linear', 'diffusion_steps': 200, 'disturb_rate': 0.5, 'dropout': 0.1, 'dyna': {'including_types': ['state'], 'state': {'entity_id': 'geo_id', 'traffic_flow': 'num', 'traffic_occupancy': 'num', 'traffic_speed': 'num'}}, 'encoder_layers': 2, 'eval_batch_size': 32, 'evaluator_mode': 'single', 'ffn_hidden_dim': 256, 'flow_conservation_coeff': 1, 'fuzzy_conservation_temperature': 8, 'fuzzy_conservation_threshold': 0.6, 'fuzzy_graph_num_sets': 3, 'fuzzy_graph_sigma_init': 0.7, 'geo': {'including_types': ['Point'], 'Point': {}}, 'geo_file': 'PEMSD4', 'graph_k_hop': 2, 'hidden_dim': 128, 'init_weight_inf_or_zero': 'zero', 'is_distributed': True, 'metrics': ['MAE', 'MAPE', 'MSE', 'RMSE', 'masked_MAE', 'masked_MAPE', 'masked_MSE', 'masked_RMSE', 'R2', 'EVAR'], 'noise_SD': [10], 'noise_mean': [5], 'noise_type': 'gaussian', 'num_heads': 4, 'num_prediction_samples': 1, 'num_sampling_steps': 50, 'num_workers': 0, 'output_dim': 3, 'pad_with_last_sample': True, 'physics_channel_idx': 0, 'physics_loss_weight': 0, 'physics_warmup_mode': 'linear', 'physics_warmup_start_ratio': 0.2, 'physics_warmup_steps': 3000, 'prediction_clamp_max': 3, 'prediction_clamp_min': -3, 'rank': 0, 'rel': {'including_types': ['geo'], 'geo': {'cost': 'num'}}, 'rel_file': 'PEMSD4', 'robustness_test': False, 'sampling_method': 'ddim', 'save_mode': ['csv'], 'scale_lr': False, 'set_weight_link_or_dist': 'link', 'time_intervals': 300, 'use_adaptive_graph': True, 'use_amp': False, 'use_fuzzy_conservation': True, 'use_fuzzy_graph': True, 'use_gradient_checkpointing': False, 'use_spatiotemporal_attention': True, 'use_temporal_position_embedding': True, 'weight_adj_epsilon': 0.1, 'weight_col': 'cost', 'world_size': 2, 'clip_grad_norm': True, 'epoch': 0, 'gpu': True, 'gpu_id': 0, 'learner': 'adamw', 'load_best_epoch': True, 'log_every': 1, 'lr_T_max': 10, 'lr_decay': True, 'lr_eta_min': 1e-05, 'lr_scheduler': 'cosineannealinglr', 'max_grad_norm': 3, 'patience': 30, 'train_loss': 'none', 'use_early_stop': True, 'weight_decay': 0.0001, 'data_version_id': 'dv_1778654633_1f45c521', 'input_window': 12, 'output_window': 12, 'scaler': 'standard', 'load_external': False, 'normal_external': False, 'add_time_in_day': True, 'add_day_in_week': True, 'cache_dataset': True, 'ext_scaler': 'none', 'local_rank': 0, 'dist_backend': 'nccl', 'exp_id': '20260513_154302__traffic_state_pred__new_diffusion_fuzzy_2__PEMSD4'}
2026-05-13 15:43:27,535 - INFO - DistributedDataParallel(
  (module): NewDiffusion(
    (condition_encoder): STEncoder(
      (input_projection): Linear(in_features=3, out_features=128, bias=True)
      (blocks): ModuleList(
        (0-1): 2 x STEncoderBlock(
          (temporal_attention): MultiHeadAttention(
            (query_projection): Linear(in_features=128, out_features=128, bias=True)
            (key_projection): Linear(in_features=128, out_features=128, bias=True)
            (value_projection): Linear(in_features=128, out_features=128, bias=True)
            (output_projection): Linear(in_features=128, out_features=128, bias=True)
            (dropout): Dropout(p=0.1, inplace=False)
          )
          (graph_convolution): GraphConvolution(
            (projections): ModuleList(
              (0-2): 3 x Linear(in_features=128, out_features=128, bias=True)
            )
          )
          (feed_forward): FeedForwardNetwork(
            (network): Sequential(
              (0): Linear(in_features=128, out_features=256, bias=True)
              (1): GELU(approximate='none')
              (2): Dropout(p=0.1, inplace=False)
              (3): Linear(in_features=256, out_features=128, bias=True)
              (4): Dropout(p=0.1, inplace=False)
            )
          )
          (norm_temporal): LayerNorm((128,), eps=1e-05, elementwise_affine=True)
          (norm_graph): LayerNorm((128,), eps=1e-05, elementwise_affine=True)
          (norm_ffn): LayerNorm((128,), eps=1e-05, elementwise_affine=True)
          (dropout): Dropout(p=0.1, inplace=False)
        )
      )
      (final_norm): LayerNorm((128,), eps=1e-05, elementwise_affine=True)
    )
    (noise_predictor): AttentionDenoiser(
      (input_projection): Linear(in_features=3, out_features=128, bias=True)
      (time_embedding): SinusoidalTimeEmbedding()
      (time_projection): Sequential(
        (0): Linear(in_features=128, out_features=128, bias=True)
        (1): SiLU()
        (2): Linear(in_features=128, out_features=128, bias=True)
      )
      (condition_fusion): Linear(in_features=256, out_features=128, bias=True)
      (blocks): ModuleList(
        (0-3): 4 x DenoiserBlock(
          (temporal_attention): MultiHeadAttention(
            (query_projection): Linear(in_features=128, out_features=128, bias=True)
            (key_projection): Linear(in_features=128, out_features=128, bias=True)
            (value_projection): Linear(in_features=128, out_features=128, bias=True)
            (output_projection): Linear(in_features=128, out_features=128, bias=True)
            (dropout): Dropout(p=0.1, inplace=False)
          )
          (graph_convolution): GraphConvolution(
            (projections): ModuleList(
              (0-2): 3 x Linear(in_features=128, out_features=128, bias=True)
            )
          )
          (cross_attention): MultiHeadAttention(
            (query_projection): Linear(in_features=128, out_features=128, bias=True)
            (key_projection): Linear(in_features=128, out_features=128, bias=True)
            (value_projection): Linear(in_features=128, out_features=128, bias=True)
            (output_projection): Linear(in_features=128, out_features=128, bias=True)
            (dropout): Dropout(p=0.1, inplace=False)
          )
          (spatiotemporal_attention): MultiHeadAttention(
            (query_projection): Linear(in_features=128, out_features=128, bias=True)
            (key_projection): Linear(in_features=128, out_features=128, bias=True)
            (value_projection): Linear(in_features=128, out_features=128, bias=True)
            (output_projection): Linear(in_features=128, out_features=128, bias=True)
            (dropout): Dropout(p=0.1, inplace=False)
          )
          (feed_forward): FeedForwardNetwork(
            (network): Sequential(
              (0): Linear(in_features=128, out_features=256, bias=True)
              (1): GELU(approximate='none')
              (2): Dropout(p=0.1, inplace=False)
              (3): Linear(in_features=256, out_features=128, bias=True)
              (4): Dropout(p=0.1, inplace=False)
            )
          )
          (norm_temporal): LayerNorm((128,), eps=1e-05, elementwise_affine=True)
          (norm_graph): LayerNorm((128,), eps=1e-05, elementwise_affine=True)
          (norm_cross): LayerNorm((128,), eps=1e-05, elementwise_affine=True)
          (norm_spatiotemporal): LayerNorm((128,), eps=1e-05, elementwise_affine=True)
          (norm_ffn): LayerNorm((128,), eps=1e-05, elementwise_affine=True)
          (dropout): Dropout(p=0.1, inplace=False)
          (time_scale_shift): Sequential(
            (0): SiLU()
            (1): Linear(in_features=128, out_features=256, bias=True)
          )
        )
      )
      (final_norm): LayerNorm((128,), eps=1e-05, elementwise_affine=True)
      (output_projection): Linear(in_features=128, out_features=3, bias=True)
      (adaptive_graph_learner): AdaptiveGraphLearner(
        (feature_projection): Linear(in_features=128, out_features=32, bias=True)
        (time_projection): Linear(in_features=128, out_features=32, bias=True)
      )
    )
    (diffusion_scheduler): DiffusionScheduler()
  )
)
2026-05-13 15:43:27,539 - INFO - module.condition_encoder.temporal_position_embedding	torch.Size([1, 12, 1, 128])	cuda:0	True
2026-05-13 15:43:27,539 - INFO - module.condition_encoder.input_projection.weight	torch.Size([128, 3])	cuda:0	True
2026-05-13 15:43:27,540 - INFO - module.condition_encoder.input_projection.bias	torch.Size([128])	cuda:0	True
2026-05-13 15:43:27,540 - INFO - module.condition_encoder.blocks.0.temporal_attention.query_projection.weight	torch.Size([128, 128])	cuda:0	True
2026-05-13 15:43:27,540 - INFO - module.condition_encoder.blocks.0.temporal_attention.query_projection.bias	torch.Size([128])	cuda:0	True
2026-05-13 15:43:27,540 - INFO - module.condition_encoder.blocks.0.temporal_attention.key_projection.weight	torch.Size([128, 128])	cuda:0	True
2026-05-13 15:43:27,540 - INFO - module.condition_encoder.blocks.0.temporal_attention.key_projection.bias	torch.Size([128])	cuda:0	True
2026-05-13 15:43:27,540 - INFO - module.condition_encoder.blocks.0.temporal_attention.value_projection.weight	torch.Size([128, 128])	cuda:0	True
2026-05-13 15:43:27,540 - INFO - module.condition_encoder.blocks.0.temporal_attention.value_projection.bias	torch.Size([128])	cuda:0	True
2026-05-13 15:43:27,540 - INFO - module.condition_encoder.blocks.0.temporal_attention.output_projection.weight	torch.Size([128, 128])	cuda:0	True
2026-05-13 15:43:27,541 - INFO - module.condition_encoder.blocks.0.temporal_attention.output_projection.bias	torch.Size([128])	cuda:0	True
2026-05-13 15:43:27,541 - INFO - module.condition_encoder.blocks.0.graph_convolution.projections.0.weight	torch.Size([128, 128])	cuda:0	True
2026-05-13 15:43:27,541 - INFO - module.condition_encoder.blocks.0.graph_convolution.projections.0.bias	torch.Size([128])	cuda:0	True
2026-05-13 15:43:27,541 - INFO - module.condition_encoder.blocks.0.graph_convolution.projections.1.weight	torch.Size([128, 128])	cuda:0	True
2026-05-13 15:43:27,541 - INFO - module.condition_encoder.blocks.0.graph_convolution.projections.1.bias	torch.Size([128])	cuda:0	True
2026-05-13 15:43:27,541 - INFO - module.condition_encoder.blocks.0.graph_convolution.projections.2.weight	torch.Size([128, 128])	cuda:0	True
2026-05-13 15:43:27,541 - INFO - module.condition_encoder.blocks.0.graph_convolution.projections.2.bias	torch.Size([128])	cuda:0	True
2026-05-13 15:43:27,541 - INFO - module.condition_encoder.blocks.0.feed_forward.network.0.weight	torch.Size([256, 128])	cuda:0	True
2026-05-13 15:43:27,541 - INFO - module.condition_encoder.blocks.0.feed_forward.network.0.bias	torch.Size([256])	cuda:0	True
2026-05-13 15:43:27,541 - INFO - module.condition_encoder.blocks.0.feed_forward.network.3.weight	torch.Size([128, 256])	cuda:0	True
2026-05-13 15:43:27,541 - INFO - module.condition_encoder.blocks.0.feed_forward.network.3.bias	torch.Size([128])	cuda:0	True
2026-05-13 15:43:27,542 - INFO - module.condition_encoder.blocks.0.norm_temporal.weight	torch.Size([128])	cuda:0	True
2026-05-13 15:43:27,542 - INFO - module.condition_encoder.blocks.0.norm_temporal.bias	torch.Size([128])	cuda:0	True
2026-05-13 15:43:27,542 - INFO - module.condition_encoder.blocks.0.norm_graph.weight	torch.Size([128])	cuda:0	True
2026-05-13 15:43:27,542 - INFO - module.condition_encoder.blocks.0.norm_graph.bias	torch.Size([128])	cuda:0	True
2026-05-13 15:43:27,542 - INFO - module.condition_encoder.blocks.0.norm_ffn.weight	torch.Size([128])	cuda:0	True
2026-05-13 15:43:27,542 - INFO - module.condition_encoder.blocks.0.norm_ffn.bias	torch.Size([128])	cuda:0	True
2026-05-13 15:43:27,542 - INFO - module.condition_encoder.blocks.1.temporal_attention.query_projection.weight	torch.Size([128, 128])	cuda:0	True
2026-05-13 15:43:27,542 - INFO - module.condition_encoder.blocks.1.temporal_attention.query_projection.bias	torch.Size([128])	cuda:0	True
2026-05-13 15:43:27,542 - INFO - module.condition_encoder.blocks.1.temporal_attention.key_projection.weight	torch.Size([128, 128])	cuda:0	True
2026-05-13 15:43:27,542 - INFO - module.condition_encoder.blocks.1.temporal_attention.key_projection.bias	torch.Size([128])	cuda:0	True
2026-05-13 15:43:27,542 - INFO - module.condition_encoder.blocks.1.temporal_attention.value_projection.weight	torch.Size([128, 128])	cuda:0	True
2026-05-13 15:43:27,542 - INFO - module.condition_encoder.blocks.1.temporal_attention.value_projection.bias	torch.Size([128])	cuda:0	True
2026-05-13 15:43:27,542 - INFO - module.condition_encoder.blocks.1.temporal_attention.output_projection.weight	torch.Size([128, 128])	cuda:0	True
2026-05-13 15:43:27,542 - INFO - module.condition_encoder.blocks.1.temporal_attention.output_projection.bias	torch.Size([128])	cuda:0	True
2026-05-13 15:43:27,542 - INFO - module.condition_encoder.blocks.1.graph_convolution.projections.0.weight	torch.Size([128, 128])	cuda:0	True
2026-05-13 15:43:27,542 - INFO - module.condition_encoder.blocks.1.graph_convolution.projections.0.bias	torch.Size([128])	cuda:0	True
2026-05-13 15:43:27,542 - INFO - module.condition_encoder.blocks.1.graph_convolution.projections.1.weight	torch.Size([128, 128])	cuda:0	True
2026-05-13 15:43:27,542 - INFO - module.condition_encoder.blocks.1.graph_convolution.projections.1.bias	torch.Size([128])	cuda:0	True
2026-05-13 15:43:27,542 - INFO - module.condition_encoder.blocks.1.graph_convolution.projections.2.weight	torch.Size([128, 128])	cuda:0	True
2026-05-13 15:43:27,542 - INFO - module.condition_encoder.blocks.1.graph_convolution.projections.2.bias	torch.Size([128])	cuda:0	True
2026-05-13 15:43:27,543 - INFO - module.condition_encoder.blocks.1.feed_forward.network.0.weight	torch.Size([256, 128])	cuda:0	True
2026-05-13 15:43:27,543 - INFO - module.condition_encoder.blocks.1.feed_forward.network.0.bias	torch.Size([256])	cuda:0	True
2026-05-13 15:43:27,543 - INFO - module.condition_encoder.blocks.1.feed_forward.network.3.weight	torch.Size([128, 256])	cuda:0	True
2026-05-13 15:43:27,543 - INFO - module.condition_encoder.blocks.1.feed_forward.network.3.bias	torch.Size([128])	cuda:0	True
2026-05-13 15:43:27,543 - INFO - module.condition_encoder.blocks.1.norm_temporal.weight	torch.Size([128])	cuda:0	True
2026-05-13 15:43:27,543 - INFO - module.condition_encoder.blocks.1.norm_temporal.bias	torch.Size([128])	cuda:0	True
2026-05-13 15:43:27,543 - INFO - module.condition_encoder.blocks.1.norm_graph.weight	torch.Size([128])	cuda:0	True
2026-05-13 15:43:27,543 - INFO - module.condition_encoder.blocks.1.norm_graph.bias	torch.Size([128])	cuda:0	True
2026-05-13 15:43:27,543 - INFO - module.condition_encoder.blocks.1.norm_ffn.weight	torch.Size([128])	cuda:0	True
2026-05-13 15:43:27,543 - INFO - module.condition_encoder.blocks.1.norm_ffn.bias	torch.Size([128])	cuda:0	True
2026-05-13 15:43:27,543 - INFO - module.condition_encoder.final_norm.weight	torch.Size([128])	cuda:0	True
2026-05-13 15:43:27,543 - INFO - module.condition_encoder.final_norm.bias	torch.Size([128])	cuda:0	True
2026-05-13 15:43:27,543 - INFO - module.noise_predictor.future_position_embedding	torch.Size([1, 12, 1, 128])	cuda:0	True
2026-05-13 15:43:27,543 - INFO - module.noise_predictor.condition_temporal_weight	torch.Size([12])	cuda:0	True
2026-05-13 15:43:27,543 - INFO - module.noise_predictor.input_projection.weight	torch.Size([128, 3])	cuda:0	True
2026-05-13 15:43:27,543 - INFO - module.noise_predictor.input_projection.bias	torch.Size([128])	cuda:0	True
2026-05-13 15:43:27,543 - INFO - module.noise_predictor.time_projection.0.weight	torch.Size([128, 128])	cuda:0	True
2026-05-13 15:43:27,543 - INFO - module.noise_predictor.time_projection.0.bias	torch.Size([128])	cuda:0	True
2026-05-13 15:43:27,544 - INFO - module.noise_predictor.time_projection.2.weight	torch.Size([128, 128])	cuda:0	True
2026-05-13 15:43:27,544 - INFO - module.noise_predictor.time_projection.2.bias	torch.Size([128])	cuda:0	True
2026-05-13 15:43:27,544 - INFO - module.noise_predictor.condition_fusion.weight	torch.Size([128, 256])	cuda:0	True
2026-05-13 15:43:27,544 - INFO - module.noise_predictor.condition_fusion.bias	torch.Size([128])	cuda:0	True
2026-05-13 15:43:27,544 - INFO - module.noise_predictor.blocks.0.temporal_attention.query_projection.weight	torch.Size([128, 128])	cuda:0	True
2026-05-13 15:43:27,544 - INFO - module.noise_predictor.blocks.0.temporal_attention.query_projection.bias	torch.Size([128])	cuda:0	True
2026-05-13 15:43:27,544 - INFO - module.noise_predictor.blocks.0.temporal_attention.key_projection.weight	torch.Size([128, 128])	cuda:0	True
2026-05-13 15:43:27,544 - INFO - module.noise_predictor.blocks.0.temporal_attention.key_projection.bias	torch.Size([128])	cuda:0	True
2026-05-13 15:43:27,544 - INFO - module.noise_predictor.blocks.0.temporal_attention.value_projection.weight	torch.Size([128, 128])	cuda:0	True
2026-05-13 15:43:27,544 - INFO - module.noise_predictor.blocks.0.temporal_attention.value_projection.bias	torch.Size([128])	cuda:0	True
2026-05-13 15:43:27,544 - INFO - module.noise_predictor.blocks.0.temporal_attention.output_projection.weight	torch.Size([128, 128])	cuda:0	True
2026-05-13 15:43:27,544 - INFO - module.noise_predictor.blocks.0.temporal_attention.output_projection.bias	torch.Size([128])	cuda:0	True
2026-05-13 15:43:27,544 - INFO - module.noise_predictor.blocks.0.graph_convolution.projections.0.weight	torch.Size([128, 128])	cuda:0	True
2026-05-13 15:43:27,545 - INFO - module.noise_predictor.blocks.0.graph_convolution.projections.0.bias	torch.Size([128])	cuda:0	True
2026-05-13 15:43:27,545 - INFO - module.noise_predictor.blocks.0.graph_convolution.projections.1.weight	torch.Size([128, 128])	cuda:0	True
2026-05-13 15:43:27,545 - INFO - module.noise_predictor.blocks.0.graph_convolution.projections.1.bias	torch.Size([128])	cuda:0	True
2026-05-13 15:43:27,545 - INFO - module.noise_predictor.blocks.0.graph_convolution.projections.2.weight	torch.Size([128, 128])	cuda:0	True
2026-05-13 15:43:27,545 - INFO - module.noise_predictor.blocks.0.graph_convolution.projections.2.bias	torch.Size([128])	cuda:0	True
2026-05-13 15:43:27,545 - INFO - module.noise_predictor.blocks.0.cross_attention.query_projection.weight	torch.Size([128, 128])	cuda:0	True
2026-05-13 15:43:27,545 - INFO - module.noise_predictor.blocks.0.cross_attention.query_projection.bias	torch.Size([128])	cuda:0	True
2026-05-13 15:43:27,545 - INFO - module.noise_predictor.blocks.0.cross_attention.key_projection.weight	torch.Size([128, 128])	cuda:0	True
2026-05-13 15:43:27,545 - INFO - module.noise_predictor.blocks.0.cross_attention.key_projection.bias	torch.Size([128])	cuda:0	True
2026-05-13 15:43:27,545 - INFO - module.noise_predictor.blocks.0.cross_attention.value_projection.weight	torch.Size([128, 128])	cuda:0	True
2026-05-13 15:43:27,545 - INFO - module.noise_predictor.blocks.0.cross_attention.value_projection.bias	torch.Size([128])	cuda:0	True
2026-05-13 15:43:27,545 - INFO - module.noise_predictor.blocks.0.cross_attention.output_projection.weight	torch.Size([128, 128])	cuda:0	True
2026-05-13 15:43:27,545 - INFO - module.noise_predictor.blocks.0.cross_attention.output_projection.bias	torch.Size([128])	cuda:0	True
2026-05-13 15:43:27,545 - INFO - module.noise_predictor.blocks.0.spatiotemporal_attention.query_projection.weight	torch.Size([128, 128])	cuda:0	True
2026-05-13 15:43:27,545 - INFO - module.noise_predictor.blocks.0.spatiotemporal_attention.query_projection.bias	torch.Size([128])	cuda:0	True
2026-05-13 15:43:27,545 - INFO - module.noise_predictor.blocks.0.spatiotemporal_attention.key_projection.weight	torch.Size([128, 128])	cuda:0	True
2026-05-13 15:43:27,545 - INFO - module.noise_predictor.blocks.0.spatiotemporal_attention.key_projection.bias	torch.Size([128])	cuda:0	True
2026-05-13 15:43:27,545 - INFO - module.noise_predictor.blocks.0.spatiotemporal_attention.value_projection.weight	torch.Size([128, 128])	cuda:0	True
2026-05-13 15:43:27,545 - INFO - module.noise_predictor.blocks.0.spatiotemporal_attention.value_projection.bias	torch.Size([128])	cuda:0	True
2026-05-13 15:43:27,546 - INFO - module.noise_predictor.blocks.0.spatiotemporal_attention.output_projection.weight	torch.Size([128, 128])	cuda:0	True
2026-05-13 15:43:27,546 - INFO - module.noise_predictor.blocks.0.spatiotemporal_attention.output_projection.bias	torch.Size([128])	cuda:0	True
2026-05-13 15:43:27,546 - INFO - module.noise_predictor.blocks.0.feed_forward.network.0.weight	torch.Size([256, 128])	cuda:0	True
2026-05-13 15:43:27,546 - INFO - module.noise_predictor.blocks.0.feed_forward.network.0.bias	torch.Size([256])	cuda:0	True
2026-05-13 15:43:27,546 - INFO - module.noise_predictor.blocks.0.feed_forward.network.3.weight	torch.Size([128, 256])	cuda:0	True
2026-05-13 15:43:27,546 - INFO - module.noise_predictor.blocks.0.feed_forward.network.3.bias	torch.Size([128])	cuda:0	True
2026-05-13 15:43:27,546 - INFO - module.noise_predictor.blocks.0.norm_temporal.weight	torch.Size([128])	cuda:0	True
2026-05-13 15:43:27,546 - INFO - module.noise_predictor.blocks.0.norm_temporal.bias	torch.Size([128])	cuda:0	True
2026-05-13 15:43:27,546 - INFO - module.noise_predictor.blocks.0.norm_graph.weight	torch.Size([128])	cuda:0	True
2026-05-13 15:43:27,546 - INFO - module.noise_predictor.blocks.0.norm_graph.bias	torch.Size([128])	cuda:0	True
2026-05-13 15:43:27,547 - INFO - module.noise_predictor.blocks.0.norm_cross.weight	torch.Size([128])	cuda:0	True
2026-05-13 15:43:27,547 - INFO - module.noise_predictor.blocks.0.norm_cross.bias	torch.Size([128])	cuda:0	True
2026-05-13 15:43:27,547 - INFO - module.noise_predictor.blocks.0.norm_spatiotemporal.weight	torch.Size([128])	cuda:0	True
2026-05-13 15:43:27,547 - INFO - module.noise_predictor.blocks.0.norm_spatiotemporal.bias	torch.Size([128])	cuda:0	True
2026-05-13 15:43:27,547 - INFO - module.noise_predictor.blocks.0.norm_ffn.weight	torch.Size([128])	cuda:0	True
2026-05-13 15:43:27,547 - INFO - module.noise_predictor.blocks.0.norm_ffn.bias	torch.Size([128])	cuda:0	True
2026-05-13 15:43:27,547 - INFO - module.noise_predictor.blocks.0.time_scale_shift.1.weight	torch.Size([256, 128])	cuda:0	True
2026-05-13 15:43:27,547 - INFO - module.noise_predictor.blocks.0.time_scale_shift.1.bias	torch.Size([256])	cuda:0	True
2026-05-13 15:43:27,547 - INFO - module.noise_predictor.blocks.1.temporal_attention.query_projection.weight	torch.Size([128, 128])	cuda:0	True
2026-05-13 15:43:27,547 - INFO - module.noise_predictor.blocks.1.temporal_attention.query_projection.bias	torch.Size([128])	cuda:0	True
2026-05-13 15:43:27,547 - INFO - module.noise_predictor.blocks.1.temporal_attention.key_projection.weight	torch.Size([128, 128])	cuda:0	True
2026-05-13 15:43:27,548 - INFO - module.noise_predictor.blocks.1.temporal_attention.key_projection.bias	torch.Size([128])	cuda:0	True
2026-05-13 15:43:27,548 - INFO - module.noise_predictor.blocks.1.temporal_attention.value_projection.weight	torch.Size([128, 128])	cuda:0	True
2026-05-13 15:43:27,548 - INFO - module.noise_predictor.blocks.1.temporal_attention.value_projection.bias	torch.Size([128])	cuda:0	True
2026-05-13 15:43:27,548 - INFO - module.noise_predictor.blocks.1.temporal_attention.output_projection.weight	torch.Size([128, 128])	cuda:0	True
2026-05-13 15:43:27,548 - INFO - module.noise_predictor.blocks.1.temporal_attention.output_projection.bias	torch.Size([128])	cuda:0	True
2026-05-13 15:43:27,548 - INFO - module.noise_predictor.blocks.1.graph_convolution.projections.0.weight	torch.Size([128, 128])	cuda:0	True
2026-05-13 15:43:27,548 - INFO - module.noise_predictor.blocks.1.graph_convolution.projections.0.bias	torch.Size([128])	cuda:0	True
2026-05-13 15:43:27,549 - INFO - module.noise_predictor.blocks.1.graph_convolution.projections.1.weight	torch.Size([128, 128])	cuda:0	True
2026-05-13 15:43:27,549 - INFO - module.noise_predictor.blocks.1.graph_convolution.projections.1.bias	torch.Size([128])	cuda:0	True
2026-05-13 15:43:27,549 - INFO - module.noise_predictor.blocks.1.graph_convolution.projections.2.weight	torch.Size([128, 128])	cuda:0	True
2026-05-13 15:43:27,549 - INFO - module.noise_predictor.blocks.1.graph_convolution.projections.2.bias	torch.Size([128])	cuda:0	True
2026-05-13 15:43:27,549 - INFO - module.noise_predictor.blocks.1.cross_attention.query_projection.weight	torch.Size([128, 128])	cuda:0	True
2026-05-13 15:43:27,549 - INFO - module.noise_predictor.blocks.1.cross_attention.query_projection.bias	torch.Size([128])	cuda:0	True
2026-05-13 15:43:27,549 - INFO - module.noise_predictor.blocks.1.cross_attention.key_projection.weight	torch.Size([128, 128])	cuda:0	True
2026-05-13 15:43:27,549 - INFO - module.noise_predictor.blocks.1.cross_attention.key_projection.bias	torch.Size([128])	cuda:0	True
2026-05-13 15:43:27,549 - INFO - module.noise_predictor.blocks.1.cross_attention.value_projection.weight	torch.Size([128, 128])	cuda:0	True
2026-05-13 15:43:27,549 - INFO - module.noise_predictor.blocks.1.cross_attention.value_projection.bias	torch.Size([128])	cuda:0	True
2026-05-13 15:43:27,549 - INFO - module.noise_predictor.blocks.1.cross_attention.output_projection.weight	torch.Size([128, 128])	cuda:0	True
2026-05-13 15:43:27,549 - INFO - module.noise_predictor.blocks.1.cross_attention.output_projection.bias	torch.Size([128])	cuda:0	True
2026-05-13 15:43:27,549 - INFO - module.noise_predictor.blocks.1.spatiotemporal_attention.query_projection.weight	torch.Size([128, 128])	cuda:0	True
2026-05-13 15:43:27,549 - INFO - module.noise_predictor.blocks.1.spatiotemporal_attention.query_projection.bias	torch.Size([128])	cuda:0	True
2026-05-13 15:43:27,549 - INFO - module.noise_predictor.blocks.1.spatiotemporal_attention.key_projection.weight	torch.Size([128, 128])	cuda:0	True
2026-05-13 15:43:27,549 - INFO - module.noise_predictor.blocks.1.spatiotemporal_attention.key_projection.bias	torch.Size([128])	cuda:0	True
2026-05-13 15:43:27,549 - INFO - module.noise_predictor.blocks.1.spatiotemporal_attention.value_projection.weight	torch.Size([128, 128])	cuda:0	True
2026-05-13 15:43:27,549 - INFO - module.noise_predictor.blocks.1.spatiotemporal_attention.value_projection.bias	torch.Size([128])	cuda:0	True
2026-05-13 15:43:27,550 - INFO - module.noise_predictor.blocks.1.spatiotemporal_attention.output_projection.weight	torch.Size([128, 128])	cuda:0	True
2026-05-13 15:43:27,550 - INFO - module.noise_predictor.blocks.1.spatiotemporal_attention.output_projection.bias	torch.Size([128])	cuda:0	True
2026-05-13 15:43:27,550 - INFO - module.noise_predictor.blocks.1.feed_forward.network.0.weight	torch.Size([256, 128])	cuda:0	True
2026-05-13 15:43:27,550 - INFO - module.noise_predictor.blocks.1.feed_forward.network.0.bias	torch.Size([256])	cuda:0	True
2026-05-13 15:43:27,550 - INFO - module.noise_predictor.blocks.1.feed_forward.network.3.weight	torch.Size([128, 256])	cuda:0	True
2026-05-13 15:43:27,550 - INFO - module.noise_predictor.blocks.1.feed_forward.network.3.bias	torch.Size([128])	cuda:0	True
2026-05-13 15:43:27,550 - INFO - module.noise_predictor.blocks.1.norm_temporal.weight	torch.Size([128])	cuda:0	True
2026-05-13 15:43:27,550 - INFO - module.noise_predictor.blocks.1.norm_temporal.bias	torch.Size([128])	cuda:0	True
2026-05-13 15:43:27,550 - INFO - module.noise_predictor.blocks.1.norm_graph.weight	torch.Size([128])	cuda:0	True
2026-05-13 15:43:27,550 - INFO - module.noise_predictor.blocks.1.norm_graph.bias	torch.Size([128])	cuda:0	True
2026-05-13 15:43:27,550 - INFO - module.noise_predictor.blocks.1.norm_cross.weight	torch.Size([128])	cuda:0	True
2026-05-13 15:43:27,550 - INFO - module.noise_predictor.blocks.1.norm_cross.bias	torch.Size([128])	cuda:0	True
2026-05-13 15:43:27,550 - INFO - module.noise_predictor.blocks.1.norm_spatiotemporal.weight	torch.Size([128])	cuda:0	True
2026-05-13 15:43:27,550 - INFO - module.noise_predictor.blocks.1.norm_spatiotemporal.bias	torch.Size([128])	cuda:0	True
2026-05-13 15:43:27,550 - INFO - module.noise_predictor.blocks.1.norm_ffn.weight	torch.Size([128])	cuda:0	True
2026-05-13 15:43:27,550 - INFO - module.noise_predictor.blocks.1.norm_ffn.bias	torch.Size([128])	cuda:0	True
2026-05-13 15:43:27,550 - INFO - module.noise_predictor.blocks.1.time_scale_shift.1.weight	torch.Size([256, 128])	cuda:0	True
2026-05-13 15:43:27,551 - INFO - module.noise_predictor.blocks.1.time_scale_shift.1.bias	torch.Size([256])	cuda:0	True
2026-05-13 15:43:27,551 - INFO - module.noise_predictor.blocks.2.temporal_attention.query_projection.weight	torch.Size([128, 128])	cuda:0	True
2026-05-13 15:43:27,551 - INFO - module.noise_predictor.blocks.2.temporal_attention.query_projection.bias	torch.Size([128])	cuda:0	True
2026-05-13 15:43:27,551 - INFO - module.noise_predictor.blocks.2.temporal_attention.key_projection.weight	torch.Size([128, 128])	cuda:0	True
2026-05-13 15:43:27,551 - INFO - module.noise_predictor.blocks.2.temporal_attention.key_projection.bias	torch.Size([128])	cuda:0	True
2026-05-13 15:43:27,551 - INFO - module.noise_predictor.blocks.2.temporal_attention.value_projection.weight	torch.Size([128, 128])	cuda:0	True
2026-05-13 15:43:27,552 - INFO - module.noise_predictor.blocks.2.temporal_attention.value_projection.bias	torch.Size([128])	cuda:0	True
2026-05-13 15:43:27,552 - INFO - module.noise_predictor.blocks.2.temporal_attention.output_projection.weight	torch.Size([128, 128])	cuda:0	True
2026-05-13 15:43:27,552 - INFO - module.noise_predictor.blocks.2.temporal_attention.output_projection.bias	torch.Size([128])	cuda:0	True
2026-05-13 15:43:27,552 - INFO - module.noise_predictor.blocks.2.graph_convolution.projections.0.weight	torch.Size([128, 128])	cuda:0	True
2026-05-13 15:43:27,552 - INFO - module.noise_predictor.blocks.2.graph_convolution.projections.0.bias	torch.Size([128])	cuda:0	True
2026-05-13 15:43:27,552 - INFO - module.noise_predictor.blocks.2.graph_convolution.projections.1.weight	torch.Size([128, 128])	cuda:0	True
2026-05-13 15:43:27,552 - INFO - module.noise_predictor.blocks.2.graph_convolution.projections.1.bias	torch.Size([128])	cuda:0	True
2026-05-13 15:43:27,552 - INFO - module.noise_predictor.blocks.2.graph_convolution.projections.2.weight	torch.Size([128, 128])	cuda:0	True
2026-05-13 15:43:27,552 - INFO - module.noise_predictor.blocks.2.graph_convolution.projections.2.bias	torch.Size([128])	cuda:0	True
2026-05-13 15:43:27,552 - INFO - module.noise_predictor.blocks.2.cross_attention.query_projection.weight	torch.Size([128, 128])	cuda:0	True
2026-05-13 15:43:27,552 - INFO - module.noise_predictor.blocks.2.cross_attention.query_projection.bias	torch.Size([128])	cuda:0	True
2026-05-13 15:43:27,552 - INFO - module.noise_predictor.blocks.2.cross_attention.key_projection.weight	torch.Size([128, 128])	cuda:0	True
2026-05-13 15:43:27,552 - INFO - module.noise_predictor.blocks.2.cross_attention.key_projection.bias	torch.Size([128])	cuda:0	True
2026-05-13 15:43:27,552 - INFO - module.noise_predictor.blocks.2.cross_attention.value_projection.weight	torch.Size([128, 128])	cuda:0	True
2026-05-13 15:43:27,552 - INFO - module.noise_predictor.blocks.2.cross_attention.value_projection.bias	torch.Size([128])	cuda:0	True
2026-05-13 15:43:27,552 - INFO - module.noise_predictor.blocks.2.cross_attention.output_projection.weight	torch.Size([128, 128])	cuda:0	True
2026-05-13 15:43:27,552 - INFO - module.noise_predictor.blocks.2.cross_attention.output_projection.bias	torch.Size([128])	cuda:0	True
2026-05-13 15:43:27,552 - INFO - module.noise_predictor.blocks.2.spatiotemporal_attention.query_projection.weight	torch.Size([128, 128])	cuda:0	True
2026-05-13 15:43:27,552 - INFO - module.noise_predictor.blocks.2.spatiotemporal_attention.query_projection.bias	torch.Size([128])	cuda:0	True
2026-05-13 15:43:27,552 - INFO - module.noise_predictor.blocks.2.spatiotemporal_attention.key_projection.weight	torch.Size([128, 128])	cuda:0	True
2026-05-13 15:43:27,553 - INFO - module.noise_predictor.blocks.2.spatiotemporal_attention.key_projection.bias	torch.Size([128])	cuda:0	True
2026-05-13 15:43:27,553 - INFO - module.noise_predictor.blocks.2.spatiotemporal_attention.value_projection.weight	torch.Size([128, 128])	cuda:0	True
2026-05-13 15:43:27,553 - INFO - module.noise_predictor.blocks.2.spatiotemporal_attention.value_projection.bias	torch.Size([128])	cuda:0	True
2026-05-13 15:43:27,553 - INFO - module.noise_predictor.blocks.2.spatiotemporal_attention.output_projection.weight	torch.Size([128, 128])	cuda:0	True
2026-05-13 15:43:27,553 - INFO - module.noise_predictor.blocks.2.spatiotemporal_attention.output_projection.bias	torch.Size([128])	cuda:0	True
2026-05-13 15:43:27,553 - INFO - module.noise_predictor.blocks.2.feed_forward.network.0.weight	torch.Size([256, 128])	cuda:0	True
2026-05-13 15:43:27,553 - INFO - module.noise_predictor.blocks.2.feed_forward.network.0.bias	torch.Size([256])	cuda:0	True
2026-05-13 15:43:27,553 - INFO - module.noise_predictor.blocks.2.feed_forward.network.3.weight	torch.Size([128, 256])	cuda:0	True
2026-05-13 15:43:27,553 - INFO - module.noise_predictor.blocks.2.feed_forward.network.3.bias	torch.Size([128])	cuda:0	True
2026-05-13 15:43:27,553 - INFO - module.noise_predictor.blocks.2.norm_temporal.weight	torch.Size([128])	cuda:0	True
2026-05-13 15:43:27,553 - INFO - module.noise_predictor.blocks.2.norm_temporal.bias	torch.Size([128])	cuda:0	True
2026-05-13 15:43:27,554 - INFO - module.noise_predictor.blocks.2.norm_graph.weight	torch.Size([128])	cuda:0	True
2026-05-13 15:43:27,554 - INFO - module.noise_predictor.blocks.2.norm_graph.bias	torch.Size([128])	cuda:0	True
2026-05-13 15:43:27,554 - INFO - module.noise_predictor.blocks.2.norm_cross.weight	torch.Size([128])	cuda:0	True
2026-05-13 15:43:27,554 - INFO - module.noise_predictor.blocks.2.norm_cross.bias	torch.Size([128])	cuda:0	True
2026-05-13 15:43:27,554 - INFO - module.noise_predictor.blocks.2.norm_spatiotemporal.weight	torch.Size([128])	cuda:0	True
2026-05-13 15:43:27,554 - INFO - module.noise_predictor.blocks.2.norm_spatiotemporal.bias	torch.Size([128])	cuda:0	True
2026-05-13 15:43:27,554 - INFO - module.noise_predictor.blocks.2.norm_ffn.weight	torch.Size([128])	cuda:0	True
2026-05-13 15:43:27,554 - INFO - module.noise_predictor.blocks.2.norm_ffn.bias	torch.Size([128])	cuda:0	True
2026-05-13 15:43:27,555 - INFO - module.noise_predictor.blocks.2.time_scale_shift.1.weight	torch.Size([256, 128])	cuda:0	True
2026-05-13 15:43:27,555 - INFO - module.noise_predictor.blocks.2.time_scale_shift.1.bias	torch.Size([256])	cuda:0	True
2026-05-13 15:43:27,555 - INFO - module.noise_predictor.blocks.3.temporal_attention.query_projection.weight	torch.Size([128, 128])	cuda:0	True
2026-05-13 15:43:27,555 - INFO - module.noise_predictor.blocks.3.temporal_attention.query_projection.bias	torch.Size([128])	cuda:0	True
2026-05-13 15:43:27,555 - INFO - module.noise_predictor.blocks.3.temporal_attention.key_projection.weight	torch.Size([128, 128])	cuda:0	True
2026-05-13 15:43:27,555 - INFO - module.noise_predictor.blocks.3.temporal_attention.key_projection.bias	torch.Size([128])	cuda:0	True
2026-05-13 15:43:27,555 - INFO - module.noise_predictor.blocks.3.temporal_attention.value_projection.weight	torch.Size([128, 128])	cuda:0	True
2026-05-13 15:43:27,555 - INFO - module.noise_predictor.blocks.3.temporal_attention.value_projection.bias	torch.Size([128])	cuda:0	True
2026-05-13 15:43:27,555 - INFO - module.noise_predictor.blocks.3.temporal_attention.output_projection.weight	torch.Size([128, 128])	cuda:0	True
2026-05-13 15:43:27,555 - INFO - module.noise_predictor.blocks.3.temporal_attention.output_projection.bias	torch.Size([128])	cuda:0	True
2026-05-13 15:43:27,555 - INFO - module.noise_predictor.blocks.3.graph_convolution.projections.0.weight	torch.Size([128, 128])	cuda:0	True
2026-05-13 15:43:27,555 - INFO - module.noise_predictor.blocks.3.graph_convolution.projections.0.bias	torch.Size([128])	cuda:0	True
2026-05-13 15:43:27,555 - INFO - module.noise_predictor.blocks.3.graph_convolution.projections.1.weight	torch.Size([128, 128])	cuda:0	True
2026-05-13 15:43:27,555 - INFO - module.noise_predictor.blocks.3.graph_convolution.projections.1.bias	torch.Size([128])	cuda:0	True
2026-05-13 15:43:27,555 - INFO - module.noise_predictor.blocks.3.graph_convolution.projections.2.weight	torch.Size([128, 128])	cuda:0	True
2026-05-13 15:43:27,555 - INFO - module.noise_predictor.blocks.3.graph_convolution.projections.2.bias	torch.Size([128])	cuda:0	True
2026-05-13 15:43:27,555 - INFO - module.noise_predictor.blocks.3.cross_attention.query_projection.weight	torch.Size([128, 128])	cuda:0	True
2026-05-13 15:43:27,555 - INFO - module.noise_predictor.blocks.3.cross_attention.query_projection.bias	torch.Size([128])	cuda:0	True
2026-05-13 15:43:27,556 - INFO - module.noise_predictor.blocks.3.cross_attention.key_projection.weight	torch.Size([128, 128])	cuda:0	True
2026-05-13 15:43:27,556 - INFO - module.noise_predictor.blocks.3.cross_attention.key_projection.bias	torch.Size([128])	cuda:0	True
2026-05-13 15:43:27,556 - INFO - module.noise_predictor.blocks.3.cross_attention.value_projection.weight	torch.Size([128, 128])	cuda:0	True
2026-05-13 15:43:27,556 - INFO - module.noise_predictor.blocks.3.cross_attention.value_projection.bias	torch.Size([128])	cuda:0	True
2026-05-13 15:43:27,556 - INFO - module.noise_predictor.blocks.3.cross_attention.output_projection.weight	torch.Size([128, 128])	cuda:0	True
2026-05-13 15:43:27,556 - INFO - module.noise_predictor.blocks.3.cross_attention.output_projection.bias	torch.Size([128])	cuda:0	True
2026-05-13 15:43:27,556 - INFO - module.noise_predictor.blocks.3.spatiotemporal_attention.query_projection.weight	torch.Size([128, 128])	cuda:0	True
2026-05-13 15:43:27,556 - INFO - module.noise_predictor.blocks.3.spatiotemporal_attention.query_projection.bias	torch.Size([128])	cuda:0	True
2026-05-13 15:43:27,556 - INFO - module.noise_predictor.blocks.3.spatiotemporal_attention.key_projection.weight	torch.Size([128, 128])	cuda:0	True
2026-05-13 15:43:27,556 - INFO - module.noise_predictor.blocks.3.spatiotemporal_attention.key_projection.bias	torch.Size([128])	cuda:0	True
2026-05-13 15:43:27,556 - INFO - module.noise_predictor.blocks.3.spatiotemporal_attention.value_projection.weight	torch.Size([128, 128])	cuda:0	True
2026-05-13 15:43:27,556 - INFO - module.noise_predictor.blocks.3.spatiotemporal_attention.value_projection.bias	torch.Size([128])	cuda:0	True
2026-05-13 15:43:27,556 - INFO - module.noise_predictor.blocks.3.spatiotemporal_attention.output_projection.weight	torch.Size([128, 128])	cuda:0	True
2026-05-13 15:43:27,556 - INFO - module.noise_predictor.blocks.3.spatiotemporal_attention.output_projection.bias	torch.Size([128])	cuda:0	True
2026-05-13 15:43:27,556 - INFO - module.noise_predictor.blocks.3.feed_forward.network.0.weight	torch.Size([256, 128])	cuda:0	True
2026-05-13 15:43:27,556 - INFO - module.noise_predictor.blocks.3.feed_forward.network.0.bias	torch.Size([256])	cuda:0	True
2026-05-13 15:43:27,556 - INFO - module.noise_predictor.blocks.3.feed_forward.network.3.weight	torch.Size([128, 256])	cuda:0	True
2026-05-13 15:43:27,556 - INFO - module.noise_predictor.blocks.3.feed_forward.network.3.bias	torch.Size([128])	cuda:0	True
2026-05-13 15:43:27,556 - INFO - module.noise_predictor.blocks.3.norm_temporal.weight	torch.Size([128])	cuda:0	True
2026-05-13 15:43:27,557 - INFO - module.noise_predictor.blocks.3.norm_temporal.bias	torch.Size([128])	cuda:0	True
2026-05-13 15:43:27,557 - INFO - module.noise_predictor.blocks.3.norm_graph.weight	torch.Size([128])	cuda:0	True
2026-05-13 15:43:27,557 - INFO - module.noise_predictor.blocks.3.norm_graph.bias	torch.Size([128])	cuda:0	True
2026-05-13 15:43:27,557 - INFO - module.noise_predictor.blocks.3.norm_cross.weight	torch.Size([128])	cuda:0	True
2026-05-13 15:43:27,557 - INFO - module.noise_predictor.blocks.3.norm_cross.bias	torch.Size([128])	cuda:0	True
2026-05-13 15:43:27,557 - INFO - module.noise_predictor.blocks.3.norm_spatiotemporal.weight	torch.Size([128])	cuda:0	True
2026-05-13 15:43:27,557 - INFO - module.noise_predictor.blocks.3.norm_spatiotemporal.bias	torch.Size([128])	cuda:0	True
2026-05-13 15:43:27,557 - INFO - module.noise_predictor.blocks.3.norm_ffn.weight	torch.Size([128])	cuda:0	True
2026-05-13 15:43:27,557 - INFO - module.noise_predictor.blocks.3.norm_ffn.bias	torch.Size([128])	cuda:0	True
2026-05-13 15:43:27,557 - INFO - module.noise_predictor.blocks.3.time_scale_shift.1.weight	torch.Size([256, 128])	cuda:0	True
2026-05-13 15:43:27,557 - INFO - module.noise_predictor.blocks.3.time_scale_shift.1.bias	torch.Size([256])	cuda:0	True
2026-05-13 15:43:27,557 - INFO - module.noise_predictor.final_norm.weight	torch.Size([128])	cuda:0	True
2026-05-13 15:43:27,557 - INFO - module.noise_predictor.final_norm.bias	torch.Size([128])	cuda:0	True
2026-05-13 15:43:27,557 - INFO - module.noise_predictor.output_projection.weight	torch.Size([3, 128])	cuda:0	True
2026-05-13 15:43:27,557 - INFO - module.noise_predictor.output_projection.bias	torch.Size([3])	cuda:0	True
2026-05-13 15:43:27,557 - INFO - module.noise_predictor.adaptive_graph_learner.node_embeddings	torch.Size([307, 32])	cuda:0	True
2026-05-13 15:43:27,557 - INFO - module.noise_predictor.adaptive_graph_learner.blend_logit	torch.Size([])	cuda:0	True
2026-05-13 15:43:27,557 - INFO - module.noise_predictor.adaptive_graph_learner.fuzzy_centers	torch.Size([3])	cuda:0	True
2026-05-13 15:43:27,557 - INFO - module.noise_predictor.adaptive_graph_learner.fuzzy_log_sigmas	torch.Size([3])	cuda:0	True
2026-05-13 15:43:27,558 - INFO - module.noise_predictor.adaptive_graph_learner.fuzzy_rule_logits	torch.Size([3])	cuda:0	True
2026-05-13 15:43:27,558 - INFO - module.noise_predictor.adaptive_graph_learner.feature_projection.weight	torch.Size([32, 128])	cuda:0	True
2026-05-13 15:43:27,558 - INFO - module.noise_predictor.adaptive_graph_learner.feature_projection.bias	torch.Size([32])	cuda:0	True
2026-05-13 15:43:27,558 - INFO - module.noise_predictor.adaptive_graph_learner.time_projection.weight	torch.Size([32, 128])	cuda:0	True
2026-05-13 15:43:27,558 - INFO - module.noise_predictor.adaptive_graph_learner.time_projection.bias	torch.Size([32])	cuda:0	True
2026-05-13 15:43:27,559 - INFO - Total parameter numbers: 1845177
2026-05-13 15:43:27,559 - INFO - You select `adamw` optimizer.
2026-05-13 15:43:27,562 - INFO - You select `cosineannealinglr` lr_scheduler.
2026-05-13 15:43:27,562 - WARNING - Received none train loss func and will use the loss func defined in the model.
2026-05-13 15:43:27,562 - INFO - Start training ...
2026-05-13 15:43:27,562 - INFO - num_batches:160
2026-05-13 15:43:28,187 - INFO - Enable physics warmup: steps=3000 start_ratio=0.200 mode=linear.
2026-05-13 15:51:25,881 - INFO - epoch complete!
2026-05-13 15:51:25,883 - INFO - evaluating now!
2026-05-13 15:52:01,030 - INFO - Epoch [0/10] train_loss: 2.3445, val_loss: 1.1688, lr: 0.000976, 513.47s
2026-05-13 15:52:01,225 - INFO - Saved model at 0
2026-05-13 15:52:01,233 - INFO - Val loss decrease from inf to 1.1688, saving to /home/lizhuoxuan/lzq/Bigscity-LibCity-master/outputs/20260513_154302__traffic_state_pred__new_diffusion_fuzzy_2__PEMSD4/model_cache/new_diffusion_fuzzy_2_PEMSD4_epoch0.tar
2026-05-13 15:58:45,165 - INFO - epoch complete!
2026-05-13 15:58:45,167 - INFO - evaluating now!
2026-05-13 15:59:25,254 - INFO - Epoch [1/10] train_loss: 1.0474, val_loss: 1.0779, lr: 0.000905, 444.02s
2026-05-13 15:59:25,441 - INFO - Saved model at 1
2026-05-13 15:59:25,443 - INFO - Val loss decrease from 1.1688 to 1.0779, saving to /home/lizhuoxuan/lzq/Bigscity-LibCity-master/outputs/20260513_154302__traffic_state_pred__new_diffusion_fuzzy_2__PEMSD4/model_cache/new_diffusion_fuzzy_2_PEMSD4_epoch1.tar
2026-05-13 16:06:13,336 - INFO - epoch complete!
2026-05-13 16:06:13,337 - INFO - evaluating now!
2026-05-13 16:06:50,996 - INFO - Epoch [2/10] train_loss: 0.9060, val_loss: 0.9033, lr: 0.000796, 445.55s
2026-05-13 16:06:51,160 - INFO - Saved model at 2
2026-05-13 16:06:51,161 - INFO - Val loss decrease from 1.0779 to 0.9033, saving to /home/lizhuoxuan/lzq/Bigscity-LibCity-master/outputs/20260513_154302__traffic_state_pred__new_diffusion_fuzzy_2__PEMSD4/model_cache/new_diffusion_fuzzy_2_PEMSD4_epoch2.tar
2026-05-13 16:12:59,479 - INFO - epoch complete!
2026-05-13 16:12:59,479 - INFO - evaluating now!
2026-05-13 16:13:24,987 - INFO - Epoch [3/10] train_loss: 0.8235, val_loss: 0.8213, lr: 0.000658, 393.83s
2026-05-13 16:13:25,147 - INFO - Saved model at 3
2026-05-13 16:13:25,148 - INFO - Val loss decrease from 0.9033 to 0.8213, saving to /home/lizhuoxuan/lzq/Bigscity-LibCity-master/outputs/20260513_154302__traffic_state_pred__new_diffusion_fuzzy_2__PEMSD4/model_cache/new_diffusion_fuzzy_2_PEMSD4_epoch3.tar
2026-05-13 16:17:49,167 - INFO - Log directory: /home/lizhuoxuan/lzq/Bigscity-LibCity-master/outputs/20260513_154302__traffic_state_pred__new_diffusion_fuzzy_2__PEMSD4/logs
2026-05-13 16:17:49,168 - INFO - Begin eval checkpoint pipeline, run_id=20260513_154302__traffic_state_pred__new_diffusion_fuzzy_2__PEMSD4, epoch=3, task=traffic_state_pred, model=new_diffusion_fuzzy_2, dataset=PEMSD4
2026-05-13 16:17:49,168 - INFO - {'task': 'traffic_state_pred', 'model': 'new_diffusion_fuzzy_2', 'dataset': 'PEMSD4', 'saved_model': False, 'train': False, 'exp_id': '20260513_154302__traffic_state_pred__new_diffusion_fuzzy_2__PEMSD4', 'epoch': 3, 'data_version_id': 'dv_1778654633_1f45c521', 'dataset_class': 'TrafficStatePointDataset', 'executor': 'DiffusionTrafficStateExecutor', 'evaluator': 'TrafficStateEvaluator', 'input_window': 12, 'output_window': 12, 'hidden_dim': 128, 'num_heads': 4, 'encoder_layers': 2, 'denoiser_layers': 4, 'ffn_hidden_dim': 256, 'graph_k_hop': 2, 'use_adaptive_graph': True, 'adaptive_graph_embed_dim': 32, 'adaptive_graph_topk': 12, 'adaptive_graph_blend_init': 0.5, 'use_fuzzy_graph': True, 'fuzzy_graph_num_sets': 3, 'fuzzy_graph_sigma_init': 0.7, 'use_spatiotemporal_attention': True, 'use_temporal_position_embedding': True, 'use_gradient_checkpointing': False, 'use_amp': False, 'dropout': 0.1, 'diffusion_steps': 200, 'diffusion_schedule': 'linear', 'beta_start': 0.0001, 'beta_end': 0.01, 'prediction_clamp_min': -3.0, 'prediction_clamp_max': 3.0, 'num_sampling_steps': 50, 'num_prediction_samples': 1, 'sampling_method': 'ddim', 'ddim_eta': 0.0, 'physics_loss_weight': 0.0, 'physics_warmup_steps': 3000, 'physics_warmup_start_ratio': 0.2, 'physics_warmup_mode': 'linear', 'flow_conservation_coeff': 1.0, 'physics_channel_idx': 0, 'use_fuzzy_conservation': True, 'fuzzy_conservation_threshold': 0.6, 'fuzzy_conservation_temperature': 8.0, 'scaler': 'standard', 'load_external': False, 'normal_external': False, 'add_time_in_day': True, 'add_day_in_week': True, 'max_epoch': 100, 'scale_lr': False, 'learner': 'adamw', 'learning_rate': 0.001, 'lr_decay': True, 'lr_scheduler': 'cosineannealinglr', 'lr_T_max': 100, 'lr_eta_min': 1e-05, 'weight_decay': 0.0001, 'clip_grad_norm': True, 'max_grad_norm': 3, 'use_early_stop': True, 'patience': 30, 'batch_size': 32, 'eval_batch_size': 32, 'cache_dataset': True, 'num_workers': 0, 'pad_with_last_sample': True, 'train_rate': 0.7, 'eval_rate': 0.1, 'ext_scaler': 'none', 'robustness_test': False, 'noise_type': 'gaussian', 'disturb_rate': 0.5, 'noise_mean': [5], 'noise_SD': [10], 'train_loss': 'none', 'gpu': True, 'gpu_id': 0, 'log_every': 1, 'load_best_epoch': True, 'metrics': ['MAE', 'MAPE', 'MSE', 'RMSE', 'masked_MAE', 'masked_MAPE', 'masked_MSE', 'masked_RMSE', 'R2', 'EVAR'], 'evaluator_mode': 'single', 'save_mode': ['csv'], 'geo': {'including_types': ['Point'], 'Point': {}}, 'rel': {'including_types': ['geo'], 'geo': {'cost': 'num'}}, 'dyna': {'including_types': ['state'], 'state': {'entity_id': 'geo_id', 'traffic_flow': 'num', 'traffic_occupancy': 'num', 'traffic_speed': 'num'}}, 'data_col': ['traffic_flow', 'traffic_occupancy', 'traffic_speed'], 'weight_col': 'cost', 'data_files': ['PEMSD4'], 'geo_file': 'PEMSD4', 'rel_file': 'PEMSD4', 'output_dim': 3, 'time_intervals': 300, 'init_weight_inf_or_zero': 'zero', 'set_weight_link_or_dist': 'link', 'calculate_weight_adj': False, 'weight_adj_epsilon': 0.1, 'is_distributed': False, 'world_size': 1, 'rank': 0, 'device': device(type='cuda', index=0)}
2026-05-13 16:18:14,903 - INFO - epoch complete!
2026-05-13 16:18:14,904 - INFO - evaluating now!
2026-05-13 16:18:16,960 - WARNING - [FORCE_REUSE] Artifact data_signature mismatch: artifact=`623c9f1ca83fc4c2adb26bf7c5a180351247f056`, expected=`2fdc0fd7d34f1bbaf7a946f4d1f776ae6eeb1ea4`. Different fields: eval_rate, seed, train_rate.
2026-05-13 16:18:18,913 - INFO - NewDiffusion(
  (condition_encoder): STEncoder(
    (input_projection): Linear(in_features=3, out_features=128, bias=True)
    (blocks): ModuleList(
      (0-1): 2 x STEncoderBlock(
        (temporal_attention): MultiHeadAttention(
          (query_projection): Linear(in_features=128, out_features=128, bias=True)
          (key_projection): Linear(in_features=128, out_features=128, bias=True)
          (value_projection): Linear(in_features=128, out_features=128, bias=True)
          (output_projection): Linear(in_features=128, out_features=128, bias=True)
          (dropout): Dropout(p=0.1, inplace=False)
        )
        (graph_convolution): GraphConvolution(
          (projections): ModuleList(
            (0-2): 3 x Linear(in_features=128, out_features=128, bias=True)
          )
        )
        (feed_forward): FeedForwardNetwork(
          (network): Sequential(
            (0): Linear(in_features=128, out_features=256, bias=True)
            (1): GELU(approximate='none')
            (2): Dropout(p=0.1, inplace=False)
            (3): Linear(in_features=256, out_features=128, bias=True)
            (4): Dropout(p=0.1, inplace=False)
          )
        )
        (norm_temporal): LayerNorm((128,), eps=1e-05, elementwise_affine=True)
        (norm_graph): LayerNorm((128,), eps=1e-05, elementwise_affine=True)
        (norm_ffn): LayerNorm((128,), eps=1e-05, elementwise_affine=True)
        (dropout): Dropout(p=0.1, inplace=False)
      )
    )
    (final_norm): LayerNorm((128,), eps=1e-05, elementwise_affine=True)
  )
  (noise_predictor): AttentionDenoiser(
    (input_projection): Linear(in_features=3, out_features=128, bias=True)
    (time_embedding): SinusoidalTimeEmbedding()
    (time_projection): Sequential(
      (0): Linear(in_features=128, out_features=128, bias=True)
      (1): SiLU()
      (2): Linear(in_features=128, out_features=128, bias=True)
    )
    (condition_fusion): Linear(in_features=256, out_features=128, bias=True)
    (blocks): ModuleList(
      (0-3): 4 x DenoiserBlock(
        (temporal_attention): MultiHeadAttention(
          (query_projection): Linear(in_features=128, out_features=128, bias=True)
          (key_projection): Linear(in_features=128, out_features=128, bias=True)
          (value_projection): Linear(in_features=128, out_features=128, bias=True)
          (output_projection): Linear(in_features=128, out_features=128, bias=True)
          (dropout): Dropout(p=0.1, inplace=False)
        )
        (graph_convolution): GraphConvolution(
          (projections): ModuleList(
            (0-2): 3 x Linear(in_features=128, out_features=128, bias=True)
          )
        )
        (cross_attention): MultiHeadAttention(
          (query_projection): Linear(in_features=128, out_features=128, bias=True)
          (key_projection): Linear(in_features=128, out_features=128, bias=True)
          (value_projection): Linear(in_features=128, out_features=128, bias=True)
          (output_projection): Linear(in_features=128, out_features=128, bias=True)
          (dropout): Dropout(p=0.1, inplace=False)
        )
        (spatiotemporal_attention): MultiHeadAttention(
          (query_projection): Linear(in_features=128, out_features=128, bias=True)
          (key_projection): Linear(in_features=128, out_features=128, bias=True)
          (value_projection): Linear(in_features=128, out_features=128, bias=True)
          (output_projection): Linear(in_features=128, out_features=128, bias=True)
          (dropout): Dropout(p=0.1, inplace=False)
        )
        (feed_forward): FeedForwardNetwork(
          (network): Sequential(
            (0): Linear(in_features=128, out_features=256, bias=True)
            (1): GELU(approximate='none')
            (2): Dropout(p=0.1, inplace=False)
            (3): Linear(in_features=256, out_features=128, bias=True)
            (4): Dropout(p=0.1, inplace=False)
          )
        )
        (norm_temporal): LayerNorm((128,), eps=1e-05, elementwise_affine=True)
        (norm_graph): LayerNorm((128,), eps=1e-05, elementwise_affine=True)
        (norm_cross): LayerNorm((128,), eps=1e-05, elementwise_affine=True)
        (norm_spatiotemporal): LayerNorm((128,), eps=1e-05, elementwise_affine=True)
        (norm_ffn): LayerNorm((128,), eps=1e-05, elementwise_affine=True)
        (dropout): Dropout(p=0.1, inplace=False)
        (time_scale_shift): Sequential(
          (0): SiLU()
          (1): Linear(in_features=128, out_features=256, bias=True)
        )
      )
    )
    (final_norm): LayerNorm((128,), eps=1e-05, elementwise_affine=True)
    (output_projection): Linear(in_features=128, out_features=3, bias=True)
    (adaptive_graph_learner): AdaptiveGraphLearner(
      (feature_projection): Linear(in_features=128, out_features=32, bias=True)
      (time_projection): Linear(in_features=128, out_features=32, bias=True)
    )
  )
  (diffusion_scheduler): DiffusionScheduler()
)
2026-05-13 16:18:18,917 - INFO - condition_encoder.temporal_position_embedding	torch.Size([1, 12, 1, 128])	cuda:0	True
2026-05-13 16:18:18,918 - INFO - condition_encoder.input_projection.weight	torch.Size([128, 3])	cuda:0	True
2026-05-13 16:18:18,918 - INFO - condition_encoder.input_projection.bias	torch.Size([128])	cuda:0	True
2026-05-13 16:18:18,918 - INFO - condition_encoder.blocks.0.temporal_attention.query_projection.weight	torch.Size([128, 128])	cuda:0	True
2026-05-13 16:18:18,918 - INFO - condition_encoder.blocks.0.temporal_attention.query_projection.bias	torch.Size([128])	cuda:0	True
2026-05-13 16:18:18,918 - INFO - condition_encoder.blocks.0.temporal_attention.key_projection.weight	torch.Size([128, 128])	cuda:0	True
2026-05-13 16:18:18,918 - INFO - condition_encoder.blocks.0.temporal_attention.key_projection.bias	torch.Size([128])	cuda:0	True
2026-05-13 16:18:18,918 - INFO - condition_encoder.blocks.0.temporal_attention.value_projection.weight	torch.Size([128, 128])	cuda:0	True
2026-05-13 16:18:18,918 - INFO - condition_encoder.blocks.0.temporal_attention.value_projection.bias	torch.Size([128])	cuda:0	True
2026-05-13 16:18:18,918 - INFO - condition_encoder.blocks.0.temporal_attention.output_projection.weight	torch.Size([128, 128])	cuda:0	True
2026-05-13 16:18:18,918 - INFO - condition_encoder.blocks.0.temporal_attention.output_projection.bias	torch.Size([128])	cuda:0	True
2026-05-13 16:18:18,919 - INFO - condition_encoder.blocks.0.graph_convolution.projections.0.weight	torch.Size([128, 128])	cuda:0	True
2026-05-13 16:18:18,919 - INFO - condition_encoder.blocks.0.graph_convolution.projections.0.bias	torch.Size([128])	cuda:0	True
2026-05-13 16:18:18,919 - INFO - condition_encoder.blocks.0.graph_convolution.projections.1.weight	torch.Size([128, 128])	cuda:0	True
2026-05-13 16:18:18,919 - INFO - condition_encoder.blocks.0.graph_convolution.projections.1.bias	torch.Size([128])	cuda:0	True
2026-05-13 16:18:18,919 - INFO - condition_encoder.blocks.0.graph_convolution.projections.2.weight	torch.Size([128, 128])	cuda:0	True
2026-05-13 16:18:18,919 - INFO - condition_encoder.blocks.0.graph_convolution.projections.2.bias	torch.Size([128])	cuda:0	True
2026-05-13 16:18:18,919 - INFO - condition_encoder.blocks.0.feed_forward.network.0.weight	torch.Size([256, 128])	cuda:0	True
2026-05-13 16:18:18,919 - INFO - condition_encoder.blocks.0.feed_forward.network.0.bias	torch.Size([256])	cuda:0	True
2026-05-13 16:18:18,919 - INFO - condition_encoder.blocks.0.feed_forward.network.3.weight	torch.Size([128, 256])	cuda:0	True
2026-05-13 16:18:18,919 - INFO - condition_encoder.blocks.0.feed_forward.network.3.bias	torch.Size([128])	cuda:0	True
2026-05-13 16:18:18,919 - INFO - condition_encoder.blocks.0.norm_temporal.weight	torch.Size([128])	cuda:0	True
2026-05-13 16:18:18,919 - INFO - condition_encoder.blocks.0.norm_temporal.bias	torch.Size([128])	cuda:0	True
2026-05-13 16:18:18,919 - INFO - condition_encoder.blocks.0.norm_graph.weight	torch.Size([128])	cuda:0	True
2026-05-13 16:18:18,919 - INFO - condition_encoder.blocks.0.norm_graph.bias	torch.Size([128])	cuda:0	True
2026-05-13 16:18:18,919 - INFO - condition_encoder.blocks.0.norm_ffn.weight	torch.Size([128])	cuda:0	True
2026-05-13 16:18:18,919 - INFO - condition_encoder.blocks.0.norm_ffn.bias	torch.Size([128])	cuda:0	True
2026-05-13 16:18:18,919 - INFO - condition_encoder.blocks.1.temporal_attention.query_projection.weight	torch.Size([128, 128])	cuda:0	True
2026-05-13 16:18:18,919 - INFO - condition_encoder.blocks.1.temporal_attention.query_projection.bias	torch.Size([128])	cuda:0	True
2026-05-13 16:18:18,919 - INFO - condition_encoder.blocks.1.temporal_attention.key_projection.weight	torch.Size([128, 128])	cuda:0	True
2026-05-13 16:18:18,919 - INFO - condition_encoder.blocks.1.temporal_attention.key_projection.bias	torch.Size([128])	cuda:0	True
2026-05-13 16:18:18,919 - INFO - condition_encoder.blocks.1.temporal_attention.value_projection.weight	torch.Size([128, 128])	cuda:0	True
2026-05-13 16:18:18,919 - INFO - condition_encoder.blocks.1.temporal_attention.value_projection.bias	torch.Size([128])	cuda:0	True
2026-05-13 16:18:18,920 - INFO - condition_encoder.blocks.1.temporal_attention.output_projection.weight	torch.Size([128, 128])	cuda:0	True
2026-05-13 16:18:18,920 - INFO - condition_encoder.blocks.1.temporal_attention.output_projection.bias	torch.Size([128])	cuda:0	True
2026-05-13 16:18:18,920 - INFO - condition_encoder.blocks.1.graph_convolution.projections.0.weight	torch.Size([128, 128])	cuda:0	True
2026-05-13 16:18:18,920 - INFO - condition_encoder.blocks.1.graph_convolution.projections.0.bias	torch.Size([128])	cuda:0	True
2026-05-13 16:18:18,920 - INFO - condition_encoder.blocks.1.graph_convolution.projections.1.weight	torch.Size([128, 128])	cuda:0	True
2026-05-13 16:18:18,920 - INFO - condition_encoder.blocks.1.graph_convolution.projections.1.bias	torch.Size([128])	cuda:0	True
2026-05-13 16:18:18,920 - INFO - condition_encoder.blocks.1.graph_convolution.projections.2.weight	torch.Size([128, 128])	cuda:0	True
2026-05-13 16:18:18,920 - INFO - condition_encoder.blocks.1.graph_convolution.projections.2.bias	torch.Size([128])	cuda:0	True
2026-05-13 16:18:18,921 - INFO - condition_encoder.blocks.1.feed_forward.network.0.weight	torch.Size([256, 128])	cuda:0	True
2026-05-13 16:18:18,921 - INFO - condition_encoder.blocks.1.feed_forward.network.0.bias	torch.Size([256])	cuda:0	True
2026-05-13 16:18:18,921 - INFO - condition_encoder.blocks.1.feed_forward.network.3.weight	torch.Size([128, 256])	cuda:0	True
2026-05-13 16:18:18,921 - INFO - condition_encoder.blocks.1.feed_forward.network.3.bias	torch.Size([128])	cuda:0	True
2026-05-13 16:18:18,921 - INFO - condition_encoder.blocks.1.norm_temporal.weight	torch.Size([128])	cuda:0	True
2026-05-13 16:18:18,921 - INFO - condition_encoder.blocks.1.norm_temporal.bias	torch.Size([128])	cuda:0	True
2026-05-13 16:18:18,921 - INFO - condition_encoder.blocks.1.norm_graph.weight	torch.Size([128])	cuda:0	True
2026-05-13 16:18:18,921 - INFO - condition_encoder.blocks.1.norm_graph.bias	torch.Size([128])	cuda:0	True
2026-05-13 16:18:18,921 - INFO - condition_encoder.blocks.1.norm_ffn.weight	torch.Size([128])	cuda:0	True
2026-05-13 16:18:18,921 - INFO - condition_encoder.blocks.1.norm_ffn.bias	torch.Size([128])	cuda:0	True
2026-05-13 16:18:18,921 - INFO - condition_encoder.final_norm.weight	torch.Size([128])	cuda:0	True
2026-05-13 16:18:18,921 - INFO - condition_encoder.final_norm.bias	torch.Size([128])	cuda:0	True
2026-05-13 16:18:18,921 - INFO - noise_predictor.future_position_embedding	torch.Size([1, 12, 1, 128])	cuda:0	True
2026-05-13 16:18:18,921 - INFO - noise_predictor.condition_temporal_weight	torch.Size([12])	cuda:0	True
2026-05-13 16:18:18,921 - INFO - noise_predictor.input_projection.weight	torch.Size([128, 3])	cuda:0	True
2026-05-13 16:18:18,921 - INFO - noise_predictor.input_projection.bias	torch.Size([128])	cuda:0	True
2026-05-13 16:18:18,921 - INFO - noise_predictor.time_projection.0.weight	torch.Size([128, 128])	cuda:0	True
2026-05-13 16:18:18,922 - INFO - noise_predictor.time_projection.0.bias	torch.Size([128])	cuda:0	True
2026-05-13 16:18:18,922 - INFO - noise_predictor.time_projection.2.weight	torch.Size([128, 128])	cuda:0	True
2026-05-13 16:18:18,922 - INFO - noise_predictor.time_projection.2.bias	torch.Size([128])	cuda:0	True
2026-05-13 16:18:18,922 - INFO - noise_predictor.condition_fusion.weight	torch.Size([128, 256])	cuda:0	True
2026-05-13 16:18:18,922 - INFO - noise_predictor.condition_fusion.bias	torch.Size([128])	cuda:0	True
2026-05-13 16:18:18,922 - INFO - noise_predictor.blocks.0.temporal_attention.query_projection.weight	torch.Size([128, 128])	cuda:0	True
2026-05-13 16:18:18,922 - INFO - noise_predictor.blocks.0.temporal_attention.query_projection.bias	torch.Size([128])	cuda:0	True
2026-05-13 16:18:18,922 - INFO - noise_predictor.blocks.0.temporal_attention.key_projection.weight	torch.Size([128, 128])	cuda:0	True
2026-05-13 16:18:18,922 - INFO - noise_predictor.blocks.0.temporal_attention.key_projection.bias	torch.Size([128])	cuda:0	True
2026-05-13 16:18:18,922 - INFO - noise_predictor.blocks.0.temporal_attention.value_projection.weight	torch.Size([128, 128])	cuda:0	True
2026-05-13 16:18:18,922 - INFO - noise_predictor.blocks.0.temporal_attention.value_projection.bias	torch.Size([128])	cuda:0	True
2026-05-13 16:18:18,922 - INFO - noise_predictor.blocks.0.temporal_attention.output_projection.weight	torch.Size([128, 128])	cuda:0	True
2026-05-13 16:18:18,922 - INFO - noise_predictor.blocks.0.temporal_attention.output_projection.bias	torch.Size([128])	cuda:0	True
2026-05-13 16:18:18,922 - INFO - noise_predictor.blocks.0.graph_convolution.projections.0.weight	torch.Size([128, 128])	cuda:0	True
2026-05-13 16:18:18,922 - INFO - noise_predictor.blocks.0.graph_convolution.projections.0.bias	torch.Size([128])	cuda:0	True
2026-05-13 16:18:18,922 - INFO - noise_predictor.blocks.0.graph_convolution.projections.1.weight	torch.Size([128, 128])	cuda:0	True
2026-05-13 16:18:18,923 - INFO - noise_predictor.blocks.0.graph_convolution.projections.1.bias	torch.Size([128])	cuda:0	True
2026-05-13 16:18:18,923 - INFO - noise_predictor.blocks.0.graph_convolution.projections.2.weight	torch.Size([128, 128])	cuda:0	True
2026-05-13 16:18:18,923 - INFO - noise_predictor.blocks.0.graph_convolution.projections.2.bias	torch.Size([128])	cuda:0	True
2026-05-13 16:18:18,923 - INFO - noise_predictor.blocks.0.cross_attention.query_projection.weight	torch.Size([128, 128])	cuda:0	True
2026-05-13 16:18:18,923 - INFO - noise_predictor.blocks.0.cross_attention.query_projection.bias	torch.Size([128])	cuda:0	True
2026-05-13 16:18:18,923 - INFO - noise_predictor.blocks.0.cross_attention.key_projection.weight	torch.Size([128, 128])	cuda:0	True
2026-05-13 16:18:18,923 - INFO - noise_predictor.blocks.0.cross_attention.key_projection.bias	torch.Size([128])	cuda:0	True
2026-05-13 16:18:18,923 - INFO - noise_predictor.blocks.0.cross_attention.value_projection.weight	torch.Size([128, 128])	cuda:0	True
2026-05-13 16:18:18,923 - INFO - noise_predictor.blocks.0.cross_attention.value_projection.bias	torch.Size([128])	cuda:0	True
2026-05-13 16:18:18,923 - INFO - noise_predictor.blocks.0.cross_attention.output_projection.weight	torch.Size([128, 128])	cuda:0	True
2026-05-13 16:18:18,923 - INFO - noise_predictor.blocks.0.cross_attention.output_projection.bias	torch.Size([128])	cuda:0	True
2026-05-13 16:18:18,923 - INFO - noise_predictor.blocks.0.spatiotemporal_attention.query_projection.weight	torch.Size([128, 128])	cuda:0	True
2026-05-13 16:18:18,923 - INFO - noise_predictor.blocks.0.spatiotemporal_attention.query_projection.bias	torch.Size([128])	cuda:0	True
2026-05-13 16:18:18,923 - INFO - noise_predictor.blocks.0.spatiotemporal_attention.key_projection.weight	torch.Size([128, 128])	cuda:0	True
2026-05-13 16:18:18,923 - INFO - noise_predictor.blocks.0.spatiotemporal_attention.key_projection.bias	torch.Size([128])	cuda:0	True
2026-05-13 16:18:18,923 - INFO - noise_predictor.blocks.0.spatiotemporal_attention.value_projection.weight	torch.Size([128, 128])	cuda:0	True
2026-05-13 16:18:18,923 - INFO - noise_predictor.blocks.0.spatiotemporal_attention.value_projection.bias	torch.Size([128])	cuda:0	True
2026-05-13 16:18:18,923 - INFO - noise_predictor.blocks.0.spatiotemporal_attention.output_projection.weight	torch.Size([128, 128])	cuda:0	True
2026-05-13 16:18:18,923 - INFO - noise_predictor.blocks.0.spatiotemporal_attention.output_projection.bias	torch.Size([128])	cuda:0	True
2026-05-13 16:18:18,923 - INFO - noise_predictor.blocks.0.feed_forward.network.0.weight	torch.Size([256, 128])	cuda:0	True
2026-05-13 16:18:18,924 - INFO - noise_predictor.blocks.0.feed_forward.network.0.bias	torch.Size([256])	cuda:0	True
2026-05-13 16:18:18,924 - INFO - noise_predictor.blocks.0.feed_forward.network.3.weight	torch.Size([128, 256])	cuda:0	True
2026-05-13 16:18:18,924 - INFO - noise_predictor.blocks.0.feed_forward.network.3.bias	torch.Size([128])	cuda:0	True
2026-05-13 16:18:18,925 - INFO - noise_predictor.blocks.0.norm_temporal.weight	torch.Size([128])	cuda:0	True
2026-05-13 16:18:18,925 - INFO - noise_predictor.blocks.0.norm_temporal.bias	torch.Size([128])	cuda:0	True
2026-05-13 16:18:18,925 - INFO - noise_predictor.blocks.0.norm_graph.weight	torch.Size([128])	cuda:0	True
2026-05-13 16:18:18,925 - INFO - noise_predictor.blocks.0.norm_graph.bias	torch.Size([128])	cuda:0	True
2026-05-13 16:18:18,925 - INFO - noise_predictor.blocks.0.norm_cross.weight	torch.Size([128])	cuda:0	True
2026-05-13 16:18:18,925 - INFO - noise_predictor.blocks.0.norm_cross.bias	torch.Size([128])	cuda:0	True
2026-05-13 16:18:18,925 - INFO - noise_predictor.blocks.0.norm_spatiotemporal.weight	torch.Size([128])	cuda:0	True
2026-05-13 16:18:18,925 - INFO - noise_predictor.blocks.0.norm_spatiotemporal.bias	torch.Size([128])	cuda:0	True
2026-05-13 16:18:18,925 - INFO - noise_predictor.blocks.0.norm_ffn.weight	torch.Size([128])	cuda:0	True
2026-05-13 16:18:18,925 - INFO - noise_predictor.blocks.0.norm_ffn.bias	torch.Size([128])	cuda:0	True
2026-05-13 16:18:18,925 - INFO - noise_predictor.blocks.0.time_scale_shift.1.weight	torch.Size([256, 128])	cuda:0	True
2026-05-13 16:18:18,925 - INFO - noise_predictor.blocks.0.time_scale_shift.1.bias	torch.Size([256])	cuda:0	True
2026-05-13 16:18:18,925 - INFO - noise_predictor.blocks.1.temporal_attention.query_projection.weight	torch.Size([128, 128])	cuda:0	True
2026-05-13 16:18:18,925 - INFO - noise_predictor.blocks.1.temporal_attention.query_projection.bias	torch.Size([128])	cuda:0	True
2026-05-13 16:18:18,925 - INFO - noise_predictor.blocks.1.temporal_attention.key_projection.weight	torch.Size([128, 128])	cuda:0	True
2026-05-13 16:18:18,925 - INFO - noise_predictor.blocks.1.temporal_attention.key_projection.bias	torch.Size([128])	cuda:0	True
2026-05-13 16:18:18,925 - INFO - noise_predictor.blocks.1.temporal_attention.value_projection.weight	torch.Size([128, 128])	cuda:0	True
2026-05-13 16:18:18,925 - INFO - noise_predictor.blocks.1.temporal_attention.value_projection.bias	torch.Size([128])	cuda:0	True
2026-05-13 16:18:18,925 - INFO - noise_predictor.blocks.1.temporal_attention.output_projection.weight	torch.Size([128, 128])	cuda:0	True
2026-05-13 16:18:18,925 - INFO - noise_predictor.blocks.1.temporal_attention.output_projection.bias	torch.Size([128])	cuda:0	True
2026-05-13 16:18:18,926 - INFO - noise_predictor.blocks.1.graph_convolution.projections.0.weight	torch.Size([128, 128])	cuda:0	True
2026-05-13 16:18:18,926 - INFO - noise_predictor.blocks.1.graph_convolution.projections.0.bias	torch.Size([128])	cuda:0	True
2026-05-13 16:18:18,926 - INFO - noise_predictor.blocks.1.graph_convolution.projections.1.weight	torch.Size([128, 128])	cuda:0	True
2026-05-13 16:18:18,926 - INFO - noise_predictor.blocks.1.graph_convolution.projections.1.bias	torch.Size([128])	cuda:0	True
2026-05-13 16:18:18,926 - INFO - noise_predictor.blocks.1.graph_convolution.projections.2.weight	torch.Size([128, 128])	cuda:0	True
2026-05-13 16:18:18,926 - INFO - noise_predictor.blocks.1.graph_convolution.projections.2.bias	torch.Size([128])	cuda:0	True
2026-05-13 16:18:18,926 - INFO - noise_predictor.blocks.1.cross_attention.query_projection.weight	torch.Size([128, 128])	cuda:0	True
2026-05-13 16:18:18,926 - INFO - noise_predictor.blocks.1.cross_attention.query_projection.bias	torch.Size([128])	cuda:0	True
2026-05-13 16:18:18,926 - INFO - noise_predictor.blocks.1.cross_attention.key_projection.weight	torch.Size([128, 128])	cuda:0	True
2026-05-13 16:18:18,926 - INFO - noise_predictor.blocks.1.cross_attention.key_projection.bias	torch.Size([128])	cuda:0	True
2026-05-13 16:18:18,926 - INFO - noise_predictor.blocks.1.cross_attention.value_projection.weight	torch.Size([128, 128])	cuda:0	True
2026-05-13 16:18:18,926 - INFO - noise_predictor.blocks.1.cross_attention.value_projection.bias	torch.Size([128])	cuda:0	True
2026-05-13 16:18:18,926 - INFO - noise_predictor.blocks.1.cross_attention.output_projection.weight	torch.Size([128, 128])	cuda:0	True
2026-05-13 16:18:18,926 - INFO - noise_predictor.blocks.1.cross_attention.output_projection.bias	torch.Size([128])	cuda:0	True
2026-05-13 16:18:18,926 - INFO - noise_predictor.blocks.1.spatiotemporal_attention.query_projection.weight	torch.Size([128, 128])	cuda:0	True
2026-05-13 16:18:18,926 - INFO - noise_predictor.blocks.1.spatiotemporal_attention.query_projection.bias	torch.Size([128])	cuda:0	True
2026-05-13 16:18:18,926 - INFO - noise_predictor.blocks.1.spatiotemporal_attention.key_projection.weight	torch.Size([128, 128])	cuda:0	True
2026-05-13 16:18:18,926 - INFO - noise_predictor.blocks.1.spatiotemporal_attention.key_projection.bias	torch.Size([128])	cuda:0	True
2026-05-13 16:18:18,926 - INFO - noise_predictor.blocks.1.spatiotemporal_attention.value_projection.weight	torch.Size([128, 128])	cuda:0	True
2026-05-13 16:18:18,926 - INFO - noise_predictor.blocks.1.spatiotemporal_attention.value_projection.bias	torch.Size([128])	cuda:0	True
2026-05-13 16:18:18,926 - INFO - noise_predictor.blocks.1.spatiotemporal_attention.output_projection.weight	torch.Size([128, 128])	cuda:0	True
2026-05-13 16:18:18,927 - INFO - noise_predictor.blocks.1.spatiotemporal_attention.output_projection.bias	torch.Size([128])	cuda:0	True
2026-05-13 16:18:18,927 - INFO - noise_predictor.blocks.1.feed_forward.network.0.weight	torch.Size([256, 128])	cuda:0	True
2026-05-13 16:18:18,927 - INFO - noise_predictor.blocks.1.feed_forward.network.0.bias	torch.Size([256])	cuda:0	True
2026-05-13 16:18:18,927 - INFO - noise_predictor.blocks.1.feed_forward.network.3.weight	torch.Size([128, 256])	cuda:0	True
2026-05-13 16:18:18,927 - INFO - noise_predictor.blocks.1.feed_forward.network.3.bias	torch.Size([128])	cuda:0	True
2026-05-13 16:18:18,927 - INFO - noise_predictor.blocks.1.norm_temporal.weight	torch.Size([128])	cuda:0	True
2026-05-13 16:18:18,927 - INFO - noise_predictor.blocks.1.norm_temporal.bias	torch.Size([128])	cuda:0	True
2026-05-13 16:18:18,927 - INFO - noise_predictor.blocks.1.norm_graph.weight	torch.Size([128])	cuda:0	True
2026-05-13 16:18:18,927 - INFO - noise_predictor.blocks.1.norm_graph.bias	torch.Size([128])	cuda:0	True
2026-05-13 16:18:18,927 - INFO - noise_predictor.blocks.1.norm_cross.weight	torch.Size([128])	cuda:0	True
2026-05-13 16:18:18,927 - INFO - noise_predictor.blocks.1.norm_cross.bias	torch.Size([128])	cuda:0	True
2026-05-13 16:18:18,927 - INFO - noise_predictor.blocks.1.norm_spatiotemporal.weight	torch.Size([128])	cuda:0	True
2026-05-13 16:18:18,927 - INFO - noise_predictor.blocks.1.norm_spatiotemporal.bias	torch.Size([128])	cuda:0	True
2026-05-13 16:18:18,927 - INFO - noise_predictor.blocks.1.norm_ffn.weight	torch.Size([128])	cuda:0	True
2026-05-13 16:18:18,927 - INFO - noise_predictor.blocks.1.norm_ffn.bias	torch.Size([128])	cuda:0	True
2026-05-13 16:18:18,927 - INFO - noise_predictor.blocks.1.time_scale_shift.1.weight	torch.Size([256, 128])	cuda:0	True
2026-05-13 16:18:18,927 - INFO - noise_predictor.blocks.1.time_scale_shift.1.bias	torch.Size([256])	cuda:0	True
2026-05-13 16:18:18,927 - INFO - noise_predictor.blocks.2.temporal_attention.query_projection.weight	torch.Size([128, 128])	cuda:0	True
2026-05-13 16:18:18,927 - INFO - noise_predictor.blocks.2.temporal_attention.query_projection.bias	torch.Size([128])	cuda:0	True
2026-05-13 16:18:18,928 - INFO - noise_predictor.blocks.2.temporal_attention.key_projection.weight	torch.Size([128, 128])	cuda:0	True
2026-05-13 16:18:18,928 - INFO - noise_predictor.blocks.2.temporal_attention.key_projection.bias	torch.Size([128])	cuda:0	True
2026-05-13 16:18:18,928 - INFO - noise_predictor.blocks.2.temporal_attention.value_projection.weight	torch.Size([128, 128])	cuda:0	True
2026-05-13 16:18:18,928 - INFO - noise_predictor.blocks.2.temporal_attention.value_projection.bias	torch.Size([128])	cuda:0	True
2026-05-13 16:18:18,928 - INFO - noise_predictor.blocks.2.temporal_attention.output_projection.weight	torch.Size([128, 128])	cuda:0	True
2026-05-13 16:18:18,928 - INFO - noise_predictor.blocks.2.temporal_attention.output_projection.bias	torch.Size([128])	cuda:0	True
2026-05-13 16:18:18,928 - INFO - noise_predictor.blocks.2.graph_convolution.projections.0.weight	torch.Size([128, 128])	cuda:0	True
2026-05-13 16:18:18,928 - INFO - noise_predictor.blocks.2.graph_convolution.projections.0.bias	torch.Size([128])	cuda:0	True
2026-05-13 16:18:18,928 - INFO - noise_predictor.blocks.2.graph_convolution.projections.1.weight	torch.Size([128, 128])	cuda:0	True
2026-05-13 16:18:18,928 - INFO - noise_predictor.blocks.2.graph_convolution.projections.1.bias	torch.Size([128])	cuda:0	True
2026-05-13 16:18:18,928 - INFO - noise_predictor.blocks.2.graph_convolution.projections.2.weight	torch.Size([128, 128])	cuda:0	True
2026-05-13 16:18:18,928 - INFO - noise_predictor.blocks.2.graph_convolution.projections.2.bias	torch.Size([128])	cuda:0	True
2026-05-13 16:18:18,928 - INFO - noise_predictor.blocks.2.cross_attention.query_projection.weight	torch.Size([128, 128])	cuda:0	True
2026-05-13 16:18:18,928 - INFO - noise_predictor.blocks.2.cross_attention.query_projection.bias	torch.Size([128])	cuda:0	True
2026-05-13 16:18:18,928 - INFO - noise_predictor.blocks.2.cross_attention.key_projection.weight	torch.Size([128, 128])	cuda:0	True
2026-05-13 16:18:18,928 - INFO - noise_predictor.blocks.2.cross_attention.key_projection.bias	torch.Size([128])	cuda:0	True
2026-05-13 16:18:18,928 - INFO - noise_predictor.blocks.2.cross_attention.value_projection.weight	torch.Size([128, 128])	cuda:0	True
2026-05-13 16:18:18,928 - INFO - noise_predictor.blocks.2.cross_attention.value_projection.bias	torch.Size([128])	cuda:0	True
2026-05-13 16:18:18,928 - INFO - noise_predictor.blocks.2.cross_attention.output_projection.weight	torch.Size([128, 128])	cuda:0	True
2026-05-13 16:18:18,928 - INFO - noise_predictor.blocks.2.cross_attention.output_projection.bias	torch.Size([128])	cuda:0	True
2026-05-13 16:18:18,928 - INFO - noise_predictor.blocks.2.spatiotemporal_attention.query_projection.weight	torch.Size([128, 128])	cuda:0	True
2026-05-13 16:18:18,928 - INFO - noise_predictor.blocks.2.spatiotemporal_attention.query_projection.bias	torch.Size([128])	cuda:0	True
2026-05-13 16:18:18,928 - INFO - noise_predictor.blocks.2.spatiotemporal_attention.key_projection.weight	torch.Size([128, 128])	cuda:0	True
2026-05-13 16:18:18,928 - INFO - noise_predictor.blocks.2.spatiotemporal_attention.key_projection.bias	torch.Size([128])	cuda:0	True
2026-05-13 16:18:18,929 - INFO - noise_predictor.blocks.2.spatiotemporal_attention.value_projection.weight	torch.Size([128, 128])	cuda:0	True
2026-05-13 16:18:18,929 - INFO - noise_predictor.blocks.2.spatiotemporal_attention.value_projection.bias	torch.Size([128])	cuda:0	True
2026-05-13 16:18:18,929 - INFO - noise_predictor.blocks.2.spatiotemporal_attention.output_projection.weight	torch.Size([128, 128])	cuda:0	True
2026-05-13 16:18:18,929 - INFO - noise_predictor.blocks.2.spatiotemporal_attention.output_projection.bias	torch.Size([128])	cuda:0	True
2026-05-13 16:18:18,929 - INFO - noise_predictor.blocks.2.feed_forward.network.0.weight	torch.Size([256, 128])	cuda:0	True
2026-05-13 16:18:18,929 - INFO - noise_predictor.blocks.2.feed_forward.network.0.bias	torch.Size([256])	cuda:0	True
2026-05-13 16:18:18,929 - INFO - noise_predictor.blocks.2.feed_forward.network.3.weight	torch.Size([128, 256])	cuda:0	True
2026-05-13 16:18:18,929 - INFO - noise_predictor.blocks.2.feed_forward.network.3.bias	torch.Size([128])	cuda:0	True
2026-05-13 16:18:18,929 - INFO - noise_predictor.blocks.2.norm_temporal.weight	torch.Size([128])	cuda:0	True
2026-05-13 16:18:18,929 - INFO - noise_predictor.blocks.2.norm_temporal.bias	torch.Size([128])	cuda:0	True
2026-05-13 16:18:18,929 - INFO - noise_predictor.blocks.2.norm_graph.weight	torch.Size([128])	cuda:0	True
2026-05-13 16:18:18,929 - INFO - noise_predictor.blocks.2.norm_graph.bias	torch.Size([128])	cuda:0	True
2026-05-13 16:18:18,929 - INFO - noise_predictor.blocks.2.norm_cross.weight	torch.Size([128])	cuda:0	True
2026-05-13 16:18:18,929 - INFO - noise_predictor.blocks.2.norm_cross.bias	torch.Size([128])	cuda:0	True
2026-05-13 16:18:18,929 - INFO - noise_predictor.blocks.2.norm_spatiotemporal.weight	torch.Size([128])	cuda:0	True
2026-05-13 16:18:18,929 - INFO - noise_predictor.blocks.2.norm_spatiotemporal.bias	torch.Size([128])	cuda:0	True
2026-05-13 16:18:18,929 - INFO - noise_predictor.blocks.2.norm_ffn.weight	torch.Size([128])	cuda:0	True
2026-05-13 16:18:18,929 - INFO - noise_predictor.blocks.2.norm_ffn.bias	torch.Size([128])	cuda:0	True
2026-05-13 16:18:18,929 - INFO - noise_predictor.blocks.2.time_scale_shift.1.weight	torch.Size([256, 128])	cuda:0	True
2026-05-13 16:18:18,930 - INFO - noise_predictor.blocks.2.time_scale_shift.1.bias	torch.Size([256])	cuda:0	True
2026-05-13 16:18:18,930 - INFO - noise_predictor.blocks.3.temporal_attention.query_projection.weight	torch.Size([128, 128])	cuda:0	True
2026-05-13 16:18:18,930 - INFO - noise_predictor.blocks.3.temporal_attention.query_projection.bias	torch.Size([128])	cuda:0	True
2026-05-13 16:18:18,930 - INFO - noise_predictor.blocks.3.temporal_attention.key_projection.weight	torch.Size([128, 128])	cuda:0	True
2026-05-13 16:18:18,930 - INFO - noise_predictor.blocks.3.temporal_attention.key_projection.bias	torch.Size([128])	cuda:0	True
2026-05-13 16:18:18,930 - INFO - noise_predictor.blocks.3.temporal_attention.value_projection.weight	torch.Size([128, 128])	cuda:0	True
2026-05-13 16:18:18,930 - INFO - noise_predictor.blocks.3.temporal_attention.value_projection.bias	torch.Size([128])	cuda:0	True
2026-05-13 16:18:18,930 - INFO - noise_predictor.blocks.3.temporal_attention.output_projection.weight	torch.Size([128, 128])	cuda:0	True
2026-05-13 16:18:18,930 - INFO - noise_predictor.blocks.3.temporal_attention.output_projection.bias	torch.Size([128])	cuda:0	True
2026-05-13 16:18:18,930 - INFO - noise_predictor.blocks.3.graph_convolution.projections.0.weight	torch.Size([128, 128])	cuda:0	True
2026-05-13 16:18:18,930 - INFO - noise_predictor.blocks.3.graph_convolution.projections.0.bias	torch.Size([128])	cuda:0	True
2026-05-13 16:18:18,930 - INFO - noise_predictor.blocks.3.graph_convolution.projections.1.weight	torch.Size([128, 128])	cuda:0	True
2026-05-13 16:18:18,930 - INFO - noise_predictor.blocks.3.graph_convolution.projections.1.bias	torch.Size([128])	cuda:0	True
2026-05-13 16:18:18,930 - INFO - noise_predictor.blocks.3.graph_convolution.projections.2.weight	torch.Size([128, 128])	cuda:0	True
2026-05-13 16:18:18,930 - INFO - noise_predictor.blocks.3.graph_convolution.projections.2.bias	torch.Size([128])	cuda:0	True
2026-05-13 16:18:18,930 - INFO - noise_predictor.blocks.3.cross_attention.query_projection.weight	torch.Size([128, 128])	cuda:0	True
2026-05-13 16:18:18,930 - INFO - noise_predictor.blocks.3.cross_attention.query_projection.bias	torch.Size([128])	cuda:0	True
2026-05-13 16:18:18,930 - INFO - noise_predictor.blocks.3.cross_attention.key_projection.weight	torch.Size([128, 128])	cuda:0	True
2026-05-13 16:18:18,930 - INFO - noise_predictor.blocks.3.cross_attention.key_projection.bias	torch.Size([128])	cuda:0	True
2026-05-13 16:18:18,930 - INFO - noise_predictor.blocks.3.cross_attention.value_projection.weight	torch.Size([128, 128])	cuda:0	True
2026-05-13 16:18:18,931 - INFO - noise_predictor.blocks.3.cross_attention.value_projection.bias	torch.Size([128])	cuda:0	True
2026-05-13 16:18:18,931 - INFO - noise_predictor.blocks.3.cross_attention.output_projection.weight	torch.Size([128, 128])	cuda:0	True
2026-05-13 16:18:18,931 - INFO - noise_predictor.blocks.3.cross_attention.output_projection.bias	torch.Size([128])	cuda:0	True
2026-05-13 16:18:18,931 - INFO - noise_predictor.blocks.3.spatiotemporal_attention.query_projection.weight	torch.Size([128, 128])	cuda:0	True
2026-05-13 16:18:18,931 - INFO - noise_predictor.blocks.3.spatiotemporal_attention.query_projection.bias	torch.Size([128])	cuda:0	True
2026-05-13 16:18:18,931 - INFO - noise_predictor.blocks.3.spatiotemporal_attention.key_projection.weight	torch.Size([128, 128])	cuda:0	True
2026-05-13 16:18:18,931 - INFO - noise_predictor.blocks.3.spatiotemporal_attention.key_projection.bias	torch.Size([128])	cuda:0	True
2026-05-13 16:18:18,931 - INFO - noise_predictor.blocks.3.spatiotemporal_attention.value_projection.weight	torch.Size([128, 128])	cuda:0	True
2026-05-13 16:18:18,931 - INFO - noise_predictor.blocks.3.spatiotemporal_attention.value_projection.bias	torch.Size([128])	cuda:0	True
2026-05-13 16:18:18,931 - INFO - noise_predictor.blocks.3.spatiotemporal_attention.output_projection.weight	torch.Size([128, 128])	cuda:0	True
2026-05-13 16:18:18,931 - INFO - noise_predictor.blocks.3.spatiotemporal_attention.output_projection.bias	torch.Size([128])	cuda:0	True
2026-05-13 16:18:18,931 - INFO - noise_predictor.blocks.3.feed_forward.network.0.weight	torch.Size([256, 128])	cuda:0	True
2026-05-13 16:18:18,931 - INFO - noise_predictor.blocks.3.feed_forward.network.0.bias	torch.Size([256])	cuda:0	True
2026-05-13 16:18:18,931 - INFO - noise_predictor.blocks.3.feed_forward.network.3.weight	torch.Size([128, 256])	cuda:0	True
2026-05-13 16:18:18,931 - INFO - noise_predictor.blocks.3.feed_forward.network.3.bias	torch.Size([128])	cuda:0	True
2026-05-13 16:18:18,931 - INFO - noise_predictor.blocks.3.norm_temporal.weight	torch.Size([128])	cuda:0	True
2026-05-13 16:18:18,931 - INFO - noise_predictor.blocks.3.norm_temporal.bias	torch.Size([128])	cuda:0	True
2026-05-13 16:18:18,932 - INFO - noise_predictor.blocks.3.norm_graph.weight	torch.Size([128])	cuda:0	True
2026-05-13 16:18:18,932 - INFO - noise_predictor.blocks.3.norm_graph.bias	torch.Size([128])	cuda:0	True
2026-05-13 16:18:18,932 - INFO - noise_predictor.blocks.3.norm_cross.weight	torch.Size([128])	cuda:0	True
2026-05-13 16:18:18,932 - INFO - noise_predictor.blocks.3.norm_cross.bias	torch.Size([128])	cuda:0	True
2026-05-13 16:18:18,932 - INFO - noise_predictor.blocks.3.norm_spatiotemporal.weight	torch.Size([128])	cuda:0	True
2026-05-13 16:18:18,932 - INFO - noise_predictor.blocks.3.norm_spatiotemporal.bias	torch.Size([128])	cuda:0	True
2026-05-13 16:18:18,932 - INFO - noise_predictor.blocks.3.norm_ffn.weight	torch.Size([128])	cuda:0	True
2026-05-13 16:18:18,932 - INFO - noise_predictor.blocks.3.norm_ffn.bias	torch.Size([128])	cuda:0	True
2026-05-13 16:18:18,932 - INFO - noise_predictor.blocks.3.time_scale_shift.1.weight	torch.Size([256, 128])	cuda:0	True
2026-05-13 16:18:18,932 - INFO - noise_predictor.blocks.3.time_scale_shift.1.bias	torch.Size([256])	cuda:0	True
2026-05-13 16:18:18,932 - INFO - noise_predictor.final_norm.weight	torch.Size([128])	cuda:0	True
2026-05-13 16:18:18,932 - INFO - noise_predictor.final_norm.bias	torch.Size([128])	cuda:0	True
2026-05-13 16:18:18,932 - INFO - noise_predictor.output_projection.weight	torch.Size([3, 128])	cuda:0	True
2026-05-13 16:18:18,932 - INFO - noise_predictor.output_projection.bias	torch.Size([3])	cuda:0	True
2026-05-13 16:18:18,932 - INFO - noise_predictor.adaptive_graph_learner.node_embeddings	torch.Size([307, 32])	cuda:0	True
2026-05-13 16:18:18,932 - INFO - noise_predictor.adaptive_graph_learner.blend_logit	torch.Size([])	cuda:0	True
2026-05-13 16:18:18,932 - INFO - noise_predictor.adaptive_graph_learner.fuzzy_centers	torch.Size([3])	cuda:0	True
2026-05-13 16:18:18,932 - INFO - noise_predictor.adaptive_graph_learner.fuzzy_log_sigmas	torch.Size([3])	cuda:0	True
2026-05-13 16:18:18,932 - INFO - noise_predictor.adaptive_graph_learner.fuzzy_rule_logits	torch.Size([3])	cuda:0	True
2026-05-13 16:18:18,932 - INFO - noise_predictor.adaptive_graph_learner.feature_projection.weight	torch.Size([32, 128])	cuda:0	True
2026-05-13 16:18:18,933 - INFO - noise_predictor.adaptive_graph_learner.feature_projection.bias	torch.Size([32])	cuda:0	True
2026-05-13 16:18:18,933 - INFO - noise_predictor.adaptive_graph_learner.time_projection.weight	torch.Size([32, 128])	cuda:0	True
2026-05-13 16:18:18,933 - INFO - noise_predictor.adaptive_graph_learner.time_projection.bias	torch.Size([32])	cuda:0	True
2026-05-13 16:18:18,934 - INFO - Total parameter numbers: 1845177
2026-05-13 16:18:18,935 - INFO - You select `adamw` optimizer.
2026-05-13 16:18:21,012 - INFO - You select `cosineannealinglr` lr_scheduler.
2026-05-13 16:18:25,605 - INFO - Loaded model at 3
2026-05-13 16:18:25,607 - WARNING - Received none train loss func and will use the loss func defined in the model.
2026-05-13 16:18:25,608 - INFO - Start evaluating ...
2026-05-13 16:18:47,977 - INFO - Epoch [4/10] train_loss: 0.7765, val_loss: 0.7668, lr: 0.000505, 322.83s
2026-05-13 16:18:48,144 - INFO - Saved model at 4
2026-05-13 16:18:48,145 - INFO - Val loss decrease from 0.8213 to 0.7668, saving to /home/lizhuoxuan/lzq/Bigscity-LibCity-master/outputs/20260513_154302__traffic_state_pred__new_diffusion_fuzzy_2__PEMSD4/model_cache/new_diffusion_fuzzy_2_PEMSD4_epoch4.tar
2026-05-13 16:26:58,846 - INFO - epoch complete!
2026-05-13 16:26:58,850 - INFO - evaluating now!
2026-05-13 16:27:40,786 - INFO - Epoch [5/10] train_loss: 0.7722, val_loss: 0.7852, lr: 0.000352, 532.64s
2026-05-13 16:36:40,697 - INFO - epoch complete!
2026-05-13 16:36:40,698 - INFO - evaluating now!
2026-05-13 16:37:27,475 - INFO - Epoch [6/10] train_loss: 0.7091, val_loss: 0.6887, lr: 0.000214, 586.69s
2026-05-13 16:37:27,650 - INFO - Saved model at 6
2026-05-13 16:37:27,650 - INFO - Val loss decrease from 0.7668 to 0.6887, saving to /home/lizhuoxuan/lzq/Bigscity-LibCity-master/outputs/20260513_154302__traffic_state_pred__new_diffusion_fuzzy_2__PEMSD4/model_cache/new_diffusion_fuzzy_2_PEMSD4_epoch6.tar
