2026-05-14 14:35:00,688 - INFO - Log directory: /home/lizhuoxuan/lzq/Bigscity-LibCity-master/outputs/20260514_143500__traffic_state_pred__new_diffusion_fuzzy_2__PEMSD4/logs
2026-05-14 14:35:00,765 - INFO - Log directory: /home/lizhuoxuan/lzq/Bigscity-LibCity-master/outputs/20260514_143500__traffic_state_pred__new_diffusion_fuzzy_2__PEMSD4/logs
2026-05-14 14:35:00,766 - INFO - Begin artifact training pipeline, task=traffic_state_pred, model_name=new_diffusion_fuzzy_2, dataset_name=PEMSD4, exp_id=20260514_143500__traffic_state_pred__new_diffusion_fuzzy_2__PEMSD4
2026-05-14 14:35:00,766 - INFO - {'task': 'traffic_state_pred', 'model': 'new_diffusion_fuzzy_2', 'dataset': 'PEMSD4', 'saved_model': True, 'train': True, 'seed': 42, 'train_rate': 0.6, 'eval_rate': 0.2, 'batch_size': 32, 'learning_rate': 0.001, 'max_epoch': 10, 'dataset_class': 'TrafficStatePointDataset', 'executor': 'DiffusionTrafficStateExecutor', 'evaluator': 'TrafficStateEvaluator', 'adaptive_graph_blend_init': 0.5, 'adaptive_graph_embed_dim': 32, 'adaptive_graph_topk': 12, 'beta_end': 0.01, 'beta_start': 0.0001, 'calculate_weight_adj': False, 'data_col': ['traffic_flow', 'traffic_occupancy', 'traffic_speed'], 'data_files': ['PEMSD4'], 'ddim_eta': 0, 'denoiser_layers': 6, 'device': device(type='cuda', index=0), 'diffusion_schedule': 'linear', 'diffusion_steps': 200, 'disturb_rate': 0.5, 'dropout': 0.1, 'dyna': {'including_types': ['state'], 'state': {'entity_id': 'geo_id', 'traffic_flow': 'num', 'traffic_occupancy': 'num', 'traffic_speed': 'num'}}, 'encoder_layers': 2, 'eval_batch_size': 32, 'evaluator_mode': 'single', 'ffn_hidden_dim': 256, 'flow_conservation_coeff': 1, 'fuzzy_conservation_temperature': 8, 'fuzzy_conservation_threshold': 0.6, 'fuzzy_graph_num_sets': 3, 'fuzzy_graph_sigma_init': 0.7, 'geo': {'including_types': ['Point'], 'Point': {}}, 'geo_file': 'PEMSD4', 'graph_k_hop': 2, 'hidden_dim': 128, 'init_weight_inf_or_zero': 'zero', 'is_distributed': True, 'metrics': ['MAE', 'MAPE', 'MSE', 'RMSE', 'masked_MAE', 'masked_MAPE', 'masked_MSE', 'masked_RMSE', 'R2', 'EVAR'], 'noise_SD': [10], 'noise_mean': [5], 'noise_type': 'gaussian', 'num_heads': 4, 'num_prediction_samples': 1, 'num_sampling_steps': 20, 'num_workers': 0, 'output_dim': 3, 'pad_with_last_sample': True, 'physics_channel_idx': 0, 'physics_loss_weight': 0, 'physics_warmup_mode': 'linear', 'physics_warmup_start_ratio': 0.2, 'physics_warmup_steps': 3000, 'prediction_clamp_max': 3, 'prediction_clamp_min': -3, 'rank': 0, 'rel': {'including_types': ['geo'], 'geo': {'cost': 'num'}}, 'rel_file': 'PEMSD4', 'robustness_test': False, 'sampling_method': 'ddim', 'save_mode': ['csv'], 'scale_lr': False, 'set_weight_link_or_dist': 'link', 'time_intervals': 300, 'use_adaptive_graph': True, 'use_amp': True, 'use_fuzzy_conservation': True, 'use_fuzzy_graph': True, 'use_gradient_checkpointing': False, 'use_spatiotemporal_attention': True, 'use_temporal_position_embedding': True, 'weight_adj_epsilon': 0.1, 'weight_col': 'cost', 'world_size': 4, 'clip_grad_norm': True, 'epoch': 0, 'gpu': True, 'gpu_id': 0, 'learner': 'adamw', 'load_best_epoch': True, 'log_every': 1, 'lr_T_max': 10, 'lr_decay': True, 'lr_eta_min': 1e-05, 'lr_scheduler': 'cosineannealinglr', 'max_grad_norm': 3, 'patience': 30, 'train_loss': 'none', 'use_early_stop': True, 'weight_decay': 0.0001, 'data_version_id': 'dv_1778739638_21d60162', 'input_window': 12, 'output_window': 12, 'scaler': 'standard', 'load_external': False, 'normal_external': False, 'add_time_in_day': True, 'add_day_in_week': True, 'cache_dataset': True, 'ext_scaler': 'none', 'local_rank': 0, 'dist_backend': 'nccl', 'exp_id': '20260514_143500__traffic_state_pred__new_diffusion_fuzzy_2__PEMSD4'}
2026-05-14 14:35:00,858 - INFO - Log directory: /home/lizhuoxuan/lzq/Bigscity-LibCity-master/outputs/20260514_143500__traffic_state_pred__new_diffusion_fuzzy_2__PEMSD4/logs
2026-05-14 14:35:00,869 - INFO - Log directory: /home/lizhuoxuan/lzq/Bigscity-LibCity-master/outputs/20260514_143500__traffic_state_pred__new_diffusion_fuzzy_2__PEMSD4/logs
2026-05-14 14:35:37,045 - INFO - Enable AMP training (dtype=float16).
2026-05-14 14:35:37,045 - INFO - You select `adamw` optimizer.
2026-05-14 14:35:37,047 - INFO - You select `cosineannealinglr` lr_scheduler.
2026-05-14 14:35:37,047 - WARNING - Received none train loss func and will use the loss func defined in the model.
2026-05-14 14:35:37,047 - INFO - Start training ...
2026-05-14 14:35:37,047 - INFO - num_batches:80
2026-05-14 14:35:37,048 - INFO - Enable AMP training (dtype=float16).
2026-05-14 14:35:37,051 - INFO - You select `adamw` optimizer.
2026-05-14 14:35:37,053 - INFO - You select `cosineannealinglr` lr_scheduler.
2026-05-14 14:35:37,054 - WARNING - Received none train loss func and will use the loss func defined in the model.
2026-05-14 14:35:37,054 - INFO - Start training ...
2026-05-14 14:35:37,054 - INFO - num_batches:80
2026-05-14 14:35:37,055 - INFO - Enable AMP training (dtype=float16).
2026-05-14 14:35:37,057 - INFO - You select `adamw` optimizer.
2026-05-14 14:35:37,059 - INFO - You select `cosineannealinglr` lr_scheduler.
2026-05-14 14:35:37,061 - WARNING - Received none train loss func and will use the loss func defined in the model.
2026-05-14 14:35:37,062 - INFO - Start training ...
2026-05-14 14:35:37,064 - INFO - num_batches:80
2026-05-14 14:35:37,072 - INFO - DistributedDataParallel(
  (module): NewDiffusion(
    (condition_encoder): STEncoder(
      (input_projection): Linear(in_features=3, out_features=128, bias=True)
      (blocks): ModuleList(
        (0-1): 2 x STEncoderBlock(
          (temporal_attention): MultiHeadAttention(
            (query_projection): Linear(in_features=128, out_features=128, bias=True)
            (key_projection): Linear(in_features=128, out_features=128, bias=True)
            (value_projection): Linear(in_features=128, out_features=128, bias=True)
            (output_projection): Linear(in_features=128, out_features=128, bias=True)
            (dropout): Dropout(p=0.1, inplace=False)
          )
          (graph_convolution): GraphConvolution(
            (projections): ModuleList(
              (0-2): 3 x Linear(in_features=128, out_features=128, bias=True)
            )
          )
          (feed_forward): FeedForwardNetwork(
            (network): Sequential(
              (0): Linear(in_features=128, out_features=256, bias=True)
              (1): GELU(approximate='none')
              (2): Dropout(p=0.1, inplace=False)
              (3): Linear(in_features=256, out_features=128, bias=True)
              (4): Dropout(p=0.1, inplace=False)
            )
          )
          (norm_temporal): LayerNorm((128,), eps=1e-05, elementwise_affine=True)
          (norm_graph): LayerNorm((128,), eps=1e-05, elementwise_affine=True)
          (norm_ffn): LayerNorm((128,), eps=1e-05, elementwise_affine=True)
          (dropout): Dropout(p=0.1, inplace=False)
        )
      )
      (final_norm): LayerNorm((128,), eps=1e-05, elementwise_affine=True)
    )
    (noise_predictor): AttentionDenoiser(
      (input_projection): Linear(in_features=3, out_features=128, bias=True)
      (time_embedding): SinusoidalTimeEmbedding()
      (time_projection): Sequential(
        (0): Linear(in_features=128, out_features=128, bias=True)
        (1): SiLU()
        (2): Linear(in_features=128, out_features=128, bias=True)
      )
      (condition_fusion): Linear(in_features=256, out_features=128, bias=True)
      (blocks): ModuleList(
        (0-5): 6 x DenoiserBlock(
          (temporal_attention): MultiHeadAttention(
            (query_projection): Linear(in_features=128, out_features=128, bias=True)
            (key_projection): Linear(in_features=128, out_features=128, bias=True)
            (value_projection): Linear(in_features=128, out_features=128, bias=True)
            (output_projection): Linear(in_features=128, out_features=128, bias=True)
            (dropout): Dropout(p=0.1, inplace=False)
          )
          (graph_convolution): GraphConvolution(
            (projections): ModuleList(
              (0-2): 3 x Linear(in_features=128, out_features=128, bias=True)
            )
          )
          (cross_attention): MultiHeadAttention(
            (query_projection): Linear(in_features=128, out_features=128, bias=True)
            (key_projection): Linear(in_features=128, out_features=128, bias=True)
            (value_projection): Linear(in_features=128, out_features=128, bias=True)
            (output_projection): Linear(in_features=128, out_features=128, bias=True)
            (dropout): Dropout(p=0.1, inplace=False)
          )
          (spatiotemporal_attention): MultiHeadAttention(
            (query_projection): Linear(in_features=128, out_features=128, bias=True)
            (key_projection): Linear(in_features=128, out_features=128, bias=True)
            (value_projection): Linear(in_features=128, out_features=128, bias=True)
            (output_projection): Linear(in_features=128, out_features=128, bias=True)
            (dropout): Dropout(p=0.1, inplace=False)
          )
          (feed_forward): FeedForwardNetwork(
            (network): Sequential(
              (0): Linear(in_features=128, out_features=256, bias=True)
              (1): GELU(approximate='none')
              (2): Dropout(p=0.1, inplace=False)
              (3): Linear(in_features=256, out_features=128, bias=True)
              (4): Dropout(p=0.1, inplace=False)
            )
          )
          (norm_temporal): LayerNorm((128,), eps=1e-05, elementwise_affine=True)
          (norm_graph): LayerNorm((128,), eps=1e-05, elementwise_affine=True)
          (norm_cross): LayerNorm((128,), eps=1e-05, elementwise_affine=True)
          (norm_spatiotemporal): LayerNorm((128,), eps=1e-05, elementwise_affine=True)
          (norm_ffn): LayerNorm((128,), eps=1e-05, elementwise_affine=True)
          (dropout): Dropout(p=0.1, inplace=False)
          (time_scale_shift): Sequential(
            (0): SiLU()
            (1): Linear(in_features=128, out_features=256, bias=True)
          )
        )
      )
      (final_norm): LayerNorm((128,), eps=1e-05, elementwise_affine=True)
      (output_projection): Linear(in_features=128, out_features=3, bias=True)
      (adaptive_graph_learner): AdaptiveGraphLearner(
        (feature_projection): Linear(in_features=128, out_features=32, bias=True)
        (time_projection): Linear(in_features=128, out_features=32, bias=True)
      )
    )
    (diffusion_scheduler): DiffusionScheduler()
  )
)
2026-05-14 14:35:37,075 - INFO - module.condition_encoder.temporal_position_embedding	torch.Size([1, 12, 1, 128])	cuda:0	True
2026-05-14 14:35:37,075 - INFO - module.condition_encoder.input_projection.weight	torch.Size([128, 3])	cuda:0	True
2026-05-14 14:35:37,075 - INFO - module.condition_encoder.input_projection.bias	torch.Size([128])	cuda:0	True
2026-05-14 14:35:37,075 - INFO - module.condition_encoder.blocks.0.temporal_attention.query_projection.weight	torch.Size([128, 128])	cuda:0	True
2026-05-14 14:35:37,075 - INFO - module.condition_encoder.blocks.0.temporal_attention.query_projection.bias	torch.Size([128])	cuda:0	True
2026-05-14 14:35:37,076 - INFO - module.condition_encoder.blocks.0.temporal_attention.key_projection.weight	torch.Size([128, 128])	cuda:0	True
2026-05-14 14:35:37,076 - INFO - module.condition_encoder.blocks.0.temporal_attention.key_projection.bias	torch.Size([128])	cuda:0	True
2026-05-14 14:35:37,076 - INFO - module.condition_encoder.blocks.0.temporal_attention.value_projection.weight	torch.Size([128, 128])	cuda:0	True
2026-05-14 14:35:37,076 - INFO - module.condition_encoder.blocks.0.temporal_attention.value_projection.bias	torch.Size([128])	cuda:0	True
2026-05-14 14:35:37,076 - INFO - module.condition_encoder.blocks.0.temporal_attention.output_projection.weight	torch.Size([128, 128])	cuda:0	True
2026-05-14 14:35:37,076 - INFO - module.condition_encoder.blocks.0.temporal_attention.output_projection.bias	torch.Size([128])	cuda:0	True
2026-05-14 14:35:37,076 - INFO - module.condition_encoder.blocks.0.graph_convolution.projections.0.weight	torch.Size([128, 128])	cuda:0	True
2026-05-14 14:35:37,076 - INFO - module.condition_encoder.blocks.0.graph_convolution.projections.0.bias	torch.Size([128])	cuda:0	True
2026-05-14 14:35:37,076 - INFO - module.condition_encoder.blocks.0.graph_convolution.projections.1.weight	torch.Size([128, 128])	cuda:0	True
2026-05-14 14:35:37,076 - INFO - module.condition_encoder.blocks.0.graph_convolution.projections.1.bias	torch.Size([128])	cuda:0	True
2026-05-14 14:35:37,076 - INFO - module.condition_encoder.blocks.0.graph_convolution.projections.2.weight	torch.Size([128, 128])	cuda:0	True
2026-05-14 14:35:37,076 - INFO - module.condition_encoder.blocks.0.graph_convolution.projections.2.bias	torch.Size([128])	cuda:0	True
2026-05-14 14:35:37,076 - INFO - module.condition_encoder.blocks.0.feed_forward.network.0.weight	torch.Size([256, 128])	cuda:0	True
2026-05-14 14:35:37,076 - INFO - module.condition_encoder.blocks.0.feed_forward.network.0.bias	torch.Size([256])	cuda:0	True
2026-05-14 14:35:37,076 - INFO - module.condition_encoder.blocks.0.feed_forward.network.3.weight	torch.Size([128, 256])	cuda:0	True
2026-05-14 14:35:37,076 - INFO - module.condition_encoder.blocks.0.feed_forward.network.3.bias	torch.Size([128])	cuda:0	True
2026-05-14 14:35:37,076 - INFO - module.condition_encoder.blocks.0.norm_temporal.weight	torch.Size([128])	cuda:0	True
2026-05-14 14:35:37,076 - INFO - module.condition_encoder.blocks.0.norm_temporal.bias	torch.Size([128])	cuda:0	True
2026-05-14 14:35:37,076 - INFO - module.condition_encoder.blocks.0.norm_graph.weight	torch.Size([128])	cuda:0	True
2026-05-14 14:35:37,076 - INFO - module.condition_encoder.blocks.0.norm_graph.bias	torch.Size([128])	cuda:0	True
2026-05-14 14:35:37,076 - INFO - module.condition_encoder.blocks.0.norm_ffn.weight	torch.Size([128])	cuda:0	True
2026-05-14 14:35:37,076 - INFO - module.condition_encoder.blocks.0.norm_ffn.bias	torch.Size([128])	cuda:0	True
2026-05-14 14:35:37,076 - INFO - module.condition_encoder.blocks.1.temporal_attention.query_projection.weight	torch.Size([128, 128])	cuda:0	True
2026-05-14 14:35:37,076 - INFO - module.condition_encoder.blocks.1.temporal_attention.query_projection.bias	torch.Size([128])	cuda:0	True
2026-05-14 14:35:37,076 - INFO - module.condition_encoder.blocks.1.temporal_attention.key_projection.weight	torch.Size([128, 128])	cuda:0	True
2026-05-14 14:35:37,076 - INFO - module.condition_encoder.blocks.1.temporal_attention.key_projection.bias	torch.Size([128])	cuda:0	True
2026-05-14 14:35:37,077 - INFO - module.condition_encoder.blocks.1.temporal_attention.value_projection.weight	torch.Size([128, 128])	cuda:0	True
2026-05-14 14:35:37,077 - INFO - module.condition_encoder.blocks.1.temporal_attention.value_projection.bias	torch.Size([128])	cuda:0	True
2026-05-14 14:35:37,077 - INFO - module.condition_encoder.blocks.1.temporal_attention.output_projection.weight	torch.Size([128, 128])	cuda:0	True
2026-05-14 14:35:37,077 - INFO - module.condition_encoder.blocks.1.temporal_attention.output_projection.bias	torch.Size([128])	cuda:0	True
2026-05-14 14:35:37,077 - INFO - module.condition_encoder.blocks.1.graph_convolution.projections.0.weight	torch.Size([128, 128])	cuda:0	True
2026-05-14 14:35:37,077 - INFO - module.condition_encoder.blocks.1.graph_convolution.projections.0.bias	torch.Size([128])	cuda:0	True
2026-05-14 14:35:37,077 - INFO - module.condition_encoder.blocks.1.graph_convolution.projections.1.weight	torch.Size([128, 128])	cuda:0	True
2026-05-14 14:35:37,077 - INFO - module.condition_encoder.blocks.1.graph_convolution.projections.1.bias	torch.Size([128])	cuda:0	True
2026-05-14 14:35:37,077 - INFO - module.condition_encoder.blocks.1.graph_convolution.projections.2.weight	torch.Size([128, 128])	cuda:0	True
2026-05-14 14:35:37,077 - INFO - module.condition_encoder.blocks.1.graph_convolution.projections.2.bias	torch.Size([128])	cuda:0	True
2026-05-14 14:35:37,077 - INFO - module.condition_encoder.blocks.1.feed_forward.network.0.weight	torch.Size([256, 128])	cuda:0	True
2026-05-14 14:35:37,077 - INFO - module.condition_encoder.blocks.1.feed_forward.network.0.bias	torch.Size([256])	cuda:0	True
2026-05-14 14:35:37,077 - INFO - module.condition_encoder.blocks.1.feed_forward.network.3.weight	torch.Size([128, 256])	cuda:0	True
2026-05-14 14:35:37,077 - INFO - module.condition_encoder.blocks.1.feed_forward.network.3.bias	torch.Size([128])	cuda:0	True
2026-05-14 14:35:37,077 - INFO - module.condition_encoder.blocks.1.norm_temporal.weight	torch.Size([128])	cuda:0	True
2026-05-14 14:35:37,078 - INFO - module.condition_encoder.blocks.1.norm_temporal.bias	torch.Size([128])	cuda:0	True
2026-05-14 14:35:37,078 - INFO - module.condition_encoder.blocks.1.norm_graph.weight	torch.Size([128])	cuda:0	True
2026-05-14 14:35:37,078 - INFO - module.condition_encoder.blocks.1.norm_graph.bias	torch.Size([128])	cuda:0	True
2026-05-14 14:35:37,078 - INFO - module.condition_encoder.blocks.1.norm_ffn.weight	torch.Size([128])	cuda:0	True
2026-05-14 14:35:37,078 - INFO - module.condition_encoder.blocks.1.norm_ffn.bias	torch.Size([128])	cuda:0	True
2026-05-14 14:35:37,078 - INFO - module.condition_encoder.final_norm.weight	torch.Size([128])	cuda:0	True
2026-05-14 14:35:37,078 - INFO - module.condition_encoder.final_norm.bias	torch.Size([128])	cuda:0	True
2026-05-14 14:35:37,079 - INFO - module.noise_predictor.future_position_embedding	torch.Size([1, 12, 1, 128])	cuda:0	True
2026-05-14 14:35:37,079 - INFO - module.noise_predictor.condition_temporal_weight	torch.Size([12])	cuda:0	True
2026-05-14 14:35:37,079 - INFO - module.noise_predictor.input_projection.weight	torch.Size([128, 3])	cuda:0	True
2026-05-14 14:35:37,079 - INFO - module.noise_predictor.input_projection.bias	torch.Size([128])	cuda:0	True
2026-05-14 14:35:37,079 - INFO - module.noise_predictor.time_projection.0.weight	torch.Size([128, 128])	cuda:0	True
2026-05-14 14:35:37,079 - INFO - module.noise_predictor.time_projection.0.bias	torch.Size([128])	cuda:0	True
2026-05-14 14:35:37,079 - INFO - module.noise_predictor.time_projection.2.weight	torch.Size([128, 128])	cuda:0	True
2026-05-14 14:35:37,079 - INFO - module.noise_predictor.time_projection.2.bias	torch.Size([128])	cuda:0	True
2026-05-14 14:35:37,079 - INFO - module.noise_predictor.condition_fusion.weight	torch.Size([128, 256])	cuda:0	True
2026-05-14 14:35:37,080 - INFO - module.noise_predictor.condition_fusion.bias	torch.Size([128])	cuda:0	True
2026-05-14 14:35:37,080 - INFO - module.noise_predictor.blocks.0.temporal_attention.query_projection.weight	torch.Size([128, 128])	cuda:0	True
2026-05-14 14:35:37,080 - INFO - module.noise_predictor.blocks.0.temporal_attention.query_projection.bias	torch.Size([128])	cuda:0	True
2026-05-14 14:35:37,080 - INFO - module.noise_predictor.blocks.0.temporal_attention.key_projection.weight	torch.Size([128, 128])	cuda:0	True
2026-05-14 14:35:37,080 - INFO - module.noise_predictor.blocks.0.temporal_attention.key_projection.bias	torch.Size([128])	cuda:0	True
2026-05-14 14:35:37,080 - INFO - module.noise_predictor.blocks.0.temporal_attention.value_projection.weight	torch.Size([128, 128])	cuda:0	True
2026-05-14 14:35:37,080 - INFO - module.noise_predictor.blocks.0.temporal_attention.value_projection.bias	torch.Size([128])	cuda:0	True
2026-05-14 14:35:37,080 - INFO - module.noise_predictor.blocks.0.temporal_attention.output_projection.weight	torch.Size([128, 128])	cuda:0	True
2026-05-14 14:35:37,080 - INFO - module.noise_predictor.blocks.0.temporal_attention.output_projection.bias	torch.Size([128])	cuda:0	True
2026-05-14 14:35:37,080 - INFO - module.noise_predictor.blocks.0.graph_convolution.projections.0.weight	torch.Size([128, 128])	cuda:0	True
2026-05-14 14:35:37,080 - INFO - module.noise_predictor.blocks.0.graph_convolution.projections.0.bias	torch.Size([128])	cuda:0	True
2026-05-14 14:35:37,080 - INFO - module.noise_predictor.blocks.0.graph_convolution.projections.1.weight	torch.Size([128, 128])	cuda:0	True
2026-05-14 14:35:37,080 - INFO - module.noise_predictor.blocks.0.graph_convolution.projections.1.bias	torch.Size([128])	cuda:0	True
2026-05-14 14:35:37,080 - INFO - module.noise_predictor.blocks.0.graph_convolution.projections.2.weight	torch.Size([128, 128])	cuda:0	True
2026-05-14 14:35:37,081 - INFO - module.noise_predictor.blocks.0.graph_convolution.projections.2.bias	torch.Size([128])	cuda:0	True
2026-05-14 14:35:37,081 - INFO - module.noise_predictor.blocks.0.cross_attention.query_projection.weight	torch.Size([128, 128])	cuda:0	True
2026-05-14 14:35:37,081 - INFO - module.noise_predictor.blocks.0.cross_attention.query_projection.bias	torch.Size([128])	cuda:0	True
2026-05-14 14:35:37,081 - INFO - module.noise_predictor.blocks.0.cross_attention.key_projection.weight	torch.Size([128, 128])	cuda:0	True
2026-05-14 14:35:37,081 - INFO - module.noise_predictor.blocks.0.cross_attention.key_projection.bias	torch.Size([128])	cuda:0	True
2026-05-14 14:35:37,081 - INFO - module.noise_predictor.blocks.0.cross_attention.value_projection.weight	torch.Size([128, 128])	cuda:0	True
2026-05-14 14:35:37,081 - INFO - module.noise_predictor.blocks.0.cross_attention.value_projection.bias	torch.Size([128])	cuda:0	True
2026-05-14 14:35:37,081 - INFO - module.noise_predictor.blocks.0.cross_attention.output_projection.weight	torch.Size([128, 128])	cuda:0	True
2026-05-14 14:35:37,081 - INFO - module.noise_predictor.blocks.0.cross_attention.output_projection.bias	torch.Size([128])	cuda:0	True
2026-05-14 14:35:37,081 - INFO - module.noise_predictor.blocks.0.spatiotemporal_attention.query_projection.weight	torch.Size([128, 128])	cuda:0	True
2026-05-14 14:35:37,081 - INFO - module.noise_predictor.blocks.0.spatiotemporal_attention.query_projection.bias	torch.Size([128])	cuda:0	True
2026-05-14 14:35:37,081 - INFO - module.noise_predictor.blocks.0.spatiotemporal_attention.key_projection.weight	torch.Size([128, 128])	cuda:0	True
2026-05-14 14:35:37,081 - INFO - module.noise_predictor.blocks.0.spatiotemporal_attention.key_projection.bias	torch.Size([128])	cuda:0	True
2026-05-14 14:35:37,081 - INFO - module.noise_predictor.blocks.0.spatiotemporal_attention.value_projection.weight	torch.Size([128, 128])	cuda:0	True
2026-05-14 14:35:37,081 - INFO - module.noise_predictor.blocks.0.spatiotemporal_attention.value_projection.bias	torch.Size([128])	cuda:0	True
2026-05-14 14:35:37,081 - INFO - module.noise_predictor.blocks.0.spatiotemporal_attention.output_projection.weight	torch.Size([128, 128])	cuda:0	True
2026-05-14 14:35:37,081 - INFO - module.noise_predictor.blocks.0.spatiotemporal_attention.output_projection.bias	torch.Size([128])	cuda:0	True
2026-05-14 14:35:37,081 - INFO - module.noise_predictor.blocks.0.feed_forward.network.0.weight	torch.Size([256, 128])	cuda:0	True
2026-05-14 14:35:37,081 - INFO - module.noise_predictor.blocks.0.feed_forward.network.0.bias	torch.Size([256])	cuda:0	True
2026-05-14 14:35:37,081 - INFO - module.noise_predictor.blocks.0.feed_forward.network.3.weight	torch.Size([128, 256])	cuda:0	True
2026-05-14 14:35:37,081 - INFO - module.noise_predictor.blocks.0.feed_forward.network.3.bias	torch.Size([128])	cuda:0	True
2026-05-14 14:35:37,081 - INFO - module.noise_predictor.blocks.0.norm_temporal.weight	torch.Size([128])	cuda:0	True
2026-05-14 14:35:37,081 - INFO - module.noise_predictor.blocks.0.norm_temporal.bias	torch.Size([128])	cuda:0	True
2026-05-14 14:35:37,081 - INFO - module.noise_predictor.blocks.0.norm_graph.weight	torch.Size([128])	cuda:0	True
2026-05-14 14:35:37,081 - INFO - module.noise_predictor.blocks.0.norm_graph.bias	torch.Size([128])	cuda:0	True
2026-05-14 14:35:37,081 - INFO - module.noise_predictor.blocks.0.norm_cross.weight	torch.Size([128])	cuda:0	True
2026-05-14 14:35:37,082 - INFO - module.noise_predictor.blocks.0.norm_cross.bias	torch.Size([128])	cuda:0	True
2026-05-14 14:35:37,082 - INFO - module.noise_predictor.blocks.0.norm_spatiotemporal.weight	torch.Size([128])	cuda:0	True
2026-05-14 14:35:37,082 - INFO - module.noise_predictor.blocks.0.norm_spatiotemporal.bias	torch.Size([128])	cuda:0	True
2026-05-14 14:35:37,082 - INFO - module.noise_predictor.blocks.0.norm_ffn.weight	torch.Size([128])	cuda:0	True
2026-05-14 14:35:37,082 - INFO - module.noise_predictor.blocks.0.norm_ffn.bias	torch.Size([128])	cuda:0	True
2026-05-14 14:35:37,082 - INFO - module.noise_predictor.blocks.0.time_scale_shift.1.weight	torch.Size([256, 128])	cuda:0	True
2026-05-14 14:35:37,082 - INFO - module.noise_predictor.blocks.0.time_scale_shift.1.bias	torch.Size([256])	cuda:0	True
2026-05-14 14:35:37,082 - INFO - module.noise_predictor.blocks.1.temporal_attention.query_projection.weight	torch.Size([128, 128])	cuda:0	True
2026-05-14 14:35:37,082 - INFO - module.noise_predictor.blocks.1.temporal_attention.query_projection.bias	torch.Size([128])	cuda:0	True
2026-05-14 14:35:37,082 - INFO - module.noise_predictor.blocks.1.temporal_attention.key_projection.weight	torch.Size([128, 128])	cuda:0	True
2026-05-14 14:35:37,082 - INFO - module.noise_predictor.blocks.1.temporal_attention.key_projection.bias	torch.Size([128])	cuda:0	True
2026-05-14 14:35:37,082 - INFO - module.noise_predictor.blocks.1.temporal_attention.value_projection.weight	torch.Size([128, 128])	cuda:0	True
2026-05-14 14:35:37,082 - INFO - module.noise_predictor.blocks.1.temporal_attention.value_projection.bias	torch.Size([128])	cuda:0	True
2026-05-14 14:35:37,083 - INFO - module.noise_predictor.blocks.1.temporal_attention.output_projection.weight	torch.Size([128, 128])	cuda:0	True
2026-05-14 14:35:37,083 - INFO - module.noise_predictor.blocks.1.temporal_attention.output_projection.bias	torch.Size([128])	cuda:0	True
2026-05-14 14:35:37,083 - INFO - module.noise_predictor.blocks.1.graph_convolution.projections.0.weight	torch.Size([128, 128])	cuda:0	True
2026-05-14 14:35:37,083 - INFO - module.noise_predictor.blocks.1.graph_convolution.projections.0.bias	torch.Size([128])	cuda:0	True
2026-05-14 14:35:37,083 - INFO - module.noise_predictor.blocks.1.graph_convolution.projections.1.weight	torch.Size([128, 128])	cuda:0	True
2026-05-14 14:35:37,083 - INFO - module.noise_predictor.blocks.1.graph_convolution.projections.1.bias	torch.Size([128])	cuda:0	True
2026-05-14 14:35:37,083 - INFO - module.noise_predictor.blocks.1.graph_convolution.projections.2.weight	torch.Size([128, 128])	cuda:0	True
2026-05-14 14:35:37,083 - INFO - module.noise_predictor.blocks.1.graph_convolution.projections.2.bias	torch.Size([128])	cuda:0	True
2026-05-14 14:35:37,084 - INFO - module.noise_predictor.blocks.1.cross_attention.query_projection.weight	torch.Size([128, 128])	cuda:0	True
2026-05-14 14:35:37,084 - INFO - module.noise_predictor.blocks.1.cross_attention.query_projection.bias	torch.Size([128])	cuda:0	True
2026-05-14 14:35:37,084 - INFO - module.noise_predictor.blocks.1.cross_attention.key_projection.weight	torch.Size([128, 128])	cuda:0	True
2026-05-14 14:35:37,084 - INFO - module.noise_predictor.blocks.1.cross_attention.key_projection.bias	torch.Size([128])	cuda:0	True
2026-05-14 14:35:37,084 - INFO - module.noise_predictor.blocks.1.cross_attention.value_projection.weight	torch.Size([128, 128])	cuda:0	True
2026-05-14 14:35:37,084 - INFO - module.noise_predictor.blocks.1.cross_attention.value_projection.bias	torch.Size([128])	cuda:0	True
2026-05-14 14:35:37,084 - INFO - module.noise_predictor.blocks.1.cross_attention.output_projection.weight	torch.Size([128, 128])	cuda:0	True
2026-05-14 14:35:37,084 - INFO - module.noise_predictor.blocks.1.cross_attention.output_projection.bias	torch.Size([128])	cuda:0	True
2026-05-14 14:35:37,084 - INFO - module.noise_predictor.blocks.1.spatiotemporal_attention.query_projection.weight	torch.Size([128, 128])	cuda:0	True
2026-05-14 14:35:37,085 - INFO - module.noise_predictor.blocks.1.spatiotemporal_attention.query_projection.bias	torch.Size([128])	cuda:0	True
2026-05-14 14:35:37,085 - INFO - module.noise_predictor.blocks.1.spatiotemporal_attention.key_projection.weight	torch.Size([128, 128])	cuda:0	True
2026-05-14 14:35:37,085 - INFO - module.noise_predictor.blocks.1.spatiotemporal_attention.key_projection.bias	torch.Size([128])	cuda:0	True
2026-05-14 14:35:37,085 - INFO - module.noise_predictor.blocks.1.spatiotemporal_attention.value_projection.weight	torch.Size([128, 128])	cuda:0	True
2026-05-14 14:35:37,085 - INFO - module.noise_predictor.blocks.1.spatiotemporal_attention.value_projection.bias	torch.Size([128])	cuda:0	True
2026-05-14 14:35:37,085 - INFO - module.noise_predictor.blocks.1.spatiotemporal_attention.output_projection.weight	torch.Size([128, 128])	cuda:0	True
2026-05-14 14:35:37,085 - INFO - module.noise_predictor.blocks.1.spatiotemporal_attention.output_projection.bias	torch.Size([128])	cuda:0	True
2026-05-14 14:35:37,085 - INFO - module.noise_predictor.blocks.1.feed_forward.network.0.weight	torch.Size([256, 128])	cuda:0	True
2026-05-14 14:35:37,085 - INFO - module.noise_predictor.blocks.1.feed_forward.network.0.bias	torch.Size([256])	cuda:0	True
2026-05-14 14:35:37,085 - INFO - module.noise_predictor.blocks.1.feed_forward.network.3.weight	torch.Size([128, 256])	cuda:0	True
2026-05-14 14:35:37,086 - INFO - module.noise_predictor.blocks.1.feed_forward.network.3.bias	torch.Size([128])	cuda:0	True
2026-05-14 14:35:37,086 - INFO - module.noise_predictor.blocks.1.norm_temporal.weight	torch.Size([128])	cuda:0	True
2026-05-14 14:35:37,086 - INFO - module.noise_predictor.blocks.1.norm_temporal.bias	torch.Size([128])	cuda:0	True
2026-05-14 14:35:37,086 - INFO - module.noise_predictor.blocks.1.norm_graph.weight	torch.Size([128])	cuda:0	True
2026-05-14 14:35:37,086 - INFO - module.noise_predictor.blocks.1.norm_graph.bias	torch.Size([128])	cuda:0	True
2026-05-14 14:35:37,086 - INFO - module.noise_predictor.blocks.1.norm_cross.weight	torch.Size([128])	cuda:0	True
2026-05-14 14:35:37,086 - INFO - module.noise_predictor.blocks.1.norm_cross.bias	torch.Size([128])	cuda:0	True
2026-05-14 14:35:37,086 - INFO - module.noise_predictor.blocks.1.norm_spatiotemporal.weight	torch.Size([128])	cuda:0	True
2026-05-14 14:35:37,086 - INFO - module.noise_predictor.blocks.1.norm_spatiotemporal.bias	torch.Size([128])	cuda:0	True
2026-05-14 14:35:37,086 - INFO - module.noise_predictor.blocks.1.norm_ffn.weight	torch.Size([128])	cuda:0	True
2026-05-14 14:35:37,086 - INFO - module.noise_predictor.blocks.1.norm_ffn.bias	torch.Size([128])	cuda:0	True
2026-05-14 14:35:37,087 - INFO - module.noise_predictor.blocks.1.time_scale_shift.1.weight	torch.Size([256, 128])	cuda:0	True
2026-05-14 14:35:37,087 - INFO - module.noise_predictor.blocks.1.time_scale_shift.1.bias	torch.Size([256])	cuda:0	True
2026-05-14 14:35:37,087 - INFO - module.noise_predictor.blocks.2.temporal_attention.query_projection.weight	torch.Size([128, 128])	cuda:0	True
2026-05-14 14:35:37,087 - INFO - module.noise_predictor.blocks.2.temporal_attention.query_projection.bias	torch.Size([128])	cuda:0	True
2026-05-14 14:35:37,087 - INFO - module.noise_predictor.blocks.2.temporal_attention.key_projection.weight	torch.Size([128, 128])	cuda:0	True
2026-05-14 14:35:37,087 - INFO - module.noise_predictor.blocks.2.temporal_attention.key_projection.bias	torch.Size([128])	cuda:0	True
2026-05-14 14:35:37,087 - INFO - module.noise_predictor.blocks.2.temporal_attention.value_projection.weight	torch.Size([128, 128])	cuda:0	True
2026-05-14 14:35:37,087 - INFO - module.noise_predictor.blocks.2.temporal_attention.value_projection.bias	torch.Size([128])	cuda:0	True
2026-05-14 14:35:37,087 - INFO - module.noise_predictor.blocks.2.temporal_attention.output_projection.weight	torch.Size([128, 128])	cuda:0	True
2026-05-14 14:35:37,088 - INFO - module.noise_predictor.blocks.2.temporal_attention.output_projection.bias	torch.Size([128])	cuda:0	True
2026-05-14 14:35:37,088 - INFO - module.noise_predictor.blocks.2.graph_convolution.projections.0.weight	torch.Size([128, 128])	cuda:0	True
2026-05-14 14:35:37,088 - INFO - module.noise_predictor.blocks.2.graph_convolution.projections.0.bias	torch.Size([128])	cuda:0	True
2026-05-14 14:35:37,088 - INFO - module.noise_predictor.blocks.2.graph_convolution.projections.1.weight	torch.Size([128, 128])	cuda:0	True
2026-05-14 14:35:37,088 - INFO - module.noise_predictor.blocks.2.graph_convolution.projections.1.bias	torch.Size([128])	cuda:0	True
2026-05-14 14:35:37,088 - INFO - module.noise_predictor.blocks.2.graph_convolution.projections.2.weight	torch.Size([128, 128])	cuda:0	True
2026-05-14 14:35:37,088 - INFO - module.noise_predictor.blocks.2.graph_convolution.projections.2.bias	torch.Size([128])	cuda:0	True
2026-05-14 14:35:37,088 - INFO - module.noise_predictor.blocks.2.cross_attention.query_projection.weight	torch.Size([128, 128])	cuda:0	True
2026-05-14 14:35:37,088 - INFO - module.noise_predictor.blocks.2.cross_attention.query_projection.bias	torch.Size([128])	cuda:0	True
2026-05-14 14:35:37,088 - INFO - module.noise_predictor.blocks.2.cross_attention.key_projection.weight	torch.Size([128, 128])	cuda:0	True
2026-05-14 14:35:37,089 - INFO - module.noise_predictor.blocks.2.cross_attention.key_projection.bias	torch.Size([128])	cuda:0	True
2026-05-14 14:35:37,089 - INFO - module.noise_predictor.blocks.2.cross_attention.value_projection.weight	torch.Size([128, 128])	cuda:0	True
2026-05-14 14:35:37,089 - INFO - module.noise_predictor.blocks.2.cross_attention.value_projection.bias	torch.Size([128])	cuda:0	True
2026-05-14 14:35:37,089 - INFO - module.noise_predictor.blocks.2.cross_attention.output_projection.weight	torch.Size([128, 128])	cuda:0	True
2026-05-14 14:35:37,089 - INFO - module.noise_predictor.blocks.2.cross_attention.output_projection.bias	torch.Size([128])	cuda:0	True
2026-05-14 14:35:37,089 - INFO - module.noise_predictor.blocks.2.spatiotemporal_attention.query_projection.weight	torch.Size([128, 128])	cuda:0	True
2026-05-14 14:35:37,089 - INFO - module.noise_predictor.blocks.2.spatiotemporal_attention.query_projection.bias	torch.Size([128])	cuda:0	True
2026-05-14 14:35:37,089 - INFO - module.noise_predictor.blocks.2.spatiotemporal_attention.key_projection.weight	torch.Size([128, 128])	cuda:0	True
2026-05-14 14:35:37,089 - INFO - module.noise_predictor.blocks.2.spatiotemporal_attention.key_projection.bias	torch.Size([128])	cuda:0	True
2026-05-14 14:35:37,089 - INFO - module.noise_predictor.blocks.2.spatiotemporal_attention.value_projection.weight	torch.Size([128, 128])	cuda:0	True
2026-05-14 14:35:37,089 - INFO - module.noise_predictor.blocks.2.spatiotemporal_attention.value_projection.bias	torch.Size([128])	cuda:0	True
2026-05-14 14:35:37,090 - INFO - module.noise_predictor.blocks.2.spatiotemporal_attention.output_projection.weight	torch.Size([128, 128])	cuda:0	True
2026-05-14 14:35:37,090 - INFO - module.noise_predictor.blocks.2.spatiotemporal_attention.output_projection.bias	torch.Size([128])	cuda:0	True
2026-05-14 14:35:37,090 - INFO - module.noise_predictor.blocks.2.feed_forward.network.0.weight	torch.Size([256, 128])	cuda:0	True
2026-05-14 14:35:37,090 - INFO - module.noise_predictor.blocks.2.feed_forward.network.0.bias	torch.Size([256])	cuda:0	True
2026-05-14 14:35:37,090 - INFO - module.noise_predictor.blocks.2.feed_forward.network.3.weight	torch.Size([128, 256])	cuda:0	True
2026-05-14 14:35:37,090 - INFO - module.noise_predictor.blocks.2.feed_forward.network.3.bias	torch.Size([128])	cuda:0	True
2026-05-14 14:35:37,090 - INFO - module.noise_predictor.blocks.2.norm_temporal.weight	torch.Size([128])	cuda:0	True
2026-05-14 14:35:37,090 - INFO - module.noise_predictor.blocks.2.norm_temporal.bias	torch.Size([128])	cuda:0	True
2026-05-14 14:35:37,091 - INFO - module.noise_predictor.blocks.2.norm_graph.weight	torch.Size([128])	cuda:0	True
2026-05-14 14:35:37,091 - INFO - module.noise_predictor.blocks.2.norm_graph.bias	torch.Size([128])	cuda:0	True
2026-05-14 14:35:37,091 - INFO - module.noise_predictor.blocks.2.norm_cross.weight	torch.Size([128])	cuda:0	True
2026-05-14 14:35:37,091 - INFO - module.noise_predictor.blocks.2.norm_cross.bias	torch.Size([128])	cuda:0	True
2026-05-14 14:35:37,091 - INFO - module.noise_predictor.blocks.2.norm_spatiotemporal.weight	torch.Size([128])	cuda:0	True
2026-05-14 14:35:37,091 - INFO - module.noise_predictor.blocks.2.norm_spatiotemporal.bias	torch.Size([128])	cuda:0	True
2026-05-14 14:35:37,091 - INFO - module.noise_predictor.blocks.2.norm_ffn.weight	torch.Size([128])	cuda:0	True
2026-05-14 14:35:37,091 - INFO - module.noise_predictor.blocks.2.norm_ffn.bias	torch.Size([128])	cuda:0	True
2026-05-14 14:35:37,091 - INFO - module.noise_predictor.blocks.2.time_scale_shift.1.weight	torch.Size([256, 128])	cuda:0	True
2026-05-14 14:35:37,091 - INFO - module.noise_predictor.blocks.2.time_scale_shift.1.bias	torch.Size([256])	cuda:0	True
2026-05-14 14:35:37,091 - INFO - module.noise_predictor.blocks.3.temporal_attention.query_projection.weight	torch.Size([128, 128])	cuda:0	True
2026-05-14 14:35:37,091 - INFO - module.noise_predictor.blocks.3.temporal_attention.query_projection.bias	torch.Size([128])	cuda:0	True
2026-05-14 14:35:37,091 - INFO - module.noise_predictor.blocks.3.temporal_attention.key_projection.weight	torch.Size([128, 128])	cuda:0	True
2026-05-14 14:35:37,091 - INFO - module.noise_predictor.blocks.3.temporal_attention.key_projection.bias	torch.Size([128])	cuda:0	True
2026-05-14 14:35:37,091 - INFO - module.noise_predictor.blocks.3.temporal_attention.value_projection.weight	torch.Size([128, 128])	cuda:0	True
2026-05-14 14:35:37,091 - INFO - module.noise_predictor.blocks.3.temporal_attention.value_projection.bias	torch.Size([128])	cuda:0	True
2026-05-14 14:35:37,091 - INFO - module.noise_predictor.blocks.3.temporal_attention.output_projection.weight	torch.Size([128, 128])	cuda:0	True
2026-05-14 14:35:37,092 - INFO - module.noise_predictor.blocks.3.temporal_attention.output_projection.bias	torch.Size([128])	cuda:0	True
2026-05-14 14:35:37,092 - INFO - module.noise_predictor.blocks.3.graph_convolution.projections.0.weight	torch.Size([128, 128])	cuda:0	True
2026-05-14 14:35:37,092 - INFO - module.noise_predictor.blocks.3.graph_convolution.projections.0.bias	torch.Size([128])	cuda:0	True
2026-05-14 14:35:37,092 - INFO - module.noise_predictor.blocks.3.graph_convolution.projections.1.weight	torch.Size([128, 128])	cuda:0	True
2026-05-14 14:35:37,092 - INFO - module.noise_predictor.blocks.3.graph_convolution.projections.1.bias	torch.Size([128])	cuda:0	True
2026-05-14 14:35:37,092 - INFO - module.noise_predictor.blocks.3.graph_convolution.projections.2.weight	torch.Size([128, 128])	cuda:0	True
2026-05-14 14:35:37,092 - INFO - module.noise_predictor.blocks.3.graph_convolution.projections.2.bias	torch.Size([128])	cuda:0	True
2026-05-14 14:35:37,092 - INFO - module.noise_predictor.blocks.3.cross_attention.query_projection.weight	torch.Size([128, 128])	cuda:0	True
2026-05-14 14:35:37,092 - INFO - module.noise_predictor.blocks.3.cross_attention.query_projection.bias	torch.Size([128])	cuda:0	True
2026-05-14 14:35:37,092 - INFO - module.noise_predictor.blocks.3.cross_attention.key_projection.weight	torch.Size([128, 128])	cuda:0	True
2026-05-14 14:35:37,092 - INFO - module.noise_predictor.blocks.3.cross_attention.key_projection.bias	torch.Size([128])	cuda:0	True
2026-05-14 14:35:37,092 - INFO - module.noise_predictor.blocks.3.cross_attention.value_projection.weight	torch.Size([128, 128])	cuda:0	True
2026-05-14 14:35:37,092 - INFO - module.noise_predictor.blocks.3.cross_attention.value_projection.bias	torch.Size([128])	cuda:0	True
2026-05-14 14:35:37,092 - INFO - module.noise_predictor.blocks.3.cross_attention.output_projection.weight	torch.Size([128, 128])	cuda:0	True
2026-05-14 14:35:37,092 - INFO - module.noise_predictor.blocks.3.cross_attention.output_projection.bias	torch.Size([128])	cuda:0	True
2026-05-14 14:35:37,092 - INFO - module.noise_predictor.blocks.3.spatiotemporal_attention.query_projection.weight	torch.Size([128, 128])	cuda:0	True
2026-05-14 14:35:37,092 - INFO - module.noise_predictor.blocks.3.spatiotemporal_attention.query_projection.bias	torch.Size([128])	cuda:0	True
2026-05-14 14:35:37,092 - INFO - module.noise_predictor.blocks.3.spatiotemporal_attention.key_projection.weight	torch.Size([128, 128])	cuda:0	True
2026-05-14 14:35:37,092 - INFO - module.noise_predictor.blocks.3.spatiotemporal_attention.key_projection.bias	torch.Size([128])	cuda:0	True
2026-05-14 14:35:37,092 - INFO - module.noise_predictor.blocks.3.spatiotemporal_attention.value_projection.weight	torch.Size([128, 128])	cuda:0	True
2026-05-14 14:35:37,092 - INFO - module.noise_predictor.blocks.3.spatiotemporal_attention.value_projection.bias	torch.Size([128])	cuda:0	True
2026-05-14 14:35:37,092 - INFO - module.noise_predictor.blocks.3.spatiotemporal_attention.output_projection.weight	torch.Size([128, 128])	cuda:0	True
2026-05-14 14:35:37,092 - INFO - module.noise_predictor.blocks.3.spatiotemporal_attention.output_projection.bias	torch.Size([128])	cuda:0	True
2026-05-14 14:35:37,092 - INFO - module.noise_predictor.blocks.3.feed_forward.network.0.weight	torch.Size([256, 128])	cuda:0	True
2026-05-14 14:35:37,093 - INFO - module.noise_predictor.blocks.3.feed_forward.network.0.bias	torch.Size([256])	cuda:0	True
2026-05-14 14:35:37,093 - INFO - module.noise_predictor.blocks.3.feed_forward.network.3.weight	torch.Size([128, 256])	cuda:0	True
2026-05-14 14:35:37,093 - INFO - module.noise_predictor.blocks.3.feed_forward.network.3.bias	torch.Size([128])	cuda:0	True
2026-05-14 14:35:37,093 - INFO - module.noise_predictor.blocks.3.norm_temporal.weight	torch.Size([128])	cuda:0	True
2026-05-14 14:35:37,093 - INFO - module.noise_predictor.blocks.3.norm_temporal.bias	torch.Size([128])	cuda:0	True
2026-05-14 14:35:37,093 - INFO - module.noise_predictor.blocks.3.norm_graph.weight	torch.Size([128])	cuda:0	True
2026-05-14 14:35:37,093 - INFO - module.noise_predictor.blocks.3.norm_graph.bias	torch.Size([128])	cuda:0	True
2026-05-14 14:35:37,093 - INFO - module.noise_predictor.blocks.3.norm_cross.weight	torch.Size([128])	cuda:0	True
2026-05-14 14:35:37,093 - INFO - module.noise_predictor.blocks.3.norm_cross.bias	torch.Size([128])	cuda:0	True
2026-05-14 14:35:37,093 - INFO - module.noise_predictor.blocks.3.norm_spatiotemporal.weight	torch.Size([128])	cuda:0	True
2026-05-14 14:35:37,093 - INFO - module.noise_predictor.blocks.3.norm_spatiotemporal.bias	torch.Size([128])	cuda:0	True
2026-05-14 14:35:37,093 - INFO - module.noise_predictor.blocks.3.norm_ffn.weight	torch.Size([128])	cuda:0	True
2026-05-14 14:35:37,093 - INFO - module.noise_predictor.blocks.3.norm_ffn.bias	torch.Size([128])	cuda:0	True
2026-05-14 14:35:37,093 - INFO - module.noise_predictor.blocks.3.time_scale_shift.1.weight	torch.Size([256, 128])	cuda:0	True
2026-05-14 14:35:37,094 - INFO - module.noise_predictor.blocks.3.time_scale_shift.1.bias	torch.Size([256])	cuda:0	True
2026-05-14 14:35:37,094 - INFO - module.noise_predictor.blocks.4.temporal_attention.query_projection.weight	torch.Size([128, 128])	cuda:0	True
2026-05-14 14:35:37,094 - INFO - module.noise_predictor.blocks.4.temporal_attention.query_projection.bias	torch.Size([128])	cuda:0	True
2026-05-14 14:35:37,094 - INFO - module.noise_predictor.blocks.4.temporal_attention.key_projection.weight	torch.Size([128, 128])	cuda:0	True
2026-05-14 14:35:37,095 - INFO - module.noise_predictor.blocks.4.temporal_attention.key_projection.bias	torch.Size([128])	cuda:0	True
2026-05-14 14:35:37,095 - INFO - module.noise_predictor.blocks.4.temporal_attention.value_projection.weight	torch.Size([128, 128])	cuda:0	True
2026-05-14 14:35:37,095 - INFO - module.noise_predictor.blocks.4.temporal_attention.value_projection.bias	torch.Size([128])	cuda:0	True
2026-05-14 14:35:37,095 - INFO - module.noise_predictor.blocks.4.temporal_attention.output_projection.weight	torch.Size([128, 128])	cuda:0	True
2026-05-14 14:35:37,095 - INFO - module.noise_predictor.blocks.4.temporal_attention.output_projection.bias	torch.Size([128])	cuda:0	True
2026-05-14 14:35:37,095 - INFO - module.noise_predictor.blocks.4.graph_convolution.projections.0.weight	torch.Size([128, 128])	cuda:0	True
2026-05-14 14:35:37,095 - INFO - module.noise_predictor.blocks.4.graph_convolution.projections.0.bias	torch.Size([128])	cuda:0	True
2026-05-14 14:35:37,095 - INFO - module.noise_predictor.blocks.4.graph_convolution.projections.1.weight	torch.Size([128, 128])	cuda:0	True
2026-05-14 14:35:37,095 - INFO - module.noise_predictor.blocks.4.graph_convolution.projections.1.bias	torch.Size([128])	cuda:0	True
2026-05-14 14:35:37,095 - INFO - module.noise_predictor.blocks.4.graph_convolution.projections.2.weight	torch.Size([128, 128])	cuda:0	True
2026-05-14 14:35:37,096 - INFO - module.noise_predictor.blocks.4.graph_convolution.projections.2.bias	torch.Size([128])	cuda:0	True
2026-05-14 14:35:37,096 - INFO - module.noise_predictor.blocks.4.cross_attention.query_projection.weight	torch.Size([128, 128])	cuda:0	True
2026-05-14 14:35:37,096 - INFO - module.noise_predictor.blocks.4.cross_attention.query_projection.bias	torch.Size([128])	cuda:0	True
2026-05-14 14:35:37,096 - INFO - module.noise_predictor.blocks.4.cross_attention.key_projection.weight	torch.Size([128, 128])	cuda:0	True
2026-05-14 14:35:37,096 - INFO - module.noise_predictor.blocks.4.cross_attention.key_projection.bias	torch.Size([128])	cuda:0	True
2026-05-14 14:35:37,096 - INFO - module.noise_predictor.blocks.4.cross_attention.value_projection.weight	torch.Size([128, 128])	cuda:0	True
2026-05-14 14:35:37,096 - INFO - module.noise_predictor.blocks.4.cross_attention.value_projection.bias	torch.Size([128])	cuda:0	True
2026-05-14 14:35:37,096 - INFO - module.noise_predictor.blocks.4.cross_attention.output_projection.weight	torch.Size([128, 128])	cuda:0	True
2026-05-14 14:35:37,096 - INFO - module.noise_predictor.blocks.4.cross_attention.output_projection.bias	torch.Size([128])	cuda:0	True
2026-05-14 14:35:37,097 - INFO - module.noise_predictor.blocks.4.spatiotemporal_attention.query_projection.weight	torch.Size([128, 128])	cuda:0	True
2026-05-14 14:35:37,097 - INFO - module.noise_predictor.blocks.4.spatiotemporal_attention.query_projection.bias	torch.Size([128])	cuda:0	True
2026-05-14 14:35:37,097 - INFO - module.noise_predictor.blocks.4.spatiotemporal_attention.key_projection.weight	torch.Size([128, 128])	cuda:0	True
2026-05-14 14:35:37,097 - INFO - module.noise_predictor.blocks.4.spatiotemporal_attention.key_projection.bias	torch.Size([128])	cuda:0	True
2026-05-14 14:35:37,097 - INFO - module.noise_predictor.blocks.4.spatiotemporal_attention.value_projection.weight	torch.Size([128, 128])	cuda:0	True
2026-05-14 14:35:37,097 - INFO - module.noise_predictor.blocks.4.spatiotemporal_attention.value_projection.bias	torch.Size([128])	cuda:0	True
2026-05-14 14:35:37,097 - INFO - module.noise_predictor.blocks.4.spatiotemporal_attention.output_projection.weight	torch.Size([128, 128])	cuda:0	True
2026-05-14 14:35:37,097 - INFO - module.noise_predictor.blocks.4.spatiotemporal_attention.output_projection.bias	torch.Size([128])	cuda:0	True
2026-05-14 14:35:37,097 - INFO - module.noise_predictor.blocks.4.feed_forward.network.0.weight	torch.Size([256, 128])	cuda:0	True
2026-05-14 14:35:37,098 - INFO - module.noise_predictor.blocks.4.feed_forward.network.0.bias	torch.Size([256])	cuda:0	True
2026-05-14 14:35:37,098 - INFO - module.noise_predictor.blocks.4.feed_forward.network.3.weight	torch.Size([128, 256])	cuda:0	True
2026-05-14 14:35:37,098 - INFO - module.noise_predictor.blocks.4.feed_forward.network.3.bias	torch.Size([128])	cuda:0	True
2026-05-14 14:35:37,098 - INFO - module.noise_predictor.blocks.4.norm_temporal.weight	torch.Size([128])	cuda:0	True
2026-05-14 14:35:37,098 - INFO - module.noise_predictor.blocks.4.norm_temporal.bias	torch.Size([128])	cuda:0	True
2026-05-14 14:35:37,098 - INFO - module.noise_predictor.blocks.4.norm_graph.weight	torch.Size([128])	cuda:0	True
2026-05-14 14:35:37,098 - INFO - module.noise_predictor.blocks.4.norm_graph.bias	torch.Size([128])	cuda:0	True
2026-05-14 14:35:37,098 - INFO - module.noise_predictor.blocks.4.norm_cross.weight	torch.Size([128])	cuda:0	True
2026-05-14 14:35:37,098 - INFO - module.noise_predictor.blocks.4.norm_cross.bias	torch.Size([128])	cuda:0	True
2026-05-14 14:35:37,099 - INFO - module.noise_predictor.blocks.4.norm_spatiotemporal.weight	torch.Size([128])	cuda:0	True
2026-05-14 14:35:37,099 - INFO - module.noise_predictor.blocks.4.norm_spatiotemporal.bias	torch.Size([128])	cuda:0	True
2026-05-14 14:35:37,099 - INFO - module.noise_predictor.blocks.4.norm_ffn.weight	torch.Size([128])	cuda:0	True
2026-05-14 14:35:37,099 - INFO - module.noise_predictor.blocks.4.norm_ffn.bias	torch.Size([128])	cuda:0	True
2026-05-14 14:35:37,099 - INFO - module.noise_predictor.blocks.4.time_scale_shift.1.weight	torch.Size([256, 128])	cuda:0	True
2026-05-14 14:35:37,099 - INFO - module.noise_predictor.blocks.4.time_scale_shift.1.bias	torch.Size([256])	cuda:0	True
2026-05-14 14:35:37,099 - INFO - module.noise_predictor.blocks.5.temporal_attention.query_projection.weight	torch.Size([128, 128])	cuda:0	True
2026-05-14 14:35:37,100 - INFO - module.noise_predictor.blocks.5.temporal_attention.query_projection.bias	torch.Size([128])	cuda:0	True
2026-05-14 14:35:37,100 - INFO - module.noise_predictor.blocks.5.temporal_attention.key_projection.weight	torch.Size([128, 128])	cuda:0	True
2026-05-14 14:35:37,100 - INFO - module.noise_predictor.blocks.5.temporal_attention.key_projection.bias	torch.Size([128])	cuda:0	True
2026-05-14 14:35:37,100 - INFO - module.noise_predictor.blocks.5.temporal_attention.value_projection.weight	torch.Size([128, 128])	cuda:0	True
2026-05-14 14:35:37,100 - INFO - module.noise_predictor.blocks.5.temporal_attention.value_projection.bias	torch.Size([128])	cuda:0	True
2026-05-14 14:35:37,100 - INFO - module.noise_predictor.blocks.5.temporal_attention.output_projection.weight	torch.Size([128, 128])	cuda:0	True
2026-05-14 14:35:37,100 - INFO - module.noise_predictor.blocks.5.temporal_attention.output_projection.bias	torch.Size([128])	cuda:0	True
2026-05-14 14:35:37,100 - INFO - module.noise_predictor.blocks.5.graph_convolution.projections.0.weight	torch.Size([128, 128])	cuda:0	True
2026-05-14 14:35:37,101 - INFO - module.noise_predictor.blocks.5.graph_convolution.projections.0.bias	torch.Size([128])	cuda:0	True
2026-05-14 14:35:37,101 - INFO - module.noise_predictor.blocks.5.graph_convolution.projections.1.weight	torch.Size([128, 128])	cuda:0	True
2026-05-14 14:35:37,101 - INFO - module.noise_predictor.blocks.5.graph_convolution.projections.1.bias	torch.Size([128])	cuda:0	True
2026-05-14 14:35:37,101 - INFO - module.noise_predictor.blocks.5.graph_convolution.projections.2.weight	torch.Size([128, 128])	cuda:0	True
2026-05-14 14:35:37,101 - INFO - module.noise_predictor.blocks.5.graph_convolution.projections.2.bias	torch.Size([128])	cuda:0	True
2026-05-14 14:35:37,101 - INFO - module.noise_predictor.blocks.5.cross_attention.query_projection.weight	torch.Size([128, 128])	cuda:0	True
2026-05-14 14:35:37,101 - INFO - module.noise_predictor.blocks.5.cross_attention.query_projection.bias	torch.Size([128])	cuda:0	True
2026-05-14 14:35:37,101 - INFO - module.noise_predictor.blocks.5.cross_attention.key_projection.weight	torch.Size([128, 128])	cuda:0	True
2026-05-14 14:35:37,101 - INFO - module.noise_predictor.blocks.5.cross_attention.key_projection.bias	torch.Size([128])	cuda:0	True
2026-05-14 14:35:37,102 - INFO - module.noise_predictor.blocks.5.cross_attention.value_projection.weight	torch.Size([128, 128])	cuda:0	True
2026-05-14 14:35:37,102 - INFO - module.noise_predictor.blocks.5.cross_attention.value_projection.bias	torch.Size([128])	cuda:0	True
2026-05-14 14:35:37,102 - INFO - module.noise_predictor.blocks.5.cross_attention.output_projection.weight	torch.Size([128, 128])	cuda:0	True
2026-05-14 14:35:37,102 - INFO - module.noise_predictor.blocks.5.cross_attention.output_projection.bias	torch.Size([128])	cuda:0	True
2026-05-14 14:35:37,102 - INFO - module.noise_predictor.blocks.5.spatiotemporal_attention.query_projection.weight	torch.Size([128, 128])	cuda:0	True
2026-05-14 14:35:37,102 - INFO - module.noise_predictor.blocks.5.spatiotemporal_attention.query_projection.bias	torch.Size([128])	cuda:0	True
2026-05-14 14:35:37,102 - INFO - module.noise_predictor.blocks.5.spatiotemporal_attention.key_projection.weight	torch.Size([128, 128])	cuda:0	True
2026-05-14 14:35:37,102 - INFO - module.noise_predictor.blocks.5.spatiotemporal_attention.key_projection.bias	torch.Size([128])	cuda:0	True
2026-05-14 14:35:37,102 - INFO - module.noise_predictor.blocks.5.spatiotemporal_attention.value_projection.weight	torch.Size([128, 128])	cuda:0	True
2026-05-14 14:35:37,102 - INFO - module.noise_predictor.blocks.5.spatiotemporal_attention.value_projection.bias	torch.Size([128])	cuda:0	True
2026-05-14 14:35:37,102 - INFO - module.noise_predictor.blocks.5.spatiotemporal_attention.output_projection.weight	torch.Size([128, 128])	cuda:0	True
2026-05-14 14:35:37,102 - INFO - module.noise_predictor.blocks.5.spatiotemporal_attention.output_projection.bias	torch.Size([128])	cuda:0	True
2026-05-14 14:35:37,102 - INFO - module.noise_predictor.blocks.5.feed_forward.network.0.weight	torch.Size([256, 128])	cuda:0	True
2026-05-14 14:35:37,102 - INFO - module.noise_predictor.blocks.5.feed_forward.network.0.bias	torch.Size([256])	cuda:0	True
2026-05-14 14:35:37,102 - INFO - module.noise_predictor.blocks.5.feed_forward.network.3.weight	torch.Size([128, 256])	cuda:0	True
2026-05-14 14:35:37,102 - INFO - module.noise_predictor.blocks.5.feed_forward.network.3.bias	torch.Size([128])	cuda:0	True
2026-05-14 14:35:37,102 - INFO - module.noise_predictor.blocks.5.norm_temporal.weight	torch.Size([128])	cuda:0	True
2026-05-14 14:35:37,103 - INFO - module.noise_predictor.blocks.5.norm_temporal.bias	torch.Size([128])	cuda:0	True
2026-05-14 14:35:37,103 - INFO - module.noise_predictor.blocks.5.norm_graph.weight	torch.Size([128])	cuda:0	True
2026-05-14 14:35:37,103 - INFO - module.noise_predictor.blocks.5.norm_graph.bias	torch.Size([128])	cuda:0	True
2026-05-14 14:35:37,103 - INFO - module.noise_predictor.blocks.5.norm_cross.weight	torch.Size([128])	cuda:0	True
2026-05-14 14:35:37,103 - INFO - module.noise_predictor.blocks.5.norm_cross.bias	torch.Size([128])	cuda:0	True
2026-05-14 14:35:37,103 - INFO - module.noise_predictor.blocks.5.norm_spatiotemporal.weight	torch.Size([128])	cuda:0	True
2026-05-14 14:35:37,103 - INFO - module.noise_predictor.blocks.5.norm_spatiotemporal.bias	torch.Size([128])	cuda:0	True
2026-05-14 14:35:37,103 - INFO - module.noise_predictor.blocks.5.norm_ffn.weight	torch.Size([128])	cuda:0	True
2026-05-14 14:35:37,103 - INFO - module.noise_predictor.blocks.5.norm_ffn.bias	torch.Size([128])	cuda:0	True
2026-05-14 14:35:37,104 - INFO - module.noise_predictor.blocks.5.time_scale_shift.1.weight	torch.Size([256, 128])	cuda:0	True
2026-05-14 14:35:37,104 - INFO - module.noise_predictor.blocks.5.time_scale_shift.1.bias	torch.Size([256])	cuda:0	True
2026-05-14 14:35:37,104 - INFO - module.noise_predictor.final_norm.weight	torch.Size([128])	cuda:0	True
2026-05-14 14:35:37,104 - INFO - module.noise_predictor.final_norm.bias	torch.Size([128])	cuda:0	True
2026-05-14 14:35:37,104 - INFO - module.noise_predictor.output_projection.weight	torch.Size([3, 128])	cuda:0	True
2026-05-14 14:35:37,104 - INFO - module.noise_predictor.output_projection.bias	torch.Size([3])	cuda:0	True
2026-05-14 14:35:37,104 - INFO - module.noise_predictor.adaptive_graph_learner.node_embeddings	torch.Size([307, 32])	cuda:0	True
2026-05-14 14:35:37,104 - INFO - module.noise_predictor.adaptive_graph_learner.blend_logit	torch.Size([])	cuda:0	True
2026-05-14 14:35:37,105 - INFO - module.noise_predictor.adaptive_graph_learner.fuzzy_centers	torch.Size([3])	cuda:0	True
2026-05-14 14:35:37,105 - INFO - module.noise_predictor.adaptive_graph_learner.fuzzy_log_sigmas	torch.Size([3])	cuda:0	True
2026-05-14 14:35:37,105 - INFO - module.noise_predictor.adaptive_graph_learner.fuzzy_rule_logits	torch.Size([3])	cuda:0	True
2026-05-14 14:35:37,105 - INFO - module.noise_predictor.adaptive_graph_learner.feature_projection.weight	torch.Size([32, 128])	cuda:0	True
2026-05-14 14:35:37,105 - INFO - module.noise_predictor.adaptive_graph_learner.feature_projection.bias	torch.Size([32])	cuda:0	True
2026-05-14 14:35:37,105 - INFO - module.noise_predictor.adaptive_graph_learner.time_projection.weight	torch.Size([32, 128])	cuda:0	True
2026-05-14 14:35:37,105 - INFO - module.noise_predictor.adaptive_graph_learner.time_projection.bias	torch.Size([32])	cuda:0	True
2026-05-14 14:35:37,106 - INFO - Total parameter numbers: 2540985
2026-05-14 14:35:37,107 - INFO - Enable AMP training (dtype=float16).
2026-05-14 14:35:37,107 - INFO - You select `adamw` optimizer.
2026-05-14 14:35:37,109 - INFO - You select `cosineannealinglr` lr_scheduler.
2026-05-14 14:35:37,109 - WARNING - Received none train loss func and will use the loss func defined in the model.
2026-05-14 14:35:37,110 - INFO - Start training ...
2026-05-14 14:35:37,110 - INFO - num_batches:80
2026-05-14 14:35:38,185 - INFO - Enable physics warmup: steps=3000 start_ratio=0.200 mode=linear.
2026-05-14 14:35:38,269 - INFO - Enable physics warmup: steps=3000 start_ratio=0.200 mode=linear.
2026-05-14 14:35:38,282 - INFO - Enable physics warmup: steps=3000 start_ratio=0.200 mode=linear.
2026-05-14 14:35:38,358 - INFO - Enable physics warmup: steps=3000 start_ratio=0.200 mode=linear.
2026-05-14 14:36:39,022 - INFO - epoch complete!
2026-05-14 14:36:39,022 - INFO - evaluating now!
2026-05-14 14:36:39,024 - INFO - epoch complete!
2026-05-14 14:36:39,024 - INFO - evaluating now!
2026-05-14 14:36:39,033 - INFO - epoch complete!
2026-05-14 14:36:39,034 - INFO - evaluating now!
2026-05-14 14:36:39,033 - INFO - epoch complete!
2026-05-14 14:36:39,034 - INFO - evaluating now!
2026-05-14 14:36:44,646 - INFO - Epoch [0/10] train_loss: 4.4839, val_loss: 1.3375, lr: 0.000976, 67.54s
2026-05-14 14:36:44,647 - INFO - Epoch [0/10] train_loss: 4.4928, val_loss: 1.3375, lr: 0.000976, 67.59s
2026-05-14 14:36:44,648 - INFO - Epoch [0/10] train_loss: 4.5285, val_loss: 1.3375, lr: 0.000976, 67.60s
2026-05-14 14:36:44,649 - INFO - Epoch [0/10] train_loss: 4.4712, val_loss: 1.3375, lr: 0.000976, 67.58s
2026-05-14 14:36:45,174 - INFO - Saved model at 0
2026-05-14 14:36:45,174 - INFO - Saved model at 0
2026-05-14 14:36:45,176 - INFO - Val loss decrease from inf to 1.3375, saving to /home/lizhuoxuan/lzq/Bigscity-LibCity-master/outputs/20260514_143500__traffic_state_pred__new_diffusion_fuzzy_2__PEMSD4/model_cache/new_diffusion_fuzzy_2_PEMSD4_epoch0.tar
2026-05-14 14:36:45,177 - INFO - Val loss decrease from inf to 1.3375, saving to /home/lizhuoxuan/lzq/Bigscity-LibCity-master/outputs/20260514_143500__traffic_state_pred__new_diffusion_fuzzy_2__PEMSD4/model_cache/new_diffusion_fuzzy_2_PEMSD4_epoch0.tar
2026-05-14 14:36:45,181 - INFO - Saved model at 0
2026-05-14 14:36:45,181 - INFO - Saved model at 0
2026-05-14 14:36:45,182 - INFO - Val loss decrease from inf to 1.3375, saving to /home/lizhuoxuan/lzq/Bigscity-LibCity-master/outputs/20260514_143500__traffic_state_pred__new_diffusion_fuzzy_2__PEMSD4/model_cache/new_diffusion_fuzzy_2_PEMSD4_epoch0.tar
2026-05-14 14:36:45,182 - INFO - Val loss decrease from inf to 1.3375, saving to /home/lizhuoxuan/lzq/Bigscity-LibCity-master/outputs/20260514_143500__traffic_state_pred__new_diffusion_fuzzy_2__PEMSD4/model_cache/new_diffusion_fuzzy_2_PEMSD4_epoch0.tar
2026-05-14 14:37:50,464 - INFO - epoch complete!
2026-05-14 14:37:50,465 - INFO - evaluating now!
2026-05-14 14:37:50,485 - INFO - epoch complete!
2026-05-14 14:37:50,491 - INFO - evaluating now!
2026-05-14 14:37:50,494 - INFO - epoch complete!
2026-05-14 14:37:50,497 - INFO - epoch complete!
2026-05-14 14:37:50,498 - INFO - evaluating now!
2026-05-14 14:37:50,498 - INFO - evaluating now!
2026-05-14 14:37:54,759 - INFO - Epoch [1/10] train_loss: 1.2256, val_loss: 1.0755, lr: 0.000905, 69.58s
2026-05-14 14:37:54,759 - INFO - Epoch [1/10] train_loss: 1.2207, val_loss: 1.0755, lr: 0.000905, 69.58s
2026-05-14 14:37:54,762 - INFO - Epoch [1/10] train_loss: 1.2347, val_loss: 1.0755, lr: 0.000905, 69.58s
2026-05-14 14:37:54,763 - INFO - Epoch [1/10] train_loss: 1.2325, val_loss: 1.0755, lr: 0.000905, 69.58s
2026-05-14 14:37:55,426 - INFO - Saved model at 1
2026-05-14 14:37:55,427 - INFO - Val loss decrease from 1.3375 to 1.0755, saving to /home/lizhuoxuan/lzq/Bigscity-LibCity-master/outputs/20260514_143500__traffic_state_pred__new_diffusion_fuzzy_2__PEMSD4/model_cache/new_diffusion_fuzzy_2_PEMSD4_epoch1.tar
2026-05-14 14:37:55,427 - INFO - Saved model at 1
2026-05-14 14:37:55,427 - INFO - Val loss decrease from 1.3375 to 1.0755, saving to /home/lizhuoxuan/lzq/Bigscity-LibCity-master/outputs/20260514_143500__traffic_state_pred__new_diffusion_fuzzy_2__PEMSD4/model_cache/new_diffusion_fuzzy_2_PEMSD4_epoch1.tar
2026-05-14 14:37:55,429 - INFO - Saved model at 1
2026-05-14 14:37:55,430 - INFO - Val loss decrease from 1.3375 to 1.0755, saving to /home/lizhuoxuan/lzq/Bigscity-LibCity-master/outputs/20260514_143500__traffic_state_pred__new_diffusion_fuzzy_2__PEMSD4/model_cache/new_diffusion_fuzzy_2_PEMSD4_epoch1.tar
2026-05-14 14:37:55,459 - INFO - Saved model at 1
2026-05-14 14:37:55,461 - INFO - Val loss decrease from 1.3375 to 1.0755, saving to /home/lizhuoxuan/lzq/Bigscity-LibCity-master/outputs/20260514_143500__traffic_state_pred__new_diffusion_fuzzy_2__PEMSD4/model_cache/new_diffusion_fuzzy_2_PEMSD4_epoch1.tar
2026-05-14 14:38:57,530 - INFO - epoch complete!
2026-05-14 14:38:57,531 - INFO - epoch complete!
2026-05-14 14:38:57,532 - INFO - evaluating now!
2026-05-14 14:38:57,533 - INFO - evaluating now!
2026-05-14 14:38:57,534 - INFO - epoch complete!
2026-05-14 14:38:57,539 - INFO - evaluating now!
2026-05-14 14:38:57,545 - INFO - epoch complete!
2026-05-14 14:38:57,547 - INFO - evaluating now!
2026-05-14 14:39:03,862 - INFO - Epoch [2/10] train_loss: 1.0549, val_loss: 0.8936, lr: 0.000796, 68.43s
2026-05-14 14:39:03,865 - INFO - Epoch [2/10] train_loss: 1.0479, val_loss: 0.8936, lr: 0.000796, 68.40s
2026-05-14 14:39:03,870 - INFO - Epoch [2/10] train_loss: 1.0512, val_loss: 0.8936, lr: 0.000796, 68.44s
2026-05-14 14:39:03,866 - INFO - Epoch [2/10] train_loss: 1.0474, val_loss: 0.8936, lr: 0.000796, 68.43s
2026-05-14 14:39:04,460 - INFO - Saved model at 2
2026-05-14 14:39:04,460 - INFO - Saved model at 2
2026-05-14 14:39:04,460 - INFO - Val loss decrease from 1.0755 to 0.8936, saving to /home/lizhuoxuan/lzq/Bigscity-LibCity-master/outputs/20260514_143500__traffic_state_pred__new_diffusion_fuzzy_2__PEMSD4/model_cache/new_diffusion_fuzzy_2_PEMSD4_epoch2.tar
2026-05-14 14:39:04,464 - INFO - Val loss decrease from 1.0755 to 0.8936, saving to /home/lizhuoxuan/lzq/Bigscity-LibCity-master/outputs/20260514_143500__traffic_state_pred__new_diffusion_fuzzy_2__PEMSD4/model_cache/new_diffusion_fuzzy_2_PEMSD4_epoch2.tar
2026-05-14 14:39:04,473 - INFO - Saved model at 2
2026-05-14 14:39:04,485 - INFO - Val loss decrease from 1.0755 to 0.8936, saving to /home/lizhuoxuan/lzq/Bigscity-LibCity-master/outputs/20260514_143500__traffic_state_pred__new_diffusion_fuzzy_2__PEMSD4/model_cache/new_diffusion_fuzzy_2_PEMSD4_epoch2.tar
2026-05-14 14:39:04,510 - INFO - Saved model at 2
2026-05-14 14:39:04,514 - INFO - Val loss decrease from 1.0755 to 0.8936, saving to /home/lizhuoxuan/lzq/Bigscity-LibCity-master/outputs/20260514_143500__traffic_state_pred__new_diffusion_fuzzy_2__PEMSD4/model_cache/new_diffusion_fuzzy_2_PEMSD4_epoch2.tar
2026-05-14 14:40:02,287 - INFO - epoch complete!
2026-05-14 14:40:02,285 - INFO - epoch complete!
2026-05-14 14:40:02,289 - INFO - evaluating now!
2026-05-14 14:40:02,293 - INFO - evaluating now!
2026-05-14 14:40:02,297 - INFO - epoch complete!
2026-05-14 14:40:02,299 - INFO - evaluating now!
2026-05-14 14:40:02,352 - INFO - epoch complete!
2026-05-14 14:40:02,359 - INFO - evaluating now!
2026-05-14 14:40:06,765 - INFO - Epoch [3/10] train_loss: 0.9328, val_loss: 0.8982, lr: 0.000658, 62.30s
2026-05-14 14:40:06,768 - INFO - Epoch [3/10] train_loss: 0.9319, val_loss: 0.8982, lr: 0.000658, 62.28s
2026-05-14 14:40:06,771 - INFO - Epoch [3/10] train_loss: 0.9247, val_loss: 0.8982, lr: 0.000658, 62.26s
2026-05-14 14:40:06,768 - INFO - Epoch [3/10] train_loss: 0.9297, val_loss: 0.8982, lr: 0.000658, 62.31s
2026-05-14 14:41:08,675 - INFO - epoch complete!
2026-05-14 14:41:08,677 - INFO - evaluating now!
2026-05-14 14:41:08,677 - INFO - epoch complete!
2026-05-14 14:41:08,681 - INFO - evaluating now!
2026-05-14 14:41:08,689 - INFO - epoch complete!
2026-05-14 14:41:08,689 - INFO - evaluating now!
2026-05-14 14:41:08,738 - INFO - epoch complete!
2026-05-14 14:41:08,739 - INFO - evaluating now!
2026-05-14 14:41:12,787 - INFO - Epoch [4/10] train_loss: 0.8169, val_loss: 0.9419, lr: 0.000505, 66.02s
2026-05-14 14:41:12,787 - INFO - Epoch [4/10] train_loss: 0.8158, val_loss: 0.9419, lr: 0.000505, 66.02s
2026-05-14 14:41:12,791 - INFO - Epoch [4/10] train_loss: 0.8097, val_loss: 0.9419, lr: 0.000505, 66.02s
2026-05-14 14:41:12,793 - INFO - Epoch [4/10] train_loss: 0.8190, val_loss: 0.9419, lr: 0.000505, 66.02s
2026-05-14 14:42:15,125 - INFO - epoch complete!
2026-05-14 14:42:15,126 - INFO - evaluating now!
2026-05-14 14:42:15,135 - INFO - epoch complete!
2026-05-14 14:42:15,136 - INFO - evaluating now!
2026-05-14 14:42:15,136 - INFO - epoch complete!
2026-05-14 14:42:15,137 - INFO - evaluating now!
2026-05-14 14:42:15,142 - INFO - epoch complete!
2026-05-14 14:42:15,144 - INFO - evaluating now!
2026-05-14 14:42:20,654 - INFO - Epoch [5/10] train_loss: 0.7960, val_loss: 0.7539, lr: 0.000352, 67.87s
2026-05-14 14:42:20,656 - INFO - Epoch [5/10] train_loss: 0.7937, val_loss: 0.7539, lr: 0.000352, 67.87s
2026-05-14 14:42:20,657 - INFO - Epoch [5/10] train_loss: 0.7954, val_loss: 0.7539, lr: 0.000352, 67.86s
2026-05-14 14:42:20,656 - INFO - Epoch [5/10] train_loss: 0.8042, val_loss: 0.7539, lr: 0.000352, 67.86s
2026-05-14 14:42:21,497 - INFO - Saved model at 5
2026-05-14 14:42:21,497 - INFO - Val loss decrease from 0.8936 to 0.7539, saving to /home/lizhuoxuan/lzq/Bigscity-LibCity-master/outputs/20260514_143500__traffic_state_pred__new_diffusion_fuzzy_2__PEMSD4/model_cache/new_diffusion_fuzzy_2_PEMSD4_epoch5.tar
2026-05-14 14:42:21,499 - INFO - Saved model at 5
2026-05-14 14:42:21,500 - INFO - Val loss decrease from 0.8936 to 0.7539, saving to /home/lizhuoxuan/lzq/Bigscity-LibCity-master/outputs/20260514_143500__traffic_state_pred__new_diffusion_fuzzy_2__PEMSD4/model_cache/new_diffusion_fuzzy_2_PEMSD4_epoch5.tar
2026-05-14 14:42:21,502 - INFO - Saved model at 5
2026-05-14 14:42:21,502 - INFO - Val loss decrease from 0.8936 to 0.7539, saving to /home/lizhuoxuan/lzq/Bigscity-LibCity-master/outputs/20260514_143500__traffic_state_pred__new_diffusion_fuzzy_2__PEMSD4/model_cache/new_diffusion_fuzzy_2_PEMSD4_epoch5.tar
2026-05-14 14:42:21,504 - INFO - Saved model at 5
2026-05-14 14:42:21,505 - INFO - Val loss decrease from 0.8936 to 0.7539, saving to /home/lizhuoxuan/lzq/Bigscity-LibCity-master/outputs/20260514_143500__traffic_state_pred__new_diffusion_fuzzy_2__PEMSD4/model_cache/new_diffusion_fuzzy_2_PEMSD4_epoch5.tar
2026-05-14 14:43:19,626 - INFO - epoch complete!
2026-05-14 14:43:19,627 - INFO - evaluating now!
2026-05-14 14:43:19,641 - INFO - epoch complete!
2026-05-14 14:43:19,642 - INFO - epoch complete!
2026-05-14 14:43:19,645 - INFO - evaluating now!
2026-05-14 14:43:19,647 - INFO - evaluating now!
2026-05-14 14:43:19,663 - INFO - epoch complete!
2026-05-14 14:43:19,664 - INFO - evaluating now!
2026-05-14 14:43:23,921 - INFO - Epoch [6/10] train_loss: 0.7894, val_loss: 0.7507, lr: 0.000214, 62.41s
2026-05-14 14:43:23,922 - INFO - Epoch [6/10] train_loss: 0.7858, val_loss: 0.7507, lr: 0.000214, 62.42s
2026-05-14 14:43:23,922 - INFO - Epoch [6/10] train_loss: 0.7867, val_loss: 0.7507, lr: 0.000214, 62.42s
2026-05-14 14:43:23,921 - INFO - Epoch [6/10] train_loss: 0.7976, val_loss: 0.7507, lr: 0.000214, 62.42s
2026-05-14 14:43:24,583 - INFO - Saved model at 6
2026-05-14 14:43:24,583 - INFO - Val loss decrease from 0.7539 to 0.7507, saving to /home/lizhuoxuan/lzq/Bigscity-LibCity-master/outputs/20260514_143500__traffic_state_pred__new_diffusion_fuzzy_2__PEMSD4/model_cache/new_diffusion_fuzzy_2_PEMSD4_epoch6.tar
2026-05-14 14:43:24,584 - INFO - Saved model at 6
2026-05-14 14:43:24,585 - INFO - Saved model at 6
2026-05-14 14:43:24,586 - INFO - Val loss decrease from 0.7539 to 0.7507, saving to /home/lizhuoxuan/lzq/Bigscity-LibCity-master/outputs/20260514_143500__traffic_state_pred__new_diffusion_fuzzy_2__PEMSD4/model_cache/new_diffusion_fuzzy_2_PEMSD4_epoch6.tar
2026-05-14 14:43:24,592 - INFO - Saved model at 6
2026-05-14 14:43:24,593 - INFO - Val loss decrease from 0.7539 to 0.7507, saving to /home/lizhuoxuan/lzq/Bigscity-LibCity-master/outputs/20260514_143500__traffic_state_pred__new_diffusion_fuzzy_2__PEMSD4/model_cache/new_diffusion_fuzzy_2_PEMSD4_epoch6.tar
2026-05-14 14:43:24,595 - INFO - Val loss decrease from 0.7539 to 0.7507, saving to /home/lizhuoxuan/lzq/Bigscity-LibCity-master/outputs/20260514_143500__traffic_state_pred__new_diffusion_fuzzy_2__PEMSD4/model_cache/new_diffusion_fuzzy_2_PEMSD4_epoch6.tar
2026-05-14 14:44:31,858 - INFO - epoch complete!
2026-05-14 14:44:31,859 - INFO - evaluating now!
2026-05-14 14:44:31,867 - INFO - epoch complete!
2026-05-14 14:44:31,868 - INFO - epoch complete!
2026-05-14 14:44:31,869 - INFO - evaluating now!
2026-05-14 14:44:31,871 - INFO - evaluating now!
2026-05-14 14:44:31,920 - INFO - epoch complete!
2026-05-14 14:44:31,921 - INFO - evaluating now!
2026-05-14 14:44:36,203 - INFO - Epoch [7/10] train_loss: 0.7950, val_loss: 0.7430, lr: 0.000105, 71.62s
2026-05-14 14:44:36,203 - INFO - Epoch [7/10] train_loss: 0.7924, val_loss: 0.7430, lr: 0.000105, 71.61s
2026-05-14 14:44:36,203 - INFO - Epoch [7/10] train_loss: 0.7925, val_loss: 0.7430, lr: 0.000105, 71.62s
2026-05-14 14:44:36,205 - INFO - Epoch [7/10] train_loss: 0.7889, val_loss: 0.7430, lr: 0.000105, 71.61s
2026-05-14 14:44:36,776 - INFO - Saved model at 7
2026-05-14 14:44:36,777 - INFO - Val loss decrease from 0.7507 to 0.7430, saving to /home/lizhuoxuan/lzq/Bigscity-LibCity-master/outputs/20260514_143500__traffic_state_pred__new_diffusion_fuzzy_2__PEMSD4/model_cache/new_diffusion_fuzzy_2_PEMSD4_epoch7.tar
2026-05-14 14:44:36,780 - INFO - Saved model at 7
2026-05-14 14:44:36,780 - INFO - Val loss decrease from 0.7507 to 0.7430, saving to /home/lizhuoxuan/lzq/Bigscity-LibCity-master/outputs/20260514_143500__traffic_state_pred__new_diffusion_fuzzy_2__PEMSD4/model_cache/new_diffusion_fuzzy_2_PEMSD4_epoch7.tar
2026-05-14 14:44:36,820 - INFO - Saved model at 7
2026-05-14 14:44:36,821 - INFO - Val loss decrease from 0.7507 to 0.7430, saving to /home/lizhuoxuan/lzq/Bigscity-LibCity-master/outputs/20260514_143500__traffic_state_pred__new_diffusion_fuzzy_2__PEMSD4/model_cache/new_diffusion_fuzzy_2_PEMSD4_epoch7.tar
2026-05-14 14:44:36,866 - INFO - Saved model at 7
2026-05-14 14:44:36,867 - INFO - Val loss decrease from 0.7507 to 0.7430, saving to /home/lizhuoxuan/lzq/Bigscity-LibCity-master/outputs/20260514_143500__traffic_state_pred__new_diffusion_fuzzy_2__PEMSD4/model_cache/new_diffusion_fuzzy_2_PEMSD4_epoch7.tar
2026-05-14 14:45:42,528 - INFO - epoch complete!
2026-05-14 14:45:42,528 - INFO - epoch complete!
2026-05-14 14:45:42,529 - INFO - evaluating now!
2026-05-14 14:45:42,529 - INFO - evaluating now!
2026-05-14 14:45:42,533 - INFO - epoch complete!
2026-05-14 14:45:42,534 - INFO - evaluating now!
2026-05-14 14:45:42,538 - INFO - epoch complete!
2026-05-14 14:45:42,541 - INFO - evaluating now!
2026-05-14 14:45:48,222 - INFO - Epoch [8/10] train_loss: 0.7086, val_loss: 0.7381, lr: 0.000034, 71.40s
2026-05-14 14:45:48,222 - INFO - Epoch [8/10] train_loss: 0.7107, val_loss: 0.7381, lr: 0.000034, 71.35s
2026-05-14 14:45:48,222 - INFO - Epoch [8/10] train_loss: 0.7177, val_loss: 0.7381, lr: 0.000034, 71.44s
2026-05-14 14:45:48,223 - INFO - Epoch [8/10] train_loss: 0.7142, val_loss: 0.7381, lr: 0.000034, 71.44s
2026-05-14 14:45:48,525 - INFO - Saved model at 8
2026-05-14 14:45:48,527 - INFO - Saved model at 8
2026-05-14 14:45:48,527 - INFO - Val loss decrease from 0.7430 to 0.7381, saving to /home/lizhuoxuan/lzq/Bigscity-LibCity-master/outputs/20260514_143500__traffic_state_pred__new_diffusion_fuzzy_2__PEMSD4/model_cache/new_diffusion_fuzzy_2_PEMSD4_epoch8.tar
2026-05-14 14:45:48,532 - INFO - Val loss decrease from 0.7430 to 0.7381, saving to /home/lizhuoxuan/lzq/Bigscity-LibCity-master/outputs/20260514_143500__traffic_state_pred__new_diffusion_fuzzy_2__PEMSD4/model_cache/new_diffusion_fuzzy_2_PEMSD4_epoch8.tar
2026-05-14 14:45:48,538 - INFO - Saved model at 8
2026-05-14 14:45:48,539 - INFO - Val loss decrease from 0.7430 to 0.7381, saving to /home/lizhuoxuan/lzq/Bigscity-LibCity-master/outputs/20260514_143500__traffic_state_pred__new_diffusion_fuzzy_2__PEMSD4/model_cache/new_diffusion_fuzzy_2_PEMSD4_epoch8.tar
2026-05-14 14:45:48,604 - INFO - Saved model at 8
2026-05-14 14:45:48,605 - INFO - Val loss decrease from 0.7430 to 0.7381, saving to /home/lizhuoxuan/lzq/Bigscity-LibCity-master/outputs/20260514_143500__traffic_state_pred__new_diffusion_fuzzy_2__PEMSD4/model_cache/new_diffusion_fuzzy_2_PEMSD4_epoch8.tar
2026-05-14 14:46:52,928 - INFO - epoch complete!
2026-05-14 14:46:52,930 - INFO - evaluating now!
2026-05-14 14:46:52,930 - INFO - epoch complete!
2026-05-14 14:46:52,932 - INFO - evaluating now!
2026-05-14 14:46:52,941 - INFO - epoch complete!
2026-05-14 14:46:52,941 - INFO - evaluating now!
2026-05-14 14:46:52,948 - INFO - epoch complete!
2026-05-14 14:46:52,948 - INFO - evaluating now!
2026-05-14 14:46:56,773 - INFO - Epoch [9/10] train_loss: 0.7181, val_loss: 0.7271, lr: 0.000010, 68.25s
2026-05-14 14:46:56,773 - INFO - Epoch [9/10] train_loss: 0.7064, val_loss: 0.7271, lr: 0.000010, 68.17s
2026-05-14 14:46:56,773 - INFO - Epoch [9/10] train_loss: 0.7009, val_loss: 0.7271, lr: 0.000010, 68.23s
2026-05-14 14:46:56,773 - INFO - Epoch [9/10] train_loss: 0.6996, val_loss: 0.7271, lr: 0.000010, 68.24s
2026-05-14 14:46:57,108 - INFO - Saved model at 9
2026-05-14 14:46:57,108 - INFO - Val loss decrease from 0.7381 to 0.7271, saving to /home/lizhuoxuan/lzq/Bigscity-LibCity-master/outputs/20260514_143500__traffic_state_pred__new_diffusion_fuzzy_2__PEMSD4/model_cache/new_diffusion_fuzzy_2_PEMSD4_epoch9.tar
2026-05-14 14:46:57,108 - INFO - Trained totally 10 epochs, average train time is 62.691s, average eval time is 4.841s
2026-05-14 14:46:57,110 - INFO - Saved model at 9
2026-05-14 14:46:57,116 - INFO - Val loss decrease from 0.7381 to 0.7271, saving to /home/lizhuoxuan/lzq/Bigscity-LibCity-master/outputs/20260514_143500__traffic_state_pred__new_diffusion_fuzzy_2__PEMSD4/model_cache/new_diffusion_fuzzy_2_PEMSD4_epoch9.tar
2026-05-14 14:46:57,116 - INFO - Trained totally 10 epochs, average train time is 62.706s, average eval time is 4.843s
2026-05-14 14:46:57,167 - INFO - Saved model at 9
2026-05-14 14:46:57,172 - INFO - Val loss decrease from 0.7381 to 0.7271, saving to /home/lizhuoxuan/lzq/Bigscity-LibCity-master/outputs/20260514_143500__traffic_state_pred__new_diffusion_fuzzy_2__PEMSD4/model_cache/new_diffusion_fuzzy_2_PEMSD4_epoch9.tar
2026-05-14 14:46:57,172 - INFO - Trained totally 10 epochs, average train time is 62.697s, average eval time is 4.836s
2026-05-14 14:46:57,173 - INFO - Saved model at 9
2026-05-14 14:46:57,174 - INFO - Val loss decrease from 0.7381 to 0.7271, saving to /home/lizhuoxuan/lzq/Bigscity-LibCity-master/outputs/20260514_143500__traffic_state_pred__new_diffusion_fuzzy_2__PEMSD4/model_cache/new_diffusion_fuzzy_2_PEMSD4_epoch9.tar
2026-05-14 14:46:57,175 - INFO - Trained totally 10 epochs, average train time is 62.701s, average eval time is 4.842s
2026-05-14 14:46:57,825 - INFO - Loaded model at 9
2026-05-14 14:46:57,830 - INFO - Start evaluating ...
2026-05-14 14:46:58,038 - INFO - Loaded model at 9
2026-05-14 14:46:58,045 - INFO - Start evaluating ...
2026-05-14 14:46:58,122 - INFO - Loaded model at 9
2026-05-14 14:46:58,125 - INFO - Start evaluating ...
2026-05-14 14:47:00,062 - INFO - Loaded model at 9
2026-05-14 14:47:00,067 - INFO - Saved model at /home/lizhuoxuan/lzq/Bigscity-LibCity-master/outputs/20260514_143500__traffic_state_pred__new_diffusion_fuzzy_2__PEMSD4/model_cache/new_diffusion_fuzzy_2_PEMSD4.m
2026-05-14 14:47:00,348 - INFO - Start evaluating ...
2026-05-14 14:48:56,587 - INFO - Note that you select the single mode to evaluate!
2026-05-14 14:48:56,652 - INFO - Evaluate result is saved at /home/lizhuoxuan/lzq/Bigscity-LibCity-master/outputs/20260514_143500__traffic_state_pred__new_diffusion_fuzzy_2__PEMSD4/evaluate_cache/2026_05_14_14_48_56_new_diffusion_fuzzy_2_PEMSD4.csv
2026-05-14 14:48:56,713 - INFO - 
          MAE          MAPE           MSE  ...  masked_RMSE        R2      EVAR
1   46.892021  20175.017578  11568.450195  ...   107.934151  0.305064  0.380349
2   47.047127  20963.839844  11585.645508  ...   108.008476  0.304040  0.378919
3   47.108143  20612.765625  11592.938477  ...   108.045769  0.303613  0.379283
4   47.308708  21443.792969  11645.343750  ...   108.283348  0.300474  0.375785
5   47.471752  21702.544922  11691.791016  ...   108.497833  0.297693  0.373494
6   47.868397  21852.156250  11839.343750  ...   109.181976  0.288835  0.365796
7   48.123119  21817.265625  11895.908203  ...   109.439484  0.285440  0.363702
8   48.302845  22174.007812  12003.109375  ...   109.929848  0.279002  0.357900
9   49.070072  23210.996094  12240.147461  ...   111.006104  0.264769  0.345185
10  49.789600  23272.937500  12506.219727  ...   112.208710  0.248789  0.331095
11  50.489918  24714.832031  12740.541992  ...   113.246101  0.234717  0.318790
12  51.369888  24781.007812  13105.833984  ...   114.861412  0.212780  0.299880

[12 rows x 10 columns]
