2026-05-07 20:10:05,185 - INFO - Log directory: /home/lizhuoxuan/lzq/Bigscity-LibCity-master/outputs/20260507_201005__traffic_state_pred__new_diffusion_fuzzy__PEMSD4/logs
2026-05-07 20:10:05,186 - INFO - Overfitting test: dataset=PEMSD4 batches=8 epochs=200 lr=0.001 device=cuda:0
2026-05-07 20:10:05,192 - INFO - Loaded file PEMSD4.geo, num_nodes=307
2026-05-07 20:10:05,193 - INFO - set_weight_link_or_dist: link
2026-05-07 20:10:05,193 - INFO - init_weight_inf_or_zero: zero
2026-05-07 20:10:05,197 - INFO - Loaded file PEMSD4.rel, shape=(307, 307)
2026-05-07 20:10:05,197 - INFO - Loading file PEMSD4.dyna
2026-05-07 20:10:08,542 - INFO - Loaded file PEMSD4.dyna, shape=(16992, 307, 3)
2026-05-07 20:10:09,836 - INFO - Dataset created
2026-05-07 20:10:09,837 - INFO - x shape: (16969, 12, 307, 3), y shape: (16969, 12, 307, 3)
2026-05-07 20:10:09,837 - INFO - train	x: (11878, 12, 307, 3), y: (11878, 12, 307, 3)
2026-05-07 20:10:09,897 - INFO - eval	x: (1697, 12, 307, 3), y: (1697, 12, 307, 3)
2026-05-07 20:10:09,897 - INFO - test	x: (3394, 12, 307, 3), y: (3394, 12, 307, 3)
2026-05-07 20:12:15,013 - INFO - Saved at /home/lizhuoxuan/lzq/Bigscity-LibCity-master/cache/dataset_cache/point_based_PEMSD4_12_12_0.7_0.1_standard_32_False_True_True_True.npz
2026-05-07 20:12:17,362 - INFO - StandardScaler mean: 90.78135542073315, std: 126.14790771308698
2026-05-07 20:12:17,362 - INFO - NoneScaler
2026-05-07 20:12:19,560 - INFO - Full training set: 11908 samples
2026-05-07 20:12:19,561 - INFO - Training on 256 samples, 8 batches/epoch
2026-05-07 20:12:19,735 - INFO - Model params: 796141
2026-05-07 20:12:20,800 - INFO - Enable physics warmup: steps=3000 start_ratio=0.200 mode=linear.
