2026-05-06 22:51:46,215 - INFO - Log directory: /home/lizhuoxuan/lzq/Bigscity-LibCity-master/outputs/20260506_225146__traffic_state_pred__STGCN__PEMSD4/logs
2026-05-06 22:51:46,215 - INFO - Begin artifact training pipeline, task=traffic_state_pred, model_name=STGCN, dataset_name=PEMSD4, exp_id=20260506_225146__traffic_state_pred__STGCN__PEMSD4
2026-05-06 22:51:46,215 - INFO - {'task': 'traffic_state_pred', 'model': 'STGCN', 'dataset': 'PEMSD4', 'saved_model': True, 'train': True, 'seed': 0, 'dist_backend': 'nccl', 'scale_lr': True, 'train_rate': 0.6, 'eval_rate': 0.2, 'batch_size': 64, 'learning_rate': 0.004, 'max_epoch': 10, 'executor': 'TrafficStateExecutor', 'evaluator': 'TrafficStateEvaluator', 'Ks': 3, 'Kt': 3, 'bidir_adj_mx': True, 'blocks': [[1, 32, 64], [64, 32, 128]], 'calculate_weight_adj': False, 'data_col': ['traffic_flow', 'traffic_occupancy', 'traffic_speed'], 'data_files': ['PEMSD4'], 'device': device(type='cuda', index=1), 'disturb_rate': 0.5, 'dropout': 0, 'dyna': {'including_types': ['state'], 'state': {'entity_id': 'geo_id', 'traffic_flow': 'num', 'traffic_occupancy': 'num', 'traffic_speed': 'num'}}, 'evaluator_mode': 'single', 'geo': {'including_types': ['Point'], 'Point': {}}, 'geo_file': 'PEMSD4', 'graph_conv_type': 'chebconv', 'init_weight_inf_or_zero': 'zero', 'is_distributed': True, 'metrics': ['MAE', 'MAPE', 'MSE', 'RMSE', 'masked_MAE', 'masked_MAPE', 'masked_MSE', 'masked_RMSE', 'R2', 'EVAR'], 'noise_SD': [10], 'noise_mean': [5], 'noise_type': 'gaussian', 'num_workers': 0, 'output_dim': 3, 'pad_with_last_sample': True, 'rank': 1, 'rel': {'including_types': ['geo'], 'geo': {'cost': 'num'}}, 'rel_file': 'PEMSD4', 'robustness_test': False, 'save_mode': ['csv'], 'set_weight_link_or_dist': 'link', 'stgcn_train_mode': 'quick', 'time_intervals': 300, 'weight_adj_epsilon': 0.1, 'weight_col': 'cost', 'world_size': 4, 'clip_grad_norm': False, 'epoch': 0, 'gpu': True, 'gpu_id': 0, 'hyper_tune': False, 'learner': 'rmsprop', 'load_best_epoch': True, 'log_every': 1, 'log_level': 'INFO', 'lr_T_max': 30, 'lr_alpha': 0.99, 'lr_beta1': 0.9, 'lr_beta2': 0.999, 'lr_decay': True, 'lr_decay_ratio': 0.7, 'lr_epsilon': 1e-08, 'lr_eta_min': 0, 'lr_momentum': 0, 'lr_patience': 10, 'lr_scheduler': 'steplr', 'lr_threshold': 0.0001, 'max_grad_norm': 1, 'patience': 50, 'step_size': 5, 'steps': [5, 20, 40, 70], 'train_loss': 'none', 'use_early_stop': False, 'weight_decay': 0, 'data_version_id': 'dv_1778078919_1c23d2b2', 'dataset_class': 'TrafficStatePointDataset', 'cache_dataset': True, 'scaler': 'none', 'load_external': False, 'normal_external': False, 'ext_scaler': 'none', 'input_window': 12, 'output_window': 12, 'add_time_in_day': False, 'add_day_in_week': False, 'local_rank': 1, 'exp_id': '20260506_225146__traffic_state_pred__STGCN__PEMSD4'}
2026-05-06 22:51:46,513 - INFO - Log directory: /home/lizhuoxuan/lzq/Bigscity-LibCity-master/outputs/20260506_225146__traffic_state_pred__STGCN__PEMSD4/logs
2026-05-06 22:51:46,513 - INFO - Begin artifact training pipeline, task=traffic_state_pred, model_name=STGCN, dataset_name=PEMSD4, exp_id=20260506_225146__traffic_state_pred__STGCN__PEMSD4
2026-05-06 22:51:46,513 - INFO - {'task': 'traffic_state_pred', 'model': 'STGCN', 'dataset': 'PEMSD4', 'saved_model': True, 'train': True, 'seed': 0, 'dist_backend': 'nccl', 'scale_lr': True, 'train_rate': 0.6, 'eval_rate': 0.2, 'batch_size': 64, 'learning_rate': 0.004, 'max_epoch': 10, 'executor': 'TrafficStateExecutor', 'evaluator': 'TrafficStateEvaluator', 'Ks': 3, 'Kt': 3, 'bidir_adj_mx': True, 'blocks': [[1, 32, 64], [64, 32, 128]], 'calculate_weight_adj': False, 'data_col': ['traffic_flow', 'traffic_occupancy', 'traffic_speed'], 'data_files': ['PEMSD4'], 'device': device(type='cuda', index=0), 'disturb_rate': 0.5, 'dropout': 0, 'dyna': {'including_types': ['state'], 'state': {'entity_id': 'geo_id', 'traffic_flow': 'num', 'traffic_occupancy': 'num', 'traffic_speed': 'num'}}, 'evaluator_mode': 'single', 'geo': {'including_types': ['Point'], 'Point': {}}, 'geo_file': 'PEMSD4', 'graph_conv_type': 'chebconv', 'init_weight_inf_or_zero': 'zero', 'is_distributed': True, 'metrics': ['MAE', 'MAPE', 'MSE', 'RMSE', 'masked_MAE', 'masked_MAPE', 'masked_MSE', 'masked_RMSE', 'R2', 'EVAR'], 'noise_SD': [10], 'noise_mean': [5], 'noise_type': 'gaussian', 'num_workers': 0, 'output_dim': 3, 'pad_with_last_sample': True, 'rank': 0, 'rel': {'including_types': ['geo'], 'geo': {'cost': 'num'}}, 'rel_file': 'PEMSD4', 'robustness_test': False, 'save_mode': ['csv'], 'set_weight_link_or_dist': 'link', 'stgcn_train_mode': 'quick', 'time_intervals': 300, 'weight_adj_epsilon': 0.1, 'weight_col': 'cost', 'world_size': 4, 'clip_grad_norm': False, 'epoch': 0, 'gpu': True, 'gpu_id': 0, 'hyper_tune': False, 'learner': 'rmsprop', 'load_best_epoch': True, 'log_every': 1, 'log_level': 'INFO', 'lr_T_max': 30, 'lr_alpha': 0.99, 'lr_beta1': 0.9, 'lr_beta2': 0.999, 'lr_decay': True, 'lr_decay_ratio': 0.7, 'lr_epsilon': 1e-08, 'lr_eta_min': 0, 'lr_momentum': 0, 'lr_patience': 10, 'lr_scheduler': 'steplr', 'lr_threshold': 0.0001, 'max_grad_norm': 1, 'patience': 50, 'step_size': 5, 'steps': [5, 20, 40, 70], 'train_loss': 'none', 'use_early_stop': False, 'weight_decay': 0, 'data_version_id': 'dv_1778078919_1c23d2b2', 'dataset_class': 'TrafficStatePointDataset', 'cache_dataset': True, 'scaler': 'none', 'load_external': False, 'normal_external': False, 'ext_scaler': 'none', 'input_window': 12, 'output_window': 12, 'add_time_in_day': False, 'add_day_in_week': False, 'local_rank': 0, 'exp_id': '20260506_225146__traffic_state_pred__STGCN__PEMSD4'}
2026-05-06 22:51:46,746 - INFO - Log directory: /home/lizhuoxuan/lzq/Bigscity-LibCity-master/outputs/20260506_225146__traffic_state_pred__STGCN__PEMSD4/logs
2026-05-06 22:51:46,746 - INFO - Begin artifact training pipeline, task=traffic_state_pred, model_name=STGCN, dataset_name=PEMSD4, exp_id=20260506_225146__traffic_state_pred__STGCN__PEMSD4
2026-05-06 22:51:46,746 - INFO - {'task': 'traffic_state_pred', 'model': 'STGCN', 'dataset': 'PEMSD4', 'saved_model': True, 'train': True, 'seed': 0, 'dist_backend': 'nccl', 'scale_lr': True, 'train_rate': 0.6, 'eval_rate': 0.2, 'batch_size': 64, 'learning_rate': 0.004, 'max_epoch': 10, 'executor': 'TrafficStateExecutor', 'evaluator': 'TrafficStateEvaluator', 'Ks': 3, 'Kt': 3, 'bidir_adj_mx': True, 'blocks': [[1, 32, 64], [64, 32, 128]], 'calculate_weight_adj': False, 'data_col': ['traffic_flow', 'traffic_occupancy', 'traffic_speed'], 'data_files': ['PEMSD4'], 'device': device(type='cuda', index=3), 'disturb_rate': 0.5, 'dropout': 0, 'dyna': {'including_types': ['state'], 'state': {'entity_id': 'geo_id', 'traffic_flow': 'num', 'traffic_occupancy': 'num', 'traffic_speed': 'num'}}, 'evaluator_mode': 'single', 'geo': {'including_types': ['Point'], 'Point': {}}, 'geo_file': 'PEMSD4', 'graph_conv_type': 'chebconv', 'init_weight_inf_or_zero': 'zero', 'is_distributed': True, 'metrics': ['MAE', 'MAPE', 'MSE', 'RMSE', 'masked_MAE', 'masked_MAPE', 'masked_MSE', 'masked_RMSE', 'R2', 'EVAR'], 'noise_SD': [10], 'noise_mean': [5], 'noise_type': 'gaussian', 'num_workers': 0, 'output_dim': 3, 'pad_with_last_sample': True, 'rank': 3, 'rel': {'including_types': ['geo'], 'geo': {'cost': 'num'}}, 'rel_file': 'PEMSD4', 'robustness_test': False, 'save_mode': ['csv'], 'set_weight_link_or_dist': 'link', 'stgcn_train_mode': 'quick', 'time_intervals': 300, 'weight_adj_epsilon': 0.1, 'weight_col': 'cost', 'world_size': 4, 'clip_grad_norm': False, 'epoch': 0, 'gpu': True, 'gpu_id': 0, 'hyper_tune': False, 'learner': 'rmsprop', 'load_best_epoch': True, 'log_every': 1, 'log_level': 'INFO', 'lr_T_max': 30, 'lr_alpha': 0.99, 'lr_beta1': 0.9, 'lr_beta2': 0.999, 'lr_decay': True, 'lr_decay_ratio': 0.7, 'lr_epsilon': 1e-08, 'lr_eta_min': 0, 'lr_momentum': 0, 'lr_patience': 10, 'lr_scheduler': 'steplr', 'lr_threshold': 0.0001, 'max_grad_norm': 1, 'patience': 50, 'step_size': 5, 'steps': [5, 20, 40, 70], 'train_loss': 'none', 'use_early_stop': False, 'weight_decay': 0, 'data_version_id': 'dv_1778078919_1c23d2b2', 'dataset_class': 'TrafficStatePointDataset', 'cache_dataset': True, 'scaler': 'none', 'load_external': False, 'normal_external': False, 'ext_scaler': 'none', 'input_window': 12, 'output_window': 12, 'add_time_in_day': False, 'add_day_in_week': False, 'local_rank': 3, 'exp_id': '20260506_225146__traffic_state_pred__STGCN__PEMSD4'}
2026-05-06 22:51:46,856 - INFO - Log directory: /home/lizhuoxuan/lzq/Bigscity-LibCity-master/outputs/20260506_225146__traffic_state_pred__STGCN__PEMSD4/logs
2026-05-06 22:51:46,856 - INFO - Begin artifact training pipeline, task=traffic_state_pred, model_name=STGCN, dataset_name=PEMSD4, exp_id=20260506_225146__traffic_state_pred__STGCN__PEMSD4
2026-05-06 22:51:46,857 - INFO - {'task': 'traffic_state_pred', 'model': 'STGCN', 'dataset': 'PEMSD4', 'saved_model': True, 'train': True, 'seed': 0, 'dist_backend': 'nccl', 'scale_lr': True, 'train_rate': 0.6, 'eval_rate': 0.2, 'batch_size': 64, 'learning_rate': 0.004, 'max_epoch': 10, 'executor': 'TrafficStateExecutor', 'evaluator': 'TrafficStateEvaluator', 'Ks': 3, 'Kt': 3, 'bidir_adj_mx': True, 'blocks': [[1, 32, 64], [64, 32, 128]], 'calculate_weight_adj': False, 'data_col': ['traffic_flow', 'traffic_occupancy', 'traffic_speed'], 'data_files': ['PEMSD4'], 'device': device(type='cuda', index=2), 'disturb_rate': 0.5, 'dropout': 0, 'dyna': {'including_types': ['state'], 'state': {'entity_id': 'geo_id', 'traffic_flow': 'num', 'traffic_occupancy': 'num', 'traffic_speed': 'num'}}, 'evaluator_mode': 'single', 'geo': {'including_types': ['Point'], 'Point': {}}, 'geo_file': 'PEMSD4', 'graph_conv_type': 'chebconv', 'init_weight_inf_or_zero': 'zero', 'is_distributed': True, 'metrics': ['MAE', 'MAPE', 'MSE', 'RMSE', 'masked_MAE', 'masked_MAPE', 'masked_MSE', 'masked_RMSE', 'R2', 'EVAR'], 'noise_SD': [10], 'noise_mean': [5], 'noise_type': 'gaussian', 'num_workers': 0, 'output_dim': 3, 'pad_with_last_sample': True, 'rank': 2, 'rel': {'including_types': ['geo'], 'geo': {'cost': 'num'}}, 'rel_file': 'PEMSD4', 'robustness_test': False, 'save_mode': ['csv'], 'set_weight_link_or_dist': 'link', 'stgcn_train_mode': 'quick', 'time_intervals': 300, 'weight_adj_epsilon': 0.1, 'weight_col': 'cost', 'world_size': 4, 'clip_grad_norm': False, 'epoch': 0, 'gpu': True, 'gpu_id': 0, 'hyper_tune': False, 'learner': 'rmsprop', 'load_best_epoch': True, 'log_every': 1, 'log_level': 'INFO', 'lr_T_max': 30, 'lr_alpha': 0.99, 'lr_beta1': 0.9, 'lr_beta2': 0.999, 'lr_decay': True, 'lr_decay_ratio': 0.7, 'lr_epsilon': 1e-08, 'lr_eta_min': 0, 'lr_momentum': 0, 'lr_patience': 10, 'lr_scheduler': 'steplr', 'lr_threshold': 0.0001, 'max_grad_norm': 1, 'patience': 50, 'step_size': 5, 'steps': [5, 20, 40, 70], 'train_loss': 'none', 'use_early_stop': False, 'weight_decay': 0, 'data_version_id': 'dv_1778078919_1c23d2b2', 'dataset_class': 'TrafficStatePointDataset', 'cache_dataset': True, 'scaler': 'none', 'load_external': False, 'normal_external': False, 'ext_scaler': 'none', 'input_window': 12, 'output_window': 12, 'add_time_in_day': False, 'add_day_in_week': False, 'local_rank': 2, 'exp_id': '20260506_225146__traffic_state_pred__STGCN__PEMSD4'}
2026-05-06 22:51:56,166 - INFO - You select quick mode to train STGCN model.
2026-05-06 22:51:56,345 - INFO - Chebyshev_polynomial_Lk shape: (3, 307, 307)
2026-05-06 22:51:56,430 - INFO - You select quick mode to train STGCN model.
2026-05-06 22:51:56,554 - INFO - Chebyshev_polynomial_Lk shape: (3, 307, 307)
2026-05-06 22:51:56,667 - INFO - You select quick mode to train STGCN model.
2026-05-06 22:51:56,712 - INFO - You select quick mode to train STGCN model.
2026-05-06 22:51:56,775 - INFO - Chebyshev_polynomial_Lk shape: (3, 307, 307)
2026-05-06 22:51:56,818 - INFO - Chebyshev_polynomial_Lk shape: (3, 307, 307)
2026-05-06 22:51:57,965 - INFO - DistributedDataParallel(
  (module): STGCN(
    (st_conv1): STConvBlock(
      (tconv1): TemporalConvLayer(
        (align): Align()
        (conv): Conv2d(3, 64, kernel_size=(3, 1), stride=(1, 1))
      )
      (sconv): SpatioConvLayer(
        (align): Align()
      )
      (tconv2): TemporalConvLayer(
        (align): Align()
        (conv): Conv2d(32, 64, kernel_size=(3, 1), stride=(1, 1))
      )
      (ln): LayerNorm((307, 64), eps=1e-05, elementwise_affine=True)
      (dropout): Dropout(p=0, inplace=False)
    )
    (st_conv2): STConvBlock(
      (tconv1): TemporalConvLayer(
        (align): Align(
          (conv1x1): Conv2d(64, 32, kernel_size=(1, 1), stride=(1, 1))
        )
        (conv): Conv2d(64, 64, kernel_size=(3, 1), stride=(1, 1))
      )
      (sconv): SpatioConvLayer(
        (align): Align()
      )
      (tconv2): TemporalConvLayer(
        (align): Align()
        (conv): Conv2d(32, 128, kernel_size=(3, 1), stride=(1, 1))
      )
      (ln): LayerNorm((307, 128), eps=1e-05, elementwise_affine=True)
      (dropout): Dropout(p=0, inplace=False)
    )
    (output): OutputLayer(
      (tconv1): TemporalConvLayer(
        (align): Align()
        (conv): Conv2d(128, 256, kernel_size=(4, 1), stride=(1, 1))
      )
      (ln): LayerNorm((307, 128), eps=1e-05, elementwise_affine=True)
      (tconv2): TemporalConvLayer(
        (align): Align()
        (conv): Conv2d(128, 128, kernel_size=(1, 1), stride=(1, 1))
      )
      (fc): FullyConvLayer(
        (conv): Conv2d(128, 3, kernel_size=(1, 1), stride=(1, 1))
      )
    )
  )
)
2026-05-06 22:51:57,966 - INFO - module.st_conv1.tconv1.conv.weight	torch.Size([64, 3, 3, 1])	cuda:0	True
2026-05-06 22:51:57,966 - INFO - Enable AMP training (dtype=float16).
2026-05-06 22:51:57,966 - INFO - module.st_conv1.tconv1.conv.bias	torch.Size([64])	cuda:0	True
2026-05-06 22:51:57,966 - INFO - You select `rmsprop` optimizer.
2026-05-06 22:51:57,966 - INFO - module.st_conv1.sconv.theta	torch.Size([32, 32, 3])	cuda:0	True
2026-05-06 22:51:57,966 - INFO - module.st_conv1.sconv.b	torch.Size([1, 32, 1, 1])	cuda:0	True
2026-05-06 22:51:57,966 - INFO - module.st_conv1.tconv2.conv.weight	torch.Size([64, 32, 3, 1])	cuda:0	True
2026-05-06 22:51:57,966 - INFO - module.st_conv1.tconv2.conv.bias	torch.Size([64])	cuda:0	True
2026-05-06 22:51:57,966 - INFO - module.st_conv1.ln.weight	torch.Size([307, 64])	cuda:0	True
2026-05-06 22:51:57,966 - INFO - module.st_conv1.ln.bias	torch.Size([307, 64])	cuda:0	True
2026-05-06 22:51:57,966 - INFO - module.st_conv2.tconv1.align.conv1x1.weight	torch.Size([32, 64, 1, 1])	cuda:0	True
2026-05-06 22:51:57,966 - INFO - module.st_conv2.tconv1.align.conv1x1.bias	torch.Size([32])	cuda:0	True
2026-05-06 22:51:57,966 - INFO - You select `steplr` lr_scheduler.
2026-05-06 22:51:57,966 - INFO - module.st_conv2.tconv1.conv.weight	torch.Size([64, 64, 3, 1])	cuda:0	True
2026-05-06 22:51:57,966 - INFO - module.st_conv2.tconv1.conv.bias	torch.Size([64])	cuda:0	True
2026-05-06 22:51:57,966 - INFO - module.st_conv2.sconv.theta	torch.Size([32, 32, 3])	cuda:0	True
2026-05-06 22:51:57,966 - INFO - module.st_conv2.sconv.b	torch.Size([1, 32, 1, 1])	cuda:0	True
2026-05-06 22:51:57,966 - WARNING - Received none train loss func and will use the loss func defined in the model.
2026-05-06 22:51:57,966 - INFO - module.st_conv2.tconv2.conv.weight	torch.Size([128, 32, 3, 1])	cuda:0	True
2026-05-06 22:51:57,966 - INFO - module.st_conv2.tconv2.conv.bias	torch.Size([128])	cuda:0	True
2026-05-06 22:51:57,966 - INFO - module.st_conv2.ln.weight	torch.Size([307, 128])	cuda:0	True
2026-05-06 22:51:57,966 - INFO - module.st_conv2.ln.bias	torch.Size([307, 128])	cuda:0	True
2026-05-06 22:51:57,966 - INFO - module.output.tconv1.conv.weight	torch.Size([256, 128, 4, 1])	cuda:0	True
2026-05-06 22:51:57,966 - INFO - module.output.tconv1.conv.bias	torch.Size([256])	cuda:0	True
2026-05-06 22:51:57,966 - INFO - module.output.ln.weight	torch.Size([307, 128])	cuda:0	True
2026-05-06 22:51:57,966 - INFO - module.output.ln.bias	torch.Size([307, 128])	cuda:0	True
2026-05-06 22:51:57,967 - INFO - module.output.tconv2.conv.weight	torch.Size([128, 128, 1, 1])	cuda:0	True
2026-05-06 22:51:57,967 - INFO - module.output.tconv2.conv.bias	torch.Size([128])	cuda:0	True
2026-05-06 22:51:57,967 - INFO - module.output.fc.conv.weight	torch.Size([3, 128, 1, 1])	cuda:0	True
2026-05-06 22:51:57,967 - INFO - module.output.fc.conv.bias	torch.Size([3])	cuda:0	True
2026-05-06 22:51:57,967 - INFO - Total parameter numbers: 384611
2026-05-06 22:51:57,967 - INFO - Enable AMP training (dtype=float16).
2026-05-06 22:51:57,967 - INFO - You select `rmsprop` optimizer.
2026-05-06 22:51:57,967 - INFO - You select `steplr` lr_scheduler.
2026-05-06 22:51:57,967 - WARNING - Received none train loss func and will use the loss func defined in the model.
2026-05-06 22:51:57,967 - INFO - Start training ...
2026-05-06 22:51:57,967 - INFO - num_batches:40
2026-05-06 22:51:57,969 - INFO - Enable AMP training (dtype=float16).
2026-05-06 22:51:57,969 - INFO - You select `rmsprop` optimizer.
2026-05-06 22:51:57,970 - INFO - You select `steplr` lr_scheduler.
2026-05-06 22:51:57,970 - WARNING - Received none train loss func and will use the loss func defined in the model.
2026-05-06 22:51:57,970 - INFO - Enable AMP training (dtype=float16).
2026-05-06 22:51:57,970 - INFO - You select `rmsprop` optimizer.
2026-05-06 22:51:57,971 - INFO - You select `steplr` lr_scheduler.
2026-05-06 22:51:57,971 - WARNING - Received none train loss func and will use the loss func defined in the model.
2026-05-06 22:52:00,378 - INFO - epoch complete!
2026-05-06 22:52:00,378 - INFO - evaluating now!
2026-05-06 22:52:00,859 - INFO - Epoch [0/10] train_loss: 20237.5335, val_loss: 17950.3233, lr: 0.004000, 2.89s
2026-05-06 22:52:00,868 - INFO - Saved model at 0
2026-05-06 22:52:00,868 - INFO - Val loss decrease from inf to 17950.3233, saving to /home/lizhuoxuan/lzq/Bigscity-LibCity-master/outputs/20260506_225146__traffic_state_pred__STGCN__PEMSD4/model_cache/STGCN_PEMSD4_epoch0.tar
2026-05-06 22:52:01,477 - INFO - epoch complete!
2026-05-06 22:52:01,477 - INFO - evaluating now!
2026-05-06 22:52:01,941 - INFO - Epoch [1/10] train_loss: 15351.2083, val_loss: 15130.2734, lr: 0.004000, 1.07s
2026-05-06 22:52:01,952 - INFO - Saved model at 1
2026-05-06 22:52:01,952 - INFO - Val loss decrease from 17950.3233 to 15130.2734, saving to /home/lizhuoxuan/lzq/Bigscity-LibCity-master/outputs/20260506_225146__traffic_state_pred__STGCN__PEMSD4/model_cache/STGCN_PEMSD4_epoch1.tar
2026-05-06 22:52:02,543 - INFO - epoch complete!
2026-05-06 22:52:02,544 - INFO - evaluating now!
2026-05-06 22:52:02,998 - INFO - Epoch [2/10] train_loss: 13072.4110, val_loss: 13223.9431, lr: 0.004000, 1.05s
2026-05-06 22:52:03,006 - INFO - Saved model at 2
2026-05-06 22:52:03,006 - INFO - Val loss decrease from 15130.2734 to 13223.9431, saving to /home/lizhuoxuan/lzq/Bigscity-LibCity-master/outputs/20260506_225146__traffic_state_pred__STGCN__PEMSD4/model_cache/STGCN_PEMSD4_epoch2.tar
2026-05-06 22:52:03,571 - INFO - epoch complete!
2026-05-06 22:52:03,572 - INFO - evaluating now!
2026-05-06 22:52:04,029 - INFO - Epoch [3/10] train_loss: 11390.0026, val_loss: 11666.9104, lr: 0.004000, 1.02s
2026-05-06 22:52:04,036 - INFO - Saved model at 3
2026-05-06 22:52:04,037 - INFO - Val loss decrease from 13223.9431 to 11666.9104, saving to /home/lizhuoxuan/lzq/Bigscity-LibCity-master/outputs/20260506_225146__traffic_state_pred__STGCN__PEMSD4/model_cache/STGCN_PEMSD4_epoch3.tar
2026-05-06 22:52:04,622 - INFO - epoch complete!
2026-05-06 22:52:04,622 - INFO - evaluating now!
2026-05-06 22:52:05,164 - INFO - Epoch [4/10] train_loss: 10042.6338, val_loss: 10630.1510, lr: 0.002800, 1.13s
2026-05-06 22:52:05,177 - INFO - Saved model at 4
2026-05-06 22:52:05,177 - INFO - Val loss decrease from 11666.9104 to 10630.1510, saving to /home/lizhuoxuan/lzq/Bigscity-LibCity-master/outputs/20260506_225146__traffic_state_pred__STGCN__PEMSD4/model_cache/STGCN_PEMSD4_epoch4.tar
2026-05-06 22:52:05,849 - INFO - epoch complete!
2026-05-06 22:52:05,850 - INFO - evaluating now!
2026-05-06 22:52:06,432 - INFO - Epoch [5/10] train_loss: 9038.3193, val_loss: 9730.8936, lr: 0.002800, 1.25s
2026-05-06 22:52:06,444 - INFO - Saved model at 5
2026-05-06 22:52:06,445 - INFO - Val loss decrease from 10630.1510 to 9730.8936, saving to /home/lizhuoxuan/lzq/Bigscity-LibCity-master/outputs/20260506_225146__traffic_state_pred__STGCN__PEMSD4/model_cache/STGCN_PEMSD4_epoch5.tar
2026-05-06 22:52:07,127 - INFO - epoch complete!
2026-05-06 22:52:07,128 - INFO - evaluating now!
2026-05-06 22:52:07,707 - INFO - Epoch [6/10] train_loss: 8306.4345, val_loss: 8891.2299, lr: 0.002800, 1.26s
2026-05-06 22:52:07,720 - INFO - Saved model at 6
2026-05-06 22:52:07,721 - INFO - Val loss decrease from 9730.8936 to 8891.2299, saving to /home/lizhuoxuan/lzq/Bigscity-LibCity-master/outputs/20260506_225146__traffic_state_pred__STGCN__PEMSD4/model_cache/STGCN_PEMSD4_epoch6.tar
2026-05-06 22:52:08,394 - INFO - epoch complete!
2026-05-06 22:52:08,394 - INFO - evaluating now!
2026-05-06 22:52:08,977 - INFO - Epoch [7/10] train_loss: 7629.4938, val_loss: 8364.6308, lr: 0.002800, 1.26s
2026-05-06 22:52:08,990 - INFO - Saved model at 7
2026-05-06 22:52:08,990 - INFO - Val loss decrease from 8891.2299 to 8364.6308, saving to /home/lizhuoxuan/lzq/Bigscity-LibCity-master/outputs/20260506_225146__traffic_state_pred__STGCN__PEMSD4/model_cache/STGCN_PEMSD4_epoch7.tar
2026-05-06 22:52:09,662 - INFO - epoch complete!
2026-05-06 22:52:09,662 - INFO - evaluating now!
2026-05-06 22:52:10,242 - INFO - Epoch [8/10] train_loss: 7004.9618, val_loss: 7828.5154, lr: 0.002800, 1.25s
2026-05-06 22:52:10,255 - INFO - Saved model at 8
2026-05-06 22:52:10,255 - INFO - Val loss decrease from 8364.6308 to 7828.5154, saving to /home/lizhuoxuan/lzq/Bigscity-LibCity-master/outputs/20260506_225146__traffic_state_pred__STGCN__PEMSD4/model_cache/STGCN_PEMSD4_epoch8.tar
2026-05-06 22:52:10,896 - INFO - epoch complete!
2026-05-06 22:52:10,896 - INFO - evaluating now!
2026-05-06 22:52:11,398 - INFO - Epoch [9/10] train_loss: 6424.9444, val_loss: 7084.7251, lr: 0.001960, 1.14s
2026-05-06 22:52:11,408 - INFO - Saved model at 9
2026-05-06 22:52:11,408 - INFO - Val loss decrease from 7828.5154 to 7084.7251, saving to /home/lizhuoxuan/lzq/Bigscity-LibCity-master/outputs/20260506_225146__traffic_state_pred__STGCN__PEMSD4/model_cache/STGCN_PEMSD4_epoch9.tar
2026-05-06 22:52:11,408 - INFO - Trained totally 10 epochs, average train time is 0.810s, average eval time is 0.522s
2026-05-06 22:52:11,422 - INFO - Loaded model at 9
2026-05-06 22:52:11,422 - INFO - Saved model at /home/lizhuoxuan/lzq/Bigscity-LibCity-master/outputs/20260506_225146__traffic_state_pred__STGCN__PEMSD4/model_cache/STGCN_PEMSD4.m
2026-05-06 22:52:11,430 - INFO - Start evaluating ...
2026-05-06 22:52:14,195 - INFO - Note that you select the single mode to evaluate!
2026-05-06 22:52:14,198 - INFO - Evaluate result is saved at /home/lizhuoxuan/lzq/Bigscity-LibCity-master/outputs/20260506_225146__traffic_state_pred__STGCN__PEMSD4/evaluate_cache/2026_05_06_22_52_14_STGCN_PEMSD4.csv
2026-05-06 22:52:14,208 - INFO - 
          MAE          MAPE          MSE  ...  masked_RMSE        R2      EVAR
1   31.912558  15188.489258  6727.348633  ...    82.332626  0.595866  0.642718
2   32.153427  14050.597656  6735.244629  ...    82.388107  0.595319  0.642629
3   33.139397  14416.232422  7089.866211  ...    84.527130  0.574180  0.623704
4   32.978378  14823.743164  6836.808105  ...    82.999420  0.589368  0.638039
5   33.372040  16781.021484  6874.724609  ...    83.215332  0.587035  0.636097
6   33.732834  15354.872070  6905.051270  ...    83.408676  0.585136  0.635018
7   34.101711  15391.510742  6956.442383  ...    83.716667  0.582205  0.632817
8   34.405796  15535.861328  6990.079590  ...    83.916115  0.580172  0.631387
9   34.703503  17091.281250  7043.570312  ...    84.225418  0.576900  0.628404
10  34.942818  15768.919922  7081.406738  ...    84.458931  0.574549  0.626522
11  35.217113  15710.579102  7134.148438  ...    84.772377  0.571537  0.623864
12  35.472786  15826.306641  7179.548340  ...    85.041008  0.568799  0.621391

[12 rows x 10 columns]
