2026-05-26 15:45:02,124 - INFO - Log directory: /home/lizhuoxuan/lzq/Bigscity-LibCity-master/outputs/20260526_154502__traffic_state_pred__final_new__PEMSD4/logs
2026-05-26 15:45:02,124 - INFO - Begin artifact training pipeline, task=traffic_state_pred, model_name=final_new, dataset_name=PEMSD4, exp_id=20260526_154502__traffic_state_pred__final_new__PEMSD4
2026-05-26 15:45:02,124 - INFO - {'task': 'traffic_state_pred', 'model': 'final_new', 'dataset': 'PEMSD4', 'saved_model': True, 'train': True, 'seed': 42, 'train_rate': 0.6, 'eval_rate': 0.2, 'batch_size': 64, 'learning_rate': 0.002, 'max_epoch': 50, 'dataset_class': 'TrafficStatePointDataset', 'executor': 'FinalNewExecutor', 'evaluator': 'TrafficStateEvaluator', 'band_center_init': 1.1, 'band_width_init': 0.7, 'calculate_weight_adj': False, 'cell_blend_init': 0.3, 'conservation_loss_weight': 0.1, 'conservation_steps_per_epoch': 80, 'conservation_warmup_epochs': 5, 'data_col': ['traffic_flow', 'traffic_occupancy', 'traffic_speed'], 'data_files': ['PEMSD4'], 'decoder_layers': 2, 'device': device(type='cuda', index=0), 'disturb_rate': 0.5, 'dropout': 0.1, 'dyna': {'including_types': ['state'], 'state': {'entity_id': 'geo_id', 'traffic_flow': 'num', 'traffic_occupancy': 'num', 'traffic_speed': 'num'}}, 'encoder_layers': 2, 'eval_batch_size': 64, 'evaluator_mode': 'single', 'ffn_hidden_dim': 128, 'fir_mode': 'lukasiewicz', 'fuzzy_num_sets': 4, 'geo': {'including_types': ['Point'], 'Point': {}}, 'geo_file': 'PEMSD4', 'graph_k_hop': 2, 'hidden_dim': 64, 'init_weight_inf_or_zero': 'zero', 'is_distributed': True, 'metrics': ['MAE', 'MAPE', 'MSE', 'RMSE', 'masked_MAE', 'masked_MAPE', 'masked_MSE', 'masked_RMSE', 'R2', 'EVAR'], 'noise_SD': [10], 'noise_mean': [5], 'noise_type': 'gaussian', 'num_cells': 8, 'num_heads': 2, 'num_workers': 0, 'output_dim': 3, 'pad_with_last_sample': True, 'physics_channel_idx': 0, 'rank': 0, 'region_transformer_layers': 1, 'rel': {'including_types': ['geo'], 'geo': {'cost': 'num'}}, 'rel_file': 'PEMSD4', 'robustness_test': False, 'save_mode': ['csv'], 'set_weight_link_or_dist': 'link', 'time_intervals': 300, 'use_amp': True, 'use_gradient_checkpointing': False, 'use_temporal_position_embedding': True, 'weight_adj_epsilon': 0.1, 'weight_col': 'cost', 'world_size': 2, 'clip_grad_norm': True, 'epoch': 0, 'gpu': True, 'gpu_id': 0, 'learner': 'adamw', 'load_best_epoch': True, 'log_every': 1, 'lr_decay': True, 'lr_decay_ratio': 0.5, 'lr_patience': 5, 'lr_scheduler': 'cosineannealinglr', 'lr_threshold': 0.001, 'max_grad_norm': 3, 'patience': 30, 'train_loss': 'none', 'use_early_stop': True, 'weight_decay': 0.0001, 'data_version_id': 'dv_1779779588_1e509f4c', 'input_window': 12, 'output_window': 12, 'scaler': 'standard', 'load_external': False, 'normal_external': False, 'add_time_in_day': True, 'add_day_in_week': True, 'cache_dataset': True, 'ext_scaler': 'none', 'local_rank': 0, 'dist_backend': 'nccl', 'exp_id': '20260526_154502__traffic_state_pred__final_new__PEMSD4'}
2026-05-26 15:45:12,167 - INFO - DistributedDataParallel(
  (module): NewFuzzyCellAttention(
    (fuzzy_graph): FuzzyRelationalGraphLearner(
      (raw_projection): Linear(in_features=3, out_features=64, bias=True)
      (feature_to_membership): Sequential(
        (0): Linear(in_features=64, out_features=32, bias=True)
        (1): GELU(approximate='none')
        (2): Linear(in_features=32, out_features=4, bias=True)
      )
    )
    (condition_encoder): STEncoder(
      (input_projection): Linear(in_features=3, out_features=64, bias=True)
      (blocks): ModuleList(
        (0-1): 2 x STEncoderBlock(
          (temporal_attention): MultiHeadAttention(
            (query_projection): Linear(in_features=64, out_features=64, bias=True)
            (key_projection): Linear(in_features=64, out_features=64, bias=True)
            (value_projection): Linear(in_features=64, out_features=64, bias=True)
            (output_projection): Linear(in_features=64, out_features=64, bias=True)
            (dropout): Dropout(p=0.1, inplace=False)
          )
          (graph_convolution): FuzzyGraphConvolution(
            (projections): ModuleList(
              (0-2): 3 x Linear(in_features=64, out_features=64, bias=True)
            )
          )
          (feed_forward): FeedForwardNetwork(
            (network): Sequential(
              (0): Linear(in_features=64, out_features=128, bias=True)
              (1): GELU(approximate='none')
              (2): Dropout(p=0.1, inplace=False)
              (3): Linear(in_features=128, out_features=64, bias=True)
              (4): Dropout(p=0.1, inplace=False)
            )
          )
          (norm_temporal): LayerNorm((64,), eps=1e-05, elementwise_affine=True)
          (norm_graph): LayerNorm((64,), eps=1e-05, elementwise_affine=True)
          (norm_ffn): LayerNorm((64,), eps=1e-05, elementwise_affine=True)
          (dropout): Dropout(p=0.1, inplace=False)
          (cell_attention): FuzzyCellAttention(
            (cell_transform): Linear(in_features=64, out_features=64, bias=True)
            (output_projection): Linear(in_features=64, out_features=64, bias=True)
            (region_transformer): RegionTransformer(
              (self_attn): MultiHeadAttention(
                (query_projection): Linear(in_features=64, out_features=64, bias=True)
                (key_projection): Linear(in_features=64, out_features=64, bias=True)
                (value_projection): Linear(in_features=64, out_features=64, bias=True)
                (output_projection): Linear(in_features=64, out_features=64, bias=True)
                (dropout): Dropout(p=0.1, inplace=False)
              )
              (ffn): FeedForwardNetwork(
                (network): Sequential(
                  (0): Linear(in_features=64, out_features=128, bias=True)
                  (1): GELU(approximate='none')
                  (2): Dropout(p=0.1, inplace=False)
                  (3): Linear(in_features=128, out_features=64, bias=True)
                  (4): Dropout(p=0.1, inplace=False)
                )
              )
              (norm1): LayerNorm((64,), eps=1e-05, elementwise_affine=True)
              (norm2): LayerNorm((64,), eps=1e-05, elementwise_affine=True)
              (dropout): Dropout(p=0.1, inplace=False)
            )
            (fuzzy_to_cell): Linear(in_features=4, out_features=8, bias=True)
          )
          (norm_cell): LayerNorm((64,), eps=1e-05, elementwise_affine=True)
        )
      )
      (final_norm): LayerNorm((64,), eps=1e-05, elementwise_affine=True)
    )
    (future_decoder): FutureDecoder(
      (blocks): ModuleList(
        (0-1): 2 x DecoderBlock(
          (temporal_attention): MultiHeadAttention(
            (query_projection): Linear(in_features=64, out_features=64, bias=True)
            (key_projection): Linear(in_features=64, out_features=64, bias=True)
            (value_projection): Linear(in_features=64, out_features=64, bias=True)
            (output_projection): Linear(in_features=64, out_features=64, bias=True)
            (dropout): Dropout(p=0.1, inplace=False)
          )
          (graph_convolution): FuzzyGraphConvolution(
            (projections): ModuleList(
              (0-2): 3 x Linear(in_features=64, out_features=64, bias=True)
            )
          )
          (cross_attention): MultiHeadAttention(
            (query_projection): Linear(in_features=64, out_features=64, bias=True)
            (key_projection): Linear(in_features=64, out_features=64, bias=True)
            (value_projection): Linear(in_features=64, out_features=64, bias=True)
            (output_projection): Linear(in_features=64, out_features=64, bias=True)
            (dropout): Dropout(p=0.1, inplace=False)
          )
          (feed_forward): FeedForwardNetwork(
            (network): Sequential(
              (0): Linear(in_features=64, out_features=128, bias=True)
              (1): GELU(approximate='none')
              (2): Dropout(p=0.1, inplace=False)
              (3): Linear(in_features=128, out_features=64, bias=True)
              (4): Dropout(p=0.1, inplace=False)
            )
          )
          (norm_temporal): LayerNorm((64,), eps=1e-05, elementwise_affine=True)
          (norm_graph): LayerNorm((64,), eps=1e-05, elementwise_affine=True)
          (norm_cross): LayerNorm((64,), eps=1e-05, elementwise_affine=True)
          (norm_ffn): LayerNorm((64,), eps=1e-05, elementwise_affine=True)
          (dropout): Dropout(p=0.1, inplace=False)
          (cell_attention): FuzzyCellAttention(
            (cell_transform): Linear(in_features=64, out_features=64, bias=True)
            (output_projection): Linear(in_features=64, out_features=64, bias=True)
            (region_transformer): RegionTransformer(
              (self_attn): MultiHeadAttention(
                (query_projection): Linear(in_features=64, out_features=64, bias=True)
                (key_projection): Linear(in_features=64, out_features=64, bias=True)
                (value_projection): Linear(in_features=64, out_features=64, bias=True)
                (output_projection): Linear(in_features=64, out_features=64, bias=True)
                (dropout): Dropout(p=0.1, inplace=False)
              )
              (ffn): FeedForwardNetwork(
                (network): Sequential(
                  (0): Linear(in_features=64, out_features=128, bias=True)
                  (1): GELU(approximate='none')
                  (2): Dropout(p=0.1, inplace=False)
                  (3): Linear(in_features=128, out_features=64, bias=True)
                  (4): Dropout(p=0.1, inplace=False)
                )
              )
              (norm1): LayerNorm((64,), eps=1e-05, elementwise_affine=True)
              (norm2): LayerNorm((64,), eps=1e-05, elementwise_affine=True)
              (dropout): Dropout(p=0.1, inplace=False)
            )
            (fuzzy_to_cell): Linear(in_features=4, out_features=8, bias=True)
          )
          (norm_cell): LayerNorm((64,), eps=1e-05, elementwise_affine=True)
        )
      )
      (final_norm): LayerNorm((64,), eps=1e-05, elementwise_affine=True)
      (output_projection): Linear(in_features=64, out_features=3, bias=True)
    )
  )
)
2026-05-26 15:45:12,169 - INFO - module.fuzzy_graph.base_memberships	torch.Size([307, 4])	cuda:0	True
2026-05-26 15:45:12,169 - INFO - module.fuzzy_graph.fuzzy_prototypes	torch.Size([4, 64])	cuda:0	True
2026-05-26 15:45:12,169 - INFO - module.fuzzy_graph.blend_logit	torch.Size([])	cuda:0	True
2026-05-26 15:45:12,169 - INFO - module.fuzzy_graph.raw_projection.weight	torch.Size([64, 3])	cuda:0	True
2026-05-26 15:45:12,169 - INFO - module.fuzzy_graph.raw_projection.bias	torch.Size([64])	cuda:0	True
2026-05-26 15:45:12,169 - INFO - module.fuzzy_graph.feature_to_membership.0.weight	torch.Size([32, 64])	cuda:0	True
2026-05-26 15:45:12,169 - INFO - module.fuzzy_graph.feature_to_membership.0.bias	torch.Size([32])	cuda:0	True
2026-05-26 15:45:12,169 - INFO - module.fuzzy_graph.feature_to_membership.2.weight	torch.Size([4, 32])	cuda:0	True
2026-05-26 15:45:12,170 - INFO - module.fuzzy_graph.feature_to_membership.2.bias	torch.Size([4])	cuda:0	True
2026-05-26 15:45:12,170 - INFO - module.condition_encoder.temporal_position_embedding	torch.Size([1, 12, 1, 64])	cuda:0	True
2026-05-26 15:45:12,170 - INFO - module.condition_encoder.input_projection.weight	torch.Size([64, 3])	cuda:0	True
2026-05-26 15:45:12,170 - INFO - module.condition_encoder.input_projection.bias	torch.Size([64])	cuda:0	True
2026-05-26 15:45:12,170 - INFO - module.condition_encoder.blocks.0.temporal_attention.query_projection.weight	torch.Size([64, 64])	cuda:0	True
2026-05-26 15:45:12,170 - INFO - module.condition_encoder.blocks.0.temporal_attention.query_projection.bias	torch.Size([64])	cuda:0	True
2026-05-26 15:45:12,170 - INFO - module.condition_encoder.blocks.0.temporal_attention.key_projection.weight	torch.Size([64, 64])	cuda:0	True
2026-05-26 15:45:12,170 - INFO - module.condition_encoder.blocks.0.temporal_attention.key_projection.bias	torch.Size([64])	cuda:0	True
2026-05-26 15:45:12,170 - INFO - module.condition_encoder.blocks.0.temporal_attention.value_projection.weight	torch.Size([64, 64])	cuda:0	True
2026-05-26 15:45:12,170 - INFO - module.condition_encoder.blocks.0.temporal_attention.value_projection.bias	torch.Size([64])	cuda:0	True
2026-05-26 15:45:12,170 - INFO - module.condition_encoder.blocks.0.temporal_attention.output_projection.weight	torch.Size([64, 64])	cuda:0	True
2026-05-26 15:45:12,170 - INFO - module.condition_encoder.blocks.0.temporal_attention.output_projection.bias	torch.Size([64])	cuda:0	True
2026-05-26 15:45:12,170 - INFO - module.condition_encoder.blocks.0.graph_convolution.projections.0.weight	torch.Size([64, 64])	cuda:0	True
2026-05-26 15:45:12,170 - INFO - module.condition_encoder.blocks.0.graph_convolution.projections.0.bias	torch.Size([64])	cuda:0	True
2026-05-26 15:45:12,170 - INFO - module.condition_encoder.blocks.0.graph_convolution.projections.1.weight	torch.Size([64, 64])	cuda:0	True
2026-05-26 15:45:12,170 - INFO - module.condition_encoder.blocks.0.graph_convolution.projections.1.bias	torch.Size([64])	cuda:0	True
2026-05-26 15:45:12,170 - INFO - module.condition_encoder.blocks.0.graph_convolution.projections.2.weight	torch.Size([64, 64])	cuda:0	True
2026-05-26 15:45:12,170 - INFO - module.condition_encoder.blocks.0.graph_convolution.projections.2.bias	torch.Size([64])	cuda:0	True
2026-05-26 15:45:12,170 - INFO - module.condition_encoder.blocks.0.feed_forward.network.0.weight	torch.Size([128, 64])	cuda:0	True
2026-05-26 15:45:12,170 - INFO - module.condition_encoder.blocks.0.feed_forward.network.0.bias	torch.Size([128])	cuda:0	True
2026-05-26 15:45:12,170 - INFO - module.condition_encoder.blocks.0.feed_forward.network.3.weight	torch.Size([64, 128])	cuda:0	True
2026-05-26 15:45:12,170 - INFO - module.condition_encoder.blocks.0.feed_forward.network.3.bias	torch.Size([64])	cuda:0	True
2026-05-26 15:45:12,170 - INFO - module.condition_encoder.blocks.0.norm_temporal.weight	torch.Size([64])	cuda:0	True
2026-05-26 15:45:12,170 - INFO - module.condition_encoder.blocks.0.norm_temporal.bias	torch.Size([64])	cuda:0	True
2026-05-26 15:45:12,170 - INFO - module.condition_encoder.blocks.0.norm_graph.weight	torch.Size([64])	cuda:0	True
2026-05-26 15:45:12,170 - INFO - module.condition_encoder.blocks.0.norm_graph.bias	torch.Size([64])	cuda:0	True
2026-05-26 15:45:12,171 - INFO - module.condition_encoder.blocks.0.norm_ffn.weight	torch.Size([64])	cuda:0	True
2026-05-26 15:45:12,171 - INFO - module.condition_encoder.blocks.0.norm_ffn.bias	torch.Size([64])	cuda:0	True
2026-05-26 15:45:12,171 - INFO - module.condition_encoder.blocks.0.cell_attention.centers	torch.Size([8, 64])	cuda:0	True
2026-05-26 15:45:12,171 - INFO - module.condition_encoder.blocks.0.cell_attention.log_sigma_sq	torch.Size([1])	cuda:0	True
2026-05-26 15:45:12,171 - INFO - module.condition_encoder.blocks.0.cell_attention.cell_blend	torch.Size([])	cuda:0	True
2026-05-26 15:45:12,171 - INFO - module.condition_encoder.blocks.0.cell_attention.band_center	torch.Size([])	cuda:0	True
2026-05-26 15:45:12,171 - INFO - module.condition_encoder.blocks.0.cell_attention.band_width_raw	torch.Size([])	cuda:0	True
2026-05-26 15:45:12,171 - INFO - module.condition_encoder.blocks.0.cell_attention.cell_transform.weight	torch.Size([64, 64])	cuda:0	True
2026-05-26 15:45:12,171 - INFO - module.condition_encoder.blocks.0.cell_attention.cell_transform.bias	torch.Size([64])	cuda:0	True
2026-05-26 15:45:12,171 - INFO - module.condition_encoder.blocks.0.cell_attention.output_projection.weight	torch.Size([64, 64])	cuda:0	True
2026-05-26 15:45:12,171 - INFO - module.condition_encoder.blocks.0.cell_attention.output_projection.bias	torch.Size([64])	cuda:0	True
2026-05-26 15:45:12,171 - INFO - module.condition_encoder.blocks.0.cell_attention.region_transformer.self_attn.query_projection.weight	torch.Size([64, 64])	cuda:0	True
2026-05-26 15:45:12,171 - INFO - module.condition_encoder.blocks.0.cell_attention.region_transformer.self_attn.query_projection.bias	torch.Size([64])	cuda:0	True
2026-05-26 15:45:12,171 - INFO - module.condition_encoder.blocks.0.cell_attention.region_transformer.self_attn.key_projection.weight	torch.Size([64, 64])	cuda:0	True
2026-05-26 15:45:12,171 - INFO - module.condition_encoder.blocks.0.cell_attention.region_transformer.self_attn.key_projection.bias	torch.Size([64])	cuda:0	True
2026-05-26 15:45:12,171 - INFO - module.condition_encoder.blocks.0.cell_attention.region_transformer.self_attn.value_projection.weight	torch.Size([64, 64])	cuda:0	True
2026-05-26 15:45:12,171 - INFO - module.condition_encoder.blocks.0.cell_attention.region_transformer.self_attn.value_projection.bias	torch.Size([64])	cuda:0	True
2026-05-26 15:45:12,171 - INFO - module.condition_encoder.blocks.0.cell_attention.region_transformer.self_attn.output_projection.weight	torch.Size([64, 64])	cuda:0	True
2026-05-26 15:45:12,171 - INFO - module.condition_encoder.blocks.0.cell_attention.region_transformer.self_attn.output_projection.bias	torch.Size([64])	cuda:0	True
2026-05-26 15:45:12,171 - INFO - module.condition_encoder.blocks.0.cell_attention.region_transformer.ffn.network.0.weight	torch.Size([128, 64])	cuda:0	True
2026-05-26 15:45:12,171 - INFO - module.condition_encoder.blocks.0.cell_attention.region_transformer.ffn.network.0.bias	torch.Size([128])	cuda:0	True
2026-05-26 15:45:12,171 - INFO - module.condition_encoder.blocks.0.cell_attention.region_transformer.ffn.network.3.weight	torch.Size([64, 128])	cuda:0	True
2026-05-26 15:45:12,171 - INFO - module.condition_encoder.blocks.0.cell_attention.region_transformer.ffn.network.3.bias	torch.Size([64])	cuda:0	True
2026-05-26 15:45:12,171 - INFO - module.condition_encoder.blocks.0.cell_attention.region_transformer.norm1.weight	torch.Size([64])	cuda:0	True
2026-05-26 15:45:12,171 - INFO - module.condition_encoder.blocks.0.cell_attention.region_transformer.norm1.bias	torch.Size([64])	cuda:0	True
2026-05-26 15:45:12,171 - INFO - module.condition_encoder.blocks.0.cell_attention.region_transformer.norm2.weight	torch.Size([64])	cuda:0	True
2026-05-26 15:45:12,171 - INFO - module.condition_encoder.blocks.0.cell_attention.region_transformer.norm2.bias	torch.Size([64])	cuda:0	True
2026-05-26 15:45:12,172 - INFO - module.condition_encoder.blocks.0.cell_attention.fuzzy_to_cell.weight	torch.Size([8, 4])	cuda:0	True
2026-05-26 15:45:12,172 - INFO - module.condition_encoder.blocks.0.cell_attention.fuzzy_to_cell.bias	torch.Size([8])	cuda:0	True
2026-05-26 15:45:12,172 - INFO - module.condition_encoder.blocks.0.norm_cell.weight	torch.Size([64])	cuda:0	True
2026-05-26 15:45:12,172 - INFO - module.condition_encoder.blocks.0.norm_cell.bias	torch.Size([64])	cuda:0	True
2026-05-26 15:45:12,172 - INFO - module.condition_encoder.blocks.1.temporal_attention.query_projection.weight	torch.Size([64, 64])	cuda:0	True
2026-05-26 15:45:12,172 - INFO - module.condition_encoder.blocks.1.temporal_attention.query_projection.bias	torch.Size([64])	cuda:0	True
2026-05-26 15:45:12,172 - INFO - module.condition_encoder.blocks.1.temporal_attention.key_projection.weight	torch.Size([64, 64])	cuda:0	True
2026-05-26 15:45:12,172 - INFO - module.condition_encoder.blocks.1.temporal_attention.key_projection.bias	torch.Size([64])	cuda:0	True
2026-05-26 15:45:12,172 - INFO - module.condition_encoder.blocks.1.temporal_attention.value_projection.weight	torch.Size([64, 64])	cuda:0	True
2026-05-26 15:45:12,172 - INFO - module.condition_encoder.blocks.1.temporal_attention.value_projection.bias	torch.Size([64])	cuda:0	True
2026-05-26 15:45:12,172 - INFO - module.condition_encoder.blocks.1.temporal_attention.output_projection.weight	torch.Size([64, 64])	cuda:0	True
2026-05-26 15:45:12,172 - INFO - module.condition_encoder.blocks.1.temporal_attention.output_projection.bias	torch.Size([64])	cuda:0	True
2026-05-26 15:45:12,172 - INFO - module.condition_encoder.blocks.1.graph_convolution.projections.0.weight	torch.Size([64, 64])	cuda:0	True
2026-05-26 15:45:12,172 - INFO - module.condition_encoder.blocks.1.graph_convolution.projections.0.bias	torch.Size([64])	cuda:0	True
2026-05-26 15:45:12,172 - INFO - module.condition_encoder.blocks.1.graph_convolution.projections.1.weight	torch.Size([64, 64])	cuda:0	True
2026-05-26 15:45:12,172 - INFO - module.condition_encoder.blocks.1.graph_convolution.projections.1.bias	torch.Size([64])	cuda:0	True
2026-05-26 15:45:12,172 - INFO - module.condition_encoder.blocks.1.graph_convolution.projections.2.weight	torch.Size([64, 64])	cuda:0	True
2026-05-26 15:45:12,172 - INFO - module.condition_encoder.blocks.1.graph_convolution.projections.2.bias	torch.Size([64])	cuda:0	True
2026-05-26 15:45:12,172 - INFO - module.condition_encoder.blocks.1.feed_forward.network.0.weight	torch.Size([128, 64])	cuda:0	True
2026-05-26 15:45:12,172 - INFO - module.condition_encoder.blocks.1.feed_forward.network.0.bias	torch.Size([128])	cuda:0	True
2026-05-26 15:45:12,172 - INFO - module.condition_encoder.blocks.1.feed_forward.network.3.weight	torch.Size([64, 128])	cuda:0	True
2026-05-26 15:45:12,172 - INFO - module.condition_encoder.blocks.1.feed_forward.network.3.bias	torch.Size([64])	cuda:0	True
2026-05-26 15:45:12,172 - INFO - module.condition_encoder.blocks.1.norm_temporal.weight	torch.Size([64])	cuda:0	True
2026-05-26 15:45:12,172 - INFO - module.condition_encoder.blocks.1.norm_temporal.bias	torch.Size([64])	cuda:0	True
2026-05-26 15:45:12,172 - INFO - module.condition_encoder.blocks.1.norm_graph.weight	torch.Size([64])	cuda:0	True
2026-05-26 15:45:12,172 - INFO - module.condition_encoder.blocks.1.norm_graph.bias	torch.Size([64])	cuda:0	True
2026-05-26 15:45:12,172 - INFO - module.condition_encoder.blocks.1.norm_ffn.weight	torch.Size([64])	cuda:0	True
2026-05-26 15:45:12,173 - INFO - module.condition_encoder.blocks.1.norm_ffn.bias	torch.Size([64])	cuda:0	True
2026-05-26 15:45:12,173 - INFO - module.condition_encoder.blocks.1.cell_attention.centers	torch.Size([8, 64])	cuda:0	True
2026-05-26 15:45:12,173 - INFO - module.condition_encoder.blocks.1.cell_attention.log_sigma_sq	torch.Size([1])	cuda:0	True
2026-05-26 15:45:12,173 - INFO - module.condition_encoder.blocks.1.cell_attention.cell_blend	torch.Size([])	cuda:0	True
2026-05-26 15:45:12,173 - INFO - module.condition_encoder.blocks.1.cell_attention.band_center	torch.Size([])	cuda:0	True
2026-05-26 15:45:12,173 - INFO - module.condition_encoder.blocks.1.cell_attention.band_width_raw	torch.Size([])	cuda:0	True
2026-05-26 15:45:12,173 - INFO - module.condition_encoder.blocks.1.cell_attention.cell_transform.weight	torch.Size([64, 64])	cuda:0	True
2026-05-26 15:45:12,173 - INFO - module.condition_encoder.blocks.1.cell_attention.cell_transform.bias	torch.Size([64])	cuda:0	True
2026-05-26 15:45:12,173 - INFO - module.condition_encoder.blocks.1.cell_attention.output_projection.weight	torch.Size([64, 64])	cuda:0	True
2026-05-26 15:45:12,173 - INFO - module.condition_encoder.blocks.1.cell_attention.output_projection.bias	torch.Size([64])	cuda:0	True
2026-05-26 15:45:12,173 - INFO - module.condition_encoder.blocks.1.cell_attention.region_transformer.self_attn.query_projection.weight	torch.Size([64, 64])	cuda:0	True
2026-05-26 15:45:12,173 - INFO - module.condition_encoder.blocks.1.cell_attention.region_transformer.self_attn.query_projection.bias	torch.Size([64])	cuda:0	True
2026-05-26 15:45:12,173 - INFO - module.condition_encoder.blocks.1.cell_attention.region_transformer.self_attn.key_projection.weight	torch.Size([64, 64])	cuda:0	True
2026-05-26 15:45:12,173 - INFO - module.condition_encoder.blocks.1.cell_attention.region_transformer.self_attn.key_projection.bias	torch.Size([64])	cuda:0	True
2026-05-26 15:45:12,173 - INFO - module.condition_encoder.blocks.1.cell_attention.region_transformer.self_attn.value_projection.weight	torch.Size([64, 64])	cuda:0	True
2026-05-26 15:45:12,173 - INFO - module.condition_encoder.blocks.1.cell_attention.region_transformer.self_attn.value_projection.bias	torch.Size([64])	cuda:0	True
2026-05-26 15:45:12,173 - INFO - module.condition_encoder.blocks.1.cell_attention.region_transformer.self_attn.output_projection.weight	torch.Size([64, 64])	cuda:0	True
2026-05-26 15:45:12,173 - INFO - module.condition_encoder.blocks.1.cell_attention.region_transformer.self_attn.output_projection.bias	torch.Size([64])	cuda:0	True
2026-05-26 15:45:12,173 - INFO - module.condition_encoder.blocks.1.cell_attention.region_transformer.ffn.network.0.weight	torch.Size([128, 64])	cuda:0	True
2026-05-26 15:45:12,173 - INFO - module.condition_encoder.blocks.1.cell_attention.region_transformer.ffn.network.0.bias	torch.Size([128])	cuda:0	True
2026-05-26 15:45:12,173 - INFO - module.condition_encoder.blocks.1.cell_attention.region_transformer.ffn.network.3.weight	torch.Size([64, 128])	cuda:0	True
2026-05-26 15:45:12,173 - INFO - module.condition_encoder.blocks.1.cell_attention.region_transformer.ffn.network.3.bias	torch.Size([64])	cuda:0	True
2026-05-26 15:45:12,173 - INFO - module.condition_encoder.blocks.1.cell_attention.region_transformer.norm1.weight	torch.Size([64])	cuda:0	True
2026-05-26 15:45:12,173 - INFO - module.condition_encoder.blocks.1.cell_attention.region_transformer.norm1.bias	torch.Size([64])	cuda:0	True
2026-05-26 15:45:12,173 - INFO - module.condition_encoder.blocks.1.cell_attention.region_transformer.norm2.weight	torch.Size([64])	cuda:0	True
2026-05-26 15:45:12,173 - INFO - module.condition_encoder.blocks.1.cell_attention.region_transformer.norm2.bias	torch.Size([64])	cuda:0	True
2026-05-26 15:45:12,173 - INFO - module.condition_encoder.blocks.1.cell_attention.fuzzy_to_cell.weight	torch.Size([8, 4])	cuda:0	True
2026-05-26 15:45:12,174 - INFO - module.condition_encoder.blocks.1.cell_attention.fuzzy_to_cell.bias	torch.Size([8])	cuda:0	True
2026-05-26 15:45:12,174 - INFO - module.condition_encoder.blocks.1.norm_cell.weight	torch.Size([64])	cuda:0	True
2026-05-26 15:45:12,174 - INFO - module.condition_encoder.blocks.1.norm_cell.bias	torch.Size([64])	cuda:0	True
2026-05-26 15:45:12,174 - INFO - module.condition_encoder.final_norm.weight	torch.Size([64])	cuda:0	True
2026-05-26 15:45:12,174 - INFO - module.condition_encoder.final_norm.bias	torch.Size([64])	cuda:0	True
2026-05-26 15:45:12,174 - INFO - module.future_decoder.future_queries	torch.Size([1, 12, 307, 64])	cuda:0	True
2026-05-26 15:45:12,174 - INFO - module.future_decoder.blocks.0.temporal_attention.query_projection.weight	torch.Size([64, 64])	cuda:0	True
2026-05-26 15:45:12,174 - INFO - module.future_decoder.blocks.0.temporal_attention.query_projection.bias	torch.Size([64])	cuda:0	True
2026-05-26 15:45:12,174 - INFO - module.future_decoder.blocks.0.temporal_attention.key_projection.weight	torch.Size([64, 64])	cuda:0	True
2026-05-26 15:45:12,174 - INFO - module.future_decoder.blocks.0.temporal_attention.key_projection.bias	torch.Size([64])	cuda:0	True
2026-05-26 15:45:12,174 - INFO - module.future_decoder.blocks.0.temporal_attention.value_projection.weight	torch.Size([64, 64])	cuda:0	True
2026-05-26 15:45:12,174 - INFO - module.future_decoder.blocks.0.temporal_attention.value_projection.bias	torch.Size([64])	cuda:0	True
2026-05-26 15:45:12,174 - INFO - module.future_decoder.blocks.0.temporal_attention.output_projection.weight	torch.Size([64, 64])	cuda:0	True
2026-05-26 15:45:12,174 - INFO - module.future_decoder.blocks.0.temporal_attention.output_projection.bias	torch.Size([64])	cuda:0	True
2026-05-26 15:45:12,174 - INFO - module.future_decoder.blocks.0.graph_convolution.projections.0.weight	torch.Size([64, 64])	cuda:0	True
2026-05-26 15:45:12,174 - INFO - module.future_decoder.blocks.0.graph_convolution.projections.0.bias	torch.Size([64])	cuda:0	True
2026-05-26 15:45:12,174 - INFO - module.future_decoder.blocks.0.graph_convolution.projections.1.weight	torch.Size([64, 64])	cuda:0	True
2026-05-26 15:45:12,174 - INFO - module.future_decoder.blocks.0.graph_convolution.projections.1.bias	torch.Size([64])	cuda:0	True
2026-05-26 15:45:12,174 - INFO - module.future_decoder.blocks.0.graph_convolution.projections.2.weight	torch.Size([64, 64])	cuda:0	True
2026-05-26 15:45:12,174 - INFO - module.future_decoder.blocks.0.graph_convolution.projections.2.bias	torch.Size([64])	cuda:0	True
2026-05-26 15:45:12,174 - INFO - module.future_decoder.blocks.0.cross_attention.query_projection.weight	torch.Size([64, 64])	cuda:0	True
2026-05-26 15:45:12,174 - INFO - module.future_decoder.blocks.0.cross_attention.query_projection.bias	torch.Size([64])	cuda:0	True
2026-05-26 15:45:12,174 - INFO - module.future_decoder.blocks.0.cross_attention.key_projection.weight	torch.Size([64, 64])	cuda:0	True
2026-05-26 15:45:12,174 - INFO - module.future_decoder.blocks.0.cross_attention.key_projection.bias	torch.Size([64])	cuda:0	True
2026-05-26 15:45:12,174 - INFO - module.future_decoder.blocks.0.cross_attention.value_projection.weight	torch.Size([64, 64])	cuda:0	True
2026-05-26 15:45:12,174 - INFO - module.future_decoder.blocks.0.cross_attention.value_projection.bias	torch.Size([64])	cuda:0	True
2026-05-26 15:45:12,174 - INFO - module.future_decoder.blocks.0.cross_attention.output_projection.weight	torch.Size([64, 64])	cuda:0	True
2026-05-26 15:45:12,175 - INFO - module.future_decoder.blocks.0.cross_attention.output_projection.bias	torch.Size([64])	cuda:0	True
2026-05-26 15:45:12,175 - INFO - module.future_decoder.blocks.0.feed_forward.network.0.weight	torch.Size([128, 64])	cuda:0	True
2026-05-26 15:45:12,175 - INFO - module.future_decoder.blocks.0.feed_forward.network.0.bias	torch.Size([128])	cuda:0	True
2026-05-26 15:45:12,175 - INFO - module.future_decoder.blocks.0.feed_forward.network.3.weight	torch.Size([64, 128])	cuda:0	True
2026-05-26 15:45:12,175 - INFO - module.future_decoder.blocks.0.feed_forward.network.3.bias	torch.Size([64])	cuda:0	True
2026-05-26 15:45:12,175 - INFO - module.future_decoder.blocks.0.norm_temporal.weight	torch.Size([64])	cuda:0	True
2026-05-26 15:45:12,175 - INFO - module.future_decoder.blocks.0.norm_temporal.bias	torch.Size([64])	cuda:0	True
2026-05-26 15:45:12,175 - INFO - module.future_decoder.blocks.0.norm_graph.weight	torch.Size([64])	cuda:0	True
2026-05-26 15:45:12,175 - INFO - module.future_decoder.blocks.0.norm_graph.bias	torch.Size([64])	cuda:0	True
2026-05-26 15:45:12,175 - INFO - module.future_decoder.blocks.0.norm_cross.weight	torch.Size([64])	cuda:0	True
2026-05-26 15:45:12,175 - INFO - module.future_decoder.blocks.0.norm_cross.bias	torch.Size([64])	cuda:0	True
2026-05-26 15:45:12,175 - INFO - module.future_decoder.blocks.0.norm_ffn.weight	torch.Size([64])	cuda:0	True
2026-05-26 15:45:12,175 - INFO - module.future_decoder.blocks.0.norm_ffn.bias	torch.Size([64])	cuda:0	True
2026-05-26 15:45:12,175 - INFO - module.future_decoder.blocks.0.cell_attention.centers	torch.Size([8, 64])	cuda:0	True
2026-05-26 15:45:12,175 - INFO - module.future_decoder.blocks.0.cell_attention.log_sigma_sq	torch.Size([1])	cuda:0	True
2026-05-26 15:45:12,175 - INFO - module.future_decoder.blocks.0.cell_attention.cell_blend	torch.Size([])	cuda:0	True
2026-05-26 15:45:12,175 - INFO - module.future_decoder.blocks.0.cell_attention.band_center	torch.Size([])	cuda:0	True
2026-05-26 15:45:12,175 - INFO - module.future_decoder.blocks.0.cell_attention.band_width_raw	torch.Size([])	cuda:0	True
2026-05-26 15:45:12,175 - INFO - module.future_decoder.blocks.0.cell_attention.cell_transform.weight	torch.Size([64, 64])	cuda:0	True
2026-05-26 15:45:12,175 - INFO - module.future_decoder.blocks.0.cell_attention.cell_transform.bias	torch.Size([64])	cuda:0	True
2026-05-26 15:45:12,175 - INFO - module.future_decoder.blocks.0.cell_attention.output_projection.weight	torch.Size([64, 64])	cuda:0	True
2026-05-26 15:45:12,175 - INFO - module.future_decoder.blocks.0.cell_attention.output_projection.bias	torch.Size([64])	cuda:0	True
2026-05-26 15:45:12,175 - INFO - module.future_decoder.blocks.0.cell_attention.region_transformer.self_attn.query_projection.weight	torch.Size([64, 64])	cuda:0	True
2026-05-26 15:45:12,175 - INFO - module.future_decoder.blocks.0.cell_attention.region_transformer.self_attn.query_projection.bias	torch.Size([64])	cuda:0	True
2026-05-26 15:45:12,175 - INFO - module.future_decoder.blocks.0.cell_attention.region_transformer.self_attn.key_projection.weight	torch.Size([64, 64])	cuda:0	True
2026-05-26 15:45:12,175 - INFO - module.future_decoder.blocks.0.cell_attention.region_transformer.self_attn.key_projection.bias	torch.Size([64])	cuda:0	True
2026-05-26 15:45:12,175 - INFO - module.future_decoder.blocks.0.cell_attention.region_transformer.self_attn.value_projection.weight	torch.Size([64, 64])	cuda:0	True
2026-05-26 15:45:12,176 - INFO - module.future_decoder.blocks.0.cell_attention.region_transformer.self_attn.value_projection.bias	torch.Size([64])	cuda:0	True
2026-05-26 15:45:12,176 - INFO - module.future_decoder.blocks.0.cell_attention.region_transformer.self_attn.output_projection.weight	torch.Size([64, 64])	cuda:0	True
2026-05-26 15:45:12,176 - INFO - module.future_decoder.blocks.0.cell_attention.region_transformer.self_attn.output_projection.bias	torch.Size([64])	cuda:0	True
2026-05-26 15:45:12,176 - INFO - module.future_decoder.blocks.0.cell_attention.region_transformer.ffn.network.0.weight	torch.Size([128, 64])	cuda:0	True
2026-05-26 15:45:12,176 - INFO - module.future_decoder.blocks.0.cell_attention.region_transformer.ffn.network.0.bias	torch.Size([128])	cuda:0	True
2026-05-26 15:45:12,176 - INFO - module.future_decoder.blocks.0.cell_attention.region_transformer.ffn.network.3.weight	torch.Size([64, 128])	cuda:0	True
2026-05-26 15:45:12,176 - INFO - module.future_decoder.blocks.0.cell_attention.region_transformer.ffn.network.3.bias	torch.Size([64])	cuda:0	True
2026-05-26 15:45:12,176 - INFO - module.future_decoder.blocks.0.cell_attention.region_transformer.norm1.weight	torch.Size([64])	cuda:0	True
2026-05-26 15:45:12,176 - INFO - module.future_decoder.blocks.0.cell_attention.region_transformer.norm1.bias	torch.Size([64])	cuda:0	True
2026-05-26 15:45:12,176 - INFO - module.future_decoder.blocks.0.cell_attention.region_transformer.norm2.weight	torch.Size([64])	cuda:0	True
2026-05-26 15:45:12,176 - INFO - module.future_decoder.blocks.0.cell_attention.region_transformer.norm2.bias	torch.Size([64])	cuda:0	True
2026-05-26 15:45:12,176 - INFO - module.future_decoder.blocks.0.cell_attention.fuzzy_to_cell.weight	torch.Size([8, 4])	cuda:0	True
2026-05-26 15:45:12,176 - INFO - module.future_decoder.blocks.0.cell_attention.fuzzy_to_cell.bias	torch.Size([8])	cuda:0	True
2026-05-26 15:45:12,176 - INFO - module.future_decoder.blocks.0.norm_cell.weight	torch.Size([64])	cuda:0	True
2026-05-26 15:45:12,176 - INFO - module.future_decoder.blocks.0.norm_cell.bias	torch.Size([64])	cuda:0	True
2026-05-26 15:45:12,176 - INFO - module.future_decoder.blocks.1.temporal_attention.query_projection.weight	torch.Size([64, 64])	cuda:0	True
2026-05-26 15:45:12,176 - INFO - module.future_decoder.blocks.1.temporal_attention.query_projection.bias	torch.Size([64])	cuda:0	True
2026-05-26 15:45:12,176 - INFO - module.future_decoder.blocks.1.temporal_attention.key_projection.weight	torch.Size([64, 64])	cuda:0	True
2026-05-26 15:45:12,176 - INFO - module.future_decoder.blocks.1.temporal_attention.key_projection.bias	torch.Size([64])	cuda:0	True
2026-05-26 15:45:12,176 - INFO - module.future_decoder.blocks.1.temporal_attention.value_projection.weight	torch.Size([64, 64])	cuda:0	True
2026-05-26 15:45:12,176 - INFO - module.future_decoder.blocks.1.temporal_attention.value_projection.bias	torch.Size([64])	cuda:0	True
2026-05-26 15:45:12,176 - INFO - module.future_decoder.blocks.1.temporal_attention.output_projection.weight	torch.Size([64, 64])	cuda:0	True
2026-05-26 15:45:12,176 - INFO - module.future_decoder.blocks.1.temporal_attention.output_projection.bias	torch.Size([64])	cuda:0	True
2026-05-26 15:45:12,176 - INFO - module.future_decoder.blocks.1.graph_convolution.projections.0.weight	torch.Size([64, 64])	cuda:0	True
2026-05-26 15:45:12,176 - INFO - module.future_decoder.blocks.1.graph_convolution.projections.0.bias	torch.Size([64])	cuda:0	True
2026-05-26 15:45:12,176 - INFO - module.future_decoder.blocks.1.graph_convolution.projections.1.weight	torch.Size([64, 64])	cuda:0	True
2026-05-26 15:45:12,176 - INFO - module.future_decoder.blocks.1.graph_convolution.projections.1.bias	torch.Size([64])	cuda:0	True
2026-05-26 15:45:12,177 - INFO - module.future_decoder.blocks.1.graph_convolution.projections.2.weight	torch.Size([64, 64])	cuda:0	True
2026-05-26 15:45:12,177 - INFO - module.future_decoder.blocks.1.graph_convolution.projections.2.bias	torch.Size([64])	cuda:0	True
2026-05-26 15:45:12,177 - INFO - module.future_decoder.blocks.1.cross_attention.query_projection.weight	torch.Size([64, 64])	cuda:0	True
2026-05-26 15:45:12,177 - INFO - module.future_decoder.blocks.1.cross_attention.query_projection.bias	torch.Size([64])	cuda:0	True
2026-05-26 15:45:12,177 - INFO - module.future_decoder.blocks.1.cross_attention.key_projection.weight	torch.Size([64, 64])	cuda:0	True
2026-05-26 15:45:12,177 - INFO - module.future_decoder.blocks.1.cross_attention.key_projection.bias	torch.Size([64])	cuda:0	True
2026-05-26 15:45:12,177 - INFO - module.future_decoder.blocks.1.cross_attention.value_projection.weight	torch.Size([64, 64])	cuda:0	True
2026-05-26 15:45:12,177 - INFO - module.future_decoder.blocks.1.cross_attention.value_projection.bias	torch.Size([64])	cuda:0	True
2026-05-26 15:45:12,177 - INFO - module.future_decoder.blocks.1.cross_attention.output_projection.weight	torch.Size([64, 64])	cuda:0	True
2026-05-26 15:45:12,177 - INFO - module.future_decoder.blocks.1.cross_attention.output_projection.bias	torch.Size([64])	cuda:0	True
2026-05-26 15:45:12,177 - INFO - module.future_decoder.blocks.1.feed_forward.network.0.weight	torch.Size([128, 64])	cuda:0	True
2026-05-26 15:45:12,177 - INFO - module.future_decoder.blocks.1.feed_forward.network.0.bias	torch.Size([128])	cuda:0	True
2026-05-26 15:45:12,177 - INFO - module.future_decoder.blocks.1.feed_forward.network.3.weight	torch.Size([64, 128])	cuda:0	True
2026-05-26 15:45:12,177 - INFO - module.future_decoder.blocks.1.feed_forward.network.3.bias	torch.Size([64])	cuda:0	True
2026-05-26 15:45:12,177 - INFO - module.future_decoder.blocks.1.norm_temporal.weight	torch.Size([64])	cuda:0	True
2026-05-26 15:45:12,177 - INFO - module.future_decoder.blocks.1.norm_temporal.bias	torch.Size([64])	cuda:0	True
2026-05-26 15:45:12,177 - INFO - module.future_decoder.blocks.1.norm_graph.weight	torch.Size([64])	cuda:0	True
2026-05-26 15:45:12,177 - INFO - module.future_decoder.blocks.1.norm_graph.bias	torch.Size([64])	cuda:0	True
2026-05-26 15:45:12,177 - INFO - module.future_decoder.blocks.1.norm_cross.weight	torch.Size([64])	cuda:0	True
2026-05-26 15:45:12,177 - INFO - module.future_decoder.blocks.1.norm_cross.bias	torch.Size([64])	cuda:0	True
2026-05-26 15:45:12,177 - INFO - module.future_decoder.blocks.1.norm_ffn.weight	torch.Size([64])	cuda:0	True
2026-05-26 15:45:12,177 - INFO - module.future_decoder.blocks.1.norm_ffn.bias	torch.Size([64])	cuda:0	True
2026-05-26 15:45:12,177 - INFO - module.future_decoder.blocks.1.cell_attention.centers	torch.Size([8, 64])	cuda:0	True
2026-05-26 15:45:12,177 - INFO - module.future_decoder.blocks.1.cell_attention.log_sigma_sq	torch.Size([1])	cuda:0	True
2026-05-26 15:45:12,177 - INFO - module.future_decoder.blocks.1.cell_attention.cell_blend	torch.Size([])	cuda:0	True
2026-05-26 15:45:12,177 - INFO - module.future_decoder.blocks.1.cell_attention.band_center	torch.Size([])	cuda:0	True
2026-05-26 15:45:12,177 - INFO - module.future_decoder.blocks.1.cell_attention.band_width_raw	torch.Size([])	cuda:0	True
2026-05-26 15:45:12,178 - INFO - module.future_decoder.blocks.1.cell_attention.cell_transform.weight	torch.Size([64, 64])	cuda:0	True
2026-05-26 15:45:12,178 - INFO - module.future_decoder.blocks.1.cell_attention.cell_transform.bias	torch.Size([64])	cuda:0	True
2026-05-26 15:45:12,178 - INFO - module.future_decoder.blocks.1.cell_attention.output_projection.weight	torch.Size([64, 64])	cuda:0	True
2026-05-26 15:45:12,178 - INFO - module.future_decoder.blocks.1.cell_attention.output_projection.bias	torch.Size([64])	cuda:0	True
2026-05-26 15:45:12,178 - INFO - module.future_decoder.blocks.1.cell_attention.region_transformer.self_attn.query_projection.weight	torch.Size([64, 64])	cuda:0	True
2026-05-26 15:45:12,178 - INFO - module.future_decoder.blocks.1.cell_attention.region_transformer.self_attn.query_projection.bias	torch.Size([64])	cuda:0	True
2026-05-26 15:45:12,178 - INFO - module.future_decoder.blocks.1.cell_attention.region_transformer.self_attn.key_projection.weight	torch.Size([64, 64])	cuda:0	True
2026-05-26 15:45:12,178 - INFO - module.future_decoder.blocks.1.cell_attention.region_transformer.self_attn.key_projection.bias	torch.Size([64])	cuda:0	True
2026-05-26 15:45:12,178 - INFO - module.future_decoder.blocks.1.cell_attention.region_transformer.self_attn.value_projection.weight	torch.Size([64, 64])	cuda:0	True
2026-05-26 15:45:12,178 - INFO - module.future_decoder.blocks.1.cell_attention.region_transformer.self_attn.value_projection.bias	torch.Size([64])	cuda:0	True
2026-05-26 15:45:12,178 - INFO - module.future_decoder.blocks.1.cell_attention.region_transformer.self_attn.output_projection.weight	torch.Size([64, 64])	cuda:0	True
2026-05-26 15:45:12,178 - INFO - module.future_decoder.blocks.1.cell_attention.region_transformer.self_attn.output_projection.bias	torch.Size([64])	cuda:0	True
2026-05-26 15:45:12,178 - INFO - module.future_decoder.blocks.1.cell_attention.region_transformer.ffn.network.0.weight	torch.Size([128, 64])	cuda:0	True
2026-05-26 15:45:12,178 - INFO - module.future_decoder.blocks.1.cell_attention.region_transformer.ffn.network.0.bias	torch.Size([128])	cuda:0	True
2026-05-26 15:45:12,178 - INFO - module.future_decoder.blocks.1.cell_attention.region_transformer.ffn.network.3.weight	torch.Size([64, 128])	cuda:0	True
2026-05-26 15:45:12,178 - INFO - module.future_decoder.blocks.1.cell_attention.region_transformer.ffn.network.3.bias	torch.Size([64])	cuda:0	True
2026-05-26 15:45:12,178 - INFO - module.future_decoder.blocks.1.cell_attention.region_transformer.norm1.weight	torch.Size([64])	cuda:0	True
2026-05-26 15:45:12,178 - INFO - module.future_decoder.blocks.1.cell_attention.region_transformer.norm1.bias	torch.Size([64])	cuda:0	True
2026-05-26 15:45:12,178 - INFO - module.future_decoder.blocks.1.cell_attention.region_transformer.norm2.weight	torch.Size([64])	cuda:0	True
2026-05-26 15:45:12,178 - INFO - module.future_decoder.blocks.1.cell_attention.region_transformer.norm2.bias	torch.Size([64])	cuda:0	True
2026-05-26 15:45:12,178 - INFO - module.future_decoder.blocks.1.cell_attention.fuzzy_to_cell.weight	torch.Size([8, 4])	cuda:0	True
2026-05-26 15:45:12,178 - INFO - module.future_decoder.blocks.1.cell_attention.fuzzy_to_cell.bias	torch.Size([8])	cuda:0	True
2026-05-26 15:45:12,178 - INFO - module.future_decoder.blocks.1.norm_cell.weight	torch.Size([64])	cuda:0	True
2026-05-26 15:45:12,178 - INFO - module.future_decoder.blocks.1.norm_cell.bias	torch.Size([64])	cuda:0	True
2026-05-26 15:45:12,178 - INFO - module.future_decoder.final_norm.weight	torch.Size([64])	cuda:0	True
2026-05-26 15:45:12,178 - INFO - module.future_decoder.final_norm.bias	torch.Size([64])	cuda:0	True
2026-05-26 15:45:12,179 - INFO - module.future_decoder.output_projection.weight	torch.Size([3, 64])	cuda:0	True
2026-05-26 15:45:12,179 - INFO - module.future_decoder.output_projection.bias	torch.Size([3])	cuda:0	True
2026-05-26 15:45:12,179 - INFO - Total parameter numbers: 628964
2026-05-26 15:45:12,179 - INFO - Enable AMP training (dtype=float16).
2026-05-26 15:45:12,179 - INFO - You select `adamw` optimizer.
2026-05-26 15:45:12,180 - INFO - You select `cosineannealinglr` lr_scheduler.
2026-05-26 15:45:12,180 - WARNING - Received none train loss func and will use the loss func defined in the model.
2026-05-26 15:45:12,180 - INFO - Start training ...
2026-05-26 15:45:12,181 - INFO - num_batches:80
2026-05-26 15:45:21,136 - INFO - epoch complete!
2026-05-26 15:45:21,137 - INFO - evaluating now!
2026-05-26 15:45:22,203 - INFO - Epoch [0/50] train_loss: 0.3533, val_loss: 0.2677, lr: 0.001995, 10.02s
2026-05-26 15:45:22,253 - INFO - Saved model at 0
2026-05-26 15:45:22,253 - INFO - Val loss decrease from inf to 0.2677, saving to /home/lizhuoxuan/lzq/Bigscity-LibCity-master/outputs/20260526_154502__traffic_state_pred__final_new__PEMSD4/model_cache/final_new_PEMSD4_epoch0.tar
2026-05-26 15:45:30,519 - INFO - epoch complete!
2026-05-26 15:45:30,520 - INFO - evaluating now!
2026-05-26 15:45:31,302 - INFO - Epoch [1/50] train_loss: 0.2451, val_loss: 0.2493, lr: 0.001978, 9.05s
2026-05-26 15:45:31,349 - INFO - Saved model at 1
2026-05-26 15:45:31,349 - INFO - Val loss decrease from 0.2677 to 0.2493, saving to /home/lizhuoxuan/lzq/Bigscity-LibCity-master/outputs/20260526_154502__traffic_state_pred__final_new__PEMSD4/model_cache/final_new_PEMSD4_epoch1.tar
2026-05-26 15:45:39,723 - INFO - epoch complete!
2026-05-26 15:45:39,724 - INFO - evaluating now!
2026-05-26 15:45:40,476 - INFO - Epoch [2/50] train_loss: 0.1755, val_loss: 0.2563, lr: 0.001951, 9.13s
2026-05-26 15:45:48,727 - INFO - epoch complete!
2026-05-26 15:45:48,727 - INFO - evaluating now!
2026-05-26 15:45:49,472 - INFO - Epoch [3/50] train_loss: 0.2233, val_loss: 0.3146, lr: 0.001914, 9.00s
2026-05-26 15:45:57,733 - INFO - epoch complete!
2026-05-26 15:45:57,733 - INFO - evaluating now!
2026-05-26 15:45:58,476 - INFO - Epoch [4/50] train_loss: 0.3429, val_loss: 0.2291, lr: 0.001866, 9.00s
2026-05-26 15:45:58,523 - INFO - Saved model at 4
2026-05-26 15:45:58,524 - INFO - Val loss decrease from 0.2493 to 0.2291, saving to /home/lizhuoxuan/lzq/Bigscity-LibCity-master/outputs/20260526_154502__traffic_state_pred__final_new__PEMSD4/model_cache/final_new_PEMSD4_epoch4.tar
2026-05-26 15:46:06,786 - INFO - epoch complete!
2026-05-26 15:46:06,787 - INFO - evaluating now!
2026-05-26 15:46:07,530 - INFO - Epoch [5/50] train_loss: 0.2301, val_loss: 0.1835, lr: 0.001809, 9.01s
2026-05-26 15:46:07,576 - INFO - Saved model at 5
2026-05-26 15:46:07,576 - INFO - Val loss decrease from 0.2291 to 0.1835, saving to /home/lizhuoxuan/lzq/Bigscity-LibCity-master/outputs/20260526_154502__traffic_state_pred__final_new__PEMSD4/model_cache/final_new_PEMSD4_epoch5.tar
2026-05-26 15:46:15,836 - INFO - epoch complete!
2026-05-26 15:46:15,837 - INFO - evaluating now!
2026-05-26 15:46:16,579 - INFO - Epoch [6/50] train_loss: 0.1768, val_loss: 0.1402, lr: 0.001743, 9.00s
2026-05-26 15:46:16,625 - INFO - Saved model at 6
2026-05-26 15:46:16,625 - INFO - Val loss decrease from 0.1835 to 0.1402, saving to /home/lizhuoxuan/lzq/Bigscity-LibCity-master/outputs/20260526_154502__traffic_state_pred__final_new__PEMSD4/model_cache/final_new_PEMSD4_epoch6.tar
2026-05-26 15:46:24,898 - INFO - epoch complete!
2026-05-26 15:46:24,898 - INFO - evaluating now!
2026-05-26 15:46:25,641 - INFO - Epoch [7/50] train_loss: 0.1572, val_loss: 0.1476, lr: 0.001669, 9.02s
2026-05-26 15:46:33,903 - INFO - epoch complete!
2026-05-26 15:46:33,903 - INFO - evaluating now!
2026-05-26 15:46:34,646 - INFO - Epoch [8/50] train_loss: 0.1391, val_loss: 0.1254, lr: 0.001588, 9.00s
2026-05-26 15:46:34,726 - INFO - Saved model at 8
2026-05-26 15:46:34,727 - INFO - Val loss decrease from 0.1402 to 0.1254, saving to /home/lizhuoxuan/lzq/Bigscity-LibCity-master/outputs/20260526_154502__traffic_state_pred__final_new__PEMSD4/model_cache/final_new_PEMSD4_epoch8.tar
2026-05-26 15:46:43,002 - INFO - epoch complete!
2026-05-26 15:46:43,003 - INFO - evaluating now!
2026-05-26 15:46:43,746 - INFO - Epoch [9/50] train_loss: 0.1270, val_loss: 0.1205, lr: 0.001500, 9.02s
2026-05-26 15:46:43,792 - INFO - Saved model at 9
2026-05-26 15:46:43,793 - INFO - Val loss decrease from 0.1254 to 0.1205, saving to /home/lizhuoxuan/lzq/Bigscity-LibCity-master/outputs/20260526_154502__traffic_state_pred__final_new__PEMSD4/model_cache/final_new_PEMSD4_epoch9.tar
2026-05-26 15:46:52,065 - INFO - epoch complete!
2026-05-26 15:46:52,065 - INFO - evaluating now!
2026-05-26 15:46:52,809 - INFO - Epoch [10/50] train_loss: 0.1194, val_loss: 0.1415, lr: 0.001407, 9.02s
2026-05-26 15:47:01,077 - INFO - epoch complete!
2026-05-26 15:47:01,077 - INFO - evaluating now!
2026-05-26 15:47:01,821 - INFO - Epoch [11/50] train_loss: 0.1138, val_loss: 0.1219, lr: 0.001309, 9.01s
2026-05-26 15:47:10,107 - INFO - epoch complete!
2026-05-26 15:47:10,108 - INFO - evaluating now!
2026-05-26 15:47:10,853 - INFO - Epoch [12/50] train_loss: 0.1138, val_loss: 0.1068, lr: 0.001208, 9.03s
2026-05-26 15:47:10,907 - INFO - Saved model at 12
2026-05-26 15:47:10,907 - INFO - Val loss decrease from 0.1205 to 0.1068, saving to /home/lizhuoxuan/lzq/Bigscity-LibCity-master/outputs/20260526_154502__traffic_state_pred__final_new__PEMSD4/model_cache/final_new_PEMSD4_epoch12.tar
2026-05-26 15:47:19,186 - INFO - epoch complete!
2026-05-26 15:47:19,187 - INFO - evaluating now!
2026-05-26 15:47:19,932 - INFO - Epoch [13/50] train_loss: 0.1112, val_loss: 0.1214, lr: 0.001105, 9.02s
2026-05-26 15:47:28,214 - INFO - epoch complete!
2026-05-26 15:47:28,214 - INFO - evaluating now!
2026-05-26 15:47:28,958 - INFO - Epoch [14/50] train_loss: 0.1023, val_loss: 0.1048, lr: 0.001000, 9.03s
2026-05-26 15:47:29,005 - INFO - Saved model at 14
2026-05-26 15:47:29,005 - INFO - Val loss decrease from 0.1068 to 0.1048, saving to /home/lizhuoxuan/lzq/Bigscity-LibCity-master/outputs/20260526_154502__traffic_state_pred__final_new__PEMSD4/model_cache/final_new_PEMSD4_epoch14.tar
2026-05-26 15:47:37,288 - INFO - epoch complete!
2026-05-26 15:47:37,289 - INFO - evaluating now!
2026-05-26 15:47:38,034 - INFO - Epoch [15/50] train_loss: 0.0992, val_loss: 0.1082, lr: 0.000895, 9.03s
2026-05-26 15:47:46,325 - INFO - epoch complete!
2026-05-26 15:47:46,325 - INFO - evaluating now!
2026-05-26 15:47:47,071 - INFO - Epoch [16/50] train_loss: 0.1054, val_loss: 0.1167, lr: 0.000792, 9.04s
2026-05-26 15:47:55,362 - INFO - epoch complete!
2026-05-26 15:47:55,363 - INFO - evaluating now!
2026-05-26 15:47:56,108 - INFO - Epoch [17/50] train_loss: 0.1007, val_loss: 0.1016, lr: 0.000691, 9.04s
2026-05-26 15:47:56,155 - INFO - Saved model at 17
2026-05-26 15:47:56,155 - INFO - Val loss decrease from 0.1048 to 0.1016, saving to /home/lizhuoxuan/lzq/Bigscity-LibCity-master/outputs/20260526_154502__traffic_state_pred__final_new__PEMSD4/model_cache/final_new_PEMSD4_epoch17.tar
2026-05-26 15:48:04,440 - INFO - epoch complete!
2026-05-26 15:48:04,440 - INFO - evaluating now!
2026-05-26 15:48:05,186 - INFO - Epoch [18/50] train_loss: 0.0964, val_loss: 0.0985, lr: 0.000593, 9.03s
2026-05-26 15:48:05,233 - INFO - Saved model at 18
2026-05-26 15:48:05,233 - INFO - Val loss decrease from 0.1016 to 0.0985, saving to /home/lizhuoxuan/lzq/Bigscity-LibCity-master/outputs/20260526_154502__traffic_state_pred__final_new__PEMSD4/model_cache/final_new_PEMSD4_epoch18.tar
2026-05-26 15:48:13,522 - INFO - epoch complete!
2026-05-26 15:48:13,523 - INFO - evaluating now!
2026-05-26 15:48:14,271 - INFO - Epoch [19/50] train_loss: 0.0934, val_loss: 0.0970, lr: 0.000500, 9.04s
2026-05-26 15:48:14,319 - INFO - Saved model at 19
2026-05-26 15:48:14,319 - INFO - Val loss decrease from 0.0985 to 0.0970, saving to /home/lizhuoxuan/lzq/Bigscity-LibCity-master/outputs/20260526_154502__traffic_state_pred__final_new__PEMSD4/model_cache/final_new_PEMSD4_epoch19.tar
2026-05-26 15:48:22,609 - INFO - epoch complete!
2026-05-26 15:48:22,609 - INFO - evaluating now!
2026-05-26 15:48:23,359 - INFO - Epoch [20/50] train_loss: 0.0927, val_loss: 0.0946, lr: 0.000412, 9.04s
2026-05-26 15:48:23,405 - INFO - Saved model at 20
2026-05-26 15:48:23,405 - INFO - Val loss decrease from 0.0970 to 0.0946, saving to /home/lizhuoxuan/lzq/Bigscity-LibCity-master/outputs/20260526_154502__traffic_state_pred__final_new__PEMSD4/model_cache/final_new_PEMSD4_epoch20.tar
2026-05-26 15:48:31,688 - INFO - epoch complete!
2026-05-26 15:48:31,689 - INFO - evaluating now!
2026-05-26 15:48:32,439 - INFO - Epoch [21/50] train_loss: 0.0921, val_loss: 0.0920, lr: 0.000331, 9.03s
2026-05-26 15:48:32,485 - INFO - Saved model at 21
2026-05-26 15:48:32,485 - INFO - Val loss decrease from 0.0946 to 0.0920, saving to /home/lizhuoxuan/lzq/Bigscity-LibCity-master/outputs/20260526_154502__traffic_state_pred__final_new__PEMSD4/model_cache/final_new_PEMSD4_epoch21.tar
2026-05-26 15:48:40,773 - INFO - epoch complete!
2026-05-26 15:48:40,774 - INFO - evaluating now!
2026-05-26 15:48:41,521 - INFO - Epoch [22/50] train_loss: 0.0903, val_loss: 0.0931, lr: 0.000257, 9.04s
2026-05-26 15:48:49,814 - INFO - epoch complete!
2026-05-26 15:48:49,814 - INFO - evaluating now!
2026-05-26 15:48:50,568 - INFO - Epoch [23/50] train_loss: 0.0896, val_loss: 0.0931, lr: 0.000191, 9.05s
2026-05-26 15:48:58,963 - INFO - epoch complete!
2026-05-26 15:48:58,964 - INFO - evaluating now!
2026-05-26 15:48:59,727 - INFO - Epoch [24/50] train_loss: 0.0892, val_loss: 0.0927, lr: 0.000134, 9.16s
2026-05-26 15:49:08,037 - INFO - epoch complete!
2026-05-26 15:49:08,037 - INFO - evaluating now!
2026-05-26 15:49:08,786 - INFO - Epoch [25/50] train_loss: 0.0888, val_loss: 0.0921, lr: 0.000086, 9.06s
2026-05-26 15:49:17,131 - INFO - epoch complete!
2026-05-26 15:49:17,131 - INFO - evaluating now!
2026-05-26 15:49:17,883 - INFO - Epoch [26/50] train_loss: 0.0888, val_loss: 0.0939, lr: 0.000049, 9.10s
2026-05-26 15:49:26,237 - INFO - epoch complete!
2026-05-26 15:49:26,237 - INFO - evaluating now!
2026-05-26 15:49:26,989 - INFO - Epoch [27/50] train_loss: 0.0883, val_loss: 0.0936, lr: 0.000022, 9.11s
2026-05-26 15:49:35,339 - INFO - epoch complete!
2026-05-26 15:49:35,339 - INFO - evaluating now!
2026-05-26 15:49:36,095 - INFO - Epoch [28/50] train_loss: 0.0880, val_loss: 0.0942, lr: 0.000005, 9.11s
2026-05-26 15:49:44,444 - INFO - epoch complete!
2026-05-26 15:49:44,445 - INFO - evaluating now!
2026-05-26 15:49:45,198 - INFO - Epoch [29/50] train_loss: 0.0880, val_loss: 0.0942, lr: 0.000000, 9.10s
2026-05-26 15:49:53,561 - INFO - epoch complete!
2026-05-26 15:49:53,561 - INFO - evaluating now!
2026-05-26 15:49:54,320 - INFO - Epoch [30/50] train_loss: 0.0883, val_loss: 0.0942, lr: 0.000005, 9.12s
2026-05-26 15:50:02,681 - INFO - epoch complete!
2026-05-26 15:50:02,681 - INFO - evaluating now!
2026-05-26 15:50:03,434 - INFO - Epoch [31/50] train_loss: 0.0890, val_loss: 0.0940, lr: 0.000022, 9.11s
2026-05-26 15:50:11,800 - INFO - epoch complete!
2026-05-26 15:50:11,801 - INFO - evaluating now!
2026-05-26 15:50:12,558 - INFO - Epoch [32/50] train_loss: 0.0876, val_loss: 0.0945, lr: 0.000049, 9.12s
2026-05-26 15:50:20,931 - INFO - epoch complete!
2026-05-26 15:50:20,931 - INFO - evaluating now!
2026-05-26 15:50:21,692 - INFO - Epoch [33/50] train_loss: 0.0879, val_loss: 0.0947, lr: 0.000086, 9.13s
2026-05-26 15:50:30,061 - INFO - epoch complete!
2026-05-26 15:50:30,061 - INFO - evaluating now!
2026-05-26 15:50:30,815 - INFO - Epoch [34/50] train_loss: 0.0875, val_loss: 0.0948, lr: 0.000134, 9.12s
2026-05-26 15:50:39,179 - INFO - epoch complete!
2026-05-26 15:50:39,179 - INFO - evaluating now!
2026-05-26 15:50:39,934 - INFO - Epoch [35/50] train_loss: 0.0882, val_loss: 0.0955, lr: 0.000191, 9.12s
2026-05-26 15:50:48,309 - INFO - epoch complete!
2026-05-26 15:50:48,310 - INFO - evaluating now!
2026-05-26 15:50:49,067 - INFO - Epoch [36/50] train_loss: 0.0886, val_loss: 0.0917, lr: 0.000257, 9.13s
2026-05-26 15:50:49,115 - INFO - Saved model at 36
2026-05-26 15:50:49,115 - INFO - Val loss decrease from 0.0920 to 0.0917, saving to /home/lizhuoxuan/lzq/Bigscity-LibCity-master/outputs/20260526_154502__traffic_state_pred__final_new__PEMSD4/model_cache/final_new_PEMSD4_epoch36.tar
2026-05-26 15:50:57,474 - INFO - epoch complete!
2026-05-26 15:50:57,474 - INFO - evaluating now!
2026-05-26 15:50:58,231 - INFO - Epoch [37/50] train_loss: 0.0877, val_loss: 0.0935, lr: 0.000331, 9.12s
2026-05-26 15:51:06,603 - INFO - epoch complete!
2026-05-26 15:51:06,603 - INFO - evaluating now!
2026-05-26 15:51:07,361 - INFO - Epoch [38/50] train_loss: 0.0907, val_loss: 0.0894, lr: 0.000412, 9.13s
2026-05-26 15:51:07,410 - INFO - Saved model at 38
2026-05-26 15:51:07,411 - INFO - Val loss decrease from 0.0917 to 0.0894, saving to /home/lizhuoxuan/lzq/Bigscity-LibCity-master/outputs/20260526_154502__traffic_state_pred__final_new__PEMSD4/model_cache/final_new_PEMSD4_epoch38.tar
2026-05-26 15:51:15,783 - INFO - epoch complete!
2026-05-26 15:51:15,784 - INFO - evaluating now!
2026-05-26 15:51:16,547 - INFO - Epoch [39/50] train_loss: 0.0932, val_loss: 0.0930, lr: 0.000500, 9.14s
2026-05-26 15:51:24,938 - INFO - epoch complete!
2026-05-26 15:51:24,939 - INFO - evaluating now!
2026-05-26 15:51:25,690 - INFO - Epoch [40/50] train_loss: 0.0888, val_loss: 0.0892, lr: 0.000593, 9.14s
2026-05-26 15:51:25,736 - INFO - Saved model at 40
2026-05-26 15:51:25,737 - INFO - Val loss decrease from 0.0894 to 0.0892, saving to /home/lizhuoxuan/lzq/Bigscity-LibCity-master/outputs/20260526_154502__traffic_state_pred__final_new__PEMSD4/model_cache/final_new_PEMSD4_epoch40.tar
2026-05-26 15:51:34,134 - INFO - epoch complete!
2026-05-26 15:51:34,134 - INFO - evaluating now!
2026-05-26 15:51:34,891 - INFO - Epoch [41/50] train_loss: 0.0872, val_loss: 0.0984, lr: 0.000691, 9.15s
2026-05-26 15:51:43,421 - INFO - epoch complete!
2026-05-26 15:51:43,421 - INFO - evaluating now!
2026-05-26 15:51:44,194 - INFO - Epoch [42/50] train_loss: 0.0882, val_loss: 0.0952, lr: 0.000792, 9.30s
2026-05-26 15:51:52,588 - INFO - epoch complete!
2026-05-26 15:51:52,588 - INFO - evaluating now!
2026-05-26 15:51:53,341 - INFO - Epoch [43/50] train_loss: 0.0898, val_loss: 0.1050, lr: 0.000895, 9.15s
2026-05-26 15:52:01,740 - INFO - epoch complete!
2026-05-26 15:52:01,740 - INFO - evaluating now!
2026-05-26 15:52:02,494 - INFO - Epoch [44/50] train_loss: 0.0885, val_loss: 0.0898, lr: 0.001000, 9.15s
2026-05-26 15:52:10,892 - INFO - epoch complete!
2026-05-26 15:52:10,893 - INFO - evaluating now!
2026-05-26 15:52:11,650 - INFO - Epoch [45/50] train_loss: 0.0898, val_loss: 0.1002, lr: 0.001105, 9.16s
2026-05-26 15:52:20,037 - INFO - epoch complete!
2026-05-26 15:52:20,038 - INFO - evaluating now!
2026-05-26 15:52:20,791 - INFO - Epoch [46/50] train_loss: 0.0862, val_loss: 0.0965, lr: 0.001208, 9.14s
2026-05-26 15:52:29,207 - INFO - epoch complete!
2026-05-26 15:52:29,207 - INFO - evaluating now!
2026-05-26 15:52:29,965 - INFO - Epoch [47/50] train_loss: 0.0876, val_loss: 0.1101, lr: 0.001309, 9.17s
2026-05-26 15:52:38,369 - INFO - epoch complete!
2026-05-26 15:52:38,369 - INFO - evaluating now!
2026-05-26 15:52:39,123 - INFO - Epoch [48/50] train_loss: 0.0900, val_loss: 0.1362, lr: 0.001407, 9.16s
2026-05-26 15:52:47,534 - INFO - epoch complete!
2026-05-26 15:52:47,534 - INFO - evaluating now!
2026-05-26 15:52:48,301 - INFO - Epoch [49/50] train_loss: 0.1188, val_loss: 0.1273, lr: 0.001500, 9.18s
2026-05-26 15:52:48,301 - INFO - Trained totally 50 epochs, average train time is 8.346s, average eval time is 0.758s
2026-05-26 15:52:48,427 - INFO - Loaded model at 40
2026-05-26 15:52:48,428 - INFO - Saved model at /home/lizhuoxuan/lzq/Bigscity-LibCity-master/outputs/20260526_154502__traffic_state_pred__final_new__PEMSD4/model_cache/final_new_PEMSD4.m
2026-05-26 15:52:48,479 - INFO - Start evaluating ...
