2026-05-08 12:30:54,902 - INFO - Log directory: /home/lizhuoxuan/lzq/Bigscity-LibCity-master/outputs/20260508_123054__traffic_state_pred__new_diffusion_fuzzy__PEMSD4/logs
2026-05-08 12:30:54,916 - INFO - Log directory: /home/lizhuoxuan/lzq/Bigscity-LibCity-master/outputs/20260508_123054__traffic_state_pred__new_diffusion_fuzzy__PEMSD4/logs
2026-05-08 12:31:05,683 - INFO - You select `adamw` optimizer.
2026-05-08 12:31:05,684 - INFO - You select `cosineannealinglr` lr_scheduler.
2026-05-08 12:31:05,684 - WARNING - Received none train loss func and will use the loss func defined in the model.
2026-05-08 12:31:05,684 - INFO - Start training ...
2026-05-08 12:31:05,684 - INFO - num_batches:80
2026-05-08 12:31:05,688 - INFO - You select `adamw` optimizer.
2026-05-08 12:31:05,689 - INFO - You select `cosineannealinglr` lr_scheduler.
2026-05-08 12:31:05,689 - WARNING - Received none train loss func and will use the loss func defined in the model.
2026-05-08 12:31:05,689 - INFO - Start training ...
2026-05-08 12:31:05,689 - INFO - num_batches:80
2026-05-08 12:31:05,892 - INFO - Enable physics warmup: steps=3000 start_ratio=0.200 mode=linear.
2026-05-08 12:31:05,969 - INFO - Enable physics warmup: steps=3000 start_ratio=0.200 mode=linear.
2026-05-08 12:31:24,440 - INFO - epoch complete!
2026-05-08 12:31:24,441 - INFO - evaluating now!
2026-05-08 12:31:24,440 - INFO - epoch complete!
2026-05-08 12:31:24,441 - INFO - evaluating now!
2026-05-08 12:31:26,616 - INFO - Epoch [0/10] train_loss: 2.0097, val_loss: 0.7100, lr: 0.001000, 20.93s
2026-05-08 12:31:26,630 - INFO - Epoch [0/10] train_loss: 2.0000, val_loss: 0.7110, lr: 0.001000, 20.95s
2026-05-08 12:31:27,193 - INFO - Saved model at 0
2026-05-08 12:31:27,194 - INFO - Saved model at 0
2026-05-08 12:31:27,194 - INFO - Val loss decrease from inf to 0.7100, saving to /home/lizhuoxuan/lzq/Bigscity-LibCity-master/outputs/20260508_123054__traffic_state_pred__new_diffusion_fuzzy__PEMSD4/model_cache/new_diffusion_fuzzy_PEMSD4_epoch0.tar
2026-05-08 12:31:27,194 - INFO - Val loss decrease from inf to 0.7110, saving to /home/lizhuoxuan/lzq/Bigscity-LibCity-master/outputs/20260508_123054__traffic_state_pred__new_diffusion_fuzzy__PEMSD4/model_cache/new_diffusion_fuzzy_PEMSD4_epoch0.tar
2026-05-08 12:31:45,434 - INFO - epoch complete!
2026-05-08 12:31:45,434 - INFO - epoch complete!
2026-05-08 12:31:45,434 - INFO - evaluating now!
2026-05-08 12:31:45,435 - INFO - evaluating now!
2026-05-08 12:31:47,609 - INFO - Epoch [1/10] train_loss: 0.7560, val_loss: 0.7217, lr: 0.000999, 20.41s
2026-05-08 12:31:47,617 - INFO - Epoch [1/10] train_loss: 0.7509, val_loss: 0.7223, lr: 0.000999, 20.42s
2026-05-08 12:32:05,910 - INFO - epoch complete!
2026-05-08 12:32:05,911 - INFO - evaluating now!
2026-05-08 12:32:05,911 - INFO - epoch complete!
2026-05-08 12:32:05,912 - INFO - evaluating now!
2026-05-08 12:32:08,093 - INFO - Epoch [2/10] train_loss: 0.6640, val_loss: 0.5256, lr: 0.000998, 20.48s
2026-05-08 12:32:08,105 - INFO - Epoch [2/10] train_loss: 0.6701, val_loss: 0.5252, lr: 0.000998, 20.49s
2026-05-08 12:32:08,646 - INFO - Saved model at 2
2026-05-08 12:32:08,646 - INFO - Val loss decrease from 0.7100 to 0.5256, saving to /home/lizhuoxuan/lzq/Bigscity-LibCity-master/outputs/20260508_123054__traffic_state_pred__new_diffusion_fuzzy__PEMSD4/model_cache/new_diffusion_fuzzy_PEMSD4_epoch2.tar
2026-05-08 12:32:08,670 - INFO - Saved model at 2
2026-05-08 12:32:08,671 - INFO - Val loss decrease from 0.7110 to 0.5252, saving to /home/lizhuoxuan/lzq/Bigscity-LibCity-master/outputs/20260508_123054__traffic_state_pred__new_diffusion_fuzzy__PEMSD4/model_cache/new_diffusion_fuzzy_PEMSD4_epoch2.tar
2026-05-08 12:32:26,966 - INFO - epoch complete!
2026-05-08 12:32:26,966 - INFO - evaluating now!
2026-05-08 12:32:26,966 - INFO - epoch complete!
2026-05-08 12:32:26,966 - INFO - evaluating now!
2026-05-08 12:32:29,144 - INFO - Epoch [3/10] train_loss: 0.5802, val_loss: 0.5898, lr: 0.000996, 20.50s
2026-05-08 12:32:29,157 - INFO - Epoch [3/10] train_loss: 0.5838, val_loss: 0.5903, lr: 0.000996, 20.49s
2026-05-08 12:32:47,503 - INFO - epoch complete!
2026-05-08 12:32:47,503 - INFO - evaluating now!
2026-05-08 12:32:47,503 - INFO - epoch complete!
2026-05-08 12:32:47,504 - INFO - evaluating now!
2026-05-08 12:32:49,685 - INFO - Epoch [4/10] train_loss: 0.5374, val_loss: 0.4976, lr: 0.000994, 20.54s
2026-05-08 12:32:49,698 - INFO - Epoch [4/10] train_loss: 0.5382, val_loss: 0.4980, lr: 0.000994, 20.54s
2026-05-08 12:32:50,230 - INFO - Saved model at 4
2026-05-08 12:32:50,230 - INFO - Saved model at 4
2026-05-08 12:32:50,231 - INFO - Val loss decrease from 0.5252 to 0.4980, saving to /home/lizhuoxuan/lzq/Bigscity-LibCity-master/outputs/20260508_123054__traffic_state_pred__new_diffusion_fuzzy__PEMSD4/model_cache/new_diffusion_fuzzy_PEMSD4_epoch4.tar
2026-05-08 12:32:50,231 - INFO - Val loss decrease from 0.5256 to 0.4976, saving to /home/lizhuoxuan/lzq/Bigscity-LibCity-master/outputs/20260508_123054__traffic_state_pred__new_diffusion_fuzzy__PEMSD4/model_cache/new_diffusion_fuzzy_PEMSD4_epoch4.tar
2026-05-08 12:33:08,571 - INFO - epoch complete!
2026-05-08 12:33:08,572 - INFO - evaluating now!
2026-05-08 12:33:08,572 - INFO - epoch complete!
2026-05-08 12:33:08,572 - INFO - evaluating now!
2026-05-08 12:33:10,757 - INFO - Epoch [5/10] train_loss: 0.5253, val_loss: 0.5332, lr: 0.000991, 20.53s
2026-05-08 12:33:10,768 - INFO - Epoch [5/10] train_loss: 0.5175, val_loss: 0.5332, lr: 0.000991, 20.54s
2026-05-08 12:33:29,152 - INFO - epoch complete!
2026-05-08 12:33:29,152 - INFO - evaluating now!
2026-05-08 12:33:29,152 - INFO - epoch complete!
2026-05-08 12:33:29,153 - INFO - evaluating now!
2026-05-08 12:33:31,340 - INFO - Epoch [6/10] train_loss: 0.5131, val_loss: 0.4953, lr: 0.000988, 20.58s
2026-05-08 12:33:31,350 - INFO - Epoch [6/10] train_loss: 0.5044, val_loss: 0.4954, lr: 0.000988, 20.58s
2026-05-08 12:33:31,809 - INFO - Saved model at 6
2026-05-08 12:33:31,810 - INFO - Val loss decrease from 0.4976 to 0.4953, saving to /home/lizhuoxuan/lzq/Bigscity-LibCity-master/outputs/20260508_123054__traffic_state_pred__new_diffusion_fuzzy__PEMSD4/model_cache/new_diffusion_fuzzy_PEMSD4_epoch6.tar
2026-05-08 12:33:31,896 - INFO - Saved model at 6
2026-05-08 12:33:31,897 - INFO - Val loss decrease from 0.4980 to 0.4954, saving to /home/lizhuoxuan/lzq/Bigscity-LibCity-master/outputs/20260508_123054__traffic_state_pred__new_diffusion_fuzzy__PEMSD4/model_cache/new_diffusion_fuzzy_PEMSD4_epoch6.tar
2026-05-08 12:33:50,320 - INFO - epoch complete!
2026-05-08 12:33:50,320 - INFO - evaluating now!
2026-05-08 12:33:50,320 - INFO - epoch complete!
2026-05-08 12:33:50,380 - INFO - evaluating now!
2026-05-08 12:33:52,537 - INFO - Epoch [7/10] train_loss: 0.4723, val_loss: 0.5083, lr: 0.000984, 20.73s
2026-05-08 12:33:52,547 - INFO - Epoch [7/10] train_loss: 0.4651, val_loss: 0.5079, lr: 0.000984, 20.65s
2026-05-08 12:34:11,041 - INFO - epoch complete!
2026-05-08 12:34:11,041 - INFO - evaluating now!
2026-05-08 12:34:11,042 - INFO - epoch complete!
2026-05-08 12:34:11,042 - INFO - evaluating now!
2026-05-08 12:34:13,227 - INFO - Epoch [8/10] train_loss: 0.4604, val_loss: 0.4042, lr: 0.000980, 20.69s
2026-05-08 12:34:13,242 - INFO - Epoch [8/10] train_loss: 0.4660, val_loss: 0.4045, lr: 0.000980, 20.69s
2026-05-08 12:34:13,634 - INFO - Saved model at 8
2026-05-08 12:34:13,634 - INFO - Val loss decrease from 0.4954 to 0.4045, saving to /home/lizhuoxuan/lzq/Bigscity-LibCity-master/outputs/20260508_123054__traffic_state_pred__new_diffusion_fuzzy__PEMSD4/model_cache/new_diffusion_fuzzy_PEMSD4_epoch8.tar
2026-05-08 12:34:13,634 - INFO - Saved model at 8
2026-05-08 12:34:13,635 - INFO - Val loss decrease from 0.4953 to 0.4042, saving to /home/lizhuoxuan/lzq/Bigscity-LibCity-master/outputs/20260508_123054__traffic_state_pred__new_diffusion_fuzzy__PEMSD4/model_cache/new_diffusion_fuzzy_PEMSD4_epoch8.tar
2026-05-08 12:34:32,191 - INFO - epoch complete!
2026-05-08 12:34:32,192 - INFO - evaluating now!
2026-05-08 12:34:32,192 - INFO - epoch complete!
2026-05-08 12:34:32,193 - INFO - evaluating now!
2026-05-08 12:34:34,379 - INFO - Epoch [9/10] train_loss: 0.5094, val_loss: 0.5069, lr: 0.000976, 20.74s
2026-05-08 12:34:34,379 - INFO - Trained totally 10 epochs, average train time is 18.428s, average eval time is 2.179s
2026-05-08 12:34:34,393 - INFO - Epoch [9/10] train_loss: 0.5113, val_loss: 0.5071, lr: 0.000976, 20.76s
2026-05-08 12:34:34,394 - INFO - Trained totally 10 epochs, average train time is 18.413s, average eval time is 2.191s
2026-05-08 12:34:34,496 - INFO - Loaded model at 8
2026-05-08 12:34:34,506 - INFO - Loaded model at 8
