2026-05-07 22:56:19,768 - INFO - Log directory: /home/lizhuoxuan/lzq/Bigscity-LibCity-master/outputs/20260507_225619__traffic_state_pred__new_diffusion_fuzzy__PEMSD4/logs
2026-05-07 22:56:19,778 - INFO - Log directory: /home/lizhuoxuan/lzq/Bigscity-LibCity-master/outputs/20260507_225619__traffic_state_pred__new_diffusion_fuzzy__PEMSD4/logs
2026-05-07 22:56:30,813 - INFO - You select `adamw` optimizer.
2026-05-07 22:56:30,814 - INFO - You select `multisteplr` lr_scheduler.
2026-05-07 22:56:30,814 - WARNING - Received none train loss func and will use the loss func defined in the model.
2026-05-07 22:56:30,814 - INFO - Start training ...
2026-05-07 22:56:30,814 - INFO - num_batches:40
2026-05-07 22:56:30,816 - INFO - You select `adamw` optimizer.
2026-05-07 22:56:30,817 - INFO - You select `multisteplr` lr_scheduler.
2026-05-07 22:56:30,817 - WARNING - Received none train loss func and will use the loss func defined in the model.
2026-05-07 22:56:30,817 - INFO - Start training ...
2026-05-07 22:56:30,817 - INFO - num_batches:40
2026-05-07 22:56:31,048 - INFO - Enable physics warmup: steps=3000 start_ratio=0.200 mode=linear.
2026-05-07 22:56:31,052 - INFO - Enable physics warmup: steps=3000 start_ratio=0.200 mode=linear.
2026-05-07 22:57:02,778 - INFO - epoch complete!
2026-05-07 22:57:02,778 - INFO - evaluating now!
2026-05-07 22:57:02,882 - INFO - epoch complete!
2026-05-07 22:57:02,883 - INFO - evaluating now!
2026-05-07 22:57:06,093 - INFO - Epoch [0/5] train_loss: 1.2728, val_loss: 1.0025, lr: 0.004000, 35.28s
2026-05-07 22:57:06,139 - INFO - Saved model at 0
2026-05-07 22:57:06,139 - INFO - Val loss decrease from inf to 1.0025, saving to /home/lizhuoxuan/lzq/Bigscity-LibCity-master/outputs/20260507_225619__traffic_state_pred__new_diffusion_fuzzy__PEMSD4/model_cache/new_diffusion_fuzzy_PEMSD4_epoch0.tar
2026-05-07 22:57:06,209 - INFO - Epoch [0/5] train_loss: 1.2836, val_loss: 1.0031, lr: 0.004000, 35.39s
2026-05-07 22:57:06,569 - INFO - Saved model at 0
2026-05-07 22:57:06,570 - INFO - Val loss decrease from inf to 1.0031, saving to /home/lizhuoxuan/lzq/Bigscity-LibCity-master/outputs/20260507_225619__traffic_state_pred__new_diffusion_fuzzy__PEMSD4/model_cache/new_diffusion_fuzzy_PEMSD4_epoch0.tar
2026-05-07 22:57:37,720 - INFO - epoch complete!
2026-05-07 22:57:37,720 - INFO - evaluating now!
2026-05-07 22:57:38,307 - INFO - epoch complete!
2026-05-07 22:57:38,307 - INFO - evaluating now!
2026-05-07 22:57:41,043 - INFO - Epoch [1/5] train_loss: 1.0034, val_loss: 0.9995, lr: 0.004000, 34.90s
2026-05-07 22:57:41,086 - INFO - Saved model at 1
2026-05-07 22:57:41,086 - INFO - Val loss decrease from 1.0025 to 0.9995, saving to /home/lizhuoxuan/lzq/Bigscity-LibCity-master/outputs/20260507_225619__traffic_state_pred__new_diffusion_fuzzy__PEMSD4/model_cache/new_diffusion_fuzzy_PEMSD4_epoch1.tar
2026-05-07 22:57:41,650 - INFO - Epoch [1/5] train_loss: 1.0032, val_loss: 0.9995, lr: 0.004000, 35.08s
2026-05-07 22:57:41,916 - INFO - Saved model at 1
2026-05-07 22:57:41,916 - INFO - Val loss decrease from 1.0031 to 0.9995, saving to /home/lizhuoxuan/lzq/Bigscity-LibCity-master/outputs/20260507_225619__traffic_state_pred__new_diffusion_fuzzy__PEMSD4/model_cache/new_diffusion_fuzzy_PEMSD4_epoch1.tar
2026-05-07 22:58:12,732 - INFO - epoch complete!
2026-05-07 22:58:12,732 - INFO - evaluating now!
2026-05-07 22:58:13,769 - INFO - epoch complete!
2026-05-07 22:58:13,769 - INFO - evaluating now!
2026-05-07 22:58:16,057 - INFO - Epoch [2/5] train_loss: 1.0012, val_loss: 1.0007, lr: 0.004000, 34.97s
2026-05-07 22:58:17,115 - INFO - Epoch [2/5] train_loss: 1.0012, val_loss: 1.0007, lr: 0.004000, 35.20s
2026-05-07 22:58:47,726 - INFO - epoch complete!
2026-05-07 22:58:47,726 - INFO - evaluating now!
2026-05-07 22:58:49,000 - INFO - epoch complete!
2026-05-07 22:58:49,000 - INFO - evaluating now!
2026-05-07 22:58:51,051 - INFO - Epoch [3/5] train_loss: 1.0006, val_loss: 0.9997, lr: 0.004000, 34.99s
2026-05-07 22:58:52,350 - INFO - Epoch [3/5] train_loss: 1.0006, val_loss: 0.9998, lr: 0.004000, 35.23s
2026-05-07 22:59:22,717 - INFO - epoch complete!
2026-05-07 22:59:22,718 - INFO - evaluating now!
2026-05-07 22:59:24,262 - INFO - epoch complete!
2026-05-07 22:59:24,262 - INFO - evaluating now!
2026-05-07 22:59:26,042 - INFO - Epoch [4/5] train_loss: 1.0003, val_loss: 0.9994, lr: 0.004000, 34.99s
2026-05-07 22:59:26,085 - INFO - Saved model at 4
2026-05-07 22:59:26,085 - INFO - Val loss decrease from 0.9995 to 0.9994, saving to /home/lizhuoxuan/lzq/Bigscity-LibCity-master/outputs/20260507_225619__traffic_state_pred__new_diffusion_fuzzy__PEMSD4/model_cache/new_diffusion_fuzzy_PEMSD4_epoch4.tar
2026-05-07 22:59:26,085 - INFO - Trained totally 5 epochs, average train time is 31.705s, average eval time is 3.322s
2026-05-07 22:59:26,191 - INFO - Loaded model at 4
2026-05-07 22:59:27,617 - INFO - Epoch [4/5] train_loss: 1.0002, val_loss: 0.9994, lr: 0.004000, 35.27s
2026-05-07 22:59:27,873 - INFO - Saved model at 4
2026-05-07 22:59:27,874 - INFO - Val loss decrease from 0.9995 to 0.9994, saving to /home/lizhuoxuan/lzq/Bigscity-LibCity-master/outputs/20260507_225619__traffic_state_pred__new_diffusion_fuzzy__PEMSD4/model_cache/new_diffusion_fuzzy_PEMSD4_epoch4.tar
2026-05-07 22:59:27,874 - INFO - Trained totally 5 epochs, average train time is 31.890s, average eval time is 3.344s
2026-05-07 22:59:27,984 - INFO - Loaded model at 4
