2026-06-04 12:41:13,372 - INFO - Log directory: D:\a_code\A_Agent\projects\LibCity\outputs\20260604_124113__traffic_state_pred__final_3_type2__PEMSD4\logs
2026-06-04 12:41:13,372 - INFO - Begin artifact training pipeline, task=traffic_state_pred, model_name=final_3_type2, dataset_name=PEMSD4, exp_id=20260604_124113__traffic_state_pred__final_3_type2__PEMSD4
2026-06-04 12:41:13,372 - INFO - {'task': 'traffic_state_pred', 'model': 'final_3_type2', 'dataset': 'PEMSD4', 'saved_model': True, 'train': True, 'seed': 42, 'gpu': True, 'gpu_id': 0, 'train_rate': 0.6, 'eval_rate': 0.2, 'batch_size': 64, 'learning_rate': 0.0005, 'max_epoch': 10, 'dataset_class': 'TrafficStatePointDataset', 'executor': 'FinalNewExecutor3_Type2', 'evaluator': 'TrafficStateEvaluator', 'band_center_init': 1.1, 'band_width_init': 0.7, 'calculate_weight_adj': True, 'cell_blend_init': 0, 'conservation_loss_weight': 0.1, 'conservation_steps_per_epoch': 80, 'conservation_warmup_epochs': 5, 'data_col': ['traffic_speed'], 'data_files': ['PEMSD4'], 'decoder_layers': 2, 'device': device(type='cuda', index=0), 'disturb_rate': 0.5, 'dropout': 0.1, 'dyna': {'including_types': ['state'], 'state': {'entity_id': 'geo_id', 'traffic_speed': 'num'}}, 'encoder_layers': 2, 'entropy_scale': 0.1, 'eval_batch_size': 64, 'evaluator_mode': 'single', 'ffn_hidden_dim': 128, 'fir_mode': 'lukasiewicz', 'fou_entropy_align_weight': 0.01, 'fuzzy_num_sets': 4, 'geo': {'including_types': ['Point'], 'Point': {}}, 'geo_file': 'PEMSD4', 'graph_k_hop': 2, 'hidden_dim': 96, 'init_weight_inf_or_zero': 'inf', 'is_distributed': False, 'metrics': ['MAE', 'MAPE', 'MSE', 'RMSE', 'masked_MAE', 'masked_MAPE', 'masked_MSE', 'masked_RMSE', 'R2', 'EVAR'], 'noise_SD': [10], 'noise_mean': [5], 'noise_type': 'gaussian', 'num_cells': 8, 'num_heads': 2, 'num_workers': 0, 'output_dim': 1, 'pad_with_last_sample': True, 'physics_channel_idx': 0, 'rank': 0, 'region_transformer_layers': 1, 'rel': {'including_types': ['geo'], 'geo': {'cost': 'num'}}, 'rel_file': 'PEMSD4', 'robustness_test': False, 'save_mode': ['csv'], 'semantic_closure_hops': 3, 'set_weight_link_or_dist': 'dist', 'sparsification_epsilon': 0.05, 'time_intervals': 300, 'type2_fou_gate_scale': 1, 'type2_graph_mode': 'mid', 'use_amp': True, 'use_entropy_dynamic_graph': True, 'use_entropy_fir_weight': True, 'use_fou_entropy_modulation': True, 'use_fuzzy_routing': True, 'use_fuzzy_sparsification': True, 'use_gradient_checkpointing': False, 'use_semantic_closure': True, 'use_temporal_position_embedding': True, 'use_type2_fuzzy': True, 'weight_adj_epsilon': 0.1, 'weight_col': 'cost', 'world_size': 1, 'clip_grad_norm': True, 'epoch': 0, 'learner': 'adamw', 'load_best_epoch': True, 'log_every': 1, 'lr_decay': True, 'lr_decay_ratio': 0.5, 'lr_patience': 5, 'lr_scheduler': 'reducelronplateau', 'lr_threshold': 0.001, 'max_grad_norm': 3, 'patience': 10, 'train_loss': 'none', 'use_early_stop': True, 'weight_decay': 0.0001, 'data_version_id': 'dv_1780547921_ad37021a', 'input_window': 12, 'output_window': 12, 'scaler': 'standard', 'load_external': False, 'normal_external': False, 'add_time_in_day': True, 'add_day_in_week': True, 'cache_dataset': True, 'ext_scaler': 'none', 'exp_id': '20260604_124113__traffic_state_pred__final_3_type2__PEMSD4'}
2026-06-04 12:41:28,427 - INFO - NewFuzzyCellAttention3_Type2(
  (fuzzy_graph): FuzzyRelationalGraphLearner(
    (raw_projection): Linear(in_features=9, out_features=96, bias=True)
    (feature_to_membership): Sequential(
      (0): Linear(in_features=96, out_features=48, bias=True)
      (1): GELU(approximate='none')
      (2): Linear(in_features=48, out_features=4, bias=True)
    )
  )
  (condition_encoder): STEncoder(
    (input_projection): Linear(in_features=9, out_features=96, bias=True)
    (blocks): ModuleList(
      (0-1): 2 x STEncoderBlock(
        (temporal_attention): MultiHeadAttention(
          (query_projection): Linear(in_features=96, out_features=96, bias=True)
          (key_projection): Linear(in_features=96, out_features=96, bias=True)
          (value_projection): Linear(in_features=96, out_features=96, bias=True)
          (output_projection): Linear(in_features=96, out_features=96, bias=True)
          (dropout): Dropout(p=0.1, inplace=False)
        )
        (graph_convolution): FuzzyGraphConvolution(
          (projections): ModuleList(
            (0-2): 3 x Linear(in_features=96, out_features=96, bias=True)
          )
        )
        (feed_forward): FeedForwardNetwork(
          (network): Sequential(
            (0): Linear(in_features=96, out_features=128, bias=True)
            (1): GELU(approximate='none')
            (2): Dropout(p=0.1, inplace=False)
            (3): Linear(in_features=128, out_features=96, bias=True)
            (4): Dropout(p=0.1, inplace=False)
          )
        )
        (norm_temporal): LayerNorm((96,), eps=1e-05, elementwise_affine=True)
        (norm_graph): LayerNorm((96,), eps=1e-05, elementwise_affine=True)
        (norm_ffn): LayerNorm((96,), eps=1e-05, elementwise_affine=True)
        (dropout): Dropout(p=0.1, inplace=False)
        (cell_attention): FuzzyCellAttention(
          (cell_transform): Linear(in_features=96, out_features=96, bias=True)
          (output_projection): Linear(in_features=96, out_features=96, bias=True)
          (region_transformer): RegionTransformer(
            (self_attn): MultiHeadAttention(
              (query_projection): Linear(in_features=96, out_features=96, bias=True)
              (key_projection): Linear(in_features=96, out_features=96, bias=True)
              (value_projection): Linear(in_features=96, out_features=96, bias=True)
              (output_projection): Linear(in_features=96, out_features=96, bias=True)
              (dropout): Dropout(p=0.1, inplace=False)
            )
            (ffn): FeedForwardNetwork(
              (network): Sequential(
                (0): Linear(in_features=96, out_features=192, bias=True)
                (1): GELU(approximate='none')
                (2): Dropout(p=0.1, inplace=False)
                (3): Linear(in_features=192, out_features=96, bias=True)
                (4): Dropout(p=0.1, inplace=False)
              )
            )
            (norm1): LayerNorm((96,), eps=1e-05, elementwise_affine=True)
            (norm2): LayerNorm((96,), eps=1e-05, elementwise_affine=True)
            (dropout): Dropout(p=0.1, inplace=False)
          )
          (fuzzy_to_cell): Linear(in_features=4, out_features=8, bias=True)
        )
        (norm_cell): LayerNorm((96,), eps=1e-05, elementwise_affine=True)
      )
    )
    (final_norm): LayerNorm((96,), eps=1e-05, elementwise_affine=True)
  )
  (future_decoder): FutureDecoder(
    (blocks): ModuleList(
      (0-1): 2 x DecoderBlock(
        (temporal_attention): MultiHeadAttention(
          (query_projection): Linear(in_features=96, out_features=96, bias=True)
          (key_projection): Linear(in_features=96, out_features=96, bias=True)
          (value_projection): Linear(in_features=96, out_features=96, bias=True)
          (output_projection): Linear(in_features=96, out_features=96, bias=True)
          (dropout): Dropout(p=0.1, inplace=False)
        )
        (graph_convolution): FuzzyGraphConvolution(
          (projections): ModuleList(
            (0-2): 3 x Linear(in_features=96, out_features=96, bias=True)
          )
        )
        (cross_attention): MultiHeadAttention(
          (query_projection): Linear(in_features=96, out_features=96, bias=True)
          (key_projection): Linear(in_features=96, out_features=96, bias=True)
          (value_projection): Linear(in_features=96, out_features=96, bias=True)
          (output_projection): Linear(in_features=96, out_features=96, bias=True)
          (dropout): Dropout(p=0.1, inplace=False)
        )
        (feed_forward): FeedForwardNetwork(
          (network): Sequential(
            (0): Linear(in_features=96, out_features=128, bias=True)
            (1): GELU(approximate='none')
            (2): Dropout(p=0.1, inplace=False)
            (3): Linear(in_features=128, out_features=96, bias=True)
            (4): Dropout(p=0.1, inplace=False)
          )
        )
        (norm_temporal): LayerNorm((96,), eps=1e-05, elementwise_affine=True)
        (norm_graph): LayerNorm((96,), eps=1e-05, elementwise_affine=True)
        (norm_cross): LayerNorm((96,), eps=1e-05, elementwise_affine=True)
        (norm_ffn): LayerNorm((96,), eps=1e-05, elementwise_affine=True)
        (dropout): Dropout(p=0.1, inplace=False)
        (cell_attention): FuzzyCellAttention(
          (cell_transform): Linear(in_features=96, out_features=96, bias=True)
          (output_projection): Linear(in_features=96, out_features=96, bias=True)
          (region_transformer): RegionTransformer(
            (self_attn): MultiHeadAttention(
              (query_projection): Linear(in_features=96, out_features=96, bias=True)
              (key_projection): Linear(in_features=96, out_features=96, bias=True)
              (value_projection): Linear(in_features=96, out_features=96, bias=True)
              (output_projection): Linear(in_features=96, out_features=96, bias=True)
              (dropout): Dropout(p=0.1, inplace=False)
            )
            (ffn): FeedForwardNetwork(
              (network): Sequential(
                (0): Linear(in_features=96, out_features=192, bias=True)
                (1): GELU(approximate='none')
                (2): Dropout(p=0.1, inplace=False)
                (3): Linear(in_features=192, out_features=96, bias=True)
                (4): Dropout(p=0.1, inplace=False)
              )
            )
            (norm1): LayerNorm((96,), eps=1e-05, elementwise_affine=True)
            (norm2): LayerNorm((96,), eps=1e-05, elementwise_affine=True)
            (dropout): Dropout(p=0.1, inplace=False)
          )
          (fuzzy_to_cell): Linear(in_features=4, out_features=8, bias=True)
        )
        (norm_cell): LayerNorm((96,), eps=1e-05, elementwise_affine=True)
      )
    )
    (final_norm): LayerNorm((96,), eps=1e-05, elementwise_affine=True)
    (output_projection): Linear(in_features=96, out_features=1, bias=True)
  )
)
2026-06-04 12:41:28,430 - INFO - fuzzy_graph.base_membership_lower	torch.Size([307, 4])	cuda:0	True
2026-06-04 12:41:28,430 - INFO - fuzzy_graph.base_membership_delta	torch.Size([307, 4])	cuda:0	True
2026-06-04 12:41:28,430 - INFO - fuzzy_graph.blend_logit	torch.Size([])	cuda:0	True
2026-06-04 12:41:28,430 - INFO - fuzzy_graph.raw_projection.weight	torch.Size([96, 9])	cuda:0	True
2026-06-04 12:41:28,430 - INFO - fuzzy_graph.raw_projection.bias	torch.Size([96])	cuda:0	True
2026-06-04 12:41:28,430 - INFO - fuzzy_graph.feature_to_membership.0.weight	torch.Size([48, 96])	cuda:0	True
2026-06-04 12:41:28,430 - INFO - fuzzy_graph.feature_to_membership.0.bias	torch.Size([48])	cuda:0	True
2026-06-04 12:41:28,430 - INFO - fuzzy_graph.feature_to_membership.2.weight	torch.Size([4, 48])	cuda:0	True
2026-06-04 12:41:28,430 - INFO - fuzzy_graph.feature_to_membership.2.bias	torch.Size([4])	cuda:0	True
2026-06-04 12:41:28,430 - INFO - condition_encoder.temporal_position_embedding	torch.Size([1, 12, 1, 96])	cuda:0	True
2026-06-04 12:41:28,430 - INFO - condition_encoder.input_projection.weight	torch.Size([96, 9])	cuda:0	True
2026-06-04 12:41:28,430 - INFO - condition_encoder.input_projection.bias	torch.Size([96])	cuda:0	True
2026-06-04 12:41:28,430 - INFO - condition_encoder.blocks.0.temporal_attention.query_projection.weight	torch.Size([96, 96])	cuda:0	True
2026-06-04 12:41:28,430 - INFO - condition_encoder.blocks.0.temporal_attention.query_projection.bias	torch.Size([96])	cuda:0	True
2026-06-04 12:41:28,432 - INFO - condition_encoder.blocks.0.temporal_attention.key_projection.weight	torch.Size([96, 96])	cuda:0	True
2026-06-04 12:41:28,432 - INFO - condition_encoder.blocks.0.temporal_attention.key_projection.bias	torch.Size([96])	cuda:0	True
2026-06-04 12:41:28,432 - INFO - condition_encoder.blocks.0.temporal_attention.value_projection.weight	torch.Size([96, 96])	cuda:0	True
2026-06-04 12:41:28,432 - INFO - condition_encoder.blocks.0.temporal_attention.value_projection.bias	torch.Size([96])	cuda:0	True
2026-06-04 12:41:28,432 - INFO - condition_encoder.blocks.0.temporal_attention.output_projection.weight	torch.Size([96, 96])	cuda:0	True
2026-06-04 12:41:28,432 - INFO - condition_encoder.blocks.0.temporal_attention.output_projection.bias	torch.Size([96])	cuda:0	True
2026-06-04 12:41:28,432 - INFO - condition_encoder.blocks.0.graph_convolution.projections.0.weight	torch.Size([96, 96])	cuda:0	True
2026-06-04 12:41:28,432 - INFO - condition_encoder.blocks.0.graph_convolution.projections.0.bias	torch.Size([96])	cuda:0	True
2026-06-04 12:41:28,432 - INFO - condition_encoder.blocks.0.graph_convolution.projections.1.weight	torch.Size([96, 96])	cuda:0	True
2026-06-04 12:41:28,432 - INFO - condition_encoder.blocks.0.graph_convolution.projections.1.bias	torch.Size([96])	cuda:0	True
2026-06-04 12:41:28,432 - INFO - condition_encoder.blocks.0.graph_convolution.projections.2.weight	torch.Size([96, 96])	cuda:0	True
2026-06-04 12:41:28,432 - INFO - condition_encoder.blocks.0.graph_convolution.projections.2.bias	torch.Size([96])	cuda:0	True
2026-06-04 12:41:28,432 - INFO - condition_encoder.blocks.0.feed_forward.network.0.weight	torch.Size([128, 96])	cuda:0	True
2026-06-04 12:41:28,432 - INFO - condition_encoder.blocks.0.feed_forward.network.0.bias	torch.Size([128])	cuda:0	True
2026-06-04 12:41:28,432 - INFO - condition_encoder.blocks.0.feed_forward.network.3.weight	torch.Size([96, 128])	cuda:0	True
2026-06-04 12:41:28,432 - INFO - condition_encoder.blocks.0.feed_forward.network.3.bias	torch.Size([96])	cuda:0	True
2026-06-04 12:41:28,432 - INFO - condition_encoder.blocks.0.norm_temporal.weight	torch.Size([96])	cuda:0	True
2026-06-04 12:41:28,432 - INFO - condition_encoder.blocks.0.norm_temporal.bias	torch.Size([96])	cuda:0	True
2026-06-04 12:41:28,432 - INFO - condition_encoder.blocks.0.norm_graph.weight	torch.Size([96])	cuda:0	True
2026-06-04 12:41:28,432 - INFO - condition_encoder.blocks.0.norm_graph.bias	torch.Size([96])	cuda:0	True
2026-06-04 12:41:28,432 - INFO - condition_encoder.blocks.0.norm_ffn.weight	torch.Size([96])	cuda:0	True
2026-06-04 12:41:28,433 - INFO - condition_encoder.blocks.0.norm_ffn.bias	torch.Size([96])	cuda:0	True
2026-06-04 12:41:28,433 - INFO - condition_encoder.blocks.0.cell_attention.region_mu	torch.Size([8, 96])	cuda:0	True
2026-06-04 12:41:28,433 - INFO - condition_encoder.blocks.0.cell_attention.region_log_sigma	torch.Size([8])	cuda:0	True
2026-06-04 12:41:28,433 - INFO - condition_encoder.blocks.0.cell_attention.log_sigma_sq	torch.Size([1])	cuda:0	True
2026-06-04 12:41:28,433 - INFO - condition_encoder.blocks.0.cell_attention.cell_blend	torch.Size([])	cuda:0	True
2026-06-04 12:41:28,433 - INFO - condition_encoder.blocks.0.cell_attention.band_center	torch.Size([])	cuda:0	True
2026-06-04 12:41:28,433 - INFO - condition_encoder.blocks.0.cell_attention.band_width_raw	torch.Size([])	cuda:0	True
2026-06-04 12:41:28,433 - INFO - condition_encoder.blocks.0.cell_attention.cell_transform.weight	torch.Size([96, 96])	cuda:0	True
2026-06-04 12:41:28,433 - INFO - condition_encoder.blocks.0.cell_attention.cell_transform.bias	torch.Size([96])	cuda:0	True
2026-06-04 12:41:28,433 - INFO - condition_encoder.blocks.0.cell_attention.output_projection.weight	torch.Size([96, 96])	cuda:0	True
2026-06-04 12:41:28,433 - INFO - condition_encoder.blocks.0.cell_attention.output_projection.bias	torch.Size([96])	cuda:0	True
2026-06-04 12:41:28,433 - INFO - condition_encoder.blocks.0.cell_attention.region_transformer.self_attn.query_projection.weight	torch.Size([96, 96])	cuda:0	True
2026-06-04 12:41:28,433 - INFO - condition_encoder.blocks.0.cell_attention.region_transformer.self_attn.query_projection.bias	torch.Size([96])	cuda:0	True
2026-06-04 12:41:28,433 - INFO - condition_encoder.blocks.0.cell_attention.region_transformer.self_attn.key_projection.weight	torch.Size([96, 96])	cuda:0	True
2026-06-04 12:41:28,433 - INFO - condition_encoder.blocks.0.cell_attention.region_transformer.self_attn.key_projection.bias	torch.Size([96])	cuda:0	True
2026-06-04 12:41:28,433 - INFO - condition_encoder.blocks.0.cell_attention.region_transformer.self_attn.value_projection.weight	torch.Size([96, 96])	cuda:0	True
2026-06-04 12:41:28,433 - INFO - condition_encoder.blocks.0.cell_attention.region_transformer.self_attn.value_projection.bias	torch.Size([96])	cuda:0	True
2026-06-04 12:41:28,433 - INFO - condition_encoder.blocks.0.cell_attention.region_transformer.self_attn.output_projection.weight	torch.Size([96, 96])	cuda:0	True
2026-06-04 12:41:28,433 - INFO - condition_encoder.blocks.0.cell_attention.region_transformer.self_attn.output_projection.bias	torch.Size([96])	cuda:0	True
2026-06-04 12:41:28,433 - INFO - condition_encoder.blocks.0.cell_attention.region_transformer.ffn.network.0.weight	torch.Size([192, 96])	cuda:0	True
2026-06-04 12:41:28,433 - INFO - condition_encoder.blocks.0.cell_attention.region_transformer.ffn.network.0.bias	torch.Size([192])	cuda:0	True
2026-06-04 12:41:28,433 - INFO - condition_encoder.blocks.0.cell_attention.region_transformer.ffn.network.3.weight	torch.Size([96, 192])	cuda:0	True
2026-06-04 12:41:28,433 - INFO - condition_encoder.blocks.0.cell_attention.region_transformer.ffn.network.3.bias	torch.Size([96])	cuda:0	True
2026-06-04 12:41:28,433 - INFO - condition_encoder.blocks.0.cell_attention.region_transformer.norm1.weight	torch.Size([96])	cuda:0	True
2026-06-04 12:41:28,433 - INFO - condition_encoder.blocks.0.cell_attention.region_transformer.norm1.bias	torch.Size([96])	cuda:0	True
2026-06-04 12:41:28,433 - INFO - condition_encoder.blocks.0.cell_attention.region_transformer.norm2.weight	torch.Size([96])	cuda:0	True
2026-06-04 12:41:28,435 - INFO - condition_encoder.blocks.0.cell_attention.region_transformer.norm2.bias	torch.Size([96])	cuda:0	True
2026-06-04 12:41:28,435 - INFO - condition_encoder.blocks.0.cell_attention.fuzzy_to_cell.weight	torch.Size([8, 4])	cuda:0	True
2026-06-04 12:41:28,435 - INFO - condition_encoder.blocks.0.cell_attention.fuzzy_to_cell.bias	torch.Size([8])	cuda:0	True
2026-06-04 12:41:28,435 - INFO - condition_encoder.blocks.0.norm_cell.weight	torch.Size([96])	cuda:0	True
2026-06-04 12:41:28,435 - INFO - condition_encoder.blocks.0.norm_cell.bias	torch.Size([96])	cuda:0	True
2026-06-04 12:41:28,435 - INFO - condition_encoder.blocks.1.temporal_attention.query_projection.weight	torch.Size([96, 96])	cuda:0	True
2026-06-04 12:41:28,435 - INFO - condition_encoder.blocks.1.temporal_attention.query_projection.bias	torch.Size([96])	cuda:0	True
2026-06-04 12:41:28,435 - INFO - condition_encoder.blocks.1.temporal_attention.key_projection.weight	torch.Size([96, 96])	cuda:0	True
2026-06-04 12:41:28,435 - INFO - condition_encoder.blocks.1.temporal_attention.key_projection.bias	torch.Size([96])	cuda:0	True
2026-06-04 12:41:28,435 - INFO - condition_encoder.blocks.1.temporal_attention.value_projection.weight	torch.Size([96, 96])	cuda:0	True
2026-06-04 12:41:28,435 - INFO - condition_encoder.blocks.1.temporal_attention.value_projection.bias	torch.Size([96])	cuda:0	True
2026-06-04 12:41:28,435 - INFO - condition_encoder.blocks.1.temporal_attention.output_projection.weight	torch.Size([96, 96])	cuda:0	True
2026-06-04 12:41:28,435 - INFO - condition_encoder.blocks.1.temporal_attention.output_projection.bias	torch.Size([96])	cuda:0	True
2026-06-04 12:41:28,435 - INFO - condition_encoder.blocks.1.graph_convolution.projections.0.weight	torch.Size([96, 96])	cuda:0	True
2026-06-04 12:41:28,435 - INFO - condition_encoder.blocks.1.graph_convolution.projections.0.bias	torch.Size([96])	cuda:0	True
2026-06-04 12:41:28,435 - INFO - condition_encoder.blocks.1.graph_convolution.projections.1.weight	torch.Size([96, 96])	cuda:0	True
2026-06-04 12:41:28,435 - INFO - condition_encoder.blocks.1.graph_convolution.projections.1.bias	torch.Size([96])	cuda:0	True
2026-06-04 12:41:28,435 - INFO - condition_encoder.blocks.1.graph_convolution.projections.2.weight	torch.Size([96, 96])	cuda:0	True
2026-06-04 12:41:28,435 - INFO - condition_encoder.blocks.1.graph_convolution.projections.2.bias	torch.Size([96])	cuda:0	True
2026-06-04 12:41:28,435 - INFO - condition_encoder.blocks.1.feed_forward.network.0.weight	torch.Size([128, 96])	cuda:0	True
2026-06-04 12:41:28,435 - INFO - condition_encoder.blocks.1.feed_forward.network.0.bias	torch.Size([128])	cuda:0	True
2026-06-04 12:41:28,435 - INFO - condition_encoder.blocks.1.feed_forward.network.3.weight	torch.Size([96, 128])	cuda:0	True
2026-06-04 12:41:28,435 - INFO - condition_encoder.blocks.1.feed_forward.network.3.bias	torch.Size([96])	cuda:0	True
2026-06-04 12:41:28,435 - INFO - condition_encoder.blocks.1.norm_temporal.weight	torch.Size([96])	cuda:0	True
2026-06-04 12:41:28,435 - INFO - condition_encoder.blocks.1.norm_temporal.bias	torch.Size([96])	cuda:0	True
2026-06-04 12:41:28,435 - INFO - condition_encoder.blocks.1.norm_graph.weight	torch.Size([96])	cuda:0	True
2026-06-04 12:41:28,436 - INFO - condition_encoder.blocks.1.norm_graph.bias	torch.Size([96])	cuda:0	True
2026-06-04 12:41:28,436 - INFO - condition_encoder.blocks.1.norm_ffn.weight	torch.Size([96])	cuda:0	True
2026-06-04 12:41:28,436 - INFO - condition_encoder.blocks.1.norm_ffn.bias	torch.Size([96])	cuda:0	True
2026-06-04 12:41:28,436 - INFO - condition_encoder.blocks.1.cell_attention.region_mu	torch.Size([8, 96])	cuda:0	True
2026-06-04 12:41:28,436 - INFO - condition_encoder.blocks.1.cell_attention.region_log_sigma	torch.Size([8])	cuda:0	True
2026-06-04 12:41:28,436 - INFO - condition_encoder.blocks.1.cell_attention.log_sigma_sq	torch.Size([1])	cuda:0	True
2026-06-04 12:41:28,436 - INFO - condition_encoder.blocks.1.cell_attention.cell_blend	torch.Size([])	cuda:0	True
2026-06-04 12:41:28,436 - INFO - condition_encoder.blocks.1.cell_attention.band_center	torch.Size([])	cuda:0	True
2026-06-04 12:41:28,436 - INFO - condition_encoder.blocks.1.cell_attention.band_width_raw	torch.Size([])	cuda:0	True
2026-06-04 12:41:28,436 - INFO - condition_encoder.blocks.1.cell_attention.cell_transform.weight	torch.Size([96, 96])	cuda:0	True
2026-06-04 12:41:28,436 - INFO - condition_encoder.blocks.1.cell_attention.cell_transform.bias	torch.Size([96])	cuda:0	True
2026-06-04 12:41:28,436 - INFO - condition_encoder.blocks.1.cell_attention.output_projection.weight	torch.Size([96, 96])	cuda:0	True
2026-06-04 12:41:28,436 - INFO - condition_encoder.blocks.1.cell_attention.output_projection.bias	torch.Size([96])	cuda:0	True
2026-06-04 12:41:28,436 - INFO - condition_encoder.blocks.1.cell_attention.region_transformer.self_attn.query_projection.weight	torch.Size([96, 96])	cuda:0	True
2026-06-04 12:41:28,436 - INFO - condition_encoder.blocks.1.cell_attention.region_transformer.self_attn.query_projection.bias	torch.Size([96])	cuda:0	True
2026-06-04 12:41:28,436 - INFO - condition_encoder.blocks.1.cell_attention.region_transformer.self_attn.key_projection.weight	torch.Size([96, 96])	cuda:0	True
2026-06-04 12:41:28,436 - INFO - condition_encoder.blocks.1.cell_attention.region_transformer.self_attn.key_projection.bias	torch.Size([96])	cuda:0	True
2026-06-04 12:41:28,436 - INFO - condition_encoder.blocks.1.cell_attention.region_transformer.self_attn.value_projection.weight	torch.Size([96, 96])	cuda:0	True
2026-06-04 12:41:28,436 - INFO - condition_encoder.blocks.1.cell_attention.region_transformer.self_attn.value_projection.bias	torch.Size([96])	cuda:0	True
2026-06-04 12:41:28,436 - INFO - condition_encoder.blocks.1.cell_attention.region_transformer.self_attn.output_projection.weight	torch.Size([96, 96])	cuda:0	True
2026-06-04 12:41:28,436 - INFO - condition_encoder.blocks.1.cell_attention.region_transformer.self_attn.output_projection.bias	torch.Size([96])	cuda:0	True
2026-06-04 12:41:28,436 - INFO - condition_encoder.blocks.1.cell_attention.region_transformer.ffn.network.0.weight	torch.Size([192, 96])	cuda:0	True
2026-06-04 12:41:28,436 - INFO - condition_encoder.blocks.1.cell_attention.region_transformer.ffn.network.0.bias	torch.Size([192])	cuda:0	True
2026-06-04 12:41:28,436 - INFO - condition_encoder.blocks.1.cell_attention.region_transformer.ffn.network.3.weight	torch.Size([96, 192])	cuda:0	True
2026-06-04 12:41:28,436 - INFO - condition_encoder.blocks.1.cell_attention.region_transformer.ffn.network.3.bias	torch.Size([96])	cuda:0	True
2026-06-04 12:41:28,438 - INFO - condition_encoder.blocks.1.cell_attention.region_transformer.norm1.weight	torch.Size([96])	cuda:0	True
2026-06-04 12:41:28,438 - INFO - condition_encoder.blocks.1.cell_attention.region_transformer.norm1.bias	torch.Size([96])	cuda:0	True
2026-06-04 12:41:28,438 - INFO - condition_encoder.blocks.1.cell_attention.region_transformer.norm2.weight	torch.Size([96])	cuda:0	True
2026-06-04 12:41:28,438 - INFO - condition_encoder.blocks.1.cell_attention.region_transformer.norm2.bias	torch.Size([96])	cuda:0	True
2026-06-04 12:41:28,438 - INFO - condition_encoder.blocks.1.cell_attention.fuzzy_to_cell.weight	torch.Size([8, 4])	cuda:0	True
2026-06-04 12:41:28,438 - INFO - condition_encoder.blocks.1.cell_attention.fuzzy_to_cell.bias	torch.Size([8])	cuda:0	True
2026-06-04 12:41:28,438 - INFO - condition_encoder.blocks.1.norm_cell.weight	torch.Size([96])	cuda:0	True
2026-06-04 12:41:28,438 - INFO - condition_encoder.blocks.1.norm_cell.bias	torch.Size([96])	cuda:0	True
2026-06-04 12:41:28,438 - INFO - condition_encoder.final_norm.weight	torch.Size([96])	cuda:0	True
2026-06-04 12:41:28,438 - INFO - condition_encoder.final_norm.bias	torch.Size([96])	cuda:0	True
2026-06-04 12:41:28,438 - INFO - future_decoder.future_queries	torch.Size([1, 12, 307, 96])	cuda:0	True
2026-06-04 12:41:28,438 - INFO - future_decoder.blocks.0.temporal_attention.query_projection.weight	torch.Size([96, 96])	cuda:0	True
2026-06-04 12:41:28,438 - INFO - future_decoder.blocks.0.temporal_attention.query_projection.bias	torch.Size([96])	cuda:0	True
2026-06-04 12:41:28,438 - INFO - future_decoder.blocks.0.temporal_attention.key_projection.weight	torch.Size([96, 96])	cuda:0	True
2026-06-04 12:41:28,438 - INFO - future_decoder.blocks.0.temporal_attention.key_projection.bias	torch.Size([96])	cuda:0	True
2026-06-04 12:41:28,438 - INFO - future_decoder.blocks.0.temporal_attention.value_projection.weight	torch.Size([96, 96])	cuda:0	True
2026-06-04 12:41:28,439 - INFO - future_decoder.blocks.0.temporal_attention.value_projection.bias	torch.Size([96])	cuda:0	True
2026-06-04 12:41:28,439 - INFO - future_decoder.blocks.0.temporal_attention.output_projection.weight	torch.Size([96, 96])	cuda:0	True
2026-06-04 12:41:28,439 - INFO - future_decoder.blocks.0.temporal_attention.output_projection.bias	torch.Size([96])	cuda:0	True
2026-06-04 12:41:28,439 - INFO - future_decoder.blocks.0.graph_convolution.projections.0.weight	torch.Size([96, 96])	cuda:0	True
2026-06-04 12:41:28,439 - INFO - future_decoder.blocks.0.graph_convolution.projections.0.bias	torch.Size([96])	cuda:0	True
2026-06-04 12:41:28,439 - INFO - future_decoder.blocks.0.graph_convolution.projections.1.weight	torch.Size([96, 96])	cuda:0	True
2026-06-04 12:41:28,439 - INFO - future_decoder.blocks.0.graph_convolution.projections.1.bias	torch.Size([96])	cuda:0	True
2026-06-04 12:41:28,439 - INFO - future_decoder.blocks.0.graph_convolution.projections.2.weight	torch.Size([96, 96])	cuda:0	True
2026-06-04 12:41:28,439 - INFO - future_decoder.blocks.0.graph_convolution.projections.2.bias	torch.Size([96])	cuda:0	True
2026-06-04 12:41:28,439 - INFO - future_decoder.blocks.0.cross_attention.query_projection.weight	torch.Size([96, 96])	cuda:0	True
2026-06-04 12:41:28,439 - INFO - future_decoder.blocks.0.cross_attention.query_projection.bias	torch.Size([96])	cuda:0	True
2026-06-04 12:41:28,439 - INFO - future_decoder.blocks.0.cross_attention.key_projection.weight	torch.Size([96, 96])	cuda:0	True
2026-06-04 12:41:28,439 - INFO - future_decoder.blocks.0.cross_attention.key_projection.bias	torch.Size([96])	cuda:0	True
2026-06-04 12:41:28,439 - INFO - future_decoder.blocks.0.cross_attention.value_projection.weight	torch.Size([96, 96])	cuda:0	True
2026-06-04 12:41:28,439 - INFO - future_decoder.blocks.0.cross_attention.value_projection.bias	torch.Size([96])	cuda:0	True
2026-06-04 12:41:28,439 - INFO - future_decoder.blocks.0.cross_attention.output_projection.weight	torch.Size([96, 96])	cuda:0	True
2026-06-04 12:41:28,439 - INFO - future_decoder.blocks.0.cross_attention.output_projection.bias	torch.Size([96])	cuda:0	True
2026-06-04 12:41:28,439 - INFO - future_decoder.blocks.0.feed_forward.network.0.weight	torch.Size([128, 96])	cuda:0	True
2026-06-04 12:41:28,439 - INFO - future_decoder.blocks.0.feed_forward.network.0.bias	torch.Size([128])	cuda:0	True
2026-06-04 12:41:28,439 - INFO - future_decoder.blocks.0.feed_forward.network.3.weight	torch.Size([96, 128])	cuda:0	True
2026-06-04 12:41:28,439 - INFO - future_decoder.blocks.0.feed_forward.network.3.bias	torch.Size([96])	cuda:0	True
2026-06-04 12:41:28,439 - INFO - future_decoder.blocks.0.norm_temporal.weight	torch.Size([96])	cuda:0	True
2026-06-04 12:41:28,439 - INFO - future_decoder.blocks.0.norm_temporal.bias	torch.Size([96])	cuda:0	True
2026-06-04 12:41:28,439 - INFO - future_decoder.blocks.0.norm_graph.weight	torch.Size([96])	cuda:0	True
2026-06-04 12:41:28,441 - INFO - future_decoder.blocks.0.norm_graph.bias	torch.Size([96])	cuda:0	True
2026-06-04 12:41:28,441 - INFO - future_decoder.blocks.0.norm_cross.weight	torch.Size([96])	cuda:0	True
2026-06-04 12:41:28,441 - INFO - future_decoder.blocks.0.norm_cross.bias	torch.Size([96])	cuda:0	True
2026-06-04 12:41:28,441 - INFO - future_decoder.blocks.0.norm_ffn.weight	torch.Size([96])	cuda:0	True
2026-06-04 12:41:28,441 - INFO - future_decoder.blocks.0.norm_ffn.bias	torch.Size([96])	cuda:0	True
2026-06-04 12:41:28,441 - INFO - future_decoder.blocks.0.cell_attention.region_mu	torch.Size([8, 96])	cuda:0	True
2026-06-04 12:41:28,441 - INFO - future_decoder.blocks.0.cell_attention.region_log_sigma	torch.Size([8])	cuda:0	True
2026-06-04 12:41:28,441 - INFO - future_decoder.blocks.0.cell_attention.log_sigma_sq	torch.Size([1])	cuda:0	True
2026-06-04 12:41:28,441 - INFO - future_decoder.blocks.0.cell_attention.cell_blend	torch.Size([])	cuda:0	True
2026-06-04 12:41:28,441 - INFO - future_decoder.blocks.0.cell_attention.band_center	torch.Size([])	cuda:0	True
2026-06-04 12:41:28,441 - INFO - future_decoder.blocks.0.cell_attention.band_width_raw	torch.Size([])	cuda:0	True
2026-06-04 12:41:28,441 - INFO - future_decoder.blocks.0.cell_attention.cell_transform.weight	torch.Size([96, 96])	cuda:0	True
2026-06-04 12:41:28,441 - INFO - future_decoder.blocks.0.cell_attention.cell_transform.bias	torch.Size([96])	cuda:0	True
2026-06-04 12:41:28,441 - INFO - future_decoder.blocks.0.cell_attention.output_projection.weight	torch.Size([96, 96])	cuda:0	True
2026-06-04 12:41:28,441 - INFO - future_decoder.blocks.0.cell_attention.output_projection.bias	torch.Size([96])	cuda:0	True
2026-06-04 12:41:28,441 - INFO - future_decoder.blocks.0.cell_attention.region_transformer.self_attn.query_projection.weight	torch.Size([96, 96])	cuda:0	True
2026-06-04 12:41:28,441 - INFO - future_decoder.blocks.0.cell_attention.region_transformer.self_attn.query_projection.bias	torch.Size([96])	cuda:0	True
2026-06-04 12:41:28,441 - INFO - future_decoder.blocks.0.cell_attention.region_transformer.self_attn.key_projection.weight	torch.Size([96, 96])	cuda:0	True
2026-06-04 12:41:28,441 - INFO - future_decoder.blocks.0.cell_attention.region_transformer.self_attn.key_projection.bias	torch.Size([96])	cuda:0	True
2026-06-04 12:41:28,441 - INFO - future_decoder.blocks.0.cell_attention.region_transformer.self_attn.value_projection.weight	torch.Size([96, 96])	cuda:0	True
2026-06-04 12:41:28,441 - INFO - future_decoder.blocks.0.cell_attention.region_transformer.self_attn.value_projection.bias	torch.Size([96])	cuda:0	True
2026-06-04 12:41:28,441 - INFO - future_decoder.blocks.0.cell_attention.region_transformer.self_attn.output_projection.weight	torch.Size([96, 96])	cuda:0	True
2026-06-04 12:41:28,441 - INFO - future_decoder.blocks.0.cell_attention.region_transformer.self_attn.output_projection.bias	torch.Size([96])	cuda:0	True
2026-06-04 12:41:28,442 - INFO - future_decoder.blocks.0.cell_attention.region_transformer.ffn.network.0.weight	torch.Size([192, 96])	cuda:0	True
2026-06-04 12:41:28,442 - INFO - future_decoder.blocks.0.cell_attention.region_transformer.ffn.network.0.bias	torch.Size([192])	cuda:0	True
2026-06-04 12:41:28,442 - INFO - future_decoder.blocks.0.cell_attention.region_transformer.ffn.network.3.weight	torch.Size([96, 192])	cuda:0	True
2026-06-04 12:41:28,442 - INFO - future_decoder.blocks.0.cell_attention.region_transformer.ffn.network.3.bias	torch.Size([96])	cuda:0	True
2026-06-04 12:41:28,442 - INFO - future_decoder.blocks.0.cell_attention.region_transformer.norm1.weight	torch.Size([96])	cuda:0	True
2026-06-04 12:41:28,442 - INFO - future_decoder.blocks.0.cell_attention.region_transformer.norm1.bias	torch.Size([96])	cuda:0	True
2026-06-04 12:41:28,442 - INFO - future_decoder.blocks.0.cell_attention.region_transformer.norm2.weight	torch.Size([96])	cuda:0	True
2026-06-04 12:41:28,442 - INFO - future_decoder.blocks.0.cell_attention.region_transformer.norm2.bias	torch.Size([96])	cuda:0	True
2026-06-04 12:41:28,442 - INFO - future_decoder.blocks.0.cell_attention.fuzzy_to_cell.weight	torch.Size([8, 4])	cuda:0	True
2026-06-04 12:41:28,442 - INFO - future_decoder.blocks.0.cell_attention.fuzzy_to_cell.bias	torch.Size([8])	cuda:0	True
2026-06-04 12:41:28,442 - INFO - future_decoder.blocks.0.norm_cell.weight	torch.Size([96])	cuda:0	True
2026-06-04 12:41:28,442 - INFO - future_decoder.blocks.0.norm_cell.bias	torch.Size([96])	cuda:0	True
2026-06-04 12:41:28,442 - INFO - future_decoder.blocks.1.temporal_attention.query_projection.weight	torch.Size([96, 96])	cuda:0	True
2026-06-04 12:41:28,442 - INFO - future_decoder.blocks.1.temporal_attention.query_projection.bias	torch.Size([96])	cuda:0	True
2026-06-04 12:41:28,442 - INFO - future_decoder.blocks.1.temporal_attention.key_projection.weight	torch.Size([96, 96])	cuda:0	True
2026-06-04 12:41:28,442 - INFO - future_decoder.blocks.1.temporal_attention.key_projection.bias	torch.Size([96])	cuda:0	True
2026-06-04 12:41:28,442 - INFO - future_decoder.blocks.1.temporal_attention.value_projection.weight	torch.Size([96, 96])	cuda:0	True
2026-06-04 12:41:28,442 - INFO - future_decoder.blocks.1.temporal_attention.value_projection.bias	torch.Size([96])	cuda:0	True
2026-06-04 12:41:28,442 - INFO - future_decoder.blocks.1.temporal_attention.output_projection.weight	torch.Size([96, 96])	cuda:0	True
2026-06-04 12:41:28,442 - INFO - future_decoder.blocks.1.temporal_attention.output_projection.bias	torch.Size([96])	cuda:0	True
2026-06-04 12:41:28,442 - INFO - future_decoder.blocks.1.graph_convolution.projections.0.weight	torch.Size([96, 96])	cuda:0	True
2026-06-04 12:41:28,442 - INFO - future_decoder.blocks.1.graph_convolution.projections.0.bias	torch.Size([96])	cuda:0	True
2026-06-04 12:41:28,442 - INFO - future_decoder.blocks.1.graph_convolution.projections.1.weight	torch.Size([96, 96])	cuda:0	True
2026-06-04 12:41:28,442 - INFO - future_decoder.blocks.1.graph_convolution.projections.1.bias	torch.Size([96])	cuda:0	True
2026-06-04 12:41:28,442 - INFO - future_decoder.blocks.1.graph_convolution.projections.2.weight	torch.Size([96, 96])	cuda:0	True
2026-06-04 12:41:28,442 - INFO - future_decoder.blocks.1.graph_convolution.projections.2.bias	torch.Size([96])	cuda:0	True
2026-06-04 12:41:28,442 - INFO - future_decoder.blocks.1.cross_attention.query_projection.weight	torch.Size([96, 96])	cuda:0	True
2026-06-04 12:41:28,444 - INFO - future_decoder.blocks.1.cross_attention.query_projection.bias	torch.Size([96])	cuda:0	True
2026-06-04 12:41:28,444 - INFO - future_decoder.blocks.1.cross_attention.key_projection.weight	torch.Size([96, 96])	cuda:0	True
2026-06-04 12:41:28,444 - INFO - future_decoder.blocks.1.cross_attention.key_projection.bias	torch.Size([96])	cuda:0	True
2026-06-04 12:41:28,444 - INFO - future_decoder.blocks.1.cross_attention.value_projection.weight	torch.Size([96, 96])	cuda:0	True
2026-06-04 12:41:28,444 - INFO - future_decoder.blocks.1.cross_attention.value_projection.bias	torch.Size([96])	cuda:0	True
2026-06-04 12:41:28,444 - INFO - future_decoder.blocks.1.cross_attention.output_projection.weight	torch.Size([96, 96])	cuda:0	True
2026-06-04 12:41:28,444 - INFO - future_decoder.blocks.1.cross_attention.output_projection.bias	torch.Size([96])	cuda:0	True
2026-06-04 12:41:28,444 - INFO - future_decoder.blocks.1.feed_forward.network.0.weight	torch.Size([128, 96])	cuda:0	True
2026-06-04 12:41:28,444 - INFO - future_decoder.blocks.1.feed_forward.network.0.bias	torch.Size([128])	cuda:0	True
2026-06-04 12:41:28,444 - INFO - future_decoder.blocks.1.feed_forward.network.3.weight	torch.Size([96, 128])	cuda:0	True
2026-06-04 12:41:28,444 - INFO - future_decoder.blocks.1.feed_forward.network.3.bias	torch.Size([96])	cuda:0	True
2026-06-04 12:41:28,444 - INFO - future_decoder.blocks.1.norm_temporal.weight	torch.Size([96])	cuda:0	True
2026-06-04 12:41:28,444 - INFO - future_decoder.blocks.1.norm_temporal.bias	torch.Size([96])	cuda:0	True
2026-06-04 12:41:28,444 - INFO - future_decoder.blocks.1.norm_graph.weight	torch.Size([96])	cuda:0	True
2026-06-04 12:41:28,444 - INFO - future_decoder.blocks.1.norm_graph.bias	torch.Size([96])	cuda:0	True
2026-06-04 12:41:28,444 - INFO - future_decoder.blocks.1.norm_cross.weight	torch.Size([96])	cuda:0	True
2026-06-04 12:41:28,444 - INFO - future_decoder.blocks.1.norm_cross.bias	torch.Size([96])	cuda:0	True
2026-06-04 12:41:28,444 - INFO - future_decoder.blocks.1.norm_ffn.weight	torch.Size([96])	cuda:0	True
2026-06-04 12:41:28,444 - INFO - future_decoder.blocks.1.norm_ffn.bias	torch.Size([96])	cuda:0	True
2026-06-04 12:41:28,444 - INFO - future_decoder.blocks.1.cell_attention.region_mu	torch.Size([8, 96])	cuda:0	True
2026-06-04 12:41:28,444 - INFO - future_decoder.blocks.1.cell_attention.region_log_sigma	torch.Size([8])	cuda:0	True
2026-06-04 12:41:28,444 - INFO - future_decoder.blocks.1.cell_attention.log_sigma_sq	torch.Size([1])	cuda:0	True
2026-06-04 12:41:28,444 - INFO - future_decoder.blocks.1.cell_attention.cell_blend	torch.Size([])	cuda:0	True
2026-06-04 12:41:28,444 - INFO - future_decoder.blocks.1.cell_attention.band_center	torch.Size([])	cuda:0	True
2026-06-04 12:41:28,444 - INFO - future_decoder.blocks.1.cell_attention.band_width_raw	torch.Size([])	cuda:0	True
2026-06-04 12:41:28,444 - INFO - future_decoder.blocks.1.cell_attention.cell_transform.weight	torch.Size([96, 96])	cuda:0	True
2026-06-04 12:41:28,444 - INFO - future_decoder.blocks.1.cell_attention.cell_transform.bias	torch.Size([96])	cuda:0	True
2026-06-04 12:41:28,444 - INFO - future_decoder.blocks.1.cell_attention.output_projection.weight	torch.Size([96, 96])	cuda:0	True
2026-06-04 12:41:28,445 - INFO - future_decoder.blocks.1.cell_attention.output_projection.bias	torch.Size([96])	cuda:0	True
2026-06-04 12:41:28,445 - INFO - future_decoder.blocks.1.cell_attention.region_transformer.self_attn.query_projection.weight	torch.Size([96, 96])	cuda:0	True
2026-06-04 12:41:28,445 - INFO - future_decoder.blocks.1.cell_attention.region_transformer.self_attn.query_projection.bias	torch.Size([96])	cuda:0	True
2026-06-04 12:41:28,445 - INFO - future_decoder.blocks.1.cell_attention.region_transformer.self_attn.key_projection.weight	torch.Size([96, 96])	cuda:0	True
2026-06-04 12:41:28,445 - INFO - future_decoder.blocks.1.cell_attention.region_transformer.self_attn.key_projection.bias	torch.Size([96])	cuda:0	True
2026-06-04 12:41:28,445 - INFO - future_decoder.blocks.1.cell_attention.region_transformer.self_attn.value_projection.weight	torch.Size([96, 96])	cuda:0	True
2026-06-04 12:41:28,445 - INFO - future_decoder.blocks.1.cell_attention.region_transformer.self_attn.value_projection.bias	torch.Size([96])	cuda:0	True
2026-06-04 12:41:28,445 - INFO - future_decoder.blocks.1.cell_attention.region_transformer.self_attn.output_projection.weight	torch.Size([96, 96])	cuda:0	True
2026-06-04 12:41:28,445 - INFO - future_decoder.blocks.1.cell_attention.region_transformer.self_attn.output_projection.bias	torch.Size([96])	cuda:0	True
2026-06-04 12:41:28,445 - INFO - future_decoder.blocks.1.cell_attention.region_transformer.ffn.network.0.weight	torch.Size([192, 96])	cuda:0	True
2026-06-04 12:41:28,445 - INFO - future_decoder.blocks.1.cell_attention.region_transformer.ffn.network.0.bias	torch.Size([192])	cuda:0	True
2026-06-04 12:41:28,445 - INFO - future_decoder.blocks.1.cell_attention.region_transformer.ffn.network.3.weight	torch.Size([96, 192])	cuda:0	True
2026-06-04 12:41:28,445 - INFO - future_decoder.blocks.1.cell_attention.region_transformer.ffn.network.3.bias	torch.Size([96])	cuda:0	True
2026-06-04 12:41:28,445 - INFO - future_decoder.blocks.1.cell_attention.region_transformer.norm1.weight	torch.Size([96])	cuda:0	True
2026-06-04 12:41:28,445 - INFO - future_decoder.blocks.1.cell_attention.region_transformer.norm1.bias	torch.Size([96])	cuda:0	True
2026-06-04 12:41:28,445 - INFO - future_decoder.blocks.1.cell_attention.region_transformer.norm2.weight	torch.Size([96])	cuda:0	True
2026-06-04 12:41:28,445 - INFO - future_decoder.blocks.1.cell_attention.region_transformer.norm2.bias	torch.Size([96])	cuda:0	True
2026-06-04 12:41:28,445 - INFO - future_decoder.blocks.1.cell_attention.fuzzy_to_cell.weight	torch.Size([8, 4])	cuda:0	True
2026-06-04 12:41:28,445 - INFO - future_decoder.blocks.1.cell_attention.fuzzy_to_cell.bias	torch.Size([8])	cuda:0	True
2026-06-04 12:41:28,445 - INFO - future_decoder.blocks.1.norm_cell.weight	torch.Size([96])	cuda:0	True
2026-06-04 12:41:28,445 - INFO - future_decoder.blocks.1.norm_cell.bias	torch.Size([96])	cuda:0	True
2026-06-04 12:41:28,445 - INFO - future_decoder.final_norm.weight	torch.Size([96])	cuda:0	True
2026-06-04 12:41:28,445 - INFO - future_decoder.final_norm.bias	torch.Size([96])	cuda:0	True
2026-06-04 12:41:28,445 - INFO - future_decoder.output_projection.weight	torch.Size([1, 96])	cuda:0	True
2026-06-04 12:41:28,445 - INFO - future_decoder.output_projection.bias	torch.Size([1])	cuda:0	True
2026-06-04 12:41:28,447 - INFO - Total parameter numbers: 1179326
2026-06-04 12:41:28,447 - INFO - Enable AMP training (dtype=float16).
2026-06-04 12:41:28,447 - INFO - You select `adamw` optimizer.
2026-06-04 12:41:30,129 - INFO - You select `reducelronplateau` lr_scheduler.
2026-06-04 12:41:30,129 - WARNING - Received none train loss func and will use the loss func defined in the model.
2026-06-04 12:41:30,130 - INFO - Start training ...
2026-06-04 12:41:30,130 - INFO - num_batches:161
2026-06-04 12:42:35,293 - INFO - Epoch [0/10] train_loss: 0.5275, val_loss: 0.5478, lr: 0.000500, 65.16s
2026-06-04 12:42:35,424 - INFO - Saved model at 0
2026-06-04 12:42:35,424 - INFO - Val loss decrease from inf to 0.5478, saving to D:\a_code\A_Agent\projects\LibCity\outputs\20260604_124113__traffic_state_pred__final_3_type2__PEMSD4\model_cache/final_3_type2_PEMSD4_epoch0.tar
2026-06-04 12:43:41,361 - INFO - Epoch [1/10] train_loss: 0.4873, val_loss: 0.5366, lr: 0.000500, 65.94s
2026-06-04 12:43:41,484 - INFO - Saved model at 1
2026-06-04 12:43:41,484 - INFO - Val loss decrease from 0.5478 to 0.5366, saving to D:\a_code\A_Agent\projects\LibCity\outputs\20260604_124113__traffic_state_pred__final_3_type2__PEMSD4\model_cache/final_3_type2_PEMSD4_epoch1.tar
2026-06-04 12:44:47,800 - INFO - Epoch [2/10] train_loss: 0.4857, val_loss: 0.5419, lr: 0.000500, 66.32s
2026-06-04 12:45:53,944 - INFO - Epoch [3/10] train_loss: 0.4822, val_loss: 0.5310, lr: 0.000500, 66.14s
2026-06-04 12:45:54,068 - INFO - Saved model at 3
2026-06-04 12:45:54,069 - INFO - Val loss decrease from 0.5366 to 0.5310, saving to D:\a_code\A_Agent\projects\LibCity\outputs\20260604_124113__traffic_state_pred__final_3_type2__PEMSD4\model_cache/final_3_type2_PEMSD4_epoch3.tar
2026-06-04 12:47:00,079 - INFO - Epoch [4/10] train_loss: 0.4767, val_loss: 0.5140, lr: 0.000500, 66.01s
2026-06-04 12:47:00,203 - INFO - Saved model at 4
2026-06-04 12:47:00,203 - INFO - Val loss decrease from 0.5310 to 0.5140, saving to D:\a_code\A_Agent\projects\LibCity\outputs\20260604_124113__traffic_state_pred__final_3_type2__PEMSD4\model_cache/final_3_type2_PEMSD4_epoch4.tar
2026-06-04 12:48:07,069 - INFO - Epoch [5/10] train_loss: 0.4244, val_loss: 0.4750, lr: 0.000500, 66.87s
2026-06-04 12:48:07,190 - INFO - Saved model at 5
2026-06-04 12:48:07,190 - INFO - Val loss decrease from 0.5140 to 0.4750, saving to D:\a_code\A_Agent\projects\LibCity\outputs\20260604_124113__traffic_state_pred__final_3_type2__PEMSD4\model_cache/final_3_type2_PEMSD4_epoch5.tar
2026-06-04 12:49:13,033 - INFO - Epoch [6/10] train_loss: 0.4035, val_loss: 0.4606, lr: 0.000500, 65.84s
2026-06-04 12:49:13,153 - INFO - Saved model at 6
2026-06-04 12:49:13,153 - INFO - Val loss decrease from 0.4750 to 0.4606, saving to D:\a_code\A_Agent\projects\LibCity\outputs\20260604_124113__traffic_state_pred__final_3_type2__PEMSD4\model_cache/final_3_type2_PEMSD4_epoch6.tar
2026-06-04 12:50:19,073 - INFO - Epoch [7/10] train_loss: 0.3548, val_loss: 0.3630, lr: 0.000500, 65.92s
2026-06-04 12:50:19,194 - INFO - Saved model at 7
2026-06-04 12:50:19,195 - INFO - Val loss decrease from 0.4606 to 0.3630, saving to D:\a_code\A_Agent\projects\LibCity\outputs\20260604_124113__traffic_state_pred__final_3_type2__PEMSD4\model_cache/final_3_type2_PEMSD4_epoch7.tar
2026-06-04 12:51:23,847 - INFO - Epoch [8/10] train_loss: 0.2776, val_loss: 0.3273, lr: 0.000500, 64.65s
2026-06-04 12:51:23,922 - INFO - Saved model at 8
2026-06-04 12:51:23,922 - INFO - Val loss decrease from 0.3630 to 0.3273, saving to D:\a_code\A_Agent\projects\LibCity\outputs\20260604_124113__traffic_state_pred__final_3_type2__PEMSD4\model_cache/final_3_type2_PEMSD4_epoch8.tar
2026-06-04 12:52:25,612 - INFO - Epoch [9/10] train_loss: 0.2489, val_loss: 0.2682, lr: 0.000500, 61.69s
2026-06-04 12:52:25,734 - INFO - Saved model at 9
2026-06-04 12:52:25,734 - INFO - Val loss decrease from 0.3273 to 0.2682, saving to D:\a_code\A_Agent\projects\LibCity\outputs\20260604_124113__traffic_state_pred__final_3_type2__PEMSD4\model_cache/final_3_type2_PEMSD4_epoch9.tar
2026-06-04 12:52:25,734 - INFO - Trained totally 10 epochs, average train time is 58.614s, average eval time is 6.840s
2026-06-04 12:52:25,734 - INFO - Loading best model state from epoch 9
2026-06-04 12:52:25,745 - INFO - Saved model at D:\a_code\A_Agent\projects\LibCity\outputs\20260604_124113__traffic_state_pred__final_3_type2__PEMSD4\model_cache\final_3_type2_PEMSD4.m
2026-06-04 12:52:25,843 - INFO - Start evaluating ...
2026-06-04 12:52:35,492 - INFO - Note that you select the single mode to evaluate!
2026-06-04 12:52:35,507 - INFO - Evaluate result is saved at D:\a_code\A_Agent\projects\LibCity\outputs\20260604_124113__traffic_state_pred__final_3_type2__PEMSD4\evaluate_cache\2026_06_04_12_52_35_final_3_type2_PEMSD4.csv
2026-06-04 12:52:35,521 - INFO - 
         MAE      MAPE        MSE  ...  masked_RMSE        R2      EVAR
1   1.503052  0.032850   7.838241  ...     2.799686  0.882752  0.886916
2   1.662743  0.036472  10.177042  ...     3.190148  0.847715  0.852292
3   1.792028  0.039583  12.491530  ...     3.534336  0.812997  0.818028
4   1.904631  0.042405  14.791069  ...     3.845916  0.778628  0.783910
5   2.008714  0.045151  17.091597  ...     4.134198  0.744167  0.749882
6   2.101778  0.047632  19.238926  ...     4.386220  0.711930  0.717893
7   2.190358  0.050029  21.337364  ...     4.619238  0.680583  0.686942
8   2.274572  0.052312  23.365389  ...     4.833776  0.650362  0.657040
9   2.353247  0.054491  25.283739  ...     5.028294  0.621483  0.628430
10  2.430311  0.056632  27.156212  ...     5.211162  0.593411  0.600684
11  2.502792  0.058636  28.960384  ...     5.381485  0.566327  0.573931
12  2.573914  0.060536  30.715176  ...     5.542127  0.540081  0.547944

[12 rows x 10 columns]
