2026-05-07 19:24:29,126 - INFO - Log directory: /home/lizhuoxuan/lzq/Bigscity-LibCity-master/outputs/20260507_192429__traffic_state_pred__new_diffusion_fuzzy__PEMSD4/logs
2026-05-07 19:24:29,339 - INFO - Log directory: /home/lizhuoxuan/lzq/Bigscity-LibCity-master/outputs/20260507_192429__traffic_state_pred__new_diffusion_fuzzy__PEMSD4/logs
2026-05-07 19:24:29,559 - INFO - Log directory: /home/lizhuoxuan/lzq/Bigscity-LibCity-master/outputs/20260507_192429__traffic_state_pred__new_diffusion_fuzzy__PEMSD4/logs
2026-05-07 19:24:29,560 - INFO - Begin artifact training pipeline, task=traffic_state_pred, model_name=new_diffusion_fuzzy, dataset_name=PEMSD4, exp_id=20260507_192429__traffic_state_pred__new_diffusion_fuzzy__PEMSD4
2026-05-07 19:24:29,560 - INFO - {'task': 'traffic_state_pred', 'model': 'new_diffusion_fuzzy', 'dataset': 'PEMSD4', 'saved_model': True, 'train': True, 'seed': 42, 'train_rate': 0.6, 'eval_rate': 0.2, 'batch_size': 32, 'learning_rate': 0.0012, 'max_epoch': 10, 'dataset_class': 'TrafficStatePointDataset', 'executor': 'TrafficStateExecutor', 'evaluator': 'TrafficStateEvaluator', 'adaptive_graph_blend_init': 0.5, 'adaptive_graph_embed_dim': 32, 'adaptive_graph_topk': 12, 'amp_dtype': 'bfloat16', 'beta_end': 0.02, 'beta_start': 0.0001, 'calculate_weight_adj': False, 'data_col': ['traffic_flow', 'traffic_occupancy', 'traffic_speed'], 'data_files': ['PEMSD4'], 'ddim_eta': 0, 'denoiser_layers': 3, 'device': device(type='cuda', index=0), 'diffusion_schedule': 'linear', 'diffusion_steps': 200, 'disturb_rate': 0.5, 'dropout': 0.1, 'dyna': {'including_types': ['state'], 'state': {'entity_id': 'geo_id', 'traffic_flow': 'num', 'traffic_occupancy': 'num', 'traffic_speed': 'num'}}, 'encoder_layers': 2, 'eval_batch_size': 32, 'evaluator_mode': 'single', 'ffn_hidden_dim': 192, 'flow_conservation_coeff': 1, 'fuzzy_conservation_temperature': 8, 'fuzzy_conservation_threshold': 0.6, 'fuzzy_graph_num_sets': 3, 'fuzzy_graph_sigma_init': 0.7, 'geo': {'including_types': ['Point'], 'Point': {}}, 'geo_file': 'PEMSD4', 'graph_k_hop': 2, 'hidden_dim': 96, 'init_weight_inf_or_zero': 'zero', 'is_distributed': True, 'metrics': ['MAE', 'MAPE', 'MSE', 'RMSE', 'masked_MAE', 'masked_MAPE', 'masked_MSE', 'masked_RMSE', 'R2', 'EVAR'], 'noise_SD': [10], 'noise_mean': [5], 'noise_type': 'gaussian', 'num_heads': 4, 'num_prediction_samples': 2, 'num_sampling_steps': 50, 'num_workers': 0, 'output_dim': 3, 'pad_with_last_sample': True, 'physics_channel_idx': 0, 'physics_loss_weight': 0, 'physics_warmup_mode': 'linear', 'physics_warmup_start_ratio': 0.2, 'physics_warmup_steps': 3000, 'rank': 0, 'rel': {'including_types': ['geo'], 'geo': {'cost': 'num'}}, 'rel_file': 'PEMSD4', 'robustness_test': False, 'sampling_method': 'ddim', 'save_mode': ['csv'], 'set_weight_link_or_dist': 'link', 'time_intervals': 300, 'use_adaptive_graph': True, 'use_amp': True, 'use_fuzzy_conservation': True, 'use_fuzzy_graph': True, 'use_gradient_checkpointing': True, 'use_spatiotemporal_attention': True, 'use_temporal_position_embedding': True, 'weight_adj_epsilon': 0.1, 'weight_col': 'cost', 'world_size': 4, 'clip_grad_norm': True, 'epoch': 0, 'gpu': True, 'gpu_id': 0, 'hyper_tune': False, 'learner': 'adamw', 'load_best_epoch': True, 'log_every': 1, 'log_level': 'INFO', 'lr_T_max': 30, 'lr_alpha': 0.99, 'lr_beta1': 0.9, 'lr_beta2': 0.999, 'lr_decay': True, 'lr_decay_ratio': 0.5, 'lr_epsilon': 1e-08, 'lr_eta_min': 0, 'lr_momentum': 0, 'lr_patience': 10, 'lr_scheduler': 'multisteplr', 'lr_threshold': 0.0001, 'max_grad_norm': 3, 'patience': 20, 'step_size': 10, 'steps': [20, 35], 'train_loss': 'none', 'use_early_stop': True, 'weight_decay': 0.0001, 'data_version_id': 'dv_1778152832_6e25e11b', 'input_window': 12, 'output_window': 12, 'scaler': 'standard', 'load_external': False, 'normal_external': False, 'add_time_in_day': True, 'add_day_in_week': True, 'cache_dataset': True, 'ext_scaler': 'none', 'local_rank': 0, 'dist_backend': 'nccl', 'exp_id': '20260507_192429__traffic_state_pred__new_diffusion_fuzzy__PEMSD4'}
2026-05-07 19:24:29,759 - INFO - Log directory: /home/lizhuoxuan/lzq/Bigscity-LibCity-master/outputs/20260507_192429__traffic_state_pred__new_diffusion_fuzzy__PEMSD4/logs
2026-05-07 19:24:39,785 - INFO - Enable AMP training (dtype=bfloat16).
2026-05-07 19:24:39,786 - INFO - You select `adamw` optimizer.
2026-05-07 19:24:39,786 - WARNING - Received unrecognized optimizer, set default Adam optimizer
2026-05-07 19:24:39,786 - INFO - You select `multisteplr` lr_scheduler.
2026-05-07 19:24:39,786 - WARNING - Received none train loss func and will use the loss func defined in the model.
2026-05-07 19:24:39,786 - INFO - Start training ...
2026-05-07 19:24:39,786 - INFO - DistributedDataParallel(
  (module): NewDiffusion(
    (condition_encoder): STEncoder(
      (input_projection): Linear(in_features=3, out_features=96, bias=True)
      (blocks): ModuleList(
        (0-1): 2 x STEncoderBlock(
          (temporal_attention): MultiHeadAttention(
            (query_projection): Linear(in_features=96, out_features=96, bias=True)
            (key_projection): Linear(in_features=96, out_features=96, bias=True)
            (value_projection): Linear(in_features=96, out_features=96, bias=True)
            (output_projection): Linear(in_features=96, out_features=96, bias=True)
            (dropout): Dropout(p=0.1, inplace=False)
          )
          (graph_convolution): GraphConvolution(
            (projections): ModuleList(
              (0-2): 3 x Linear(in_features=96, out_features=96, bias=True)
            )
          )
          (feed_forward): FeedForwardNetwork(
            (network): Sequential(
              (0): Linear(in_features=96, out_features=192, bias=True)
              (1): GELU(approximate='none')
              (2): Dropout(p=0.1, inplace=False)
              (3): Linear(in_features=192, out_features=96, bias=True)
              (4): Dropout(p=0.1, inplace=False)
            )
          )
          (norm_temporal): LayerNorm((96,), eps=1e-05, elementwise_affine=True)
          (norm_graph): LayerNorm((96,), eps=1e-05, elementwise_affine=True)
          (norm_ffn): LayerNorm((96,), eps=1e-05, elementwise_affine=True)
          (dropout): Dropout(p=0.1, inplace=False)
        )
      )
      (final_norm): LayerNorm((96,), eps=1e-05, elementwise_affine=True)
    )
    (noise_predictor): AttentionDenoiser(
      (input_projection): Linear(in_features=3, out_features=96, bias=True)
      (time_embedding): SinusoidalTimeEmbedding()
      (time_projection): Sequential(
        (0): Linear(in_features=96, out_features=96, bias=True)
        (1): SiLU()
        (2): Linear(in_features=96, out_features=96, bias=True)
      )
      (blocks): ModuleList(
        (0-2): 3 x DenoiserBlock(
          (temporal_attention): MultiHeadAttention(
            (query_projection): Linear(in_features=96, out_features=96, bias=True)
            (key_projection): Linear(in_features=96, out_features=96, bias=True)
            (value_projection): Linear(in_features=96, out_features=96, bias=True)
            (output_projection): Linear(in_features=96, out_features=96, bias=True)
            (dropout): Dropout(p=0.1, inplace=False)
          )
          (graph_convolution): GraphConvolution(
            (projections): ModuleList(
              (0-2): 3 x Linear(in_features=96, out_features=96, bias=True)
            )
          )
          (cross_attention): MultiHeadAttention(
            (query_projection): Linear(in_features=96, out_features=96, bias=True)
            (key_projection): Linear(in_features=96, out_features=96, bias=True)
            (value_projection): Linear(in_features=96, out_features=96, bias=True)
            (output_projection): Linear(in_features=96, out_features=96, bias=True)
            (dropout): Dropout(p=0.1, inplace=False)
          )
          (spatiotemporal_attention): MultiHeadAttention(
            (query_projection): Linear(in_features=96, out_features=96, bias=True)
            (key_projection): Linear(in_features=96, out_features=96, bias=True)
            (value_projection): Linear(in_features=96, out_features=96, bias=True)
            (output_projection): Linear(in_features=96, out_features=96, bias=True)
            (dropout): Dropout(p=0.1, inplace=False)
          )
          (feed_forward): FeedForwardNetwork(
            (network): Sequential(
              (0): Linear(in_features=96, out_features=192, bias=True)
              (1): GELU(approximate='none')
              (2): Dropout(p=0.1, inplace=False)
              (3): Linear(in_features=192, out_features=96, bias=True)
              (4): Dropout(p=0.1, inplace=False)
            )
          )
          (norm_temporal): LayerNorm((96,), eps=1e-05, elementwise_affine=True)
          (norm_graph): LayerNorm((96,), eps=1e-05, elementwise_affine=True)
          (norm_cross): LayerNorm((96,), eps=1e-05, elementwise_affine=True)
          (norm_spatiotemporal): LayerNorm((96,), eps=1e-05, elementwise_affine=True)
          (norm_ffn): LayerNorm((96,), eps=1e-05, elementwise_affine=True)
          (dropout): Dropout(p=0.1, inplace=False)
        )
      )
      (final_norm): LayerNorm((96,), eps=1e-05, elementwise_affine=True)
      (output_projection): Linear(in_features=96, out_features=3, bias=True)
      (adaptive_graph_learner): AdaptiveGraphLearner(
        (feature_projection): Linear(in_features=96, out_features=32, bias=True)
        (time_projection): Linear(in_features=96, out_features=32, bias=True)
      )
    )
    (diffusion_scheduler): DiffusionScheduler()
  )
)
2026-05-07 19:24:39,786 - INFO - num_batches:80
2026-05-07 19:24:39,787 - INFO - module.condition_encoder.temporal_position_embedding	torch.Size([1, 12, 1, 96])	cuda:0	True
2026-05-07 19:24:39,787 - INFO - module.condition_encoder.input_projection.weight	torch.Size([96, 3])	cuda:0	True
2026-05-07 19:24:39,787 - INFO - module.condition_encoder.input_projection.bias	torch.Size([96])	cuda:0	True
2026-05-07 19:24:39,787 - INFO - module.condition_encoder.blocks.0.temporal_attention.query_projection.weight	torch.Size([96, 96])	cuda:0	True
2026-05-07 19:24:39,787 - INFO - module.condition_encoder.blocks.0.temporal_attention.query_projection.bias	torch.Size([96])	cuda:0	True
2026-05-07 19:24:39,787 - INFO - module.condition_encoder.blocks.0.temporal_attention.key_projection.weight	torch.Size([96, 96])	cuda:0	True
2026-05-07 19:24:39,787 - INFO - module.condition_encoder.blocks.0.temporal_attention.key_projection.bias	torch.Size([96])	cuda:0	True
2026-05-07 19:24:39,787 - INFO - module.condition_encoder.blocks.0.temporal_attention.value_projection.weight	torch.Size([96, 96])	cuda:0	True
2026-05-07 19:24:39,787 - INFO - module.condition_encoder.blocks.0.temporal_attention.value_projection.bias	torch.Size([96])	cuda:0	True
2026-05-07 19:24:39,787 - INFO - module.condition_encoder.blocks.0.temporal_attention.output_projection.weight	torch.Size([96, 96])	cuda:0	True
2026-05-07 19:24:39,787 - INFO - module.condition_encoder.blocks.0.temporal_attention.output_projection.bias	torch.Size([96])	cuda:0	True
2026-05-07 19:24:39,787 - INFO - module.condition_encoder.blocks.0.graph_convolution.projections.0.weight	torch.Size([96, 96])	cuda:0	True
2026-05-07 19:24:39,787 - INFO - module.condition_encoder.blocks.0.graph_convolution.projections.0.bias	torch.Size([96])	cuda:0	True
2026-05-07 19:24:39,787 - INFO - module.condition_encoder.blocks.0.graph_convolution.projections.1.weight	torch.Size([96, 96])	cuda:0	True
2026-05-07 19:24:39,787 - INFO - module.condition_encoder.blocks.0.graph_convolution.projections.1.bias	torch.Size([96])	cuda:0	True
2026-05-07 19:24:39,787 - INFO - module.condition_encoder.blocks.0.graph_convolution.projections.2.weight	torch.Size([96, 96])	cuda:0	True
2026-05-07 19:24:39,787 - INFO - module.condition_encoder.blocks.0.graph_convolution.projections.2.bias	torch.Size([96])	cuda:0	True
2026-05-07 19:24:39,788 - INFO - module.condition_encoder.blocks.0.feed_forward.network.0.weight	torch.Size([192, 96])	cuda:0	True
2026-05-07 19:24:39,788 - INFO - module.condition_encoder.blocks.0.feed_forward.network.0.bias	torch.Size([192])	cuda:0	True
2026-05-07 19:24:39,788 - INFO - module.condition_encoder.blocks.0.feed_forward.network.3.weight	torch.Size([96, 192])	cuda:0	True
2026-05-07 19:24:39,788 - INFO - module.condition_encoder.blocks.0.feed_forward.network.3.bias	torch.Size([96])	cuda:0	True
2026-05-07 19:24:39,788 - INFO - module.condition_encoder.blocks.0.norm_temporal.weight	torch.Size([96])	cuda:0	True
2026-05-07 19:24:39,788 - INFO - module.condition_encoder.blocks.0.norm_temporal.bias	torch.Size([96])	cuda:0	True
2026-05-07 19:24:39,788 - INFO - module.condition_encoder.blocks.0.norm_graph.weight	torch.Size([96])	cuda:0	True
2026-05-07 19:24:39,788 - INFO - module.condition_encoder.blocks.0.norm_graph.bias	torch.Size([96])	cuda:0	True
2026-05-07 19:24:39,788 - INFO - module.condition_encoder.blocks.0.norm_ffn.weight	torch.Size([96])	cuda:0	True
2026-05-07 19:24:39,788 - INFO - module.condition_encoder.blocks.0.norm_ffn.bias	torch.Size([96])	cuda:0	True
2026-05-07 19:24:39,788 - INFO - module.condition_encoder.blocks.1.temporal_attention.query_projection.weight	torch.Size([96, 96])	cuda:0	True
2026-05-07 19:24:39,788 - INFO - module.condition_encoder.blocks.1.temporal_attention.query_projection.bias	torch.Size([96])	cuda:0	True
2026-05-07 19:24:39,788 - INFO - module.condition_encoder.blocks.1.temporal_attention.key_projection.weight	torch.Size([96, 96])	cuda:0	True
2026-05-07 19:24:39,788 - INFO - module.condition_encoder.blocks.1.temporal_attention.key_projection.bias	torch.Size([96])	cuda:0	True
2026-05-07 19:24:39,788 - INFO - module.condition_encoder.blocks.1.temporal_attention.value_projection.weight	torch.Size([96, 96])	cuda:0	True
2026-05-07 19:24:39,788 - INFO - module.condition_encoder.blocks.1.temporal_attention.value_projection.bias	torch.Size([96])	cuda:0	True
2026-05-07 19:24:39,788 - INFO - module.condition_encoder.blocks.1.temporal_attention.output_projection.weight	torch.Size([96, 96])	cuda:0	True
2026-05-07 19:24:39,788 - INFO - module.condition_encoder.blocks.1.temporal_attention.output_projection.bias	torch.Size([96])	cuda:0	True
2026-05-07 19:24:39,788 - INFO - module.condition_encoder.blocks.1.graph_convolution.projections.0.weight	torch.Size([96, 96])	cuda:0	True
2026-05-07 19:24:39,788 - INFO - module.condition_encoder.blocks.1.graph_convolution.projections.0.bias	torch.Size([96])	cuda:0	True
2026-05-07 19:24:39,788 - INFO - module.condition_encoder.blocks.1.graph_convolution.projections.1.weight	torch.Size([96, 96])	cuda:0	True
2026-05-07 19:24:39,788 - INFO - module.condition_encoder.blocks.1.graph_convolution.projections.1.bias	torch.Size([96])	cuda:0	True
2026-05-07 19:24:39,788 - INFO - module.condition_encoder.blocks.1.graph_convolution.projections.2.weight	torch.Size([96, 96])	cuda:0	True
2026-05-07 19:24:39,788 - INFO - module.condition_encoder.blocks.1.graph_convolution.projections.2.bias	torch.Size([96])	cuda:0	True
2026-05-07 19:24:39,788 - INFO - module.condition_encoder.blocks.1.feed_forward.network.0.weight	torch.Size([192, 96])	cuda:0	True
2026-05-07 19:24:39,788 - INFO - module.condition_encoder.blocks.1.feed_forward.network.0.bias	torch.Size([192])	cuda:0	True
2026-05-07 19:24:39,788 - INFO - module.condition_encoder.blocks.1.feed_forward.network.3.weight	torch.Size([96, 192])	cuda:0	True
2026-05-07 19:24:39,788 - INFO - module.condition_encoder.blocks.1.feed_forward.network.3.bias	torch.Size([96])	cuda:0	True
2026-05-07 19:24:39,788 - INFO - module.condition_encoder.blocks.1.norm_temporal.weight	torch.Size([96])	cuda:0	True
2026-05-07 19:24:39,788 - INFO - module.condition_encoder.blocks.1.norm_temporal.bias	torch.Size([96])	cuda:0	True
2026-05-07 19:24:39,788 - INFO - module.condition_encoder.blocks.1.norm_graph.weight	torch.Size([96])	cuda:0	True
2026-05-07 19:24:39,788 - INFO - module.condition_encoder.blocks.1.norm_graph.bias	torch.Size([96])	cuda:0	True
2026-05-07 19:24:39,788 - INFO - module.condition_encoder.blocks.1.norm_ffn.weight	torch.Size([96])	cuda:0	True
2026-05-07 19:24:39,788 - INFO - module.condition_encoder.blocks.1.norm_ffn.bias	torch.Size([96])	cuda:0	True
2026-05-07 19:24:39,788 - INFO - module.condition_encoder.final_norm.weight	torch.Size([96])	cuda:0	True
2026-05-07 19:24:39,788 - INFO - module.condition_encoder.final_norm.bias	torch.Size([96])	cuda:0	True
2026-05-07 19:24:39,788 - INFO - module.noise_predictor.future_position_embedding	torch.Size([1, 12, 1, 96])	cuda:0	True
2026-05-07 19:24:39,788 - INFO - module.noise_predictor.input_projection.weight	torch.Size([96, 3])	cuda:0	True
2026-05-07 19:24:39,788 - INFO - module.noise_predictor.input_projection.bias	torch.Size([96])	cuda:0	True
2026-05-07 19:24:39,789 - INFO - module.noise_predictor.time_projection.0.weight	torch.Size([96, 96])	cuda:0	True
2026-05-07 19:24:39,789 - INFO - module.noise_predictor.time_projection.0.bias	torch.Size([96])	cuda:0	True
2026-05-07 19:24:39,789 - INFO - module.noise_predictor.time_projection.2.weight	torch.Size([96, 96])	cuda:0	True
2026-05-07 19:24:39,789 - INFO - module.noise_predictor.time_projection.2.bias	torch.Size([96])	cuda:0	True
2026-05-07 19:24:39,789 - INFO - module.noise_predictor.blocks.0.temporal_attention.query_projection.weight	torch.Size([96, 96])	cuda:0	True
2026-05-07 19:24:39,789 - INFO - module.noise_predictor.blocks.0.temporal_attention.query_projection.bias	torch.Size([96])	cuda:0	True
2026-05-07 19:24:39,789 - INFO - module.noise_predictor.blocks.0.temporal_attention.key_projection.weight	torch.Size([96, 96])	cuda:0	True
2026-05-07 19:24:39,789 - INFO - module.noise_predictor.blocks.0.temporal_attention.key_projection.bias	torch.Size([96])	cuda:0	True
2026-05-07 19:24:39,789 - INFO - module.noise_predictor.blocks.0.temporal_attention.value_projection.weight	torch.Size([96, 96])	cuda:0	True
2026-05-07 19:24:39,789 - INFO - module.noise_predictor.blocks.0.temporal_attention.value_projection.bias	torch.Size([96])	cuda:0	True
2026-05-07 19:24:39,789 - INFO - module.noise_predictor.blocks.0.temporal_attention.output_projection.weight	torch.Size([96, 96])	cuda:0	True
2026-05-07 19:24:39,789 - INFO - module.noise_predictor.blocks.0.temporal_attention.output_projection.bias	torch.Size([96])	cuda:0	True
2026-05-07 19:24:39,789 - INFO - module.noise_predictor.blocks.0.graph_convolution.projections.0.weight	torch.Size([96, 96])	cuda:0	True
2026-05-07 19:24:39,789 - INFO - module.noise_predictor.blocks.0.graph_convolution.projections.0.bias	torch.Size([96])	cuda:0	True
2026-05-07 19:24:39,789 - INFO - module.noise_predictor.blocks.0.graph_convolution.projections.1.weight	torch.Size([96, 96])	cuda:0	True
2026-05-07 19:24:39,789 - INFO - module.noise_predictor.blocks.0.graph_convolution.projections.1.bias	torch.Size([96])	cuda:0	True
2026-05-07 19:24:39,789 - INFO - module.noise_predictor.blocks.0.graph_convolution.projections.2.weight	torch.Size([96, 96])	cuda:0	True
2026-05-07 19:24:39,789 - INFO - module.noise_predictor.blocks.0.graph_convolution.projections.2.bias	torch.Size([96])	cuda:0	True
2026-05-07 19:24:39,789 - INFO - module.noise_predictor.blocks.0.cross_attention.query_projection.weight	torch.Size([96, 96])	cuda:0	True
2026-05-07 19:24:39,789 - INFO - module.noise_predictor.blocks.0.cross_attention.query_projection.bias	torch.Size([96])	cuda:0	True
2026-05-07 19:24:39,789 - INFO - module.noise_predictor.blocks.0.cross_attention.key_projection.weight	torch.Size([96, 96])	cuda:0	True
2026-05-07 19:24:39,789 - INFO - module.noise_predictor.blocks.0.cross_attention.key_projection.bias	torch.Size([96])	cuda:0	True
2026-05-07 19:24:39,789 - INFO - module.noise_predictor.blocks.0.cross_attention.value_projection.weight	torch.Size([96, 96])	cuda:0	True
2026-05-07 19:24:39,789 - INFO - module.noise_predictor.blocks.0.cross_attention.value_projection.bias	torch.Size([96])	cuda:0	True
2026-05-07 19:24:39,789 - INFO - module.noise_predictor.blocks.0.cross_attention.output_projection.weight	torch.Size([96, 96])	cuda:0	True
2026-05-07 19:24:39,789 - INFO - module.noise_predictor.blocks.0.cross_attention.output_projection.bias	torch.Size([96])	cuda:0	True
2026-05-07 19:24:39,789 - INFO - module.noise_predictor.blocks.0.spatiotemporal_attention.query_projection.weight	torch.Size([96, 96])	cuda:0	True
2026-05-07 19:24:39,789 - INFO - module.noise_predictor.blocks.0.spatiotemporal_attention.query_projection.bias	torch.Size([96])	cuda:0	True
2026-05-07 19:24:39,789 - INFO - module.noise_predictor.blocks.0.spatiotemporal_attention.key_projection.weight	torch.Size([96, 96])	cuda:0	True
2026-05-07 19:24:39,789 - INFO - module.noise_predictor.blocks.0.spatiotemporal_attention.key_projection.bias	torch.Size([96])	cuda:0	True
2026-05-07 19:24:39,789 - INFO - module.noise_predictor.blocks.0.spatiotemporal_attention.value_projection.weight	torch.Size([96, 96])	cuda:0	True
2026-05-07 19:24:39,789 - INFO - module.noise_predictor.blocks.0.spatiotemporal_attention.value_projection.bias	torch.Size([96])	cuda:0	True
2026-05-07 19:24:39,789 - INFO - module.noise_predictor.blocks.0.spatiotemporal_attention.output_projection.weight	torch.Size([96, 96])	cuda:0	True
2026-05-07 19:24:39,789 - INFO - module.noise_predictor.blocks.0.spatiotemporal_attention.output_projection.bias	torch.Size([96])	cuda:0	True
2026-05-07 19:24:39,789 - INFO - module.noise_predictor.blocks.0.feed_forward.network.0.weight	torch.Size([192, 96])	cuda:0	True
2026-05-07 19:24:39,789 - INFO - module.noise_predictor.blocks.0.feed_forward.network.0.bias	torch.Size([192])	cuda:0	True
2026-05-07 19:24:39,789 - INFO - module.noise_predictor.blocks.0.feed_forward.network.3.weight	torch.Size([96, 192])	cuda:0	True
2026-05-07 19:24:39,789 - INFO - module.noise_predictor.blocks.0.feed_forward.network.3.bias	torch.Size([96])	cuda:0	True
2026-05-07 19:24:39,789 - INFO - module.noise_predictor.blocks.0.norm_temporal.weight	torch.Size([96])	cuda:0	True
2026-05-07 19:24:39,789 - INFO - module.noise_predictor.blocks.0.norm_temporal.bias	torch.Size([96])	cuda:0	True
2026-05-07 19:24:39,789 - INFO - module.noise_predictor.blocks.0.norm_graph.weight	torch.Size([96])	cuda:0	True
2026-05-07 19:24:39,789 - INFO - module.noise_predictor.blocks.0.norm_graph.bias	torch.Size([96])	cuda:0	True
2026-05-07 19:24:39,790 - INFO - module.noise_predictor.blocks.0.norm_cross.weight	torch.Size([96])	cuda:0	True
2026-05-07 19:24:39,790 - INFO - module.noise_predictor.blocks.0.norm_cross.bias	torch.Size([96])	cuda:0	True
2026-05-07 19:24:39,790 - INFO - module.noise_predictor.blocks.0.norm_spatiotemporal.weight	torch.Size([96])	cuda:0	True
2026-05-07 19:24:39,790 - INFO - module.noise_predictor.blocks.0.norm_spatiotemporal.bias	torch.Size([96])	cuda:0	True
2026-05-07 19:24:39,790 - INFO - module.noise_predictor.blocks.0.norm_ffn.weight	torch.Size([96])	cuda:0	True
2026-05-07 19:24:39,790 - INFO - module.noise_predictor.blocks.0.norm_ffn.bias	torch.Size([96])	cuda:0	True
2026-05-07 19:24:39,790 - INFO - module.noise_predictor.blocks.1.temporal_attention.query_projection.weight	torch.Size([96, 96])	cuda:0	True
2026-05-07 19:24:39,790 - INFO - module.noise_predictor.blocks.1.temporal_attention.query_projection.bias	torch.Size([96])	cuda:0	True
2026-05-07 19:24:39,790 - INFO - module.noise_predictor.blocks.1.temporal_attention.key_projection.weight	torch.Size([96, 96])	cuda:0	True
2026-05-07 19:24:39,790 - INFO - module.noise_predictor.blocks.1.temporal_attention.key_projection.bias	torch.Size([96])	cuda:0	True
2026-05-07 19:24:39,790 - INFO - module.noise_predictor.blocks.1.temporal_attention.value_projection.weight	torch.Size([96, 96])	cuda:0	True
2026-05-07 19:24:39,790 - INFO - module.noise_predictor.blocks.1.temporal_attention.value_projection.bias	torch.Size([96])	cuda:0	True
2026-05-07 19:24:39,790 - INFO - module.noise_predictor.blocks.1.temporal_attention.output_projection.weight	torch.Size([96, 96])	cuda:0	True
2026-05-07 19:24:39,790 - INFO - module.noise_predictor.blocks.1.temporal_attention.output_projection.bias	torch.Size([96])	cuda:0	True
2026-05-07 19:24:39,790 - INFO - module.noise_predictor.blocks.1.graph_convolution.projections.0.weight	torch.Size([96, 96])	cuda:0	True
2026-05-07 19:24:39,790 - INFO - module.noise_predictor.blocks.1.graph_convolution.projections.0.bias	torch.Size([96])	cuda:0	True
2026-05-07 19:24:39,790 - INFO - module.noise_predictor.blocks.1.graph_convolution.projections.1.weight	torch.Size([96, 96])	cuda:0	True
2026-05-07 19:24:39,790 - INFO - module.noise_predictor.blocks.1.graph_convolution.projections.1.bias	torch.Size([96])	cuda:0	True
2026-05-07 19:24:39,790 - INFO - module.noise_predictor.blocks.1.graph_convolution.projections.2.weight	torch.Size([96, 96])	cuda:0	True
2026-05-07 19:24:39,790 - INFO - module.noise_predictor.blocks.1.graph_convolution.projections.2.bias	torch.Size([96])	cuda:0	True
2026-05-07 19:24:39,790 - INFO - module.noise_predictor.blocks.1.cross_attention.query_projection.weight	torch.Size([96, 96])	cuda:0	True
2026-05-07 19:24:39,790 - INFO - module.noise_predictor.blocks.1.cross_attention.query_projection.bias	torch.Size([96])	cuda:0	True
2026-05-07 19:24:39,790 - INFO - module.noise_predictor.blocks.1.cross_attention.key_projection.weight	torch.Size([96, 96])	cuda:0	True
2026-05-07 19:24:39,790 - INFO - module.noise_predictor.blocks.1.cross_attention.key_projection.bias	torch.Size([96])	cuda:0	True
2026-05-07 19:24:39,790 - INFO - module.noise_predictor.blocks.1.cross_attention.value_projection.weight	torch.Size([96, 96])	cuda:0	True
2026-05-07 19:24:39,790 - INFO - module.noise_predictor.blocks.1.cross_attention.value_projection.bias	torch.Size([96])	cuda:0	True
2026-05-07 19:24:39,790 - INFO - module.noise_predictor.blocks.1.cross_attention.output_projection.weight	torch.Size([96, 96])	cuda:0	True
2026-05-07 19:24:39,790 - INFO - module.noise_predictor.blocks.1.cross_attention.output_projection.bias	torch.Size([96])	cuda:0	True
2026-05-07 19:24:39,790 - INFO - module.noise_predictor.blocks.1.spatiotemporal_attention.query_projection.weight	torch.Size([96, 96])	cuda:0	True
2026-05-07 19:24:39,790 - INFO - module.noise_predictor.blocks.1.spatiotemporal_attention.query_projection.bias	torch.Size([96])	cuda:0	True
2026-05-07 19:24:39,790 - INFO - module.noise_predictor.blocks.1.spatiotemporal_attention.key_projection.weight	torch.Size([96, 96])	cuda:0	True
2026-05-07 19:24:39,790 - INFO - module.noise_predictor.blocks.1.spatiotemporal_attention.key_projection.bias	torch.Size([96])	cuda:0	True
2026-05-07 19:24:39,790 - INFO - module.noise_predictor.blocks.1.spatiotemporal_attention.value_projection.weight	torch.Size([96, 96])	cuda:0	True
2026-05-07 19:24:39,790 - INFO - module.noise_predictor.blocks.1.spatiotemporal_attention.value_projection.bias	torch.Size([96])	cuda:0	True
2026-05-07 19:24:39,790 - INFO - module.noise_predictor.blocks.1.spatiotemporal_attention.output_projection.weight	torch.Size([96, 96])	cuda:0	True
2026-05-07 19:24:39,790 - INFO - module.noise_predictor.blocks.1.spatiotemporal_attention.output_projection.bias	torch.Size([96])	cuda:0	True
2026-05-07 19:24:39,790 - INFO - module.noise_predictor.blocks.1.feed_forward.network.0.weight	torch.Size([192, 96])	cuda:0	True
2026-05-07 19:24:39,790 - INFO - module.noise_predictor.blocks.1.feed_forward.network.0.bias	torch.Size([192])	cuda:0	True
2026-05-07 19:24:39,790 - INFO - module.noise_predictor.blocks.1.feed_forward.network.3.weight	torch.Size([96, 192])	cuda:0	True
2026-05-07 19:24:39,791 - INFO - module.noise_predictor.blocks.1.feed_forward.network.3.bias	torch.Size([96])	cuda:0	True
2026-05-07 19:24:39,791 - INFO - module.noise_predictor.blocks.1.norm_temporal.weight	torch.Size([96])	cuda:0	True
2026-05-07 19:24:39,791 - INFO - module.noise_predictor.blocks.1.norm_temporal.bias	torch.Size([96])	cuda:0	True
2026-05-07 19:24:39,791 - INFO - module.noise_predictor.blocks.1.norm_graph.weight	torch.Size([96])	cuda:0	True
2026-05-07 19:24:39,791 - INFO - module.noise_predictor.blocks.1.norm_graph.bias	torch.Size([96])	cuda:0	True
2026-05-07 19:24:39,791 - INFO - module.noise_predictor.blocks.1.norm_cross.weight	torch.Size([96])	cuda:0	True
2026-05-07 19:24:39,791 - INFO - module.noise_predictor.blocks.1.norm_cross.bias	torch.Size([96])	cuda:0	True
2026-05-07 19:24:39,791 - INFO - module.noise_predictor.blocks.1.norm_spatiotemporal.weight	torch.Size([96])	cuda:0	True
2026-05-07 19:24:39,791 - INFO - module.noise_predictor.blocks.1.norm_spatiotemporal.bias	torch.Size([96])	cuda:0	True
2026-05-07 19:24:39,791 - INFO - module.noise_predictor.blocks.1.norm_ffn.weight	torch.Size([96])	cuda:0	True
2026-05-07 19:24:39,791 - INFO - module.noise_predictor.blocks.1.norm_ffn.bias	torch.Size([96])	cuda:0	True
2026-05-07 19:24:39,791 - INFO - module.noise_predictor.blocks.2.temporal_attention.query_projection.weight	torch.Size([96, 96])	cuda:0	True
2026-05-07 19:24:39,791 - INFO - module.noise_predictor.blocks.2.temporal_attention.query_projection.bias	torch.Size([96])	cuda:0	True
2026-05-07 19:24:39,791 - INFO - module.noise_predictor.blocks.2.temporal_attention.key_projection.weight	torch.Size([96, 96])	cuda:0	True
2026-05-07 19:24:39,791 - INFO - module.noise_predictor.blocks.2.temporal_attention.key_projection.bias	torch.Size([96])	cuda:0	True
2026-05-07 19:24:39,791 - INFO - module.noise_predictor.blocks.2.temporal_attention.value_projection.weight	torch.Size([96, 96])	cuda:0	True
2026-05-07 19:24:39,791 - INFO - module.noise_predictor.blocks.2.temporal_attention.value_projection.bias	torch.Size([96])	cuda:0	True
2026-05-07 19:24:39,791 - INFO - module.noise_predictor.blocks.2.temporal_attention.output_projection.weight	torch.Size([96, 96])	cuda:0	True
2026-05-07 19:24:39,791 - INFO - module.noise_predictor.blocks.2.temporal_attention.output_projection.bias	torch.Size([96])	cuda:0	True
2026-05-07 19:24:39,791 - INFO - module.noise_predictor.blocks.2.graph_convolution.projections.0.weight	torch.Size([96, 96])	cuda:0	True
2026-05-07 19:24:39,791 - INFO - module.noise_predictor.blocks.2.graph_convolution.projections.0.bias	torch.Size([96])	cuda:0	True
2026-05-07 19:24:39,791 - INFO - module.noise_predictor.blocks.2.graph_convolution.projections.1.weight	torch.Size([96, 96])	cuda:0	True
2026-05-07 19:24:39,791 - INFO - module.noise_predictor.blocks.2.graph_convolution.projections.1.bias	torch.Size([96])	cuda:0	True
2026-05-07 19:24:39,791 - INFO - module.noise_predictor.blocks.2.graph_convolution.projections.2.weight	torch.Size([96, 96])	cuda:0	True
2026-05-07 19:24:39,791 - INFO - module.noise_predictor.blocks.2.graph_convolution.projections.2.bias	torch.Size([96])	cuda:0	True
2026-05-07 19:24:39,791 - INFO - module.noise_predictor.blocks.2.cross_attention.query_projection.weight	torch.Size([96, 96])	cuda:0	True
2026-05-07 19:24:39,791 - INFO - module.noise_predictor.blocks.2.cross_attention.query_projection.bias	torch.Size([96])	cuda:0	True
2026-05-07 19:24:39,791 - INFO - module.noise_predictor.blocks.2.cross_attention.key_projection.weight	torch.Size([96, 96])	cuda:0	True
2026-05-07 19:24:39,791 - INFO - module.noise_predictor.blocks.2.cross_attention.key_projection.bias	torch.Size([96])	cuda:0	True
2026-05-07 19:24:39,791 - INFO - module.noise_predictor.blocks.2.cross_attention.value_projection.weight	torch.Size([96, 96])	cuda:0	True
2026-05-07 19:24:39,791 - INFO - module.noise_predictor.blocks.2.cross_attention.value_projection.bias	torch.Size([96])	cuda:0	True
2026-05-07 19:24:39,791 - INFO - module.noise_predictor.blocks.2.cross_attention.output_projection.weight	torch.Size([96, 96])	cuda:0	True
2026-05-07 19:24:39,791 - INFO - module.noise_predictor.blocks.2.cross_attention.output_projection.bias	torch.Size([96])	cuda:0	True
2026-05-07 19:24:39,791 - INFO - module.noise_predictor.blocks.2.spatiotemporal_attention.query_projection.weight	torch.Size([96, 96])	cuda:0	True
2026-05-07 19:24:39,791 - INFO - module.noise_predictor.blocks.2.spatiotemporal_attention.query_projection.bias	torch.Size([96])	cuda:0	True
2026-05-07 19:24:39,791 - INFO - module.noise_predictor.blocks.2.spatiotemporal_attention.key_projection.weight	torch.Size([96, 96])	cuda:0	True
2026-05-07 19:24:39,791 - INFO - module.noise_predictor.blocks.2.spatiotemporal_attention.key_projection.bias	torch.Size([96])	cuda:0	True
2026-05-07 19:24:39,791 - INFO - module.noise_predictor.blocks.2.spatiotemporal_attention.value_projection.weight	torch.Size([96, 96])	cuda:0	True
2026-05-07 19:24:39,791 - INFO - module.noise_predictor.blocks.2.spatiotemporal_attention.value_projection.bias	torch.Size([96])	cuda:0	True
2026-05-07 19:24:39,791 - INFO - module.noise_predictor.blocks.2.spatiotemporal_attention.output_projection.weight	torch.Size([96, 96])	cuda:0	True
2026-05-07 19:24:39,791 - INFO - module.noise_predictor.blocks.2.spatiotemporal_attention.output_projection.bias	torch.Size([96])	cuda:0	True
2026-05-07 19:24:39,792 - INFO - module.noise_predictor.blocks.2.feed_forward.network.0.weight	torch.Size([192, 96])	cuda:0	True
2026-05-07 19:24:39,792 - INFO - module.noise_predictor.blocks.2.feed_forward.network.0.bias	torch.Size([192])	cuda:0	True
2026-05-07 19:24:39,792 - INFO - module.noise_predictor.blocks.2.feed_forward.network.3.weight	torch.Size([96, 192])	cuda:0	True
2026-05-07 19:24:39,792 - INFO - module.noise_predictor.blocks.2.feed_forward.network.3.bias	torch.Size([96])	cuda:0	True
2026-05-07 19:24:39,792 - INFO - module.noise_predictor.blocks.2.norm_temporal.weight	torch.Size([96])	cuda:0	True
2026-05-07 19:24:39,792 - INFO - module.noise_predictor.blocks.2.norm_temporal.bias	torch.Size([96])	cuda:0	True
2026-05-07 19:24:39,792 - INFO - module.noise_predictor.blocks.2.norm_graph.weight	torch.Size([96])	cuda:0	True
2026-05-07 19:24:39,792 - INFO - module.noise_predictor.blocks.2.norm_graph.bias	torch.Size([96])	cuda:0	True
2026-05-07 19:24:39,792 - INFO - module.noise_predictor.blocks.2.norm_cross.weight	torch.Size([96])	cuda:0	True
2026-05-07 19:24:39,792 - INFO - module.noise_predictor.blocks.2.norm_cross.bias	torch.Size([96])	cuda:0	True
2026-05-07 19:24:39,792 - INFO - module.noise_predictor.blocks.2.norm_spatiotemporal.weight	torch.Size([96])	cuda:0	True
2026-05-07 19:24:39,792 - INFO - module.noise_predictor.blocks.2.norm_spatiotemporal.bias	torch.Size([96])	cuda:0	True
2026-05-07 19:24:39,792 - INFO - module.noise_predictor.blocks.2.norm_ffn.weight	torch.Size([96])	cuda:0	True
2026-05-07 19:24:39,792 - INFO - module.noise_predictor.blocks.2.norm_ffn.bias	torch.Size([96])	cuda:0	True
2026-05-07 19:24:39,792 - INFO - module.noise_predictor.final_norm.weight	torch.Size([96])	cuda:0	True
2026-05-07 19:24:39,792 - INFO - module.noise_predictor.final_norm.bias	torch.Size([96])	cuda:0	True
2026-05-07 19:24:39,792 - INFO - module.noise_predictor.output_projection.weight	torch.Size([3, 96])	cuda:0	True
2026-05-07 19:24:39,792 - INFO - module.noise_predictor.output_projection.bias	torch.Size([3])	cuda:0	True
2026-05-07 19:24:39,792 - INFO - module.noise_predictor.adaptive_graph_learner.node_embeddings	torch.Size([307, 32])	cuda:0	True
2026-05-07 19:24:39,792 - INFO - module.noise_predictor.adaptive_graph_learner.blend_logit	torch.Size([])	cuda:0	True
2026-05-07 19:24:39,792 - INFO - module.noise_predictor.adaptive_graph_learner.fuzzy_centers	torch.Size([3])	cuda:0	True
2026-05-07 19:24:39,792 - INFO - module.noise_predictor.adaptive_graph_learner.fuzzy_log_sigmas	torch.Size([3])	cuda:0	True
2026-05-07 19:24:39,792 - INFO - module.noise_predictor.adaptive_graph_learner.fuzzy_rule_logits	torch.Size([3])	cuda:0	True
2026-05-07 19:24:39,792 - INFO - module.noise_predictor.adaptive_graph_learner.feature_projection.weight	torch.Size([32, 96])	cuda:0	True
2026-05-07 19:24:39,792 - INFO - module.noise_predictor.adaptive_graph_learner.feature_projection.bias	torch.Size([32])	cuda:0	True
2026-05-07 19:24:39,792 - INFO - module.noise_predictor.adaptive_graph_learner.time_projection.weight	torch.Size([32, 96])	cuda:0	True
2026-05-07 19:24:39,792 - INFO - module.noise_predictor.adaptive_graph_learner.time_projection.bias	torch.Size([32])	cuda:0	True
2026-05-07 19:24:39,792 - INFO - Total parameter numbers: 777613
2026-05-07 19:24:39,793 - INFO - Enable AMP training (dtype=bfloat16).
2026-05-07 19:24:39,793 - INFO - You select `adamw` optimizer.
2026-05-07 19:24:39,793 - WARNING - Received unrecognized optimizer, set default Adam optimizer
2026-05-07 19:24:39,793 - INFO - You select `multisteplr` lr_scheduler.
2026-05-07 19:24:39,793 - WARNING - Received none train loss func and will use the loss func defined in the model.
2026-05-07 19:24:39,794 - INFO - Start training ...
2026-05-07 19:24:39,794 - INFO - num_batches:80
2026-05-07 19:24:39,800 - INFO - Enable AMP training (dtype=bfloat16).
2026-05-07 19:24:39,800 - INFO - Enable AMP training (dtype=bfloat16).
2026-05-07 19:24:39,800 - INFO - You select `adamw` optimizer.
2026-05-07 19:24:39,800 - INFO - You select `adamw` optimizer.
2026-05-07 19:24:39,800 - WARNING - Received unrecognized optimizer, set default Adam optimizer
2026-05-07 19:24:39,800 - WARNING - Received unrecognized optimizer, set default Adam optimizer
2026-05-07 19:24:39,802 - INFO - You select `multisteplr` lr_scheduler.
2026-05-07 19:24:39,802 - INFO - You select `multisteplr` lr_scheduler.
2026-05-07 19:24:39,802 - WARNING - Received none train loss func and will use the loss func defined in the model.
2026-05-07 19:24:39,802 - WARNING - Received none train loss func and will use the loss func defined in the model.
2026-05-07 19:24:39,802 - INFO - Start training ...
2026-05-07 19:24:39,802 - INFO - Start training ...
2026-05-07 19:24:39,802 - INFO - num_batches:80
2026-05-07 19:24:39,802 - INFO - num_batches:80
2026-05-07 19:24:40,140 - INFO - Enable physics warmup: steps=3000 start_ratio=0.200 mode=linear.
2026-05-07 19:24:40,140 - INFO - Enable physics warmup: steps=3000 start_ratio=0.200 mode=linear.
2026-05-07 19:24:40,140 - INFO - Enable physics warmup: steps=3000 start_ratio=0.200 mode=linear.
2026-05-07 19:24:40,172 - INFO - Enable physics warmup: steps=3000 start_ratio=0.200 mode=linear.
2026-05-07 19:24:55,433 - INFO - epoch complete!
2026-05-07 19:24:55,433 - INFO - evaluating now!
2026-05-07 19:24:55,451 - INFO - epoch complete!
2026-05-07 19:24:55,451 - INFO - evaluating now!
2026-05-07 19:24:55,543 - INFO - epoch complete!
2026-05-07 19:24:55,543 - INFO - evaluating now!
2026-05-07 19:24:55,598 - INFO - epoch complete!
2026-05-07 19:24:55,598 - INFO - evaluating now!
2026-05-07 19:24:56,648 - INFO - Epoch [0/10] train_loss: 0.4526, val_loss: 0.1120, lr: 0.001200, 16.85s
2026-05-07 19:24:56,664 - INFO - Epoch [0/10] train_loss: 0.4434, val_loss: 0.1173, lr: 0.001200, 16.88s
2026-05-07 19:24:56,754 - INFO - Saved model at 0
2026-05-07 19:24:56,754 - INFO - Val loss decrease from inf to 0.1120, saving to /home/lizhuoxuan/lzq/Bigscity-LibCity-master/outputs/20260507_192429__traffic_state_pred__new_diffusion_fuzzy__PEMSD4/model_cache/new_diffusion_fuzzy_PEMSD4_epoch0.tar
2026-05-07 19:24:56,756 - INFO - Saved model at 0
2026-05-07 19:24:56,756 - INFO - Val loss decrease from inf to 0.1173, saving to /home/lizhuoxuan/lzq/Bigscity-LibCity-master/outputs/20260507_192429__traffic_state_pred__new_diffusion_fuzzy__PEMSD4/model_cache/new_diffusion_fuzzy_PEMSD4_epoch0.tar
2026-05-07 19:24:56,766 - INFO - Epoch [0/10] train_loss: 0.4486, val_loss: 0.1134, lr: 0.001200, 16.97s
2026-05-07 19:24:56,869 - INFO - Saved model at 0
2026-05-07 19:24:56,869 - INFO - Val loss decrease from inf to 0.1134, saving to /home/lizhuoxuan/lzq/Bigscity-LibCity-master/outputs/20260507_192429__traffic_state_pred__new_diffusion_fuzzy__PEMSD4/model_cache/new_diffusion_fuzzy_PEMSD4_epoch0.tar
2026-05-07 19:24:56,896 - INFO - Epoch [0/10] train_loss: 0.4536, val_loss: 0.1127, lr: 0.001200, 17.09s
2026-05-07 19:24:56,973 - INFO - Saved model at 0
2026-05-07 19:24:56,973 - INFO - Val loss decrease from inf to 0.1127, saving to /home/lizhuoxuan/lzq/Bigscity-LibCity-master/outputs/20260507_192429__traffic_state_pred__new_diffusion_fuzzy__PEMSD4/model_cache/new_diffusion_fuzzy_PEMSD4_epoch0.tar
2026-05-07 19:25:11,915 - INFO - epoch complete!
2026-05-07 19:25:11,915 - INFO - evaluating now!
2026-05-07 19:25:11,945 - INFO - epoch complete!
2026-05-07 19:25:11,946 - INFO - evaluating now!
2026-05-07 19:25:12,166 - INFO - epoch complete!
2026-05-07 19:25:12,166 - INFO - evaluating now!
2026-05-07 19:25:12,275 - INFO - epoch complete!
2026-05-07 19:25:12,275 - INFO - evaluating now!
2026-05-07 19:25:13,126 - INFO - Epoch [1/10] train_loss: 0.1379, val_loss: 0.0989, lr: 0.001200, 16.37s
2026-05-07 19:25:13,159 - INFO - Epoch [1/10] train_loss: 0.1411, val_loss: 0.1019, lr: 0.001200, 16.40s
2026-05-07 19:25:13,307 - INFO - Saved model at 1
2026-05-07 19:25:13,308 - INFO - Val loss decrease from 0.1120 to 0.0989, saving to /home/lizhuoxuan/lzq/Bigscity-LibCity-master/outputs/20260507_192429__traffic_state_pred__new_diffusion_fuzzy__PEMSD4/model_cache/new_diffusion_fuzzy_PEMSD4_epoch1.tar
2026-05-07 19:25:13,310 - INFO - Saved model at 1
2026-05-07 19:25:13,310 - INFO - Val loss decrease from 0.1173 to 0.1019, saving to /home/lizhuoxuan/lzq/Bigscity-LibCity-master/outputs/20260507_192429__traffic_state_pred__new_diffusion_fuzzy__PEMSD4/model_cache/new_diffusion_fuzzy_PEMSD4_epoch1.tar
2026-05-07 19:25:13,389 - INFO - Epoch [1/10] train_loss: 0.1411, val_loss: 0.1012, lr: 0.001200, 16.52s
2026-05-07 19:25:13,482 - INFO - Saved model at 1
2026-05-07 19:25:13,483 - INFO - Val loss decrease from 0.1134 to 0.1012, saving to /home/lizhuoxuan/lzq/Bigscity-LibCity-master/outputs/20260507_192429__traffic_state_pred__new_diffusion_fuzzy__PEMSD4/model_cache/new_diffusion_fuzzy_PEMSD4_epoch1.tar
2026-05-07 19:25:13,494 - INFO - Epoch [1/10] train_loss: 0.1348, val_loss: 0.1008, lr: 0.001200, 16.52s
2026-05-07 19:25:13,577 - INFO - Saved model at 1
2026-05-07 19:25:13,578 - INFO - Val loss decrease from 0.1127 to 0.1008, saving to /home/lizhuoxuan/lzq/Bigscity-LibCity-master/outputs/20260507_192429__traffic_state_pred__new_diffusion_fuzzy__PEMSD4/model_cache/new_diffusion_fuzzy_PEMSD4_epoch1.tar
2026-05-07 19:25:28,372 - INFO - epoch complete!
2026-05-07 19:25:28,372 - INFO - evaluating now!
2026-05-07 19:25:28,390 - INFO - epoch complete!
2026-05-07 19:25:28,390 - INFO - evaluating now!
2026-05-07 19:25:28,681 - INFO - epoch complete!
2026-05-07 19:25:28,681 - INFO - evaluating now!
2026-05-07 19:25:28,742 - INFO - epoch complete!
2026-05-07 19:25:28,743 - INFO - evaluating now!
2026-05-07 19:25:29,571 - INFO - Epoch [2/10] train_loss: 0.1170, val_loss: 0.0972, lr: 0.001200, 16.26s
2026-05-07 19:25:29,604 - INFO - Epoch [2/10] train_loss: 0.1195, val_loss: 0.1001, lr: 0.001200, 16.29s
2026-05-07 19:25:29,771 - INFO - Saved model at 2
2026-05-07 19:25:29,772 - INFO - Val loss decrease from 0.0989 to 0.0972, saving to /home/lizhuoxuan/lzq/Bigscity-LibCity-master/outputs/20260507_192429__traffic_state_pred__new_diffusion_fuzzy__PEMSD4/model_cache/new_diffusion_fuzzy_PEMSD4_epoch2.tar
2026-05-07 19:25:29,861 - INFO - Saved model at 2
2026-05-07 19:25:29,861 - INFO - Val loss decrease from 0.1019 to 0.1001, saving to /home/lizhuoxuan/lzq/Bigscity-LibCity-master/outputs/20260507_192429__traffic_state_pred__new_diffusion_fuzzy__PEMSD4/model_cache/new_diffusion_fuzzy_PEMSD4_epoch2.tar
2026-05-07 19:25:29,906 - INFO - Epoch [2/10] train_loss: 0.1177, val_loss: 0.1063, lr: 0.001200, 16.42s
2026-05-07 19:25:29,967 - INFO - Epoch [2/10] train_loss: 0.1159, val_loss: 0.1008, lr: 0.001200, 16.39s
2026-05-07 19:25:44,837 - INFO - epoch complete!
2026-05-07 19:25:44,840 - INFO - evaluating now!
2026-05-07 19:25:44,949 - INFO - epoch complete!
2026-05-07 19:25:44,950 - INFO - evaluating now!
2026-05-07 19:25:45,106 - INFO - epoch complete!
2026-05-07 19:25:45,107 - INFO - evaluating now!
2026-05-07 19:25:45,169 - INFO - epoch complete!
2026-05-07 19:25:45,169 - INFO - evaluating now!
2026-05-07 19:25:46,051 - INFO - Epoch [3/10] train_loss: 0.1049, val_loss: 0.1103, lr: 0.001200, 16.28s
2026-05-07 19:25:46,164 - INFO - Epoch [3/10] train_loss: 0.1053, val_loss: 0.1287, lr: 0.001200, 16.30s
2026-05-07 19:25:46,330 - INFO - Epoch [3/10] train_loss: 0.1060, val_loss: 0.1009, lr: 0.001200, 16.42s
2026-05-07 19:25:46,373 - INFO - Saved model at 3
2026-05-07 19:25:46,373 - INFO - Val loss decrease from 0.1012 to 0.1009, saving to /home/lizhuoxuan/lzq/Bigscity-LibCity-master/outputs/20260507_192429__traffic_state_pred__new_diffusion_fuzzy__PEMSD4/model_cache/new_diffusion_fuzzy_PEMSD4_epoch3.tar
2026-05-07 19:25:46,390 - INFO - Epoch [3/10] train_loss: 0.1048, val_loss: 0.1148, lr: 0.001200, 16.42s
2026-05-07 19:26:01,129 - INFO - epoch complete!
2026-05-07 19:26:01,130 - INFO - evaluating now!
2026-05-07 19:26:01,259 - INFO - epoch complete!
2026-05-07 19:26:01,260 - INFO - evaluating now!
2026-05-07 19:26:01,577 - INFO - epoch complete!
2026-05-07 19:26:01,577 - INFO - evaluating now!
2026-05-07 19:26:01,591 - INFO - epoch complete!
2026-05-07 19:26:01,591 - INFO - evaluating now!
2026-05-07 19:26:02,343 - INFO - Epoch [4/10] train_loss: 0.1033, val_loss: 0.0826, lr: 0.001200, 16.29s
2026-05-07 19:26:02,385 - INFO - Saved model at 4
2026-05-07 19:26:02,385 - INFO - Val loss decrease from 0.0972 to 0.0826, saving to /home/lizhuoxuan/lzq/Bigscity-LibCity-master/outputs/20260507_192429__traffic_state_pred__new_diffusion_fuzzy__PEMSD4/model_cache/new_diffusion_fuzzy_PEMSD4_epoch4.tar
2026-05-07 19:26:02,474 - INFO - Epoch [4/10] train_loss: 0.1045, val_loss: 0.0829, lr: 0.001200, 16.31s
2026-05-07 19:26:02,742 - INFO - Saved model at 4
2026-05-07 19:26:02,743 - INFO - Val loss decrease from 0.1001 to 0.0829, saving to /home/lizhuoxuan/lzq/Bigscity-LibCity-master/outputs/20260507_192429__traffic_state_pred__new_diffusion_fuzzy__PEMSD4/model_cache/new_diffusion_fuzzy_PEMSD4_epoch4.tar
2026-05-07 19:26:02,800 - INFO - Epoch [4/10] train_loss: 0.1022, val_loss: 0.0818, lr: 0.001200, 16.41s
2026-05-07 19:26:02,816 - INFO - Epoch [4/10] train_loss: 0.1025, val_loss: 0.0824, lr: 0.001200, 16.44s
2026-05-07 19:26:02,879 - INFO - Saved model at 4
2026-05-07 19:26:02,879 - INFO - Saved model at 4
2026-05-07 19:26:02,880 - INFO - Val loss decrease from 0.1009 to 0.0824, saving to /home/lizhuoxuan/lzq/Bigscity-LibCity-master/outputs/20260507_192429__traffic_state_pred__new_diffusion_fuzzy__PEMSD4/model_cache/new_diffusion_fuzzy_PEMSD4_epoch4.tar
2026-05-07 19:26:02,880 - INFO - Val loss decrease from 0.1008 to 0.0818, saving to /home/lizhuoxuan/lzq/Bigscity-LibCity-master/outputs/20260507_192429__traffic_state_pred__new_diffusion_fuzzy__PEMSD4/model_cache/new_diffusion_fuzzy_PEMSD4_epoch4.tar
2026-05-07 19:26:17,474 - INFO - epoch complete!
2026-05-07 19:26:17,474 - INFO - evaluating now!
2026-05-07 19:26:17,837 - INFO - epoch complete!
2026-05-07 19:26:17,837 - INFO - evaluating now!
2026-05-07 19:26:18,081 - INFO - epoch complete!
2026-05-07 19:26:18,081 - INFO - evaluating now!
2026-05-07 19:26:18,086 - INFO - epoch complete!
2026-05-07 19:26:18,086 - INFO - evaluating now!
2026-05-07 19:26:18,688 - INFO - Epoch [5/10] train_loss: 0.0958, val_loss: 0.0852, lr: 0.001200, 16.30s
2026-05-07 19:26:19,054 - INFO - Epoch [5/10] train_loss: 0.0945, val_loss: 0.0925, lr: 0.001200, 16.31s
2026-05-07 19:26:19,300 - INFO - Epoch [5/10] train_loss: 0.0939, val_loss: 0.0828, lr: 0.001200, 16.42s
2026-05-07 19:26:19,308 - INFO - Epoch [5/10] train_loss: 0.0936, val_loss: 0.0845, lr: 0.001200, 16.43s
2026-05-07 19:26:33,786 - INFO - epoch complete!
2026-05-07 19:26:33,787 - INFO - evaluating now!
2026-05-07 19:26:34,152 - INFO - epoch complete!
2026-05-07 19:26:34,152 - INFO - evaluating now!
2026-05-07 19:26:34,502 - INFO - epoch complete!
2026-05-07 19:26:34,502 - INFO - evaluating now!
2026-05-07 19:26:34,518 - INFO - epoch complete!
2026-05-07 19:26:34,519 - INFO - evaluating now!
2026-05-07 19:26:35,002 - INFO - Epoch [6/10] train_loss: 0.0938, val_loss: 0.0875, lr: 0.001200, 16.31s
2026-05-07 19:26:35,368 - INFO - Epoch [6/10] train_loss: 0.0964, val_loss: 0.0930, lr: 0.001200, 16.31s
2026-05-07 19:26:35,725 - INFO - Epoch [6/10] train_loss: 0.0924, val_loss: 0.0881, lr: 0.001200, 16.42s
2026-05-07 19:26:35,742 - INFO - Epoch [6/10] train_loss: 0.0962, val_loss: 0.0874, lr: 0.001200, 16.43s
2026-05-07 19:26:50,118 - INFO - epoch complete!
2026-05-07 19:26:50,118 - INFO - evaluating now!
2026-05-07 19:26:50,479 - INFO - epoch complete!
2026-05-07 19:26:50,479 - INFO - evaluating now!
2026-05-07 19:26:50,928 - INFO - epoch complete!
2026-05-07 19:26:50,928 - INFO - evaluating now!
2026-05-07 19:26:50,962 - INFO - epoch complete!
2026-05-07 19:26:50,963 - INFO - evaluating now!
2026-05-07 19:26:51,335 - INFO - Epoch [7/10] train_loss: 0.0968, val_loss: 0.0854, lr: 0.001200, 16.33s
2026-05-07 19:26:51,694 - INFO - Epoch [7/10] train_loss: 0.0998, val_loss: 0.0832, lr: 0.001200, 16.33s
2026-05-07 19:26:52,151 - INFO - Epoch [7/10] train_loss: 0.0997, val_loss: 0.0881, lr: 0.001200, 16.43s
2026-05-07 19:26:52,186 - INFO - Epoch [7/10] train_loss: 0.0987, val_loss: 0.0814, lr: 0.001200, 16.44s
2026-05-07 19:26:52,228 - INFO - Saved model at 7
2026-05-07 19:26:52,228 - INFO - Val loss decrease from 0.0824 to 0.0814, saving to /home/lizhuoxuan/lzq/Bigscity-LibCity-master/outputs/20260507_192429__traffic_state_pred__new_diffusion_fuzzy__PEMSD4/model_cache/new_diffusion_fuzzy_PEMSD4_epoch7.tar
2026-05-07 19:27:06,594 - INFO - epoch complete!
2026-05-07 19:27:06,594 - INFO - evaluating now!
2026-05-07 19:27:06,917 - INFO - epoch complete!
2026-05-07 19:27:06,917 - INFO - evaluating now!
2026-05-07 19:27:07,458 - INFO - epoch complete!
2026-05-07 19:27:07,458 - INFO - evaluating now!
2026-05-07 19:27:07,562 - INFO - epoch complete!
2026-05-07 19:27:07,562 - INFO - evaluating now!
2026-05-07 19:27:07,816 - INFO - Epoch [8/10] train_loss: 0.0915, val_loss: 0.0936, lr: 0.001200, 16.48s
2026-05-07 19:27:08,132 - INFO - Epoch [8/10] train_loss: 0.0907, val_loss: 0.0974, lr: 0.001200, 16.44s
2026-05-07 19:27:08,679 - INFO - Epoch [8/10] train_loss: 0.0887, val_loss: 0.0815, lr: 0.001200, 16.53s
2026-05-07 19:27:08,721 - INFO - Saved model at 8
2026-05-07 19:27:08,721 - INFO - Val loss decrease from 0.0818 to 0.0815, saving to /home/lizhuoxuan/lzq/Bigscity-LibCity-master/outputs/20260507_192429__traffic_state_pred__new_diffusion_fuzzy__PEMSD4/model_cache/new_diffusion_fuzzy_PEMSD4_epoch8.tar
2026-05-07 19:27:08,786 - INFO - Epoch [8/10] train_loss: 0.0908, val_loss: 0.0908, lr: 0.001200, 16.56s
2026-05-07 19:27:23,035 - INFO - epoch complete!
2026-05-07 19:27:23,035 - INFO - evaluating now!
2026-05-07 19:27:23,246 - INFO - epoch complete!
2026-05-07 19:27:23,246 - INFO - evaluating now!
2026-05-07 19:27:23,919 - INFO - epoch complete!
2026-05-07 19:27:23,919 - INFO - evaluating now!
2026-05-07 19:27:24,009 - INFO - epoch complete!
2026-05-07 19:27:24,009 - INFO - evaluating now!
2026-05-07 19:27:24,261 - INFO - Epoch [9/10] train_loss: 0.0863, val_loss: 0.0780, lr: 0.001200, 16.44s
2026-05-07 19:27:24,303 - INFO - Saved model at 9
2026-05-07 19:27:24,303 - INFO - Val loss decrease from 0.0826 to 0.0780, saving to /home/lizhuoxuan/lzq/Bigscity-LibCity-master/outputs/20260507_192429__traffic_state_pred__new_diffusion_fuzzy__PEMSD4/model_cache/new_diffusion_fuzzy_PEMSD4_epoch9.tar
2026-05-07 19:27:24,303 - INFO - Trained totally 10 epochs, average train time is 15.178s, average eval time is 1.214s
2026-05-07 19:27:24,409 - INFO - Loaded model at 9
2026-05-07 19:27:24,461 - INFO - Epoch [9/10] train_loss: 0.0875, val_loss: 0.0799, lr: 0.001200, 16.33s
2026-05-07 19:27:24,683 - INFO - Saved model at 9
2026-05-07 19:27:24,684 - INFO - Val loss decrease from 0.0829 to 0.0799, saving to /home/lizhuoxuan/lzq/Bigscity-LibCity-master/outputs/20260507_192429__traffic_state_pred__new_diffusion_fuzzy__PEMSD4/model_cache/new_diffusion_fuzzy_PEMSD4_epoch9.tar
2026-05-07 19:27:24,684 - INFO - Trained totally 10 epochs, average train time is 15.175s, average eval time is 1.215s
2026-05-07 19:27:24,789 - INFO - Loaded model at 9
2026-05-07 19:27:25,139 - INFO - Epoch [9/10] train_loss: 0.0857, val_loss: 0.0831, lr: 0.001200, 16.42s
2026-05-07 19:27:25,139 - INFO - Trained totally 10 epochs, average train time is 15.276s, average eval time is 1.229s
2026-05-07 19:27:25,233 - INFO - Epoch [9/10] train_loss: 0.0871, val_loss: 0.0833, lr: 0.001200, 16.45s
2026-05-07 19:27:25,233 - INFO - Trained totally 10 epochs, average train time is 15.285s, average eval time is 1.223s
2026-05-07 19:27:25,246 - INFO - Loaded model at 8
2026-05-07 19:27:25,337 - INFO - Loaded model at 7
2026-05-07 19:27:25,338 - INFO - Saved model at /home/lizhuoxuan/lzq/Bigscity-LibCity-master/outputs/20260507_192429__traffic_state_pred__new_diffusion_fuzzy__PEMSD4/model_cache/new_diffusion_fuzzy_PEMSD4.m
2026-05-07 19:27:25,382 - INFO - Start evaluating ...
2026-05-07 19:28:58,989 - INFO - Note that you select the single mode to evaluate!
2026-05-07 19:28:58,993 - INFO - Evaluate result is saved at /home/lizhuoxuan/lzq/Bigscity-LibCity-master/outputs/20260507_192429__traffic_state_pred__new_diffusion_fuzzy__PEMSD4/evaluate_cache/2026_05_07_19_28_58_new_diffusion_fuzzy_PEMSD4.csv
2026-05-07 19:28:59,004 - INFO - 
          MAE          MAPE           MSE  ...  masked_RMSE        R2      EVAR
1   91.335533  73254.054688  17434.085938  ...   132.301682 -0.047322 -0.039171
2   91.324898  72202.789062  17418.789062  ...   132.230759 -0.046593 -0.038456
3   91.461334  71383.304688  17457.060547  ...   132.385269 -0.048477 -0.040173
4   91.382179  70345.210938  17437.910156  ...   132.320892 -0.047354 -0.039234
5   91.315727  71929.898438  17419.769531  ...   132.252884 -0.046406 -0.038369
6   91.518501  71755.242188  17500.417969  ...   132.547623 -0.051447 -0.043078
7   91.386734  71470.750000  17444.960938  ...   132.334564 -0.047723 -0.039526
8   91.430115  70392.335938  17489.005859  ...   132.509003 -0.050400 -0.041953
9   91.513107  73014.789062  17503.890625  ...   132.562119 -0.051439 -0.043175
10  91.477737  70847.406250  17503.451172  ...   132.563766 -0.051608 -0.043203
11  91.416374  70925.460938  17511.800781  ...   132.592377 -0.051725 -0.043118
12  91.409447  71887.835938  17495.916016  ...   132.521851 -0.050799 -0.042382

[12 rows x 10 columns]
