2026-06-04 13:57:09,805 - INFO - Log directory: D:\a_code\A_Agent\projects\LibCity\outputs\20260604_135709__traffic_state_pred__final_3_type2__PEMSD8\logs
2026-06-04 13:57:09,807 - INFO - Begin artifact training pipeline, task=traffic_state_pred, model_name=final_3_type2, dataset_name=PEMSD8, exp_id=20260604_135709__traffic_state_pred__final_3_type2__PEMSD8
2026-06-04 13:57:09,807 - INFO - {'task': 'traffic_state_pred', 'model': 'final_3_type2', 'dataset': 'PEMSD8', 'saved_model': True, 'train': True, 'seed': 42, 'gpu': True, 'gpu_id': 0, 'train_rate': 0.6, 'eval_rate': 0.2, 'batch_size': 64, 'learning_rate': 0.0005, 'max_epoch': 10, 'dataset_class': 'TrafficStatePointDataset', 'executor': 'FinalNewExecutor3_Type2', 'evaluator': 'TrafficStateEvaluator', 'band_center_init': 1.1, 'band_width_init': 0.7, 'calculate_weight_adj': False, 'cell_blend_init': 0, 'conservation_loss_weight': 0.1, 'conservation_steps_per_epoch': 80, 'conservation_warmup_epochs': 5, 'data_col': ['traffic_flow', 'traffic_occupancy', 'traffic_speed'], 'data_files': ['PEMSD8'], 'decoder_layers': 2, 'device': device(type='cuda', index=0), 'disturb_rate': 0.5, 'dropout': 0.1, 'dyna': {'including_types': ['state'], 'state': {'entity_id': 'geo_id', 'traffic_flow': 'num', 'traffic_occupancy': 'num', 'traffic_speed': 'num'}}, 'encoder_layers': 2, 'entropy_scale': 0.1, 'eval_batch_size': 64, 'evaluator_mode': 'single', 'ffn_hidden_dim': 128, 'fir_mode': 'lukasiewicz', 'fou_entropy_align_weight': 0.01, 'fuzzy_num_sets': 4, 'geo': {'including_types': ['Point'], 'Point': {}}, 'geo_file': 'PEMSD8', 'graph_k_hop': 2, 'hidden_dim': 96, 'init_weight_inf_or_zero': 'zero', 'is_distributed': False, 'metrics': ['MAE', 'MAPE', 'MSE', 'RMSE', 'masked_MAE', 'masked_MAPE', 'masked_MSE', 'masked_RMSE', 'R2', 'EVAR'], 'noise_SD': [10], 'noise_mean': [5], 'noise_type': 'gaussian', 'num_cells': 8, 'num_heads': 2, 'num_workers': 0, 'output_dim': 3, 'pad_with_last_sample': True, 'physics_channel_idx': 0, 'rank': 0, 'region_transformer_layers': 1, 'rel': {'including_types': ['geo'], 'geo': {'cost': 'num'}}, 'rel_file': 'PEMSD8', 'robustness_test': False, 'save_mode': ['csv'], 'semantic_closure_hops': 3, 'set_weight_link_or_dist': 'link', 'sparsification_epsilon': 0.05, 'time_intervals': 300, 'type2_fou_gate_scale': 1, 'type2_graph_mode': 'mid', 'use_amp': True, 'use_entropy_dynamic_graph': True, 'use_entropy_fir_weight': True, 'use_fou_entropy_modulation': True, 'use_fuzzy_routing': True, 'use_fuzzy_sparsification': True, 'use_gradient_checkpointing': False, 'use_semantic_closure': True, 'use_temporal_position_embedding': True, 'use_type2_fuzzy': True, 'weight_adj_epsilon': 0.1, 'weight_col': 'cost', 'world_size': 1, 'clip_grad_norm': True, 'epoch': 0, 'learner': 'adamw', 'load_best_epoch': True, 'log_every': 1, 'lr_decay': True, 'lr_decay_ratio': 0.5, 'lr_patience': 5, 'lr_scheduler': 'reducelronplateau', 'lr_threshold': 0.001, 'max_grad_norm': 3, 'patience': 10, 'train_loss': 'none', 'use_early_stop': True, 'weight_decay': 0.0001, 'data_version_id': 'dv_1780551246_598e22f2', 'input_window': 12, 'output_window': 12, 'scaler': 'standard', 'load_external': False, 'normal_external': False, 'add_time_in_day': True, 'add_day_in_week': True, 'cache_dataset': True, 'ext_scaler': 'none', 'exp_id': '20260604_135709__traffic_state_pred__final_3_type2__PEMSD8'}
2026-06-04 13:57:23,559 - INFO - NewFuzzyCellAttention3_Type2(
  (fuzzy_graph): FuzzyRelationalGraphLearner(
    (raw_projection): Linear(in_features=11, out_features=96, bias=True)
    (feature_to_membership): Sequential(
      (0): Linear(in_features=96, out_features=48, bias=True)
      (1): GELU(approximate='none')
      (2): Linear(in_features=48, out_features=4, bias=True)
    )
  )
  (condition_encoder): STEncoder(
    (input_projection): Linear(in_features=11, out_features=96, bias=True)
    (blocks): ModuleList(
      (0-1): 2 x STEncoderBlock(
        (temporal_attention): MultiHeadAttention(
          (query_projection): Linear(in_features=96, out_features=96, bias=True)
          (key_projection): Linear(in_features=96, out_features=96, bias=True)
          (value_projection): Linear(in_features=96, out_features=96, bias=True)
          (output_projection): Linear(in_features=96, out_features=96, bias=True)
          (dropout): Dropout(p=0.1, inplace=False)
        )
        (graph_convolution): FuzzyGraphConvolution(
          (projections): ModuleList(
            (0-2): 3 x Linear(in_features=96, out_features=96, bias=True)
          )
        )
        (feed_forward): FeedForwardNetwork(
          (network): Sequential(
            (0): Linear(in_features=96, out_features=128, bias=True)
            (1): GELU(approximate='none')
            (2): Dropout(p=0.1, inplace=False)
            (3): Linear(in_features=128, out_features=96, bias=True)
            (4): Dropout(p=0.1, inplace=False)
          )
        )
        (norm_temporal): LayerNorm((96,), eps=1e-05, elementwise_affine=True)
        (norm_graph): LayerNorm((96,), eps=1e-05, elementwise_affine=True)
        (norm_ffn): LayerNorm((96,), eps=1e-05, elementwise_affine=True)
        (dropout): Dropout(p=0.1, inplace=False)
        (cell_attention): FuzzyCellAttention(
          (cell_transform): Linear(in_features=96, out_features=96, bias=True)
          (output_projection): Linear(in_features=96, out_features=96, bias=True)
          (region_transformer): RegionTransformer(
            (self_attn): MultiHeadAttention(
              (query_projection): Linear(in_features=96, out_features=96, bias=True)
              (key_projection): Linear(in_features=96, out_features=96, bias=True)
              (value_projection): Linear(in_features=96, out_features=96, bias=True)
              (output_projection): Linear(in_features=96, out_features=96, bias=True)
              (dropout): Dropout(p=0.1, inplace=False)
            )
            (ffn): FeedForwardNetwork(
              (network): Sequential(
                (0): Linear(in_features=96, out_features=192, bias=True)
                (1): GELU(approximate='none')
                (2): Dropout(p=0.1, inplace=False)
                (3): Linear(in_features=192, out_features=96, bias=True)
                (4): Dropout(p=0.1, inplace=False)
              )
            )
            (norm1): LayerNorm((96,), eps=1e-05, elementwise_affine=True)
            (norm2): LayerNorm((96,), eps=1e-05, elementwise_affine=True)
            (dropout): Dropout(p=0.1, inplace=False)
          )
          (fuzzy_to_cell): Linear(in_features=4, out_features=8, bias=True)
        )
        (norm_cell): LayerNorm((96,), eps=1e-05, elementwise_affine=True)
      )
    )
    (final_norm): LayerNorm((96,), eps=1e-05, elementwise_affine=True)
  )
  (future_decoder): FutureDecoder(
    (blocks): ModuleList(
      (0-1): 2 x DecoderBlock(
        (temporal_attention): MultiHeadAttention(
          (query_projection): Linear(in_features=96, out_features=96, bias=True)
          (key_projection): Linear(in_features=96, out_features=96, bias=True)
          (value_projection): Linear(in_features=96, out_features=96, bias=True)
          (output_projection): Linear(in_features=96, out_features=96, bias=True)
          (dropout): Dropout(p=0.1, inplace=False)
        )
        (graph_convolution): FuzzyGraphConvolution(
          (projections): ModuleList(
            (0-2): 3 x Linear(in_features=96, out_features=96, bias=True)
          )
        )
        (cross_attention): MultiHeadAttention(
          (query_projection): Linear(in_features=96, out_features=96, bias=True)
          (key_projection): Linear(in_features=96, out_features=96, bias=True)
          (value_projection): Linear(in_features=96, out_features=96, bias=True)
          (output_projection): Linear(in_features=96, out_features=96, bias=True)
          (dropout): Dropout(p=0.1, inplace=False)
        )
        (feed_forward): FeedForwardNetwork(
          (network): Sequential(
            (0): Linear(in_features=96, out_features=128, bias=True)
            (1): GELU(approximate='none')
            (2): Dropout(p=0.1, inplace=False)
            (3): Linear(in_features=128, out_features=96, bias=True)
            (4): Dropout(p=0.1, inplace=False)
          )
        )
        (norm_temporal): LayerNorm((96,), eps=1e-05, elementwise_affine=True)
        (norm_graph): LayerNorm((96,), eps=1e-05, elementwise_affine=True)
        (norm_cross): LayerNorm((96,), eps=1e-05, elementwise_affine=True)
        (norm_ffn): LayerNorm((96,), eps=1e-05, elementwise_affine=True)
        (dropout): Dropout(p=0.1, inplace=False)
        (cell_attention): FuzzyCellAttention(
          (cell_transform): Linear(in_features=96, out_features=96, bias=True)
          (output_projection): Linear(in_features=96, out_features=96, bias=True)
          (region_transformer): RegionTransformer(
            (self_attn): MultiHeadAttention(
              (query_projection): Linear(in_features=96, out_features=96, bias=True)
              (key_projection): Linear(in_features=96, out_features=96, bias=True)
              (value_projection): Linear(in_features=96, out_features=96, bias=True)
              (output_projection): Linear(in_features=96, out_features=96, bias=True)
              (dropout): Dropout(p=0.1, inplace=False)
            )
            (ffn): FeedForwardNetwork(
              (network): Sequential(
                (0): Linear(in_features=96, out_features=192, bias=True)
                (1): GELU(approximate='none')
                (2): Dropout(p=0.1, inplace=False)
                (3): Linear(in_features=192, out_features=96, bias=True)
                (4): Dropout(p=0.1, inplace=False)
              )
            )
            (norm1): LayerNorm((96,), eps=1e-05, elementwise_affine=True)
            (norm2): LayerNorm((96,), eps=1e-05, elementwise_affine=True)
            (dropout): Dropout(p=0.1, inplace=False)
          )
          (fuzzy_to_cell): Linear(in_features=4, out_features=8, bias=True)
        )
        (norm_cell): LayerNorm((96,), eps=1e-05, elementwise_affine=True)
      )
    )
    (final_norm): LayerNorm((96,), eps=1e-05, elementwise_affine=True)
    (output_projection): Linear(in_features=96, out_features=3, bias=True)
  )
)
2026-06-04 13:57:23,562 - INFO - fuzzy_graph.base_membership_lower	torch.Size([170, 4])	cuda:0	True
2026-06-04 13:57:23,562 - INFO - fuzzy_graph.base_membership_delta	torch.Size([170, 4])	cuda:0	True
2026-06-04 13:57:23,562 - INFO - fuzzy_graph.blend_logit	torch.Size([])	cuda:0	True
2026-06-04 13:57:23,562 - INFO - fuzzy_graph.raw_projection.weight	torch.Size([96, 11])	cuda:0	True
2026-06-04 13:57:23,562 - INFO - fuzzy_graph.raw_projection.bias	torch.Size([96])	cuda:0	True
2026-06-04 13:57:23,562 - INFO - fuzzy_graph.feature_to_membership.0.weight	torch.Size([48, 96])	cuda:0	True
2026-06-04 13:57:23,562 - INFO - fuzzy_graph.feature_to_membership.0.bias	torch.Size([48])	cuda:0	True
2026-06-04 13:57:23,562 - INFO - fuzzy_graph.feature_to_membership.2.weight	torch.Size([4, 48])	cuda:0	True
2026-06-04 13:57:23,562 - INFO - fuzzy_graph.feature_to_membership.2.bias	torch.Size([4])	cuda:0	True
2026-06-04 13:57:23,562 - INFO - condition_encoder.temporal_position_embedding	torch.Size([1, 12, 1, 96])	cuda:0	True
2026-06-04 13:57:23,562 - INFO - condition_encoder.input_projection.weight	torch.Size([96, 11])	cuda:0	True
2026-06-04 13:57:23,562 - INFO - condition_encoder.input_projection.bias	torch.Size([96])	cuda:0	True
2026-06-04 13:57:23,562 - INFO - condition_encoder.blocks.0.temporal_attention.query_projection.weight	torch.Size([96, 96])	cuda:0	True
2026-06-04 13:57:23,562 - INFO - condition_encoder.blocks.0.temporal_attention.query_projection.bias	torch.Size([96])	cuda:0	True
2026-06-04 13:57:23,562 - INFO - condition_encoder.blocks.0.temporal_attention.key_projection.weight	torch.Size([96, 96])	cuda:0	True
2026-06-04 13:57:23,562 - INFO - condition_encoder.blocks.0.temporal_attention.key_projection.bias	torch.Size([96])	cuda:0	True
2026-06-04 13:57:23,562 - INFO - condition_encoder.blocks.0.temporal_attention.value_projection.weight	torch.Size([96, 96])	cuda:0	True
2026-06-04 13:57:23,562 - INFO - condition_encoder.blocks.0.temporal_attention.value_projection.bias	torch.Size([96])	cuda:0	True
2026-06-04 13:57:23,562 - INFO - condition_encoder.blocks.0.temporal_attention.output_projection.weight	torch.Size([96, 96])	cuda:0	True
2026-06-04 13:57:23,564 - INFO - condition_encoder.blocks.0.temporal_attention.output_projection.bias	torch.Size([96])	cuda:0	True
2026-06-04 13:57:23,564 - INFO - condition_encoder.blocks.0.graph_convolution.projections.0.weight	torch.Size([96, 96])	cuda:0	True
2026-06-04 13:57:23,564 - INFO - condition_encoder.blocks.0.graph_convolution.projections.0.bias	torch.Size([96])	cuda:0	True
2026-06-04 13:57:23,564 - INFO - condition_encoder.blocks.0.graph_convolution.projections.1.weight	torch.Size([96, 96])	cuda:0	True
2026-06-04 13:57:23,564 - INFO - condition_encoder.blocks.0.graph_convolution.projections.1.bias	torch.Size([96])	cuda:0	True
2026-06-04 13:57:23,564 - INFO - condition_encoder.blocks.0.graph_convolution.projections.2.weight	torch.Size([96, 96])	cuda:0	True
2026-06-04 13:57:23,564 - INFO - condition_encoder.blocks.0.graph_convolution.projections.2.bias	torch.Size([96])	cuda:0	True
2026-06-04 13:57:23,564 - INFO - condition_encoder.blocks.0.feed_forward.network.0.weight	torch.Size([128, 96])	cuda:0	True
2026-06-04 13:57:23,564 - INFO - condition_encoder.blocks.0.feed_forward.network.0.bias	torch.Size([128])	cuda:0	True
2026-06-04 13:57:23,564 - INFO - condition_encoder.blocks.0.feed_forward.network.3.weight	torch.Size([96, 128])	cuda:0	True
2026-06-04 13:57:23,564 - INFO - condition_encoder.blocks.0.feed_forward.network.3.bias	torch.Size([96])	cuda:0	True
2026-06-04 13:57:23,564 - INFO - condition_encoder.blocks.0.norm_temporal.weight	torch.Size([96])	cuda:0	True
2026-06-04 13:57:23,564 - INFO - condition_encoder.blocks.0.norm_temporal.bias	torch.Size([96])	cuda:0	True
2026-06-04 13:57:23,564 - INFO - condition_encoder.blocks.0.norm_graph.weight	torch.Size([96])	cuda:0	True
2026-06-04 13:57:23,564 - INFO - condition_encoder.blocks.0.norm_graph.bias	torch.Size([96])	cuda:0	True
2026-06-04 13:57:23,564 - INFO - condition_encoder.blocks.0.norm_ffn.weight	torch.Size([96])	cuda:0	True
2026-06-04 13:57:23,564 - INFO - condition_encoder.blocks.0.norm_ffn.bias	torch.Size([96])	cuda:0	True
2026-06-04 13:57:23,564 - INFO - condition_encoder.blocks.0.cell_attention.region_mu	torch.Size([8, 96])	cuda:0	True
2026-06-04 13:57:23,564 - INFO - condition_encoder.blocks.0.cell_attention.region_log_sigma	torch.Size([8])	cuda:0	True
2026-06-04 13:57:23,564 - INFO - condition_encoder.blocks.0.cell_attention.log_sigma_sq	torch.Size([1])	cuda:0	True
2026-06-04 13:57:23,564 - INFO - condition_encoder.blocks.0.cell_attention.cell_blend	torch.Size([])	cuda:0	True
2026-06-04 13:57:23,564 - INFO - condition_encoder.blocks.0.cell_attention.band_center	torch.Size([])	cuda:0	True
2026-06-04 13:57:23,564 - INFO - condition_encoder.blocks.0.cell_attention.band_width_raw	torch.Size([])	cuda:0	True
2026-06-04 13:57:23,564 - INFO - condition_encoder.blocks.0.cell_attention.cell_transform.weight	torch.Size([96, 96])	cuda:0	True
2026-06-04 13:57:23,564 - INFO - condition_encoder.blocks.0.cell_attention.cell_transform.bias	torch.Size([96])	cuda:0	True
2026-06-04 13:57:23,564 - INFO - condition_encoder.blocks.0.cell_attention.output_projection.weight	torch.Size([96, 96])	cuda:0	True
2026-06-04 13:57:23,564 - INFO - condition_encoder.blocks.0.cell_attention.output_projection.bias	torch.Size([96])	cuda:0	True
2026-06-04 13:57:23,566 - INFO - condition_encoder.blocks.0.cell_attention.region_transformer.self_attn.query_projection.weight	torch.Size([96, 96])	cuda:0	True
2026-06-04 13:57:23,566 - INFO - condition_encoder.blocks.0.cell_attention.region_transformer.self_attn.query_projection.bias	torch.Size([96])	cuda:0	True
2026-06-04 13:57:23,566 - INFO - condition_encoder.blocks.0.cell_attention.region_transformer.self_attn.key_projection.weight	torch.Size([96, 96])	cuda:0	True
2026-06-04 13:57:23,566 - INFO - condition_encoder.blocks.0.cell_attention.region_transformer.self_attn.key_projection.bias	torch.Size([96])	cuda:0	True
2026-06-04 13:57:23,566 - INFO - condition_encoder.blocks.0.cell_attention.region_transformer.self_attn.value_projection.weight	torch.Size([96, 96])	cuda:0	True
2026-06-04 13:57:23,566 - INFO - condition_encoder.blocks.0.cell_attention.region_transformer.self_attn.value_projection.bias	torch.Size([96])	cuda:0	True
2026-06-04 13:57:23,566 - INFO - condition_encoder.blocks.0.cell_attention.region_transformer.self_attn.output_projection.weight	torch.Size([96, 96])	cuda:0	True
2026-06-04 13:57:23,566 - INFO - condition_encoder.blocks.0.cell_attention.region_transformer.self_attn.output_projection.bias	torch.Size([96])	cuda:0	True
2026-06-04 13:57:23,566 - INFO - condition_encoder.blocks.0.cell_attention.region_transformer.ffn.network.0.weight	torch.Size([192, 96])	cuda:0	True
2026-06-04 13:57:23,566 - INFO - condition_encoder.blocks.0.cell_attention.region_transformer.ffn.network.0.bias	torch.Size([192])	cuda:0	True
2026-06-04 13:57:23,566 - INFO - condition_encoder.blocks.0.cell_attention.region_transformer.ffn.network.3.weight	torch.Size([96, 192])	cuda:0	True
2026-06-04 13:57:23,566 - INFO - condition_encoder.blocks.0.cell_attention.region_transformer.ffn.network.3.bias	torch.Size([96])	cuda:0	True
2026-06-04 13:57:23,566 - INFO - condition_encoder.blocks.0.cell_attention.region_transformer.norm1.weight	torch.Size([96])	cuda:0	True
2026-06-04 13:57:23,566 - INFO - condition_encoder.blocks.0.cell_attention.region_transformer.norm1.bias	torch.Size([96])	cuda:0	True
2026-06-04 13:57:23,566 - INFO - condition_encoder.blocks.0.cell_attention.region_transformer.norm2.weight	torch.Size([96])	cuda:0	True
2026-06-04 13:57:23,566 - INFO - condition_encoder.blocks.0.cell_attention.region_transformer.norm2.bias	torch.Size([96])	cuda:0	True
2026-06-04 13:57:23,566 - INFO - condition_encoder.blocks.0.cell_attention.fuzzy_to_cell.weight	torch.Size([8, 4])	cuda:0	True
2026-06-04 13:57:23,566 - INFO - condition_encoder.blocks.0.cell_attention.fuzzy_to_cell.bias	torch.Size([8])	cuda:0	True
2026-06-04 13:57:23,566 - INFO - condition_encoder.blocks.0.norm_cell.weight	torch.Size([96])	cuda:0	True
2026-06-04 13:57:23,566 - INFO - condition_encoder.blocks.0.norm_cell.bias	torch.Size([96])	cuda:0	True
2026-06-04 13:57:23,566 - INFO - condition_encoder.blocks.1.temporal_attention.query_projection.weight	torch.Size([96, 96])	cuda:0	True
2026-06-04 13:57:23,566 - INFO - condition_encoder.blocks.1.temporal_attention.query_projection.bias	torch.Size([96])	cuda:0	True
2026-06-04 13:57:23,566 - INFO - condition_encoder.blocks.1.temporal_attention.key_projection.weight	torch.Size([96, 96])	cuda:0	True
2026-06-04 13:57:23,567 - INFO - condition_encoder.blocks.1.temporal_attention.key_projection.bias	torch.Size([96])	cuda:0	True
2026-06-04 13:57:23,567 - INFO - condition_encoder.blocks.1.temporal_attention.value_projection.weight	torch.Size([96, 96])	cuda:0	True
2026-06-04 13:57:23,567 - INFO - condition_encoder.blocks.1.temporal_attention.value_projection.bias	torch.Size([96])	cuda:0	True
2026-06-04 13:57:23,567 - INFO - condition_encoder.blocks.1.temporal_attention.output_projection.weight	torch.Size([96, 96])	cuda:0	True
2026-06-04 13:57:23,567 - INFO - condition_encoder.blocks.1.temporal_attention.output_projection.bias	torch.Size([96])	cuda:0	True
2026-06-04 13:57:23,567 - INFO - condition_encoder.blocks.1.graph_convolution.projections.0.weight	torch.Size([96, 96])	cuda:0	True
2026-06-04 13:57:23,567 - INFO - condition_encoder.blocks.1.graph_convolution.projections.0.bias	torch.Size([96])	cuda:0	True
2026-06-04 13:57:23,567 - INFO - condition_encoder.blocks.1.graph_convolution.projections.1.weight	torch.Size([96, 96])	cuda:0	True
2026-06-04 13:57:23,567 - INFO - condition_encoder.blocks.1.graph_convolution.projections.1.bias	torch.Size([96])	cuda:0	True
2026-06-04 13:57:23,567 - INFO - condition_encoder.blocks.1.graph_convolution.projections.2.weight	torch.Size([96, 96])	cuda:0	True
2026-06-04 13:57:23,567 - INFO - condition_encoder.blocks.1.graph_convolution.projections.2.bias	torch.Size([96])	cuda:0	True
2026-06-04 13:57:23,567 - INFO - condition_encoder.blocks.1.feed_forward.network.0.weight	torch.Size([128, 96])	cuda:0	True
2026-06-04 13:57:23,567 - INFO - condition_encoder.blocks.1.feed_forward.network.0.bias	torch.Size([128])	cuda:0	True
2026-06-04 13:57:23,567 - INFO - condition_encoder.blocks.1.feed_forward.network.3.weight	torch.Size([96, 128])	cuda:0	True
2026-06-04 13:57:23,567 - INFO - condition_encoder.blocks.1.feed_forward.network.3.bias	torch.Size([96])	cuda:0	True
2026-06-04 13:57:23,567 - INFO - condition_encoder.blocks.1.norm_temporal.weight	torch.Size([96])	cuda:0	True
2026-06-04 13:57:23,567 - INFO - condition_encoder.blocks.1.norm_temporal.bias	torch.Size([96])	cuda:0	True
2026-06-04 13:57:23,567 - INFO - condition_encoder.blocks.1.norm_graph.weight	torch.Size([96])	cuda:0	True
2026-06-04 13:57:23,567 - INFO - condition_encoder.blocks.1.norm_graph.bias	torch.Size([96])	cuda:0	True
2026-06-04 13:57:23,567 - INFO - condition_encoder.blocks.1.norm_ffn.weight	torch.Size([96])	cuda:0	True
2026-06-04 13:57:23,567 - INFO - condition_encoder.blocks.1.norm_ffn.bias	torch.Size([96])	cuda:0	True
2026-06-04 13:57:23,567 - INFO - condition_encoder.blocks.1.cell_attention.region_mu	torch.Size([8, 96])	cuda:0	True
2026-06-04 13:57:23,567 - INFO - condition_encoder.blocks.1.cell_attention.region_log_sigma	torch.Size([8])	cuda:0	True
2026-06-04 13:57:23,567 - INFO - condition_encoder.blocks.1.cell_attention.log_sigma_sq	torch.Size([1])	cuda:0	True
2026-06-04 13:57:23,567 - INFO - condition_encoder.blocks.1.cell_attention.cell_blend	torch.Size([])	cuda:0	True
2026-06-04 13:57:23,567 - INFO - condition_encoder.blocks.1.cell_attention.band_center	torch.Size([])	cuda:0	True
2026-06-04 13:57:23,567 - INFO - condition_encoder.blocks.1.cell_attention.band_width_raw	torch.Size([])	cuda:0	True
2026-06-04 13:57:23,567 - INFO - condition_encoder.blocks.1.cell_attention.cell_transform.weight	torch.Size([96, 96])	cuda:0	True
2026-06-04 13:57:23,569 - INFO - condition_encoder.blocks.1.cell_attention.cell_transform.bias	torch.Size([96])	cuda:0	True
2026-06-04 13:57:23,569 - INFO - condition_encoder.blocks.1.cell_attention.output_projection.weight	torch.Size([96, 96])	cuda:0	True
2026-06-04 13:57:23,569 - INFO - condition_encoder.blocks.1.cell_attention.output_projection.bias	torch.Size([96])	cuda:0	True
2026-06-04 13:57:23,569 - INFO - condition_encoder.blocks.1.cell_attention.region_transformer.self_attn.query_projection.weight	torch.Size([96, 96])	cuda:0	True
2026-06-04 13:57:23,569 - INFO - condition_encoder.blocks.1.cell_attention.region_transformer.self_attn.query_projection.bias	torch.Size([96])	cuda:0	True
2026-06-04 13:57:23,569 - INFO - condition_encoder.blocks.1.cell_attention.region_transformer.self_attn.key_projection.weight	torch.Size([96, 96])	cuda:0	True
2026-06-04 13:57:23,569 - INFO - condition_encoder.blocks.1.cell_attention.region_transformer.self_attn.key_projection.bias	torch.Size([96])	cuda:0	True
2026-06-04 13:57:23,569 - INFO - condition_encoder.blocks.1.cell_attention.region_transformer.self_attn.value_projection.weight	torch.Size([96, 96])	cuda:0	True
2026-06-04 13:57:23,569 - INFO - condition_encoder.blocks.1.cell_attention.region_transformer.self_attn.value_projection.bias	torch.Size([96])	cuda:0	True
2026-06-04 13:57:23,569 - INFO - condition_encoder.blocks.1.cell_attention.region_transformer.self_attn.output_projection.weight	torch.Size([96, 96])	cuda:0	True
2026-06-04 13:57:23,569 - INFO - condition_encoder.blocks.1.cell_attention.region_transformer.self_attn.output_projection.bias	torch.Size([96])	cuda:0	True
2026-06-04 13:57:23,569 - INFO - condition_encoder.blocks.1.cell_attention.region_transformer.ffn.network.0.weight	torch.Size([192, 96])	cuda:0	True
2026-06-04 13:57:23,569 - INFO - condition_encoder.blocks.1.cell_attention.region_transformer.ffn.network.0.bias	torch.Size([192])	cuda:0	True
2026-06-04 13:57:23,569 - INFO - condition_encoder.blocks.1.cell_attention.region_transformer.ffn.network.3.weight	torch.Size([96, 192])	cuda:0	True
2026-06-04 13:57:23,569 - INFO - condition_encoder.blocks.1.cell_attention.region_transformer.ffn.network.3.bias	torch.Size([96])	cuda:0	True
2026-06-04 13:57:23,569 - INFO - condition_encoder.blocks.1.cell_attention.region_transformer.norm1.weight	torch.Size([96])	cuda:0	True
2026-06-04 13:57:23,569 - INFO - condition_encoder.blocks.1.cell_attention.region_transformer.norm1.bias	torch.Size([96])	cuda:0	True
2026-06-04 13:57:23,569 - INFO - condition_encoder.blocks.1.cell_attention.region_transformer.norm2.weight	torch.Size([96])	cuda:0	True
2026-06-04 13:57:23,569 - INFO - condition_encoder.blocks.1.cell_attention.region_transformer.norm2.bias	torch.Size([96])	cuda:0	True
2026-06-04 13:57:23,569 - INFO - condition_encoder.blocks.1.cell_attention.fuzzy_to_cell.weight	torch.Size([8, 4])	cuda:0	True
2026-06-04 13:57:23,569 - INFO - condition_encoder.blocks.1.cell_attention.fuzzy_to_cell.bias	torch.Size([8])	cuda:0	True
2026-06-04 13:57:23,569 - INFO - condition_encoder.blocks.1.norm_cell.weight	torch.Size([96])	cuda:0	True
2026-06-04 13:57:23,569 - INFO - condition_encoder.blocks.1.norm_cell.bias	torch.Size([96])	cuda:0	True
2026-06-04 13:57:23,569 - INFO - condition_encoder.final_norm.weight	torch.Size([96])	cuda:0	True
2026-06-04 13:57:23,570 - INFO - condition_encoder.final_norm.bias	torch.Size([96])	cuda:0	True
2026-06-04 13:57:23,570 - INFO - future_decoder.future_queries	torch.Size([1, 12, 170, 96])	cuda:0	True
2026-06-04 13:57:23,570 - INFO - future_decoder.blocks.0.temporal_attention.query_projection.weight	torch.Size([96, 96])	cuda:0	True
2026-06-04 13:57:23,570 - INFO - future_decoder.blocks.0.temporal_attention.query_projection.bias	torch.Size([96])	cuda:0	True
2026-06-04 13:57:23,570 - INFO - future_decoder.blocks.0.temporal_attention.key_projection.weight	torch.Size([96, 96])	cuda:0	True
2026-06-04 13:57:23,570 - INFO - future_decoder.blocks.0.temporal_attention.key_projection.bias	torch.Size([96])	cuda:0	True
2026-06-04 13:57:23,570 - INFO - future_decoder.blocks.0.temporal_attention.value_projection.weight	torch.Size([96, 96])	cuda:0	True
2026-06-04 13:57:23,570 - INFO - future_decoder.blocks.0.temporal_attention.value_projection.bias	torch.Size([96])	cuda:0	True
2026-06-04 13:57:23,570 - INFO - future_decoder.blocks.0.temporal_attention.output_projection.weight	torch.Size([96, 96])	cuda:0	True
2026-06-04 13:57:23,570 - INFO - future_decoder.blocks.0.temporal_attention.output_projection.bias	torch.Size([96])	cuda:0	True
2026-06-04 13:57:23,570 - INFO - future_decoder.blocks.0.graph_convolution.projections.0.weight	torch.Size([96, 96])	cuda:0	True
2026-06-04 13:57:23,570 - INFO - future_decoder.blocks.0.graph_convolution.projections.0.bias	torch.Size([96])	cuda:0	True
2026-06-04 13:57:23,570 - INFO - future_decoder.blocks.0.graph_convolution.projections.1.weight	torch.Size([96, 96])	cuda:0	True
2026-06-04 13:57:23,570 - INFO - future_decoder.blocks.0.graph_convolution.projections.1.bias	torch.Size([96])	cuda:0	True
2026-06-04 13:57:23,570 - INFO - future_decoder.blocks.0.graph_convolution.projections.2.weight	torch.Size([96, 96])	cuda:0	True
2026-06-04 13:57:23,570 - INFO - future_decoder.blocks.0.graph_convolution.projections.2.bias	torch.Size([96])	cuda:0	True
2026-06-04 13:57:23,570 - INFO - future_decoder.blocks.0.cross_attention.query_projection.weight	torch.Size([96, 96])	cuda:0	True
2026-06-04 13:57:23,570 - INFO - future_decoder.blocks.0.cross_attention.query_projection.bias	torch.Size([96])	cuda:0	True
2026-06-04 13:57:23,570 - INFO - future_decoder.blocks.0.cross_attention.key_projection.weight	torch.Size([96, 96])	cuda:0	True
2026-06-04 13:57:23,570 - INFO - future_decoder.blocks.0.cross_attention.key_projection.bias	torch.Size([96])	cuda:0	True
2026-06-04 13:57:23,570 - INFO - future_decoder.blocks.0.cross_attention.value_projection.weight	torch.Size([96, 96])	cuda:0	True
2026-06-04 13:57:23,570 - INFO - future_decoder.blocks.0.cross_attention.value_projection.bias	torch.Size([96])	cuda:0	True
2026-06-04 13:57:23,570 - INFO - future_decoder.blocks.0.cross_attention.output_projection.weight	torch.Size([96, 96])	cuda:0	True
2026-06-04 13:57:23,570 - INFO - future_decoder.blocks.0.cross_attention.output_projection.bias	torch.Size([96])	cuda:0	True
2026-06-04 13:57:23,570 - INFO - future_decoder.blocks.0.feed_forward.network.0.weight	torch.Size([128, 96])	cuda:0	True
2026-06-04 13:57:23,570 - INFO - future_decoder.blocks.0.feed_forward.network.0.bias	torch.Size([128])	cuda:0	True
2026-06-04 13:57:23,572 - INFO - future_decoder.blocks.0.feed_forward.network.3.weight	torch.Size([96, 128])	cuda:0	True
2026-06-04 13:57:23,572 - INFO - future_decoder.blocks.0.feed_forward.network.3.bias	torch.Size([96])	cuda:0	True
2026-06-04 13:57:23,572 - INFO - future_decoder.blocks.0.norm_temporal.weight	torch.Size([96])	cuda:0	True
2026-06-04 13:57:23,572 - INFO - future_decoder.blocks.0.norm_temporal.bias	torch.Size([96])	cuda:0	True
2026-06-04 13:57:23,572 - INFO - future_decoder.blocks.0.norm_graph.weight	torch.Size([96])	cuda:0	True
2026-06-04 13:57:23,572 - INFO - future_decoder.blocks.0.norm_graph.bias	torch.Size([96])	cuda:0	True
2026-06-04 13:57:23,572 - INFO - future_decoder.blocks.0.norm_cross.weight	torch.Size([96])	cuda:0	True
2026-06-04 13:57:23,572 - INFO - future_decoder.blocks.0.norm_cross.bias	torch.Size([96])	cuda:0	True
2026-06-04 13:57:23,572 - INFO - future_decoder.blocks.0.norm_ffn.weight	torch.Size([96])	cuda:0	True
2026-06-04 13:57:23,572 - INFO - future_decoder.blocks.0.norm_ffn.bias	torch.Size([96])	cuda:0	True
2026-06-04 13:57:23,572 - INFO - future_decoder.blocks.0.cell_attention.region_mu	torch.Size([8, 96])	cuda:0	True
2026-06-04 13:57:23,572 - INFO - future_decoder.blocks.0.cell_attention.region_log_sigma	torch.Size([8])	cuda:0	True
2026-06-04 13:57:23,572 - INFO - future_decoder.blocks.0.cell_attention.log_sigma_sq	torch.Size([1])	cuda:0	True
2026-06-04 13:57:23,572 - INFO - future_decoder.blocks.0.cell_attention.cell_blend	torch.Size([])	cuda:0	True
2026-06-04 13:57:23,572 - INFO - future_decoder.blocks.0.cell_attention.band_center	torch.Size([])	cuda:0	True
2026-06-04 13:57:23,572 - INFO - future_decoder.blocks.0.cell_attention.band_width_raw	torch.Size([])	cuda:0	True
2026-06-04 13:57:23,572 - INFO - future_decoder.blocks.0.cell_attention.cell_transform.weight	torch.Size([96, 96])	cuda:0	True
2026-06-04 13:57:23,572 - INFO - future_decoder.blocks.0.cell_attention.cell_transform.bias	torch.Size([96])	cuda:0	True
2026-06-04 13:57:23,572 - INFO - future_decoder.blocks.0.cell_attention.output_projection.weight	torch.Size([96, 96])	cuda:0	True
2026-06-04 13:57:23,572 - INFO - future_decoder.blocks.0.cell_attention.output_projection.bias	torch.Size([96])	cuda:0	True
2026-06-04 13:57:23,572 - INFO - future_decoder.blocks.0.cell_attention.region_transformer.self_attn.query_projection.weight	torch.Size([96, 96])	cuda:0	True
2026-06-04 13:57:23,572 - INFO - future_decoder.blocks.0.cell_attention.region_transformer.self_attn.query_projection.bias	torch.Size([96])	cuda:0	True
2026-06-04 13:57:23,572 - INFO - future_decoder.blocks.0.cell_attention.region_transformer.self_attn.key_projection.weight	torch.Size([96, 96])	cuda:0	True
2026-06-04 13:57:23,572 - INFO - future_decoder.blocks.0.cell_attention.region_transformer.self_attn.key_projection.bias	torch.Size([96])	cuda:0	True
2026-06-04 13:57:23,572 - INFO - future_decoder.blocks.0.cell_attention.region_transformer.self_attn.value_projection.weight	torch.Size([96, 96])	cuda:0	True
2026-06-04 13:57:23,572 - INFO - future_decoder.blocks.0.cell_attention.region_transformer.self_attn.value_projection.bias	torch.Size([96])	cuda:0	True
2026-06-04 13:57:23,572 - INFO - future_decoder.blocks.0.cell_attention.region_transformer.self_attn.output_projection.weight	torch.Size([96, 96])	cuda:0	True
2026-06-04 13:57:23,572 - INFO - future_decoder.blocks.0.cell_attention.region_transformer.self_attn.output_projection.bias	torch.Size([96])	cuda:0	True
2026-06-04 13:57:23,573 - INFO - future_decoder.blocks.0.cell_attention.region_transformer.ffn.network.0.weight	torch.Size([192, 96])	cuda:0	True
2026-06-04 13:57:23,573 - INFO - future_decoder.blocks.0.cell_attention.region_transformer.ffn.network.0.bias	torch.Size([192])	cuda:0	True
2026-06-04 13:57:23,573 - INFO - future_decoder.blocks.0.cell_attention.region_transformer.ffn.network.3.weight	torch.Size([96, 192])	cuda:0	True
2026-06-04 13:57:23,573 - INFO - future_decoder.blocks.0.cell_attention.region_transformer.ffn.network.3.bias	torch.Size([96])	cuda:0	True
2026-06-04 13:57:23,573 - INFO - future_decoder.blocks.0.cell_attention.region_transformer.norm1.weight	torch.Size([96])	cuda:0	True
2026-06-04 13:57:23,573 - INFO - future_decoder.blocks.0.cell_attention.region_transformer.norm1.bias	torch.Size([96])	cuda:0	True
2026-06-04 13:57:23,573 - INFO - future_decoder.blocks.0.cell_attention.region_transformer.norm2.weight	torch.Size([96])	cuda:0	True
2026-06-04 13:57:23,573 - INFO - future_decoder.blocks.0.cell_attention.region_transformer.norm2.bias	torch.Size([96])	cuda:0	True
2026-06-04 13:57:23,573 - INFO - future_decoder.blocks.0.cell_attention.fuzzy_to_cell.weight	torch.Size([8, 4])	cuda:0	True
2026-06-04 13:57:23,573 - INFO - future_decoder.blocks.0.cell_attention.fuzzy_to_cell.bias	torch.Size([8])	cuda:0	True
2026-06-04 13:57:23,573 - INFO - future_decoder.blocks.0.norm_cell.weight	torch.Size([96])	cuda:0	True
2026-06-04 13:57:23,573 - INFO - future_decoder.blocks.0.norm_cell.bias	torch.Size([96])	cuda:0	True
2026-06-04 13:57:23,573 - INFO - future_decoder.blocks.1.temporal_attention.query_projection.weight	torch.Size([96, 96])	cuda:0	True
2026-06-04 13:57:23,573 - INFO - future_decoder.blocks.1.temporal_attention.query_projection.bias	torch.Size([96])	cuda:0	True
2026-06-04 13:57:23,573 - INFO - future_decoder.blocks.1.temporal_attention.key_projection.weight	torch.Size([96, 96])	cuda:0	True
2026-06-04 13:57:23,573 - INFO - future_decoder.blocks.1.temporal_attention.key_projection.bias	torch.Size([96])	cuda:0	True
2026-06-04 13:57:23,573 - INFO - future_decoder.blocks.1.temporal_attention.value_projection.weight	torch.Size([96, 96])	cuda:0	True
2026-06-04 13:57:23,573 - INFO - future_decoder.blocks.1.temporal_attention.value_projection.bias	torch.Size([96])	cuda:0	True
2026-06-04 13:57:23,573 - INFO - future_decoder.blocks.1.temporal_attention.output_projection.weight	torch.Size([96, 96])	cuda:0	True
2026-06-04 13:57:23,573 - INFO - future_decoder.blocks.1.temporal_attention.output_projection.bias	torch.Size([96])	cuda:0	True
2026-06-04 13:57:23,573 - INFO - future_decoder.blocks.1.graph_convolution.projections.0.weight	torch.Size([96, 96])	cuda:0	True
2026-06-04 13:57:23,573 - INFO - future_decoder.blocks.1.graph_convolution.projections.0.bias	torch.Size([96])	cuda:0	True
2026-06-04 13:57:23,573 - INFO - future_decoder.blocks.1.graph_convolution.projections.1.weight	torch.Size([96, 96])	cuda:0	True
2026-06-04 13:57:23,573 - INFO - future_decoder.blocks.1.graph_convolution.projections.1.bias	torch.Size([96])	cuda:0	True
2026-06-04 13:57:23,573 - INFO - future_decoder.blocks.1.graph_convolution.projections.2.weight	torch.Size([96, 96])	cuda:0	True
2026-06-04 13:57:23,575 - INFO - future_decoder.blocks.1.graph_convolution.projections.2.bias	torch.Size([96])	cuda:0	True
2026-06-04 13:57:23,575 - INFO - future_decoder.blocks.1.cross_attention.query_projection.weight	torch.Size([96, 96])	cuda:0	True
2026-06-04 13:57:23,575 - INFO - future_decoder.blocks.1.cross_attention.query_projection.bias	torch.Size([96])	cuda:0	True
2026-06-04 13:57:23,575 - INFO - future_decoder.blocks.1.cross_attention.key_projection.weight	torch.Size([96, 96])	cuda:0	True
2026-06-04 13:57:23,575 - INFO - future_decoder.blocks.1.cross_attention.key_projection.bias	torch.Size([96])	cuda:0	True
2026-06-04 13:57:23,575 - INFO - future_decoder.blocks.1.cross_attention.value_projection.weight	torch.Size([96, 96])	cuda:0	True
2026-06-04 13:57:23,575 - INFO - future_decoder.blocks.1.cross_attention.value_projection.bias	torch.Size([96])	cuda:0	True
2026-06-04 13:57:23,575 - INFO - future_decoder.blocks.1.cross_attention.output_projection.weight	torch.Size([96, 96])	cuda:0	True
2026-06-04 13:57:23,575 - INFO - future_decoder.blocks.1.cross_attention.output_projection.bias	torch.Size([96])	cuda:0	True
2026-06-04 13:57:23,575 - INFO - future_decoder.blocks.1.feed_forward.network.0.weight	torch.Size([128, 96])	cuda:0	True
2026-06-04 13:57:23,575 - INFO - future_decoder.blocks.1.feed_forward.network.0.bias	torch.Size([128])	cuda:0	True
2026-06-04 13:57:23,575 - INFO - future_decoder.blocks.1.feed_forward.network.3.weight	torch.Size([96, 128])	cuda:0	True
2026-06-04 13:57:23,575 - INFO - future_decoder.blocks.1.feed_forward.network.3.bias	torch.Size([96])	cuda:0	True
2026-06-04 13:57:23,575 - INFO - future_decoder.blocks.1.norm_temporal.weight	torch.Size([96])	cuda:0	True
2026-06-04 13:57:23,575 - INFO - future_decoder.blocks.1.norm_temporal.bias	torch.Size([96])	cuda:0	True
2026-06-04 13:57:23,575 - INFO - future_decoder.blocks.1.norm_graph.weight	torch.Size([96])	cuda:0	True
2026-06-04 13:57:23,575 - INFO - future_decoder.blocks.1.norm_graph.bias	torch.Size([96])	cuda:0	True
2026-06-04 13:57:23,575 - INFO - future_decoder.blocks.1.norm_cross.weight	torch.Size([96])	cuda:0	True
2026-06-04 13:57:23,575 - INFO - future_decoder.blocks.1.norm_cross.bias	torch.Size([96])	cuda:0	True
2026-06-04 13:57:23,575 - INFO - future_decoder.blocks.1.norm_ffn.weight	torch.Size([96])	cuda:0	True
2026-06-04 13:57:23,575 - INFO - future_decoder.blocks.1.norm_ffn.bias	torch.Size([96])	cuda:0	True
2026-06-04 13:57:23,575 - INFO - future_decoder.blocks.1.cell_attention.region_mu	torch.Size([8, 96])	cuda:0	True
2026-06-04 13:57:23,575 - INFO - future_decoder.blocks.1.cell_attention.region_log_sigma	torch.Size([8])	cuda:0	True
2026-06-04 13:57:23,575 - INFO - future_decoder.blocks.1.cell_attention.log_sigma_sq	torch.Size([1])	cuda:0	True
2026-06-04 13:57:23,575 - INFO - future_decoder.blocks.1.cell_attention.cell_blend	torch.Size([])	cuda:0	True
2026-06-04 13:57:23,575 - INFO - future_decoder.blocks.1.cell_attention.band_center	torch.Size([])	cuda:0	True
2026-06-04 13:57:23,576 - INFO - future_decoder.blocks.1.cell_attention.band_width_raw	torch.Size([])	cuda:0	True
2026-06-04 13:57:23,576 - INFO - future_decoder.blocks.1.cell_attention.cell_transform.weight	torch.Size([96, 96])	cuda:0	True
2026-06-04 13:57:23,576 - INFO - future_decoder.blocks.1.cell_attention.cell_transform.bias	torch.Size([96])	cuda:0	True
2026-06-04 13:57:23,576 - INFO - future_decoder.blocks.1.cell_attention.output_projection.weight	torch.Size([96, 96])	cuda:0	True
2026-06-04 13:57:23,576 - INFO - future_decoder.blocks.1.cell_attention.output_projection.bias	torch.Size([96])	cuda:0	True
2026-06-04 13:57:23,576 - INFO - future_decoder.blocks.1.cell_attention.region_transformer.self_attn.query_projection.weight	torch.Size([96, 96])	cuda:0	True
2026-06-04 13:57:23,576 - INFO - future_decoder.blocks.1.cell_attention.region_transformer.self_attn.query_projection.bias	torch.Size([96])	cuda:0	True
2026-06-04 13:57:23,576 - INFO - future_decoder.blocks.1.cell_attention.region_transformer.self_attn.key_projection.weight	torch.Size([96, 96])	cuda:0	True
2026-06-04 13:57:23,576 - INFO - future_decoder.blocks.1.cell_attention.region_transformer.self_attn.key_projection.bias	torch.Size([96])	cuda:0	True
2026-06-04 13:57:23,576 - INFO - future_decoder.blocks.1.cell_attention.region_transformer.self_attn.value_projection.weight	torch.Size([96, 96])	cuda:0	True
2026-06-04 13:57:23,576 - INFO - future_decoder.blocks.1.cell_attention.region_transformer.self_attn.value_projection.bias	torch.Size([96])	cuda:0	True
2026-06-04 13:57:23,576 - INFO - future_decoder.blocks.1.cell_attention.region_transformer.self_attn.output_projection.weight	torch.Size([96, 96])	cuda:0	True
2026-06-04 13:57:23,576 - INFO - future_decoder.blocks.1.cell_attention.region_transformer.self_attn.output_projection.bias	torch.Size([96])	cuda:0	True
2026-06-04 13:57:23,576 - INFO - future_decoder.blocks.1.cell_attention.region_transformer.ffn.network.0.weight	torch.Size([192, 96])	cuda:0	True
2026-06-04 13:57:23,576 - INFO - future_decoder.blocks.1.cell_attention.region_transformer.ffn.network.0.bias	torch.Size([192])	cuda:0	True
2026-06-04 13:57:23,576 - INFO - future_decoder.blocks.1.cell_attention.region_transformer.ffn.network.3.weight	torch.Size([96, 192])	cuda:0	True
2026-06-04 13:57:23,576 - INFO - future_decoder.blocks.1.cell_attention.region_transformer.ffn.network.3.bias	torch.Size([96])	cuda:0	True
2026-06-04 13:57:23,576 - INFO - future_decoder.blocks.1.cell_attention.region_transformer.norm1.weight	torch.Size([96])	cuda:0	True
2026-06-04 13:57:23,576 - INFO - future_decoder.blocks.1.cell_attention.region_transformer.norm1.bias	torch.Size([96])	cuda:0	True
2026-06-04 13:57:23,576 - INFO - future_decoder.blocks.1.cell_attention.region_transformer.norm2.weight	torch.Size([96])	cuda:0	True
2026-06-04 13:57:23,576 - INFO - future_decoder.blocks.1.cell_attention.region_transformer.norm2.bias	torch.Size([96])	cuda:0	True
2026-06-04 13:57:23,576 - INFO - future_decoder.blocks.1.cell_attention.fuzzy_to_cell.weight	torch.Size([8, 4])	cuda:0	True
2026-06-04 13:57:23,576 - INFO - future_decoder.blocks.1.cell_attention.fuzzy_to_cell.bias	torch.Size([8])	cuda:0	True
2026-06-04 13:57:23,578 - INFO - future_decoder.blocks.1.norm_cell.weight	torch.Size([96])	cuda:0	True
2026-06-04 13:57:23,578 - INFO - future_decoder.blocks.1.norm_cell.bias	torch.Size([96])	cuda:0	True
2026-06-04 13:57:23,578 - INFO - future_decoder.final_norm.weight	torch.Size([96])	cuda:0	True
2026-06-04 13:57:23,578 - INFO - future_decoder.final_norm.bias	torch.Size([96])	cuda:0	True
2026-06-04 13:57:23,578 - INFO - future_decoder.output_projection.weight	torch.Size([3, 96])	cuda:0	True
2026-06-04 13:57:23,578 - INFO - future_decoder.output_projection.bias	torch.Size([3])	cuda:0	True
2026-06-04 13:57:23,578 - INFO - Total parameter numbers: 1020984
2026-06-04 13:57:23,578 - INFO - Enable AMP training (dtype=float16).
2026-06-04 13:57:23,579 - INFO - You select `adamw` optimizer.
2026-06-04 13:57:25,227 - INFO - You select `reducelronplateau` lr_scheduler.
2026-06-04 13:57:25,227 - WARNING - Received none train loss func and will use the loss func defined in the model.
2026-06-04 13:57:25,228 - INFO - Start training ...
2026-06-04 13:57:25,228 - INFO - num_batches:169
2026-06-04 13:57:58,023 - INFO - Epoch [0/10] train_loss: 0.2894, val_loss: 0.2515, lr: 0.000500, 32.80s
2026-06-04 13:57:58,144 - INFO - Saved model at 0
2026-06-04 13:57:58,144 - INFO - Val loss decrease from inf to 0.2515, saving to D:\a_code\A_Agent\projects\LibCity\outputs\20260604_135709__traffic_state_pred__final_3_type2__PEMSD8\model_cache/final_3_type2_PEMSD8_epoch0.tar
2026-06-04 13:58:31,193 - INFO - Epoch [1/10] train_loss: 0.2472, val_loss: 0.2477, lr: 0.000500, 33.05s
2026-06-04 13:58:31,321 - INFO - Saved model at 1
2026-06-04 13:58:31,321 - INFO - Val loss decrease from 0.2515 to 0.2477, saving to D:\a_code\A_Agent\projects\LibCity\outputs\20260604_135709__traffic_state_pred__final_3_type2__PEMSD8\model_cache/final_3_type2_PEMSD8_epoch1.tar
2026-06-04 13:59:04,540 - INFO - Epoch [2/10] train_loss: 0.1940, val_loss: 0.1219, lr: 0.000500, 33.22s
2026-06-04 13:59:04,656 - INFO - Saved model at 2
2026-06-04 13:59:04,656 - INFO - Val loss decrease from 0.2477 to 0.1219, saving to D:\a_code\A_Agent\projects\LibCity\outputs\20260604_135709__traffic_state_pred__final_3_type2__PEMSD8\model_cache/final_3_type2_PEMSD8_epoch2.tar
2026-06-04 13:59:36,286 - INFO - Epoch [3/10] train_loss: 0.1022, val_loss: 0.1043, lr: 0.000500, 31.63s
2026-06-04 13:59:36,405 - INFO - Saved model at 3
2026-06-04 13:59:36,405 - INFO - Val loss decrease from 0.1219 to 0.1043, saving to D:\a_code\A_Agent\projects\LibCity\outputs\20260604_135709__traffic_state_pred__final_3_type2__PEMSD8\model_cache/final_3_type2_PEMSD8_epoch3.tar
2026-06-04 14:00:08,269 - INFO - Epoch [4/10] train_loss: 0.0862, val_loss: 0.0746, lr: 0.000500, 31.86s
2026-06-04 14:00:08,395 - INFO - Saved model at 4
2026-06-04 14:00:08,395 - INFO - Val loss decrease from 0.1043 to 0.0746, saving to D:\a_code\A_Agent\projects\LibCity\outputs\20260604_135709__traffic_state_pred__final_3_type2__PEMSD8\model_cache/final_3_type2_PEMSD8_epoch4.tar
2026-06-04 14:00:41,438 - INFO - Epoch [5/10] train_loss: 0.0806, val_loss: 0.0757, lr: 0.000500, 33.04s
2026-06-04 14:01:15,970 - INFO - Epoch [6/10] train_loss: 0.0754, val_loss: 0.0699, lr: 0.000500, 34.53s
2026-06-04 14:01:16,099 - INFO - Saved model at 6
2026-06-04 14:01:16,101 - INFO - Val loss decrease from 0.0746 to 0.0699, saving to D:\a_code\A_Agent\projects\LibCity\outputs\20260604_135709__traffic_state_pred__final_3_type2__PEMSD8\model_cache/final_3_type2_PEMSD8_epoch6.tar
2026-06-04 14:01:50,009 - INFO - Epoch [7/10] train_loss: 0.0739, val_loss: 0.0728, lr: 0.000500, 33.91s
2026-06-04 14:02:23,841 - INFO - Epoch [8/10] train_loss: 0.0726, val_loss: 0.0707, lr: 0.000500, 33.83s
2026-06-04 14:02:57,680 - INFO - Epoch [9/10] train_loss: 0.0705, val_loss: 0.0747, lr: 0.000500, 33.84s
2026-06-04 14:02:57,680 - INFO - Trained totally 10 epochs, average train time is 29.197s, average eval time is 3.974s
2026-06-04 14:02:57,680 - INFO - Loading best model state from epoch 6
2026-06-04 14:02:57,691 - INFO - Saved model at D:\a_code\A_Agent\projects\LibCity\outputs\20260604_135709__traffic_state_pred__final_3_type2__PEMSD8\model_cache\final_3_type2_PEMSD8.m
2026-06-04 14:02:57,785 - INFO - Start evaluating ...
2026-06-04 14:03:09,856 - INFO - Note that you select the single mode to evaluate!
2026-06-04 14:03:09,861 - INFO - Evaluate result is saved at D:\a_code\A_Agent\projects\LibCity\outputs\20260604_135709__traffic_state_pred__final_3_type2__PEMSD8\evaluate_cache\2026_06_04_14_03_09_final_3_type2_PEMSD8.csv
2026-06-04 14:03:09,871 - INFO - 
          MAE      MAPE         MSE  ...  masked_RMSE        R2      EVAR
1    9.081693  4.388002  357.670502  ...    18.761747  0.978348  0.978758
2    9.314418  4.414132  378.647491  ...    19.316761  0.977064  0.977506
3    9.505576  4.399346  397.787537  ...    19.806807  0.975899  0.976334
4    9.672740  4.422466  415.165497  ...    20.242311  0.974836  0.975275
5    9.824842  4.440753  431.864563  ...    20.647699  0.973806  0.974250
6    9.987557  4.487123  449.786804  ...    21.077948  0.972706  0.973171
7   10.159334  4.526545  468.984955  ...    21.531248  0.971524  0.972013
8   10.329466  4.529455  488.077332  ...    21.971062  0.970351  0.970856
9   10.491358  4.605686  506.326569  ...    22.382212  0.969229  0.969754
10  10.631778  4.638995  523.746338  ...    22.769844  0.968153  0.968702
11  10.818774  4.672276  545.701599  ...    23.252565  0.966801  0.967379
12  11.068257  4.746235  575.783691  ...    23.891232  0.964952  0.965548

[12 rows x 10 columns]
