2026-05-25 20:02:56,545 - INFO - Log directory: /home/lizhuoxuan/lzq/Bigscity-LibCity-master/outputs/20260525_200256__traffic_state_pred__new_fuzzy_4__PEMSD4/logs
2026-05-25 20:02:56,545 - INFO - Begin artifact training pipeline, task=traffic_state_pred, model_name=new_fuzzy_4, dataset_name=PEMSD4, exp_id=20260525_200256__traffic_state_pred__new_fuzzy_4__PEMSD4
2026-05-25 20:02:56,545 - INFO - {'task': 'traffic_state_pred', 'model': 'new_fuzzy_4', 'dataset': 'PEMSD4', 'saved_model': True, 'train': True, 'seed': 42, 'train_rate': 0.6, 'eval_rate': 0.2, 'batch_size': 64, 'learning_rate': 0.0001, 'max_epoch': 10, 'dataset_class': 'TrafficStatePointDataset', 'executor': 'DiffusionTrafficStateExecutor', 'evaluator': 'TrafficStateEvaluator', 'amp_dtype': 'bfloat16', 'beta_end': 0.02, 'beta_start': 0.0001, 'calculate_weight_adj': False, 'data_col': ['traffic_flow', 'traffic_occupancy', 'traffic_speed'], 'data_files': ['PEMSD4'], 'ddim_eta': 0, 'decoder_layers': 2, 'denoiser_layers': 4, 'device': device(type='cuda', index=0), 'diffusion_schedule': 'cosine', 'diffusion_steps': 200, 'disturb_rate': 0.5, 'dropout': 0.2, 'dyna': {'including_types': ['state'], 'state': {'entity_id': 'geo_id', 'traffic_flow': 'num', 'traffic_occupancy': 'num', 'traffic_speed': 'num'}}, 'encoder_layers': 2, 'eval_batch_size': 64, 'evaluator_mode': 'single', 'ffn_hidden_dim': 128, 'fuzzy_num_sets': 3, 'geo': {'including_types': ['Point'], 'Point': {}}, 'geo_file': 'PEMSD4', 'graph_k_hop': 2, 'hidden_dim': 64, 'init_weight_inf_or_zero': 'zero', 'is_distributed': True, 'metrics': ['MAE', 'MAPE', 'MSE', 'RMSE', 'masked_MAE', 'masked_MAPE', 'masked_MSE', 'masked_RMSE', 'R2', 'EVAR'], 'noise_SD': [10], 'noise_mean': [5], 'noise_type': 'gaussian', 'num_heads': 2, 'num_sampling_steps': 50, 'num_workers': 0, 'output_dim': 3, 'pad_with_last_sample': True, 'prediction_clamp_max': 3, 'prediction_clamp_min': -3, 'rank': 0, 'rel': {'including_types': ['geo'], 'geo': {'cost': 'num'}}, 'rel_file': 'PEMSD4', 'robustness_test': False, 'save_mode': ['csv'], 'scale_lr': False, 'set_weight_link_or_dist': 'link', 'time_intervals': 300, 'use_amp': True, 'use_diffusion': True, 'use_fuzzy_graph': True, 'use_gradient_checkpointing': False, 'use_spatiotemporal_attention': True, 'use_temporal_position_embedding': True, 'weight_adj_epsilon': 0.1, 'weight_col': 'cost', 'world_size': 2, 'clip_grad_norm': True, 'epoch': 0, 'gpu': True, 'gpu_id': 0, 'learner': 'adamw', 'load_best_epoch': True, 'log_every': 1, 'lr_decay': True, 'lr_decay_ratio': 0.5, 'lr_patience': 5, 'lr_scheduler': 'reducelronplateau', 'lr_threshold': 0.001, 'max_grad_norm': 3, 'patience': 30, 'train_loss': 'none', 'use_early_stop': True, 'weight_decay': 0.0001, 'data_version_id': 'dv_1779709862_1e4ff61d', 'input_window': 12, 'output_window': 12, 'scaler': 'standard', 'load_external': False, 'normal_external': False, 'add_time_in_day': True, 'add_day_in_week': True, 'cache_dataset': True, 'ext_scaler': 'none', 'local_rank': 0, 'dist_backend': 'nccl', 'exp_id': '20260525_200256__traffic_state_pred__new_fuzzy_4__PEMSD4'}
2026-05-25 20:02:56,709 - INFO - Log directory: /home/lizhuoxuan/lzq/Bigscity-LibCity-master/outputs/20260525_200256__traffic_state_pred__new_fuzzy_4__PEMSD4/logs
2026-05-25 20:03:11,445 - INFO - Enable AMP training (dtype=bfloat16).
2026-05-25 20:03:11,445 - INFO - You select `adamw` optimizer.
2026-05-25 20:03:11,445 - INFO - DistributedDataParallel(
  (module): NewFuzzy4(
    (diffusion): DiffusionScheduler()
    (fuzzy_graph): FuzzyRelationalGraphLearner(
      (raw_projection): Linear(in_features=3, out_features=64, bias=True)
      (feature_to_membership): Sequential(
        (0): Linear(in_features=64, out_features=32, bias=True)
        (1): GELU(approximate='none')
        (2): Linear(in_features=32, out_features=3, bias=True)
      )
    )
    (condition_encoder): STEncoder(
      (input_projection): Linear(in_features=3, out_features=64, bias=True)
      (blocks): ModuleList(
        (0-1): 2 x STEncoderBlock(
          (temporal_attention): MultiHeadAttention(
            (query_projection): Linear(in_features=64, out_features=64, bias=True)
            (key_projection): Linear(in_features=64, out_features=64, bias=True)
            (value_projection): Linear(in_features=64, out_features=64, bias=True)
            (output_projection): Linear(in_features=64, out_features=64, bias=True)
            (dropout): Dropout(p=0.2, inplace=False)
          )
          (graph_convolution): FuzzyGraphConvolution(
            (projections): ModuleList(
              (0-2): 3 x Linear(in_features=64, out_features=64, bias=True)
            )
          )
          (feed_forward): FeedForwardNetwork(
            (network): Sequential(
              (0): Linear(in_features=64, out_features=128, bias=True)
              (1): GELU(approximate='none')
              (2): Dropout(p=0.2, inplace=False)
              (3): Linear(in_features=128, out_features=64, bias=True)
              (4): Dropout(p=0.2, inplace=False)
            )
          )
          (norm_temporal): LayerNorm((64,), eps=1e-05, elementwise_affine=True)
          (norm_graph): LayerNorm((64,), eps=1e-05, elementwise_affine=True)
          (norm_ffn): LayerNorm((64,), eps=1e-05, elementwise_affine=True)
          (dropout): Dropout(p=0.2, inplace=False)
        )
      )
      (final_norm): LayerNorm((64,), eps=1e-05, elementwise_affine=True)
    )
    (denoiser): FuzzyGuidedDenoiser(
      (input_projection): Linear(in_features=3, out_features=64, bias=True)
      (time_embedding): SinusoidalTimeEmbedding()
      (time_projection): Sequential(
        (0): Linear(in_features=64, out_features=64, bias=True)
        (1): SiLU()
        (2): Linear(in_features=64, out_features=64, bias=True)
      )
      (condition_fusion): Linear(in_features=128, out_features=64, bias=True)
      (blocks): ModuleList(
        (0-3): 4 x DenoiserBlock(
          (temporal_attention): MultiHeadAttention(
            (query_projection): Linear(in_features=64, out_features=64, bias=True)
            (key_projection): Linear(in_features=64, out_features=64, bias=True)
            (value_projection): Linear(in_features=64, out_features=64, bias=True)
            (output_projection): Linear(in_features=64, out_features=64, bias=True)
            (dropout): Dropout(p=0.2, inplace=False)
          )
          (graph_convolution): FuzzyGraphConvolution(
            (projections): ModuleList(
              (0-2): 3 x Linear(in_features=64, out_features=64, bias=True)
            )
          )
          (cross_attention): MultiHeadAttention(
            (query_projection): Linear(in_features=64, out_features=64, bias=True)
            (key_projection): Linear(in_features=64, out_features=64, bias=True)
            (value_projection): Linear(in_features=64, out_features=64, bias=True)
            (output_projection): Linear(in_features=64, out_features=64, bias=True)
            (dropout): Dropout(p=0.2, inplace=False)
          )
          (spatiotemporal_attention): MultiHeadAttention(
            (query_projection): Linear(in_features=64, out_features=64, bias=True)
            (key_projection): Linear(in_features=64, out_features=64, bias=True)
            (value_projection): Linear(in_features=64, out_features=64, bias=True)
            (output_projection): Linear(in_features=64, out_features=64, bias=True)
            (dropout): Dropout(p=0.2, inplace=False)
          )
          (feed_forward): FeedForwardNetwork(
            (network): Sequential(
              (0): Linear(in_features=64, out_features=128, bias=True)
              (1): GELU(approximate='none')
              (2): Dropout(p=0.2, inplace=False)
              (3): Linear(in_features=128, out_features=64, bias=True)
              (4): Dropout(p=0.2, inplace=False)
            )
          )
          (norm_temporal): LayerNorm((64,), eps=1e-05, elementwise_affine=True)
          (norm_graph): LayerNorm((64,), eps=1e-05, elementwise_affine=True)
          (norm_cross): LayerNorm((64,), eps=1e-05, elementwise_affine=True)
          (norm_spatiotemporal): LayerNorm((64,), eps=1e-05, elementwise_affine=True)
          (norm_ffn): LayerNorm((64,), eps=1e-05, elementwise_affine=True)
          (dropout): Dropout(p=0.2, inplace=False)
          (time_scale_shift): Sequential(
            (0): SiLU()
            (1): Linear(in_features=64, out_features=128, bias=True)
          )
        )
      )
      (final_norm): LayerNorm((64,), eps=1e-05, elementwise_affine=True)
      (output_projection): Linear(in_features=64, out_features=3, bias=True)
    )
  )
)
2026-05-25 20:03:11,446 - INFO - You select `reducelronplateau` lr_scheduler.
2026-05-25 20:03:11,447 - WARNING - Received none train loss func and will use the loss func defined in the model.
2026-05-25 20:03:11,447 - INFO - Start training ...
2026-05-25 20:03:11,447 - INFO - num_batches:80
2026-05-25 20:03:11,448 - INFO - module.fuzzy_graph.base_memberships	torch.Size([307, 3])	cuda:0	True
2026-05-25 20:03:11,448 - INFO - module.fuzzy_graph.blend_logit	torch.Size([])	cuda:0	True
2026-05-25 20:03:11,448 - INFO - module.fuzzy_graph.raw_projection.weight	torch.Size([64, 3])	cuda:0	True
2026-05-25 20:03:11,448 - INFO - module.fuzzy_graph.raw_projection.bias	torch.Size([64])	cuda:0	True
2026-05-25 20:03:11,448 - INFO - module.fuzzy_graph.feature_to_membership.0.weight	torch.Size([32, 64])	cuda:0	True
2026-05-25 20:03:11,448 - INFO - module.fuzzy_graph.feature_to_membership.0.bias	torch.Size([32])	cuda:0	True
2026-05-25 20:03:11,448 - INFO - module.fuzzy_graph.feature_to_membership.2.weight	torch.Size([3, 32])	cuda:0	True
2026-05-25 20:03:11,448 - INFO - module.fuzzy_graph.feature_to_membership.2.bias	torch.Size([3])	cuda:0	True
2026-05-25 20:03:11,448 - INFO - module.condition_encoder.temporal_position_embedding	torch.Size([1, 12, 1, 64])	cuda:0	True
2026-05-25 20:03:11,448 - INFO - module.condition_encoder.input_projection.weight	torch.Size([64, 3])	cuda:0	True
2026-05-25 20:03:11,448 - INFO - module.condition_encoder.input_projection.bias	torch.Size([64])	cuda:0	True
2026-05-25 20:03:11,448 - INFO - module.condition_encoder.blocks.0.temporal_attention.query_projection.weight	torch.Size([64, 64])	cuda:0	True
2026-05-25 20:03:11,448 - INFO - module.condition_encoder.blocks.0.temporal_attention.query_projection.bias	torch.Size([64])	cuda:0	True
2026-05-25 20:03:11,448 - INFO - module.condition_encoder.blocks.0.temporal_attention.key_projection.weight	torch.Size([64, 64])	cuda:0	True
2026-05-25 20:03:11,448 - INFO - module.condition_encoder.blocks.0.temporal_attention.key_projection.bias	torch.Size([64])	cuda:0	True
2026-05-25 20:03:11,448 - INFO - module.condition_encoder.blocks.0.temporal_attention.value_projection.weight	torch.Size([64, 64])	cuda:0	True
2026-05-25 20:03:11,448 - INFO - module.condition_encoder.blocks.0.temporal_attention.value_projection.bias	torch.Size([64])	cuda:0	True
2026-05-25 20:03:11,448 - INFO - module.condition_encoder.blocks.0.temporal_attention.output_projection.weight	torch.Size([64, 64])	cuda:0	True
2026-05-25 20:03:11,448 - INFO - module.condition_encoder.blocks.0.temporal_attention.output_projection.bias	torch.Size([64])	cuda:0	True
2026-05-25 20:03:11,448 - INFO - module.condition_encoder.blocks.0.graph_convolution.projections.0.weight	torch.Size([64, 64])	cuda:0	True
2026-05-25 20:03:11,448 - INFO - module.condition_encoder.blocks.0.graph_convolution.projections.0.bias	torch.Size([64])	cuda:0	True
2026-05-25 20:03:11,448 - INFO - module.condition_encoder.blocks.0.graph_convolution.projections.1.weight	torch.Size([64, 64])	cuda:0	True
2026-05-25 20:03:11,448 - INFO - module.condition_encoder.blocks.0.graph_convolution.projections.1.bias	torch.Size([64])	cuda:0	True
2026-05-25 20:03:11,448 - INFO - module.condition_encoder.blocks.0.graph_convolution.projections.2.weight	torch.Size([64, 64])	cuda:0	True
2026-05-25 20:03:11,448 - INFO - module.condition_encoder.blocks.0.graph_convolution.projections.2.bias	torch.Size([64])	cuda:0	True
2026-05-25 20:03:11,448 - INFO - module.condition_encoder.blocks.0.feed_forward.network.0.weight	torch.Size([128, 64])	cuda:0	True
2026-05-25 20:03:11,448 - INFO - module.condition_encoder.blocks.0.feed_forward.network.0.bias	torch.Size([128])	cuda:0	True
2026-05-25 20:03:11,448 - INFO - module.condition_encoder.blocks.0.feed_forward.network.3.weight	torch.Size([64, 128])	cuda:0	True
2026-05-25 20:03:11,448 - INFO - module.condition_encoder.blocks.0.feed_forward.network.3.bias	torch.Size([64])	cuda:0	True
2026-05-25 20:03:11,448 - INFO - module.condition_encoder.blocks.0.norm_temporal.weight	torch.Size([64])	cuda:0	True
2026-05-25 20:03:11,448 - INFO - module.condition_encoder.blocks.0.norm_temporal.bias	torch.Size([64])	cuda:0	True
2026-05-25 20:03:11,448 - INFO - module.condition_encoder.blocks.0.norm_graph.weight	torch.Size([64])	cuda:0	True
2026-05-25 20:03:11,449 - INFO - module.condition_encoder.blocks.0.norm_graph.bias	torch.Size([64])	cuda:0	True
2026-05-25 20:03:11,449 - INFO - module.condition_encoder.blocks.0.norm_ffn.weight	torch.Size([64])	cuda:0	True
2026-05-25 20:03:11,449 - INFO - module.condition_encoder.blocks.0.norm_ffn.bias	torch.Size([64])	cuda:0	True
2026-05-25 20:03:11,449 - INFO - module.condition_encoder.blocks.1.temporal_attention.query_projection.weight	torch.Size([64, 64])	cuda:0	True
2026-05-25 20:03:11,449 - INFO - module.condition_encoder.blocks.1.temporal_attention.query_projection.bias	torch.Size([64])	cuda:0	True
2026-05-25 20:03:11,449 - INFO - module.condition_encoder.blocks.1.temporal_attention.key_projection.weight	torch.Size([64, 64])	cuda:0	True
2026-05-25 20:03:11,449 - INFO - module.condition_encoder.blocks.1.temporal_attention.key_projection.bias	torch.Size([64])	cuda:0	True
2026-05-25 20:03:11,449 - INFO - module.condition_encoder.blocks.1.temporal_attention.value_projection.weight	torch.Size([64, 64])	cuda:0	True
2026-05-25 20:03:11,449 - INFO - module.condition_encoder.blocks.1.temporal_attention.value_projection.bias	torch.Size([64])	cuda:0	True
2026-05-25 20:03:11,449 - INFO - module.condition_encoder.blocks.1.temporal_attention.output_projection.weight	torch.Size([64, 64])	cuda:0	True
2026-05-25 20:03:11,449 - INFO - module.condition_encoder.blocks.1.temporal_attention.output_projection.bias	torch.Size([64])	cuda:0	True
2026-05-25 20:03:11,449 - INFO - module.condition_encoder.blocks.1.graph_convolution.projections.0.weight	torch.Size([64, 64])	cuda:0	True
2026-05-25 20:03:11,449 - INFO - module.condition_encoder.blocks.1.graph_convolution.projections.0.bias	torch.Size([64])	cuda:0	True
2026-05-25 20:03:11,449 - INFO - module.condition_encoder.blocks.1.graph_convolution.projections.1.weight	torch.Size([64, 64])	cuda:0	True
2026-05-25 20:03:11,449 - INFO - module.condition_encoder.blocks.1.graph_convolution.projections.1.bias	torch.Size([64])	cuda:0	True
2026-05-25 20:03:11,449 - INFO - module.condition_encoder.blocks.1.graph_convolution.projections.2.weight	torch.Size([64, 64])	cuda:0	True
2026-05-25 20:03:11,449 - INFO - module.condition_encoder.blocks.1.graph_convolution.projections.2.bias	torch.Size([64])	cuda:0	True
2026-05-25 20:03:11,449 - INFO - module.condition_encoder.blocks.1.feed_forward.network.0.weight	torch.Size([128, 64])	cuda:0	True
2026-05-25 20:03:11,449 - INFO - module.condition_encoder.blocks.1.feed_forward.network.0.bias	torch.Size([128])	cuda:0	True
2026-05-25 20:03:11,449 - INFO - module.condition_encoder.blocks.1.feed_forward.network.3.weight	torch.Size([64, 128])	cuda:0	True
2026-05-25 20:03:11,449 - INFO - module.condition_encoder.blocks.1.feed_forward.network.3.bias	torch.Size([64])	cuda:0	True
2026-05-25 20:03:11,449 - INFO - module.condition_encoder.blocks.1.norm_temporal.weight	torch.Size([64])	cuda:0	True
2026-05-25 20:03:11,449 - INFO - module.condition_encoder.blocks.1.norm_temporal.bias	torch.Size([64])	cuda:0	True
2026-05-25 20:03:11,449 - INFO - module.condition_encoder.blocks.1.norm_graph.weight	torch.Size([64])	cuda:0	True
2026-05-25 20:03:11,449 - INFO - module.condition_encoder.blocks.1.norm_graph.bias	torch.Size([64])	cuda:0	True
2026-05-25 20:03:11,449 - INFO - module.condition_encoder.blocks.1.norm_ffn.weight	torch.Size([64])	cuda:0	True
2026-05-25 20:03:11,449 - INFO - module.condition_encoder.blocks.1.norm_ffn.bias	torch.Size([64])	cuda:0	True
2026-05-25 20:03:11,449 - INFO - module.condition_encoder.final_norm.weight	torch.Size([64])	cuda:0	True
2026-05-25 20:03:11,449 - INFO - module.condition_encoder.final_norm.bias	torch.Size([64])	cuda:0	True
2026-05-25 20:03:11,449 - INFO - module.denoiser.future_position_embedding	torch.Size([1, 12, 1, 64])	cuda:0	True
2026-05-25 20:03:11,449 - INFO - module.denoiser.condition_temporal_weight	torch.Size([12])	cuda:0	True
2026-05-25 20:03:11,449 - INFO - module.denoiser.input_projection.weight	torch.Size([64, 3])	cuda:0	True
2026-05-25 20:03:11,449 - INFO - module.denoiser.input_projection.bias	torch.Size([64])	cuda:0	True
2026-05-25 20:03:11,450 - INFO - module.denoiser.time_projection.0.weight	torch.Size([64, 64])	cuda:0	True
2026-05-25 20:03:11,450 - INFO - module.denoiser.time_projection.0.bias	torch.Size([64])	cuda:0	True
2026-05-25 20:03:11,450 - INFO - module.denoiser.time_projection.2.weight	torch.Size([64, 64])	cuda:0	True
2026-05-25 20:03:11,450 - INFO - module.denoiser.time_projection.2.bias	torch.Size([64])	cuda:0	True
2026-05-25 20:03:11,450 - INFO - module.denoiser.condition_fusion.weight	torch.Size([64, 128])	cuda:0	True
2026-05-25 20:03:11,450 - INFO - module.denoiser.condition_fusion.bias	torch.Size([64])	cuda:0	True
2026-05-25 20:03:11,450 - INFO - module.denoiser.blocks.0.temporal_attention.query_projection.weight	torch.Size([64, 64])	cuda:0	True
2026-05-25 20:03:11,450 - INFO - module.denoiser.blocks.0.temporal_attention.query_projection.bias	torch.Size([64])	cuda:0	True
2026-05-25 20:03:11,450 - INFO - module.denoiser.blocks.0.temporal_attention.key_projection.weight	torch.Size([64, 64])	cuda:0	True
2026-05-25 20:03:11,450 - INFO - module.denoiser.blocks.0.temporal_attention.key_projection.bias	torch.Size([64])	cuda:0	True
2026-05-25 20:03:11,450 - INFO - module.denoiser.blocks.0.temporal_attention.value_projection.weight	torch.Size([64, 64])	cuda:0	True
2026-05-25 20:03:11,450 - INFO - module.denoiser.blocks.0.temporal_attention.value_projection.bias	torch.Size([64])	cuda:0	True
2026-05-25 20:03:11,450 - INFO - module.denoiser.blocks.0.temporal_attention.output_projection.weight	torch.Size([64, 64])	cuda:0	True
2026-05-25 20:03:11,450 - INFO - module.denoiser.blocks.0.temporal_attention.output_projection.bias	torch.Size([64])	cuda:0	True
2026-05-25 20:03:11,450 - INFO - module.denoiser.blocks.0.graph_convolution.projections.0.weight	torch.Size([64, 64])	cuda:0	True
2026-05-25 20:03:11,450 - INFO - module.denoiser.blocks.0.graph_convolution.projections.0.bias	torch.Size([64])	cuda:0	True
2026-05-25 20:03:11,450 - INFO - module.denoiser.blocks.0.graph_convolution.projections.1.weight	torch.Size([64, 64])	cuda:0	True
2026-05-25 20:03:11,450 - INFO - module.denoiser.blocks.0.graph_convolution.projections.1.bias	torch.Size([64])	cuda:0	True
2026-05-25 20:03:11,450 - INFO - module.denoiser.blocks.0.graph_convolution.projections.2.weight	torch.Size([64, 64])	cuda:0	True
2026-05-25 20:03:11,450 - INFO - module.denoiser.blocks.0.graph_convolution.projections.2.bias	torch.Size([64])	cuda:0	True
2026-05-25 20:03:11,450 - INFO - module.denoiser.blocks.0.cross_attention.query_projection.weight	torch.Size([64, 64])	cuda:0	True
2026-05-25 20:03:11,450 - INFO - module.denoiser.blocks.0.cross_attention.query_projection.bias	torch.Size([64])	cuda:0	True
2026-05-25 20:03:11,450 - INFO - module.denoiser.blocks.0.cross_attention.key_projection.weight	torch.Size([64, 64])	cuda:0	True
2026-05-25 20:03:11,450 - INFO - module.denoiser.blocks.0.cross_attention.key_projection.bias	torch.Size([64])	cuda:0	True
2026-05-25 20:03:11,450 - INFO - module.denoiser.blocks.0.cross_attention.value_projection.weight	torch.Size([64, 64])	cuda:0	True
2026-05-25 20:03:11,450 - INFO - module.denoiser.blocks.0.cross_attention.value_projection.bias	torch.Size([64])	cuda:0	True
2026-05-25 20:03:11,450 - INFO - module.denoiser.blocks.0.cross_attention.output_projection.weight	torch.Size([64, 64])	cuda:0	True
2026-05-25 20:03:11,450 - INFO - module.denoiser.blocks.0.cross_attention.output_projection.bias	torch.Size([64])	cuda:0	True
2026-05-25 20:03:11,450 - INFO - module.denoiser.blocks.0.spatiotemporal_attention.query_projection.weight	torch.Size([64, 64])	cuda:0	True
2026-05-25 20:03:11,450 - INFO - module.denoiser.blocks.0.spatiotemporal_attention.query_projection.bias	torch.Size([64])	cuda:0	True
2026-05-25 20:03:11,450 - INFO - module.denoiser.blocks.0.spatiotemporal_attention.key_projection.weight	torch.Size([64, 64])	cuda:0	True
2026-05-25 20:03:11,450 - INFO - module.denoiser.blocks.0.spatiotemporal_attention.key_projection.bias	torch.Size([64])	cuda:0	True
2026-05-25 20:03:11,450 - INFO - module.denoiser.blocks.0.spatiotemporal_attention.value_projection.weight	torch.Size([64, 64])	cuda:0	True
2026-05-25 20:03:11,450 - INFO - module.denoiser.blocks.0.spatiotemporal_attention.value_projection.bias	torch.Size([64])	cuda:0	True
2026-05-25 20:03:11,450 - INFO - module.denoiser.blocks.0.spatiotemporal_attention.output_projection.weight	torch.Size([64, 64])	cuda:0	True
2026-05-25 20:03:11,451 - INFO - module.denoiser.blocks.0.spatiotemporal_attention.output_projection.bias	torch.Size([64])	cuda:0	True
2026-05-25 20:03:11,451 - INFO - module.denoiser.blocks.0.feed_forward.network.0.weight	torch.Size([128, 64])	cuda:0	True
2026-05-25 20:03:11,451 - INFO - module.denoiser.blocks.0.feed_forward.network.0.bias	torch.Size([128])	cuda:0	True
2026-05-25 20:03:11,451 - INFO - module.denoiser.blocks.0.feed_forward.network.3.weight	torch.Size([64, 128])	cuda:0	True
2026-05-25 20:03:11,451 - INFO - module.denoiser.blocks.0.feed_forward.network.3.bias	torch.Size([64])	cuda:0	True
2026-05-25 20:03:11,451 - INFO - module.denoiser.blocks.0.norm_temporal.weight	torch.Size([64])	cuda:0	True
2026-05-25 20:03:11,451 - INFO - module.denoiser.blocks.0.norm_temporal.bias	torch.Size([64])	cuda:0	True
2026-05-25 20:03:11,451 - INFO - module.denoiser.blocks.0.norm_graph.weight	torch.Size([64])	cuda:0	True
2026-05-25 20:03:11,451 - INFO - module.denoiser.blocks.0.norm_graph.bias	torch.Size([64])	cuda:0	True
2026-05-25 20:03:11,451 - INFO - module.denoiser.blocks.0.norm_cross.weight	torch.Size([64])	cuda:0	True
2026-05-25 20:03:11,451 - INFO - module.denoiser.blocks.0.norm_cross.bias	torch.Size([64])	cuda:0	True
2026-05-25 20:03:11,451 - INFO - module.denoiser.blocks.0.norm_spatiotemporal.weight	torch.Size([64])	cuda:0	True
2026-05-25 20:03:11,451 - INFO - module.denoiser.blocks.0.norm_spatiotemporal.bias	torch.Size([64])	cuda:0	True
2026-05-25 20:03:11,451 - INFO - module.denoiser.blocks.0.norm_ffn.weight	torch.Size([64])	cuda:0	True
2026-05-25 20:03:11,451 - INFO - module.denoiser.blocks.0.norm_ffn.bias	torch.Size([64])	cuda:0	True
2026-05-25 20:03:11,451 - INFO - module.denoiser.blocks.0.time_scale_shift.1.weight	torch.Size([128, 64])	cuda:0	True
2026-05-25 20:03:11,451 - INFO - module.denoiser.blocks.0.time_scale_shift.1.bias	torch.Size([128])	cuda:0	True
2026-05-25 20:03:11,451 - INFO - module.denoiser.blocks.1.temporal_attention.query_projection.weight	torch.Size([64, 64])	cuda:0	True
2026-05-25 20:03:11,451 - INFO - module.denoiser.blocks.1.temporal_attention.query_projection.bias	torch.Size([64])	cuda:0	True
2026-05-25 20:03:11,451 - INFO - module.denoiser.blocks.1.temporal_attention.key_projection.weight	torch.Size([64, 64])	cuda:0	True
2026-05-25 20:03:11,451 - INFO - module.denoiser.blocks.1.temporal_attention.key_projection.bias	torch.Size([64])	cuda:0	True
2026-05-25 20:03:11,451 - INFO - module.denoiser.blocks.1.temporal_attention.value_projection.weight	torch.Size([64, 64])	cuda:0	True
2026-05-25 20:03:11,451 - INFO - module.denoiser.blocks.1.temporal_attention.value_projection.bias	torch.Size([64])	cuda:0	True
2026-05-25 20:03:11,451 - INFO - module.denoiser.blocks.1.temporal_attention.output_projection.weight	torch.Size([64, 64])	cuda:0	True
2026-05-25 20:03:11,451 - INFO - module.denoiser.blocks.1.temporal_attention.output_projection.bias	torch.Size([64])	cuda:0	True
2026-05-25 20:03:11,451 - INFO - module.denoiser.blocks.1.graph_convolution.projections.0.weight	torch.Size([64, 64])	cuda:0	True
2026-05-25 20:03:11,451 - INFO - module.denoiser.blocks.1.graph_convolution.projections.0.bias	torch.Size([64])	cuda:0	True
2026-05-25 20:03:11,451 - INFO - module.denoiser.blocks.1.graph_convolution.projections.1.weight	torch.Size([64, 64])	cuda:0	True
2026-05-25 20:03:11,451 - INFO - module.denoiser.blocks.1.graph_convolution.projections.1.bias	torch.Size([64])	cuda:0	True
2026-05-25 20:03:11,451 - INFO - module.denoiser.blocks.1.graph_convolution.projections.2.weight	torch.Size([64, 64])	cuda:0	True
2026-05-25 20:03:11,451 - INFO - module.denoiser.blocks.1.graph_convolution.projections.2.bias	torch.Size([64])	cuda:0	True
2026-05-25 20:03:11,451 - INFO - module.denoiser.blocks.1.cross_attention.query_projection.weight	torch.Size([64, 64])	cuda:0	True
2026-05-25 20:03:11,451 - INFO - module.denoiser.blocks.1.cross_attention.query_projection.bias	torch.Size([64])	cuda:0	True
2026-05-25 20:03:11,451 - INFO - module.denoiser.blocks.1.cross_attention.key_projection.weight	torch.Size([64, 64])	cuda:0	True
2026-05-25 20:03:11,452 - INFO - module.denoiser.blocks.1.cross_attention.key_projection.bias	torch.Size([64])	cuda:0	True
2026-05-25 20:03:11,452 - INFO - module.denoiser.blocks.1.cross_attention.value_projection.weight	torch.Size([64, 64])	cuda:0	True
2026-05-25 20:03:11,452 - INFO - module.denoiser.blocks.1.cross_attention.value_projection.bias	torch.Size([64])	cuda:0	True
2026-05-25 20:03:11,452 - INFO - module.denoiser.blocks.1.cross_attention.output_projection.weight	torch.Size([64, 64])	cuda:0	True
2026-05-25 20:03:11,452 - INFO - module.denoiser.blocks.1.cross_attention.output_projection.bias	torch.Size([64])	cuda:0	True
2026-05-25 20:03:11,452 - INFO - module.denoiser.blocks.1.spatiotemporal_attention.query_projection.weight	torch.Size([64, 64])	cuda:0	True
2026-05-25 20:03:11,452 - INFO - module.denoiser.blocks.1.spatiotemporal_attention.query_projection.bias	torch.Size([64])	cuda:0	True
2026-05-25 20:03:11,452 - INFO - module.denoiser.blocks.1.spatiotemporal_attention.key_projection.weight	torch.Size([64, 64])	cuda:0	True
2026-05-25 20:03:11,452 - INFO - module.denoiser.blocks.1.spatiotemporal_attention.key_projection.bias	torch.Size([64])	cuda:0	True
2026-05-25 20:03:11,452 - INFO - module.denoiser.blocks.1.spatiotemporal_attention.value_projection.weight	torch.Size([64, 64])	cuda:0	True
2026-05-25 20:03:11,452 - INFO - module.denoiser.blocks.1.spatiotemporal_attention.value_projection.bias	torch.Size([64])	cuda:0	True
2026-05-25 20:03:11,452 - INFO - module.denoiser.blocks.1.spatiotemporal_attention.output_projection.weight	torch.Size([64, 64])	cuda:0	True
2026-05-25 20:03:11,452 - INFO - module.denoiser.blocks.1.spatiotemporal_attention.output_projection.bias	torch.Size([64])	cuda:0	True
2026-05-25 20:03:11,452 - INFO - module.denoiser.blocks.1.feed_forward.network.0.weight	torch.Size([128, 64])	cuda:0	True
2026-05-25 20:03:11,452 - INFO - module.denoiser.blocks.1.feed_forward.network.0.bias	torch.Size([128])	cuda:0	True
2026-05-25 20:03:11,452 - INFO - module.denoiser.blocks.1.feed_forward.network.3.weight	torch.Size([64, 128])	cuda:0	True
2026-05-25 20:03:11,452 - INFO - module.denoiser.blocks.1.feed_forward.network.3.bias	torch.Size([64])	cuda:0	True
2026-05-25 20:03:11,452 - INFO - module.denoiser.blocks.1.norm_temporal.weight	torch.Size([64])	cuda:0	True
2026-05-25 20:03:11,452 - INFO - module.denoiser.blocks.1.norm_temporal.bias	torch.Size([64])	cuda:0	True
2026-05-25 20:03:11,452 - INFO - module.denoiser.blocks.1.norm_graph.weight	torch.Size([64])	cuda:0	True
2026-05-25 20:03:11,452 - INFO - module.denoiser.blocks.1.norm_graph.bias	torch.Size([64])	cuda:0	True
2026-05-25 20:03:11,452 - INFO - module.denoiser.blocks.1.norm_cross.weight	torch.Size([64])	cuda:0	True
2026-05-25 20:03:11,452 - INFO - module.denoiser.blocks.1.norm_cross.bias	torch.Size([64])	cuda:0	True
2026-05-25 20:03:11,452 - INFO - module.denoiser.blocks.1.norm_spatiotemporal.weight	torch.Size([64])	cuda:0	True
2026-05-25 20:03:11,452 - INFO - module.denoiser.blocks.1.norm_spatiotemporal.bias	torch.Size([64])	cuda:0	True
2026-05-25 20:03:11,452 - INFO - module.denoiser.blocks.1.norm_ffn.weight	torch.Size([64])	cuda:0	True
2026-05-25 20:03:11,452 - INFO - module.denoiser.blocks.1.norm_ffn.bias	torch.Size([64])	cuda:0	True
2026-05-25 20:03:11,452 - INFO - module.denoiser.blocks.1.time_scale_shift.1.weight	torch.Size([128, 64])	cuda:0	True
2026-05-25 20:03:11,452 - INFO - module.denoiser.blocks.1.time_scale_shift.1.bias	torch.Size([128])	cuda:0	True
2026-05-25 20:03:11,452 - INFO - module.denoiser.blocks.2.temporal_attention.query_projection.weight	torch.Size([64, 64])	cuda:0	True
2026-05-25 20:03:11,452 - INFO - module.denoiser.blocks.2.temporal_attention.query_projection.bias	torch.Size([64])	cuda:0	True
2026-05-25 20:03:11,452 - INFO - module.denoiser.blocks.2.temporal_attention.key_projection.weight	torch.Size([64, 64])	cuda:0	True
2026-05-25 20:03:11,452 - INFO - module.denoiser.blocks.2.temporal_attention.key_projection.bias	torch.Size([64])	cuda:0	True
2026-05-25 20:03:11,452 - INFO - module.denoiser.blocks.2.temporal_attention.value_projection.weight	torch.Size([64, 64])	cuda:0	True
2026-05-25 20:03:11,453 - INFO - module.denoiser.blocks.2.temporal_attention.value_projection.bias	torch.Size([64])	cuda:0	True
2026-05-25 20:03:11,453 - INFO - module.denoiser.blocks.2.temporal_attention.output_projection.weight	torch.Size([64, 64])	cuda:0	True
2026-05-25 20:03:11,453 - INFO - module.denoiser.blocks.2.temporal_attention.output_projection.bias	torch.Size([64])	cuda:0	True
2026-05-25 20:03:11,453 - INFO - module.denoiser.blocks.2.graph_convolution.projections.0.weight	torch.Size([64, 64])	cuda:0	True
2026-05-25 20:03:11,453 - INFO - module.denoiser.blocks.2.graph_convolution.projections.0.bias	torch.Size([64])	cuda:0	True
2026-05-25 20:03:11,453 - INFO - module.denoiser.blocks.2.graph_convolution.projections.1.weight	torch.Size([64, 64])	cuda:0	True
2026-05-25 20:03:11,453 - INFO - module.denoiser.blocks.2.graph_convolution.projections.1.bias	torch.Size([64])	cuda:0	True
2026-05-25 20:03:11,453 - INFO - module.denoiser.blocks.2.graph_convolution.projections.2.weight	torch.Size([64, 64])	cuda:0	True
2026-05-25 20:03:11,453 - INFO - module.denoiser.blocks.2.graph_convolution.projections.2.bias	torch.Size([64])	cuda:0	True
2026-05-25 20:03:11,453 - INFO - module.denoiser.blocks.2.cross_attention.query_projection.weight	torch.Size([64, 64])	cuda:0	True
2026-05-25 20:03:11,453 - INFO - module.denoiser.blocks.2.cross_attention.query_projection.bias	torch.Size([64])	cuda:0	True
2026-05-25 20:03:11,453 - INFO - module.denoiser.blocks.2.cross_attention.key_projection.weight	torch.Size([64, 64])	cuda:0	True
2026-05-25 20:03:11,453 - INFO - module.denoiser.blocks.2.cross_attention.key_projection.bias	torch.Size([64])	cuda:0	True
2026-05-25 20:03:11,453 - INFO - module.denoiser.blocks.2.cross_attention.value_projection.weight	torch.Size([64, 64])	cuda:0	True
2026-05-25 20:03:11,453 - INFO - module.denoiser.blocks.2.cross_attention.value_projection.bias	torch.Size([64])	cuda:0	True
2026-05-25 20:03:11,453 - INFO - module.denoiser.blocks.2.cross_attention.output_projection.weight	torch.Size([64, 64])	cuda:0	True
2026-05-25 20:03:11,453 - INFO - module.denoiser.blocks.2.cross_attention.output_projection.bias	torch.Size([64])	cuda:0	True
2026-05-25 20:03:11,453 - INFO - module.denoiser.blocks.2.spatiotemporal_attention.query_projection.weight	torch.Size([64, 64])	cuda:0	True
2026-05-25 20:03:11,453 - INFO - module.denoiser.blocks.2.spatiotemporal_attention.query_projection.bias	torch.Size([64])	cuda:0	True
2026-05-25 20:03:11,453 - INFO - module.denoiser.blocks.2.spatiotemporal_attention.key_projection.weight	torch.Size([64, 64])	cuda:0	True
2026-05-25 20:03:11,453 - INFO - module.denoiser.blocks.2.spatiotemporal_attention.key_projection.bias	torch.Size([64])	cuda:0	True
2026-05-25 20:03:11,453 - INFO - module.denoiser.blocks.2.spatiotemporal_attention.value_projection.weight	torch.Size([64, 64])	cuda:0	True
2026-05-25 20:03:11,453 - INFO - module.denoiser.blocks.2.spatiotemporal_attention.value_projection.bias	torch.Size([64])	cuda:0	True
2026-05-25 20:03:11,453 - INFO - module.denoiser.blocks.2.spatiotemporal_attention.output_projection.weight	torch.Size([64, 64])	cuda:0	True
2026-05-25 20:03:11,453 - INFO - module.denoiser.blocks.2.spatiotemporal_attention.output_projection.bias	torch.Size([64])	cuda:0	True
2026-05-25 20:03:11,453 - INFO - module.denoiser.blocks.2.feed_forward.network.0.weight	torch.Size([128, 64])	cuda:0	True
2026-05-25 20:03:11,453 - INFO - module.denoiser.blocks.2.feed_forward.network.0.bias	torch.Size([128])	cuda:0	True
2026-05-25 20:03:11,453 - INFO - module.denoiser.blocks.2.feed_forward.network.3.weight	torch.Size([64, 128])	cuda:0	True
2026-05-25 20:03:11,453 - INFO - module.denoiser.blocks.2.feed_forward.network.3.bias	torch.Size([64])	cuda:0	True
2026-05-25 20:03:11,454 - INFO - module.denoiser.blocks.2.norm_temporal.weight	torch.Size([64])	cuda:0	True
2026-05-25 20:03:11,454 - INFO - module.denoiser.blocks.2.norm_temporal.bias	torch.Size([64])	cuda:0	True
2026-05-25 20:03:11,454 - INFO - module.denoiser.blocks.2.norm_graph.weight	torch.Size([64])	cuda:0	True
2026-05-25 20:03:11,454 - INFO - module.denoiser.blocks.2.norm_graph.bias	torch.Size([64])	cuda:0	True
2026-05-25 20:03:11,454 - INFO - module.denoiser.blocks.2.norm_cross.weight	torch.Size([64])	cuda:0	True
2026-05-25 20:03:11,454 - INFO - module.denoiser.blocks.2.norm_cross.bias	torch.Size([64])	cuda:0	True
2026-05-25 20:03:11,454 - INFO - module.denoiser.blocks.2.norm_spatiotemporal.weight	torch.Size([64])	cuda:0	True
2026-05-25 20:03:11,454 - INFO - module.denoiser.blocks.2.norm_spatiotemporal.bias	torch.Size([64])	cuda:0	True
2026-05-25 20:03:11,454 - INFO - module.denoiser.blocks.2.norm_ffn.weight	torch.Size([64])	cuda:0	True
2026-05-25 20:03:11,454 - INFO - module.denoiser.blocks.2.norm_ffn.bias	torch.Size([64])	cuda:0	True
2026-05-25 20:03:11,454 - INFO - module.denoiser.blocks.2.time_scale_shift.1.weight	torch.Size([128, 64])	cuda:0	True
2026-05-25 20:03:11,454 - INFO - module.denoiser.blocks.2.time_scale_shift.1.bias	torch.Size([128])	cuda:0	True
2026-05-25 20:03:11,454 - INFO - module.denoiser.blocks.3.temporal_attention.query_projection.weight	torch.Size([64, 64])	cuda:0	True
2026-05-25 20:03:11,454 - INFO - module.denoiser.blocks.3.temporal_attention.query_projection.bias	torch.Size([64])	cuda:0	True
2026-05-25 20:03:11,454 - INFO - module.denoiser.blocks.3.temporal_attention.key_projection.weight	torch.Size([64, 64])	cuda:0	True
2026-05-25 20:03:11,454 - INFO - module.denoiser.blocks.3.temporal_attention.key_projection.bias	torch.Size([64])	cuda:0	True
2026-05-25 20:03:11,454 - INFO - module.denoiser.blocks.3.temporal_attention.value_projection.weight	torch.Size([64, 64])	cuda:0	True
2026-05-25 20:03:11,454 - INFO - module.denoiser.blocks.3.temporal_attention.value_projection.bias	torch.Size([64])	cuda:0	True
2026-05-25 20:03:11,454 - INFO - module.denoiser.blocks.3.temporal_attention.output_projection.weight	torch.Size([64, 64])	cuda:0	True
2026-05-25 20:03:11,454 - INFO - module.denoiser.blocks.3.temporal_attention.output_projection.bias	torch.Size([64])	cuda:0	True
2026-05-25 20:03:11,454 - INFO - module.denoiser.blocks.3.graph_convolution.projections.0.weight	torch.Size([64, 64])	cuda:0	True
2026-05-25 20:03:11,454 - INFO - module.denoiser.blocks.3.graph_convolution.projections.0.bias	torch.Size([64])	cuda:0	True
2026-05-25 20:03:11,454 - INFO - module.denoiser.blocks.3.graph_convolution.projections.1.weight	torch.Size([64, 64])	cuda:0	True
2026-05-25 20:03:11,454 - INFO - module.denoiser.blocks.3.graph_convolution.projections.1.bias	torch.Size([64])	cuda:0	True
2026-05-25 20:03:11,454 - INFO - module.denoiser.blocks.3.graph_convolution.projections.2.weight	torch.Size([64, 64])	cuda:0	True
2026-05-25 20:03:11,454 - INFO - module.denoiser.blocks.3.graph_convolution.projections.2.bias	torch.Size([64])	cuda:0	True
2026-05-25 20:03:11,454 - INFO - module.denoiser.blocks.3.cross_attention.query_projection.weight	torch.Size([64, 64])	cuda:0	True
2026-05-25 20:03:11,454 - INFO - module.denoiser.blocks.3.cross_attention.query_projection.bias	torch.Size([64])	cuda:0	True
2026-05-25 20:03:11,454 - INFO - module.denoiser.blocks.3.cross_attention.key_projection.weight	torch.Size([64, 64])	cuda:0	True
2026-05-25 20:03:11,455 - INFO - module.denoiser.blocks.3.cross_attention.key_projection.bias	torch.Size([64])	cuda:0	True
2026-05-25 20:03:11,455 - INFO - module.denoiser.blocks.3.cross_attention.value_projection.weight	torch.Size([64, 64])	cuda:0	True
2026-05-25 20:03:11,455 - INFO - module.denoiser.blocks.3.cross_attention.value_projection.bias	torch.Size([64])	cuda:0	True
2026-05-25 20:03:11,455 - INFO - module.denoiser.blocks.3.cross_attention.output_projection.weight	torch.Size([64, 64])	cuda:0	True
2026-05-25 20:03:11,455 - INFO - module.denoiser.blocks.3.cross_attention.output_projection.bias	torch.Size([64])	cuda:0	True
2026-05-25 20:03:11,455 - INFO - module.denoiser.blocks.3.spatiotemporal_attention.query_projection.weight	torch.Size([64, 64])	cuda:0	True
2026-05-25 20:03:11,455 - INFO - module.denoiser.blocks.3.spatiotemporal_attention.query_projection.bias	torch.Size([64])	cuda:0	True
2026-05-25 20:03:11,455 - INFO - module.denoiser.blocks.3.spatiotemporal_attention.key_projection.weight	torch.Size([64, 64])	cuda:0	True
2026-05-25 20:03:11,455 - INFO - module.denoiser.blocks.3.spatiotemporal_attention.key_projection.bias	torch.Size([64])	cuda:0	True
2026-05-25 20:03:11,455 - INFO - module.denoiser.blocks.3.spatiotemporal_attention.value_projection.weight	torch.Size([64, 64])	cuda:0	True
2026-05-25 20:03:11,455 - INFO - module.denoiser.blocks.3.spatiotemporal_attention.value_projection.bias	torch.Size([64])	cuda:0	True
2026-05-25 20:03:11,455 - INFO - module.denoiser.blocks.3.spatiotemporal_attention.output_projection.weight	torch.Size([64, 64])	cuda:0	True
2026-05-25 20:03:11,455 - INFO - module.denoiser.blocks.3.spatiotemporal_attention.output_projection.bias	torch.Size([64])	cuda:0	True
2026-05-25 20:03:11,455 - INFO - module.denoiser.blocks.3.feed_forward.network.0.weight	torch.Size([128, 64])	cuda:0	True
2026-05-25 20:03:11,455 - INFO - module.denoiser.blocks.3.feed_forward.network.0.bias	torch.Size([128])	cuda:0	True
2026-05-25 20:03:11,455 - INFO - module.denoiser.blocks.3.feed_forward.network.3.weight	torch.Size([64, 128])	cuda:0	True
2026-05-25 20:03:11,455 - INFO - module.denoiser.blocks.3.feed_forward.network.3.bias	torch.Size([64])	cuda:0	True
2026-05-25 20:03:11,455 - INFO - module.denoiser.blocks.3.norm_temporal.weight	torch.Size([64])	cuda:0	True
2026-05-25 20:03:11,455 - INFO - module.denoiser.blocks.3.norm_temporal.bias	torch.Size([64])	cuda:0	True
2026-05-25 20:03:11,455 - INFO - module.denoiser.blocks.3.norm_graph.weight	torch.Size([64])	cuda:0	True
2026-05-25 20:03:11,455 - INFO - module.denoiser.blocks.3.norm_graph.bias	torch.Size([64])	cuda:0	True
2026-05-25 20:03:11,455 - INFO - module.denoiser.blocks.3.norm_cross.weight	torch.Size([64])	cuda:0	True
2026-05-25 20:03:11,455 - INFO - module.denoiser.blocks.3.norm_cross.bias	torch.Size([64])	cuda:0	True
2026-05-25 20:03:11,455 - INFO - module.denoiser.blocks.3.norm_spatiotemporal.weight	torch.Size([64])	cuda:0	True
2026-05-25 20:03:11,455 - INFO - module.denoiser.blocks.3.norm_spatiotemporal.bias	torch.Size([64])	cuda:0	True
2026-05-25 20:03:11,455 - INFO - module.denoiser.blocks.3.norm_ffn.weight	torch.Size([64])	cuda:0	True
2026-05-25 20:03:11,455 - INFO - module.denoiser.blocks.3.norm_ffn.bias	torch.Size([64])	cuda:0	True
2026-05-25 20:03:11,455 - INFO - module.denoiser.blocks.3.time_scale_shift.1.weight	torch.Size([128, 64])	cuda:0	True
2026-05-25 20:03:11,456 - INFO - module.denoiser.blocks.3.time_scale_shift.1.bias	torch.Size([128])	cuda:0	True
2026-05-25 20:03:11,456 - INFO - module.denoiser.final_norm.weight	torch.Size([64])	cuda:0	True
2026-05-25 20:03:11,456 - INFO - module.denoiser.final_norm.bias	torch.Size([64])	cuda:0	True
2026-05-25 20:03:11,456 - INFO - module.denoiser.output_projection.weight	torch.Size([3, 64])	cuda:0	True
2026-05-25 20:03:11,456 - INFO - module.denoiser.output_projection.bias	torch.Size([3])	cuda:0	True
2026-05-25 20:03:11,456 - INFO - Total parameter numbers: 466348
2026-05-25 20:03:11,457 - INFO - Enable AMP training (dtype=bfloat16).
2026-05-25 20:03:11,457 - INFO - You select `adamw` optimizer.
2026-05-25 20:03:11,458 - INFO - You select `reducelronplateau` lr_scheduler.
2026-05-25 20:03:11,458 - WARNING - Received none train loss func and will use the loss func defined in the model.
2026-05-25 20:03:11,458 - INFO - Start training ...
2026-05-25 20:03:11,458 - INFO - num_batches:80
2026-05-25 20:03:27,661 - INFO - epoch complete!
2026-05-25 20:03:27,662 - INFO - evaluating now!
2026-05-25 20:03:27,667 - INFO - epoch complete!
2026-05-25 20:03:27,667 - INFO - evaluating now!
2026-05-25 20:03:29,034 - INFO - Epoch [0/10] train_loss: 1.0325, val_loss: 0.9988, lr: 0.000100, 17.59s
2026-05-25 20:03:29,034 - INFO - Epoch [0/10] train_loss: 1.0326, val_loss: 0.9988, lr: 0.000100, 17.58s
2026-05-25 20:03:29,235 - INFO - Saved model at 0
2026-05-25 20:03:29,235 - INFO - Val loss decrease from inf to 0.9988, saving to /home/lizhuoxuan/lzq/Bigscity-LibCity-master/outputs/20260525_200256__traffic_state_pred__new_fuzzy_4__PEMSD4/model_cache/new_fuzzy_4_PEMSD4_epoch0.tar
2026-05-25 20:03:29,261 - INFO - Saved model at 0
2026-05-25 20:03:29,261 - INFO - Val loss decrease from inf to 0.9988, saving to /home/lizhuoxuan/lzq/Bigscity-LibCity-master/outputs/20260525_200256__traffic_state_pred__new_fuzzy_4__PEMSD4/model_cache/new_fuzzy_4_PEMSD4_epoch0.tar
2026-05-25 20:03:44,487 - INFO - epoch complete!
2026-05-25 20:03:44,491 - INFO - evaluating now!
2026-05-25 20:03:44,496 - INFO - epoch complete!
2026-05-25 20:03:44,497 - INFO - evaluating now!
2026-05-25 20:03:45,871 - INFO - Epoch [1/10] train_loss: 1.0078, val_loss: 0.9949, lr: 0.000100, 16.61s
2026-05-25 20:03:45,871 - INFO - Epoch [1/10] train_loss: 1.0078, val_loss: 0.9949, lr: 0.000100, 16.64s
2026-05-25 20:03:45,943 - INFO - Saved model at 1
2026-05-25 20:03:45,943 - INFO - Val loss decrease from 0.9988 to 0.9949, saving to /home/lizhuoxuan/lzq/Bigscity-LibCity-master/outputs/20260525_200256__traffic_state_pred__new_fuzzy_4__PEMSD4/model_cache/new_fuzzy_4_PEMSD4_epoch1.tar
2026-05-25 20:03:45,945 - INFO - Saved model at 1
2026-05-25 20:03:45,945 - INFO - Val loss decrease from 0.9988 to 0.9949, saving to /home/lizhuoxuan/lzq/Bigscity-LibCity-master/outputs/20260525_200256__traffic_state_pred__new_fuzzy_4__PEMSD4/model_cache/new_fuzzy_4_PEMSD4_epoch1.tar
2026-05-25 20:04:01,324 - INFO - epoch complete!
2026-05-25 20:04:01,324 - INFO - evaluating now!
2026-05-25 20:04:01,325 - INFO - epoch complete!
2026-05-25 20:04:01,325 - INFO - evaluating now!
2026-05-25 20:04:02,692 - INFO - Epoch [2/10] train_loss: 0.9586, val_loss: 0.7835, lr: 0.000100, 16.75s
2026-05-25 20:04:02,692 - INFO - Epoch [2/10] train_loss: 0.9583, val_loss: 0.7835, lr: 0.000100, 16.75s
2026-05-25 20:04:02,762 - INFO - Saved model at 2
2026-05-25 20:04:02,763 - INFO - Val loss decrease from 0.9949 to 0.7835, saving to /home/lizhuoxuan/lzq/Bigscity-LibCity-master/outputs/20260525_200256__traffic_state_pred__new_fuzzy_4__PEMSD4/model_cache/new_fuzzy_4_PEMSD4_epoch2.tar
2026-05-25 20:04:02,764 - INFO - Saved model at 2
2026-05-25 20:04:02,764 - INFO - Val loss decrease from 0.9949 to 0.7835, saving to /home/lizhuoxuan/lzq/Bigscity-LibCity-master/outputs/20260525_200256__traffic_state_pred__new_fuzzy_4__PEMSD4/model_cache/new_fuzzy_4_PEMSD4_epoch2.tar
2026-05-25 20:04:17,990 - INFO - epoch complete!
2026-05-25 20:04:17,991 - INFO - evaluating now!
2026-05-25 20:04:18,040 - INFO - epoch complete!
2026-05-25 20:04:18,041 - INFO - evaluating now!
2026-05-25 20:04:19,399 - INFO - Epoch [3/10] train_loss: 0.6367, val_loss: 0.4461, lr: 0.000100, 16.63s
2026-05-25 20:04:19,399 - INFO - Epoch [3/10] train_loss: 0.6369, val_loss: 0.4461, lr: 0.000100, 16.64s
2026-05-25 20:04:19,591 - INFO - Saved model at 3
2026-05-25 20:04:19,591 - INFO - Val loss decrease from 0.7835 to 0.4461, saving to /home/lizhuoxuan/lzq/Bigscity-LibCity-master/outputs/20260525_200256__traffic_state_pred__new_fuzzy_4__PEMSD4/model_cache/new_fuzzy_4_PEMSD4_epoch3.tar
2026-05-25 20:04:19,633 - INFO - Saved model at 3
2026-05-25 20:04:19,634 - INFO - Val loss decrease from 0.7835 to 0.4461, saving to /home/lizhuoxuan/lzq/Bigscity-LibCity-master/outputs/20260525_200256__traffic_state_pred__new_fuzzy_4__PEMSD4/model_cache/new_fuzzy_4_PEMSD4_epoch3.tar
2026-05-25 20:04:34,827 - INFO - epoch complete!
2026-05-25 20:04:34,827 - INFO - evaluating now!
2026-05-25 20:04:34,879 - INFO - epoch complete!
2026-05-25 20:04:34,879 - INFO - evaluating now!
2026-05-25 20:04:36,241 - INFO - Epoch [4/10] train_loss: 0.3828, val_loss: 0.3378, lr: 0.000100, 16.65s
2026-05-25 20:04:36,241 - INFO - Epoch [4/10] train_loss: 0.3835, val_loss: 0.3378, lr: 0.000100, 16.61s
2026-05-25 20:04:36,322 - INFO - Saved model at 4
2026-05-25 20:04:36,322 - INFO - Val loss decrease from 0.4461 to 0.3378, saving to /home/lizhuoxuan/lzq/Bigscity-LibCity-master/outputs/20260525_200256__traffic_state_pred__new_fuzzy_4__PEMSD4/model_cache/new_fuzzy_4_PEMSD4_epoch4.tar
2026-05-25 20:04:36,321 - INFO - Saved model at 4
2026-05-25 20:04:36,324 - INFO - Val loss decrease from 0.4461 to 0.3378, saving to /home/lizhuoxuan/lzq/Bigscity-LibCity-master/outputs/20260525_200256__traffic_state_pred__new_fuzzy_4__PEMSD4/model_cache/new_fuzzy_4_PEMSD4_epoch4.tar
2026-05-25 20:04:51,504 - INFO - epoch complete!
2026-05-25 20:04:51,505 - INFO - evaluating now!
2026-05-25 20:04:51,506 - INFO - epoch complete!
2026-05-25 20:04:51,507 - INFO - evaluating now!
2026-05-25 20:04:52,864 - INFO - Epoch [5/10] train_loss: 0.3160, val_loss: 0.2795, lr: 0.000100, 16.54s
2026-05-25 20:04:52,864 - INFO - Epoch [5/10] train_loss: 0.3155, val_loss: 0.2795, lr: 0.000100, 16.54s
2026-05-25 20:04:53,033 - INFO - Saved model at 5
2026-05-25 20:04:53,033 - INFO - Val loss decrease from 0.3378 to 0.2795, saving to /home/lizhuoxuan/lzq/Bigscity-LibCity-master/outputs/20260525_200256__traffic_state_pred__new_fuzzy_4__PEMSD4/model_cache/new_fuzzy_4_PEMSD4_epoch5.tar
2026-05-25 20:04:53,042 - INFO - Saved model at 5
2026-05-25 20:04:53,042 - INFO - Val loss decrease from 0.3378 to 0.2795, saving to /home/lizhuoxuan/lzq/Bigscity-LibCity-master/outputs/20260525_200256__traffic_state_pred__new_fuzzy_4__PEMSD4/model_cache/new_fuzzy_4_PEMSD4_epoch5.tar
2026-05-25 20:05:08,308 - INFO - epoch complete!
2026-05-25 20:05:08,308 - INFO - evaluating now!
2026-05-25 20:05:08,330 - INFO - epoch complete!
2026-05-25 20:05:08,334 - INFO - evaluating now!
2026-05-25 20:05:09,696 - INFO - Epoch [6/10] train_loss: 0.2714, val_loss: 0.2200, lr: 0.000100, 16.65s
2026-05-25 20:05:09,696 - INFO - Epoch [6/10] train_loss: 0.2713, val_loss: 0.2200, lr: 0.000100, 16.66s
2026-05-25 20:05:09,810 - INFO - Saved model at 6
2026-05-25 20:05:09,810 - INFO - Val loss decrease from 0.2795 to 0.2200, saving to /home/lizhuoxuan/lzq/Bigscity-LibCity-master/outputs/20260525_200256__traffic_state_pred__new_fuzzy_4__PEMSD4/model_cache/new_fuzzy_4_PEMSD4_epoch6.tar
2026-05-25 20:05:09,812 - INFO - Saved model at 6
2026-05-25 20:05:09,812 - INFO - Val loss decrease from 0.2795 to 0.2200, saving to /home/lizhuoxuan/lzq/Bigscity-LibCity-master/outputs/20260525_200256__traffic_state_pred__new_fuzzy_4__PEMSD4/model_cache/new_fuzzy_4_PEMSD4_epoch6.tar
2026-05-25 20:05:25,037 - INFO - epoch complete!
2026-05-25 20:05:25,038 - INFO - evaluating now!
2026-05-25 20:05:25,072 - INFO - epoch complete!
2026-05-25 20:05:25,076 - INFO - evaluating now!
2026-05-25 20:05:26,502 - INFO - Epoch [7/10] train_loss: 0.2349, val_loss: 0.2102, lr: 0.000100, 16.69s
2026-05-25 20:05:26,502 - INFO - Epoch [7/10] train_loss: 0.2352, val_loss: 0.2102, lr: 0.000100, 16.69s
2026-05-25 20:05:26,573 - INFO - Saved model at 7
2026-05-25 20:05:26,574 - INFO - Val loss decrease from 0.2200 to 0.2102, saving to /home/lizhuoxuan/lzq/Bigscity-LibCity-master/outputs/20260525_200256__traffic_state_pred__new_fuzzy_4__PEMSD4/model_cache/new_fuzzy_4_PEMSD4_epoch7.tar
2026-05-25 20:05:26,606 - INFO - Saved model at 7
2026-05-25 20:05:26,607 - INFO - Val loss decrease from 0.2200 to 0.2102, saving to /home/lizhuoxuan/lzq/Bigscity-LibCity-master/outputs/20260525_200256__traffic_state_pred__new_fuzzy_4__PEMSD4/model_cache/new_fuzzy_4_PEMSD4_epoch7.tar
2026-05-25 20:05:41,975 - INFO - epoch complete!
2026-05-25 20:05:41,978 - INFO - evaluating now!
2026-05-25 20:05:42,002 - INFO - epoch complete!
2026-05-25 20:05:42,002 - INFO - evaluating now!
2026-05-25 20:05:43,372 - INFO - Epoch [8/10] train_loss: 0.2089, val_loss: 0.1860, lr: 0.000100, 16.77s
2026-05-25 20:05:43,372 - INFO - Epoch [8/10] train_loss: 0.2090, val_loss: 0.1860, lr: 0.000100, 16.80s
2026-05-25 20:05:43,590 - INFO - Saved model at 8
2026-05-25 20:05:43,590 - INFO - Val loss decrease from 0.2102 to 0.1860, saving to /home/lizhuoxuan/lzq/Bigscity-LibCity-master/outputs/20260525_200256__traffic_state_pred__new_fuzzy_4__PEMSD4/model_cache/new_fuzzy_4_PEMSD4_epoch8.tar
2026-05-25 20:05:43,639 - INFO - Saved model at 8
2026-05-25 20:05:43,640 - INFO - Val loss decrease from 0.2102 to 0.1860, saving to /home/lizhuoxuan/lzq/Bigscity-LibCity-master/outputs/20260525_200256__traffic_state_pred__new_fuzzy_4__PEMSD4/model_cache/new_fuzzy_4_PEMSD4_epoch8.tar
2026-05-25 20:05:59,142 - INFO - epoch complete!
2026-05-25 20:05:59,143 - INFO - evaluating now!
2026-05-25 20:05:59,144 - INFO - epoch complete!
2026-05-25 20:05:59,144 - INFO - evaluating now!
2026-05-25 20:06:00,513 - INFO - Epoch [9/10] train_loss: 0.1933, val_loss: 0.1694, lr: 0.000100, 16.92s
2026-05-25 20:06:00,513 - INFO - Epoch [9/10] train_loss: 0.1925, val_loss: 0.1694, lr: 0.000100, 16.87s
2026-05-25 20:06:00,647 - INFO - Saved model at 9
2026-05-25 20:06:00,647 - INFO - Saved model at 9
2026-05-25 20:06:00,647 - INFO - Val loss decrease from 0.1860 to 0.1694, saving to /home/lizhuoxuan/lzq/Bigscity-LibCity-master/outputs/20260525_200256__traffic_state_pred__new_fuzzy_4__PEMSD4/model_cache/new_fuzzy_4_PEMSD4_epoch9.tar
2026-05-25 20:06:00,647 - INFO - Val loss decrease from 0.1860 to 0.1694, saving to /home/lizhuoxuan/lzq/Bigscity-LibCity-master/outputs/20260525_200256__traffic_state_pred__new_fuzzy_4__PEMSD4/model_cache/new_fuzzy_4_PEMSD4_epoch9.tar
2026-05-25 20:06:00,647 - INFO - Trained totally 10 epochs, average train time is 15.391s, average eval time is 1.382s
2026-05-25 20:06:00,647 - INFO - Trained totally 10 epochs, average train time is 15.400s, average eval time is 1.381s
2026-05-25 20:06:00,832 - INFO - Loaded model at 9
2026-05-25 20:06:00,833 - INFO - Saved model at /home/lizhuoxuan/lzq/Bigscity-LibCity-master/outputs/20260525_200256__traffic_state_pred__new_fuzzy_4__PEMSD4/model_cache/new_fuzzy_4_PEMSD4.m
2026-05-25 20:06:00,837 - INFO - Loaded model at 9
2026-05-25 20:06:00,838 - INFO - Start evaluating ...
2026-05-25 20:06:00,906 - INFO - Start evaluating ...
2026-05-25 20:07:26,801 - INFO - Note that you select the single mode to evaluate!
2026-05-25 20:07:26,809 - INFO - Evaluate result is saved at /home/lizhuoxuan/lzq/Bigscity-LibCity-master/outputs/20260525_200256__traffic_state_pred__new_fuzzy_4__PEMSD4/evaluate_cache/2026_05_25_20_07_26_new_fuzzy_4_PEMSD4.csv
2026-05-25 20:07:26,825 - INFO - 
           MAE         MAPE            MSE  ...  masked_RMSE        R2      EVAR
1   345.543091  5183.520508  133116.250000  ...   364.842041 -6.993030 -6.478848
2   346.369812  5196.528809  133747.968750  ...   365.707275 -7.030858 -6.527325
3   345.125916  5168.705078  132833.468750  ...   364.435944 -6.975820 -6.466452
4   346.298523  5175.567383  133704.921875  ...   365.649506 -7.028039 -6.498006
5   345.826263  5162.673828  133327.656250  ...   365.135193 -7.005286 -6.461542
6   345.466339  5154.433105  133125.328125  ...   364.861206 -6.993082 -6.456708
7   347.307098  5174.430664  134479.234375  ...   366.734741 -7.074332 -6.542052
8   346.534058  5133.581543  133926.250000  ...   365.978119 -7.041096 -6.447476
9   347.143494  5150.354492  134360.671875  ...   366.573669 -7.067124 -6.495250
10  346.203430  5127.283691  133680.265625  ...   365.643616 -7.026235 -6.428894
11  345.902466  5138.403320  133459.796875  ...   365.340363 -7.012964 -6.508202
12  347.091919  5143.730957  134356.078125  ...   366.575348 -7.066733 -6.492357

[12 rows x 10 columns]
