2026-05-22 10:06:29,700 - INFO - Log directory: /home/lizhuoxuan/lzq/Bigscity-LibCity-master/outputs/20260522_100629__traffic_state_pred__new_fuzzy_3__PEMSD4/logs
2026-05-22 10:06:29,700 - INFO - Begin artifact training pipeline, task=traffic_state_pred, model_name=new_fuzzy_3, dataset_name=PEMSD4, exp_id=20260522_100629__traffic_state_pred__new_fuzzy_3__PEMSD4
2026-05-22 10:06:29,700 - INFO - {'task': 'traffic_state_pred', 'model': 'new_fuzzy_3', 'dataset': 'PEMSD4', 'saved_model': True, 'train': True, 'seed': 42, 'gpu': True, 'gpu_id': 0, 'train_rate': 0.6, 'eval_rate': 0.2, 'batch_size': 64, 'learning_rate': 0.0005, 'max_epoch': 10, 'dataset_class': 'TrafficStatePointDataset', 'executor': 'DiffusionTrafficStateExecutor', 'evaluator': 'TrafficStateEvaluator', 'amp_dtype': 'bfloat16', 'beta_end': 0.01, 'beta_start': 0.0001, 'calculate_weight_adj': False, 'conservation_loss_weight': 0.1, 'conservation_steps_per_epoch': 80, 'conservation_warmup_epochs': 5, 'data_col': ['traffic_flow', 'traffic_occupancy', 'traffic_speed'], 'data_files': ['PEMSD4'], 'ddim_eta': 0, 'decoder_layers': 2, 'denoiser_layers': 2, 'device': device(type='cuda', index=0), 'diffusion_schedule': 'linear', 'diffusion_steps': 50, 'disturb_rate': 0.5, 'dropout': 0.1, 'dyna': {'including_types': ['state'], 'state': {'entity_id': 'geo_id', 'traffic_flow': 'num', 'traffic_occupancy': 'num', 'traffic_speed': 'num'}}, 'encoder_layers': 2, 'eval_batch_size': 64, 'evaluator_mode': 'single', 'ffn_hidden_dim': 128, 'fuzzy_num_sets': 3, 'geo': {'including_types': ['Point'], 'Point': {}}, 'geo_file': 'PEMSD4', 'graph_k_hop': 2, 'hidden_dim': 64, 'init_weight_inf_or_zero': 'zero', 'is_distributed': False, 'metrics': ['MAE', 'MAPE', 'MSE', 'RMSE', 'masked_MAE', 'masked_MAPE', 'masked_MSE', 'masked_RMSE', 'R2', 'EVAR'], 'noise_SD': [10], 'noise_mean': [5], 'noise_type': 'gaussian', 'num_heads': 2, 'num_sampling_steps': 20, 'num_workers': 0, 'output_dim': 3, 'pad_with_last_sample': True, 'physics_channel_idx': 0, 'prediction_clamp_max': 3, 'prediction_clamp_min': -3, 'rank': 0, 'rel': {'including_types': ['geo'], 'geo': {'cost': 'num'}}, 'rel_file': 'PEMSD4', 'robustness_test': False, 'save_mode': ['csv'], 'scale_lr': False, 'set_weight_link_or_dist': 'link', 'time_intervals': 300, 'use_amp': True, 'use_diffusion': True, 'use_fuzzy_conservation': True, 'use_fuzzy_graph': True, 'use_gradient_checkpointing': False, 'use_spatiotemporal_attention': True, 'use_temporal_position_embedding': True, 'weight_adj_epsilon': 0.1, 'weight_col': 'cost', 'world_size': 1, 'clip_grad_norm': True, 'epoch': 0, 'learner': 'adamw', 'load_best_epoch': True, 'log_every': 1, 'lr_decay': True, 'lr_decay_ratio': 0.5, 'lr_patience': 5, 'lr_scheduler': 'reducelronplateau', 'lr_threshold': 0.001, 'max_grad_norm': 3, 'patience': 30, 'train_loss': 'none', 'use_early_stop': True, 'weight_decay': 0.0001, 'data_version_id': 'dv_1779415392_efa48676', 'input_window': 12, 'output_window': 12, 'scaler': 'standard', 'load_external': False, 'normal_external': False, 'add_time_in_day': True, 'add_day_in_week': True, 'cache_dataset': True, 'ext_scaler': 'none', 'exp_id': '20260522_100629__traffic_state_pred__new_fuzzy_3__PEMSD4'}
2026-05-22 10:06:39,743 - INFO - NewFuzzy3(
  (diffusion): DiffusionScheduler()
  (fuzzy_graph): FuzzyRelationalGraphLearner(
    (raw_projection): Linear(in_features=3, out_features=64, bias=True)
    (feature_to_membership): Sequential(
      (0): Linear(in_features=64, out_features=32, bias=True)
      (1): GELU(approximate='none')
      (2): Linear(in_features=32, out_features=3, bias=True)
    )
  )
  (condition_encoder): STEncoder(
    (input_projection): Linear(in_features=3, out_features=64, bias=True)
    (blocks): ModuleList(
      (0-1): 2 x STEncoderBlock(
        (temporal_attention): MultiHeadAttention(
          (query_projection): Linear(in_features=64, out_features=64, bias=True)
          (key_projection): Linear(in_features=64, out_features=64, bias=True)
          (value_projection): Linear(in_features=64, out_features=64, bias=True)
          (output_projection): Linear(in_features=64, out_features=64, bias=True)
          (dropout): Dropout(p=0.1, inplace=False)
        )
        (graph_convolution): FuzzyGraphConvolution(
          (projections): ModuleList(
            (0-2): 3 x Linear(in_features=64, out_features=64, bias=True)
          )
        )
        (feed_forward): FeedForwardNetwork(
          (network): Sequential(
            (0): Linear(in_features=64, out_features=128, bias=True)
            (1): GELU(approximate='none')
            (2): Dropout(p=0.1, inplace=False)
            (3): Linear(in_features=128, out_features=64, bias=True)
            (4): Dropout(p=0.1, inplace=False)
          )
        )
        (norm_temporal): LayerNorm((64,), eps=1e-05, elementwise_affine=True)
        (norm_graph): LayerNorm((64,), eps=1e-05, elementwise_affine=True)
        (norm_ffn): LayerNorm((64,), eps=1e-05, elementwise_affine=True)
        (dropout): Dropout(p=0.1, inplace=False)
      )
    )
    (final_norm): LayerNorm((64,), eps=1e-05, elementwise_affine=True)
  )
  (denoiser): FuzzyGuidedDenoiser(
    (input_projection): Linear(in_features=3, out_features=64, bias=True)
    (time_embedding): SinusoidalTimeEmbedding()
    (time_projection): Sequential(
      (0): Linear(in_features=64, out_features=64, bias=True)
      (1): SiLU()
      (2): Linear(in_features=64, out_features=64, bias=True)
    )
    (condition_fusion): Linear(in_features=128, out_features=64, bias=True)
    (blocks): ModuleList(
      (0-1): 2 x DenoiserBlock(
        (temporal_attention): MultiHeadAttention(
          (query_projection): Linear(in_features=64, out_features=64, bias=True)
          (key_projection): Linear(in_features=64, out_features=64, bias=True)
          (value_projection): Linear(in_features=64, out_features=64, bias=True)
          (output_projection): Linear(in_features=64, out_features=64, bias=True)
          (dropout): Dropout(p=0.1, inplace=False)
        )
        (graph_convolution): FuzzyGraphConvolution(
          (projections): ModuleList(
            (0-2): 3 x Linear(in_features=64, out_features=64, bias=True)
          )
        )
        (cross_attention): MultiHeadAttention(
          (query_projection): Linear(in_features=64, out_features=64, bias=True)
          (key_projection): Linear(in_features=64, out_features=64, bias=True)
          (value_projection): Linear(in_features=64, out_features=64, bias=True)
          (output_projection): Linear(in_features=64, out_features=64, bias=True)
          (dropout): Dropout(p=0.1, inplace=False)
        )
        (spatiotemporal_attention): MultiHeadAttention(
          (query_projection): Linear(in_features=64, out_features=64, bias=True)
          (key_projection): Linear(in_features=64, out_features=64, bias=True)
          (value_projection): Linear(in_features=64, out_features=64, bias=True)
          (output_projection): Linear(in_features=64, out_features=64, bias=True)
          (dropout): Dropout(p=0.1, inplace=False)
        )
        (feed_forward): FeedForwardNetwork(
          (network): Sequential(
            (0): Linear(in_features=64, out_features=128, bias=True)
            (1): GELU(approximate='none')
            (2): Dropout(p=0.1, inplace=False)
            (3): Linear(in_features=128, out_features=64, bias=True)
            (4): Dropout(p=0.1, inplace=False)
          )
        )
        (norm_temporal): LayerNorm((64,), eps=1e-05, elementwise_affine=True)
        (norm_graph): LayerNorm((64,), eps=1e-05, elementwise_affine=True)
        (norm_cross): LayerNorm((64,), eps=1e-05, elementwise_affine=True)
        (norm_spatiotemporal): LayerNorm((64,), eps=1e-05, elementwise_affine=True)
        (norm_ffn): LayerNorm((64,), eps=1e-05, elementwise_affine=True)
        (dropout): Dropout(p=0.1, inplace=False)
        (time_scale_shift): Sequential(
          (0): SiLU()
          (1): Linear(in_features=64, out_features=128, bias=True)
        )
      )
    )
    (final_norm): LayerNorm((64,), eps=1e-05, elementwise_affine=True)
    (output_projection): Linear(in_features=64, out_features=3, bias=True)
  )
)
2026-05-22 10:06:39,744 - INFO - fuzzy_graph.base_memberships	torch.Size([307, 3])	cuda:0	True
2026-05-22 10:06:39,744 - INFO - fuzzy_graph.fuzzy_prototypes	torch.Size([3, 64])	cuda:0	True
2026-05-22 10:06:39,745 - INFO - fuzzy_graph.blend_logit	torch.Size([])	cuda:0	True
2026-05-22 10:06:39,745 - INFO - fuzzy_graph.raw_projection.weight	torch.Size([64, 3])	cuda:0	True
2026-05-22 10:06:39,745 - INFO - fuzzy_graph.raw_projection.bias	torch.Size([64])	cuda:0	True
2026-05-22 10:06:39,745 - INFO - fuzzy_graph.feature_to_membership.0.weight	torch.Size([32, 64])	cuda:0	True
2026-05-22 10:06:39,745 - INFO - fuzzy_graph.feature_to_membership.0.bias	torch.Size([32])	cuda:0	True
2026-05-22 10:06:39,745 - INFO - fuzzy_graph.feature_to_membership.2.weight	torch.Size([3, 32])	cuda:0	True
2026-05-22 10:06:39,745 - INFO - fuzzy_graph.feature_to_membership.2.bias	torch.Size([3])	cuda:0	True
2026-05-22 10:06:39,745 - INFO - condition_encoder.temporal_position_embedding	torch.Size([1, 12, 1, 64])	cuda:0	True
2026-05-22 10:06:39,745 - INFO - condition_encoder.input_projection.weight	torch.Size([64, 3])	cuda:0	True
2026-05-22 10:06:39,745 - INFO - condition_encoder.input_projection.bias	torch.Size([64])	cuda:0	True
2026-05-22 10:06:39,745 - INFO - condition_encoder.blocks.0.temporal_attention.query_projection.weight	torch.Size([64, 64])	cuda:0	True
2026-05-22 10:06:39,745 - INFO - condition_encoder.blocks.0.temporal_attention.query_projection.bias	torch.Size([64])	cuda:0	True
2026-05-22 10:06:39,745 - INFO - condition_encoder.blocks.0.temporal_attention.key_projection.weight	torch.Size([64, 64])	cuda:0	True
2026-05-22 10:06:39,745 - INFO - condition_encoder.blocks.0.temporal_attention.key_projection.bias	torch.Size([64])	cuda:0	True
2026-05-22 10:06:39,745 - INFO - condition_encoder.blocks.0.temporal_attention.value_projection.weight	torch.Size([64, 64])	cuda:0	True
2026-05-22 10:06:39,745 - INFO - condition_encoder.blocks.0.temporal_attention.value_projection.bias	torch.Size([64])	cuda:0	True
2026-05-22 10:06:39,745 - INFO - condition_encoder.blocks.0.temporal_attention.output_projection.weight	torch.Size([64, 64])	cuda:0	True
2026-05-22 10:06:39,745 - INFO - condition_encoder.blocks.0.temporal_attention.output_projection.bias	torch.Size([64])	cuda:0	True
2026-05-22 10:06:39,745 - INFO - condition_encoder.blocks.0.graph_convolution.projections.0.weight	torch.Size([64, 64])	cuda:0	True
2026-05-22 10:06:39,745 - INFO - condition_encoder.blocks.0.graph_convolution.projections.0.bias	torch.Size([64])	cuda:0	True
2026-05-22 10:06:39,745 - INFO - condition_encoder.blocks.0.graph_convolution.projections.1.weight	torch.Size([64, 64])	cuda:0	True
2026-05-22 10:06:39,745 - INFO - condition_encoder.blocks.0.graph_convolution.projections.1.bias	torch.Size([64])	cuda:0	True
2026-05-22 10:06:39,745 - INFO - condition_encoder.blocks.0.graph_convolution.projections.2.weight	torch.Size([64, 64])	cuda:0	True
2026-05-22 10:06:39,745 - INFO - condition_encoder.blocks.0.graph_convolution.projections.2.bias	torch.Size([64])	cuda:0	True
2026-05-22 10:06:39,745 - INFO - condition_encoder.blocks.0.feed_forward.network.0.weight	torch.Size([128, 64])	cuda:0	True
2026-05-22 10:06:39,745 - INFO - condition_encoder.blocks.0.feed_forward.network.0.bias	torch.Size([128])	cuda:0	True
2026-05-22 10:06:39,745 - INFO - condition_encoder.blocks.0.feed_forward.network.3.weight	torch.Size([64, 128])	cuda:0	True
2026-05-22 10:06:39,745 - INFO - condition_encoder.blocks.0.feed_forward.network.3.bias	torch.Size([64])	cuda:0	True
2026-05-22 10:06:39,745 - INFO - condition_encoder.blocks.0.norm_temporal.weight	torch.Size([64])	cuda:0	True
2026-05-22 10:06:39,745 - INFO - condition_encoder.blocks.0.norm_temporal.bias	torch.Size([64])	cuda:0	True
2026-05-22 10:06:39,745 - INFO - condition_encoder.blocks.0.norm_graph.weight	torch.Size([64])	cuda:0	True
2026-05-22 10:06:39,745 - INFO - condition_encoder.blocks.0.norm_graph.bias	torch.Size([64])	cuda:0	True
2026-05-22 10:06:39,745 - INFO - condition_encoder.blocks.0.norm_ffn.weight	torch.Size([64])	cuda:0	True
2026-05-22 10:06:39,745 - INFO - condition_encoder.blocks.0.norm_ffn.bias	torch.Size([64])	cuda:0	True
2026-05-22 10:06:39,746 - INFO - condition_encoder.blocks.1.temporal_attention.query_projection.weight	torch.Size([64, 64])	cuda:0	True
2026-05-22 10:06:39,746 - INFO - condition_encoder.blocks.1.temporal_attention.query_projection.bias	torch.Size([64])	cuda:0	True
2026-05-22 10:06:39,746 - INFO - condition_encoder.blocks.1.temporal_attention.key_projection.weight	torch.Size([64, 64])	cuda:0	True
2026-05-22 10:06:39,746 - INFO - condition_encoder.blocks.1.temporal_attention.key_projection.bias	torch.Size([64])	cuda:0	True
2026-05-22 10:06:39,746 - INFO - condition_encoder.blocks.1.temporal_attention.value_projection.weight	torch.Size([64, 64])	cuda:0	True
2026-05-22 10:06:39,746 - INFO - condition_encoder.blocks.1.temporal_attention.value_projection.bias	torch.Size([64])	cuda:0	True
2026-05-22 10:06:39,746 - INFO - condition_encoder.blocks.1.temporal_attention.output_projection.weight	torch.Size([64, 64])	cuda:0	True
2026-05-22 10:06:39,746 - INFO - condition_encoder.blocks.1.temporal_attention.output_projection.bias	torch.Size([64])	cuda:0	True
2026-05-22 10:06:39,746 - INFO - condition_encoder.blocks.1.graph_convolution.projections.0.weight	torch.Size([64, 64])	cuda:0	True
2026-05-22 10:06:39,746 - INFO - condition_encoder.blocks.1.graph_convolution.projections.0.bias	torch.Size([64])	cuda:0	True
2026-05-22 10:06:39,746 - INFO - condition_encoder.blocks.1.graph_convolution.projections.1.weight	torch.Size([64, 64])	cuda:0	True
2026-05-22 10:06:39,746 - INFO - condition_encoder.blocks.1.graph_convolution.projections.1.bias	torch.Size([64])	cuda:0	True
2026-05-22 10:06:39,746 - INFO - condition_encoder.blocks.1.graph_convolution.projections.2.weight	torch.Size([64, 64])	cuda:0	True
2026-05-22 10:06:39,746 - INFO - condition_encoder.blocks.1.graph_convolution.projections.2.bias	torch.Size([64])	cuda:0	True
2026-05-22 10:06:39,746 - INFO - condition_encoder.blocks.1.feed_forward.network.0.weight	torch.Size([128, 64])	cuda:0	True
2026-05-22 10:06:39,746 - INFO - condition_encoder.blocks.1.feed_forward.network.0.bias	torch.Size([128])	cuda:0	True
2026-05-22 10:06:39,746 - INFO - condition_encoder.blocks.1.feed_forward.network.3.weight	torch.Size([64, 128])	cuda:0	True
2026-05-22 10:06:39,746 - INFO - condition_encoder.blocks.1.feed_forward.network.3.bias	torch.Size([64])	cuda:0	True
2026-05-22 10:06:39,746 - INFO - condition_encoder.blocks.1.norm_temporal.weight	torch.Size([64])	cuda:0	True
2026-05-22 10:06:39,746 - INFO - condition_encoder.blocks.1.norm_temporal.bias	torch.Size([64])	cuda:0	True
2026-05-22 10:06:39,746 - INFO - condition_encoder.blocks.1.norm_graph.weight	torch.Size([64])	cuda:0	True
2026-05-22 10:06:39,746 - INFO - condition_encoder.blocks.1.norm_graph.bias	torch.Size([64])	cuda:0	True
2026-05-22 10:06:39,746 - INFO - condition_encoder.blocks.1.norm_ffn.weight	torch.Size([64])	cuda:0	True
2026-05-22 10:06:39,746 - INFO - condition_encoder.blocks.1.norm_ffn.bias	torch.Size([64])	cuda:0	True
2026-05-22 10:06:39,746 - INFO - condition_encoder.final_norm.weight	torch.Size([64])	cuda:0	True
2026-05-22 10:06:39,746 - INFO - condition_encoder.final_norm.bias	torch.Size([64])	cuda:0	True
2026-05-22 10:06:39,746 - INFO - denoiser.future_position_embedding	torch.Size([1, 12, 1, 64])	cuda:0	True
2026-05-22 10:06:39,746 - INFO - denoiser.condition_temporal_weight	torch.Size([12])	cuda:0	True
2026-05-22 10:06:39,746 - INFO - denoiser.condition_blend	torch.Size([])	cuda:0	True
2026-05-22 10:06:39,746 - INFO - denoiser.input_projection.weight	torch.Size([64, 3])	cuda:0	True
2026-05-22 10:06:39,746 - INFO - denoiser.input_projection.bias	torch.Size([64])	cuda:0	True
2026-05-22 10:06:39,746 - INFO - denoiser.time_projection.0.weight	torch.Size([64, 64])	cuda:0	True
2026-05-22 10:06:39,746 - INFO - denoiser.time_projection.0.bias	torch.Size([64])	cuda:0	True
2026-05-22 10:06:39,746 - INFO - denoiser.time_projection.2.weight	torch.Size([64, 64])	cuda:0	True
2026-05-22 10:06:39,746 - INFO - denoiser.time_projection.2.bias	torch.Size([64])	cuda:0	True
2026-05-22 10:06:39,747 - INFO - denoiser.condition_fusion.weight	torch.Size([64, 128])	cuda:0	True
2026-05-22 10:06:39,747 - INFO - denoiser.condition_fusion.bias	torch.Size([64])	cuda:0	True
2026-05-22 10:06:39,747 - INFO - denoiser.blocks.0.temporal_attention.query_projection.weight	torch.Size([64, 64])	cuda:0	True
2026-05-22 10:06:39,747 - INFO - denoiser.blocks.0.temporal_attention.query_projection.bias	torch.Size([64])	cuda:0	True
2026-05-22 10:06:39,747 - INFO - denoiser.blocks.0.temporal_attention.key_projection.weight	torch.Size([64, 64])	cuda:0	True
2026-05-22 10:06:39,747 - INFO - denoiser.blocks.0.temporal_attention.key_projection.bias	torch.Size([64])	cuda:0	True
2026-05-22 10:06:39,747 - INFO - denoiser.blocks.0.temporal_attention.value_projection.weight	torch.Size([64, 64])	cuda:0	True
2026-05-22 10:06:39,747 - INFO - denoiser.blocks.0.temporal_attention.value_projection.bias	torch.Size([64])	cuda:0	True
2026-05-22 10:06:39,747 - INFO - denoiser.blocks.0.temporal_attention.output_projection.weight	torch.Size([64, 64])	cuda:0	True
2026-05-22 10:06:39,747 - INFO - denoiser.blocks.0.temporal_attention.output_projection.bias	torch.Size([64])	cuda:0	True
2026-05-22 10:06:39,747 - INFO - denoiser.blocks.0.graph_convolution.projections.0.weight	torch.Size([64, 64])	cuda:0	True
2026-05-22 10:06:39,747 - INFO - denoiser.blocks.0.graph_convolution.projections.0.bias	torch.Size([64])	cuda:0	True
2026-05-22 10:06:39,747 - INFO - denoiser.blocks.0.graph_convolution.projections.1.weight	torch.Size([64, 64])	cuda:0	True
2026-05-22 10:06:39,747 - INFO - denoiser.blocks.0.graph_convolution.projections.1.bias	torch.Size([64])	cuda:0	True
2026-05-22 10:06:39,747 - INFO - denoiser.blocks.0.graph_convolution.projections.2.weight	torch.Size([64, 64])	cuda:0	True
2026-05-22 10:06:39,747 - INFO - denoiser.blocks.0.graph_convolution.projections.2.bias	torch.Size([64])	cuda:0	True
2026-05-22 10:06:39,747 - INFO - denoiser.blocks.0.cross_attention.query_projection.weight	torch.Size([64, 64])	cuda:0	True
2026-05-22 10:06:39,747 - INFO - denoiser.blocks.0.cross_attention.query_projection.bias	torch.Size([64])	cuda:0	True
2026-05-22 10:06:39,747 - INFO - denoiser.blocks.0.cross_attention.key_projection.weight	torch.Size([64, 64])	cuda:0	True
2026-05-22 10:06:39,747 - INFO - denoiser.blocks.0.cross_attention.key_projection.bias	torch.Size([64])	cuda:0	True
2026-05-22 10:06:39,747 - INFO - denoiser.blocks.0.cross_attention.value_projection.weight	torch.Size([64, 64])	cuda:0	True
2026-05-22 10:06:39,747 - INFO - denoiser.blocks.0.cross_attention.value_projection.bias	torch.Size([64])	cuda:0	True
2026-05-22 10:06:39,747 - INFO - denoiser.blocks.0.cross_attention.output_projection.weight	torch.Size([64, 64])	cuda:0	True
2026-05-22 10:06:39,747 - INFO - denoiser.blocks.0.cross_attention.output_projection.bias	torch.Size([64])	cuda:0	True
2026-05-22 10:06:39,747 - INFO - denoiser.blocks.0.spatiotemporal_attention.query_projection.weight	torch.Size([64, 64])	cuda:0	True
2026-05-22 10:06:39,747 - INFO - denoiser.blocks.0.spatiotemporal_attention.query_projection.bias	torch.Size([64])	cuda:0	True
2026-05-22 10:06:39,747 - INFO - denoiser.blocks.0.spatiotemporal_attention.key_projection.weight	torch.Size([64, 64])	cuda:0	True
2026-05-22 10:06:39,747 - INFO - denoiser.blocks.0.spatiotemporal_attention.key_projection.bias	torch.Size([64])	cuda:0	True
2026-05-22 10:06:39,747 - INFO - denoiser.blocks.0.spatiotemporal_attention.value_projection.weight	torch.Size([64, 64])	cuda:0	True
2026-05-22 10:06:39,747 - INFO - denoiser.blocks.0.spatiotemporal_attention.value_projection.bias	torch.Size([64])	cuda:0	True
2026-05-22 10:06:39,747 - INFO - denoiser.blocks.0.spatiotemporal_attention.output_projection.weight	torch.Size([64, 64])	cuda:0	True
2026-05-22 10:06:39,747 - INFO - denoiser.blocks.0.spatiotemporal_attention.output_projection.bias	torch.Size([64])	cuda:0	True
2026-05-22 10:06:39,747 - INFO - denoiser.blocks.0.feed_forward.network.0.weight	torch.Size([128, 64])	cuda:0	True
2026-05-22 10:06:39,747 - INFO - denoiser.blocks.0.feed_forward.network.0.bias	torch.Size([128])	cuda:0	True
2026-05-22 10:06:39,747 - INFO - denoiser.blocks.0.feed_forward.network.3.weight	torch.Size([64, 128])	cuda:0	True
2026-05-22 10:06:39,748 - INFO - denoiser.blocks.0.feed_forward.network.3.bias	torch.Size([64])	cuda:0	True
2026-05-22 10:06:39,748 - INFO - denoiser.blocks.0.norm_temporal.weight	torch.Size([64])	cuda:0	True
2026-05-22 10:06:39,748 - INFO - denoiser.blocks.0.norm_temporal.bias	torch.Size([64])	cuda:0	True
2026-05-22 10:06:39,748 - INFO - denoiser.blocks.0.norm_graph.weight	torch.Size([64])	cuda:0	True
2026-05-22 10:06:39,748 - INFO - denoiser.blocks.0.norm_graph.bias	torch.Size([64])	cuda:0	True
2026-05-22 10:06:39,748 - INFO - denoiser.blocks.0.norm_cross.weight	torch.Size([64])	cuda:0	True
2026-05-22 10:06:39,748 - INFO - denoiser.blocks.0.norm_cross.bias	torch.Size([64])	cuda:0	True
2026-05-22 10:06:39,748 - INFO - denoiser.blocks.0.norm_spatiotemporal.weight	torch.Size([64])	cuda:0	True
2026-05-22 10:06:39,748 - INFO - denoiser.blocks.0.norm_spatiotemporal.bias	torch.Size([64])	cuda:0	True
2026-05-22 10:06:39,748 - INFO - denoiser.blocks.0.norm_ffn.weight	torch.Size([64])	cuda:0	True
2026-05-22 10:06:39,748 - INFO - denoiser.blocks.0.norm_ffn.bias	torch.Size([64])	cuda:0	True
2026-05-22 10:06:39,748 - INFO - denoiser.blocks.0.time_scale_shift.1.weight	torch.Size([128, 64])	cuda:0	True
2026-05-22 10:06:39,748 - INFO - denoiser.blocks.0.time_scale_shift.1.bias	torch.Size([128])	cuda:0	True
2026-05-22 10:06:39,748 - INFO - denoiser.blocks.1.temporal_attention.query_projection.weight	torch.Size([64, 64])	cuda:0	True
2026-05-22 10:06:39,748 - INFO - denoiser.blocks.1.temporal_attention.query_projection.bias	torch.Size([64])	cuda:0	True
2026-05-22 10:06:39,748 - INFO - denoiser.blocks.1.temporal_attention.key_projection.weight	torch.Size([64, 64])	cuda:0	True
2026-05-22 10:06:39,748 - INFO - denoiser.blocks.1.temporal_attention.key_projection.bias	torch.Size([64])	cuda:0	True
2026-05-22 10:06:39,748 - INFO - denoiser.blocks.1.temporal_attention.value_projection.weight	torch.Size([64, 64])	cuda:0	True
2026-05-22 10:06:39,748 - INFO - denoiser.blocks.1.temporal_attention.value_projection.bias	torch.Size([64])	cuda:0	True
2026-05-22 10:06:39,748 - INFO - denoiser.blocks.1.temporal_attention.output_projection.weight	torch.Size([64, 64])	cuda:0	True
2026-05-22 10:06:39,748 - INFO - denoiser.blocks.1.temporal_attention.output_projection.bias	torch.Size([64])	cuda:0	True
2026-05-22 10:06:39,748 - INFO - denoiser.blocks.1.graph_convolution.projections.0.weight	torch.Size([64, 64])	cuda:0	True
2026-05-22 10:06:39,748 - INFO - denoiser.blocks.1.graph_convolution.projections.0.bias	torch.Size([64])	cuda:0	True
2026-05-22 10:06:39,748 - INFO - denoiser.blocks.1.graph_convolution.projections.1.weight	torch.Size([64, 64])	cuda:0	True
2026-05-22 10:06:39,748 - INFO - denoiser.blocks.1.graph_convolution.projections.1.bias	torch.Size([64])	cuda:0	True
2026-05-22 10:06:39,748 - INFO - denoiser.blocks.1.graph_convolution.projections.2.weight	torch.Size([64, 64])	cuda:0	True
2026-05-22 10:06:39,748 - INFO - denoiser.blocks.1.graph_convolution.projections.2.bias	torch.Size([64])	cuda:0	True
2026-05-22 10:06:39,748 - INFO - denoiser.blocks.1.cross_attention.query_projection.weight	torch.Size([64, 64])	cuda:0	True
2026-05-22 10:06:39,748 - INFO - denoiser.blocks.1.cross_attention.query_projection.bias	torch.Size([64])	cuda:0	True
2026-05-22 10:06:39,748 - INFO - denoiser.blocks.1.cross_attention.key_projection.weight	torch.Size([64, 64])	cuda:0	True
2026-05-22 10:06:39,748 - INFO - denoiser.blocks.1.cross_attention.key_projection.bias	torch.Size([64])	cuda:0	True
2026-05-22 10:06:39,748 - INFO - denoiser.blocks.1.cross_attention.value_projection.weight	torch.Size([64, 64])	cuda:0	True
2026-05-22 10:06:39,748 - INFO - denoiser.blocks.1.cross_attention.value_projection.bias	torch.Size([64])	cuda:0	True
2026-05-22 10:06:39,748 - INFO - denoiser.blocks.1.cross_attention.output_projection.weight	torch.Size([64, 64])	cuda:0	True
2026-05-22 10:06:39,748 - INFO - denoiser.blocks.1.cross_attention.output_projection.bias	torch.Size([64])	cuda:0	True
2026-05-22 10:06:39,748 - INFO - denoiser.blocks.1.spatiotemporal_attention.query_projection.weight	torch.Size([64, 64])	cuda:0	True
2026-05-22 10:06:39,749 - INFO - denoiser.blocks.1.spatiotemporal_attention.query_projection.bias	torch.Size([64])	cuda:0	True
2026-05-22 10:06:39,749 - INFO - denoiser.blocks.1.spatiotemporal_attention.key_projection.weight	torch.Size([64, 64])	cuda:0	True
2026-05-22 10:06:39,749 - INFO - denoiser.blocks.1.spatiotemporal_attention.key_projection.bias	torch.Size([64])	cuda:0	True
2026-05-22 10:06:39,749 - INFO - denoiser.blocks.1.spatiotemporal_attention.value_projection.weight	torch.Size([64, 64])	cuda:0	True
2026-05-22 10:06:39,749 - INFO - denoiser.blocks.1.spatiotemporal_attention.value_projection.bias	torch.Size([64])	cuda:0	True
2026-05-22 10:06:39,749 - INFO - denoiser.blocks.1.spatiotemporal_attention.output_projection.weight	torch.Size([64, 64])	cuda:0	True
2026-05-22 10:06:39,749 - INFO - denoiser.blocks.1.spatiotemporal_attention.output_projection.bias	torch.Size([64])	cuda:0	True
2026-05-22 10:06:39,749 - INFO - denoiser.blocks.1.feed_forward.network.0.weight	torch.Size([128, 64])	cuda:0	True
2026-05-22 10:06:39,749 - INFO - denoiser.blocks.1.feed_forward.network.0.bias	torch.Size([128])	cuda:0	True
2026-05-22 10:06:39,749 - INFO - denoiser.blocks.1.feed_forward.network.3.weight	torch.Size([64, 128])	cuda:0	True
2026-05-22 10:06:39,749 - INFO - denoiser.blocks.1.feed_forward.network.3.bias	torch.Size([64])	cuda:0	True
2026-05-22 10:06:39,749 - INFO - denoiser.blocks.1.norm_temporal.weight	torch.Size([64])	cuda:0	True
2026-05-22 10:06:39,749 - INFO - denoiser.blocks.1.norm_temporal.bias	torch.Size([64])	cuda:0	True
2026-05-22 10:06:39,749 - INFO - denoiser.blocks.1.norm_graph.weight	torch.Size([64])	cuda:0	True
2026-05-22 10:06:39,749 - INFO - denoiser.blocks.1.norm_graph.bias	torch.Size([64])	cuda:0	True
2026-05-22 10:06:39,749 - INFO - denoiser.blocks.1.norm_cross.weight	torch.Size([64])	cuda:0	True
2026-05-22 10:06:39,749 - INFO - denoiser.blocks.1.norm_cross.bias	torch.Size([64])	cuda:0	True
2026-05-22 10:06:39,749 - INFO - denoiser.blocks.1.norm_spatiotemporal.weight	torch.Size([64])	cuda:0	True
2026-05-22 10:06:39,749 - INFO - denoiser.blocks.1.norm_spatiotemporal.bias	torch.Size([64])	cuda:0	True
2026-05-22 10:06:39,749 - INFO - denoiser.blocks.1.norm_ffn.weight	torch.Size([64])	cuda:0	True
2026-05-22 10:06:39,749 - INFO - denoiser.blocks.1.norm_ffn.bias	torch.Size([64])	cuda:0	True
2026-05-22 10:06:39,749 - INFO - denoiser.blocks.1.time_scale_shift.1.weight	torch.Size([128, 64])	cuda:0	True
2026-05-22 10:06:39,749 - INFO - denoiser.blocks.1.time_scale_shift.1.bias	torch.Size([128])	cuda:0	True
2026-05-22 10:06:39,749 - INFO - denoiser.final_norm.weight	torch.Size([64])	cuda:0	True
2026-05-22 10:06:39,749 - INFO - denoiser.final_norm.bias	torch.Size([64])	cuda:0	True
2026-05-22 10:06:39,749 - INFO - denoiser.output_projection.weight	torch.Size([3, 64])	cuda:0	True
2026-05-22 10:06:39,749 - INFO - denoiser.output_projection.bias	torch.Size([3])	cuda:0	True
2026-05-22 10:06:39,750 - INFO - Total parameter numbers: 290669
2026-05-22 10:06:39,750 - INFO - Enable AMP training (dtype=bfloat16).
2026-05-22 10:06:39,750 - INFO - You select `adamw` optimizer.
2026-05-22 10:06:40,497 - INFO - You select `reducelronplateau` lr_scheduler.
2026-05-22 10:06:40,497 - WARNING - Received none train loss func and will use the loss func defined in the model.
2026-05-22 10:06:40,498 - INFO - Start training ...
2026-05-22 10:06:40,498 - INFO - num_batches:161
2026-05-22 10:07:02,104 - INFO - epoch complete!
2026-05-22 10:07:02,104 - INFO - evaluating now!
2026-05-22 10:07:04,110 - INFO - Epoch [0/10] train_loss: 29.6073, val_loss: 39.2753, lr: 0.000500, 23.61s
2026-05-22 10:07:04,142 - INFO - Saved model at 0
2026-05-22 10:07:04,143 - INFO - Val loss decrease from inf to 39.2753, saving to /home/lizhuoxuan/lzq/Bigscity-LibCity-master/outputs/20260522_100629__traffic_state_pred__new_fuzzy_3__PEMSD4/model_cache/new_fuzzy_3_PEMSD4_epoch0.tar
2026-05-22 10:07:25,058 - INFO - epoch complete!
2026-05-22 10:07:25,058 - INFO - evaluating now!
2026-05-22 10:07:27,064 - INFO - Epoch [1/10] train_loss: 45.7234, val_loss: 50.2935, lr: 0.000500, 22.92s
2026-05-22 10:07:47,959 - INFO - epoch complete!
2026-05-22 10:07:47,960 - INFO - evaluating now!
2026-05-22 10:07:49,959 - INFO - Epoch [2/10] train_loss: 38.5922, val_loss: 23.2473, lr: 0.000500, 22.90s
2026-05-22 10:07:49,990 - INFO - Saved model at 2
2026-05-22 10:07:49,990 - INFO - Val loss decrease from 39.2753 to 23.2473, saving to /home/lizhuoxuan/lzq/Bigscity-LibCity-master/outputs/20260522_100629__traffic_state_pred__new_fuzzy_3__PEMSD4/model_cache/new_fuzzy_3_PEMSD4_epoch2.tar
2026-05-22 10:08:10,923 - INFO - epoch complete!
2026-05-22 10:08:10,924 - INFO - evaluating now!
2026-05-22 10:08:12,941 - INFO - Epoch [3/10] train_loss: 29.3123, val_loss: 29.8928, lr: 0.000500, 22.95s
2026-05-22 10:08:33,912 - INFO - epoch complete!
2026-05-22 10:08:33,912 - INFO - evaluating now!
2026-05-22 10:08:35,933 - INFO - Epoch [4/10] train_loss: 29.3325, val_loss: 22.7138, lr: 0.000500, 22.99s
2026-05-22 10:08:35,963 - INFO - Saved model at 4
2026-05-22 10:08:35,963 - INFO - Val loss decrease from 23.2473 to 22.7138, saving to /home/lizhuoxuan/lzq/Bigscity-LibCity-master/outputs/20260522_100629__traffic_state_pred__new_fuzzy_3__PEMSD4/model_cache/new_fuzzy_3_PEMSD4_epoch4.tar
2026-05-22 10:08:56,933 - INFO - epoch complete!
2026-05-22 10:08:56,933 - INFO - evaluating now!
2026-05-22 10:08:58,947 - INFO - Epoch [5/10] train_loss: 25.0427, val_loss: 17.7050, lr: 0.000500, 22.98s
2026-05-22 10:08:58,977 - INFO - Saved model at 5
2026-05-22 10:08:58,977 - INFO - Val loss decrease from 22.7138 to 17.7050, saving to /home/lizhuoxuan/lzq/Bigscity-LibCity-master/outputs/20260522_100629__traffic_state_pred__new_fuzzy_3__PEMSD4/model_cache/new_fuzzy_3_PEMSD4_epoch5.tar
2026-05-22 10:09:19,942 - INFO - epoch complete!
2026-05-22 10:09:19,942 - INFO - evaluating now!
2026-05-22 10:09:21,958 - INFO - Epoch [6/10] train_loss: 22.6525, val_loss: 16.8250, lr: 0.000500, 22.98s
2026-05-22 10:09:21,988 - INFO - Saved model at 6
2026-05-22 10:09:21,988 - INFO - Val loss decrease from 17.7050 to 16.8250, saving to /home/lizhuoxuan/lzq/Bigscity-LibCity-master/outputs/20260522_100629__traffic_state_pred__new_fuzzy_3__PEMSD4/model_cache/new_fuzzy_3_PEMSD4_epoch6.tar
2026-05-22 10:09:42,961 - INFO - epoch complete!
2026-05-22 10:09:42,961 - INFO - evaluating now!
2026-05-22 10:09:44,978 - INFO - Epoch [7/10] train_loss: 19.7235, val_loss: 16.1984, lr: 0.000500, 22.99s
2026-05-22 10:09:45,009 - INFO - Saved model at 7
2026-05-22 10:09:45,010 - INFO - Val loss decrease from 16.8250 to 16.1984, saving to /home/lizhuoxuan/lzq/Bigscity-LibCity-master/outputs/20260522_100629__traffic_state_pred__new_fuzzy_3__PEMSD4/model_cache/new_fuzzy_3_PEMSD4_epoch7.tar
2026-05-22 10:10:05,983 - INFO - epoch complete!
2026-05-22 10:10:05,983 - INFO - evaluating now!
2026-05-22 10:10:07,996 - INFO - Epoch [8/10] train_loss: 14.7217, val_loss: 11.1781, lr: 0.000500, 22.99s
2026-05-22 10:10:08,027 - INFO - Saved model at 8
2026-05-22 10:10:08,027 - INFO - Val loss decrease from 16.1984 to 11.1781, saving to /home/lizhuoxuan/lzq/Bigscity-LibCity-master/outputs/20260522_100629__traffic_state_pred__new_fuzzy_3__PEMSD4/model_cache/new_fuzzy_3_PEMSD4_epoch8.tar
2026-05-22 10:10:28,994 - INFO - epoch complete!
2026-05-22 10:10:28,994 - INFO - evaluating now!
2026-05-22 10:10:31,016 - INFO - Epoch [9/10] train_loss: 12.5491, val_loss: 11.2993, lr: 0.000500, 22.99s
2026-05-22 10:10:31,016 - INFO - Trained totally 10 epochs, average train time is 21.017s, average eval time is 2.013s
2026-05-22 10:10:31,102 - INFO - Loaded model at 8
2026-05-22 10:10:31,103 - INFO - Saved model at /home/lizhuoxuan/lzq/Bigscity-LibCity-master/outputs/20260522_100629__traffic_state_pred__new_fuzzy_3__PEMSD4/model_cache/new_fuzzy_3_PEMSD4.m
2026-05-22 10:10:31,136 - INFO - Start evaluating ...
2026-05-22 10:11:16,161 - INFO - Note that you select the single mode to evaluate!
2026-05-22 10:11:16,165 - INFO - Evaluate result is saved at /home/lizhuoxuan/lzq/Bigscity-LibCity-master/outputs/20260522_100629__traffic_state_pred__new_fuzzy_3__PEMSD4/evaluate_cache/2026_05_22_10_11_16_new_fuzzy_3_PEMSD4.csv
2026-05-22 10:11:16,175 - INFO - 
          MAE        MAPE           MSE  ...  masked_RMSE        R2      EVAR
1   85.036644  757.238647  17214.445312  ...   131.388031 -0.046637 -0.034568
2   84.710129  759.704346  17029.457031  ...   130.670929 -0.035492 -0.024110
3   84.635612  760.229492  17000.062500  ...   130.559830 -0.033461 -0.022015
4   84.612206  757.350708  17005.582031  ...   130.590271 -0.033986 -0.022385
5   84.684906  758.180054  17033.783203  ...   130.687714 -0.035745 -0.024037
6   84.574745  756.944885  17023.712891  ...   130.652222 -0.035491 -0.023553
7   84.320740  753.035889  16973.181641  ...   130.461334 -0.032506 -0.020372
8   84.743805  758.357361  17062.416016  ...   130.806213 -0.037983 -0.026222
9   84.252136  755.314270  16932.087891  ...   130.306702 -0.029975 -0.018046
10  85.106918  768.302002  17166.738281  ...   131.205811 -0.044409 -0.032703
11  81.754890  872.149719  14407.125000  ...   119.944435  0.123450  0.123725
12  88.420616  832.630249  18025.666016  ...   134.464478 -0.096635 -0.083112

[12 rows x 10 columns]
