2026-05-25 18:14:56,710 - INFO - Log directory: /home/lizhuoxuan/lzq/Bigscity-LibCity-master/outputs/20260525_181456__traffic_state_pred__new_fuzzy_2__PEMS_BAY/logs
2026-05-25 18:14:56,846 - INFO - Log directory: /home/lizhuoxuan/lzq/Bigscity-LibCity-master/outputs/20260525_181456__traffic_state_pred__new_fuzzy_2__PEMS_BAY/logs
2026-05-25 18:14:56,847 - INFO - Begin artifact training pipeline, task=traffic_state_pred, model_name=new_fuzzy_2, dataset_name=PEMS_BAY, exp_id=20260525_181456__traffic_state_pred__new_fuzzy_2__PEMS_BAY
2026-05-25 18:14:56,847 - INFO - {'task': 'traffic_state_pred', 'model': 'new_fuzzy_2', 'dataset': 'PEMS_BAY', 'saved_model': True, 'train': True, 'seed': 42, 'train_rate': 0.6, 'eval_rate': 0.2, 'batch_size': 64, 'learning_rate': 0.0005, 'max_epoch': 10, 'dataset_class': 'TrafficStatePointDataset', 'executor': 'TrafficStateExecutor', 'evaluator': 'TrafficStateEvaluator', 'calculate_weight_adj': True, 'conservation_loss_weight': 0.1, 'conservation_steps_per_epoch': 80, 'conservation_warmup_epochs': 5, 'data_col': ['traffic_speed'], 'data_files': ['PEMS_BAY'], 'decoder_layers': 2, 'device': device(type='cuda', index=0), 'disturb_rate': 0.5, 'dropout': 0.1, 'dyna': {'including_types': ['state'], 'state': {'entity_id': 'geo_id', 'traffic_speed': 'num'}}, 'encoder_layers': 2, 'eval_batch_size': 64, 'evaluator_mode': 'single', 'ffn_hidden_dim': 128, 'fuzzy_num_sets': 3, 'geo': {'including_types': ['Point'], 'Point': {}}, 'geo_file': 'PEMS_BAY', 'graph_k_hop': 2, 'hidden_dim': 64, 'init_weight_inf_or_zero': 'inf', 'is_distributed': True, 'metrics': ['MAE', 'MAPE', 'MSE', 'RMSE', 'masked_MAE', 'masked_MAPE', 'masked_MSE', 'masked_RMSE', 'R2', 'EVAR'], 'noise_SD': [10], 'noise_mean': [5], 'noise_type': 'gaussian', 'num_heads': 2, 'num_workers': 0, 'output_dim': 1, 'pad_with_last_sample': True, 'physics_channel_idx': 0, 'rank': 0, 'rel': {'including_types': ['geo'], 'geo': {'cost': 'num'}}, 'rel_file': 'PEMS_BAY', 'robustness_test': False, 'save_mode': ['csv'], 'scale_lr': False, 'set_weight_link_or_dist': 'dist', 'time_intervals': 300, 'use_amp': True, 'use_fuzzy_conservation': True, 'use_fuzzy_graph': True, 'use_gradient_checkpointing': False, 'use_spatiotemporal_attention': True, 'use_temporal_position_embedding': True, 'weight_adj_epsilon': 0.1, 'weight_col': 'cost', 'world_size': 2, 'clip_grad_norm': True, 'epoch': 0, 'gpu': True, 'gpu_id': 0, 'learner': 'adamw', 'load_best_epoch': True, 'log_every': 1, 'lr_decay': True, 'lr_decay_ratio': 0.5, 'lr_patience': 5, 'lr_scheduler': 'reducelronplateau', 'lr_threshold': 0.001, 'max_grad_norm': 3, 'patience': 30, 'train_loss': 'none', 'use_early_stop': True, 'weight_decay': 0.0001, 'data_version_id': 'dv_1779366493_4e5fe198', 'input_window': 12, 'output_window': 12, 'scaler': 'standard', 'load_external': False, 'normal_external': False, 'add_time_in_day': True, 'add_day_in_week': True, 'cache_dataset': True, 'ext_scaler': 'none', 'local_rank': 0, 'dist_backend': 'nccl', 'exp_id': '20260525_181456__traffic_state_pred__new_fuzzy_2__PEMS_BAY'}
2026-05-25 18:15:53,621 - INFO - DistributedDataParallel(
  (module): NewFuzzy2(
    (fuzzy_graph): FuzzyRelationalGraphLearner(
      (raw_projection): Linear(in_features=9, out_features=64, bias=True)
      (feature_to_membership): Sequential(
        (0): Linear(in_features=64, out_features=32, bias=True)
        (1): GELU(approximate='none')
        (2): Linear(in_features=32, out_features=3, bias=True)
      )
    )
    (condition_encoder): STEncoder(
      (input_projection): Linear(in_features=9, out_features=64, bias=True)
      (blocks): ModuleList(
        (0-1): 2 x STEncoderBlock(
          (temporal_attention): MultiHeadAttention(
            (query_projection): Linear(in_features=64, out_features=64, bias=True)
            (key_projection): Linear(in_features=64, out_features=64, bias=True)
            (value_projection): Linear(in_features=64, out_features=64, bias=True)
            (output_projection): Linear(in_features=64, out_features=64, bias=True)
            (dropout): Dropout(p=0.1, inplace=False)
          )
          (graph_convolution): FuzzyGraphConvolution(
            (projections): ModuleList(
              (0-2): 3 x Linear(in_features=64, out_features=64, bias=True)
            )
          )
          (feed_forward): FeedForwardNetwork(
            (network): Sequential(
              (0): Linear(in_features=64, out_features=128, bias=True)
              (1): GELU(approximate='none')
              (2): Dropout(p=0.1, inplace=False)
              (3): Linear(in_features=128, out_features=64, bias=True)
              (4): Dropout(p=0.1, inplace=False)
            )
          )
          (norm_temporal): LayerNorm((64,), eps=1e-05, elementwise_affine=True)
          (norm_graph): LayerNorm((64,), eps=1e-05, elementwise_affine=True)
          (norm_ffn): LayerNorm((64,), eps=1e-05, elementwise_affine=True)
          (dropout): Dropout(p=0.1, inplace=False)
        )
      )
      (final_norm): LayerNorm((64,), eps=1e-05, elementwise_affine=True)
    )
    (future_decoder): FutureDecoder(
      (blocks): ModuleList(
        (0-1): 2 x DecoderBlock(
          (temporal_attention): MultiHeadAttention(
            (query_projection): Linear(in_features=64, out_features=64, bias=True)
            (key_projection): Linear(in_features=64, out_features=64, bias=True)
            (value_projection): Linear(in_features=64, out_features=64, bias=True)
            (output_projection): Linear(in_features=64, out_features=64, bias=True)
            (dropout): Dropout(p=0.1, inplace=False)
          )
          (graph_convolution): FuzzyGraphConvolution(
            (projections): ModuleList(
              (0-2): 3 x Linear(in_features=64, out_features=64, bias=True)
            )
          )
          (cross_attention): MultiHeadAttention(
            (query_projection): Linear(in_features=64, out_features=64, bias=True)
            (key_projection): Linear(in_features=64, out_features=64, bias=True)
            (value_projection): Linear(in_features=64, out_features=64, bias=True)
            (output_projection): Linear(in_features=64, out_features=64, bias=True)
            (dropout): Dropout(p=0.1, inplace=False)
          )
          (spatiotemporal_attention): MultiHeadAttention(
            (query_projection): Linear(in_features=64, out_features=64, bias=True)
            (key_projection): Linear(in_features=64, out_features=64, bias=True)
            (value_projection): Linear(in_features=64, out_features=64, bias=True)
            (output_projection): Linear(in_features=64, out_features=64, bias=True)
            (dropout): Dropout(p=0.1, inplace=False)
          )
          (feed_forward): FeedForwardNetwork(
            (network): Sequential(
              (0): Linear(in_features=64, out_features=128, bias=True)
              (1): GELU(approximate='none')
              (2): Dropout(p=0.1, inplace=False)
              (3): Linear(in_features=128, out_features=64, bias=True)
              (4): Dropout(p=0.1, inplace=False)
            )
          )
          (norm_temporal): LayerNorm((64,), eps=1e-05, elementwise_affine=True)
          (norm_graph): LayerNorm((64,), eps=1e-05, elementwise_affine=True)
          (norm_cross): LayerNorm((64,), eps=1e-05, elementwise_affine=True)
          (norm_spatiotemporal): LayerNorm((64,), eps=1e-05, elementwise_affine=True)
          (norm_ffn): LayerNorm((64,), eps=1e-05, elementwise_affine=True)
          (dropout): Dropout(p=0.1, inplace=False)
        )
      )
      (final_norm): LayerNorm((64,), eps=1e-05, elementwise_affine=True)
      (output_projection): Linear(in_features=64, out_features=1, bias=True)
    )
  )
)
2026-05-25 18:15:53,622 - INFO - Enable AMP training (dtype=float16).
2026-05-25 18:15:53,623 - INFO - You select `adamw` optimizer.
2026-05-25 18:15:53,623 - INFO - You select `reducelronplateau` lr_scheduler.
2026-05-25 18:15:53,624 - INFO - module.fuzzy_graph.base_memberships	torch.Size([325, 3])	cuda:0	True
2026-05-25 18:15:53,624 - WARNING - Received none train loss func and will use the loss func defined in the model.
2026-05-25 18:15:53,624 - INFO - module.fuzzy_graph.fuzzy_prototypes	torch.Size([3, 64])	cuda:0	True
2026-05-25 18:15:53,624 - INFO - module.fuzzy_graph.blend_logit	torch.Size([])	cuda:0	True
2026-05-25 18:15:53,624 - INFO - module.fuzzy_graph.raw_projection.weight	torch.Size([64, 9])	cuda:0	True
2026-05-25 18:15:53,624 - INFO - Start training ...
2026-05-25 18:15:53,624 - INFO - module.fuzzy_graph.raw_projection.bias	torch.Size([64])	cuda:0	True
2026-05-25 18:15:53,624 - INFO - num_batches:245
2026-05-25 18:15:53,624 - INFO - module.fuzzy_graph.feature_to_membership.0.weight	torch.Size([32, 64])	cuda:0	True
2026-05-25 18:15:53,624 - INFO - module.fuzzy_graph.feature_to_membership.0.bias	torch.Size([32])	cuda:0	True
2026-05-25 18:15:53,624 - INFO - module.fuzzy_graph.feature_to_membership.2.weight	torch.Size([3, 32])	cuda:0	True
2026-05-25 18:15:53,624 - INFO - module.fuzzy_graph.feature_to_membership.2.bias	torch.Size([3])	cuda:0	True
2026-05-25 18:15:53,624 - INFO - module.condition_encoder.temporal_position_embedding	torch.Size([1, 12, 1, 64])	cuda:0	True
2026-05-25 18:15:53,624 - INFO - module.condition_encoder.input_projection.weight	torch.Size([64, 9])	cuda:0	True
2026-05-25 18:15:53,624 - INFO - module.condition_encoder.input_projection.bias	torch.Size([64])	cuda:0	True
2026-05-25 18:15:53,624 - INFO - module.condition_encoder.blocks.0.temporal_attention.query_projection.weight	torch.Size([64, 64])	cuda:0	True
2026-05-25 18:15:53,624 - INFO - module.condition_encoder.blocks.0.temporal_attention.query_projection.bias	torch.Size([64])	cuda:0	True
2026-05-25 18:15:53,624 - INFO - module.condition_encoder.blocks.0.temporal_attention.key_projection.weight	torch.Size([64, 64])	cuda:0	True
2026-05-25 18:15:53,624 - INFO - module.condition_encoder.blocks.0.temporal_attention.key_projection.bias	torch.Size([64])	cuda:0	True
2026-05-25 18:15:53,624 - INFO - module.condition_encoder.blocks.0.temporal_attention.value_projection.weight	torch.Size([64, 64])	cuda:0	True
2026-05-25 18:15:53,624 - INFO - module.condition_encoder.blocks.0.temporal_attention.value_projection.bias	torch.Size([64])	cuda:0	True
2026-05-25 18:15:53,624 - INFO - module.condition_encoder.blocks.0.temporal_attention.output_projection.weight	torch.Size([64, 64])	cuda:0	True
2026-05-25 18:15:53,624 - INFO - module.condition_encoder.blocks.0.temporal_attention.output_projection.bias	torch.Size([64])	cuda:0	True
2026-05-25 18:15:53,624 - INFO - module.condition_encoder.blocks.0.graph_convolution.projections.0.weight	torch.Size([64, 64])	cuda:0	True
2026-05-25 18:15:53,624 - INFO - module.condition_encoder.blocks.0.graph_convolution.projections.0.bias	torch.Size([64])	cuda:0	True
2026-05-25 18:15:53,624 - INFO - module.condition_encoder.blocks.0.graph_convolution.projections.1.weight	torch.Size([64, 64])	cuda:0	True
2026-05-25 18:15:53,624 - INFO - module.condition_encoder.blocks.0.graph_convolution.projections.1.bias	torch.Size([64])	cuda:0	True
2026-05-25 18:15:53,624 - INFO - module.condition_encoder.blocks.0.graph_convolution.projections.2.weight	torch.Size([64, 64])	cuda:0	True
2026-05-25 18:15:53,624 - INFO - module.condition_encoder.blocks.0.graph_convolution.projections.2.bias	torch.Size([64])	cuda:0	True
2026-05-25 18:15:53,625 - INFO - module.condition_encoder.blocks.0.feed_forward.network.0.weight	torch.Size([128, 64])	cuda:0	True
2026-05-25 18:15:53,625 - INFO - module.condition_encoder.blocks.0.feed_forward.network.0.bias	torch.Size([128])	cuda:0	True
2026-05-25 18:15:53,625 - INFO - module.condition_encoder.blocks.0.feed_forward.network.3.weight	torch.Size([64, 128])	cuda:0	True
2026-05-25 18:15:53,625 - INFO - module.condition_encoder.blocks.0.feed_forward.network.3.bias	torch.Size([64])	cuda:0	True
2026-05-25 18:15:53,625 - INFO - module.condition_encoder.blocks.0.norm_temporal.weight	torch.Size([64])	cuda:0	True
2026-05-25 18:15:53,625 - INFO - module.condition_encoder.blocks.0.norm_temporal.bias	torch.Size([64])	cuda:0	True
2026-05-25 18:15:53,625 - INFO - module.condition_encoder.blocks.0.norm_graph.weight	torch.Size([64])	cuda:0	True
2026-05-25 18:15:53,625 - INFO - module.condition_encoder.blocks.0.norm_graph.bias	torch.Size([64])	cuda:0	True
2026-05-25 18:15:53,625 - INFO - module.condition_encoder.blocks.0.norm_ffn.weight	torch.Size([64])	cuda:0	True
2026-05-25 18:15:53,625 - INFO - module.condition_encoder.blocks.0.norm_ffn.bias	torch.Size([64])	cuda:0	True
2026-05-25 18:15:53,625 - INFO - module.condition_encoder.blocks.1.temporal_attention.query_projection.weight	torch.Size([64, 64])	cuda:0	True
2026-05-25 18:15:53,625 - INFO - module.condition_encoder.blocks.1.temporal_attention.query_projection.bias	torch.Size([64])	cuda:0	True
2026-05-25 18:15:53,625 - INFO - module.condition_encoder.blocks.1.temporal_attention.key_projection.weight	torch.Size([64, 64])	cuda:0	True
2026-05-25 18:15:53,625 - INFO - module.condition_encoder.blocks.1.temporal_attention.key_projection.bias	torch.Size([64])	cuda:0	True
2026-05-25 18:15:53,625 - INFO - module.condition_encoder.blocks.1.temporal_attention.value_projection.weight	torch.Size([64, 64])	cuda:0	True
2026-05-25 18:15:53,625 - INFO - module.condition_encoder.blocks.1.temporal_attention.value_projection.bias	torch.Size([64])	cuda:0	True
2026-05-25 18:15:53,625 - INFO - module.condition_encoder.blocks.1.temporal_attention.output_projection.weight	torch.Size([64, 64])	cuda:0	True
2026-05-25 18:15:53,625 - INFO - module.condition_encoder.blocks.1.temporal_attention.output_projection.bias	torch.Size([64])	cuda:0	True
2026-05-25 18:15:53,625 - INFO - module.condition_encoder.blocks.1.graph_convolution.projections.0.weight	torch.Size([64, 64])	cuda:0	True
2026-05-25 18:15:53,626 - INFO - module.condition_encoder.blocks.1.graph_convolution.projections.0.bias	torch.Size([64])	cuda:0	True
2026-05-25 18:15:53,626 - INFO - module.condition_encoder.blocks.1.graph_convolution.projections.1.weight	torch.Size([64, 64])	cuda:0	True
2026-05-25 18:15:53,626 - INFO - module.condition_encoder.blocks.1.graph_convolution.projections.1.bias	torch.Size([64])	cuda:0	True
2026-05-25 18:15:53,626 - INFO - module.condition_encoder.blocks.1.graph_convolution.projections.2.weight	torch.Size([64, 64])	cuda:0	True
2026-05-25 18:15:53,626 - INFO - module.condition_encoder.blocks.1.graph_convolution.projections.2.bias	torch.Size([64])	cuda:0	True
2026-05-25 18:15:53,626 - INFO - module.condition_encoder.blocks.1.feed_forward.network.0.weight	torch.Size([128, 64])	cuda:0	True
2026-05-25 18:15:53,626 - INFO - module.condition_encoder.blocks.1.feed_forward.network.0.bias	torch.Size([128])	cuda:0	True
2026-05-25 18:15:53,626 - INFO - module.condition_encoder.blocks.1.feed_forward.network.3.weight	torch.Size([64, 128])	cuda:0	True
2026-05-25 18:15:53,626 - INFO - module.condition_encoder.blocks.1.feed_forward.network.3.bias	torch.Size([64])	cuda:0	True
2026-05-25 18:15:53,626 - INFO - module.condition_encoder.blocks.1.norm_temporal.weight	torch.Size([64])	cuda:0	True
2026-05-25 18:15:53,626 - INFO - module.condition_encoder.blocks.1.norm_temporal.bias	torch.Size([64])	cuda:0	True
2026-05-25 18:15:53,626 - INFO - module.condition_encoder.blocks.1.norm_graph.weight	torch.Size([64])	cuda:0	True
2026-05-25 18:15:53,626 - INFO - module.condition_encoder.blocks.1.norm_graph.bias	torch.Size([64])	cuda:0	True
2026-05-25 18:15:53,626 - INFO - module.condition_encoder.blocks.1.norm_ffn.weight	torch.Size([64])	cuda:0	True
2026-05-25 18:15:53,626 - INFO - module.condition_encoder.blocks.1.norm_ffn.bias	torch.Size([64])	cuda:0	True
2026-05-25 18:15:53,627 - INFO - module.condition_encoder.final_norm.weight	torch.Size([64])	cuda:0	True
2026-05-25 18:15:53,627 - INFO - module.condition_encoder.final_norm.bias	torch.Size([64])	cuda:0	True
2026-05-25 18:15:53,627 - INFO - module.future_decoder.future_queries	torch.Size([1, 12, 325, 64])	cuda:0	True
2026-05-25 18:15:53,627 - INFO - module.future_decoder.blocks.0.temporal_attention.query_projection.weight	torch.Size([64, 64])	cuda:0	True
2026-05-25 18:15:53,627 - INFO - module.future_decoder.blocks.0.temporal_attention.query_projection.bias	torch.Size([64])	cuda:0	True
2026-05-25 18:15:53,627 - INFO - module.future_decoder.blocks.0.temporal_attention.key_projection.weight	torch.Size([64, 64])	cuda:0	True
2026-05-25 18:15:53,627 - INFO - module.future_decoder.blocks.0.temporal_attention.key_projection.bias	torch.Size([64])	cuda:0	True
2026-05-25 18:15:53,627 - INFO - module.future_decoder.blocks.0.temporal_attention.value_projection.weight	torch.Size([64, 64])	cuda:0	True
2026-05-25 18:15:53,627 - INFO - module.future_decoder.blocks.0.temporal_attention.value_projection.bias	torch.Size([64])	cuda:0	True
2026-05-25 18:15:53,627 - INFO - module.future_decoder.blocks.0.temporal_attention.output_projection.weight	torch.Size([64, 64])	cuda:0	True
2026-05-25 18:15:53,627 - INFO - module.future_decoder.blocks.0.temporal_attention.output_projection.bias	torch.Size([64])	cuda:0	True
2026-05-25 18:15:53,627 - INFO - module.future_decoder.blocks.0.graph_convolution.projections.0.weight	torch.Size([64, 64])	cuda:0	True
2026-05-25 18:15:53,627 - INFO - module.future_decoder.blocks.0.graph_convolution.projections.0.bias	torch.Size([64])	cuda:0	True
2026-05-25 18:15:53,627 - INFO - module.future_decoder.blocks.0.graph_convolution.projections.1.weight	torch.Size([64, 64])	cuda:0	True
2026-05-25 18:15:53,627 - INFO - module.future_decoder.blocks.0.graph_convolution.projections.1.bias	torch.Size([64])	cuda:0	True
2026-05-25 18:15:53,627 - INFO - module.future_decoder.blocks.0.graph_convolution.projections.2.weight	torch.Size([64, 64])	cuda:0	True
2026-05-25 18:15:53,627 - INFO - module.future_decoder.blocks.0.graph_convolution.projections.2.bias	torch.Size([64])	cuda:0	True
2026-05-25 18:15:53,627 - INFO - module.future_decoder.blocks.0.cross_attention.query_projection.weight	torch.Size([64, 64])	cuda:0	True
2026-05-25 18:15:53,627 - INFO - module.future_decoder.blocks.0.cross_attention.query_projection.bias	torch.Size([64])	cuda:0	True
2026-05-25 18:15:53,627 - INFO - module.future_decoder.blocks.0.cross_attention.key_projection.weight	torch.Size([64, 64])	cuda:0	True
2026-05-25 18:15:53,627 - INFO - module.future_decoder.blocks.0.cross_attention.key_projection.bias	torch.Size([64])	cuda:0	True
2026-05-25 18:15:53,627 - INFO - module.future_decoder.blocks.0.cross_attention.value_projection.weight	torch.Size([64, 64])	cuda:0	True
2026-05-25 18:15:53,627 - INFO - module.future_decoder.blocks.0.cross_attention.value_projection.bias	torch.Size([64])	cuda:0	True
2026-05-25 18:15:53,628 - INFO - module.future_decoder.blocks.0.cross_attention.output_projection.weight	torch.Size([64, 64])	cuda:0	True
2026-05-25 18:15:53,628 - INFO - module.future_decoder.blocks.0.cross_attention.output_projection.bias	torch.Size([64])	cuda:0	True
2026-05-25 18:15:53,628 - INFO - module.future_decoder.blocks.0.spatiotemporal_attention.query_projection.weight	torch.Size([64, 64])	cuda:0	True
2026-05-25 18:15:53,628 - INFO - module.future_decoder.blocks.0.spatiotemporal_attention.query_projection.bias	torch.Size([64])	cuda:0	True
2026-05-25 18:15:53,628 - INFO - module.future_decoder.blocks.0.spatiotemporal_attention.key_projection.weight	torch.Size([64, 64])	cuda:0	True
2026-05-25 18:15:53,628 - INFO - module.future_decoder.blocks.0.spatiotemporal_attention.key_projection.bias	torch.Size([64])	cuda:0	True
2026-05-25 18:15:53,628 - INFO - module.future_decoder.blocks.0.spatiotemporal_attention.value_projection.weight	torch.Size([64, 64])	cuda:0	True
2026-05-25 18:15:53,628 - INFO - module.future_decoder.blocks.0.spatiotemporal_attention.value_projection.bias	torch.Size([64])	cuda:0	True
2026-05-25 18:15:53,628 - INFO - module.future_decoder.blocks.0.spatiotemporal_attention.output_projection.weight	torch.Size([64, 64])	cuda:0	True
2026-05-25 18:15:53,628 - INFO - module.future_decoder.blocks.0.spatiotemporal_attention.output_projection.bias	torch.Size([64])	cuda:0	True
2026-05-25 18:15:53,628 - INFO - module.future_decoder.blocks.0.feed_forward.network.0.weight	torch.Size([128, 64])	cuda:0	True
2026-05-25 18:15:53,628 - INFO - module.future_decoder.blocks.0.feed_forward.network.0.bias	torch.Size([128])	cuda:0	True
2026-05-25 18:15:53,628 - INFO - module.future_decoder.blocks.0.feed_forward.network.3.weight	torch.Size([64, 128])	cuda:0	True
2026-05-25 18:15:53,628 - INFO - module.future_decoder.blocks.0.feed_forward.network.3.bias	torch.Size([64])	cuda:0	True
2026-05-25 18:15:53,628 - INFO - module.future_decoder.blocks.0.norm_temporal.weight	torch.Size([64])	cuda:0	True
2026-05-25 18:15:53,628 - INFO - module.future_decoder.blocks.0.norm_temporal.bias	torch.Size([64])	cuda:0	True
2026-05-25 18:15:53,628 - INFO - module.future_decoder.blocks.0.norm_graph.weight	torch.Size([64])	cuda:0	True
2026-05-25 18:15:53,628 - INFO - module.future_decoder.blocks.0.norm_graph.bias	torch.Size([64])	cuda:0	True
2026-05-25 18:15:53,628 - INFO - module.future_decoder.blocks.0.norm_cross.weight	torch.Size([64])	cuda:0	True
2026-05-25 18:15:53,628 - INFO - module.future_decoder.blocks.0.norm_cross.bias	torch.Size([64])	cuda:0	True
2026-05-25 18:15:53,628 - INFO - module.future_decoder.blocks.0.norm_spatiotemporal.weight	torch.Size([64])	cuda:0	True
2026-05-25 18:15:53,628 - INFO - module.future_decoder.blocks.0.norm_spatiotemporal.bias	torch.Size([64])	cuda:0	True
2026-05-25 18:15:53,628 - INFO - module.future_decoder.blocks.0.norm_ffn.weight	torch.Size([64])	cuda:0	True
2026-05-25 18:15:53,628 - INFO - module.future_decoder.blocks.0.norm_ffn.bias	torch.Size([64])	cuda:0	True
2026-05-25 18:15:53,628 - INFO - module.future_decoder.blocks.1.temporal_attention.query_projection.weight	torch.Size([64, 64])	cuda:0	True
2026-05-25 18:15:53,628 - INFO - module.future_decoder.blocks.1.temporal_attention.query_projection.bias	torch.Size([64])	cuda:0	True
2026-05-25 18:15:53,628 - INFO - module.future_decoder.blocks.1.temporal_attention.key_projection.weight	torch.Size([64, 64])	cuda:0	True
2026-05-25 18:15:53,628 - INFO - module.future_decoder.blocks.1.temporal_attention.key_projection.bias	torch.Size([64])	cuda:0	True
2026-05-25 18:15:53,629 - INFO - module.future_decoder.blocks.1.temporal_attention.value_projection.weight	torch.Size([64, 64])	cuda:0	True
2026-05-25 18:15:53,629 - INFO - module.future_decoder.blocks.1.temporal_attention.value_projection.bias	torch.Size([64])	cuda:0	True
2026-05-25 18:15:53,629 - INFO - module.future_decoder.blocks.1.temporal_attention.output_projection.weight	torch.Size([64, 64])	cuda:0	True
2026-05-25 18:15:53,629 - INFO - module.future_decoder.blocks.1.temporal_attention.output_projection.bias	torch.Size([64])	cuda:0	True
2026-05-25 18:15:53,629 - INFO - module.future_decoder.blocks.1.graph_convolution.projections.0.weight	torch.Size([64, 64])	cuda:0	True
2026-05-25 18:15:53,629 - INFO - module.future_decoder.blocks.1.graph_convolution.projections.0.bias	torch.Size([64])	cuda:0	True
2026-05-25 18:15:53,629 - INFO - module.future_decoder.blocks.1.graph_convolution.projections.1.weight	torch.Size([64, 64])	cuda:0	True
2026-05-25 18:15:53,629 - INFO - module.future_decoder.blocks.1.graph_convolution.projections.1.bias	torch.Size([64])	cuda:0	True
2026-05-25 18:15:53,629 - INFO - module.future_decoder.blocks.1.graph_convolution.projections.2.weight	torch.Size([64, 64])	cuda:0	True
2026-05-25 18:15:53,629 - INFO - module.future_decoder.blocks.1.graph_convolution.projections.2.bias	torch.Size([64])	cuda:0	True
2026-05-25 18:15:53,629 - INFO - module.future_decoder.blocks.1.cross_attention.query_projection.weight	torch.Size([64, 64])	cuda:0	True
2026-05-25 18:15:53,629 - INFO - module.future_decoder.blocks.1.cross_attention.query_projection.bias	torch.Size([64])	cuda:0	True
2026-05-25 18:15:53,629 - INFO - module.future_decoder.blocks.1.cross_attention.key_projection.weight	torch.Size([64, 64])	cuda:0	True
2026-05-25 18:15:53,629 - INFO - module.future_decoder.blocks.1.cross_attention.key_projection.bias	torch.Size([64])	cuda:0	True
2026-05-25 18:15:53,629 - INFO - module.future_decoder.blocks.1.cross_attention.value_projection.weight	torch.Size([64, 64])	cuda:0	True
2026-05-25 18:15:53,629 - INFO - module.future_decoder.blocks.1.cross_attention.value_projection.bias	torch.Size([64])	cuda:0	True
2026-05-25 18:15:53,629 - INFO - module.future_decoder.blocks.1.cross_attention.output_projection.weight	torch.Size([64, 64])	cuda:0	True
2026-05-25 18:15:53,629 - INFO - module.future_decoder.blocks.1.cross_attention.output_projection.bias	torch.Size([64])	cuda:0	True
2026-05-25 18:15:53,629 - INFO - module.future_decoder.blocks.1.spatiotemporal_attention.query_projection.weight	torch.Size([64, 64])	cuda:0	True
2026-05-25 18:15:53,629 - INFO - module.future_decoder.blocks.1.spatiotemporal_attention.query_projection.bias	torch.Size([64])	cuda:0	True
2026-05-25 18:15:53,629 - INFO - module.future_decoder.blocks.1.spatiotemporal_attention.key_projection.weight	torch.Size([64, 64])	cuda:0	True
2026-05-25 18:15:53,629 - INFO - module.future_decoder.blocks.1.spatiotemporal_attention.key_projection.bias	torch.Size([64])	cuda:0	True
2026-05-25 18:15:53,629 - INFO - module.future_decoder.blocks.1.spatiotemporal_attention.value_projection.weight	torch.Size([64, 64])	cuda:0	True
2026-05-25 18:15:53,629 - INFO - module.future_decoder.blocks.1.spatiotemporal_attention.value_projection.bias	torch.Size([64])	cuda:0	True
2026-05-25 18:15:53,629 - INFO - module.future_decoder.blocks.1.spatiotemporal_attention.output_projection.weight	torch.Size([64, 64])	cuda:0	True
2026-05-25 18:15:53,629 - INFO - module.future_decoder.blocks.1.spatiotemporal_attention.output_projection.bias	torch.Size([64])	cuda:0	True
2026-05-25 18:15:53,629 - INFO - module.future_decoder.blocks.1.feed_forward.network.0.weight	torch.Size([128, 64])	cuda:0	True
2026-05-25 18:15:53,629 - INFO - module.future_decoder.blocks.1.feed_forward.network.0.bias	torch.Size([128])	cuda:0	True
2026-05-25 18:15:53,629 - INFO - module.future_decoder.blocks.1.feed_forward.network.3.weight	torch.Size([64, 128])	cuda:0	True
2026-05-25 18:15:53,630 - INFO - module.future_decoder.blocks.1.feed_forward.network.3.bias	torch.Size([64])	cuda:0	True
2026-05-25 18:15:53,630 - INFO - module.future_decoder.blocks.1.norm_temporal.weight	torch.Size([64])	cuda:0	True
2026-05-25 18:15:53,630 - INFO - module.future_decoder.blocks.1.norm_temporal.bias	torch.Size([64])	cuda:0	True
2026-05-25 18:15:53,630 - INFO - module.future_decoder.blocks.1.norm_graph.weight	torch.Size([64])	cuda:0	True
2026-05-25 18:15:53,630 - INFO - module.future_decoder.blocks.1.norm_graph.bias	torch.Size([64])	cuda:0	True
2026-05-25 18:15:53,631 - INFO - module.future_decoder.blocks.1.norm_cross.weight	torch.Size([64])	cuda:0	True
2026-05-25 18:15:53,631 - INFO - module.future_decoder.blocks.1.norm_cross.bias	torch.Size([64])	cuda:0	True
2026-05-25 18:15:53,631 - INFO - module.future_decoder.blocks.1.norm_spatiotemporal.weight	torch.Size([64])	cuda:0	True
2026-05-25 18:15:53,631 - INFO - module.future_decoder.blocks.1.norm_spatiotemporal.bias	torch.Size([64])	cuda:0	True
2026-05-25 18:15:53,631 - INFO - module.future_decoder.blocks.1.norm_ffn.weight	torch.Size([64])	cuda:0	True
2026-05-25 18:15:53,631 - INFO - module.future_decoder.blocks.1.norm_ffn.bias	torch.Size([64])	cuda:0	True
2026-05-25 18:15:53,631 - INFO - module.future_decoder.final_norm.weight	torch.Size([64])	cuda:0	True
2026-05-25 18:15:53,631 - INFO - module.future_decoder.final_norm.bias	torch.Size([64])	cuda:0	True
2026-05-25 18:15:53,631 - INFO - module.future_decoder.output_projection.weight	torch.Size([1, 64])	cuda:0	True
2026-05-25 18:15:53,631 - INFO - module.future_decoder.output_projection.bias	torch.Size([1])	cuda:0	True
2026-05-25 18:15:53,632 - INFO - Total parameter numbers: 506708
2026-05-25 18:15:53,632 - INFO - Enable AMP training (dtype=float16).
2026-05-25 18:15:53,632 - INFO - You select `adamw` optimizer.
2026-05-25 18:15:53,633 - INFO - You select `reducelronplateau` lr_scheduler.
2026-05-25 18:15:53,633 - WARNING - Received none train loss func and will use the loss func defined in the model.
2026-05-25 18:15:53,633 - INFO - Start training ...
2026-05-25 18:15:53,633 - INFO - num_batches:245
2026-05-25 18:16:26,995 - INFO - epoch complete!
2026-05-25 18:16:26,995 - INFO - evaluating now!
2026-05-25 18:16:27,142 - INFO - epoch complete!
2026-05-25 18:16:27,142 - INFO - evaluating now!
2026-05-25 18:16:30,325 - INFO - Epoch [0/10] train_loss: 0.5061, val_loss: 0.5172, lr: 0.000500, 36.69s
2026-05-25 18:16:30,370 - INFO - Saved model at 0
2026-05-25 18:16:30,371 - INFO - Val loss decrease from inf to 0.5172, saving to /home/lizhuoxuan/lzq/Bigscity-LibCity-master/outputs/20260525_181456__traffic_state_pred__new_fuzzy_2__PEMS_BAY/model_cache/new_fuzzy_2_PEMS_BAY_epoch0.tar
2026-05-25 18:16:30,517 - INFO - Epoch [0/10] train_loss: 0.5039, val_loss: 0.5163, lr: 0.000500, 36.89s
2026-05-25 18:16:30,662 - INFO - Saved model at 0
2026-05-25 18:16:30,663 - INFO - Val loss decrease from inf to 0.5163, saving to /home/lizhuoxuan/lzq/Bigscity-LibCity-master/outputs/20260525_181456__traffic_state_pred__new_fuzzy_2__PEMS_BAY/model_cache/new_fuzzy_2_PEMS_BAY_epoch0.tar
2026-05-25 18:17:03,272 - INFO - epoch complete!
2026-05-25 18:17:03,272 - INFO - evaluating now!
2026-05-25 18:17:03,332 - INFO - epoch complete!
2026-05-25 18:17:03,333 - INFO - evaluating now!
2026-05-25 18:17:06,638 - INFO - Epoch [1/10] train_loss: 0.4578, val_loss: 0.4725, lr: 0.000500, 35.97s
2026-05-25 18:17:06,680 - INFO - Saved model at 1
2026-05-25 18:17:06,680 - INFO - Val loss decrease from 0.5163 to 0.4725, saving to /home/lizhuoxuan/lzq/Bigscity-LibCity-master/outputs/20260525_181456__traffic_state_pred__new_fuzzy_2__PEMS_BAY/model_cache/new_fuzzy_2_PEMS_BAY_epoch1.tar
2026-05-25 18:17:06,762 - INFO - Epoch [1/10] train_loss: 0.4631, val_loss: 0.4778, lr: 0.000500, 36.39s
2026-05-25 18:17:06,850 - INFO - Saved model at 1
2026-05-25 18:17:06,850 - INFO - Val loss decrease from 0.5172 to 0.4778, saving to /home/lizhuoxuan/lzq/Bigscity-LibCity-master/outputs/20260525_181456__traffic_state_pred__new_fuzzy_2__PEMS_BAY/model_cache/new_fuzzy_2_PEMS_BAY_epoch1.tar
2026-05-25 18:17:39,180 - INFO - epoch complete!
2026-05-25 18:17:39,180 - INFO - evaluating now!
2026-05-25 18:17:39,644 - INFO - epoch complete!
2026-05-25 18:17:39,644 - INFO - evaluating now!
2026-05-25 18:17:42,524 - INFO - Epoch [2/10] train_loss: 0.4111, val_loss: 0.3859, lr: 0.000500, 35.84s
2026-05-25 18:17:42,570 - INFO - Saved model at 2
2026-05-25 18:17:42,571 - INFO - Val loss decrease from 0.4725 to 0.3859, saving to /home/lizhuoxuan/lzq/Bigscity-LibCity-master/outputs/20260525_181456__traffic_state_pred__new_fuzzy_2__PEMS_BAY/model_cache/new_fuzzy_2_PEMS_BAY_epoch2.tar
2026-05-25 18:17:42,912 - INFO - Epoch [2/10] train_loss: 0.4171, val_loss: 0.4488, lr: 0.000500, 36.06s
2026-05-25 18:17:43,097 - INFO - Saved model at 2
2026-05-25 18:17:43,098 - INFO - Val loss decrease from 0.4778 to 0.4488, saving to /home/lizhuoxuan/lzq/Bigscity-LibCity-master/outputs/20260525_181456__traffic_state_pred__new_fuzzy_2__PEMS_BAY/model_cache/new_fuzzy_2_PEMS_BAY_epoch2.tar
2026-05-25 18:18:15,411 - INFO - epoch complete!
2026-05-25 18:18:15,412 - INFO - evaluating now!
2026-05-25 18:18:16,177 - INFO - epoch complete!
2026-05-25 18:18:16,178 - INFO - evaluating now!
2026-05-25 18:18:18,869 - INFO - Epoch [3/10] train_loss: 0.2636, val_loss: 0.2524, lr: 0.000500, 36.30s
2026-05-25 18:18:18,914 - INFO - Saved model at 3
2026-05-25 18:18:18,915 - INFO - Val loss decrease from 0.3859 to 0.2524, saving to /home/lizhuoxuan/lzq/Bigscity-LibCity-master/outputs/20260525_181456__traffic_state_pred__new_fuzzy_2__PEMS_BAY/model_cache/new_fuzzy_2_PEMS_BAY_epoch3.tar
2026-05-25 18:18:19,563 - INFO - Epoch [3/10] train_loss: 0.2802, val_loss: 0.2409, lr: 0.000500, 36.47s
2026-05-25 18:18:19,791 - INFO - Saved model at 3
2026-05-25 18:18:19,791 - INFO - Val loss decrease from 0.4488 to 0.2409, saving to /home/lizhuoxuan/lzq/Bigscity-LibCity-master/outputs/20260525_181456__traffic_state_pred__new_fuzzy_2__PEMS_BAY/model_cache/new_fuzzy_2_PEMS_BAY_epoch3.tar
2026-05-25 18:18:51,713 - INFO - epoch complete!
2026-05-25 18:18:51,714 - INFO - evaluating now!
2026-05-25 18:18:52,721 - INFO - epoch complete!
2026-05-25 18:18:52,721 - INFO - evaluating now!
2026-05-25 18:18:55,160 - INFO - Epoch [4/10] train_loss: 0.2323, val_loss: 0.2442, lr: 0.000500, 36.25s
2026-05-25 18:18:55,205 - INFO - Saved model at 4
2026-05-25 18:18:55,206 - INFO - Val loss decrease from 0.2524 to 0.2442, saving to /home/lizhuoxuan/lzq/Bigscity-LibCity-master/outputs/20260525_181456__traffic_state_pred__new_fuzzy_2__PEMS_BAY/model_cache/new_fuzzy_2_PEMS_BAY_epoch4.tar
2026-05-25 18:18:56,206 - INFO - Epoch [4/10] train_loss: 0.2301, val_loss: 0.2365, lr: 0.000500, 36.42s
2026-05-25 18:18:56,407 - INFO - Saved model at 4
2026-05-25 18:18:56,408 - INFO - Val loss decrease from 0.2409 to 0.2365, saving to /home/lizhuoxuan/lzq/Bigscity-LibCity-master/outputs/20260525_181456__traffic_state_pred__new_fuzzy_2__PEMS_BAY/model_cache/new_fuzzy_2_PEMS_BAY_epoch4.tar
2026-05-25 18:19:28,495 - INFO - epoch complete!
2026-05-25 18:19:28,496 - INFO - evaluating now!
2026-05-25 18:19:30,290 - INFO - epoch complete!
2026-05-25 18:19:30,291 - INFO - evaluating now!
2026-05-25 18:19:31,793 - INFO - Epoch [5/10] train_loss: 0.2223, val_loss: 0.2300, lr: 0.000500, 36.59s
2026-05-25 18:19:31,840 - INFO - Saved model at 5
2026-05-25 18:19:31,840 - INFO - Val loss decrease from 0.2442 to 0.2300, saving to /home/lizhuoxuan/lzq/Bigscity-LibCity-master/outputs/20260525_181456__traffic_state_pred__new_fuzzy_2__PEMS_BAY/model_cache/new_fuzzy_2_PEMS_BAY_epoch5.tar
2026-05-25 18:19:33,557 - INFO - Epoch [5/10] train_loss: 0.2230, val_loss: 0.2356, lr: 0.000500, 37.15s
2026-05-25 18:19:33,813 - INFO - Saved model at 5
2026-05-25 18:19:33,813 - INFO - Val loss decrease from 0.2365 to 0.2356, saving to /home/lizhuoxuan/lzq/Bigscity-LibCity-master/outputs/20260525_181456__traffic_state_pred__new_fuzzy_2__PEMS_BAY/model_cache/new_fuzzy_2_PEMS_BAY_epoch5.tar
2026-05-25 18:20:04,672 - INFO - epoch complete!
2026-05-25 18:20:04,673 - INFO - evaluating now!
2026-05-25 18:20:06,596 - INFO - epoch complete!
2026-05-25 18:20:06,596 - INFO - evaluating now!
2026-05-25 18:20:08,059 - INFO - Epoch [6/10] train_loss: 0.2184, val_loss: 0.2252, lr: 0.000500, 36.22s
2026-05-25 18:20:08,105 - INFO - Saved model at 6
2026-05-25 18:20:08,105 - INFO - Val loss decrease from 0.2300 to 0.2252, saving to /home/lizhuoxuan/lzq/Bigscity-LibCity-master/outputs/20260525_181456__traffic_state_pred__new_fuzzy_2__PEMS_BAY/model_cache/new_fuzzy_2_PEMS_BAY_epoch6.tar
2026-05-25 18:20:09,936 - INFO - Epoch [6/10] train_loss: 0.2181, val_loss: 0.2243, lr: 0.000500, 36.12s
2026-05-25 18:20:10,129 - INFO - Saved model at 6
2026-05-25 18:20:10,129 - INFO - Val loss decrease from 0.2356 to 0.2243, saving to /home/lizhuoxuan/lzq/Bigscity-LibCity-master/outputs/20260525_181456__traffic_state_pred__new_fuzzy_2__PEMS_BAY/model_cache/new_fuzzy_2_PEMS_BAY_epoch6.tar
2026-05-25 18:20:41,369 - INFO - epoch complete!
2026-05-25 18:20:41,369 - INFO - evaluating now!
2026-05-25 18:20:44,804 - INFO - Epoch [7/10] train_loss: 0.2143, val_loss: 0.2175, lr: 0.000500, 36.70s
2026-05-25 18:20:44,871 - INFO - Saved model at 7
2026-05-25 18:20:44,871 - INFO - Val loss decrease from 0.2252 to 0.2175, saving to /home/lizhuoxuan/lzq/Bigscity-LibCity-master/outputs/20260525_181456__traffic_state_pred__new_fuzzy_2__PEMS_BAY/model_cache/new_fuzzy_2_PEMS_BAY_epoch7.tar
2026-05-25 18:20:47,120 - INFO - epoch complete!
2026-05-25 18:20:47,121 - INFO - evaluating now!
2026-05-25 18:20:50,482 - INFO - Epoch [7/10] train_loss: 0.2154, val_loss: 0.2223, lr: 0.000500, 40.35s
2026-05-25 18:20:50,610 - INFO - Saved model at 7
2026-05-25 18:20:50,610 - INFO - Val loss decrease from 0.2243 to 0.2223, saving to /home/lizhuoxuan/lzq/Bigscity-LibCity-master/outputs/20260525_181456__traffic_state_pred__new_fuzzy_2__PEMS_BAY/model_cache/new_fuzzy_2_PEMS_BAY_epoch7.tar
2026-05-25 18:21:18,337 - INFO - epoch complete!
2026-05-25 18:21:18,341 - INFO - evaluating now!
2026-05-25 18:21:21,690 - INFO - Epoch [8/10] train_loss: 0.2135, val_loss: 0.2191, lr: 0.000500, 36.82s
2026-05-25 18:21:24,365 - INFO - epoch complete!
2026-05-25 18:21:24,366 - INFO - evaluating now!
2026-05-25 18:21:27,723 - INFO - Epoch [8/10] train_loss: 0.2126, val_loss: 0.2196, lr: 0.000500, 37.11s
2026-05-25 18:21:27,768 - INFO - Saved model at 8
2026-05-25 18:21:27,768 - INFO - Val loss decrease from 0.2223 to 0.2196, saving to /home/lizhuoxuan/lzq/Bigscity-LibCity-master/outputs/20260525_181456__traffic_state_pred__new_fuzzy_2__PEMS_BAY/model_cache/new_fuzzy_2_PEMS_BAY_epoch8.tar
2026-05-25 18:21:57,072 - INFO - epoch complete!
2026-05-25 18:21:57,072 - INFO - evaluating now!
2026-05-25 18:22:00,348 - INFO - epoch complete!
2026-05-25 18:22:00,348 - INFO - evaluating now!
2026-05-25 18:22:00,435 - INFO - Epoch [9/10] train_loss: 0.2113, val_loss: 0.2277, lr: 0.000500, 38.74s
2026-05-25 18:22:00,435 - INFO - Trained totally 10 epochs, average train time is 33.249s, average eval time is 3.381s
2026-05-25 18:22:00,543 - INFO - Loaded model at 7
2026-05-25 18:22:00,543 - INFO - Start evaluating ...
2026-05-25 18:22:03,663 - INFO - Epoch [9/10] train_loss: 0.2112, val_loss: 0.2387, lr: 0.000500, 35.89s
2026-05-25 18:22:03,664 - INFO - Trained totally 10 epochs, average train time is 33.511s, average eval time is 3.353s
2026-05-25 18:22:03,777 - INFO - Loaded model at 8
2026-05-25 18:22:03,778 - INFO - Saved model at /home/lizhuoxuan/lzq/Bigscity-LibCity-master/outputs/20260525_181456__traffic_state_pred__new_fuzzy_2__PEMS_BAY/model_cache/new_fuzzy_2_PEMS_BAY.m
2026-05-25 18:22:03,827 - INFO - Start evaluating ...
2026-05-25 18:22:42,884 - INFO - Note that you select the single mode to evaluate!
2026-05-25 18:22:42,890 - INFO - Evaluate result is saved at /home/lizhuoxuan/lzq/Bigscity-LibCity-master/outputs/20260525_181456__traffic_state_pred__new_fuzzy_2__PEMS_BAY/evaluate_cache/2026_05_25_18_22_42_new_fuzzy_2_PEMS_BAY.csv
2026-05-25 18:22:42,902 - INFO - 
         MAE      MAPE        MSE  ...  masked_RMSE        R2      EVAR
1   1.143809  0.025294   4.972614  ...     2.165010  0.946784  0.946784
2   1.384646  0.030287   7.997110  ...     2.777179  0.914383  0.914391
3   1.576865  0.034696  11.268362  ...     3.314055  0.879320  0.879364
4   1.735900  0.038677  14.444247  ...     3.762717  0.845265  0.845398
5   1.872048  0.042381  17.408943  ...     4.137957  0.813461  0.813781
6   1.992436  0.045806  20.159443  ...     4.458049  0.783943  0.784562
7   2.101377  0.049025  22.719355  ...     4.736478  0.756466  0.757504
8   2.198704  0.051893  25.038719  ...     4.975365  0.731561  0.733059
9   2.287401  0.054478  27.164679  ...     5.184517  0.708729  0.710671
10  2.370103  0.056876  29.114260  ...     5.369266  0.687783  0.690159
11  2.449375  0.059127  30.973898  ...     5.539698  0.667808  0.670604
12  2.529784  0.061395  32.875019  ...     5.708836  0.647399  0.650689

[12 rows x 10 columns]
