2026-05-21 20:39:05,405 - INFO - Log directory: /home/lizhuoxuan/lzq/Bigscity-LibCity-master/outputs/20260521_203905__traffic_state_pred__new_fuzzy_2__PEMS_BAY/logs
2026-05-21 20:39:05,405 - INFO - Begin artifact training pipeline, task=traffic_state_pred, model_name=new_fuzzy_2, dataset_name=PEMS_BAY, exp_id=20260521_203905__traffic_state_pred__new_fuzzy_2__PEMS_BAY
2026-05-21 20:39:05,405 - INFO - {'task': 'traffic_state_pred', 'model': 'new_fuzzy_2', 'dataset': 'PEMS_BAY', 'saved_model': True, 'train': True, 'seed': 42, 'train_rate': 0.6, 'eval_rate': 0.2, 'batch_size': 64, 'learning_rate': 0.0005, 'max_epoch': 10, 'dataset_class': 'TrafficStatePointDataset', 'executor': 'TrafficStateExecutor', 'evaluator': 'TrafficStateEvaluator', 'calculate_weight_adj': True, 'conservation_loss_weight': 0.1, 'conservation_steps_per_epoch': 80, 'conservation_warmup_epochs': 5, 'data_col': ['traffic_speed'], 'data_files': ['PEMS_BAY'], 'decoder_layers': 2, 'device': device(type='cuda', index=0), 'disturb_rate': 0.5, 'dropout': 0.1, 'dyna': {'including_types': ['state'], 'state': {'entity_id': 'geo_id', 'traffic_speed': 'num'}}, 'encoder_layers': 2, 'eval_batch_size': 64, 'evaluator_mode': 'single', 'ffn_hidden_dim': 128, 'fuzzy_num_sets': 3, 'geo': {'including_types': ['Point'], 'Point': {}}, 'geo_file': 'PEMS_BAY', 'graph_k_hop': 2, 'hidden_dim': 64, 'init_weight_inf_or_zero': 'inf', 'is_distributed': True, 'metrics': ['MAE', 'MAPE', 'MSE', 'RMSE', 'masked_MAE', 'masked_MAPE', 'masked_MSE', 'masked_RMSE', 'R2', 'EVAR'], 'noise_SD': [10], 'noise_mean': [5], 'noise_type': 'gaussian', 'num_heads': 2, 'num_workers': 0, 'output_dim': 1, 'pad_with_last_sample': True, 'physics_channel_idx': 0, 'rank': 0, 'rel': {'including_types': ['geo'], 'geo': {'cost': 'num'}}, 'rel_file': 'PEMS_BAY', 'robustness_test': False, 'save_mode': ['csv'], 'scale_lr': False, 'set_weight_link_or_dist': 'dist', 'time_intervals': 300, 'use_amp': True, 'use_fuzzy_conservation': True, 'use_fuzzy_graph': True, 'use_gradient_checkpointing': False, 'use_spatiotemporal_attention': True, 'use_temporal_position_embedding': True, 'weight_adj_epsilon': 0.1, 'weight_col': 'cost', 'world_size': 2, 'clip_grad_norm': True, 'epoch': 0, 'gpu': True, 'gpu_id': 0, 'learner': 'adamw', 'load_best_epoch': True, 'log_every': 1, 'lr_decay': True, 'lr_decay_ratio': 0.5, 'lr_patience': 5, 'lr_scheduler': 'reducelronplateau', 'lr_threshold': 0.001, 'max_grad_norm': 3, 'patience': 30, 'train_loss': 'none', 'use_early_stop': True, 'weight_decay': 0.0001, 'data_version_id': 'dv_1779366493_4e5fe198', 'input_window': 12, 'output_window': 12, 'scaler': 'standard', 'load_external': False, 'normal_external': False, 'add_time_in_day': True, 'add_day_in_week': True, 'cache_dataset': True, 'ext_scaler': 'none', 'local_rank': 0, 'dist_backend': 'nccl', 'exp_id': '20260521_203905__traffic_state_pred__new_fuzzy_2__PEMS_BAY'}
2026-05-21 20:39:05,562 - INFO - Log directory: /home/lizhuoxuan/lzq/Bigscity-LibCity-master/outputs/20260521_203905__traffic_state_pred__new_fuzzy_2__PEMS_BAY/logs
2026-05-21 20:39:56,848 - INFO - Enable AMP training (dtype=float16).
2026-05-21 20:39:56,848 - INFO - You select `adamw` optimizer.
2026-05-21 20:39:56,848 - INFO - You select `reducelronplateau` lr_scheduler.
2026-05-21 20:39:56,848 - WARNING - Received none train loss func and will use the loss func defined in the model.
2026-05-21 20:39:56,849 - INFO - Start training ...
2026-05-21 20:39:56,849 - INFO - num_batches:245
2026-05-21 20:39:56,848 - INFO - DistributedDataParallel(
  (module): NewFuzzy2(
    (fuzzy_graph): FuzzyRelationalGraphLearner(
      (raw_projection): Linear(in_features=9, out_features=64, bias=True)
      (feature_to_membership): Sequential(
        (0): Linear(in_features=64, out_features=32, bias=True)
        (1): GELU(approximate='none')
        (2): Linear(in_features=32, out_features=3, bias=True)
      )
    )
    (condition_encoder): STEncoder(
      (input_projection): Linear(in_features=9, out_features=64, bias=True)
      (blocks): ModuleList(
        (0-1): 2 x STEncoderBlock(
          (temporal_attention): MultiHeadAttention(
            (query_projection): Linear(in_features=64, out_features=64, bias=True)
            (key_projection): Linear(in_features=64, out_features=64, bias=True)
            (value_projection): Linear(in_features=64, out_features=64, bias=True)
            (output_projection): Linear(in_features=64, out_features=64, bias=True)
            (dropout): Dropout(p=0.1, inplace=False)
          )
          (graph_convolution): FuzzyGraphConvolution(
            (projections): ModuleList(
              (0-2): 3 x Linear(in_features=64, out_features=64, bias=True)
            )
          )
          (feed_forward): FeedForwardNetwork(
            (network): Sequential(
              (0): Linear(in_features=64, out_features=128, bias=True)
              (1): GELU(approximate='none')
              (2): Dropout(p=0.1, inplace=False)
              (3): Linear(in_features=128, out_features=64, bias=True)
              (4): Dropout(p=0.1, inplace=False)
            )
          )
          (norm_temporal): LayerNorm((64,), eps=1e-05, elementwise_affine=True)
          (norm_graph): LayerNorm((64,), eps=1e-05, elementwise_affine=True)
          (norm_ffn): LayerNorm((64,), eps=1e-05, elementwise_affine=True)
          (dropout): Dropout(p=0.1, inplace=False)
        )
      )
      (final_norm): LayerNorm((64,), eps=1e-05, elementwise_affine=True)
    )
    (future_decoder): FutureDecoder(
      (blocks): ModuleList(
        (0-1): 2 x DecoderBlock(
          (temporal_attention): MultiHeadAttention(
            (query_projection): Linear(in_features=64, out_features=64, bias=True)
            (key_projection): Linear(in_features=64, out_features=64, bias=True)
            (value_projection): Linear(in_features=64, out_features=64, bias=True)
            (output_projection): Linear(in_features=64, out_features=64, bias=True)
            (dropout): Dropout(p=0.1, inplace=False)
          )
          (graph_convolution): FuzzyGraphConvolution(
            (projections): ModuleList(
              (0-2): 3 x Linear(in_features=64, out_features=64, bias=True)
            )
          )
          (cross_attention): MultiHeadAttention(
            (query_projection): Linear(in_features=64, out_features=64, bias=True)
            (key_projection): Linear(in_features=64, out_features=64, bias=True)
            (value_projection): Linear(in_features=64, out_features=64, bias=True)
            (output_projection): Linear(in_features=64, out_features=64, bias=True)
            (dropout): Dropout(p=0.1, inplace=False)
          )
          (spatiotemporal_attention): MultiHeadAttention(
            (query_projection): Linear(in_features=64, out_features=64, bias=True)
            (key_projection): Linear(in_features=64, out_features=64, bias=True)
            (value_projection): Linear(in_features=64, out_features=64, bias=True)
            (output_projection): Linear(in_features=64, out_features=64, bias=True)
            (dropout): Dropout(p=0.1, inplace=False)
          )
          (feed_forward): FeedForwardNetwork(
            (network): Sequential(
              (0): Linear(in_features=64, out_features=128, bias=True)
              (1): GELU(approximate='none')
              (2): Dropout(p=0.1, inplace=False)
              (3): Linear(in_features=128, out_features=64, bias=True)
              (4): Dropout(p=0.1, inplace=False)
            )
          )
          (norm_temporal): LayerNorm((64,), eps=1e-05, elementwise_affine=True)
          (norm_graph): LayerNorm((64,), eps=1e-05, elementwise_affine=True)
          (norm_cross): LayerNorm((64,), eps=1e-05, elementwise_affine=True)
          (norm_spatiotemporal): LayerNorm((64,), eps=1e-05, elementwise_affine=True)
          (norm_ffn): LayerNorm((64,), eps=1e-05, elementwise_affine=True)
          (dropout): Dropout(p=0.1, inplace=False)
        )
      )
      (final_norm): LayerNorm((64,), eps=1e-05, elementwise_affine=True)
      (output_projection): Linear(in_features=64, out_features=1, bias=True)
    )
  )
)
2026-05-21 20:39:56,850 - INFO - module.fuzzy_graph.base_memberships	torch.Size([325, 3])	cuda:0	True
2026-05-21 20:39:56,850 - INFO - module.fuzzy_graph.fuzzy_prototypes	torch.Size([3, 64])	cuda:0	True
2026-05-21 20:39:56,850 - INFO - module.fuzzy_graph.blend_logit	torch.Size([])	cuda:0	True
2026-05-21 20:39:56,850 - INFO - module.fuzzy_graph.raw_projection.weight	torch.Size([64, 9])	cuda:0	True
2026-05-21 20:39:56,850 - INFO - module.fuzzy_graph.raw_projection.bias	torch.Size([64])	cuda:0	True
2026-05-21 20:39:56,850 - INFO - module.fuzzy_graph.feature_to_membership.0.weight	torch.Size([32, 64])	cuda:0	True
2026-05-21 20:39:56,850 - INFO - module.fuzzy_graph.feature_to_membership.0.bias	torch.Size([32])	cuda:0	True
2026-05-21 20:39:56,850 - INFO - module.fuzzy_graph.feature_to_membership.2.weight	torch.Size([3, 32])	cuda:0	True
2026-05-21 20:39:56,850 - INFO - module.fuzzy_graph.feature_to_membership.2.bias	torch.Size([3])	cuda:0	True
2026-05-21 20:39:56,850 - INFO - module.condition_encoder.temporal_position_embedding	torch.Size([1, 12, 1, 64])	cuda:0	True
2026-05-21 20:39:56,850 - INFO - module.condition_encoder.input_projection.weight	torch.Size([64, 9])	cuda:0	True
2026-05-21 20:39:56,850 - INFO - module.condition_encoder.input_projection.bias	torch.Size([64])	cuda:0	True
2026-05-21 20:39:56,850 - INFO - module.condition_encoder.blocks.0.temporal_attention.query_projection.weight	torch.Size([64, 64])	cuda:0	True
2026-05-21 20:39:56,850 - INFO - module.condition_encoder.blocks.0.temporal_attention.query_projection.bias	torch.Size([64])	cuda:0	True
2026-05-21 20:39:56,850 - INFO - module.condition_encoder.blocks.0.temporal_attention.key_projection.weight	torch.Size([64, 64])	cuda:0	True
2026-05-21 20:39:56,850 - INFO - module.condition_encoder.blocks.0.temporal_attention.key_projection.bias	torch.Size([64])	cuda:0	True
2026-05-21 20:39:56,850 - INFO - module.condition_encoder.blocks.0.temporal_attention.value_projection.weight	torch.Size([64, 64])	cuda:0	True
2026-05-21 20:39:56,850 - INFO - module.condition_encoder.blocks.0.temporal_attention.value_projection.bias	torch.Size([64])	cuda:0	True
2026-05-21 20:39:56,850 - INFO - module.condition_encoder.blocks.0.temporal_attention.output_projection.weight	torch.Size([64, 64])	cuda:0	True
2026-05-21 20:39:56,850 - INFO - module.condition_encoder.blocks.0.temporal_attention.output_projection.bias	torch.Size([64])	cuda:0	True
2026-05-21 20:39:56,850 - INFO - module.condition_encoder.blocks.0.graph_convolution.projections.0.weight	torch.Size([64, 64])	cuda:0	True
2026-05-21 20:39:56,850 - INFO - module.condition_encoder.blocks.0.graph_convolution.projections.0.bias	torch.Size([64])	cuda:0	True
2026-05-21 20:39:56,851 - INFO - module.condition_encoder.blocks.0.graph_convolution.projections.1.weight	torch.Size([64, 64])	cuda:0	True
2026-05-21 20:39:56,851 - INFO - module.condition_encoder.blocks.0.graph_convolution.projections.1.bias	torch.Size([64])	cuda:0	True
2026-05-21 20:39:56,851 - INFO - module.condition_encoder.blocks.0.graph_convolution.projections.2.weight	torch.Size([64, 64])	cuda:0	True
2026-05-21 20:39:56,851 - INFO - module.condition_encoder.blocks.0.graph_convolution.projections.2.bias	torch.Size([64])	cuda:0	True
2026-05-21 20:39:56,851 - INFO - module.condition_encoder.blocks.0.feed_forward.network.0.weight	torch.Size([128, 64])	cuda:0	True
2026-05-21 20:39:56,851 - INFO - module.condition_encoder.blocks.0.feed_forward.network.0.bias	torch.Size([128])	cuda:0	True
2026-05-21 20:39:56,851 - INFO - module.condition_encoder.blocks.0.feed_forward.network.3.weight	torch.Size([64, 128])	cuda:0	True
2026-05-21 20:39:56,851 - INFO - module.condition_encoder.blocks.0.feed_forward.network.3.bias	torch.Size([64])	cuda:0	True
2026-05-21 20:39:56,851 - INFO - module.condition_encoder.blocks.0.norm_temporal.weight	torch.Size([64])	cuda:0	True
2026-05-21 20:39:56,851 - INFO - module.condition_encoder.blocks.0.norm_temporal.bias	torch.Size([64])	cuda:0	True
2026-05-21 20:39:56,851 - INFO - module.condition_encoder.blocks.0.norm_graph.weight	torch.Size([64])	cuda:0	True
2026-05-21 20:39:56,851 - INFO - module.condition_encoder.blocks.0.norm_graph.bias	torch.Size([64])	cuda:0	True
2026-05-21 20:39:56,851 - INFO - module.condition_encoder.blocks.0.norm_ffn.weight	torch.Size([64])	cuda:0	True
2026-05-21 20:39:56,851 - INFO - module.condition_encoder.blocks.0.norm_ffn.bias	torch.Size([64])	cuda:0	True
2026-05-21 20:39:56,851 - INFO - module.condition_encoder.blocks.1.temporal_attention.query_projection.weight	torch.Size([64, 64])	cuda:0	True
2026-05-21 20:39:56,851 - INFO - module.condition_encoder.blocks.1.temporal_attention.query_projection.bias	torch.Size([64])	cuda:0	True
2026-05-21 20:39:56,851 - INFO - module.condition_encoder.blocks.1.temporal_attention.key_projection.weight	torch.Size([64, 64])	cuda:0	True
2026-05-21 20:39:56,851 - INFO - module.condition_encoder.blocks.1.temporal_attention.key_projection.bias	torch.Size([64])	cuda:0	True
2026-05-21 20:39:56,851 - INFO - module.condition_encoder.blocks.1.temporal_attention.value_projection.weight	torch.Size([64, 64])	cuda:0	True
2026-05-21 20:39:56,851 - INFO - module.condition_encoder.blocks.1.temporal_attention.value_projection.bias	torch.Size([64])	cuda:0	True
2026-05-21 20:39:56,851 - INFO - module.condition_encoder.blocks.1.temporal_attention.output_projection.weight	torch.Size([64, 64])	cuda:0	True
2026-05-21 20:39:56,851 - INFO - module.condition_encoder.blocks.1.temporal_attention.output_projection.bias	torch.Size([64])	cuda:0	True
2026-05-21 20:39:56,851 - INFO - module.condition_encoder.blocks.1.graph_convolution.projections.0.weight	torch.Size([64, 64])	cuda:0	True
2026-05-21 20:39:56,851 - INFO - module.condition_encoder.blocks.1.graph_convolution.projections.0.bias	torch.Size([64])	cuda:0	True
2026-05-21 20:39:56,851 - INFO - module.condition_encoder.blocks.1.graph_convolution.projections.1.weight	torch.Size([64, 64])	cuda:0	True
2026-05-21 20:39:56,851 - INFO - module.condition_encoder.blocks.1.graph_convolution.projections.1.bias	torch.Size([64])	cuda:0	True
2026-05-21 20:39:56,851 - INFO - module.condition_encoder.blocks.1.graph_convolution.projections.2.weight	torch.Size([64, 64])	cuda:0	True
2026-05-21 20:39:56,851 - INFO - module.condition_encoder.blocks.1.graph_convolution.projections.2.bias	torch.Size([64])	cuda:0	True
2026-05-21 20:39:56,851 - INFO - module.condition_encoder.blocks.1.feed_forward.network.0.weight	torch.Size([128, 64])	cuda:0	True
2026-05-21 20:39:56,851 - INFO - module.condition_encoder.blocks.1.feed_forward.network.0.bias	torch.Size([128])	cuda:0	True
2026-05-21 20:39:56,851 - INFO - module.condition_encoder.blocks.1.feed_forward.network.3.weight	torch.Size([64, 128])	cuda:0	True
2026-05-21 20:39:56,851 - INFO - module.condition_encoder.blocks.1.feed_forward.network.3.bias	torch.Size([64])	cuda:0	True
2026-05-21 20:39:56,851 - INFO - module.condition_encoder.blocks.1.norm_temporal.weight	torch.Size([64])	cuda:0	True
2026-05-21 20:39:56,851 - INFO - module.condition_encoder.blocks.1.norm_temporal.bias	torch.Size([64])	cuda:0	True
2026-05-21 20:39:56,852 - INFO - module.condition_encoder.blocks.1.norm_graph.weight	torch.Size([64])	cuda:0	True
2026-05-21 20:39:56,852 - INFO - module.condition_encoder.blocks.1.norm_graph.bias	torch.Size([64])	cuda:0	True
2026-05-21 20:39:56,852 - INFO - module.condition_encoder.blocks.1.norm_ffn.weight	torch.Size([64])	cuda:0	True
2026-05-21 20:39:56,852 - INFO - module.condition_encoder.blocks.1.norm_ffn.bias	torch.Size([64])	cuda:0	True
2026-05-21 20:39:56,852 - INFO - module.condition_encoder.final_norm.weight	torch.Size([64])	cuda:0	True
2026-05-21 20:39:56,852 - INFO - module.condition_encoder.final_norm.bias	torch.Size([64])	cuda:0	True
2026-05-21 20:39:56,852 - INFO - module.future_decoder.future_queries	torch.Size([1, 12, 325, 64])	cuda:0	True
2026-05-21 20:39:56,852 - INFO - module.future_decoder.blocks.0.temporal_attention.query_projection.weight	torch.Size([64, 64])	cuda:0	True
2026-05-21 20:39:56,852 - INFO - module.future_decoder.blocks.0.temporal_attention.query_projection.bias	torch.Size([64])	cuda:0	True
2026-05-21 20:39:56,852 - INFO - module.future_decoder.blocks.0.temporal_attention.key_projection.weight	torch.Size([64, 64])	cuda:0	True
2026-05-21 20:39:56,852 - INFO - module.future_decoder.blocks.0.temporal_attention.key_projection.bias	torch.Size([64])	cuda:0	True
2026-05-21 20:39:56,852 - INFO - module.future_decoder.blocks.0.temporal_attention.value_projection.weight	torch.Size([64, 64])	cuda:0	True
2026-05-21 20:39:56,852 - INFO - module.future_decoder.blocks.0.temporal_attention.value_projection.bias	torch.Size([64])	cuda:0	True
2026-05-21 20:39:56,852 - INFO - module.future_decoder.blocks.0.temporal_attention.output_projection.weight	torch.Size([64, 64])	cuda:0	True
2026-05-21 20:39:56,852 - INFO - module.future_decoder.blocks.0.temporal_attention.output_projection.bias	torch.Size([64])	cuda:0	True
2026-05-21 20:39:56,852 - INFO - module.future_decoder.blocks.0.graph_convolution.projections.0.weight	torch.Size([64, 64])	cuda:0	True
2026-05-21 20:39:56,852 - INFO - module.future_decoder.blocks.0.graph_convolution.projections.0.bias	torch.Size([64])	cuda:0	True
2026-05-21 20:39:56,852 - INFO - module.future_decoder.blocks.0.graph_convolution.projections.1.weight	torch.Size([64, 64])	cuda:0	True
2026-05-21 20:39:56,852 - INFO - module.future_decoder.blocks.0.graph_convolution.projections.1.bias	torch.Size([64])	cuda:0	True
2026-05-21 20:39:56,852 - INFO - module.future_decoder.blocks.0.graph_convolution.projections.2.weight	torch.Size([64, 64])	cuda:0	True
2026-05-21 20:39:56,852 - INFO - module.future_decoder.blocks.0.graph_convolution.projections.2.bias	torch.Size([64])	cuda:0	True
2026-05-21 20:39:56,852 - INFO - module.future_decoder.blocks.0.cross_attention.query_projection.weight	torch.Size([64, 64])	cuda:0	True
2026-05-21 20:39:56,852 - INFO - module.future_decoder.blocks.0.cross_attention.query_projection.bias	torch.Size([64])	cuda:0	True
2026-05-21 20:39:56,852 - INFO - module.future_decoder.blocks.0.cross_attention.key_projection.weight	torch.Size([64, 64])	cuda:0	True
2026-05-21 20:39:56,852 - INFO - module.future_decoder.blocks.0.cross_attention.key_projection.bias	torch.Size([64])	cuda:0	True
2026-05-21 20:39:56,852 - INFO - module.future_decoder.blocks.0.cross_attention.value_projection.weight	torch.Size([64, 64])	cuda:0	True
2026-05-21 20:39:56,852 - INFO - module.future_decoder.blocks.0.cross_attention.value_projection.bias	torch.Size([64])	cuda:0	True
2026-05-21 20:39:56,852 - INFO - module.future_decoder.blocks.0.cross_attention.output_projection.weight	torch.Size([64, 64])	cuda:0	True
2026-05-21 20:39:56,852 - INFO - module.future_decoder.blocks.0.cross_attention.output_projection.bias	torch.Size([64])	cuda:0	True
2026-05-21 20:39:56,852 - INFO - module.future_decoder.blocks.0.spatiotemporal_attention.query_projection.weight	torch.Size([64, 64])	cuda:0	True
2026-05-21 20:39:56,852 - INFO - module.future_decoder.blocks.0.spatiotemporal_attention.query_projection.bias	torch.Size([64])	cuda:0	True
2026-05-21 20:39:56,852 - INFO - module.future_decoder.blocks.0.spatiotemporal_attention.key_projection.weight	torch.Size([64, 64])	cuda:0	True
2026-05-21 20:39:56,852 - INFO - module.future_decoder.blocks.0.spatiotemporal_attention.key_projection.bias	torch.Size([64])	cuda:0	True
2026-05-21 20:39:56,853 - INFO - module.future_decoder.blocks.0.spatiotemporal_attention.value_projection.weight	torch.Size([64, 64])	cuda:0	True
2026-05-21 20:39:56,853 - INFO - module.future_decoder.blocks.0.spatiotemporal_attention.value_projection.bias	torch.Size([64])	cuda:0	True
2026-05-21 20:39:56,853 - INFO - module.future_decoder.blocks.0.spatiotemporal_attention.output_projection.weight	torch.Size([64, 64])	cuda:0	True
2026-05-21 20:39:56,853 - INFO - module.future_decoder.blocks.0.spatiotemporal_attention.output_projection.bias	torch.Size([64])	cuda:0	True
2026-05-21 20:39:56,853 - INFO - module.future_decoder.blocks.0.feed_forward.network.0.weight	torch.Size([128, 64])	cuda:0	True
2026-05-21 20:39:56,853 - INFO - module.future_decoder.blocks.0.feed_forward.network.0.bias	torch.Size([128])	cuda:0	True
2026-05-21 20:39:56,853 - INFO - module.future_decoder.blocks.0.feed_forward.network.3.weight	torch.Size([64, 128])	cuda:0	True
2026-05-21 20:39:56,853 - INFO - module.future_decoder.blocks.0.feed_forward.network.3.bias	torch.Size([64])	cuda:0	True
2026-05-21 20:39:56,853 - INFO - module.future_decoder.blocks.0.norm_temporal.weight	torch.Size([64])	cuda:0	True
2026-05-21 20:39:56,853 - INFO - module.future_decoder.blocks.0.norm_temporal.bias	torch.Size([64])	cuda:0	True
2026-05-21 20:39:56,853 - INFO - module.future_decoder.blocks.0.norm_graph.weight	torch.Size([64])	cuda:0	True
2026-05-21 20:39:56,853 - INFO - module.future_decoder.blocks.0.norm_graph.bias	torch.Size([64])	cuda:0	True
2026-05-21 20:39:56,853 - INFO - module.future_decoder.blocks.0.norm_cross.weight	torch.Size([64])	cuda:0	True
2026-05-21 20:39:56,853 - INFO - module.future_decoder.blocks.0.norm_cross.bias	torch.Size([64])	cuda:0	True
2026-05-21 20:39:56,853 - INFO - module.future_decoder.blocks.0.norm_spatiotemporal.weight	torch.Size([64])	cuda:0	True
2026-05-21 20:39:56,853 - INFO - module.future_decoder.blocks.0.norm_spatiotemporal.bias	torch.Size([64])	cuda:0	True
2026-05-21 20:39:56,853 - INFO - module.future_decoder.blocks.0.norm_ffn.weight	torch.Size([64])	cuda:0	True
2026-05-21 20:39:56,853 - INFO - module.future_decoder.blocks.0.norm_ffn.bias	torch.Size([64])	cuda:0	True
2026-05-21 20:39:56,853 - INFO - module.future_decoder.blocks.1.temporal_attention.query_projection.weight	torch.Size([64, 64])	cuda:0	True
2026-05-21 20:39:56,853 - INFO - module.future_decoder.blocks.1.temporal_attention.query_projection.bias	torch.Size([64])	cuda:0	True
2026-05-21 20:39:56,853 - INFO - module.future_decoder.blocks.1.temporal_attention.key_projection.weight	torch.Size([64, 64])	cuda:0	True
2026-05-21 20:39:56,853 - INFO - module.future_decoder.blocks.1.temporal_attention.key_projection.bias	torch.Size([64])	cuda:0	True
2026-05-21 20:39:56,853 - INFO - module.future_decoder.blocks.1.temporal_attention.value_projection.weight	torch.Size([64, 64])	cuda:0	True
2026-05-21 20:39:56,853 - INFO - module.future_decoder.blocks.1.temporal_attention.value_projection.bias	torch.Size([64])	cuda:0	True
2026-05-21 20:39:56,853 - INFO - module.future_decoder.blocks.1.temporal_attention.output_projection.weight	torch.Size([64, 64])	cuda:0	True
2026-05-21 20:39:56,853 - INFO - module.future_decoder.blocks.1.temporal_attention.output_projection.bias	torch.Size([64])	cuda:0	True
2026-05-21 20:39:56,853 - INFO - module.future_decoder.blocks.1.graph_convolution.projections.0.weight	torch.Size([64, 64])	cuda:0	True
2026-05-21 20:39:56,853 - INFO - module.future_decoder.blocks.1.graph_convolution.projections.0.bias	torch.Size([64])	cuda:0	True
2026-05-21 20:39:56,853 - INFO - module.future_decoder.blocks.1.graph_convolution.projections.1.weight	torch.Size([64, 64])	cuda:0	True
2026-05-21 20:39:56,853 - INFO - module.future_decoder.blocks.1.graph_convolution.projections.1.bias	torch.Size([64])	cuda:0	True
2026-05-21 20:39:56,853 - INFO - module.future_decoder.blocks.1.graph_convolution.projections.2.weight	torch.Size([64, 64])	cuda:0	True
2026-05-21 20:39:56,853 - INFO - module.future_decoder.blocks.1.graph_convolution.projections.2.bias	torch.Size([64])	cuda:0	True
2026-05-21 20:39:56,853 - INFO - module.future_decoder.blocks.1.cross_attention.query_projection.weight	torch.Size([64, 64])	cuda:0	True
2026-05-21 20:39:56,853 - INFO - module.future_decoder.blocks.1.cross_attention.query_projection.bias	torch.Size([64])	cuda:0	True
2026-05-21 20:39:56,854 - INFO - module.future_decoder.blocks.1.cross_attention.key_projection.weight	torch.Size([64, 64])	cuda:0	True
2026-05-21 20:39:56,854 - INFO - module.future_decoder.blocks.1.cross_attention.key_projection.bias	torch.Size([64])	cuda:0	True
2026-05-21 20:39:56,854 - INFO - module.future_decoder.blocks.1.cross_attention.value_projection.weight	torch.Size([64, 64])	cuda:0	True
2026-05-21 20:39:56,854 - INFO - module.future_decoder.blocks.1.cross_attention.value_projection.bias	torch.Size([64])	cuda:0	True
2026-05-21 20:39:56,854 - INFO - module.future_decoder.blocks.1.cross_attention.output_projection.weight	torch.Size([64, 64])	cuda:0	True
2026-05-21 20:39:56,854 - INFO - module.future_decoder.blocks.1.cross_attention.output_projection.bias	torch.Size([64])	cuda:0	True
2026-05-21 20:39:56,854 - INFO - module.future_decoder.blocks.1.spatiotemporal_attention.query_projection.weight	torch.Size([64, 64])	cuda:0	True
2026-05-21 20:39:56,854 - INFO - module.future_decoder.blocks.1.spatiotemporal_attention.query_projection.bias	torch.Size([64])	cuda:0	True
2026-05-21 20:39:56,854 - INFO - module.future_decoder.blocks.1.spatiotemporal_attention.key_projection.weight	torch.Size([64, 64])	cuda:0	True
2026-05-21 20:39:56,854 - INFO - module.future_decoder.blocks.1.spatiotemporal_attention.key_projection.bias	torch.Size([64])	cuda:0	True
2026-05-21 20:39:56,854 - INFO - module.future_decoder.blocks.1.spatiotemporal_attention.value_projection.weight	torch.Size([64, 64])	cuda:0	True
2026-05-21 20:39:56,854 - INFO - module.future_decoder.blocks.1.spatiotemporal_attention.value_projection.bias	torch.Size([64])	cuda:0	True
2026-05-21 20:39:56,854 - INFO - module.future_decoder.blocks.1.spatiotemporal_attention.output_projection.weight	torch.Size([64, 64])	cuda:0	True
2026-05-21 20:39:56,854 - INFO - module.future_decoder.blocks.1.spatiotemporal_attention.output_projection.bias	torch.Size([64])	cuda:0	True
2026-05-21 20:39:56,854 - INFO - module.future_decoder.blocks.1.feed_forward.network.0.weight	torch.Size([128, 64])	cuda:0	True
2026-05-21 20:39:56,854 - INFO - module.future_decoder.blocks.1.feed_forward.network.0.bias	torch.Size([128])	cuda:0	True
2026-05-21 20:39:56,854 - INFO - module.future_decoder.blocks.1.feed_forward.network.3.weight	torch.Size([64, 128])	cuda:0	True
2026-05-21 20:39:56,854 - INFO - module.future_decoder.blocks.1.feed_forward.network.3.bias	torch.Size([64])	cuda:0	True
2026-05-21 20:39:56,854 - INFO - module.future_decoder.blocks.1.norm_temporal.weight	torch.Size([64])	cuda:0	True
2026-05-21 20:39:56,854 - INFO - module.future_decoder.blocks.1.norm_temporal.bias	torch.Size([64])	cuda:0	True
2026-05-21 20:39:56,854 - INFO - module.future_decoder.blocks.1.norm_graph.weight	torch.Size([64])	cuda:0	True
2026-05-21 20:39:56,854 - INFO - module.future_decoder.blocks.1.norm_graph.bias	torch.Size([64])	cuda:0	True
2026-05-21 20:39:56,854 - INFO - module.future_decoder.blocks.1.norm_cross.weight	torch.Size([64])	cuda:0	True
2026-05-21 20:39:56,854 - INFO - module.future_decoder.blocks.1.norm_cross.bias	torch.Size([64])	cuda:0	True
2026-05-21 20:39:56,854 - INFO - module.future_decoder.blocks.1.norm_spatiotemporal.weight	torch.Size([64])	cuda:0	True
2026-05-21 20:39:56,854 - INFO - module.future_decoder.blocks.1.norm_spatiotemporal.bias	torch.Size([64])	cuda:0	True
2026-05-21 20:39:56,854 - INFO - module.future_decoder.blocks.1.norm_ffn.weight	torch.Size([64])	cuda:0	True
2026-05-21 20:39:56,854 - INFO - module.future_decoder.blocks.1.norm_ffn.bias	torch.Size([64])	cuda:0	True
2026-05-21 20:39:56,854 - INFO - module.future_decoder.final_norm.weight	torch.Size([64])	cuda:0	True
2026-05-21 20:39:56,854 - INFO - module.future_decoder.final_norm.bias	torch.Size([64])	cuda:0	True
2026-05-21 20:39:56,854 - INFO - module.future_decoder.output_projection.weight	torch.Size([1, 64])	cuda:0	True
2026-05-21 20:39:56,854 - INFO - module.future_decoder.output_projection.bias	torch.Size([1])	cuda:0	True
2026-05-21 20:39:56,855 - INFO - Total parameter numbers: 506708
2026-05-21 20:39:56,855 - INFO - Enable AMP training (dtype=float16).
2026-05-21 20:39:56,855 - INFO - You select `adamw` optimizer.
2026-05-21 20:39:56,856 - INFO - You select `reducelronplateau` lr_scheduler.
2026-05-21 20:39:56,856 - WARNING - Received none train loss func and will use the loss func defined in the model.
2026-05-21 20:39:56,856 - INFO - Start training ...
2026-05-21 20:39:56,856 - INFO - num_batches:245
2026-05-21 20:40:38,177 - INFO - epoch complete!
2026-05-21 20:40:38,177 - INFO - evaluating now!
2026-05-21 20:40:40,305 - INFO - epoch complete!
2026-05-21 20:40:40,305 - INFO - evaluating now!
2026-05-21 20:40:42,182 - INFO - Epoch [0/10] train_loss: 0.5039, val_loss: 0.5163, lr: 0.000500, 45.33s
2026-05-21 20:40:42,219 - INFO - Saved model at 0
2026-05-21 20:40:42,220 - INFO - Val loss decrease from inf to 0.5163, saving to /home/lizhuoxuan/lzq/Bigscity-LibCity-master/outputs/20260521_203905__traffic_state_pred__new_fuzzy_2__PEMS_BAY/model_cache/new_fuzzy_2_PEMS_BAY_epoch0.tar
2026-05-21 20:40:45,535 - INFO - Epoch [0/10] train_loss: 0.5061, val_loss: 0.5172, lr: 0.000500, 48.68s
2026-05-21 20:40:45,578 - INFO - Saved model at 0
2026-05-21 20:40:45,578 - INFO - Val loss decrease from inf to 0.5172, saving to /home/lizhuoxuan/lzq/Bigscity-LibCity-master/outputs/20260521_203905__traffic_state_pred__new_fuzzy_2__PEMS_BAY/model_cache/new_fuzzy_2_PEMS_BAY_epoch0.tar
2026-05-21 20:41:22,960 - INFO - epoch complete!
2026-05-21 20:41:22,961 - INFO - evaluating now!
2026-05-21 20:41:26,639 - INFO - epoch complete!
2026-05-21 20:41:26,639 - INFO - evaluating now!
2026-05-21 20:41:26,920 - INFO - Epoch [1/10] train_loss: 0.4650, val_loss: 0.4740, lr: 0.000500, 44.70s
2026-05-21 20:41:26,967 - INFO - Saved model at 1
2026-05-21 20:41:26,967 - INFO - Val loss decrease from 0.5163 to 0.4740, saving to /home/lizhuoxuan/lzq/Bigscity-LibCity-master/outputs/20260521_203905__traffic_state_pred__new_fuzzy_2__PEMS_BAY/model_cache/new_fuzzy_2_PEMS_BAY_epoch1.tar
2026-05-21 20:41:30,583 - INFO - Epoch [1/10] train_loss: 0.4696, val_loss: 0.4819, lr: 0.000500, 45.01s
2026-05-21 20:41:30,636 - INFO - Saved model at 1
2026-05-21 20:41:30,636 - INFO - Val loss decrease from 0.5172 to 0.4819, saving to /home/lizhuoxuan/lzq/Bigscity-LibCity-master/outputs/20260521_203905__traffic_state_pred__new_fuzzy_2__PEMS_BAY/model_cache/new_fuzzy_2_PEMS_BAY_epoch1.tar
2026-05-21 20:42:07,714 - INFO - epoch complete!
2026-05-21 20:42:07,717 - INFO - evaluating now!
2026-05-21 20:42:11,298 - INFO - epoch complete!
2026-05-21 20:42:11,299 - INFO - evaluating now!
2026-05-21 20:42:11,689 - INFO - Epoch [2/10] train_loss: 0.3954, val_loss: 0.3052, lr: 0.000500, 44.72s
2026-05-21 20:42:11,727 - INFO - Saved model at 2
2026-05-21 20:42:11,727 - INFO - Val loss decrease from 0.4740 to 0.3052, saving to /home/lizhuoxuan/lzq/Bigscity-LibCity-master/outputs/20260521_203905__traffic_state_pred__new_fuzzy_2__PEMS_BAY/model_cache/new_fuzzy_2_PEMS_BAY_epoch2.tar
2026-05-21 20:42:15,230 - INFO - Epoch [2/10] train_loss: 0.4143, val_loss: 0.3968, lr: 0.000500, 44.59s
2026-05-21 20:42:15,268 - INFO - Saved model at 2
2026-05-21 20:42:15,268 - INFO - Val loss decrease from 0.4819 to 0.3968, saving to /home/lizhuoxuan/lzq/Bigscity-LibCity-master/outputs/20260521_203905__traffic_state_pred__new_fuzzy_2__PEMS_BAY/model_cache/new_fuzzy_2_PEMS_BAY_epoch2.tar
2026-05-21 20:42:52,406 - INFO - epoch complete!
2026-05-21 20:42:52,406 - INFO - evaluating now!
2026-05-21 20:42:55,837 - INFO - epoch complete!
2026-05-21 20:42:55,837 - INFO - evaluating now!
2026-05-21 20:42:56,416 - INFO - Epoch [3/10] train_loss: 0.2538, val_loss: 0.2371, lr: 0.000500, 44.69s
2026-05-21 20:42:56,466 - INFO - Saved model at 3
2026-05-21 20:42:56,467 - INFO - Val loss decrease from 0.3052 to 0.2371, saving to /home/lizhuoxuan/lzq/Bigscity-LibCity-master/outputs/20260521_203905__traffic_state_pred__new_fuzzy_2__PEMS_BAY/model_cache/new_fuzzy_2_PEMS_BAY_epoch3.tar
2026-05-21 20:42:59,753 - INFO - Epoch [3/10] train_loss: 0.2691, val_loss: 0.2394, lr: 0.000500, 44.49s
2026-05-21 20:42:59,792 - INFO - Saved model at 3
2026-05-21 20:42:59,793 - INFO - Val loss decrease from 0.3968 to 0.2394, saving to /home/lizhuoxuan/lzq/Bigscity-LibCity-master/outputs/20260521_203905__traffic_state_pred__new_fuzzy_2__PEMS_BAY/model_cache/new_fuzzy_2_PEMS_BAY_epoch3.tar
2026-05-21 20:43:37,146 - INFO - epoch complete!
2026-05-21 20:43:37,146 - INFO - evaluating now!
2026-05-21 20:43:40,324 - INFO - epoch complete!
2026-05-21 20:43:40,325 - INFO - evaluating now!
2026-05-21 20:43:41,142 - INFO - Epoch [4/10] train_loss: 0.2294, val_loss: 0.2390, lr: 0.000500, 44.68s
2026-05-21 20:43:44,290 - INFO - Epoch [4/10] train_loss: 0.2301, val_loss: 0.2344, lr: 0.000500, 44.50s
2026-05-21 20:43:44,327 - INFO - Saved model at 4
2026-05-21 20:43:44,327 - INFO - Val loss decrease from 0.2394 to 0.2344, saving to /home/lizhuoxuan/lzq/Bigscity-LibCity-master/outputs/20260521_203905__traffic_state_pred__new_fuzzy_2__PEMS_BAY/model_cache/new_fuzzy_2_PEMS_BAY_epoch4.tar
2026-05-21 20:44:22,298 - INFO - epoch complete!
2026-05-21 20:44:22,298 - INFO - evaluating now!
2026-05-21 20:44:24,896 - INFO - epoch complete!
2026-05-21 20:44:24,896 - INFO - evaluating now!
2026-05-21 20:44:26,299 - INFO - Epoch [5/10] train_loss: 0.2211, val_loss: 0.2284, lr: 0.000500, 45.16s
2026-05-21 20:44:26,336 - INFO - Saved model at 5
2026-05-21 20:44:26,336 - INFO - Val loss decrease from 0.2371 to 0.2284, saving to /home/lizhuoxuan/lzq/Bigscity-LibCity-master/outputs/20260521_203905__traffic_state_pred__new_fuzzy_2__PEMS_BAY/model_cache/new_fuzzy_2_PEMS_BAY_epoch5.tar
2026-05-21 20:44:28,856 - INFO - Epoch [5/10] train_loss: 0.2223, val_loss: 0.2311, lr: 0.000500, 44.53s
2026-05-21 20:44:28,902 - INFO - Saved model at 5
2026-05-21 20:44:28,902 - INFO - Val loss decrease from 0.2344 to 0.2311, saving to /home/lizhuoxuan/lzq/Bigscity-LibCity-master/outputs/20260521_203905__traffic_state_pred__new_fuzzy_2__PEMS_BAY/model_cache/new_fuzzy_2_PEMS_BAY_epoch5.tar
2026-05-21 20:45:07,581 - INFO - epoch complete!
2026-05-21 20:45:07,581 - INFO - evaluating now!
2026-05-21 20:45:09,662 - INFO - epoch complete!
2026-05-21 20:45:09,662 - INFO - evaluating now!
2026-05-21 20:45:11,562 - INFO - Epoch [6/10] train_loss: 0.2172, val_loss: 0.2313, lr: 0.000500, 45.23s
2026-05-21 20:45:13,673 - INFO - Epoch [6/10] train_loss: 0.2173, val_loss: 0.2232, lr: 0.000500, 44.77s
2026-05-21 20:45:13,723 - INFO - Saved model at 6
2026-05-21 20:45:13,723 - INFO - Val loss decrease from 0.2311 to 0.2232, saving to /home/lizhuoxuan/lzq/Bigscity-LibCity-master/outputs/20260521_203905__traffic_state_pred__new_fuzzy_2__PEMS_BAY/model_cache/new_fuzzy_2_PEMS_BAY_epoch6.tar
2026-05-21 20:45:52,702 - INFO - epoch complete!
2026-05-21 20:45:52,703 - INFO - evaluating now!
2026-05-21 20:45:54,544 - INFO - epoch complete!
2026-05-21 20:45:54,544 - INFO - evaluating now!
2026-05-21 20:45:56,709 - INFO - Epoch [7/10] train_loss: 0.2132, val_loss: 0.2174, lr: 0.000500, 45.15s
2026-05-21 20:45:56,744 - INFO - Saved model at 7
2026-05-21 20:45:56,745 - INFO - Val loss decrease from 0.2284 to 0.2174, saving to /home/lizhuoxuan/lzq/Bigscity-LibCity-master/outputs/20260521_203905__traffic_state_pred__new_fuzzy_2__PEMS_BAY/model_cache/new_fuzzy_2_PEMS_BAY_epoch7.tar
2026-05-21 20:45:58,559 - INFO - Epoch [7/10] train_loss: 0.2149, val_loss: 0.2194, lr: 0.000500, 44.84s
2026-05-21 20:45:58,603 - INFO - Saved model at 7
2026-05-21 20:45:58,604 - INFO - Val loss decrease from 0.2232 to 0.2194, saving to /home/lizhuoxuan/lzq/Bigscity-LibCity-master/outputs/20260521_203905__traffic_state_pred__new_fuzzy_2__PEMS_BAY/model_cache/new_fuzzy_2_PEMS_BAY_epoch7.tar
2026-05-21 20:46:37,435 - INFO - epoch complete!
2026-05-21 20:46:37,435 - INFO - evaluating now!
2026-05-21 20:46:39,491 - INFO - epoch complete!
2026-05-21 20:46:39,491 - INFO - evaluating now!
2026-05-21 20:46:41,400 - INFO - Epoch [8/10] train_loss: 0.2124, val_loss: 0.2225, lr: 0.000500, 44.65s
2026-05-21 20:46:43,545 - INFO - Epoch [8/10] train_loss: 0.2118, val_loss: 0.2185, lr: 0.000500, 44.94s
2026-05-21 20:46:43,581 - INFO - Saved model at 8
2026-05-21 20:46:43,582 - INFO - Val loss decrease from 0.2194 to 0.2185, saving to /home/lizhuoxuan/lzq/Bigscity-LibCity-master/outputs/20260521_203905__traffic_state_pred__new_fuzzy_2__PEMS_BAY/model_cache/new_fuzzy_2_PEMS_BAY_epoch8.tar
2026-05-21 20:47:22,166 - INFO - epoch complete!
2026-05-21 20:47:22,166 - INFO - evaluating now!
2026-05-21 20:47:25,182 - INFO - epoch complete!
2026-05-21 20:47:25,182 - INFO - evaluating now!
2026-05-21 20:47:26,166 - INFO - Epoch [9/10] train_loss: 0.2106, val_loss: 0.2266, lr: 0.000500, 44.77s
2026-05-21 20:47:26,166 - INFO - Trained totally 10 epochs, average train time is 40.917s, average eval time is 3.989s
2026-05-21 20:47:26,301 - INFO - Loaded model at 7
2026-05-21 20:47:26,302 - INFO - Start evaluating ...
2026-05-21 20:47:29,297 - INFO - Epoch [9/10] train_loss: 0.2108, val_loss: 0.2330, lr: 0.000500, 45.72s
2026-05-21 20:47:29,297 - INFO - Trained totally 10 epochs, average train time is 41.091s, average eval time is 4.114s
2026-05-21 20:47:29,408 - INFO - Loaded model at 8
2026-05-21 20:47:29,408 - INFO - Saved model at /home/lizhuoxuan/lzq/Bigscity-LibCity-master/outputs/20260521_203905__traffic_state_pred__new_fuzzy_2__PEMS_BAY/model_cache/new_fuzzy_2_PEMS_BAY.m
2026-05-21 20:47:29,447 - INFO - Start evaluating ...
2026-05-21 20:48:06,814 - INFO - Note that you select the single mode to evaluate!
2026-05-21 20:48:06,818 - INFO - Evaluate result is saved at /home/lizhuoxuan/lzq/Bigscity-LibCity-master/outputs/20260521_203905__traffic_state_pred__new_fuzzy_2__PEMS_BAY/evaluate_cache/2026_05_21_20_48_06_new_fuzzy_2_PEMS_BAY.csv
2026-05-21 20:48:06,830 - INFO - 
         MAE      MAPE        MSE  ...  masked_RMSE        R2      EVAR
1   1.124077  0.024853   4.797243  ...     2.124138  0.948661  0.948662
2   1.369310  0.030024   7.811330  ...     2.743504  0.916372  0.916398
3   1.564056  0.034588  11.062303  ...     3.282841  0.881527  0.881633
4   1.722907  0.038584  14.187019  ...     3.728348  0.848021  0.848260
5   1.858374  0.042228  17.096901  ...     4.100068  0.816805  0.817253
6   1.977318  0.045572  19.802435  ...     4.417800  0.787769  0.788536
7   2.084787  0.048730  22.321733  ...     4.694305  0.760728  0.761964
8   2.182279  0.051652  24.622656  ...     4.933376  0.736021  0.737828
9   2.272103  0.054354  26.738865  ...     5.143302  0.713294  0.715684
10  2.356305  0.056851  28.694778  ...     5.330091  0.692281  0.695208
11  2.436466  0.059185  30.550531  ...     5.501357  0.672349  0.675839
12  2.517593  0.061508  32.434834  ...     5.670164  0.652120  0.656185

[12 rows x 10 columns]
