2026-05-26 18:57:34,866 - INFO - Log directory: /home/lizhuoxuan/lzq/Bigscity-LibCity-master/outputs/20260526_185734__traffic_state_pred__final_new__PEMSD4/logs
2026-05-26 18:57:34,866 - INFO - Begin artifact training pipeline, task=traffic_state_pred, model_name=final_new, dataset_name=PEMSD4, exp_id=20260526_185734__traffic_state_pred__final_new__PEMSD4
2026-05-26 18:57:34,866 - INFO - {'task': 'traffic_state_pred', 'model': 'final_new', 'dataset': 'PEMSD4', 'saved_model': True, 'train': True, 'seed': 42, 'gpu': True, 'gpu_id': 0, 'train_rate': 0.6, 'eval_rate': 0.2, 'batch_size': 64, 'learning_rate': 0.0005, 'max_epoch': 50, 'dataset_class': 'TrafficStatePointDataset', 'executor': 'FinalNewExecutor', 'evaluator': 'TrafficStateEvaluator', 'band_center_init': 1.1, 'band_width_init': 0.7, 'calculate_weight_adj': False, 'cell_blend_init': 0, 'conservation_loss_weight': 0.1, 'conservation_steps_per_epoch': 80, 'conservation_warmup_epochs': 5, 'data_col': ['traffic_flow', 'traffic_occupancy', 'traffic_speed'], 'data_files': ['PEMSD4'], 'decoder_layers': 2, 'device': device(type='cuda', index=0), 'disturb_rate': 0.5, 'dropout': 0.1, 'dyna': {'including_types': ['state'], 'state': {'entity_id': 'geo_id', 'traffic_flow': 'num', 'traffic_occupancy': 'num', 'traffic_speed': 'num'}}, 'encoder_layers': 2, 'eval_batch_size': 64, 'evaluator_mode': 'single', 'ffn_hidden_dim': 128, 'fir_mode': 'lukasiewicz', 'fuzzy_num_sets': 4, 'geo': {'including_types': ['Point'], 'Point': {}}, 'geo_file': 'PEMSD4', 'graph_k_hop': 2, 'hidden_dim': 96, 'init_weight_inf_or_zero': 'zero', 'is_distributed': False, 'metrics': ['MAE', 'MAPE', 'MSE', 'RMSE', 'masked_MAE', 'masked_MAPE', 'masked_MSE', 'masked_RMSE', 'R2', 'EVAR'], 'noise_SD': [10], 'noise_mean': [5], 'noise_type': 'gaussian', 'num_cells': 8, 'num_heads': 2, 'num_workers': 0, 'output_dim': 3, 'pad_with_last_sample': True, 'physics_channel_idx': 0, 'rank': 0, 'region_transformer_layers': 1, 'rel': {'including_types': ['geo'], 'geo': {'cost': 'num'}}, 'rel_file': 'PEMSD4', 'robustness_test': False, 'save_mode': ['csv'], 'set_weight_link_or_dist': 'link', 'time_intervals': 300, 'use_amp': True, 'use_gradient_checkpointing': False, 'use_temporal_position_embedding': True, 'weight_adj_epsilon': 0.1, 'weight_col': 'cost', 'world_size': 1, 'clip_grad_norm': True, 'epoch': 0, 'learner': 'adamw', 'load_best_epoch': True, 'log_every': 1, 'lr_decay': True, 'lr_decay_ratio': 0.5, 'lr_patience': 5, 'lr_scheduler': 'reducelronplateau', 'lr_threshold': 0.001, 'max_grad_norm': 3, 'patience': 10, 'train_loss': 'none', 'use_early_stop': True, 'weight_decay': 0.0001, 'data_version_id': 'dv_1779784506_e193f563', 'input_window': 12, 'output_window': 12, 'scaler': 'standard', 'load_external': False, 'normal_external': False, 'add_time_in_day': True, 'add_day_in_week': True, 'cache_dataset': True, 'ext_scaler': 'none', 'exp_id': '20260526_185734__traffic_state_pred__final_new__PEMSD4'}
2026-05-26 18:57:45,378 - INFO - NewFuzzyCellAttention(
  (fuzzy_graph): FuzzyRelationalGraphLearner(
    (raw_projection): Linear(in_features=3, out_features=96, bias=True)
    (feature_to_membership): Sequential(
      (0): Linear(in_features=96, out_features=48, bias=True)
      (1): GELU(approximate='none')
      (2): Linear(in_features=48, out_features=4, bias=True)
    )
  )
  (condition_encoder): STEncoder(
    (input_projection): Linear(in_features=3, out_features=96, bias=True)
    (blocks): ModuleList(
      (0-1): 2 x STEncoderBlock(
        (temporal_attention): MultiHeadAttention(
          (query_projection): Linear(in_features=96, out_features=96, bias=True)
          (key_projection): Linear(in_features=96, out_features=96, bias=True)
          (value_projection): Linear(in_features=96, out_features=96, bias=True)
          (output_projection): Linear(in_features=96, out_features=96, bias=True)
          (dropout): Dropout(p=0.1, inplace=False)
        )
        (graph_convolution): FuzzyGraphConvolution(
          (projections): ModuleList(
            (0-2): 3 x Linear(in_features=96, out_features=96, bias=True)
          )
        )
        (feed_forward): FeedForwardNetwork(
          (network): Sequential(
            (0): Linear(in_features=96, out_features=128, bias=True)
            (1): GELU(approximate='none')
            (2): Dropout(p=0.1, inplace=False)
            (3): Linear(in_features=128, out_features=96, bias=True)
            (4): Dropout(p=0.1, inplace=False)
          )
        )
        (norm_temporal): LayerNorm((96,), eps=1e-05, elementwise_affine=True)
        (norm_graph): LayerNorm((96,), eps=1e-05, elementwise_affine=True)
        (norm_ffn): LayerNorm((96,), eps=1e-05, elementwise_affine=True)
        (dropout): Dropout(p=0.1, inplace=False)
        (cell_attention): FuzzyCellAttention(
          (cell_transform): Linear(in_features=96, out_features=96, bias=True)
          (output_projection): Linear(in_features=96, out_features=96, bias=True)
          (region_transformer): RegionTransformer(
            (self_attn): MultiHeadAttention(
              (query_projection): Linear(in_features=96, out_features=96, bias=True)
              (key_projection): Linear(in_features=96, out_features=96, bias=True)
              (value_projection): Linear(in_features=96, out_features=96, bias=True)
              (output_projection): Linear(in_features=96, out_features=96, bias=True)
              (dropout): Dropout(p=0.1, inplace=False)
            )
            (ffn): FeedForwardNetwork(
              (network): Sequential(
                (0): Linear(in_features=96, out_features=192, bias=True)
                (1): GELU(approximate='none')
                (2): Dropout(p=0.1, inplace=False)
                (3): Linear(in_features=192, out_features=96, bias=True)
                (4): Dropout(p=0.1, inplace=False)
              )
            )
            (norm1): LayerNorm((96,), eps=1e-05, elementwise_affine=True)
            (norm2): LayerNorm((96,), eps=1e-05, elementwise_affine=True)
            (dropout): Dropout(p=0.1, inplace=False)
          )
          (fuzzy_to_cell): Linear(in_features=4, out_features=8, bias=True)
        )
        (norm_cell): LayerNorm((96,), eps=1e-05, elementwise_affine=True)
      )
    )
    (final_norm): LayerNorm((96,), eps=1e-05, elementwise_affine=True)
  )
  (future_decoder): FutureDecoder(
    (blocks): ModuleList(
      (0-1): 2 x DecoderBlock(
        (temporal_attention): MultiHeadAttention(
          (query_projection): Linear(in_features=96, out_features=96, bias=True)
          (key_projection): Linear(in_features=96, out_features=96, bias=True)
          (value_projection): Linear(in_features=96, out_features=96, bias=True)
          (output_projection): Linear(in_features=96, out_features=96, bias=True)
          (dropout): Dropout(p=0.1, inplace=False)
        )
        (graph_convolution): FuzzyGraphConvolution(
          (projections): ModuleList(
            (0-2): 3 x Linear(in_features=96, out_features=96, bias=True)
          )
        )
        (cross_attention): MultiHeadAttention(
          (query_projection): Linear(in_features=96, out_features=96, bias=True)
          (key_projection): Linear(in_features=96, out_features=96, bias=True)
          (value_projection): Linear(in_features=96, out_features=96, bias=True)
          (output_projection): Linear(in_features=96, out_features=96, bias=True)
          (dropout): Dropout(p=0.1, inplace=False)
        )
        (feed_forward): FeedForwardNetwork(
          (network): Sequential(
            (0): Linear(in_features=96, out_features=128, bias=True)
            (1): GELU(approximate='none')
            (2): Dropout(p=0.1, inplace=False)
            (3): Linear(in_features=128, out_features=96, bias=True)
            (4): Dropout(p=0.1, inplace=False)
          )
        )
        (norm_temporal): LayerNorm((96,), eps=1e-05, elementwise_affine=True)
        (norm_graph): LayerNorm((96,), eps=1e-05, elementwise_affine=True)
        (norm_cross): LayerNorm((96,), eps=1e-05, elementwise_affine=True)
        (norm_ffn): LayerNorm((96,), eps=1e-05, elementwise_affine=True)
        (dropout): Dropout(p=0.1, inplace=False)
        (cell_attention): FuzzyCellAttention(
          (cell_transform): Linear(in_features=96, out_features=96, bias=True)
          (output_projection): Linear(in_features=96, out_features=96, bias=True)
          (region_transformer): RegionTransformer(
            (self_attn): MultiHeadAttention(
              (query_projection): Linear(in_features=96, out_features=96, bias=True)
              (key_projection): Linear(in_features=96, out_features=96, bias=True)
              (value_projection): Linear(in_features=96, out_features=96, bias=True)
              (output_projection): Linear(in_features=96, out_features=96, bias=True)
              (dropout): Dropout(p=0.1, inplace=False)
            )
            (ffn): FeedForwardNetwork(
              (network): Sequential(
                (0): Linear(in_features=96, out_features=192, bias=True)
                (1): GELU(approximate='none')
                (2): Dropout(p=0.1, inplace=False)
                (3): Linear(in_features=192, out_features=96, bias=True)
                (4): Dropout(p=0.1, inplace=False)
              )
            )
            (norm1): LayerNorm((96,), eps=1e-05, elementwise_affine=True)
            (norm2): LayerNorm((96,), eps=1e-05, elementwise_affine=True)
            (dropout): Dropout(p=0.1, inplace=False)
          )
          (fuzzy_to_cell): Linear(in_features=4, out_features=8, bias=True)
        )
        (norm_cell): LayerNorm((96,), eps=1e-05, elementwise_affine=True)
      )
    )
    (final_norm): LayerNorm((96,), eps=1e-05, elementwise_affine=True)
    (output_projection): Linear(in_features=96, out_features=3, bias=True)
  )
)
2026-05-26 18:57:45,380 - INFO - fuzzy_graph.base_memberships	torch.Size([307, 4])	cuda:0	True
2026-05-26 18:57:45,380 - INFO - fuzzy_graph.fuzzy_prototypes	torch.Size([4, 96])	cuda:0	True
2026-05-26 18:57:45,380 - INFO - fuzzy_graph.blend_logit	torch.Size([])	cuda:0	True
2026-05-26 18:57:45,380 - INFO - fuzzy_graph.raw_projection.weight	torch.Size([96, 3])	cuda:0	True
2026-05-26 18:57:45,380 - INFO - fuzzy_graph.raw_projection.bias	torch.Size([96])	cuda:0	True
2026-05-26 18:57:45,380 - INFO - fuzzy_graph.feature_to_membership.0.weight	torch.Size([48, 96])	cuda:0	True
2026-05-26 18:57:45,380 - INFO - fuzzy_graph.feature_to_membership.0.bias	torch.Size([48])	cuda:0	True
2026-05-26 18:57:45,380 - INFO - fuzzy_graph.feature_to_membership.2.weight	torch.Size([4, 48])	cuda:0	True
2026-05-26 18:57:45,380 - INFO - fuzzy_graph.feature_to_membership.2.bias	torch.Size([4])	cuda:0	True
2026-05-26 18:57:45,380 - INFO - condition_encoder.temporal_position_embedding	torch.Size([1, 12, 1, 96])	cuda:0	True
2026-05-26 18:57:45,380 - INFO - condition_encoder.input_projection.weight	torch.Size([96, 3])	cuda:0	True
2026-05-26 18:57:45,380 - INFO - condition_encoder.input_projection.bias	torch.Size([96])	cuda:0	True
2026-05-26 18:57:45,380 - INFO - condition_encoder.blocks.0.temporal_attention.query_projection.weight	torch.Size([96, 96])	cuda:0	True
2026-05-26 18:57:45,380 - INFO - condition_encoder.blocks.0.temporal_attention.query_projection.bias	torch.Size([96])	cuda:0	True
2026-05-26 18:57:45,380 - INFO - condition_encoder.blocks.0.temporal_attention.key_projection.weight	torch.Size([96, 96])	cuda:0	True
2026-05-26 18:57:45,380 - INFO - condition_encoder.blocks.0.temporal_attention.key_projection.bias	torch.Size([96])	cuda:0	True
2026-05-26 18:57:45,380 - INFO - condition_encoder.blocks.0.temporal_attention.value_projection.weight	torch.Size([96, 96])	cuda:0	True
2026-05-26 18:57:45,380 - INFO - condition_encoder.blocks.0.temporal_attention.value_projection.bias	torch.Size([96])	cuda:0	True
2026-05-26 18:57:45,380 - INFO - condition_encoder.blocks.0.temporal_attention.output_projection.weight	torch.Size([96, 96])	cuda:0	True
2026-05-26 18:57:45,380 - INFO - condition_encoder.blocks.0.temporal_attention.output_projection.bias	torch.Size([96])	cuda:0	True
2026-05-26 18:57:45,380 - INFO - condition_encoder.blocks.0.graph_convolution.projections.0.weight	torch.Size([96, 96])	cuda:0	True
2026-05-26 18:57:45,381 - INFO - condition_encoder.blocks.0.graph_convolution.projections.0.bias	torch.Size([96])	cuda:0	True
2026-05-26 18:57:45,381 - INFO - condition_encoder.blocks.0.graph_convolution.projections.1.weight	torch.Size([96, 96])	cuda:0	True
2026-05-26 18:57:45,381 - INFO - condition_encoder.blocks.0.graph_convolution.projections.1.bias	torch.Size([96])	cuda:0	True
2026-05-26 18:57:45,381 - INFO - condition_encoder.blocks.0.graph_convolution.projections.2.weight	torch.Size([96, 96])	cuda:0	True
2026-05-26 18:57:45,381 - INFO - condition_encoder.blocks.0.graph_convolution.projections.2.bias	torch.Size([96])	cuda:0	True
2026-05-26 18:57:45,381 - INFO - condition_encoder.blocks.0.feed_forward.network.0.weight	torch.Size([128, 96])	cuda:0	True
2026-05-26 18:57:45,381 - INFO - condition_encoder.blocks.0.feed_forward.network.0.bias	torch.Size([128])	cuda:0	True
2026-05-26 18:57:45,381 - INFO - condition_encoder.blocks.0.feed_forward.network.3.weight	torch.Size([96, 128])	cuda:0	True
2026-05-26 18:57:45,381 - INFO - condition_encoder.blocks.0.feed_forward.network.3.bias	torch.Size([96])	cuda:0	True
2026-05-26 18:57:45,381 - INFO - condition_encoder.blocks.0.norm_temporal.weight	torch.Size([96])	cuda:0	True
2026-05-26 18:57:45,381 - INFO - condition_encoder.blocks.0.norm_temporal.bias	torch.Size([96])	cuda:0	True
2026-05-26 18:57:45,381 - INFO - condition_encoder.blocks.0.norm_graph.weight	torch.Size([96])	cuda:0	True
2026-05-26 18:57:45,381 - INFO - condition_encoder.blocks.0.norm_graph.bias	torch.Size([96])	cuda:0	True
2026-05-26 18:57:45,381 - INFO - condition_encoder.blocks.0.norm_ffn.weight	torch.Size([96])	cuda:0	True
2026-05-26 18:57:45,381 - INFO - condition_encoder.blocks.0.norm_ffn.bias	torch.Size([96])	cuda:0	True
2026-05-26 18:57:45,381 - INFO - condition_encoder.blocks.0.cell_attention.centers	torch.Size([8, 96])	cuda:0	True
2026-05-26 18:57:45,381 - INFO - condition_encoder.blocks.0.cell_attention.log_sigma_sq	torch.Size([1])	cuda:0	True
2026-05-26 18:57:45,381 - INFO - condition_encoder.blocks.0.cell_attention.cell_blend	torch.Size([])	cuda:0	True
2026-05-26 18:57:45,381 - INFO - condition_encoder.blocks.0.cell_attention.band_center	torch.Size([])	cuda:0	True
2026-05-26 18:57:45,381 - INFO - condition_encoder.blocks.0.cell_attention.band_width_raw	torch.Size([])	cuda:0	True
2026-05-26 18:57:45,381 - INFO - condition_encoder.blocks.0.cell_attention.cell_transform.weight	torch.Size([96, 96])	cuda:0	True
2026-05-26 18:57:45,381 - INFO - condition_encoder.blocks.0.cell_attention.cell_transform.bias	torch.Size([96])	cuda:0	True
2026-05-26 18:57:45,381 - INFO - condition_encoder.blocks.0.cell_attention.output_projection.weight	torch.Size([96, 96])	cuda:0	True
2026-05-26 18:57:45,381 - INFO - condition_encoder.blocks.0.cell_attention.output_projection.bias	torch.Size([96])	cuda:0	True
2026-05-26 18:57:45,381 - INFO - condition_encoder.blocks.0.cell_attention.region_transformer.self_attn.query_projection.weight	torch.Size([96, 96])	cuda:0	True
2026-05-26 18:57:45,381 - INFO - condition_encoder.blocks.0.cell_attention.region_transformer.self_attn.query_projection.bias	torch.Size([96])	cuda:0	True
2026-05-26 18:57:45,381 - INFO - condition_encoder.blocks.0.cell_attention.region_transformer.self_attn.key_projection.weight	torch.Size([96, 96])	cuda:0	True
2026-05-26 18:57:45,381 - INFO - condition_encoder.blocks.0.cell_attention.region_transformer.self_attn.key_projection.bias	torch.Size([96])	cuda:0	True
2026-05-26 18:57:45,381 - INFO - condition_encoder.blocks.0.cell_attention.region_transformer.self_attn.value_projection.weight	torch.Size([96, 96])	cuda:0	True
2026-05-26 18:57:45,381 - INFO - condition_encoder.blocks.0.cell_attention.region_transformer.self_attn.value_projection.bias	torch.Size([96])	cuda:0	True
2026-05-26 18:57:45,381 - INFO - condition_encoder.blocks.0.cell_attention.region_transformer.self_attn.output_projection.weight	torch.Size([96, 96])	cuda:0	True
2026-05-26 18:57:45,381 - INFO - condition_encoder.blocks.0.cell_attention.region_transformer.self_attn.output_projection.bias	torch.Size([96])	cuda:0	True
2026-05-26 18:57:45,381 - INFO - condition_encoder.blocks.0.cell_attention.region_transformer.ffn.network.0.weight	torch.Size([192, 96])	cuda:0	True
2026-05-26 18:57:45,381 - INFO - condition_encoder.blocks.0.cell_attention.region_transformer.ffn.network.0.bias	torch.Size([192])	cuda:0	True
2026-05-26 18:57:45,381 - INFO - condition_encoder.blocks.0.cell_attention.region_transformer.ffn.network.3.weight	torch.Size([96, 192])	cuda:0	True
2026-05-26 18:57:45,381 - INFO - condition_encoder.blocks.0.cell_attention.region_transformer.ffn.network.3.bias	torch.Size([96])	cuda:0	True
2026-05-26 18:57:45,381 - INFO - condition_encoder.blocks.0.cell_attention.region_transformer.norm1.weight	torch.Size([96])	cuda:0	True
2026-05-26 18:57:45,381 - INFO - condition_encoder.blocks.0.cell_attention.region_transformer.norm1.bias	torch.Size([96])	cuda:0	True
2026-05-26 18:57:45,381 - INFO - condition_encoder.blocks.0.cell_attention.region_transformer.norm2.weight	torch.Size([96])	cuda:0	True
2026-05-26 18:57:45,381 - INFO - condition_encoder.blocks.0.cell_attention.region_transformer.norm2.bias	torch.Size([96])	cuda:0	True
2026-05-26 18:57:45,381 - INFO - condition_encoder.blocks.0.cell_attention.fuzzy_to_cell.weight	torch.Size([8, 4])	cuda:0	True
2026-05-26 18:57:45,382 - INFO - condition_encoder.blocks.0.cell_attention.fuzzy_to_cell.bias	torch.Size([8])	cuda:0	True
2026-05-26 18:57:45,382 - INFO - condition_encoder.blocks.0.norm_cell.weight	torch.Size([96])	cuda:0	True
2026-05-26 18:57:45,382 - INFO - condition_encoder.blocks.0.norm_cell.bias	torch.Size([96])	cuda:0	True
2026-05-26 18:57:45,382 - INFO - condition_encoder.blocks.1.temporal_attention.query_projection.weight	torch.Size([96, 96])	cuda:0	True
2026-05-26 18:57:45,382 - INFO - condition_encoder.blocks.1.temporal_attention.query_projection.bias	torch.Size([96])	cuda:0	True
2026-05-26 18:57:45,382 - INFO - condition_encoder.blocks.1.temporal_attention.key_projection.weight	torch.Size([96, 96])	cuda:0	True
2026-05-26 18:57:45,382 - INFO - condition_encoder.blocks.1.temporal_attention.key_projection.bias	torch.Size([96])	cuda:0	True
2026-05-26 18:57:45,382 - INFO - condition_encoder.blocks.1.temporal_attention.value_projection.weight	torch.Size([96, 96])	cuda:0	True
2026-05-26 18:57:45,382 - INFO - condition_encoder.blocks.1.temporal_attention.value_projection.bias	torch.Size([96])	cuda:0	True
2026-05-26 18:57:45,382 - INFO - condition_encoder.blocks.1.temporal_attention.output_projection.weight	torch.Size([96, 96])	cuda:0	True
2026-05-26 18:57:45,382 - INFO - condition_encoder.blocks.1.temporal_attention.output_projection.bias	torch.Size([96])	cuda:0	True
2026-05-26 18:57:45,382 - INFO - condition_encoder.blocks.1.graph_convolution.projections.0.weight	torch.Size([96, 96])	cuda:0	True
2026-05-26 18:57:45,382 - INFO - condition_encoder.blocks.1.graph_convolution.projections.0.bias	torch.Size([96])	cuda:0	True
2026-05-26 18:57:45,382 - INFO - condition_encoder.blocks.1.graph_convolution.projections.1.weight	torch.Size([96, 96])	cuda:0	True
2026-05-26 18:57:45,382 - INFO - condition_encoder.blocks.1.graph_convolution.projections.1.bias	torch.Size([96])	cuda:0	True
2026-05-26 18:57:45,382 - INFO - condition_encoder.blocks.1.graph_convolution.projections.2.weight	torch.Size([96, 96])	cuda:0	True
2026-05-26 18:57:45,382 - INFO - condition_encoder.blocks.1.graph_convolution.projections.2.bias	torch.Size([96])	cuda:0	True
2026-05-26 18:57:45,382 - INFO - condition_encoder.blocks.1.feed_forward.network.0.weight	torch.Size([128, 96])	cuda:0	True
2026-05-26 18:57:45,382 - INFO - condition_encoder.blocks.1.feed_forward.network.0.bias	torch.Size([128])	cuda:0	True
2026-05-26 18:57:45,382 - INFO - condition_encoder.blocks.1.feed_forward.network.3.weight	torch.Size([96, 128])	cuda:0	True
2026-05-26 18:57:45,382 - INFO - condition_encoder.blocks.1.feed_forward.network.3.bias	torch.Size([96])	cuda:0	True
2026-05-26 18:57:45,382 - INFO - condition_encoder.blocks.1.norm_temporal.weight	torch.Size([96])	cuda:0	True
2026-05-26 18:57:45,382 - INFO - condition_encoder.blocks.1.norm_temporal.bias	torch.Size([96])	cuda:0	True
2026-05-26 18:57:45,382 - INFO - condition_encoder.blocks.1.norm_graph.weight	torch.Size([96])	cuda:0	True
2026-05-26 18:57:45,382 - INFO - condition_encoder.blocks.1.norm_graph.bias	torch.Size([96])	cuda:0	True
2026-05-26 18:57:45,382 - INFO - condition_encoder.blocks.1.norm_ffn.weight	torch.Size([96])	cuda:0	True
2026-05-26 18:57:45,382 - INFO - condition_encoder.blocks.1.norm_ffn.bias	torch.Size([96])	cuda:0	True
2026-05-26 18:57:45,382 - INFO - condition_encoder.blocks.1.cell_attention.centers	torch.Size([8, 96])	cuda:0	True
2026-05-26 18:57:45,382 - INFO - condition_encoder.blocks.1.cell_attention.log_sigma_sq	torch.Size([1])	cuda:0	True
2026-05-26 18:57:45,382 - INFO - condition_encoder.blocks.1.cell_attention.cell_blend	torch.Size([])	cuda:0	True
2026-05-26 18:57:45,382 - INFO - condition_encoder.blocks.1.cell_attention.band_center	torch.Size([])	cuda:0	True
2026-05-26 18:57:45,382 - INFO - condition_encoder.blocks.1.cell_attention.band_width_raw	torch.Size([])	cuda:0	True
2026-05-26 18:57:45,382 - INFO - condition_encoder.blocks.1.cell_attention.cell_transform.weight	torch.Size([96, 96])	cuda:0	True
2026-05-26 18:57:45,382 - INFO - condition_encoder.blocks.1.cell_attention.cell_transform.bias	torch.Size([96])	cuda:0	True
2026-05-26 18:57:45,382 - INFO - condition_encoder.blocks.1.cell_attention.output_projection.weight	torch.Size([96, 96])	cuda:0	True
2026-05-26 18:57:45,382 - INFO - condition_encoder.blocks.1.cell_attention.output_projection.bias	torch.Size([96])	cuda:0	True
2026-05-26 18:57:45,382 - INFO - condition_encoder.blocks.1.cell_attention.region_transformer.self_attn.query_projection.weight	torch.Size([96, 96])	cuda:0	True
2026-05-26 18:57:45,382 - INFO - condition_encoder.blocks.1.cell_attention.region_transformer.self_attn.query_projection.bias	torch.Size([96])	cuda:0	True
2026-05-26 18:57:45,382 - INFO - condition_encoder.blocks.1.cell_attention.region_transformer.self_attn.key_projection.weight	torch.Size([96, 96])	cuda:0	True
2026-05-26 18:57:45,382 - INFO - condition_encoder.blocks.1.cell_attention.region_transformer.self_attn.key_projection.bias	torch.Size([96])	cuda:0	True
2026-05-26 18:57:45,382 - INFO - condition_encoder.blocks.1.cell_attention.region_transformer.self_attn.value_projection.weight	torch.Size([96, 96])	cuda:0	True
2026-05-26 18:57:45,382 - INFO - condition_encoder.blocks.1.cell_attention.region_transformer.self_attn.value_projection.bias	torch.Size([96])	cuda:0	True
2026-05-26 18:57:45,383 - INFO - condition_encoder.blocks.1.cell_attention.region_transformer.self_attn.output_projection.weight	torch.Size([96, 96])	cuda:0	True
2026-05-26 18:57:45,383 - INFO - condition_encoder.blocks.1.cell_attention.region_transformer.self_attn.output_projection.bias	torch.Size([96])	cuda:0	True
2026-05-26 18:57:45,383 - INFO - condition_encoder.blocks.1.cell_attention.region_transformer.ffn.network.0.weight	torch.Size([192, 96])	cuda:0	True
2026-05-26 18:57:45,383 - INFO - condition_encoder.blocks.1.cell_attention.region_transformer.ffn.network.0.bias	torch.Size([192])	cuda:0	True
2026-05-26 18:57:45,383 - INFO - condition_encoder.blocks.1.cell_attention.region_transformer.ffn.network.3.weight	torch.Size([96, 192])	cuda:0	True
2026-05-26 18:57:45,383 - INFO - condition_encoder.blocks.1.cell_attention.region_transformer.ffn.network.3.bias	torch.Size([96])	cuda:0	True
2026-05-26 18:57:45,383 - INFO - condition_encoder.blocks.1.cell_attention.region_transformer.norm1.weight	torch.Size([96])	cuda:0	True
2026-05-26 18:57:45,383 - INFO - condition_encoder.blocks.1.cell_attention.region_transformer.norm1.bias	torch.Size([96])	cuda:0	True
2026-05-26 18:57:45,383 - INFO - condition_encoder.blocks.1.cell_attention.region_transformer.norm2.weight	torch.Size([96])	cuda:0	True
2026-05-26 18:57:45,383 - INFO - condition_encoder.blocks.1.cell_attention.region_transformer.norm2.bias	torch.Size([96])	cuda:0	True
2026-05-26 18:57:45,383 - INFO - condition_encoder.blocks.1.cell_attention.fuzzy_to_cell.weight	torch.Size([8, 4])	cuda:0	True
2026-05-26 18:57:45,383 - INFO - condition_encoder.blocks.1.cell_attention.fuzzy_to_cell.bias	torch.Size([8])	cuda:0	True
2026-05-26 18:57:45,383 - INFO - condition_encoder.blocks.1.norm_cell.weight	torch.Size([96])	cuda:0	True
2026-05-26 18:57:45,383 - INFO - condition_encoder.blocks.1.norm_cell.bias	torch.Size([96])	cuda:0	True
2026-05-26 18:57:45,383 - INFO - condition_encoder.final_norm.weight	torch.Size([96])	cuda:0	True
2026-05-26 18:57:45,383 - INFO - condition_encoder.final_norm.bias	torch.Size([96])	cuda:0	True
2026-05-26 18:57:45,383 - INFO - future_decoder.future_queries	torch.Size([1, 12, 307, 96])	cuda:0	True
2026-05-26 18:57:45,383 - INFO - future_decoder.blocks.0.temporal_attention.query_projection.weight	torch.Size([96, 96])	cuda:0	True
2026-05-26 18:57:45,383 - INFO - future_decoder.blocks.0.temporal_attention.query_projection.bias	torch.Size([96])	cuda:0	True
2026-05-26 18:57:45,383 - INFO - future_decoder.blocks.0.temporal_attention.key_projection.weight	torch.Size([96, 96])	cuda:0	True
2026-05-26 18:57:45,383 - INFO - future_decoder.blocks.0.temporal_attention.key_projection.bias	torch.Size([96])	cuda:0	True
2026-05-26 18:57:45,383 - INFO - future_decoder.blocks.0.temporal_attention.value_projection.weight	torch.Size([96, 96])	cuda:0	True
2026-05-26 18:57:45,383 - INFO - future_decoder.blocks.0.temporal_attention.value_projection.bias	torch.Size([96])	cuda:0	True
2026-05-26 18:57:45,383 - INFO - future_decoder.blocks.0.temporal_attention.output_projection.weight	torch.Size([96, 96])	cuda:0	True
2026-05-26 18:57:45,383 - INFO - future_decoder.blocks.0.temporal_attention.output_projection.bias	torch.Size([96])	cuda:0	True
2026-05-26 18:57:45,383 - INFO - future_decoder.blocks.0.graph_convolution.projections.0.weight	torch.Size([96, 96])	cuda:0	True
2026-05-26 18:57:45,383 - INFO - future_decoder.blocks.0.graph_convolution.projections.0.bias	torch.Size([96])	cuda:0	True
2026-05-26 18:57:45,383 - INFO - future_decoder.blocks.0.graph_convolution.projections.1.weight	torch.Size([96, 96])	cuda:0	True
2026-05-26 18:57:45,383 - INFO - future_decoder.blocks.0.graph_convolution.projections.1.bias	torch.Size([96])	cuda:0	True
2026-05-26 18:57:45,383 - INFO - future_decoder.blocks.0.graph_convolution.projections.2.weight	torch.Size([96, 96])	cuda:0	True
2026-05-26 18:57:45,383 - INFO - future_decoder.blocks.0.graph_convolution.projections.2.bias	torch.Size([96])	cuda:0	True
2026-05-26 18:57:45,383 - INFO - future_decoder.blocks.0.cross_attention.query_projection.weight	torch.Size([96, 96])	cuda:0	True
2026-05-26 18:57:45,383 - INFO - future_decoder.blocks.0.cross_attention.query_projection.bias	torch.Size([96])	cuda:0	True
2026-05-26 18:57:45,383 - INFO - future_decoder.blocks.0.cross_attention.key_projection.weight	torch.Size([96, 96])	cuda:0	True
2026-05-26 18:57:45,383 - INFO - future_decoder.blocks.0.cross_attention.key_projection.bias	torch.Size([96])	cuda:0	True
2026-05-26 18:57:45,383 - INFO - future_decoder.blocks.0.cross_attention.value_projection.weight	torch.Size([96, 96])	cuda:0	True
2026-05-26 18:57:45,383 - INFO - future_decoder.blocks.0.cross_attention.value_projection.bias	torch.Size([96])	cuda:0	True
2026-05-26 18:57:45,383 - INFO - future_decoder.blocks.0.cross_attention.output_projection.weight	torch.Size([96, 96])	cuda:0	True
2026-05-26 18:57:45,383 - INFO - future_decoder.blocks.0.cross_attention.output_projection.bias	torch.Size([96])	cuda:0	True
2026-05-26 18:57:45,383 - INFO - future_decoder.blocks.0.feed_forward.network.0.weight	torch.Size([128, 96])	cuda:0	True
2026-05-26 18:57:45,383 - INFO - future_decoder.blocks.0.feed_forward.network.0.bias	torch.Size([128])	cuda:0	True
2026-05-26 18:57:45,384 - INFO - future_decoder.blocks.0.feed_forward.network.3.weight	torch.Size([96, 128])	cuda:0	True
2026-05-26 18:57:45,384 - INFO - future_decoder.blocks.0.feed_forward.network.3.bias	torch.Size([96])	cuda:0	True
2026-05-26 18:57:45,384 - INFO - future_decoder.blocks.0.norm_temporal.weight	torch.Size([96])	cuda:0	True
2026-05-26 18:57:45,384 - INFO - future_decoder.blocks.0.norm_temporal.bias	torch.Size([96])	cuda:0	True
2026-05-26 18:57:45,384 - INFO - future_decoder.blocks.0.norm_graph.weight	torch.Size([96])	cuda:0	True
2026-05-26 18:57:45,384 - INFO - future_decoder.blocks.0.norm_graph.bias	torch.Size([96])	cuda:0	True
2026-05-26 18:57:45,384 - INFO - future_decoder.blocks.0.norm_cross.weight	torch.Size([96])	cuda:0	True
2026-05-26 18:57:45,384 - INFO - future_decoder.blocks.0.norm_cross.bias	torch.Size([96])	cuda:0	True
2026-05-26 18:57:45,384 - INFO - future_decoder.blocks.0.norm_ffn.weight	torch.Size([96])	cuda:0	True
2026-05-26 18:57:45,384 - INFO - future_decoder.blocks.0.norm_ffn.bias	torch.Size([96])	cuda:0	True
2026-05-26 18:57:45,384 - INFO - future_decoder.blocks.0.cell_attention.centers	torch.Size([8, 96])	cuda:0	True
2026-05-26 18:57:45,384 - INFO - future_decoder.blocks.0.cell_attention.log_sigma_sq	torch.Size([1])	cuda:0	True
2026-05-26 18:57:45,384 - INFO - future_decoder.blocks.0.cell_attention.cell_blend	torch.Size([])	cuda:0	True
2026-05-26 18:57:45,384 - INFO - future_decoder.blocks.0.cell_attention.band_center	torch.Size([])	cuda:0	True
2026-05-26 18:57:45,384 - INFO - future_decoder.blocks.0.cell_attention.band_width_raw	torch.Size([])	cuda:0	True
2026-05-26 18:57:45,384 - INFO - future_decoder.blocks.0.cell_attention.cell_transform.weight	torch.Size([96, 96])	cuda:0	True
2026-05-26 18:57:45,384 - INFO - future_decoder.blocks.0.cell_attention.cell_transform.bias	torch.Size([96])	cuda:0	True
2026-05-26 18:57:45,384 - INFO - future_decoder.blocks.0.cell_attention.output_projection.weight	torch.Size([96, 96])	cuda:0	True
2026-05-26 18:57:45,384 - INFO - future_decoder.blocks.0.cell_attention.output_projection.bias	torch.Size([96])	cuda:0	True
2026-05-26 18:57:45,384 - INFO - future_decoder.blocks.0.cell_attention.region_transformer.self_attn.query_projection.weight	torch.Size([96, 96])	cuda:0	True
2026-05-26 18:57:45,384 - INFO - future_decoder.blocks.0.cell_attention.region_transformer.self_attn.query_projection.bias	torch.Size([96])	cuda:0	True
2026-05-26 18:57:45,384 - INFO - future_decoder.blocks.0.cell_attention.region_transformer.self_attn.key_projection.weight	torch.Size([96, 96])	cuda:0	True
2026-05-26 18:57:45,384 - INFO - future_decoder.blocks.0.cell_attention.region_transformer.self_attn.key_projection.bias	torch.Size([96])	cuda:0	True
2026-05-26 18:57:45,384 - INFO - future_decoder.blocks.0.cell_attention.region_transformer.self_attn.value_projection.weight	torch.Size([96, 96])	cuda:0	True
2026-05-26 18:57:45,384 - INFO - future_decoder.blocks.0.cell_attention.region_transformer.self_attn.value_projection.bias	torch.Size([96])	cuda:0	True
2026-05-26 18:57:45,384 - INFO - future_decoder.blocks.0.cell_attention.region_transformer.self_attn.output_projection.weight	torch.Size([96, 96])	cuda:0	True
2026-05-26 18:57:45,384 - INFO - future_decoder.blocks.0.cell_attention.region_transformer.self_attn.output_projection.bias	torch.Size([96])	cuda:0	True
2026-05-26 18:57:45,384 - INFO - future_decoder.blocks.0.cell_attention.region_transformer.ffn.network.0.weight	torch.Size([192, 96])	cuda:0	True
2026-05-26 18:57:45,384 - INFO - future_decoder.blocks.0.cell_attention.region_transformer.ffn.network.0.bias	torch.Size([192])	cuda:0	True
2026-05-26 18:57:45,384 - INFO - future_decoder.blocks.0.cell_attention.region_transformer.ffn.network.3.weight	torch.Size([96, 192])	cuda:0	True
2026-05-26 18:57:45,384 - INFO - future_decoder.blocks.0.cell_attention.region_transformer.ffn.network.3.bias	torch.Size([96])	cuda:0	True
2026-05-26 18:57:45,384 - INFO - future_decoder.blocks.0.cell_attention.region_transformer.norm1.weight	torch.Size([96])	cuda:0	True
2026-05-26 18:57:45,384 - INFO - future_decoder.blocks.0.cell_attention.region_transformer.norm1.bias	torch.Size([96])	cuda:0	True
2026-05-26 18:57:45,384 - INFO - future_decoder.blocks.0.cell_attention.region_transformer.norm2.weight	torch.Size([96])	cuda:0	True
2026-05-26 18:57:45,384 - INFO - future_decoder.blocks.0.cell_attention.region_transformer.norm2.bias	torch.Size([96])	cuda:0	True
2026-05-26 18:57:45,384 - INFO - future_decoder.blocks.0.cell_attention.fuzzy_to_cell.weight	torch.Size([8, 4])	cuda:0	True
2026-05-26 18:57:45,384 - INFO - future_decoder.blocks.0.cell_attention.fuzzy_to_cell.bias	torch.Size([8])	cuda:0	True
2026-05-26 18:57:45,384 - INFO - future_decoder.blocks.0.norm_cell.weight	torch.Size([96])	cuda:0	True
2026-05-26 18:57:45,384 - INFO - future_decoder.blocks.0.norm_cell.bias	torch.Size([96])	cuda:0	True
2026-05-26 18:57:45,385 - INFO - future_decoder.blocks.1.temporal_attention.query_projection.weight	torch.Size([96, 96])	cuda:0	True
2026-05-26 18:57:45,385 - INFO - future_decoder.blocks.1.temporal_attention.query_projection.bias	torch.Size([96])	cuda:0	True
2026-05-26 18:57:45,385 - INFO - future_decoder.blocks.1.temporal_attention.key_projection.weight	torch.Size([96, 96])	cuda:0	True
2026-05-26 18:57:45,385 - INFO - future_decoder.blocks.1.temporal_attention.key_projection.bias	torch.Size([96])	cuda:0	True
2026-05-26 18:57:45,385 - INFO - future_decoder.blocks.1.temporal_attention.value_projection.weight	torch.Size([96, 96])	cuda:0	True
2026-05-26 18:57:45,385 - INFO - future_decoder.blocks.1.temporal_attention.value_projection.bias	torch.Size([96])	cuda:0	True
2026-05-26 18:57:45,385 - INFO - future_decoder.blocks.1.temporal_attention.output_projection.weight	torch.Size([96, 96])	cuda:0	True
2026-05-26 18:57:45,385 - INFO - future_decoder.blocks.1.temporal_attention.output_projection.bias	torch.Size([96])	cuda:0	True
2026-05-26 18:57:45,385 - INFO - future_decoder.blocks.1.graph_convolution.projections.0.weight	torch.Size([96, 96])	cuda:0	True
2026-05-26 18:57:45,385 - INFO - future_decoder.blocks.1.graph_convolution.projections.0.bias	torch.Size([96])	cuda:0	True
2026-05-26 18:57:45,385 - INFO - future_decoder.blocks.1.graph_convolution.projections.1.weight	torch.Size([96, 96])	cuda:0	True
2026-05-26 18:57:45,385 - INFO - future_decoder.blocks.1.graph_convolution.projections.1.bias	torch.Size([96])	cuda:0	True
2026-05-26 18:57:45,385 - INFO - future_decoder.blocks.1.graph_convolution.projections.2.weight	torch.Size([96, 96])	cuda:0	True
2026-05-26 18:57:45,385 - INFO - future_decoder.blocks.1.graph_convolution.projections.2.bias	torch.Size([96])	cuda:0	True
2026-05-26 18:57:45,385 - INFO - future_decoder.blocks.1.cross_attention.query_projection.weight	torch.Size([96, 96])	cuda:0	True
2026-05-26 18:57:45,385 - INFO - future_decoder.blocks.1.cross_attention.query_projection.bias	torch.Size([96])	cuda:0	True
2026-05-26 18:57:45,385 - INFO - future_decoder.blocks.1.cross_attention.key_projection.weight	torch.Size([96, 96])	cuda:0	True
2026-05-26 18:57:45,385 - INFO - future_decoder.blocks.1.cross_attention.key_projection.bias	torch.Size([96])	cuda:0	True
2026-05-26 18:57:45,385 - INFO - future_decoder.blocks.1.cross_attention.value_projection.weight	torch.Size([96, 96])	cuda:0	True
2026-05-26 18:57:45,385 - INFO - future_decoder.blocks.1.cross_attention.value_projection.bias	torch.Size([96])	cuda:0	True
2026-05-26 18:57:45,385 - INFO - future_decoder.blocks.1.cross_attention.output_projection.weight	torch.Size([96, 96])	cuda:0	True
2026-05-26 18:57:45,385 - INFO - future_decoder.blocks.1.cross_attention.output_projection.bias	torch.Size([96])	cuda:0	True
2026-05-26 18:57:45,385 - INFO - future_decoder.blocks.1.feed_forward.network.0.weight	torch.Size([128, 96])	cuda:0	True
2026-05-26 18:57:45,385 - INFO - future_decoder.blocks.1.feed_forward.network.0.bias	torch.Size([128])	cuda:0	True
2026-05-26 18:57:45,385 - INFO - future_decoder.blocks.1.feed_forward.network.3.weight	torch.Size([96, 128])	cuda:0	True
2026-05-26 18:57:45,385 - INFO - future_decoder.blocks.1.feed_forward.network.3.bias	torch.Size([96])	cuda:0	True
2026-05-26 18:57:45,385 - INFO - future_decoder.blocks.1.norm_temporal.weight	torch.Size([96])	cuda:0	True
2026-05-26 18:57:45,385 - INFO - future_decoder.blocks.1.norm_temporal.bias	torch.Size([96])	cuda:0	True
2026-05-26 18:57:45,385 - INFO - future_decoder.blocks.1.norm_graph.weight	torch.Size([96])	cuda:0	True
2026-05-26 18:57:45,385 - INFO - future_decoder.blocks.1.norm_graph.bias	torch.Size([96])	cuda:0	True
2026-05-26 18:57:45,385 - INFO - future_decoder.blocks.1.norm_cross.weight	torch.Size([96])	cuda:0	True
2026-05-26 18:57:45,385 - INFO - future_decoder.blocks.1.norm_cross.bias	torch.Size([96])	cuda:0	True
2026-05-26 18:57:45,385 - INFO - future_decoder.blocks.1.norm_ffn.weight	torch.Size([96])	cuda:0	True
2026-05-26 18:57:45,385 - INFO - future_decoder.blocks.1.norm_ffn.bias	torch.Size([96])	cuda:0	True
2026-05-26 18:57:45,385 - INFO - future_decoder.blocks.1.cell_attention.centers	torch.Size([8, 96])	cuda:0	True
2026-05-26 18:57:45,385 - INFO - future_decoder.blocks.1.cell_attention.log_sigma_sq	torch.Size([1])	cuda:0	True
2026-05-26 18:57:45,385 - INFO - future_decoder.blocks.1.cell_attention.cell_blend	torch.Size([])	cuda:0	True
2026-05-26 18:57:45,385 - INFO - future_decoder.blocks.1.cell_attention.band_center	torch.Size([])	cuda:0	True
2026-05-26 18:57:45,385 - INFO - future_decoder.blocks.1.cell_attention.band_width_raw	torch.Size([])	cuda:0	True
2026-05-26 18:57:45,385 - INFO - future_decoder.blocks.1.cell_attention.cell_transform.weight	torch.Size([96, 96])	cuda:0	True
2026-05-26 18:57:45,385 - INFO - future_decoder.blocks.1.cell_attention.cell_transform.bias	torch.Size([96])	cuda:0	True
2026-05-26 18:57:45,385 - INFO - future_decoder.blocks.1.cell_attention.output_projection.weight	torch.Size([96, 96])	cuda:0	True
2026-05-26 18:57:45,386 - INFO - future_decoder.blocks.1.cell_attention.output_projection.bias	torch.Size([96])	cuda:0	True
2026-05-26 18:57:45,386 - INFO - future_decoder.blocks.1.cell_attention.region_transformer.self_attn.query_projection.weight	torch.Size([96, 96])	cuda:0	True
2026-05-26 18:57:45,386 - INFO - future_decoder.blocks.1.cell_attention.region_transformer.self_attn.query_projection.bias	torch.Size([96])	cuda:0	True
2026-05-26 18:57:45,386 - INFO - future_decoder.blocks.1.cell_attention.region_transformer.self_attn.key_projection.weight	torch.Size([96, 96])	cuda:0	True
2026-05-26 18:57:45,386 - INFO - future_decoder.blocks.1.cell_attention.region_transformer.self_attn.key_projection.bias	torch.Size([96])	cuda:0	True
2026-05-26 18:57:45,386 - INFO - future_decoder.blocks.1.cell_attention.region_transformer.self_attn.value_projection.weight	torch.Size([96, 96])	cuda:0	True
2026-05-26 18:57:45,386 - INFO - future_decoder.blocks.1.cell_attention.region_transformer.self_attn.value_projection.bias	torch.Size([96])	cuda:0	True
2026-05-26 18:57:45,386 - INFO - future_decoder.blocks.1.cell_attention.region_transformer.self_attn.output_projection.weight	torch.Size([96, 96])	cuda:0	True
2026-05-26 18:57:45,386 - INFO - future_decoder.blocks.1.cell_attention.region_transformer.self_attn.output_projection.bias	torch.Size([96])	cuda:0	True
2026-05-26 18:57:45,386 - INFO - future_decoder.blocks.1.cell_attention.region_transformer.ffn.network.0.weight	torch.Size([192, 96])	cuda:0	True
2026-05-26 18:57:45,386 - INFO - future_decoder.blocks.1.cell_attention.region_transformer.ffn.network.0.bias	torch.Size([192])	cuda:0	True
2026-05-26 18:57:45,386 - INFO - future_decoder.blocks.1.cell_attention.region_transformer.ffn.network.3.weight	torch.Size([96, 192])	cuda:0	True
2026-05-26 18:57:45,386 - INFO - future_decoder.blocks.1.cell_attention.region_transformer.ffn.network.3.bias	torch.Size([96])	cuda:0	True
2026-05-26 18:57:45,386 - INFO - future_decoder.blocks.1.cell_attention.region_transformer.norm1.weight	torch.Size([96])	cuda:0	True
2026-05-26 18:57:45,386 - INFO - future_decoder.blocks.1.cell_attention.region_transformer.norm1.bias	torch.Size([96])	cuda:0	True
2026-05-26 18:57:45,386 - INFO - future_decoder.blocks.1.cell_attention.region_transformer.norm2.weight	torch.Size([96])	cuda:0	True
2026-05-26 18:57:45,386 - INFO - future_decoder.blocks.1.cell_attention.region_transformer.norm2.bias	torch.Size([96])	cuda:0	True
2026-05-26 18:57:45,386 - INFO - future_decoder.blocks.1.cell_attention.fuzzy_to_cell.weight	torch.Size([8, 4])	cuda:0	True
2026-05-26 18:57:45,386 - INFO - future_decoder.blocks.1.cell_attention.fuzzy_to_cell.bias	torch.Size([8])	cuda:0	True
2026-05-26 18:57:45,386 - INFO - future_decoder.blocks.1.norm_cell.weight	torch.Size([96])	cuda:0	True
2026-05-26 18:57:45,386 - INFO - future_decoder.blocks.1.norm_cell.bias	torch.Size([96])	cuda:0	True
2026-05-26 18:57:45,386 - INFO - future_decoder.final_norm.weight	torch.Size([96])	cuda:0	True
2026-05-26 18:57:45,386 - INFO - future_decoder.final_norm.bias	torch.Size([96])	cuda:0	True
2026-05-26 18:57:45,386 - INFO - future_decoder.output_projection.weight	torch.Size([3, 96])	cuda:0	True
2026-05-26 18:57:45,386 - INFO - future_decoder.output_projection.bias	torch.Size([3])	cuda:0	True
2026-05-26 18:57:45,386 - INFO - Total parameter numbers: 1177492
2026-05-26 18:57:45,387 - INFO - Enable AMP training (dtype=float16).
2026-05-26 18:57:45,387 - INFO - You select `adamw` optimizer.
2026-05-26 18:57:46,127 - INFO - You select `reducelronplateau` lr_scheduler.
2026-05-26 18:57:46,127 - WARNING - Received none train loss func and will use the loss func defined in the model.
2026-05-26 18:57:46,128 - INFO - Start training ...
2026-05-26 18:57:46,128 - INFO - num_batches:161
2026-05-26 18:58:07,054 - INFO - epoch complete!
2026-05-26 18:58:07,054 - INFO - evaluating now!
2026-05-26 18:58:09,184 - INFO - Epoch [0/50] train_loss: 0.3110, val_loss: 0.2623, lr: 0.000500, 23.06s
2026-05-26 18:58:09,246 - INFO - Saved model at 0
2026-05-26 18:58:09,247 - INFO - Val loss decrease from inf to 0.2623, saving to /home/lizhuoxuan/lzq/Bigscity-LibCity-master/outputs/20260526_185734__traffic_state_pred__final_new__PEMSD4/model_cache/final_new_PEMSD4_epoch0.tar
2026-05-26 18:58:29,707 - INFO - epoch complete!
2026-05-26 18:58:29,707 - INFO - evaluating now!
2026-05-26 18:58:31,840 - INFO - Epoch [1/50] train_loss: 0.2327, val_loss: 0.2310, lr: 0.000500, 22.59s
2026-05-26 18:58:31,904 - INFO - Saved model at 1
2026-05-26 18:58:31,904 - INFO - Val loss decrease from 0.2623 to 0.2310, saving to /home/lizhuoxuan/lzq/Bigscity-LibCity-master/outputs/20260526_185734__traffic_state_pred__final_new__PEMSD4/model_cache/final_new_PEMSD4_epoch1.tar
2026-05-26 18:58:52,288 - INFO - epoch complete!
2026-05-26 18:58:52,288 - INFO - evaluating now!
2026-05-26 18:58:54,417 - INFO - Epoch [2/50] train_loss: 0.1942, val_loss: 0.1759, lr: 0.000500, 22.51s
2026-05-26 18:58:54,479 - INFO - Saved model at 2
2026-05-26 18:58:54,479 - INFO - Val loss decrease from 0.2310 to 0.1759, saving to /home/lizhuoxuan/lzq/Bigscity-LibCity-master/outputs/20260526_185734__traffic_state_pred__final_new__PEMSD4/model_cache/final_new_PEMSD4_epoch2.tar
2026-05-26 18:59:14,850 - INFO - epoch complete!
2026-05-26 18:59:14,851 - INFO - evaluating now!
2026-05-26 18:59:16,977 - INFO - Epoch [3/50] train_loss: 0.1380, val_loss: 0.1347, lr: 0.000500, 22.50s
2026-05-26 18:59:17,039 - INFO - Saved model at 3
2026-05-26 18:59:17,039 - INFO - Val loss decrease from 0.1759 to 0.1347, saving to /home/lizhuoxuan/lzq/Bigscity-LibCity-master/outputs/20260526_185734__traffic_state_pred__final_new__PEMSD4/model_cache/final_new_PEMSD4_epoch3.tar
2026-05-26 18:59:37,436 - INFO - epoch complete!
2026-05-26 18:59:37,436 - INFO - evaluating now!
2026-05-26 18:59:39,568 - INFO - Epoch [4/50] train_loss: 0.1132, val_loss: 0.1053, lr: 0.000500, 22.53s
2026-05-26 18:59:39,630 - INFO - Saved model at 4
2026-05-26 18:59:39,630 - INFO - Val loss decrease from 0.1347 to 0.1053, saving to /home/lizhuoxuan/lzq/Bigscity-LibCity-master/outputs/20260526_185734__traffic_state_pred__final_new__PEMSD4/model_cache/final_new_PEMSD4_epoch4.tar
2026-05-26 19:00:00,011 - INFO - epoch complete!
2026-05-26 19:00:00,011 - INFO - evaluating now!
2026-05-26 19:00:02,141 - INFO - Epoch [5/50] train_loss: 0.1038, val_loss: 0.1181, lr: 0.000500, 22.51s
2026-05-26 19:00:22,529 - INFO - epoch complete!
2026-05-26 19:00:22,530 - INFO - evaluating now!
2026-05-26 19:00:24,661 - INFO - Epoch [6/50] train_loss: 0.0970, val_loss: 0.0904, lr: 0.000500, 22.52s
2026-05-26 19:00:24,723 - INFO - Saved model at 6
2026-05-26 19:00:24,723 - INFO - Val loss decrease from 0.1053 to 0.0904, saving to /home/lizhuoxuan/lzq/Bigscity-LibCity-master/outputs/20260526_185734__traffic_state_pred__final_new__PEMSD4/model_cache/final_new_PEMSD4_epoch6.tar
2026-05-26 19:00:45,117 - INFO - epoch complete!
2026-05-26 19:00:45,118 - INFO - evaluating now!
2026-05-26 19:00:47,250 - INFO - Epoch [7/50] train_loss: 0.0919, val_loss: 0.1003, lr: 0.000500, 22.53s
2026-05-26 19:01:07,560 - INFO - epoch complete!
2026-05-26 19:01:07,561 - INFO - evaluating now!
2026-05-26 19:01:09,688 - INFO - Epoch [8/50] train_loss: 0.0907, val_loss: 0.0854, lr: 0.000500, 22.44s
2026-05-26 19:01:09,751 - INFO - Saved model at 8
2026-05-26 19:01:09,751 - INFO - Val loss decrease from 0.0904 to 0.0854, saving to /home/lizhuoxuan/lzq/Bigscity-LibCity-master/outputs/20260526_185734__traffic_state_pred__final_new__PEMSD4/model_cache/final_new_PEMSD4_epoch8.tar
2026-05-26 19:01:30,046 - INFO - epoch complete!
2026-05-26 19:01:30,046 - INFO - evaluating now!
2026-05-26 19:01:32,175 - INFO - Epoch [9/50] train_loss: 0.0886, val_loss: 0.0997, lr: 0.000500, 22.42s
2026-05-26 19:01:52,657 - INFO - epoch complete!
2026-05-26 19:01:52,657 - INFO - evaluating now!
2026-05-26 19:01:54,789 - INFO - Epoch [10/50] train_loss: 0.0893, val_loss: 0.0943, lr: 0.000500, 22.61s
2026-05-26 19:02:15,187 - INFO - epoch complete!
2026-05-26 19:02:15,187 - INFO - evaluating now!
2026-05-26 19:02:17,319 - INFO - Epoch [11/50] train_loss: 0.0883, val_loss: 0.0943, lr: 0.000500, 22.53s
2026-05-26 19:02:37,721 - INFO - epoch complete!
2026-05-26 19:02:37,722 - INFO - evaluating now!
2026-05-26 19:02:39,856 - INFO - Epoch [12/50] train_loss: 0.0848, val_loss: 0.0979, lr: 0.000500, 22.54s
2026-05-26 19:03:00,251 - INFO - epoch complete!
2026-05-26 19:03:00,251 - INFO - evaluating now!
2026-05-26 19:03:02,383 - INFO - Epoch [13/50] train_loss: 0.0861, val_loss: 0.0912, lr: 0.000500, 22.53s
2026-05-26 19:03:22,765 - INFO - epoch complete!
2026-05-26 19:03:22,765 - INFO - evaluating now!
2026-05-26 19:03:24,897 - INFO - Epoch [14/50] train_loss: 0.0844, val_loss: 0.0939, lr: 0.000250, 22.51s
2026-05-26 19:03:45,278 - INFO - epoch complete!
2026-05-26 19:03:45,278 - INFO - evaluating now!
2026-05-26 19:03:47,418 - INFO - Epoch [15/50] train_loss: 0.0817, val_loss: 0.0819, lr: 0.000250, 22.52s
2026-05-26 19:03:47,480 - INFO - Saved model at 15
2026-05-26 19:03:47,481 - INFO - Val loss decrease from 0.0854 to 0.0819, saving to /home/lizhuoxuan/lzq/Bigscity-LibCity-master/outputs/20260526_185734__traffic_state_pred__final_new__PEMSD4/model_cache/final_new_PEMSD4_epoch15.tar
2026-05-26 19:04:07,892 - INFO - epoch complete!
2026-05-26 19:04:07,893 - INFO - evaluating now!
2026-05-26 19:04:10,032 - INFO - Epoch [16/50] train_loss: 0.0815, val_loss: 0.0857, lr: 0.000250, 22.55s
2026-05-26 19:04:30,443 - INFO - epoch complete!
2026-05-26 19:04:30,443 - INFO - evaluating now!
2026-05-26 19:04:32,583 - INFO - Epoch [17/50] train_loss: 0.0806, val_loss: 0.0818, lr: 0.000250, 22.55s
2026-05-26 19:04:32,646 - INFO - Saved model at 17
2026-05-26 19:04:32,646 - INFO - Val loss decrease from 0.0819 to 0.0818, saving to /home/lizhuoxuan/lzq/Bigscity-LibCity-master/outputs/20260526_185734__traffic_state_pred__final_new__PEMSD4/model_cache/final_new_PEMSD4_epoch17.tar
2026-05-26 19:04:53,059 - INFO - epoch complete!
2026-05-26 19:04:53,059 - INFO - evaluating now!
2026-05-26 19:04:55,196 - INFO - Epoch [18/50] train_loss: 0.0801, val_loss: 0.0812, lr: 0.000250, 22.55s
2026-05-26 19:04:55,258 - INFO - Saved model at 18
2026-05-26 19:04:55,259 - INFO - Val loss decrease from 0.0818 to 0.0812, saving to /home/lizhuoxuan/lzq/Bigscity-LibCity-master/outputs/20260526_185734__traffic_state_pred__final_new__PEMSD4/model_cache/final_new_PEMSD4_epoch18.tar
2026-05-26 19:05:15,671 - INFO - epoch complete!
2026-05-26 19:05:15,671 - INFO - evaluating now!
2026-05-26 19:05:17,812 - INFO - Epoch [19/50] train_loss: 0.0801, val_loss: 0.0840, lr: 0.000250, 22.55s
2026-05-26 19:05:38,235 - INFO - epoch complete!
2026-05-26 19:05:38,236 - INFO - evaluating now!
2026-05-26 19:05:40,384 - INFO - Epoch [20/50] train_loss: 0.0797, val_loss: 0.0795, lr: 0.000250, 22.57s
2026-05-26 19:05:40,452 - INFO - Saved model at 20
2026-05-26 19:05:40,452 - INFO - Val loss decrease from 0.0812 to 0.0795, saving to /home/lizhuoxuan/lzq/Bigscity-LibCity-master/outputs/20260526_185734__traffic_state_pred__final_new__PEMSD4/model_cache/final_new_PEMSD4_epoch20.tar
2026-05-26 19:06:01,015 - INFO - epoch complete!
2026-05-26 19:06:01,015 - INFO - evaluating now!
2026-05-26 19:06:03,161 - INFO - Epoch [21/50] train_loss: 0.0792, val_loss: 0.0832, lr: 0.000250, 22.71s
2026-05-26 19:06:23,584 - INFO - epoch complete!
2026-05-26 19:06:23,584 - INFO - evaluating now!
2026-05-26 19:06:25,737 - INFO - Epoch [22/50] train_loss: 0.0793, val_loss: 0.0799, lr: 0.000250, 22.58s
2026-05-26 19:06:46,312 - INFO - epoch complete!
2026-05-26 19:06:46,313 - INFO - evaluating now!
2026-05-26 19:06:48,462 - INFO - Epoch [23/50] train_loss: 0.0793, val_loss: 0.0810, lr: 0.000250, 22.72s
2026-05-26 19:07:08,877 - INFO - epoch complete!
2026-05-26 19:07:08,877 - INFO - evaluating now!
2026-05-26 19:07:11,022 - INFO - Epoch [24/50] train_loss: 0.0793, val_loss: 0.0771, lr: 0.000250, 22.56s
2026-05-26 19:07:11,085 - INFO - Saved model at 24
2026-05-26 19:07:11,085 - INFO - Val loss decrease from 0.0795 to 0.0771, saving to /home/lizhuoxuan/lzq/Bigscity-LibCity-master/outputs/20260526_185734__traffic_state_pred__final_new__PEMSD4/model_cache/final_new_PEMSD4_epoch24.tar
2026-05-26 19:07:31,491 - INFO - epoch complete!
2026-05-26 19:07:31,491 - INFO - evaluating now!
2026-05-26 19:07:33,630 - INFO - Epoch [25/50] train_loss: 0.0786, val_loss: 0.0801, lr: 0.000250, 22.54s
2026-05-26 19:07:54,044 - INFO - epoch complete!
2026-05-26 19:07:54,044 - INFO - evaluating now!
2026-05-26 19:07:56,192 - INFO - Epoch [26/50] train_loss: 0.0790, val_loss: 0.0834, lr: 0.000250, 22.56s
2026-05-26 19:08:16,603 - INFO - epoch complete!
2026-05-26 19:08:16,603 - INFO - evaluating now!
2026-05-26 19:08:18,754 - INFO - Epoch [27/50] train_loss: 0.0790, val_loss: 0.0892, lr: 0.000250, 22.56s
2026-05-26 19:08:39,160 - INFO - epoch complete!
2026-05-26 19:08:39,160 - INFO - evaluating now!
2026-05-26 19:08:41,307 - INFO - Epoch [28/50] train_loss: 0.0779, val_loss: 0.0824, lr: 0.000250, 22.55s
2026-05-26 19:09:01,723 - INFO - epoch complete!
2026-05-26 19:09:01,723 - INFO - evaluating now!
2026-05-26 19:09:03,874 - INFO - Epoch [29/50] train_loss: 0.0787, val_loss: 0.0798, lr: 0.000250, 22.57s
2026-05-26 19:09:24,290 - INFO - epoch complete!
2026-05-26 19:09:24,290 - INFO - evaluating now!
2026-05-26 19:09:26,440 - INFO - Epoch [30/50] train_loss: 0.0793, val_loss: 0.0883, lr: 0.000125, 22.57s
2026-05-26 19:09:46,992 - INFO - epoch complete!
2026-05-26 19:09:46,992 - INFO - evaluating now!
2026-05-26 19:09:49,135 - INFO - Epoch [31/50] train_loss: 0.0773, val_loss: 0.0775, lr: 0.000125, 22.69s
2026-05-26 19:10:09,550 - INFO - epoch complete!
2026-05-26 19:10:09,550 - INFO - evaluating now!
2026-05-26 19:10:11,701 - INFO - Epoch [32/50] train_loss: 0.0764, val_loss: 0.0779, lr: 0.000125, 22.57s
2026-05-26 19:10:32,220 - INFO - epoch complete!
2026-05-26 19:10:32,220 - INFO - evaluating now!
2026-05-26 19:10:34,362 - INFO - Epoch [33/50] train_loss: 0.0762, val_loss: 0.0765, lr: 0.000125, 22.66s
2026-05-26 19:10:34,423 - INFO - Saved model at 33
2026-05-26 19:10:34,423 - INFO - Val loss decrease from 0.0771 to 0.0765, saving to /home/lizhuoxuan/lzq/Bigscity-LibCity-master/outputs/20260526_185734__traffic_state_pred__final_new__PEMSD4/model_cache/final_new_PEMSD4_epoch33.tar
2026-05-26 19:10:54,883 - INFO - epoch complete!
2026-05-26 19:10:54,884 - INFO - evaluating now!
2026-05-26 19:10:57,021 - INFO - Epoch [34/50] train_loss: 0.0759, val_loss: 0.0789, lr: 0.000125, 22.60s
2026-05-26 19:11:17,384 - INFO - epoch complete!
2026-05-26 19:11:17,384 - INFO - evaluating now!
2026-05-26 19:11:19,529 - INFO - Epoch [35/50] train_loss: 0.0760, val_loss: 0.0828, lr: 0.000125, 22.51s
2026-05-26 19:11:39,906 - INFO - epoch complete!
2026-05-26 19:11:39,906 - INFO - evaluating now!
2026-05-26 19:11:42,063 - INFO - Epoch [36/50] train_loss: 0.0757, val_loss: 0.0774, lr: 0.000125, 22.53s
2026-05-26 19:12:02,521 - INFO - epoch complete!
2026-05-26 19:12:02,522 - INFO - evaluating now!
2026-05-26 19:12:04,674 - INFO - Epoch [37/50] train_loss: 0.0755, val_loss: 0.0773, lr: 0.000125, 22.61s
2026-05-26 19:12:25,078 - INFO - epoch complete!
2026-05-26 19:12:25,078 - INFO - evaluating now!
2026-05-26 19:12:27,230 - INFO - Epoch [38/50] train_loss: 0.0757, val_loss: 0.0795, lr: 0.000125, 22.56s
2026-05-26 19:12:47,725 - INFO - epoch complete!
2026-05-26 19:12:47,725 - INFO - evaluating now!
2026-05-26 19:12:49,878 - INFO - Epoch [39/50] train_loss: 0.0751, val_loss: 0.0785, lr: 0.000063, 22.65s
2026-05-26 19:13:10,289 - INFO - epoch complete!
2026-05-26 19:13:10,289 - INFO - evaluating now!
2026-05-26 19:13:12,445 - INFO - Epoch [40/50] train_loss: 0.0750, val_loss: 0.0771, lr: 0.000063, 22.57s
2026-05-26 19:13:32,858 - INFO - epoch complete!
2026-05-26 19:13:32,858 - INFO - evaluating now!
2026-05-26 19:13:35,022 - INFO - Epoch [41/50] train_loss: 0.0747, val_loss: 0.0769, lr: 0.000063, 22.58s
2026-05-26 19:13:55,407 - INFO - epoch complete!
2026-05-26 19:13:55,408 - INFO - evaluating now!
2026-05-26 19:13:57,552 - INFO - Epoch [42/50] train_loss: 0.0746, val_loss: 0.0761, lr: 0.000063, 22.53s
2026-05-26 19:13:57,614 - INFO - Saved model at 42
2026-05-26 19:13:57,614 - INFO - Val loss decrease from 0.0765 to 0.0761, saving to /home/lizhuoxuan/lzq/Bigscity-LibCity-master/outputs/20260526_185734__traffic_state_pred__final_new__PEMSD4/model_cache/final_new_PEMSD4_epoch42.tar
2026-05-26 19:14:18,009 - INFO - epoch complete!
2026-05-26 19:14:18,009 - INFO - evaluating now!
2026-05-26 19:14:20,158 - INFO - Epoch [43/50] train_loss: 0.0744, val_loss: 0.0759, lr: 0.000063, 22.54s
2026-05-26 19:14:20,220 - INFO - Saved model at 43
2026-05-26 19:14:20,220 - INFO - Val loss decrease from 0.0761 to 0.0759, saving to /home/lizhuoxuan/lzq/Bigscity-LibCity-master/outputs/20260526_185734__traffic_state_pred__final_new__PEMSD4/model_cache/final_new_PEMSD4_epoch43.tar
2026-05-26 19:14:40,614 - INFO - epoch complete!
2026-05-26 19:14:40,614 - INFO - evaluating now!
2026-05-26 19:14:42,760 - INFO - Epoch [44/50] train_loss: 0.0744, val_loss: 0.0771, lr: 0.000063, 22.54s
2026-05-26 19:15:03,157 - INFO - epoch complete!
2026-05-26 19:15:03,157 - INFO - evaluating now!
2026-05-26 19:15:05,309 - INFO - Epoch [45/50] train_loss: 0.0744, val_loss: 0.0764, lr: 0.000063, 22.55s
2026-05-26 19:15:25,695 - INFO - epoch complete!
2026-05-26 19:15:25,695 - INFO - evaluating now!
2026-05-26 19:15:27,842 - INFO - Epoch [46/50] train_loss: 0.0741, val_loss: 0.0789, lr: 0.000063, 22.53s
2026-05-26 19:15:48,369 - INFO - epoch complete!
2026-05-26 19:15:48,369 - INFO - evaluating now!
2026-05-26 19:15:50,524 - INFO - Epoch [47/50] train_loss: 0.0744, val_loss: 0.0772, lr: 0.000063, 22.68s
2026-05-26 19:16:10,953 - INFO - epoch complete!
2026-05-26 19:16:10,953 - INFO - evaluating now!
2026-05-26 19:16:13,097 - INFO - Epoch [48/50] train_loss: 0.0742, val_loss: 0.0757, lr: 0.000063, 22.57s
2026-05-26 19:16:13,160 - INFO - Saved model at 48
2026-05-26 19:16:13,160 - INFO - Val loss decrease from 0.0759 to 0.0757, saving to /home/lizhuoxuan/lzq/Bigscity-LibCity-master/outputs/20260526_185734__traffic_state_pred__final_new__PEMSD4/model_cache/final_new_PEMSD4_epoch48.tar
2026-05-26 19:16:33,695 - INFO - epoch complete!
2026-05-26 19:16:33,696 - INFO - evaluating now!
2026-05-26 19:16:35,857 - INFO - Epoch [49/50] train_loss: 0.0738, val_loss: 0.0764, lr: 0.000063, 22.70s
2026-05-26 19:16:35,857 - INFO - Trained totally 50 epochs, average train time is 20.431s, average eval time is 2.143s
2026-05-26 19:16:35,862 - INFO - Saved model at /home/lizhuoxuan/lzq/Bigscity-LibCity-master/outputs/20260526_185734__traffic_state_pred__final_new__PEMSD4/model_cache/final_new_PEMSD4.m
2026-05-26 19:16:35,913 - INFO - Start evaluating ...
2026-05-26 19:17:00,483 - INFO - Note that you select the single mode to evaluate!
2026-05-26 19:17:00,543 - INFO - Evaluate result is saved at /home/lizhuoxuan/lzq/Bigscity-LibCity-master/outputs/20260526_185734__traffic_state_pred__final_new__PEMSD4/evaluate_cache/2026_05_26_19_17_00_final_new_PEMSD4.csv
2026-05-26 19:17:00,558 - INFO - 
          MAE      MAPE         MSE  ...  masked_RMSE        R2      EVAR
1   11.345333  6.788890  539.573547  ...    23.197138  0.967194  0.967776
2   11.591971  6.748508  570.548096  ...    23.846222  0.965307  0.965878
3   11.767091  6.584943  594.438843  ...    24.336159  0.963863  0.964373
4   11.874905  6.303948  610.827942  ...    24.664892  0.962860  0.963305
5   12.029987  6.206367  631.346252  ...    25.075302  0.961611  0.962012
6   12.204453  6.173538  653.670715  ...    25.513300  0.960240  0.960597
7   12.406931  6.274487  680.216003  ...    26.029987  0.958621  0.958928
8   12.606941  6.312932  707.193542  ...    26.541725  0.956978  0.957244
9   12.745206  6.394571  730.273926  ...    26.969328  0.955578  0.955798
10  12.840820  6.398372  747.575500  ...    27.282957  0.954518  0.954684
11  13.043965  6.471159  776.935669  ...    27.814051  0.952730  0.952860
12  13.345276  6.500132  819.297791  ...    28.564657  0.950156  0.950265

[12 rows x 10 columns]
