2026-05-26 12:56:02,294 - INFO - Log directory: /home/lizhuoxuan/lzq/Bigscity-LibCity-master/outputs/20260526_125602__traffic_state_pred__new_fuzzy_cellattention__PEMSD4/logs
2026-05-26 12:56:02,294 - INFO - Begin artifact training pipeline, task=traffic_state_pred, model_name=new_fuzzy_cellattention, dataset_name=PEMSD4, exp_id=20260526_125602__traffic_state_pred__new_fuzzy_cellattention__PEMSD4
2026-05-26 12:56:02,294 - INFO - {'task': 'traffic_state_pred', 'model': 'new_fuzzy_cellattention', 'dataset': 'PEMSD4', 'saved_model': True, 'train': True, 'seed': 42, 'gpu': True, 'gpu_id': 0, 'train_rate': 0.6, 'eval_rate': 0.2, 'batch_size': 64, 'learning_rate': 0.0005, 'max_epoch': 10, 'dataset_class': 'TrafficStatePointDataset', 'executor': 'TrafficStateExecutor', 'evaluator': 'TrafficStateEvaluator', 'calculate_weight_adj': False, 'cell_blend_init': 0.3, 'conservation_loss_weight': 0.1, 'conservation_steps_per_epoch': 80, 'conservation_warmup_epochs': 5, 'data_col': ['traffic_flow', 'traffic_occupancy', 'traffic_speed'], 'data_files': ['PEMSD4'], 'decoder_layers': 2, 'device': device(type='cuda', index=0), 'disturb_rate': 0.5, 'dropout': 0.1, 'dyna': {'including_types': ['state'], 'state': {'entity_id': 'geo_id', 'traffic_flow': 'num', 'traffic_occupancy': 'num', 'traffic_speed': 'num'}}, 'encoder_layers': 2, 'eval_batch_size': 64, 'evaluator_mode': 'single', 'ffn_hidden_dim': 128, 'fuzzy_num_sets': 3, 'geo': {'including_types': ['Point'], 'Point': {}}, 'geo_file': 'PEMSD4', 'graph_k_hop': 2, 'hidden_dim': 64, 'init_weight_inf_or_zero': 'zero', 'is_distributed': False, 'metrics': ['MAE', 'MAPE', 'MSE', 'RMSE', 'masked_MAE', 'masked_MAPE', 'masked_MSE', 'masked_RMSE', 'R2', 'EVAR'], 'noise_SD': [10], 'noise_mean': [5], 'noise_type': 'gaussian', 'num_cells': 8, 'num_heads': 2, 'num_workers': 0, 'output_dim': 3, 'pad_with_last_sample': True, 'physics_channel_idx': 0, 'rank': 0, 'rel': {'including_types': ['geo'], 'geo': {'cost': 'num'}}, 'rel_file': 'PEMSD4', 'robustness_test': False, 'save_mode': ['csv'], 'scale_lr': False, 'set_weight_link_or_dist': 'link', 'time_intervals': 300, 'use_amp': True, 'use_cell_attention': False, 'use_fuzzy_conservation': True, 'use_fuzzy_graph': True, 'use_gradient_checkpointing': False, 'use_hollow_kernel': True, 'use_spatiotemporal_attention': True, 'use_temporal_position_embedding': True, 'weight_adj_epsilon': 0.1, 'weight_col': 'cost', 'world_size': 1, 'clip_grad_norm': True, 'epoch': 0, 'learner': 'adamw', 'load_best_epoch': True, 'log_every': 1, 'lr_decay': True, 'lr_decay_ratio': 0.5, 'lr_patience': 5, 'lr_scheduler': 'reducelronplateau', 'lr_threshold': 0.001, 'max_grad_norm': 3, 'patience': 30, 'train_loss': 'none', 'use_early_stop': True, 'weight_decay': 0.0001, 'data_version_id': 'dv_1779770376_856a4e70', 'input_window': 12, 'output_window': 12, 'scaler': 'standard', 'load_external': False, 'normal_external': False, 'add_time_in_day': True, 'add_day_in_week': True, 'cache_dataset': True, 'ext_scaler': 'none', 'exp_id': '20260526_125602__traffic_state_pred__new_fuzzy_cellattention__PEMSD4'}
2026-05-26 12:56:12,330 - INFO - NewFuzzyCellAttention(
  (fuzzy_graph): FuzzyRelationalGraphLearner(
    (raw_projection): Linear(in_features=3, out_features=64, bias=True)
    (feature_to_membership): Sequential(
      (0): Linear(in_features=64, out_features=32, bias=True)
      (1): GELU(approximate='none')
      (2): Linear(in_features=32, out_features=3, bias=True)
    )
  )
  (condition_encoder): STEncoder(
    (input_projection): Linear(in_features=3, out_features=64, bias=True)
    (blocks): ModuleList(
      (0-1): 2 x STEncoderBlock(
        (temporal_attention): MultiHeadAttention(
          (query_projection): Linear(in_features=64, out_features=64, bias=True)
          (key_projection): Linear(in_features=64, out_features=64, bias=True)
          (value_projection): Linear(in_features=64, out_features=64, bias=True)
          (output_projection): Linear(in_features=64, out_features=64, bias=True)
          (dropout): Dropout(p=0.1, inplace=False)
        )
        (graph_convolution): FuzzyGraphConvolution(
          (projections): ModuleList(
            (0-2): 3 x Linear(in_features=64, out_features=64, bias=True)
          )
        )
        (feed_forward): FeedForwardNetwork(
          (network): Sequential(
            (0): Linear(in_features=64, out_features=128, bias=True)
            (1): GELU(approximate='none')
            (2): Dropout(p=0.1, inplace=False)
            (3): Linear(in_features=128, out_features=64, bias=True)
            (4): Dropout(p=0.1, inplace=False)
          )
        )
        (norm_temporal): LayerNorm((64,), eps=1e-05, elementwise_affine=True)
        (norm_graph): LayerNorm((64,), eps=1e-05, elementwise_affine=True)
        (norm_ffn): LayerNorm((64,), eps=1e-05, elementwise_affine=True)
        (dropout): Dropout(p=0.1, inplace=False)
      )
    )
    (final_norm): LayerNorm((64,), eps=1e-05, elementwise_affine=True)
  )
  (future_decoder): FutureDecoder(
    (blocks): ModuleList(
      (0-1): 2 x DecoderBlock(
        (temporal_attention): MultiHeadAttention(
          (query_projection): Linear(in_features=64, out_features=64, bias=True)
          (key_projection): Linear(in_features=64, out_features=64, bias=True)
          (value_projection): Linear(in_features=64, out_features=64, bias=True)
          (output_projection): Linear(in_features=64, out_features=64, bias=True)
          (dropout): Dropout(p=0.1, inplace=False)
        )
        (graph_convolution): FuzzyGraphConvolution(
          (projections): ModuleList(
            (0-2): 3 x Linear(in_features=64, out_features=64, bias=True)
          )
        )
        (cross_attention): MultiHeadAttention(
          (query_projection): Linear(in_features=64, out_features=64, bias=True)
          (key_projection): Linear(in_features=64, out_features=64, bias=True)
          (value_projection): Linear(in_features=64, out_features=64, bias=True)
          (output_projection): Linear(in_features=64, out_features=64, bias=True)
          (dropout): Dropout(p=0.1, inplace=False)
        )
        (spatiotemporal_attention): MultiHeadAttention(
          (query_projection): Linear(in_features=64, out_features=64, bias=True)
          (key_projection): Linear(in_features=64, out_features=64, bias=True)
          (value_projection): Linear(in_features=64, out_features=64, bias=True)
          (output_projection): Linear(in_features=64, out_features=64, bias=True)
          (dropout): Dropout(p=0.1, inplace=False)
        )
        (feed_forward): FeedForwardNetwork(
          (network): Sequential(
            (0): Linear(in_features=64, out_features=128, bias=True)
            (1): GELU(approximate='none')
            (2): Dropout(p=0.1, inplace=False)
            (3): Linear(in_features=128, out_features=64, bias=True)
            (4): Dropout(p=0.1, inplace=False)
          )
        )
        (norm_temporal): LayerNorm((64,), eps=1e-05, elementwise_affine=True)
        (norm_graph): LayerNorm((64,), eps=1e-05, elementwise_affine=True)
        (norm_cross): LayerNorm((64,), eps=1e-05, elementwise_affine=True)
        (norm_spatiotemporal): LayerNorm((64,), eps=1e-05, elementwise_affine=True)
        (norm_ffn): LayerNorm((64,), eps=1e-05, elementwise_affine=True)
        (dropout): Dropout(p=0.1, inplace=False)
      )
    )
    (final_norm): LayerNorm((64,), eps=1e-05, elementwise_affine=True)
    (output_projection): Linear(in_features=64, out_features=3, bias=True)
  )
)
2026-05-26 12:56:12,331 - INFO - fuzzy_graph.base_memberships	torch.Size([307, 3])	cuda:0	True
2026-05-26 12:56:12,331 - INFO - fuzzy_graph.fuzzy_prototypes	torch.Size([3, 64])	cuda:0	True
2026-05-26 12:56:12,331 - INFO - fuzzy_graph.blend_logit	torch.Size([])	cuda:0	True
2026-05-26 12:56:12,331 - INFO - fuzzy_graph.raw_projection.weight	torch.Size([64, 3])	cuda:0	True
2026-05-26 12:56:12,331 - INFO - fuzzy_graph.raw_projection.bias	torch.Size([64])	cuda:0	True
2026-05-26 12:56:12,331 - INFO - fuzzy_graph.feature_to_membership.0.weight	torch.Size([32, 64])	cuda:0	True
2026-05-26 12:56:12,331 - INFO - fuzzy_graph.feature_to_membership.0.bias	torch.Size([32])	cuda:0	True
2026-05-26 12:56:12,331 - INFO - fuzzy_graph.feature_to_membership.2.weight	torch.Size([3, 32])	cuda:0	True
2026-05-26 12:56:12,331 - INFO - fuzzy_graph.feature_to_membership.2.bias	torch.Size([3])	cuda:0	True
2026-05-26 12:56:12,331 - INFO - condition_encoder.temporal_position_embedding	torch.Size([1, 12, 1, 64])	cuda:0	True
2026-05-26 12:56:12,331 - INFO - condition_encoder.input_projection.weight	torch.Size([64, 3])	cuda:0	True
2026-05-26 12:56:12,331 - INFO - condition_encoder.input_projection.bias	torch.Size([64])	cuda:0	True
2026-05-26 12:56:12,331 - INFO - condition_encoder.blocks.0.temporal_attention.query_projection.weight	torch.Size([64, 64])	cuda:0	True
2026-05-26 12:56:12,331 - INFO - condition_encoder.blocks.0.temporal_attention.query_projection.bias	torch.Size([64])	cuda:0	True
2026-05-26 12:56:12,331 - INFO - condition_encoder.blocks.0.temporal_attention.key_projection.weight	torch.Size([64, 64])	cuda:0	True
2026-05-26 12:56:12,332 - INFO - condition_encoder.blocks.0.temporal_attention.key_projection.bias	torch.Size([64])	cuda:0	True
2026-05-26 12:56:12,332 - INFO - condition_encoder.blocks.0.temporal_attention.value_projection.weight	torch.Size([64, 64])	cuda:0	True
2026-05-26 12:56:12,332 - INFO - condition_encoder.blocks.0.temporal_attention.value_projection.bias	torch.Size([64])	cuda:0	True
2026-05-26 12:56:12,332 - INFO - condition_encoder.blocks.0.temporal_attention.output_projection.weight	torch.Size([64, 64])	cuda:0	True
2026-05-26 12:56:12,332 - INFO - condition_encoder.blocks.0.temporal_attention.output_projection.bias	torch.Size([64])	cuda:0	True
2026-05-26 12:56:12,332 - INFO - condition_encoder.blocks.0.graph_convolution.projections.0.weight	torch.Size([64, 64])	cuda:0	True
2026-05-26 12:56:12,332 - INFO - condition_encoder.blocks.0.graph_convolution.projections.0.bias	torch.Size([64])	cuda:0	True
2026-05-26 12:56:12,332 - INFO - condition_encoder.blocks.0.graph_convolution.projections.1.weight	torch.Size([64, 64])	cuda:0	True
2026-05-26 12:56:12,332 - INFO - condition_encoder.blocks.0.graph_convolution.projections.1.bias	torch.Size([64])	cuda:0	True
2026-05-26 12:56:12,332 - INFO - condition_encoder.blocks.0.graph_convolution.projections.2.weight	torch.Size([64, 64])	cuda:0	True
2026-05-26 12:56:12,332 - INFO - condition_encoder.blocks.0.graph_convolution.projections.2.bias	torch.Size([64])	cuda:0	True
2026-05-26 12:56:12,332 - INFO - condition_encoder.blocks.0.feed_forward.network.0.weight	torch.Size([128, 64])	cuda:0	True
2026-05-26 12:56:12,332 - INFO - condition_encoder.blocks.0.feed_forward.network.0.bias	torch.Size([128])	cuda:0	True
2026-05-26 12:56:12,332 - INFO - condition_encoder.blocks.0.feed_forward.network.3.weight	torch.Size([64, 128])	cuda:0	True
2026-05-26 12:56:12,332 - INFO - condition_encoder.blocks.0.feed_forward.network.3.bias	torch.Size([64])	cuda:0	True
2026-05-26 12:56:12,332 - INFO - condition_encoder.blocks.0.norm_temporal.weight	torch.Size([64])	cuda:0	True
2026-05-26 12:56:12,332 - INFO - condition_encoder.blocks.0.norm_temporal.bias	torch.Size([64])	cuda:0	True
2026-05-26 12:56:12,332 - INFO - condition_encoder.blocks.0.norm_graph.weight	torch.Size([64])	cuda:0	True
2026-05-26 12:56:12,332 - INFO - condition_encoder.blocks.0.norm_graph.bias	torch.Size([64])	cuda:0	True
2026-05-26 12:56:12,332 - INFO - condition_encoder.blocks.0.norm_ffn.weight	torch.Size([64])	cuda:0	True
2026-05-26 12:56:12,332 - INFO - condition_encoder.blocks.0.norm_ffn.bias	torch.Size([64])	cuda:0	True
2026-05-26 12:56:12,332 - INFO - condition_encoder.blocks.1.temporal_attention.query_projection.weight	torch.Size([64, 64])	cuda:0	True
2026-05-26 12:56:12,332 - INFO - condition_encoder.blocks.1.temporal_attention.query_projection.bias	torch.Size([64])	cuda:0	True
2026-05-26 12:56:12,332 - INFO - condition_encoder.blocks.1.temporal_attention.key_projection.weight	torch.Size([64, 64])	cuda:0	True
2026-05-26 12:56:12,332 - INFO - condition_encoder.blocks.1.temporal_attention.key_projection.bias	torch.Size([64])	cuda:0	True
2026-05-26 12:56:12,332 - INFO - condition_encoder.blocks.1.temporal_attention.value_projection.weight	torch.Size([64, 64])	cuda:0	True
2026-05-26 12:56:12,332 - INFO - condition_encoder.blocks.1.temporal_attention.value_projection.bias	torch.Size([64])	cuda:0	True
2026-05-26 12:56:12,332 - INFO - condition_encoder.blocks.1.temporal_attention.output_projection.weight	torch.Size([64, 64])	cuda:0	True
2026-05-26 12:56:12,332 - INFO - condition_encoder.blocks.1.temporal_attention.output_projection.bias	torch.Size([64])	cuda:0	True
2026-05-26 12:56:12,332 - INFO - condition_encoder.blocks.1.graph_convolution.projections.0.weight	torch.Size([64, 64])	cuda:0	True
2026-05-26 12:56:12,332 - INFO - condition_encoder.blocks.1.graph_convolution.projections.0.bias	torch.Size([64])	cuda:0	True
2026-05-26 12:56:12,332 - INFO - condition_encoder.blocks.1.graph_convolution.projections.1.weight	torch.Size([64, 64])	cuda:0	True
2026-05-26 12:56:12,332 - INFO - condition_encoder.blocks.1.graph_convolution.projections.1.bias	torch.Size([64])	cuda:0	True
2026-05-26 12:56:12,332 - INFO - condition_encoder.blocks.1.graph_convolution.projections.2.weight	torch.Size([64, 64])	cuda:0	True
2026-05-26 12:56:12,332 - INFO - condition_encoder.blocks.1.graph_convolution.projections.2.bias	torch.Size([64])	cuda:0	True
2026-05-26 12:56:12,332 - INFO - condition_encoder.blocks.1.feed_forward.network.0.weight	torch.Size([128, 64])	cuda:0	True
2026-05-26 12:56:12,332 - INFO - condition_encoder.blocks.1.feed_forward.network.0.bias	torch.Size([128])	cuda:0	True
2026-05-26 12:56:12,332 - INFO - condition_encoder.blocks.1.feed_forward.network.3.weight	torch.Size([64, 128])	cuda:0	True
2026-05-26 12:56:12,332 - INFO - condition_encoder.blocks.1.feed_forward.network.3.bias	torch.Size([64])	cuda:0	True
2026-05-26 12:56:12,332 - INFO - condition_encoder.blocks.1.norm_temporal.weight	torch.Size([64])	cuda:0	True
2026-05-26 12:56:12,333 - INFO - condition_encoder.blocks.1.norm_temporal.bias	torch.Size([64])	cuda:0	True
2026-05-26 12:56:12,333 - INFO - condition_encoder.blocks.1.norm_graph.weight	torch.Size([64])	cuda:0	True
2026-05-26 12:56:12,333 - INFO - condition_encoder.blocks.1.norm_graph.bias	torch.Size([64])	cuda:0	True
2026-05-26 12:56:12,333 - INFO - condition_encoder.blocks.1.norm_ffn.weight	torch.Size([64])	cuda:0	True
2026-05-26 12:56:12,333 - INFO - condition_encoder.blocks.1.norm_ffn.bias	torch.Size([64])	cuda:0	True
2026-05-26 12:56:12,333 - INFO - condition_encoder.final_norm.weight	torch.Size([64])	cuda:0	True
2026-05-26 12:56:12,333 - INFO - condition_encoder.final_norm.bias	torch.Size([64])	cuda:0	True
2026-05-26 12:56:12,333 - INFO - future_decoder.future_queries	torch.Size([1, 12, 307, 64])	cuda:0	True
2026-05-26 12:56:12,333 - INFO - future_decoder.blocks.0.temporal_attention.query_projection.weight	torch.Size([64, 64])	cuda:0	True
2026-05-26 12:56:12,333 - INFO - future_decoder.blocks.0.temporal_attention.query_projection.bias	torch.Size([64])	cuda:0	True
2026-05-26 12:56:12,333 - INFO - future_decoder.blocks.0.temporal_attention.key_projection.weight	torch.Size([64, 64])	cuda:0	True
2026-05-26 12:56:12,333 - INFO - future_decoder.blocks.0.temporal_attention.key_projection.bias	torch.Size([64])	cuda:0	True
2026-05-26 12:56:12,333 - INFO - future_decoder.blocks.0.temporal_attention.value_projection.weight	torch.Size([64, 64])	cuda:0	True
2026-05-26 12:56:12,333 - INFO - future_decoder.blocks.0.temporal_attention.value_projection.bias	torch.Size([64])	cuda:0	True
2026-05-26 12:56:12,333 - INFO - future_decoder.blocks.0.temporal_attention.output_projection.weight	torch.Size([64, 64])	cuda:0	True
2026-05-26 12:56:12,333 - INFO - future_decoder.blocks.0.temporal_attention.output_projection.bias	torch.Size([64])	cuda:0	True
2026-05-26 12:56:12,333 - INFO - future_decoder.blocks.0.graph_convolution.projections.0.weight	torch.Size([64, 64])	cuda:0	True
2026-05-26 12:56:12,333 - INFO - future_decoder.blocks.0.graph_convolution.projections.0.bias	torch.Size([64])	cuda:0	True
2026-05-26 12:56:12,333 - INFO - future_decoder.blocks.0.graph_convolution.projections.1.weight	torch.Size([64, 64])	cuda:0	True
2026-05-26 12:56:12,333 - INFO - future_decoder.blocks.0.graph_convolution.projections.1.bias	torch.Size([64])	cuda:0	True
2026-05-26 12:56:12,333 - INFO - future_decoder.blocks.0.graph_convolution.projections.2.weight	torch.Size([64, 64])	cuda:0	True
2026-05-26 12:56:12,333 - INFO - future_decoder.blocks.0.graph_convolution.projections.2.bias	torch.Size([64])	cuda:0	True
2026-05-26 12:56:12,333 - INFO - future_decoder.blocks.0.cross_attention.query_projection.weight	torch.Size([64, 64])	cuda:0	True
2026-05-26 12:56:12,333 - INFO - future_decoder.blocks.0.cross_attention.query_projection.bias	torch.Size([64])	cuda:0	True
2026-05-26 12:56:12,333 - INFO - future_decoder.blocks.0.cross_attention.key_projection.weight	torch.Size([64, 64])	cuda:0	True
2026-05-26 12:56:12,333 - INFO - future_decoder.blocks.0.cross_attention.key_projection.bias	torch.Size([64])	cuda:0	True
2026-05-26 12:56:12,333 - INFO - future_decoder.blocks.0.cross_attention.value_projection.weight	torch.Size([64, 64])	cuda:0	True
2026-05-26 12:56:12,333 - INFO - future_decoder.blocks.0.cross_attention.value_projection.bias	torch.Size([64])	cuda:0	True
2026-05-26 12:56:12,333 - INFO - future_decoder.blocks.0.cross_attention.output_projection.weight	torch.Size([64, 64])	cuda:0	True
2026-05-26 12:56:12,333 - INFO - future_decoder.blocks.0.cross_attention.output_projection.bias	torch.Size([64])	cuda:0	True
2026-05-26 12:56:12,333 - INFO - future_decoder.blocks.0.spatiotemporal_attention.query_projection.weight	torch.Size([64, 64])	cuda:0	True
2026-05-26 12:56:12,333 - INFO - future_decoder.blocks.0.spatiotemporal_attention.query_projection.bias	torch.Size([64])	cuda:0	True
2026-05-26 12:56:12,333 - INFO - future_decoder.blocks.0.spatiotemporal_attention.key_projection.weight	torch.Size([64, 64])	cuda:0	True
2026-05-26 12:56:12,333 - INFO - future_decoder.blocks.0.spatiotemporal_attention.key_projection.bias	torch.Size([64])	cuda:0	True
2026-05-26 12:56:12,333 - INFO - future_decoder.blocks.0.spatiotemporal_attention.value_projection.weight	torch.Size([64, 64])	cuda:0	True
2026-05-26 12:56:12,333 - INFO - future_decoder.blocks.0.spatiotemporal_attention.value_projection.bias	torch.Size([64])	cuda:0	True
2026-05-26 12:56:12,333 - INFO - future_decoder.blocks.0.spatiotemporal_attention.output_projection.weight	torch.Size([64, 64])	cuda:0	True
2026-05-26 12:56:12,333 - INFO - future_decoder.blocks.0.spatiotemporal_attention.output_projection.bias	torch.Size([64])	cuda:0	True
2026-05-26 12:56:12,333 - INFO - future_decoder.blocks.0.feed_forward.network.0.weight	torch.Size([128, 64])	cuda:0	True
2026-05-26 12:56:12,333 - INFO - future_decoder.blocks.0.feed_forward.network.0.bias	torch.Size([128])	cuda:0	True
2026-05-26 12:56:12,334 - INFO - future_decoder.blocks.0.feed_forward.network.3.weight	torch.Size([64, 128])	cuda:0	True
2026-05-26 12:56:12,334 - INFO - future_decoder.blocks.0.feed_forward.network.3.bias	torch.Size([64])	cuda:0	True
2026-05-26 12:56:12,334 - INFO - future_decoder.blocks.0.norm_temporal.weight	torch.Size([64])	cuda:0	True
2026-05-26 12:56:12,334 - INFO - future_decoder.blocks.0.norm_temporal.bias	torch.Size([64])	cuda:0	True
2026-05-26 12:56:12,334 - INFO - future_decoder.blocks.0.norm_graph.weight	torch.Size([64])	cuda:0	True
2026-05-26 12:56:12,334 - INFO - future_decoder.blocks.0.norm_graph.bias	torch.Size([64])	cuda:0	True
2026-05-26 12:56:12,334 - INFO - future_decoder.blocks.0.norm_cross.weight	torch.Size([64])	cuda:0	True
2026-05-26 12:56:12,334 - INFO - future_decoder.blocks.0.norm_cross.bias	torch.Size([64])	cuda:0	True
2026-05-26 12:56:12,334 - INFO - future_decoder.blocks.0.norm_spatiotemporal.weight	torch.Size([64])	cuda:0	True
2026-05-26 12:56:12,334 - INFO - future_decoder.blocks.0.norm_spatiotemporal.bias	torch.Size([64])	cuda:0	True
2026-05-26 12:56:12,334 - INFO - future_decoder.blocks.0.norm_ffn.weight	torch.Size([64])	cuda:0	True
2026-05-26 12:56:12,334 - INFO - future_decoder.blocks.0.norm_ffn.bias	torch.Size([64])	cuda:0	True
2026-05-26 12:56:12,334 - INFO - future_decoder.blocks.1.temporal_attention.query_projection.weight	torch.Size([64, 64])	cuda:0	True
2026-05-26 12:56:12,334 - INFO - future_decoder.blocks.1.temporal_attention.query_projection.bias	torch.Size([64])	cuda:0	True
2026-05-26 12:56:12,334 - INFO - future_decoder.blocks.1.temporal_attention.key_projection.weight	torch.Size([64, 64])	cuda:0	True
2026-05-26 12:56:12,334 - INFO - future_decoder.blocks.1.temporal_attention.key_projection.bias	torch.Size([64])	cuda:0	True
2026-05-26 12:56:12,334 - INFO - future_decoder.blocks.1.temporal_attention.value_projection.weight	torch.Size([64, 64])	cuda:0	True
2026-05-26 12:56:12,334 - INFO - future_decoder.blocks.1.temporal_attention.value_projection.bias	torch.Size([64])	cuda:0	True
2026-05-26 12:56:12,334 - INFO - future_decoder.blocks.1.temporal_attention.output_projection.weight	torch.Size([64, 64])	cuda:0	True
2026-05-26 12:56:12,334 - INFO - future_decoder.blocks.1.temporal_attention.output_projection.bias	torch.Size([64])	cuda:0	True
2026-05-26 12:56:12,334 - INFO - future_decoder.blocks.1.graph_convolution.projections.0.weight	torch.Size([64, 64])	cuda:0	True
2026-05-26 12:56:12,334 - INFO - future_decoder.blocks.1.graph_convolution.projections.0.bias	torch.Size([64])	cuda:0	True
2026-05-26 12:56:12,334 - INFO - future_decoder.blocks.1.graph_convolution.projections.1.weight	torch.Size([64, 64])	cuda:0	True
2026-05-26 12:56:12,334 - INFO - future_decoder.blocks.1.graph_convolution.projections.1.bias	torch.Size([64])	cuda:0	True
2026-05-26 12:56:12,334 - INFO - future_decoder.blocks.1.graph_convolution.projections.2.weight	torch.Size([64, 64])	cuda:0	True
2026-05-26 12:56:12,334 - INFO - future_decoder.blocks.1.graph_convolution.projections.2.bias	torch.Size([64])	cuda:0	True
2026-05-26 12:56:12,334 - INFO - future_decoder.blocks.1.cross_attention.query_projection.weight	torch.Size([64, 64])	cuda:0	True
2026-05-26 12:56:12,334 - INFO - future_decoder.blocks.1.cross_attention.query_projection.bias	torch.Size([64])	cuda:0	True
2026-05-26 12:56:12,334 - INFO - future_decoder.blocks.1.cross_attention.key_projection.weight	torch.Size([64, 64])	cuda:0	True
2026-05-26 12:56:12,334 - INFO - future_decoder.blocks.1.cross_attention.key_projection.bias	torch.Size([64])	cuda:0	True
2026-05-26 12:56:12,334 - INFO - future_decoder.blocks.1.cross_attention.value_projection.weight	torch.Size([64, 64])	cuda:0	True
2026-05-26 12:56:12,334 - INFO - future_decoder.blocks.1.cross_attention.value_projection.bias	torch.Size([64])	cuda:0	True
2026-05-26 12:56:12,334 - INFO - future_decoder.blocks.1.cross_attention.output_projection.weight	torch.Size([64, 64])	cuda:0	True
2026-05-26 12:56:12,334 - INFO - future_decoder.blocks.1.cross_attention.output_projection.bias	torch.Size([64])	cuda:0	True
2026-05-26 12:56:12,334 - INFO - future_decoder.blocks.1.spatiotemporal_attention.query_projection.weight	torch.Size([64, 64])	cuda:0	True
2026-05-26 12:56:12,334 - INFO - future_decoder.blocks.1.spatiotemporal_attention.query_projection.bias	torch.Size([64])	cuda:0	True
2026-05-26 12:56:12,334 - INFO - future_decoder.blocks.1.spatiotemporal_attention.key_projection.weight	torch.Size([64, 64])	cuda:0	True
2026-05-26 12:56:12,334 - INFO - future_decoder.blocks.1.spatiotemporal_attention.key_projection.bias	torch.Size([64])	cuda:0	True
2026-05-26 12:56:12,334 - INFO - future_decoder.blocks.1.spatiotemporal_attention.value_projection.weight	torch.Size([64, 64])	cuda:0	True
2026-05-26 12:56:12,334 - INFO - future_decoder.blocks.1.spatiotemporal_attention.value_projection.bias	torch.Size([64])	cuda:0	True
2026-05-26 12:56:12,335 - INFO - future_decoder.blocks.1.spatiotemporal_attention.output_projection.weight	torch.Size([64, 64])	cuda:0	True
2026-05-26 12:56:12,335 - INFO - future_decoder.blocks.1.spatiotemporal_attention.output_projection.bias	torch.Size([64])	cuda:0	True
2026-05-26 12:56:12,335 - INFO - future_decoder.blocks.1.feed_forward.network.0.weight	torch.Size([128, 64])	cuda:0	True
2026-05-26 12:56:12,335 - INFO - future_decoder.blocks.1.feed_forward.network.0.bias	torch.Size([128])	cuda:0	True
2026-05-26 12:56:12,335 - INFO - future_decoder.blocks.1.feed_forward.network.3.weight	torch.Size([64, 128])	cuda:0	True
2026-05-26 12:56:12,335 - INFO - future_decoder.blocks.1.feed_forward.network.3.bias	torch.Size([64])	cuda:0	True
2026-05-26 12:56:12,335 - INFO - future_decoder.blocks.1.norm_temporal.weight	torch.Size([64])	cuda:0	True
2026-05-26 12:56:12,335 - INFO - future_decoder.blocks.1.norm_temporal.bias	torch.Size([64])	cuda:0	True
2026-05-26 12:56:12,335 - INFO - future_decoder.blocks.1.norm_graph.weight	torch.Size([64])	cuda:0	True
2026-05-26 12:56:12,335 - INFO - future_decoder.blocks.1.norm_graph.bias	torch.Size([64])	cuda:0	True
2026-05-26 12:56:12,335 - INFO - future_decoder.blocks.1.norm_cross.weight	torch.Size([64])	cuda:0	True
2026-05-26 12:56:12,335 - INFO - future_decoder.blocks.1.norm_cross.bias	torch.Size([64])	cuda:0	True
2026-05-26 12:56:12,335 - INFO - future_decoder.blocks.1.norm_spatiotemporal.weight	torch.Size([64])	cuda:0	True
2026-05-26 12:56:12,335 - INFO - future_decoder.blocks.1.norm_spatiotemporal.bias	torch.Size([64])	cuda:0	True
2026-05-26 12:56:12,335 - INFO - future_decoder.blocks.1.norm_ffn.weight	torch.Size([64])	cuda:0	True
2026-05-26 12:56:12,335 - INFO - future_decoder.blocks.1.norm_ffn.bias	torch.Size([64])	cuda:0	True
2026-05-26 12:56:12,335 - INFO - future_decoder.final_norm.weight	torch.Size([64])	cuda:0	True
2026-05-26 12:56:12,335 - INFO - future_decoder.final_norm.bias	torch.Size([64])	cuda:0	True
2026-05-26 12:56:12,335 - INFO - future_decoder.output_projection.weight	torch.Size([3, 64])	cuda:0	True
2026-05-26 12:56:12,335 - INFO - future_decoder.output_projection.bias	torch.Size([3])	cuda:0	True
2026-05-26 12:56:12,335 - INFO - Total parameter numbers: 492192
2026-05-26 12:56:12,335 - INFO - Enable AMP training (dtype=float16).
2026-05-26 12:56:12,335 - INFO - You select `adamw` optimizer.
2026-05-26 12:56:13,083 - INFO - You select `reducelronplateau` lr_scheduler.
2026-05-26 12:56:13,083 - WARNING - Received none train loss func and will use the loss func defined in the model.
2026-05-26 12:56:13,083 - INFO - Start training ...
2026-05-26 12:56:13,083 - INFO - num_batches:161
2026-05-26 12:56:32,024 - INFO - epoch complete!
2026-05-26 12:56:32,024 - INFO - evaluating now!
2026-05-26 12:56:33,689 - INFO - Epoch [0/10] train_loss: 0.2933, val_loss: 0.2638, lr: 0.000500, 20.61s
2026-05-26 12:56:33,734 - INFO - Saved model at 0
2026-05-26 12:56:33,734 - INFO - Val loss decrease from inf to 0.2638, saving to /home/lizhuoxuan/lzq/Bigscity-LibCity-master/outputs/20260526_125602__traffic_state_pred__new_fuzzy_cellattention__PEMSD4/model_cache/new_fuzzy_cellattention_PEMSD4_epoch0.tar
2026-05-26 12:56:52,257 - INFO - epoch complete!
2026-05-26 12:56:52,258 - INFO - evaluating now!
2026-05-26 12:56:53,977 - INFO - Epoch [1/10] train_loss: 0.2563, val_loss: 0.2587, lr: 0.000500, 20.24s
2026-05-26 12:56:54,007 - INFO - Saved model at 1
2026-05-26 12:56:54,008 - INFO - Val loss decrease from 0.2638 to 0.2587, saving to /home/lizhuoxuan/lzq/Bigscity-LibCity-master/outputs/20260526_125602__traffic_state_pred__new_fuzzy_cellattention__PEMSD4/model_cache/new_fuzzy_cellattention_PEMSD4_epoch1.tar
2026-05-26 12:57:12,359 - INFO - epoch complete!
2026-05-26 12:57:12,359 - INFO - evaluating now!
2026-05-26 12:57:14,024 - INFO - Epoch [2/10] train_loss: 0.2378, val_loss: 0.2232, lr: 0.000500, 20.02s
2026-05-26 12:57:14,057 - INFO - Saved model at 2
2026-05-26 12:57:14,057 - INFO - Val loss decrease from 0.2587 to 0.2232, saving to /home/lizhuoxuan/lzq/Bigscity-LibCity-master/outputs/20260526_125602__traffic_state_pred__new_fuzzy_cellattention__PEMSD4/model_cache/new_fuzzy_cellattention_PEMSD4_epoch2.tar
2026-05-26 12:57:32,583 - INFO - epoch complete!
2026-05-26 12:57:32,583 - INFO - evaluating now!
2026-05-26 12:57:34,256 - INFO - Epoch [3/10] train_loss: 0.1756, val_loss: 0.1616, lr: 0.000500, 20.20s
2026-05-26 12:57:34,288 - INFO - Saved model at 3
2026-05-26 12:57:34,288 - INFO - Val loss decrease from 0.2232 to 0.1616, saving to /home/lizhuoxuan/lzq/Bigscity-LibCity-master/outputs/20260526_125602__traffic_state_pred__new_fuzzy_cellattention__PEMSD4/model_cache/new_fuzzy_cellattention_PEMSD4_epoch3.tar
2026-05-26 12:57:52,600 - INFO - epoch complete!
2026-05-26 12:57:52,600 - INFO - evaluating now!
2026-05-26 12:57:54,321 - INFO - Epoch [4/10] train_loss: 0.1377, val_loss: 0.1163, lr: 0.000500, 20.03s
2026-05-26 12:57:54,355 - INFO - Saved model at 4
2026-05-26 12:57:54,356 - INFO - Val loss decrease from 0.1616 to 0.1163, saving to /home/lizhuoxuan/lzq/Bigscity-LibCity-master/outputs/20260526_125602__traffic_state_pred__new_fuzzy_cellattention__PEMSD4/model_cache/new_fuzzy_cellattention_PEMSD4_epoch4.tar
2026-05-26 12:58:12,919 - INFO - epoch complete!
2026-05-26 12:58:12,919 - INFO - evaluating now!
2026-05-26 12:58:14,594 - INFO - Epoch [5/10] train_loss: 0.1107, val_loss: 0.0989, lr: 0.000500, 20.24s
2026-05-26 12:58:14,627 - INFO - Saved model at 5
2026-05-26 12:58:14,628 - INFO - Val loss decrease from 0.1163 to 0.0989, saving to /home/lizhuoxuan/lzq/Bigscity-LibCity-master/outputs/20260526_125602__traffic_state_pred__new_fuzzy_cellattention__PEMSD4/model_cache/new_fuzzy_cellattention_PEMSD4_epoch5.tar
2026-05-26 12:58:33,033 - INFO - epoch complete!
2026-05-26 12:58:33,033 - INFO - evaluating now!
2026-05-26 12:58:34,711 - INFO - Epoch [6/10] train_loss: 0.0999, val_loss: 0.1071, lr: 0.000500, 20.08s
2026-05-26 12:58:53,144 - INFO - epoch complete!
2026-05-26 12:58:53,144 - INFO - evaluating now!
2026-05-26 12:58:54,822 - INFO - Epoch [7/10] train_loss: 0.0949, val_loss: 0.0880, lr: 0.000500, 20.11s
2026-05-26 12:58:54,853 - INFO - Saved model at 7
2026-05-26 12:58:54,854 - INFO - Val loss decrease from 0.0989 to 0.0880, saving to /home/lizhuoxuan/lzq/Bigscity-LibCity-master/outputs/20260526_125602__traffic_state_pred__new_fuzzy_cellattention__PEMSD4/model_cache/new_fuzzy_cellattention_PEMSD4_epoch7.tar
2026-05-26 12:59:13,286 - INFO - epoch complete!
2026-05-26 12:59:13,286 - INFO - evaluating now!
2026-05-26 12:59:14,967 - INFO - Epoch [8/10] train_loss: 0.0920, val_loss: 0.0871, lr: 0.000500, 20.11s
2026-05-26 12:59:14,997 - INFO - Saved model at 8
2026-05-26 12:59:14,997 - INFO - Val loss decrease from 0.0880 to 0.0871, saving to /home/lizhuoxuan/lzq/Bigscity-LibCity-master/outputs/20260526_125602__traffic_state_pred__new_fuzzy_cellattention__PEMSD4/model_cache/new_fuzzy_cellattention_PEMSD4_epoch8.tar
2026-05-26 12:59:33,427 - INFO - epoch complete!
2026-05-26 12:59:33,427 - INFO - evaluating now!
2026-05-26 12:59:35,207 - INFO - Epoch [9/10] train_loss: 0.0896, val_loss: 0.0854, lr: 0.000500, 20.21s
2026-05-26 12:59:35,255 - INFO - Saved model at 9
2026-05-26 12:59:35,255 - INFO - Val loss decrease from 0.0871 to 0.0854, saving to /home/lizhuoxuan/lzq/Bigscity-LibCity-master/outputs/20260526_125602__traffic_state_pred__new_fuzzy_cellattention__PEMSD4/model_cache/new_fuzzy_cellattention_PEMSD4_epoch9.tar
2026-05-26 12:59:35,255 - INFO - Trained totally 10 epochs, average train time is 18.491s, average eval time is 1.693s
2026-05-26 12:59:35,385 - INFO - Loaded model at 9
2026-05-26 12:59:35,385 - INFO - Saved model at /home/lizhuoxuan/lzq/Bigscity-LibCity-master/outputs/20260526_125602__traffic_state_pred__new_fuzzy_cellattention__PEMSD4/model_cache/new_fuzzy_cellattention_PEMSD4.m
2026-05-26 12:59:35,437 - INFO - Start evaluating ...
2026-05-26 13:00:00,440 - INFO - Note that you select the single mode to evaluate!
2026-05-26 13:00:00,444 - INFO - Evaluate result is saved at /home/lizhuoxuan/lzq/Bigscity-LibCity-master/outputs/20260526_125602__traffic_state_pred__new_fuzzy_cellattention__PEMSD4/evaluate_cache/2026_05_26_13_00_00_new_fuzzy_cellattention_PEMSD4.csv
2026-05-26 13:00:00,454 - INFO - 
          MAE      MAPE         MSE  ...  masked_RMSE        R2      EVAR
1    9.366671  3.552268  437.165039  ...    20.681385  0.973420  0.974209
2    9.511317  3.625648  456.873596  ...    21.142994  0.972219  0.972896
3    9.680706  3.680649  478.360199  ...    21.638435  0.970920  0.971490
4    9.842899  3.738760  498.460938  ...    22.092896  0.969692  0.970170
5   10.026646  3.698320  520.769043  ...    22.588713  0.968334  0.968767
6   10.229342  3.734922  545.319397  ...    23.121073  0.966830  0.967237
7   10.497413  3.668430  576.543274  ...    23.785402  0.964928  0.965334
8   10.760583  3.695105  608.072815  ...    24.434525  0.963008  0.963419
9   11.020967  3.728122  639.823547  ...    25.070683  0.961080  0.961506
10  11.271253  3.762136  671.355225  ...    25.686424  0.959155  0.959621
11  11.555340  3.841197  706.961914  ...    26.367207  0.956987  0.957484
12  11.898190  3.988380  751.740051  ...    27.201311  0.954266  0.954770

[12 rows x 10 columns]
