2026-05-28 11:28:02,562 - INFO - Log directory: /home/lizhuoxuan/lzq/Bigscity-LibCity-master/outputs/20260528_112802__traffic_state_pred__final_new__METR_LA/logs
2026-05-28 11:28:02,805 - INFO - Log directory: /home/lizhuoxuan/lzq/Bigscity-LibCity-master/outputs/20260528_112802__traffic_state_pred__final_new__METR_LA/logs
2026-05-28 11:28:02,805 - INFO - Begin artifact training pipeline, task=traffic_state_pred, model_name=final_new, dataset_name=METR_LA, exp_id=20260528_112802__traffic_state_pred__final_new__METR_LA
2026-05-28 11:28:02,805 - INFO - {'task': 'traffic_state_pred', 'model': 'final_new', 'dataset': 'METR_LA', 'saved_model': True, 'train': True, 'seed': 42, 'train_rate': 0.6, 'eval_rate': 0.2, 'batch_size': 64, 'learning_rate': 0.001, 'max_epoch': 10, 'dataset_class': 'TrafficStatePointDataset', 'executor': 'FinalNewExecutor', 'evaluator': 'TrafficStateEvaluator', 'band_center_init': 1.1, 'band_width_init': 0.7, 'calculate_weight_adj': True, 'cell_blend_init': 0, 'conservation_loss_weight': 0.1, 'conservation_steps_per_epoch': 80, 'conservation_warmup_epochs': 5, 'data_col': ['traffic_speed'], 'data_files': ['METR_LA'], 'decoder_layers': 2, 'device': device(type='cuda', index=0), 'disturb_rate': 0.5, 'dropout': 0.1, 'dyna': {'including_types': ['state'], 'state': {'entity_id': 'geo_id', 'traffic_speed': 'num'}}, 'encoder_layers': 2, 'eval_batch_size': 64, 'evaluator_mode': 'single', 'ffn_hidden_dim': 128, 'fir_mode': 'lukasiewicz', 'fuzzy_num_sets': 4, 'geo': {'including_types': ['Point'], 'Point': {}}, 'geo_file': 'METR_LA', 'graph_k_hop': 2, 'hidden_dim': 96, 'init_weight_inf_or_zero': 'inf', 'is_distributed': True, 'metrics': ['MAE', 'MAPE', 'MSE', 'RMSE', 'masked_MAE', 'masked_MAPE', 'masked_MSE', 'masked_RMSE', 'R2', 'EVAR'], 'noise_SD': [10], 'noise_mean': [5], 'noise_type': 'gaussian', 'num_cells': 8, 'num_heads': 2, 'num_workers': 0, 'output_dim': 1, 'pad_with_last_sample': True, 'physics_channel_idx': 0, 'rank': 0, 'region_transformer_layers': 1, 'rel': {'including_types': ['geo'], 'geo': {'cost': 'num'}}, 'rel_file': 'METR_LA', 'robustness_test': False, 'save_mode': ['csv'], 'set_weight_link_or_dist': 'dist', 'time_intervals': 300, 'use_amp': True, 'use_gradient_checkpointing': False, 'use_temporal_position_embedding': True, 'weight_adj_epsilon': 0.1, 'weight_col': 'cost', 'world_size': 2, 'clip_grad_norm': True, 'epoch': 0, 'gpu': True, 'gpu_id': 0, 'learner': 'adamw', 'load_best_epoch': True, 'log_every': 1, 'lr_decay': True, 'lr_decay_ratio': 0.5, 'lr_patience': 5, 'lr_scheduler': 'reducelronplateau', 'lr_threshold': 0.001, 'max_grad_norm': 3, 'patience': 10, 'train_loss': 'none', 'use_early_stop': True, 'weight_decay': 0.0001, 'data_version_id': 'dv_1779936936_bdc7dc37', 'input_window': 12, 'output_window': 12, 'scaler': 'standard', 'load_external': False, 'normal_external': False, 'add_time_in_day': True, 'add_day_in_week': True, 'cache_dataset': True, 'ext_scaler': 'none', 'local_rank': 0, 'dist_backend': 'nccl', 'exp_id': '20260528_112802__traffic_state_pred__final_new__METR_LA'}
2026-05-28 11:28:22,149 - INFO - Enable AMP training (dtype=float16).
2026-05-28 11:28:22,149 - INFO - You select `adamw` optimizer.
2026-05-28 11:28:22,150 - INFO - You select `reducelronplateau` lr_scheduler.
2026-05-28 11:28:22,150 - WARNING - Received none train loss func and will use the loss func defined in the model.
2026-05-28 11:28:22,151 - INFO - DistributedDataParallel(
  (module): NewFuzzyCellAttention(
    (fuzzy_graph): FuzzyRelationalGraphLearner(
      (raw_projection): Linear(in_features=9, out_features=96, bias=True)
      (feature_to_membership): Sequential(
        (0): Linear(in_features=96, out_features=48, bias=True)
        (1): GELU(approximate='none')
        (2): Linear(in_features=48, out_features=4, bias=True)
      )
    )
    (condition_encoder): STEncoder(
      (input_projection): Linear(in_features=9, out_features=96, bias=True)
      (blocks): ModuleList(
        (0-1): 2 x STEncoderBlock(
          (temporal_attention): MultiHeadAttention(
            (query_projection): Linear(in_features=96, out_features=96, bias=True)
            (key_projection): Linear(in_features=96, out_features=96, bias=True)
            (value_projection): Linear(in_features=96, out_features=96, bias=True)
            (output_projection): Linear(in_features=96, out_features=96, bias=True)
            (dropout): Dropout(p=0.1, inplace=False)
          )
          (graph_convolution): FuzzyGraphConvolution(
            (projections): ModuleList(
              (0-2): 3 x Linear(in_features=96, out_features=96, bias=True)
            )
          )
          (feed_forward): FeedForwardNetwork(
            (network): Sequential(
              (0): Linear(in_features=96, out_features=128, bias=True)
              (1): GELU(approximate='none')
              (2): Dropout(p=0.1, inplace=False)
              (3): Linear(in_features=128, out_features=96, bias=True)
              (4): Dropout(p=0.1, inplace=False)
            )
          )
          (norm_temporal): LayerNorm((96,), eps=1e-05, elementwise_affine=True)
          (norm_graph): LayerNorm((96,), eps=1e-05, elementwise_affine=True)
          (norm_ffn): LayerNorm((96,), eps=1e-05, elementwise_affine=True)
          (dropout): Dropout(p=0.1, inplace=False)
          (cell_attention): FuzzyCellAttention(
            (cell_transform): Linear(in_features=96, out_features=96, bias=True)
            (output_projection): Linear(in_features=96, out_features=96, bias=True)
            (region_transformer): RegionTransformer(
              (self_attn): MultiHeadAttention(
                (query_projection): Linear(in_features=96, out_features=96, bias=True)
                (key_projection): Linear(in_features=96, out_features=96, bias=True)
                (value_projection): Linear(in_features=96, out_features=96, bias=True)
                (output_projection): Linear(in_features=96, out_features=96, bias=True)
                (dropout): Dropout(p=0.1, inplace=False)
              )
              (ffn): FeedForwardNetwork(
                (network): Sequential(
                  (0): Linear(in_features=96, out_features=192, bias=True)
                  (1): GELU(approximate='none')
                  (2): Dropout(p=0.1, inplace=False)
                  (3): Linear(in_features=192, out_features=96, bias=True)
                  (4): Dropout(p=0.1, inplace=False)
                )
              )
              (norm1): LayerNorm((96,), eps=1e-05, elementwise_affine=True)
              (norm2): LayerNorm((96,), eps=1e-05, elementwise_affine=True)
              (dropout): Dropout(p=0.1, inplace=False)
            )
            (fuzzy_to_cell): Linear(in_features=4, out_features=8, bias=True)
          )
          (norm_cell): LayerNorm((96,), eps=1e-05, elementwise_affine=True)
        )
      )
      (final_norm): LayerNorm((96,), eps=1e-05, elementwise_affine=True)
    )
    (future_decoder): FutureDecoder(
      (blocks): ModuleList(
        (0-1): 2 x DecoderBlock(
          (temporal_attention): MultiHeadAttention(
            (query_projection): Linear(in_features=96, out_features=96, bias=True)
            (key_projection): Linear(in_features=96, out_features=96, bias=True)
            (value_projection): Linear(in_features=96, out_features=96, bias=True)
            (output_projection): Linear(in_features=96, out_features=96, bias=True)
            (dropout): Dropout(p=0.1, inplace=False)
          )
          (graph_convolution): FuzzyGraphConvolution(
            (projections): ModuleList(
              (0-2): 3 x Linear(in_features=96, out_features=96, bias=True)
            )
          )
          (cross_attention): MultiHeadAttention(
            (query_projection): Linear(in_features=96, out_features=96, bias=True)
            (key_projection): Linear(in_features=96, out_features=96, bias=True)
            (value_projection): Linear(in_features=96, out_features=96, bias=True)
            (output_projection): Linear(in_features=96, out_features=96, bias=True)
            (dropout): Dropout(p=0.1, inplace=False)
          )
          (feed_forward): FeedForwardNetwork(
            (network): Sequential(
              (0): Linear(in_features=96, out_features=128, bias=True)
              (1): GELU(approximate='none')
              (2): Dropout(p=0.1, inplace=False)
              (3): Linear(in_features=128, out_features=96, bias=True)
              (4): Dropout(p=0.1, inplace=False)
            )
          )
          (norm_temporal): LayerNorm((96,), eps=1e-05, elementwise_affine=True)
          (norm_graph): LayerNorm((96,), eps=1e-05, elementwise_affine=True)
          (norm_cross): LayerNorm((96,), eps=1e-05, elementwise_affine=True)
          (norm_ffn): LayerNorm((96,), eps=1e-05, elementwise_affine=True)
          (dropout): Dropout(p=0.1, inplace=False)
          (cell_attention): FuzzyCellAttention(
            (cell_transform): Linear(in_features=96, out_features=96, bias=True)
            (output_projection): Linear(in_features=96, out_features=96, bias=True)
            (region_transformer): RegionTransformer(
              (self_attn): MultiHeadAttention(
                (query_projection): Linear(in_features=96, out_features=96, bias=True)
                (key_projection): Linear(in_features=96, out_features=96, bias=True)
                (value_projection): Linear(in_features=96, out_features=96, bias=True)
                (output_projection): Linear(in_features=96, out_features=96, bias=True)
                (dropout): Dropout(p=0.1, inplace=False)
              )
              (ffn): FeedForwardNetwork(
                (network): Sequential(
                  (0): Linear(in_features=96, out_features=192, bias=True)
                  (1): GELU(approximate='none')
                  (2): Dropout(p=0.1, inplace=False)
                  (3): Linear(in_features=192, out_features=96, bias=True)
                  (4): Dropout(p=0.1, inplace=False)
                )
              )
              (norm1): LayerNorm((96,), eps=1e-05, elementwise_affine=True)
              (norm2): LayerNorm((96,), eps=1e-05, elementwise_affine=True)
              (dropout): Dropout(p=0.1, inplace=False)
            )
            (fuzzy_to_cell): Linear(in_features=4, out_features=8, bias=True)
          )
          (norm_cell): LayerNorm((96,), eps=1e-05, elementwise_affine=True)
        )
      )
      (final_norm): LayerNorm((96,), eps=1e-05, elementwise_affine=True)
      (output_projection): Linear(in_features=96, out_features=1, bias=True)
    )
  )
)
2026-05-28 11:28:22,153 - INFO - module.fuzzy_graph.base_memberships	torch.Size([207, 4])	cuda:0	True
2026-05-28 11:28:22,153 - INFO - module.fuzzy_graph.blend_logit	torch.Size([])	cuda:0	True
2026-05-28 11:28:22,153 - INFO - module.fuzzy_graph.raw_projection.weight	torch.Size([96, 9])	cuda:0	True
2026-05-28 11:28:22,153 - INFO - module.fuzzy_graph.raw_projection.bias	torch.Size([96])	cuda:0	True
2026-05-28 11:28:22,153 - INFO - module.fuzzy_graph.feature_to_membership.0.weight	torch.Size([48, 96])	cuda:0	True
2026-05-28 11:28:22,153 - INFO - module.fuzzy_graph.feature_to_membership.0.bias	torch.Size([48])	cuda:0	True
2026-05-28 11:28:22,153 - INFO - module.fuzzy_graph.feature_to_membership.2.weight	torch.Size([4, 48])	cuda:0	True
2026-05-28 11:28:22,153 - INFO - module.fuzzy_graph.feature_to_membership.2.bias	torch.Size([4])	cuda:0	True
2026-05-28 11:28:22,153 - INFO - module.condition_encoder.temporal_position_embedding	torch.Size([1, 12, 1, 96])	cuda:0	True
2026-05-28 11:28:22,153 - INFO - module.condition_encoder.input_projection.weight	torch.Size([96, 9])	cuda:0	True
2026-05-28 11:28:22,153 - INFO - module.condition_encoder.input_projection.bias	torch.Size([96])	cuda:0	True
2026-05-28 11:28:22,153 - INFO - module.condition_encoder.blocks.0.temporal_attention.query_projection.weight	torch.Size([96, 96])	cuda:0	True
2026-05-28 11:28:22,153 - INFO - module.condition_encoder.blocks.0.temporal_attention.query_projection.bias	torch.Size([96])	cuda:0	True
2026-05-28 11:28:22,153 - INFO - module.condition_encoder.blocks.0.temporal_attention.key_projection.weight	torch.Size([96, 96])	cuda:0	True
2026-05-28 11:28:22,153 - INFO - module.condition_encoder.blocks.0.temporal_attention.key_projection.bias	torch.Size([96])	cuda:0	True
2026-05-28 11:28:22,153 - INFO - module.condition_encoder.blocks.0.temporal_attention.value_projection.weight	torch.Size([96, 96])	cuda:0	True
2026-05-28 11:28:22,153 - INFO - module.condition_encoder.blocks.0.temporal_attention.value_projection.bias	torch.Size([96])	cuda:0	True
2026-05-28 11:28:22,153 - INFO - module.condition_encoder.blocks.0.temporal_attention.output_projection.weight	torch.Size([96, 96])	cuda:0	True
2026-05-28 11:28:22,153 - INFO - module.condition_encoder.blocks.0.temporal_attention.output_projection.bias	torch.Size([96])	cuda:0	True
2026-05-28 11:28:22,153 - INFO - module.condition_encoder.blocks.0.graph_convolution.projections.0.weight	torch.Size([96, 96])	cuda:0	True
2026-05-28 11:28:22,153 - INFO - module.condition_encoder.blocks.0.graph_convolution.projections.0.bias	torch.Size([96])	cuda:0	True
2026-05-28 11:28:22,153 - INFO - module.condition_encoder.blocks.0.graph_convolution.projections.1.weight	torch.Size([96, 96])	cuda:0	True
2026-05-28 11:28:22,153 - INFO - module.condition_encoder.blocks.0.graph_convolution.projections.1.bias	torch.Size([96])	cuda:0	True
2026-05-28 11:28:22,153 - INFO - module.condition_encoder.blocks.0.graph_convolution.projections.2.weight	torch.Size([96, 96])	cuda:0	True
2026-05-28 11:28:22,153 - INFO - module.condition_encoder.blocks.0.graph_convolution.projections.2.bias	torch.Size([96])	cuda:0	True
2026-05-28 11:28:22,153 - INFO - module.condition_encoder.blocks.0.feed_forward.network.0.weight	torch.Size([128, 96])	cuda:0	True
2026-05-28 11:28:22,153 - INFO - module.condition_encoder.blocks.0.feed_forward.network.0.bias	torch.Size([128])	cuda:0	True
2026-05-28 11:28:22,153 - INFO - module.condition_encoder.blocks.0.feed_forward.network.3.weight	torch.Size([96, 128])	cuda:0	True
2026-05-28 11:28:22,153 - INFO - module.condition_encoder.blocks.0.feed_forward.network.3.bias	torch.Size([96])	cuda:0	True
2026-05-28 11:28:22,153 - INFO - module.condition_encoder.blocks.0.norm_temporal.weight	torch.Size([96])	cuda:0	True
2026-05-28 11:28:22,153 - INFO - module.condition_encoder.blocks.0.norm_temporal.bias	torch.Size([96])	cuda:0	True
2026-05-28 11:28:22,153 - INFO - module.condition_encoder.blocks.0.norm_graph.weight	torch.Size([96])	cuda:0	True
2026-05-28 11:28:22,153 - INFO - module.condition_encoder.blocks.0.norm_graph.bias	torch.Size([96])	cuda:0	True
2026-05-28 11:28:22,153 - INFO - module.condition_encoder.blocks.0.norm_ffn.weight	torch.Size([96])	cuda:0	True
2026-05-28 11:28:22,153 - INFO - module.condition_encoder.blocks.0.norm_ffn.bias	torch.Size([96])	cuda:0	True
2026-05-28 11:28:22,153 - INFO - module.condition_encoder.blocks.0.cell_attention.centers	torch.Size([8, 96])	cuda:0	True
2026-05-28 11:28:22,153 - INFO - module.condition_encoder.blocks.0.cell_attention.log_sigma_sq	torch.Size([1])	cuda:0	True
2026-05-28 11:28:22,153 - INFO - module.condition_encoder.blocks.0.cell_attention.cell_blend	torch.Size([])	cuda:0	True
2026-05-28 11:28:22,154 - INFO - module.condition_encoder.blocks.0.cell_attention.band_center	torch.Size([])	cuda:0	True
2026-05-28 11:28:22,154 - INFO - module.condition_encoder.blocks.0.cell_attention.band_width_raw	torch.Size([])	cuda:0	True
2026-05-28 11:28:22,154 - INFO - module.condition_encoder.blocks.0.cell_attention.cell_transform.weight	torch.Size([96, 96])	cuda:0	True
2026-05-28 11:28:22,154 - INFO - module.condition_encoder.blocks.0.cell_attention.cell_transform.bias	torch.Size([96])	cuda:0	True
2026-05-28 11:28:22,154 - INFO - module.condition_encoder.blocks.0.cell_attention.output_projection.weight	torch.Size([96, 96])	cuda:0	True
2026-05-28 11:28:22,154 - INFO - module.condition_encoder.blocks.0.cell_attention.output_projection.bias	torch.Size([96])	cuda:0	True
2026-05-28 11:28:22,154 - INFO - module.condition_encoder.blocks.0.cell_attention.region_transformer.self_attn.query_projection.weight	torch.Size([96, 96])	cuda:0	True
2026-05-28 11:28:22,154 - INFO - module.condition_encoder.blocks.0.cell_attention.region_transformer.self_attn.query_projection.bias	torch.Size([96])	cuda:0	True
2026-05-28 11:28:22,154 - INFO - module.condition_encoder.blocks.0.cell_attention.region_transformer.self_attn.key_projection.weight	torch.Size([96, 96])	cuda:0	True
2026-05-28 11:28:22,154 - INFO - module.condition_encoder.blocks.0.cell_attention.region_transformer.self_attn.key_projection.bias	torch.Size([96])	cuda:0	True
2026-05-28 11:28:22,154 - INFO - module.condition_encoder.blocks.0.cell_attention.region_transformer.self_attn.value_projection.weight	torch.Size([96, 96])	cuda:0	True
2026-05-28 11:28:22,154 - INFO - module.condition_encoder.blocks.0.cell_attention.region_transformer.self_attn.value_projection.bias	torch.Size([96])	cuda:0	True
2026-05-28 11:28:22,154 - INFO - module.condition_encoder.blocks.0.cell_attention.region_transformer.self_attn.output_projection.weight	torch.Size([96, 96])	cuda:0	True
2026-05-28 11:28:22,154 - INFO - module.condition_encoder.blocks.0.cell_attention.region_transformer.self_attn.output_projection.bias	torch.Size([96])	cuda:0	True
2026-05-28 11:28:22,154 - INFO - module.condition_encoder.blocks.0.cell_attention.region_transformer.ffn.network.0.weight	torch.Size([192, 96])	cuda:0	True
2026-05-28 11:28:22,154 - INFO - module.condition_encoder.blocks.0.cell_attention.region_transformer.ffn.network.0.bias	torch.Size([192])	cuda:0	True
2026-05-28 11:28:22,154 - INFO - module.condition_encoder.blocks.0.cell_attention.region_transformer.ffn.network.3.weight	torch.Size([96, 192])	cuda:0	True
2026-05-28 11:28:22,154 - INFO - module.condition_encoder.blocks.0.cell_attention.region_transformer.ffn.network.3.bias	torch.Size([96])	cuda:0	True
2026-05-28 11:28:22,154 - INFO - module.condition_encoder.blocks.0.cell_attention.region_transformer.norm1.weight	torch.Size([96])	cuda:0	True
2026-05-28 11:28:22,154 - INFO - module.condition_encoder.blocks.0.cell_attention.region_transformer.norm1.bias	torch.Size([96])	cuda:0	True
2026-05-28 11:28:22,154 - INFO - module.condition_encoder.blocks.0.cell_attention.region_transformer.norm2.weight	torch.Size([96])	cuda:0	True
2026-05-28 11:28:22,154 - INFO - module.condition_encoder.blocks.0.cell_attention.region_transformer.norm2.bias	torch.Size([96])	cuda:0	True
2026-05-28 11:28:22,154 - INFO - module.condition_encoder.blocks.0.cell_attention.fuzzy_to_cell.weight	torch.Size([8, 4])	cuda:0	True
2026-05-28 11:28:22,154 - INFO - module.condition_encoder.blocks.0.cell_attention.fuzzy_to_cell.bias	torch.Size([8])	cuda:0	True
2026-05-28 11:28:22,154 - INFO - module.condition_encoder.blocks.0.norm_cell.weight	torch.Size([96])	cuda:0	True
2026-05-28 11:28:22,154 - INFO - module.condition_encoder.blocks.0.norm_cell.bias	torch.Size([96])	cuda:0	True
2026-05-28 11:28:22,154 - INFO - module.condition_encoder.blocks.1.temporal_attention.query_projection.weight	torch.Size([96, 96])	cuda:0	True
2026-05-28 11:28:22,154 - INFO - module.condition_encoder.blocks.1.temporal_attention.query_projection.bias	torch.Size([96])	cuda:0	True
2026-05-28 11:28:22,154 - INFO - module.condition_encoder.blocks.1.temporal_attention.key_projection.weight	torch.Size([96, 96])	cuda:0	True
2026-05-28 11:28:22,154 - INFO - module.condition_encoder.blocks.1.temporal_attention.key_projection.bias	torch.Size([96])	cuda:0	True
2026-05-28 11:28:22,154 - INFO - module.condition_encoder.blocks.1.temporal_attention.value_projection.weight	torch.Size([96, 96])	cuda:0	True
2026-05-28 11:28:22,154 - INFO - module.condition_encoder.blocks.1.temporal_attention.value_projection.bias	torch.Size([96])	cuda:0	True
2026-05-28 11:28:22,154 - INFO - module.condition_encoder.blocks.1.temporal_attention.output_projection.weight	torch.Size([96, 96])	cuda:0	True
2026-05-28 11:28:22,154 - INFO - module.condition_encoder.blocks.1.temporal_attention.output_projection.bias	torch.Size([96])	cuda:0	True
2026-05-28 11:28:22,154 - INFO - module.condition_encoder.blocks.1.graph_convolution.projections.0.weight	torch.Size([96, 96])	cuda:0	True
2026-05-28 11:28:22,154 - INFO - module.condition_encoder.blocks.1.graph_convolution.projections.0.bias	torch.Size([96])	cuda:0	True
2026-05-28 11:28:22,154 - INFO - module.condition_encoder.blocks.1.graph_convolution.projections.1.weight	torch.Size([96, 96])	cuda:0	True
2026-05-28 11:28:22,154 - INFO - module.condition_encoder.blocks.1.graph_convolution.projections.1.bias	torch.Size([96])	cuda:0	True
2026-05-28 11:28:22,154 - INFO - module.condition_encoder.blocks.1.graph_convolution.projections.2.weight	torch.Size([96, 96])	cuda:0	True
2026-05-28 11:28:22,154 - INFO - module.condition_encoder.blocks.1.graph_convolution.projections.2.bias	torch.Size([96])	cuda:0	True
2026-05-28 11:28:22,154 - INFO - module.condition_encoder.blocks.1.feed_forward.network.0.weight	torch.Size([128, 96])	cuda:0	True
2026-05-28 11:28:22,155 - INFO - module.condition_encoder.blocks.1.feed_forward.network.0.bias	torch.Size([128])	cuda:0	True
2026-05-28 11:28:22,155 - INFO - module.condition_encoder.blocks.1.feed_forward.network.3.weight	torch.Size([96, 128])	cuda:0	True
2026-05-28 11:28:22,155 - INFO - module.condition_encoder.blocks.1.feed_forward.network.3.bias	torch.Size([96])	cuda:0	True
2026-05-28 11:28:22,155 - INFO - module.condition_encoder.blocks.1.norm_temporal.weight	torch.Size([96])	cuda:0	True
2026-05-28 11:28:22,155 - INFO - module.condition_encoder.blocks.1.norm_temporal.bias	torch.Size([96])	cuda:0	True
2026-05-28 11:28:22,155 - INFO - module.condition_encoder.blocks.1.norm_graph.weight	torch.Size([96])	cuda:0	True
2026-05-28 11:28:22,155 - INFO - module.condition_encoder.blocks.1.norm_graph.bias	torch.Size([96])	cuda:0	True
2026-05-28 11:28:22,155 - INFO - module.condition_encoder.blocks.1.norm_ffn.weight	torch.Size([96])	cuda:0	True
2026-05-28 11:28:22,155 - INFO - module.condition_encoder.blocks.1.norm_ffn.bias	torch.Size([96])	cuda:0	True
2026-05-28 11:28:22,155 - INFO - module.condition_encoder.blocks.1.cell_attention.centers	torch.Size([8, 96])	cuda:0	True
2026-05-28 11:28:22,155 - INFO - module.condition_encoder.blocks.1.cell_attention.log_sigma_sq	torch.Size([1])	cuda:0	True
2026-05-28 11:28:22,155 - INFO - module.condition_encoder.blocks.1.cell_attention.cell_blend	torch.Size([])	cuda:0	True
2026-05-28 11:28:22,155 - INFO - module.condition_encoder.blocks.1.cell_attention.band_center	torch.Size([])	cuda:0	True
2026-05-28 11:28:22,155 - INFO - module.condition_encoder.blocks.1.cell_attention.band_width_raw	torch.Size([])	cuda:0	True
2026-05-28 11:28:22,155 - INFO - module.condition_encoder.blocks.1.cell_attention.cell_transform.weight	torch.Size([96, 96])	cuda:0	True
2026-05-28 11:28:22,155 - INFO - module.condition_encoder.blocks.1.cell_attention.cell_transform.bias	torch.Size([96])	cuda:0	True
2026-05-28 11:28:22,155 - INFO - module.condition_encoder.blocks.1.cell_attention.output_projection.weight	torch.Size([96, 96])	cuda:0	True
2026-05-28 11:28:22,155 - INFO - module.condition_encoder.blocks.1.cell_attention.output_projection.bias	torch.Size([96])	cuda:0	True
2026-05-28 11:28:22,155 - INFO - module.condition_encoder.blocks.1.cell_attention.region_transformer.self_attn.query_projection.weight	torch.Size([96, 96])	cuda:0	True
2026-05-28 11:28:22,155 - INFO - module.condition_encoder.blocks.1.cell_attention.region_transformer.self_attn.query_projection.bias	torch.Size([96])	cuda:0	True
2026-05-28 11:28:22,155 - INFO - module.condition_encoder.blocks.1.cell_attention.region_transformer.self_attn.key_projection.weight	torch.Size([96, 96])	cuda:0	True
2026-05-28 11:28:22,155 - INFO - module.condition_encoder.blocks.1.cell_attention.region_transformer.self_attn.key_projection.bias	torch.Size([96])	cuda:0	True
2026-05-28 11:28:22,155 - INFO - module.condition_encoder.blocks.1.cell_attention.region_transformer.self_attn.value_projection.weight	torch.Size([96, 96])	cuda:0	True
2026-05-28 11:28:22,155 - INFO - module.condition_encoder.blocks.1.cell_attention.region_transformer.self_attn.value_projection.bias	torch.Size([96])	cuda:0	True
2026-05-28 11:28:22,155 - INFO - module.condition_encoder.blocks.1.cell_attention.region_transformer.self_attn.output_projection.weight	torch.Size([96, 96])	cuda:0	True
2026-05-28 11:28:22,155 - INFO - module.condition_encoder.blocks.1.cell_attention.region_transformer.self_attn.output_projection.bias	torch.Size([96])	cuda:0	True
2026-05-28 11:28:22,155 - INFO - module.condition_encoder.blocks.1.cell_attention.region_transformer.ffn.network.0.weight	torch.Size([192, 96])	cuda:0	True
2026-05-28 11:28:22,155 - INFO - module.condition_encoder.blocks.1.cell_attention.region_transformer.ffn.network.0.bias	torch.Size([192])	cuda:0	True
2026-05-28 11:28:22,155 - INFO - module.condition_encoder.blocks.1.cell_attention.region_transformer.ffn.network.3.weight	torch.Size([96, 192])	cuda:0	True
2026-05-28 11:28:22,155 - INFO - module.condition_encoder.blocks.1.cell_attention.region_transformer.ffn.network.3.bias	torch.Size([96])	cuda:0	True
2026-05-28 11:28:22,155 - INFO - module.condition_encoder.blocks.1.cell_attention.region_transformer.norm1.weight	torch.Size([96])	cuda:0	True
2026-05-28 11:28:22,155 - INFO - module.condition_encoder.blocks.1.cell_attention.region_transformer.norm1.bias	torch.Size([96])	cuda:0	True
2026-05-28 11:28:22,155 - INFO - module.condition_encoder.blocks.1.cell_attention.region_transformer.norm2.weight	torch.Size([96])	cuda:0	True
2026-05-28 11:28:22,155 - INFO - module.condition_encoder.blocks.1.cell_attention.region_transformer.norm2.bias	torch.Size([96])	cuda:0	True
2026-05-28 11:28:22,155 - INFO - module.condition_encoder.blocks.1.cell_attention.fuzzy_to_cell.weight	torch.Size([8, 4])	cuda:0	True
2026-05-28 11:28:22,155 - INFO - module.condition_encoder.blocks.1.cell_attention.fuzzy_to_cell.bias	torch.Size([8])	cuda:0	True
2026-05-28 11:28:22,155 - INFO - module.condition_encoder.blocks.1.norm_cell.weight	torch.Size([96])	cuda:0	True
2026-05-28 11:28:22,155 - INFO - module.condition_encoder.blocks.1.norm_cell.bias	torch.Size([96])	cuda:0	True
2026-05-28 11:28:22,155 - INFO - module.condition_encoder.final_norm.weight	torch.Size([96])	cuda:0	True
2026-05-28 11:28:22,155 - INFO - module.condition_encoder.final_norm.bias	torch.Size([96])	cuda:0	True
2026-05-28 11:28:22,155 - INFO - module.future_decoder.future_queries	torch.Size([1, 12, 207, 96])	cuda:0	True
2026-05-28 11:28:22,156 - INFO - module.future_decoder.blocks.0.temporal_attention.query_projection.weight	torch.Size([96, 96])	cuda:0	True
2026-05-28 11:28:22,156 - INFO - module.future_decoder.blocks.0.temporal_attention.query_projection.bias	torch.Size([96])	cuda:0	True
2026-05-28 11:28:22,156 - INFO - module.future_decoder.blocks.0.temporal_attention.key_projection.weight	torch.Size([96, 96])	cuda:0	True
2026-05-28 11:28:22,156 - INFO - module.future_decoder.blocks.0.temporal_attention.key_projection.bias	torch.Size([96])	cuda:0	True
2026-05-28 11:28:22,156 - INFO - module.future_decoder.blocks.0.temporal_attention.value_projection.weight	torch.Size([96, 96])	cuda:0	True
2026-05-28 11:28:22,156 - INFO - module.future_decoder.blocks.0.temporal_attention.value_projection.bias	torch.Size([96])	cuda:0	True
2026-05-28 11:28:22,156 - INFO - module.future_decoder.blocks.0.temporal_attention.output_projection.weight	torch.Size([96, 96])	cuda:0	True
2026-05-28 11:28:22,156 - INFO - module.future_decoder.blocks.0.temporal_attention.output_projection.bias	torch.Size([96])	cuda:0	True
2026-05-28 11:28:22,156 - INFO - module.future_decoder.blocks.0.graph_convolution.projections.0.weight	torch.Size([96, 96])	cuda:0	True
2026-05-28 11:28:22,156 - INFO - module.future_decoder.blocks.0.graph_convolution.projections.0.bias	torch.Size([96])	cuda:0	True
2026-05-28 11:28:22,156 - INFO - module.future_decoder.blocks.0.graph_convolution.projections.1.weight	torch.Size([96, 96])	cuda:0	True
2026-05-28 11:28:22,156 - INFO - module.future_decoder.blocks.0.graph_convolution.projections.1.bias	torch.Size([96])	cuda:0	True
2026-05-28 11:28:22,156 - INFO - module.future_decoder.blocks.0.graph_convolution.projections.2.weight	torch.Size([96, 96])	cuda:0	True
2026-05-28 11:28:22,156 - INFO - module.future_decoder.blocks.0.graph_convolution.projections.2.bias	torch.Size([96])	cuda:0	True
2026-05-28 11:28:22,156 - INFO - module.future_decoder.blocks.0.cross_attention.query_projection.weight	torch.Size([96, 96])	cuda:0	True
2026-05-28 11:28:22,156 - INFO - module.future_decoder.blocks.0.cross_attention.query_projection.bias	torch.Size([96])	cuda:0	True
2026-05-28 11:28:22,156 - INFO - module.future_decoder.blocks.0.cross_attention.key_projection.weight	torch.Size([96, 96])	cuda:0	True
2026-05-28 11:28:22,156 - INFO - module.future_decoder.blocks.0.cross_attention.key_projection.bias	torch.Size([96])	cuda:0	True
2026-05-28 11:28:22,156 - INFO - module.future_decoder.blocks.0.cross_attention.value_projection.weight	torch.Size([96, 96])	cuda:0	True
2026-05-28 11:28:22,156 - INFO - module.future_decoder.blocks.0.cross_attention.value_projection.bias	torch.Size([96])	cuda:0	True
2026-05-28 11:28:22,156 - INFO - module.future_decoder.blocks.0.cross_attention.output_projection.weight	torch.Size([96, 96])	cuda:0	True
2026-05-28 11:28:22,156 - INFO - module.future_decoder.blocks.0.cross_attention.output_projection.bias	torch.Size([96])	cuda:0	True
2026-05-28 11:28:22,156 - INFO - module.future_decoder.blocks.0.feed_forward.network.0.weight	torch.Size([128, 96])	cuda:0	True
2026-05-28 11:28:22,156 - INFO - module.future_decoder.blocks.0.feed_forward.network.0.bias	torch.Size([128])	cuda:0	True
2026-05-28 11:28:22,156 - INFO - module.future_decoder.blocks.0.feed_forward.network.3.weight	torch.Size([96, 128])	cuda:0	True
2026-05-28 11:28:22,156 - INFO - module.future_decoder.blocks.0.feed_forward.network.3.bias	torch.Size([96])	cuda:0	True
2026-05-28 11:28:22,156 - INFO - module.future_decoder.blocks.0.norm_temporal.weight	torch.Size([96])	cuda:0	True
2026-05-28 11:28:22,156 - INFO - module.future_decoder.blocks.0.norm_temporal.bias	torch.Size([96])	cuda:0	True
2026-05-28 11:28:22,156 - INFO - module.future_decoder.blocks.0.norm_graph.weight	torch.Size([96])	cuda:0	True
2026-05-28 11:28:22,156 - INFO - module.future_decoder.blocks.0.norm_graph.bias	torch.Size([96])	cuda:0	True
2026-05-28 11:28:22,156 - INFO - module.future_decoder.blocks.0.norm_cross.weight	torch.Size([96])	cuda:0	True
2026-05-28 11:28:22,156 - INFO - module.future_decoder.blocks.0.norm_cross.bias	torch.Size([96])	cuda:0	True
2026-05-28 11:28:22,156 - INFO - module.future_decoder.blocks.0.norm_ffn.weight	torch.Size([96])	cuda:0	True
2026-05-28 11:28:22,156 - INFO - module.future_decoder.blocks.0.norm_ffn.bias	torch.Size([96])	cuda:0	True
2026-05-28 11:28:22,156 - INFO - module.future_decoder.blocks.0.cell_attention.centers	torch.Size([8, 96])	cuda:0	True
2026-05-28 11:28:22,156 - INFO - module.future_decoder.blocks.0.cell_attention.log_sigma_sq	torch.Size([1])	cuda:0	True
2026-05-28 11:28:22,156 - INFO - module.future_decoder.blocks.0.cell_attention.cell_blend	torch.Size([])	cuda:0	True
2026-05-28 11:28:22,156 - INFO - module.future_decoder.blocks.0.cell_attention.band_center	torch.Size([])	cuda:0	True
2026-05-28 11:28:22,156 - INFO - module.future_decoder.blocks.0.cell_attention.band_width_raw	torch.Size([])	cuda:0	True
2026-05-28 11:28:22,156 - INFO - module.future_decoder.blocks.0.cell_attention.cell_transform.weight	torch.Size([96, 96])	cuda:0	True
2026-05-28 11:28:22,156 - INFO - module.future_decoder.blocks.0.cell_attention.cell_transform.bias	torch.Size([96])	cuda:0	True
2026-05-28 11:28:22,157 - INFO - module.future_decoder.blocks.0.cell_attention.output_projection.weight	torch.Size([96, 96])	cuda:0	True
2026-05-28 11:28:22,157 - INFO - module.future_decoder.blocks.0.cell_attention.output_projection.bias	torch.Size([96])	cuda:0	True
2026-05-28 11:28:22,157 - INFO - module.future_decoder.blocks.0.cell_attention.region_transformer.self_attn.query_projection.weight	torch.Size([96, 96])	cuda:0	True
2026-05-28 11:28:22,157 - INFO - module.future_decoder.blocks.0.cell_attention.region_transformer.self_attn.query_projection.bias	torch.Size([96])	cuda:0	True
2026-05-28 11:28:22,157 - INFO - module.future_decoder.blocks.0.cell_attention.region_transformer.self_attn.key_projection.weight	torch.Size([96, 96])	cuda:0	True
2026-05-28 11:28:22,157 - INFO - module.future_decoder.blocks.0.cell_attention.region_transformer.self_attn.key_projection.bias	torch.Size([96])	cuda:0	True
2026-05-28 11:28:22,157 - INFO - module.future_decoder.blocks.0.cell_attention.region_transformer.self_attn.value_projection.weight	torch.Size([96, 96])	cuda:0	True
2026-05-28 11:28:22,157 - INFO - module.future_decoder.blocks.0.cell_attention.region_transformer.self_attn.value_projection.bias	torch.Size([96])	cuda:0	True
2026-05-28 11:28:22,157 - INFO - module.future_decoder.blocks.0.cell_attention.region_transformer.self_attn.output_projection.weight	torch.Size([96, 96])	cuda:0	True
2026-05-28 11:28:22,157 - INFO - module.future_decoder.blocks.0.cell_attention.region_transformer.self_attn.output_projection.bias	torch.Size([96])	cuda:0	True
2026-05-28 11:28:22,157 - INFO - module.future_decoder.blocks.0.cell_attention.region_transformer.ffn.network.0.weight	torch.Size([192, 96])	cuda:0	True
2026-05-28 11:28:22,157 - INFO - module.future_decoder.blocks.0.cell_attention.region_transformer.ffn.network.0.bias	torch.Size([192])	cuda:0	True
2026-05-28 11:28:22,157 - INFO - module.future_decoder.blocks.0.cell_attention.region_transformer.ffn.network.3.weight	torch.Size([96, 192])	cuda:0	True
2026-05-28 11:28:22,157 - INFO - module.future_decoder.blocks.0.cell_attention.region_transformer.ffn.network.3.bias	torch.Size([96])	cuda:0	True
2026-05-28 11:28:22,157 - INFO - module.future_decoder.blocks.0.cell_attention.region_transformer.norm1.weight	torch.Size([96])	cuda:0	True
2026-05-28 11:28:22,157 - INFO - module.future_decoder.blocks.0.cell_attention.region_transformer.norm1.bias	torch.Size([96])	cuda:0	True
2026-05-28 11:28:22,157 - INFO - module.future_decoder.blocks.0.cell_attention.region_transformer.norm2.weight	torch.Size([96])	cuda:0	True
2026-05-28 11:28:22,157 - INFO - module.future_decoder.blocks.0.cell_attention.region_transformer.norm2.bias	torch.Size([96])	cuda:0	True
2026-05-28 11:28:22,157 - INFO - module.future_decoder.blocks.0.cell_attention.fuzzy_to_cell.weight	torch.Size([8, 4])	cuda:0	True
2026-05-28 11:28:22,157 - INFO - module.future_decoder.blocks.0.cell_attention.fuzzy_to_cell.bias	torch.Size([8])	cuda:0	True
2026-05-28 11:28:22,157 - INFO - module.future_decoder.blocks.0.norm_cell.weight	torch.Size([96])	cuda:0	True
2026-05-28 11:28:22,157 - INFO - module.future_decoder.blocks.0.norm_cell.bias	torch.Size([96])	cuda:0	True
2026-05-28 11:28:22,157 - INFO - module.future_decoder.blocks.1.temporal_attention.query_projection.weight	torch.Size([96, 96])	cuda:0	True
2026-05-28 11:28:22,157 - INFO - module.future_decoder.blocks.1.temporal_attention.query_projection.bias	torch.Size([96])	cuda:0	True
2026-05-28 11:28:22,157 - INFO - module.future_decoder.blocks.1.temporal_attention.key_projection.weight	torch.Size([96, 96])	cuda:0	True
2026-05-28 11:28:22,157 - INFO - module.future_decoder.blocks.1.temporal_attention.key_projection.bias	torch.Size([96])	cuda:0	True
2026-05-28 11:28:22,157 - INFO - module.future_decoder.blocks.1.temporal_attention.value_projection.weight	torch.Size([96, 96])	cuda:0	True
2026-05-28 11:28:22,157 - INFO - module.future_decoder.blocks.1.temporal_attention.value_projection.bias	torch.Size([96])	cuda:0	True
2026-05-28 11:28:22,157 - INFO - module.future_decoder.blocks.1.temporal_attention.output_projection.weight	torch.Size([96, 96])	cuda:0	True
2026-05-28 11:28:22,157 - INFO - module.future_decoder.blocks.1.temporal_attention.output_projection.bias	torch.Size([96])	cuda:0	True
2026-05-28 11:28:22,157 - INFO - module.future_decoder.blocks.1.graph_convolution.projections.0.weight	torch.Size([96, 96])	cuda:0	True
2026-05-28 11:28:22,157 - INFO - module.future_decoder.blocks.1.graph_convolution.projections.0.bias	torch.Size([96])	cuda:0	True
2026-05-28 11:28:22,157 - INFO - module.future_decoder.blocks.1.graph_convolution.projections.1.weight	torch.Size([96, 96])	cuda:0	True
2026-05-28 11:28:22,157 - INFO - module.future_decoder.blocks.1.graph_convolution.projections.1.bias	torch.Size([96])	cuda:0	True
2026-05-28 11:28:22,157 - INFO - module.future_decoder.blocks.1.graph_convolution.projections.2.weight	torch.Size([96, 96])	cuda:0	True
2026-05-28 11:28:22,157 - INFO - module.future_decoder.blocks.1.graph_convolution.projections.2.bias	torch.Size([96])	cuda:0	True
2026-05-28 11:28:22,157 - INFO - module.future_decoder.blocks.1.cross_attention.query_projection.weight	torch.Size([96, 96])	cuda:0	True
2026-05-28 11:28:22,157 - INFO - module.future_decoder.blocks.1.cross_attention.query_projection.bias	torch.Size([96])	cuda:0	True
2026-05-28 11:28:22,157 - INFO - module.future_decoder.blocks.1.cross_attention.key_projection.weight	torch.Size([96, 96])	cuda:0	True
2026-05-28 11:28:22,157 - INFO - module.future_decoder.blocks.1.cross_attention.key_projection.bias	torch.Size([96])	cuda:0	True
2026-05-28 11:28:22,157 - INFO - module.future_decoder.blocks.1.cross_attention.value_projection.weight	torch.Size([96, 96])	cuda:0	True
2026-05-28 11:28:22,158 - INFO - module.future_decoder.blocks.1.cross_attention.value_projection.bias	torch.Size([96])	cuda:0	True
2026-05-28 11:28:22,158 - INFO - module.future_decoder.blocks.1.cross_attention.output_projection.weight	torch.Size([96, 96])	cuda:0	True
2026-05-28 11:28:22,158 - INFO - module.future_decoder.blocks.1.cross_attention.output_projection.bias	torch.Size([96])	cuda:0	True
2026-05-28 11:28:22,158 - INFO - module.future_decoder.blocks.1.feed_forward.network.0.weight	torch.Size([128, 96])	cuda:0	True
2026-05-28 11:28:22,158 - INFO - module.future_decoder.blocks.1.feed_forward.network.0.bias	torch.Size([128])	cuda:0	True
2026-05-28 11:28:22,158 - INFO - module.future_decoder.blocks.1.feed_forward.network.3.weight	torch.Size([96, 128])	cuda:0	True
2026-05-28 11:28:22,158 - INFO - module.future_decoder.blocks.1.feed_forward.network.3.bias	torch.Size([96])	cuda:0	True
2026-05-28 11:28:22,158 - INFO - module.future_decoder.blocks.1.norm_temporal.weight	torch.Size([96])	cuda:0	True
2026-05-28 11:28:22,158 - INFO - module.future_decoder.blocks.1.norm_temporal.bias	torch.Size([96])	cuda:0	True
2026-05-28 11:28:22,158 - INFO - module.future_decoder.blocks.1.norm_graph.weight	torch.Size([96])	cuda:0	True
2026-05-28 11:28:22,158 - INFO - module.future_decoder.blocks.1.norm_graph.bias	torch.Size([96])	cuda:0	True
2026-05-28 11:28:22,158 - INFO - module.future_decoder.blocks.1.norm_cross.weight	torch.Size([96])	cuda:0	True
2026-05-28 11:28:22,158 - INFO - module.future_decoder.blocks.1.norm_cross.bias	torch.Size([96])	cuda:0	True
2026-05-28 11:28:22,158 - INFO - module.future_decoder.blocks.1.norm_ffn.weight	torch.Size([96])	cuda:0	True
2026-05-28 11:28:22,158 - INFO - module.future_decoder.blocks.1.norm_ffn.bias	torch.Size([96])	cuda:0	True
2026-05-28 11:28:22,158 - INFO - module.future_decoder.blocks.1.cell_attention.centers	torch.Size([8, 96])	cuda:0	True
2026-05-28 11:28:22,158 - INFO - module.future_decoder.blocks.1.cell_attention.log_sigma_sq	torch.Size([1])	cuda:0	True
2026-05-28 11:28:22,158 - INFO - module.future_decoder.blocks.1.cell_attention.cell_blend	torch.Size([])	cuda:0	True
2026-05-28 11:28:22,158 - INFO - module.future_decoder.blocks.1.cell_attention.band_center	torch.Size([])	cuda:0	True
2026-05-28 11:28:22,158 - INFO - module.future_decoder.blocks.1.cell_attention.band_width_raw	torch.Size([])	cuda:0	True
2026-05-28 11:28:22,158 - INFO - module.future_decoder.blocks.1.cell_attention.cell_transform.weight	torch.Size([96, 96])	cuda:0	True
2026-05-28 11:28:22,158 - INFO - module.future_decoder.blocks.1.cell_attention.cell_transform.bias	torch.Size([96])	cuda:0	True
2026-05-28 11:28:22,158 - INFO - module.future_decoder.blocks.1.cell_attention.output_projection.weight	torch.Size([96, 96])	cuda:0	True
2026-05-28 11:28:22,158 - INFO - module.future_decoder.blocks.1.cell_attention.output_projection.bias	torch.Size([96])	cuda:0	True
2026-05-28 11:28:22,158 - INFO - module.future_decoder.blocks.1.cell_attention.region_transformer.self_attn.query_projection.weight	torch.Size([96, 96])	cuda:0	True
2026-05-28 11:28:22,158 - INFO - module.future_decoder.blocks.1.cell_attention.region_transformer.self_attn.query_projection.bias	torch.Size([96])	cuda:0	True
2026-05-28 11:28:22,158 - INFO - module.future_decoder.blocks.1.cell_attention.region_transformer.self_attn.key_projection.weight	torch.Size([96, 96])	cuda:0	True
2026-05-28 11:28:22,158 - INFO - module.future_decoder.blocks.1.cell_attention.region_transformer.self_attn.key_projection.bias	torch.Size([96])	cuda:0	True
2026-05-28 11:28:22,158 - INFO - module.future_decoder.blocks.1.cell_attention.region_transformer.self_attn.value_projection.weight	torch.Size([96, 96])	cuda:0	True
2026-05-28 11:28:22,158 - INFO - module.future_decoder.blocks.1.cell_attention.region_transformer.self_attn.value_projection.bias	torch.Size([96])	cuda:0	True
2026-05-28 11:28:22,158 - INFO - module.future_decoder.blocks.1.cell_attention.region_transformer.self_attn.output_projection.weight	torch.Size([96, 96])	cuda:0	True
2026-05-28 11:28:22,158 - INFO - module.future_decoder.blocks.1.cell_attention.region_transformer.self_attn.output_projection.bias	torch.Size([96])	cuda:0	True
2026-05-28 11:28:22,158 - INFO - module.future_decoder.blocks.1.cell_attention.region_transformer.ffn.network.0.weight	torch.Size([192, 96])	cuda:0	True
2026-05-28 11:28:22,158 - INFO - module.future_decoder.blocks.1.cell_attention.region_transformer.ffn.network.0.bias	torch.Size([192])	cuda:0	True
2026-05-28 11:28:22,158 - INFO - module.future_decoder.blocks.1.cell_attention.region_transformer.ffn.network.3.weight	torch.Size([96, 192])	cuda:0	True
2026-05-28 11:28:22,158 - INFO - module.future_decoder.blocks.1.cell_attention.region_transformer.ffn.network.3.bias	torch.Size([96])	cuda:0	True
2026-05-28 11:28:22,158 - INFO - module.future_decoder.blocks.1.cell_attention.region_transformer.norm1.weight	torch.Size([96])	cuda:0	True
2026-05-28 11:28:22,158 - INFO - module.future_decoder.blocks.1.cell_attention.region_transformer.norm1.bias	torch.Size([96])	cuda:0	True
2026-05-28 11:28:22,158 - INFO - module.future_decoder.blocks.1.cell_attention.region_transformer.norm2.weight	torch.Size([96])	cuda:0	True
2026-05-28 11:28:22,158 - INFO - module.future_decoder.blocks.1.cell_attention.region_transformer.norm2.bias	torch.Size([96])	cuda:0	True
2026-05-28 11:28:22,158 - INFO - module.future_decoder.blocks.1.cell_attention.fuzzy_to_cell.weight	torch.Size([8, 4])	cuda:0	True
2026-05-28 11:28:22,159 - INFO - module.future_decoder.blocks.1.cell_attention.fuzzy_to_cell.bias	torch.Size([8])	cuda:0	True
2026-05-28 11:28:22,159 - INFO - module.future_decoder.blocks.1.norm_cell.weight	torch.Size([96])	cuda:0	True
2026-05-28 11:28:22,159 - INFO - module.future_decoder.blocks.1.norm_cell.bias	torch.Size([96])	cuda:0	True
2026-05-28 11:28:22,159 - INFO - module.future_decoder.final_norm.weight	torch.Size([96])	cuda:0	True
2026-05-28 11:28:22,159 - INFO - module.future_decoder.final_norm.bias	torch.Size([96])	cuda:0	True
2026-05-28 11:28:22,159 - INFO - module.future_decoder.output_projection.weight	torch.Size([1, 96])	cuda:0	True
2026-05-28 11:28:22,159 - INFO - module.future_decoder.output_projection.bias	torch.Size([1])	cuda:0	True
2026-05-28 11:28:22,159 - INFO - Total parameter numbers: 1062466
2026-05-28 11:28:22,159 - INFO - Enable AMP training (dtype=float16).
2026-05-28 11:28:22,159 - INFO - You select `adamw` optimizer.
2026-05-28 11:28:22,160 - INFO - You select `reducelronplateau` lr_scheduler.
2026-05-28 11:28:22,160 - WARNING - Received none train loss func and will use the loss func defined in the model.
2026-05-28 11:28:22,160 - INFO - Start training ...
2026-05-28 11:28:22,160 - INFO - num_batches:161
2026-05-28 11:28:38,348 - INFO - Epoch [0/10] train_loss: 0.5858, val_loss: 0.4937, lr: 0.001000, 16.19s
2026-05-28 11:28:38,462 - INFO - Saved model at 0
2026-05-28 11:28:38,463 - INFO - Val loss decrease from inf to 0.4937, saving to /home/lizhuoxuan/lzq/Bigscity-LibCity-master/outputs/20260528_112802__traffic_state_pred__final_new__METR_LA/model_cache/final_new_METR_LA_epoch0.tar
2026-05-28 11:28:53,979 - INFO - Epoch [1/10] train_loss: 0.4565, val_loss: 0.4955, lr: 0.001000, 15.52s
2026-05-28 11:29:09,603 - INFO - Epoch [2/10] train_loss: 0.3956, val_loss: 0.4572, lr: 0.001000, 15.62s
2026-05-28 11:29:09,666 - INFO - Saved model at 2
2026-05-28 11:29:09,666 - INFO - Val loss decrease from 0.4937 to 0.4572, saving to /home/lizhuoxuan/lzq/Bigscity-LibCity-master/outputs/20260528_112802__traffic_state_pred__final_new__METR_LA/model_cache/final_new_METR_LA_epoch2.tar
2026-05-28 11:29:24,934 - INFO - Epoch [3/10] train_loss: 0.3363, val_loss: 0.3242, lr: 0.001000, 15.27s
2026-05-28 11:29:24,996 - INFO - Saved model at 3
2026-05-28 11:29:24,996 - INFO - Val loss decrease from 0.4572 to 0.3242, saving to /home/lizhuoxuan/lzq/Bigscity-LibCity-master/outputs/20260528_112802__traffic_state_pred__final_new__METR_LA/model_cache/final_new_METR_LA_epoch3.tar
2026-05-28 11:29:40,877 - INFO - Epoch [4/10] train_loss: 0.2624, val_loss: 0.2820, lr: 0.001000, 15.88s
2026-05-28 11:29:40,940 - INFO - Saved model at 4
2026-05-28 11:29:40,940 - INFO - Val loss decrease from 0.3242 to 0.2820, saving to /home/lizhuoxuan/lzq/Bigscity-LibCity-master/outputs/20260528_112802__traffic_state_pred__final_new__METR_LA/model_cache/final_new_METR_LA_epoch4.tar
2026-05-28 11:29:56,073 - INFO - Epoch [5/10] train_loss: 0.2478, val_loss: 0.4745, lr: 0.001000, 15.13s
2026-05-28 11:30:11,197 - INFO - Epoch [6/10] train_loss: 0.2459, val_loss: nan, lr: 0.001000, 15.12s
2026-05-28 11:30:26,575 - INFO - Epoch [7/10] train_loss: 0.2424, val_loss: nan, lr: 0.001000, 15.38s
2026-05-28 11:30:41,595 - INFO - Epoch [8/10] train_loss: 0.2419, val_loss: nan, lr: 0.001000, 15.02s
2026-05-28 11:30:56,871 - INFO - Epoch [9/10] train_loss: 0.2415, val_loss: nan, lr: 0.001000, 15.28s
2026-05-28 11:30:56,871 - INFO - Trained totally 10 epochs, average train time is 13.786s, average eval time is 1.655s
2026-05-28 11:30:56,871 - INFO - Loading best model state from epoch 4
2026-05-28 11:30:56,876 - INFO - Start evaluating ...
2026-05-28 11:30:56,876 - INFO - Saved model at /home/lizhuoxuan/lzq/Bigscity-LibCity-master/outputs/20260528_112802__traffic_state_pred__final_new__METR_LA/model_cache/final_new_METR_LA.m
2026-05-28 11:30:56,928 - INFO - Start evaluating ...
2026-05-28 11:31:04,003 - INFO - Note that you select the single mode to evaluate!
2026-05-28 11:31:04,058 - INFO - Evaluate result is saved at /home/lizhuoxuan/lzq/Bigscity-LibCity-master/outputs/20260528_112802__traffic_state_pred__final_new__METR_LA/evaluate_cache/2026_05_28_11_31_04_final_new_METR_LA.csv
2026-05-28 11:31:04,075 - INFO - 
         MAE      MAPE         MSE  ...  masked_RMSE        R2      EVAR
1   5.481453  0.094944  117.493225  ...     6.463377  0.773417  0.804144
2   5.942535  0.105665  140.545074  ...     7.606351  0.728969  0.759638
3   6.363070  0.114801  162.543900  ...     8.548719  0.686554  0.717271
4   6.752013  0.123094  183.319534  ...     9.347295  0.646502  0.677217
5   7.129240  0.131088  203.633423  ...    10.062221  0.607342  0.638075
6   7.486978  0.138682  222.857193  ...    10.693300  0.570283  0.601032
7   7.835035  0.146039  241.748413  ...    11.285117  0.533870  0.564644
8   8.132933  0.152999  257.441742  ...    11.766480  0.503625  0.534430
9   8.414992  0.159477  272.419434  ...    12.210693  0.474761  0.505594
10  8.690253  0.165830  286.876770  ...    12.628689  0.446905  0.477751
11  8.961905  0.172126  301.285522  ...    13.036335  0.419143  0.450038
12  9.224153  0.178335  315.118103  ...    13.418863  0.392493  0.423322

[12 rows x 10 columns]
