2026-05-08 11:03:11,419 - INFO - Log directory: /home/lizhuoxuan/lzq/Bigscity-LibCity-master/outputs/20260508_110311__traffic_state_pred__STGCN__PEMSD4/logs
2026-05-08 11:03:20,658 - INFO - You select quick mode to train STGCN model.
2026-05-08 11:03:20,763 - INFO - Chebyshev_polynomial_Lk shape: (3, 307, 307)
2026-05-08 11:03:21,861 - INFO - Enable AMP training (dtype=float16).
2026-05-08 11:03:21,861 - INFO - You select `rmsprop` optimizer.
2026-05-08 11:03:21,862 - INFO - You select `steplr` lr_scheduler.
2026-05-08 11:03:21,862 - WARNING - Received none train loss func and will use the loss func defined in the model.
2026-05-08 11:03:21,862 - INFO - Start training ...
2026-05-08 11:03:21,862 - INFO - num_batches:40
2026-05-08 11:03:23,021 - INFO - epoch complete!
2026-05-08 11:03:23,021 - INFO - evaluating now!
2026-05-08 11:03:23,453 - INFO - Epoch [0/10] train_loss: 20618.9411, val_loss: 2303.7458, lr: 0.004000, 1.59s
2026-05-08 11:03:23,464 - INFO - Saved model at 0
2026-05-08 11:03:23,464 - INFO - Val loss decrease from inf to 2303.7458, saving to /home/lizhuoxuan/lzq/Bigscity-LibCity-master/outputs/20260508_110311__traffic_state_pred__STGCN__PEMSD4/model_cache/STGCN_PEMSD4_epoch0.tar
2026-05-08 11:03:23,937 - INFO - epoch complete!
2026-05-08 11:03:23,937 - INFO - evaluating now!
2026-05-08 11:03:24,321 - INFO - Epoch [1/10] train_loss: 1159.1367, val_loss: 1264.7332, lr: 0.004000, 0.86s
2026-05-08 11:03:24,331 - INFO - Saved model at 1
2026-05-08 11:03:24,331 - INFO - Val loss decrease from 2303.7458 to 1264.7332, saving to /home/lizhuoxuan/lzq/Bigscity-LibCity-master/outputs/20260508_110311__traffic_state_pred__STGCN__PEMSD4/model_cache/STGCN_PEMSD4_epoch1.tar
2026-05-08 11:03:24,803 - INFO - epoch complete!
2026-05-08 11:03:24,803 - INFO - evaluating now!
2026-05-08 11:03:25,185 - INFO - Epoch [2/10] train_loss: 891.6283, val_loss: 1745.5225, lr: 0.004000, 0.85s
2026-05-08 11:03:25,652 - INFO - epoch complete!
2026-05-08 11:03:25,652 - INFO - evaluating now!
2026-05-08 11:03:26,034 - INFO - Epoch [3/10] train_loss: 740.8470, val_loss: 2499.0366, lr: 0.004000, 0.85s
2026-05-08 11:03:26,505 - INFO - epoch complete!
2026-05-08 11:03:26,505 - INFO - evaluating now!
2026-05-08 11:03:26,898 - INFO - Epoch [4/10] train_loss: 720.7274, val_loss: 2186.2300, lr: 0.002800, 0.86s
2026-05-08 11:03:27,367 - INFO - epoch complete!
2026-05-08 11:03:27,368 - INFO - evaluating now!
2026-05-08 11:03:27,750 - INFO - Epoch [5/10] train_loss: 500.1051, val_loss: 1152.4706, lr: 0.002800, 0.85s
2026-05-08 11:03:27,783 - INFO - Saved model at 5
2026-05-08 11:03:27,784 - INFO - Val loss decrease from 1264.7332 to 1152.4706, saving to /home/lizhuoxuan/lzq/Bigscity-LibCity-master/outputs/20260508_110311__traffic_state_pred__STGCN__PEMSD4/model_cache/STGCN_PEMSD4_epoch5.tar
2026-05-08 11:03:28,266 - INFO - epoch complete!
2026-05-08 11:03:28,266 - INFO - evaluating now!
2026-05-08 11:03:28,649 - INFO - Epoch [6/10] train_loss: 529.6558, val_loss: 991.2055, lr: 0.002800, 0.87s
2026-05-08 11:03:28,659 - INFO - Saved model at 6
2026-05-08 11:03:28,659 - INFO - Val loss decrease from 1152.4706 to 991.2055, saving to /home/lizhuoxuan/lzq/Bigscity-LibCity-master/outputs/20260508_110311__traffic_state_pred__STGCN__PEMSD4/model_cache/STGCN_PEMSD4_epoch6.tar
2026-05-08 11:03:29,142 - INFO - epoch complete!
2026-05-08 11:03:29,142 - INFO - evaluating now!
2026-05-08 11:03:29,526 - INFO - Epoch [7/10] train_loss: 559.2383, val_loss: 956.5848, lr: 0.002800, 0.87s
2026-05-08 11:03:29,536 - INFO - Saved model at 7
2026-05-08 11:03:29,536 - INFO - Val loss decrease from 991.2055 to 956.5848, saving to /home/lizhuoxuan/lzq/Bigscity-LibCity-master/outputs/20260508_110311__traffic_state_pred__STGCN__PEMSD4/model_cache/STGCN_PEMSD4_epoch7.tar
2026-05-08 11:03:30,005 - INFO - epoch complete!
2026-05-08 11:03:30,005 - INFO - evaluating now!
2026-05-08 11:03:30,388 - INFO - Epoch [8/10] train_loss: 519.8567, val_loss: 1016.1564, lr: 0.002800, 0.85s
2026-05-08 11:03:30,863 - INFO - epoch complete!
2026-05-08 11:03:30,863 - INFO - evaluating now!
2026-05-08 11:03:31,247 - INFO - Epoch [9/10] train_loss: 474.7603, val_loss: 1310.9824, lr: 0.001960, 0.86s
2026-05-08 11:03:31,247 - INFO - Trained totally 10 epochs, average train time is 0.542s, average eval time is 0.389s
2026-05-08 11:03:31,262 - INFO - Loaded model at 7
