2026-06-04 15:07:42,463 - INFO - Log directory: D:\a_code\A_Agent\projects\LibCity\outputs\20260604_150742__traffic_state_pred__STGCN__METR_LA\logs
2026-06-04 15:07:42,463 - INFO - Begin artifact training pipeline, task=traffic_state_pred, model_name=STGCN, dataset_name=METR_LA, exp_id=20260604_150742__traffic_state_pred__STGCN__METR_LA
2026-06-04 15:07:42,463 - INFO - {'task': 'traffic_state_pred', 'model': 'STGCN', 'dataset': 'METR_LA', 'saved_model': True, 'train': True, 'seed': 42, 'gpu': True, 'gpu_id': 0, 'train_rate': 0.6, 'eval_rate': 0.2, 'batch_size': 64, 'learning_rate': 0.0005, 'max_epoch': 10, 'dataset_class': 'TrafficStatePointDataset', 'executor': 'TrafficStateExecutor', 'evaluator': 'TrafficStateEvaluator', 'Ks': 3, 'Kt': 3, 'bidir_adj_mx': True, 'blocks': [[1, 32, 64], [64, 32, 128]], 'calculate_weight_adj': True, 'data_col': ['traffic_speed'], 'data_files': ['METR_LA'], 'device': device(type='cuda', index=0), 'disturb_rate': 0.5, 'dropout': 0, 'dyna': {'including_types': ['state'], 'state': {'entity_id': 'geo_id', 'traffic_speed': 'num'}}, 'evaluator_mode': 'single', 'geo': {'including_types': ['Point'], 'Point': {}}, 'geo_file': 'METR_LA', 'graph_conv_type': 'chebconv', 'init_weight_inf_or_zero': 'inf', 'is_distributed': False, 'metrics': ['MAE', 'MAPE', 'MSE', 'RMSE', 'masked_MAE', 'masked_MAPE', 'masked_MSE', 'masked_RMSE', 'R2', 'EVAR'], 'noise_SD': [10], 'noise_mean': [5], 'noise_type': 'gaussian', 'num_workers': 0, 'output_dim': 1, 'pad_with_last_sample': True, 'rank': 0, 'rel': {'including_types': ['geo'], 'geo': {'cost': 'num'}}, 'rel_file': 'METR_LA', 'robustness_test': False, 'save_mode': ['csv'], 'set_weight_link_or_dist': 'dist', 'stgcn_train_mode': 'quick', 'time_intervals': 300, 'weight_adj_epsilon': 0.1, 'weight_col': 'cost', 'world_size': 1, 'clip_grad_norm': False, 'epoch': 0, 'hyper_tune': False, 'learner': 'rmsprop', 'load_best_epoch': True, 'log_every': 1, 'log_level': 'INFO', 'lr_T_max': 30, 'lr_alpha': 0.99, 'lr_beta1': 0.9, 'lr_beta2': 0.999, 'lr_decay': True, 'lr_decay_ratio': 0.7, 'lr_epsilon': 1e-08, 'lr_eta_min': 0, 'lr_momentum': 0, 'lr_patience': 10, 'lr_scheduler': 'cosineannealinglr', 'lr_threshold': 0.0001, 'max_grad_norm': 1, 'patience': 50, 'step_size': 5, 'steps': [5, 20, 40, 70], 'train_loss': 'none', 'use_early_stop': False, 'weight_decay': 0, 'data_version_id': 'dv_1780556639_bd420fff', 'scaler': 'standard', 'load_external': False, 'normal_external': False, 'ext_scaler': 'none', 'add_time_in_day': False, 'add_day_in_week': False, 'cache_dataset': True, 'input_window': 12, 'output_window': 12, 'exp_id': '20260604_150742__traffic_state_pred__STGCN__METR_LA'}
2026-06-04 15:07:44,023 - INFO - You select quick mode to train STGCN model.
2026-06-04 15:07:44,080 - INFO - Chebyshev_polynomial_Lk shape: (3, 207, 207)
2026-06-04 15:07:44,175 - INFO - STGCN(
  (st_conv1): STConvBlock(
    (tconv1): TemporalConvLayer(
      (align): Align()
      (conv): Conv2d(1, 64, kernel_size=(3, 1), stride=(1, 1))
    )
    (sconv): SpatioConvLayer(
      (align): Align()
    )
    (tconv2): TemporalConvLayer(
      (align): Align()
      (conv): Conv2d(32, 64, kernel_size=(3, 1), stride=(1, 1))
    )
    (ln): LayerNorm((207, 64), eps=1e-05, elementwise_affine=True)
    (dropout): Dropout(p=0, inplace=False)
  )
  (st_conv2): STConvBlock(
    (tconv1): TemporalConvLayer(
      (align): Align(
        (conv1x1): Conv2d(64, 32, kernel_size=(1, 1), stride=(1, 1))
      )
      (conv): Conv2d(64, 64, kernel_size=(3, 1), stride=(1, 1))
    )
    (sconv): SpatioConvLayer(
      (align): Align()
    )
    (tconv2): TemporalConvLayer(
      (align): Align()
      (conv): Conv2d(32, 128, kernel_size=(3, 1), stride=(1, 1))
    )
    (ln): LayerNorm((207, 128), eps=1e-05, elementwise_affine=True)
    (dropout): Dropout(p=0, inplace=False)
  )
  (output): OutputLayer(
    (tconv1): TemporalConvLayer(
      (align): Align()
      (conv): Conv2d(128, 256, kernel_size=(4, 1), stride=(1, 1))
    )
    (ln): LayerNorm((207, 128), eps=1e-05, elementwise_affine=True)
    (tconv2): TemporalConvLayer(
      (align): Align()
      (conv): Conv2d(128, 128, kernel_size=(1, 1), stride=(1, 1))
    )
    (fc): FullyConvLayer(
      (conv): Conv2d(128, 1, kernel_size=(1, 1), stride=(1, 1))
    )
  )
)
2026-06-04 15:07:44,176 - INFO - st_conv1.tconv1.conv.weight	torch.Size([64, 1, 3, 1])	cuda:0	True
2026-06-04 15:07:44,176 - INFO - st_conv1.tconv1.conv.bias	torch.Size([64])	cuda:0	True
2026-06-04 15:07:44,176 - INFO - st_conv1.sconv.theta	torch.Size([32, 32, 3])	cuda:0	True
2026-06-04 15:07:44,176 - INFO - st_conv1.sconv.b	torch.Size([1, 32, 1, 1])	cuda:0	True
2026-06-04 15:07:44,176 - INFO - st_conv1.tconv2.conv.weight	torch.Size([64, 32, 3, 1])	cuda:0	True
2026-06-04 15:07:44,176 - INFO - st_conv1.tconv2.conv.bias	torch.Size([64])	cuda:0	True
2026-06-04 15:07:44,176 - INFO - st_conv1.ln.weight	torch.Size([207, 64])	cuda:0	True
2026-06-04 15:07:44,176 - INFO - st_conv1.ln.bias	torch.Size([207, 64])	cuda:0	True
2026-06-04 15:07:44,176 - INFO - st_conv2.tconv1.align.conv1x1.weight	torch.Size([32, 64, 1, 1])	cuda:0	True
2026-06-04 15:07:44,176 - INFO - st_conv2.tconv1.align.conv1x1.bias	torch.Size([32])	cuda:0	True
2026-06-04 15:07:44,176 - INFO - st_conv2.tconv1.conv.weight	torch.Size([64, 64, 3, 1])	cuda:0	True
2026-06-04 15:07:44,176 - INFO - st_conv2.tconv1.conv.bias	torch.Size([64])	cuda:0	True
2026-06-04 15:07:44,176 - INFO - st_conv2.sconv.theta	torch.Size([32, 32, 3])	cuda:0	True
2026-06-04 15:07:44,176 - INFO - st_conv2.sconv.b	torch.Size([1, 32, 1, 1])	cuda:0	True
2026-06-04 15:07:44,176 - INFO - st_conv2.tconv2.conv.weight	torch.Size([128, 32, 3, 1])	cuda:0	True
2026-06-04 15:07:44,176 - INFO - st_conv2.tconv2.conv.bias	torch.Size([128])	cuda:0	True
2026-06-04 15:07:44,176 - INFO - st_conv2.ln.weight	torch.Size([207, 128])	cuda:0	True
2026-06-04 15:07:44,176 - INFO - st_conv2.ln.bias	torch.Size([207, 128])	cuda:0	True
2026-06-04 15:07:44,176 - INFO - output.tconv1.conv.weight	torch.Size([256, 128, 4, 1])	cuda:0	True
2026-06-04 15:07:44,176 - INFO - output.tconv1.conv.bias	torch.Size([256])	cuda:0	True
2026-06-04 15:07:44,176 - INFO - output.ln.weight	torch.Size([207, 128])	cuda:0	True
2026-06-04 15:07:44,178 - INFO - output.ln.bias	torch.Size([207, 128])	cuda:0	True
2026-06-04 15:07:44,178 - INFO - output.tconv2.conv.weight	torch.Size([128, 128, 1, 1])	cuda:0	True
2026-06-04 15:07:44,178 - INFO - output.tconv2.conv.bias	torch.Size([128])	cuda:0	True
2026-06-04 15:07:44,178 - INFO - output.fc.conv.weight	torch.Size([1, 128, 1, 1])	cuda:0	True
2026-06-04 15:07:44,178 - INFO - output.fc.conv.bias	torch.Size([1])	cuda:0	True
2026-06-04 15:07:44,178 - INFO - Total parameter numbers: 319969
2026-06-04 15:07:44,178 - INFO - Enable AMP training (dtype=float16).
2026-06-04 15:07:44,178 - INFO - You select `rmsprop` optimizer.
2026-06-04 15:07:45,929 - INFO - You select `cosineannealinglr` lr_scheduler.
2026-06-04 15:07:45,929 - WARNING - Received none train loss func and will use the loss func defined in the model.
2026-06-04 15:07:45,929 - INFO - Start training ...
2026-06-04 15:07:45,929 - INFO - num_batches:323
2026-06-04 15:07:51,484 - INFO - epoch complete!
2026-06-04 15:07:51,485 - INFO - evaluating now!
2026-06-04 15:07:55,652 - INFO - Epoch [0/10] train_loss: 68.1905, val_loss: 141.8655, lr: 0.000499, 9.72s
2026-06-04 15:07:55,667 - INFO - Saved model at 0
2026-06-04 15:07:55,667 - INFO - Val loss decrease from inf to 141.8655, saving to D:\a_code\A_Agent\projects\LibCity\outputs\20260604_150742__traffic_state_pred__STGCN__METR_LA\model_cache/STGCN_METR_LA_epoch0.tar
2026-06-04 15:08:00,251 - INFO - epoch complete!
2026-06-04 15:08:00,252 - INFO - evaluating now!
2026-06-04 15:08:04,437 - INFO - Epoch [1/10] train_loss: 41.4009, val_loss: 127.8740, lr: 0.000495, 8.77s
2026-06-04 15:08:04,448 - INFO - Saved model at 1
2026-06-04 15:08:04,449 - INFO - Val loss decrease from 141.8655 to 127.8740, saving to D:\a_code\A_Agent\projects\LibCity\outputs\20260604_150742__traffic_state_pred__STGCN__METR_LA\model_cache/STGCN_METR_LA_epoch1.tar
2026-06-04 15:08:09,081 - INFO - epoch complete!
2026-06-04 15:08:09,081 - INFO - evaluating now!
2026-06-04 15:08:13,201 - INFO - Epoch [2/10] train_loss: 40.5260, val_loss: 117.5701, lr: 0.000488, 8.75s
2026-06-04 15:08:13,223 - INFO - Saved model at 2
2026-06-04 15:08:13,223 - INFO - Val loss decrease from 127.8740 to 117.5701, saving to D:\a_code\A_Agent\projects\LibCity\outputs\20260604_150742__traffic_state_pred__STGCN__METR_LA\model_cache/STGCN_METR_LA_epoch2.tar
2026-06-04 15:08:17,833 - INFO - epoch complete!
2026-06-04 15:08:17,833 - INFO - evaluating now!
2026-06-04 15:08:21,935 - INFO - Epoch [3/10] train_loss: 39.4647, val_loss: 155.9731, lr: 0.000478, 8.71s
2026-06-04 15:08:26,409 - INFO - epoch complete!
2026-06-04 15:08:26,409 - INFO - evaluating now!
2026-06-04 15:08:30,530 - INFO - Epoch [4/10] train_loss: 38.8660, val_loss: 114.9122, lr: 0.000467, 8.59s
2026-06-04 15:08:30,552 - INFO - Saved model at 4
2026-06-04 15:08:30,552 - INFO - Val loss decrease from 117.5701 to 114.9122, saving to D:\a_code\A_Agent\projects\LibCity\outputs\20260604_150742__traffic_state_pred__STGCN__METR_LA\model_cache/STGCN_METR_LA_epoch4.tar
2026-06-04 15:08:35,201 - INFO - epoch complete!
2026-06-04 15:08:35,201 - INFO - evaluating now!
2026-06-04 15:08:39,331 - INFO - Epoch [5/10] train_loss: 38.2198, val_loss: 148.1096, lr: 0.000452, 8.78s
2026-06-04 15:08:43,894 - INFO - epoch complete!
2026-06-04 15:08:43,894 - INFO - evaluating now!
2026-06-04 15:08:48,049 - INFO - Epoch [6/10] train_loss: 37.7026, val_loss: 186.7644, lr: 0.000436, 8.72s
2026-06-04 15:08:52,667 - INFO - epoch complete!
2026-06-04 15:08:52,667 - INFO - evaluating now!
2026-06-04 15:08:56,781 - INFO - Epoch [7/10] train_loss: 37.3743, val_loss: 111.9904, lr: 0.000417, 8.73s
2026-06-04 15:08:56,802 - INFO - Saved model at 7
2026-06-04 15:08:56,802 - INFO - Val loss decrease from 114.9122 to 111.9904, saving to D:\a_code\A_Agent\projects\LibCity\outputs\20260604_150742__traffic_state_pred__STGCN__METR_LA\model_cache/STGCN_METR_LA_epoch7.tar
2026-06-04 15:09:01,429 - INFO - epoch complete!
2026-06-04 15:09:01,429 - INFO - evaluating now!
2026-06-04 15:09:05,600 - INFO - Epoch [8/10] train_loss: 37.1573, val_loss: 1793.8707, lr: 0.000397, 8.80s
2026-06-04 15:09:10,278 - INFO - epoch complete!
2026-06-04 15:09:10,278 - INFO - evaluating now!
2026-06-04 15:09:14,261 - INFO - Epoch [9/10] train_loss: 36.4736, val_loss: 112.7912, lr: 0.000375, 8.66s
2026-06-04 15:09:14,261 - INFO - Trained totally 10 epochs, average train time is 4.699s, average eval time is 4.124s
2026-06-04 15:09:14,282 - INFO - Loaded model at 7
2026-06-04 15:09:14,282 - INFO - Saved model at D:\a_code\A_Agent\projects\LibCity\outputs\20260604_150742__traffic_state_pred__STGCN__METR_LA\model_cache\STGCN_METR_LA.m
2026-06-04 15:09:14,303 - INFO - Start evaluating ...
2026-06-04 15:09:22,659 - INFO - Note that you select the single mode to evaluate!
2026-06-04 15:09:22,672 - INFO - Evaluate result is saved at D:\a_code\A_Agent\projects\LibCity\outputs\20260604_150742__traffic_state_pred__STGCN__METR_LA\evaluate_cache\2026_06_04_15_09_22_STGCN_METR_LA.csv
2026-06-04 15:09:22,684 - INFO - 
         MAE      MAPE         MSE  ...  masked_RMSE        R2      EVAR
1   2.914942  0.064813   42.372066  ...     5.264112  0.917930  0.918112
2   3.493814  0.081157   66.831497  ...     6.664119  0.870558  0.871287
3   3.984930  0.095597   89.060760  ...     7.723636  0.827494  0.828973
4   4.456695  0.108900  110.678932  ...     8.665156  0.785650  0.787803
5   4.916883  0.121601  131.404816  ...     9.465137  0.745479  0.748414
6   5.358626  0.133620  151.192886  ...    10.155041  0.707070  0.710918
7   5.751277  0.144608  170.220215  ...    10.781893  0.670301  0.674956
8   6.124359  0.155032  188.382935  ...    11.354628  0.635112  0.640610
9   6.451167  0.164284  203.957260  ...    11.821054  0.604981  0.611259
10  6.742913  0.172650  218.008987  ...    12.236326  0.577816  0.584832
11  7.024584  0.180420  231.514450  ...    12.621488  0.551682  0.559403
12  7.290961  0.187497  244.655441  ...    12.977707  0.526241  0.534620

[12 rows x 10 columns]
