2026-05-18 14:25:01,026 - INFO - Log directory: /home/lizhuoxuan/lzq/Bigscity-LibCity-master/outputs/20260518_142501__traffic_state_pred__new_diffusion_fuzzy_2__PEMSD4/logs
2026-05-18 14:25:01,167 - INFO - Log directory: /home/lizhuoxuan/lzq/Bigscity-LibCity-master/outputs/20260518_142501__traffic_state_pred__new_diffusion_fuzzy_2__PEMSD4/logs
2026-05-18 14:25:01,168 - INFO - Begin artifact training pipeline, task=traffic_state_pred, model_name=new_diffusion_fuzzy_2, dataset_name=PEMSD4, exp_id=20260518_142501__traffic_state_pred__new_diffusion_fuzzy_2__PEMSD4
2026-05-18 14:25:01,168 - INFO - {'task': 'traffic_state_pred', 'model': 'new_diffusion_fuzzy_2', 'dataset': 'PEMSD4', 'saved_model': True, 'train': True, 'seed': 42, 'train_rate': 0.6, 'eval_rate': 0.2, 'batch_size': 64, 'learning_rate': 0.0003, 'max_epoch': 5, 'dataset_class': 'TrafficStatePointDataset', 'executor': 'DiffusionTrafficStateExecutor', 'evaluator': 'TrafficStateEvaluator', 'adaptive_graph_blend_init': 0.5, 'adaptive_graph_embed_dim': 32, 'adaptive_graph_topk': 12, 'beta_end': 0.01, 'beta_start': 0.0001, 'calculate_weight_adj': False, 'data_col': ['traffic_flow', 'traffic_occupancy', 'traffic_speed'], 'data_files': ['PEMSD4'], 'ddim_eta': 0.3, 'denoiser_layers': 4, 'device': device(type='cuda', index=0), 'diffusion_schedule': 'linear', 'diffusion_steps': 100, 'disturb_rate': 0.5, 'dropout': 0.1, 'dyna': {'including_types': ['state'], 'state': {'entity_id': 'geo_id', 'traffic_flow': 'num', 'traffic_occupancy': 'num', 'traffic_speed': 'num'}}, 'encoder_layers': 2, 'eval_batch_size': 32, 'evaluator_mode': 'single', 'ffn_hidden_dim': 256, 'flow_conservation_coeff': 1, 'fuzzy_conservation_temperature': 8, 'fuzzy_conservation_threshold': 0.6, 'fuzzy_graph_num_sets': 3, 'fuzzy_graph_sigma_init': 0.7, 'geo': {'including_types': ['Point'], 'Point': {}}, 'geo_file': 'PEMSD4', 'graph_k_hop': 2, 'hidden_dim': 128, 'init_weight_inf_or_zero': 'zero', 'is_distributed': True, 'lr_decay_ratio': 0.5, 'lr_patience': 5, 'lr_threshold': 0.001, 'metrics': ['MAE', 'MAPE', 'MSE', 'RMSE', 'masked_MAE', 'masked_MAPE', 'masked_MSE', 'masked_RMSE', 'R2', 'EVAR'], 'noise_SD': [10], 'noise_mean': [5], 'noise_type': 'gaussian', 'num_heads': 4, 'num_prediction_samples': 2, 'num_sampling_steps': 100, 'num_workers': 0, 'output_dim': 3, 'pad_with_last_sample': True, 'physics_channel_idx': 0, 'physics_loss_weight': 0, 'physics_warmup_mode': 'linear', 'physics_warmup_start_ratio': 0.2, 'physics_warmup_steps': 3000, 'prediction_clamp_max': 3, 'prediction_clamp_min': -3, 'rank': 0, 'rel': {'including_types': ['geo'], 'geo': {'cost': 'num'}}, 'rel_file': 'PEMSD4', 'robustness_test': False, 'sampling_method': 'ddpm', 'save_mode': ['csv'], 'scale_lr': False, 'set_weight_link_or_dist': 'link', 'time_intervals': 300, 'use_adaptive_graph': True, 'use_amp': True, 'use_fuzzy_conservation': True, 'use_fuzzy_graph': True, 'use_gradient_checkpointing': False, 'use_spatiotemporal_attention': True, 'use_temporal_position_embedding': True, 'weight_adj_epsilon': 0.1, 'weight_col': 'cost', 'world_size': 2, 'clip_grad_norm': True, 'epoch': 0, 'gpu': True, 'gpu_id': 0, 'learner': 'adamw', 'load_best_epoch': True, 'log_every': 1, 'lr_T_max': 100, 'lr_decay': True, 'lr_eta_min': 1e-05, 'lr_scheduler': 'reducelronplateau', 'max_grad_norm': 3, 'patience': 30, 'train_loss': 'none', 'use_early_stop': True, 'weight_decay': 0.0001, 'data_version_id': 'dv_1779079885_200e2aed', 'input_window': 12, 'output_window': 12, 'scaler': 'standard', 'load_external': False, 'normal_external': False, 'add_time_in_day': True, 'add_day_in_week': True, 'cache_dataset': True, 'ext_scaler': 'none', 'local_rank': 0, 'dist_backend': 'nccl', 'exp_id': '20260518_142501__traffic_state_pred__new_diffusion_fuzzy_2__PEMSD4'}
2026-05-18 14:25:11,070 - INFO - Enable AMP training (dtype=float16).
2026-05-18 14:25:11,070 - INFO - You select `adamw` optimizer.
2026-05-18 14:25:11,071 - INFO - You select `reducelronplateau` lr_scheduler.
2026-05-18 14:25:11,071 - WARNING - Received none train loss func and will use the loss func defined in the model.
2026-05-18 14:25:11,071 - INFO - Start training ...
2026-05-18 14:25:11,071 - INFO - num_batches:80
2026-05-18 14:25:11,074 - INFO - DistributedDataParallel(
  (module): NewDiffusion(
    (condition_encoder): STEncoder(
      (input_projection): Linear(in_features=3, out_features=128, bias=True)
      (blocks): ModuleList(
        (0-1): 2 x STEncoderBlock(
          (temporal_attention): MultiHeadAttention(
            (query_projection): Linear(in_features=128, out_features=128, bias=True)
            (key_projection): Linear(in_features=128, out_features=128, bias=True)
            (value_projection): Linear(in_features=128, out_features=128, bias=True)
            (output_projection): Linear(in_features=128, out_features=128, bias=True)
            (dropout): Dropout(p=0.1, inplace=False)
          )
          (graph_convolution): GraphConvolution(
            (projections): ModuleList(
              (0-2): 3 x Linear(in_features=128, out_features=128, bias=True)
            )
          )
          (feed_forward): FeedForwardNetwork(
            (network): Sequential(
              (0): Linear(in_features=128, out_features=256, bias=True)
              (1): GELU(approximate='none')
              (2): Dropout(p=0.1, inplace=False)
              (3): Linear(in_features=256, out_features=128, bias=True)
              (4): Dropout(p=0.1, inplace=False)
            )
          )
          (norm_temporal): LayerNorm((128,), eps=1e-05, elementwise_affine=True)
          (norm_graph): LayerNorm((128,), eps=1e-05, elementwise_affine=True)
          (norm_ffn): LayerNorm((128,), eps=1e-05, elementwise_affine=True)
          (dropout): Dropout(p=0.1, inplace=False)
        )
      )
      (final_norm): LayerNorm((128,), eps=1e-05, elementwise_affine=True)
    )
    (noise_predictor): AttentionDenoiser(
      (input_projection): Linear(in_features=3, out_features=128, bias=True)
      (time_embedding): SinusoidalTimeEmbedding()
      (time_projection): Sequential(
        (0): Linear(in_features=128, out_features=128, bias=True)
        (1): SiLU()
        (2): Linear(in_features=128, out_features=128, bias=True)
      )
      (condition_fusion): Linear(in_features=256, out_features=128, bias=True)
      (blocks): ModuleList(
        (0-3): 4 x DenoiserBlock(
          (temporal_attention): MultiHeadAttention(
            (query_projection): Linear(in_features=128, out_features=128, bias=True)
            (key_projection): Linear(in_features=128, out_features=128, bias=True)
            (value_projection): Linear(in_features=128, out_features=128, bias=True)
            (output_projection): Linear(in_features=128, out_features=128, bias=True)
            (dropout): Dropout(p=0.1, inplace=False)
          )
          (graph_convolution): GraphConvolution(
            (projections): ModuleList(
              (0-2): 3 x Linear(in_features=128, out_features=128, bias=True)
            )
          )
          (cross_attention): MultiHeadAttention(
            (query_projection): Linear(in_features=128, out_features=128, bias=True)
            (key_projection): Linear(in_features=128, out_features=128, bias=True)
            (value_projection): Linear(in_features=128, out_features=128, bias=True)
            (output_projection): Linear(in_features=128, out_features=128, bias=True)
            (dropout): Dropout(p=0.1, inplace=False)
          )
          (spatiotemporal_attention): MultiHeadAttention(
            (query_projection): Linear(in_features=128, out_features=128, bias=True)
            (key_projection): Linear(in_features=128, out_features=128, bias=True)
            (value_projection): Linear(in_features=128, out_features=128, bias=True)
            (output_projection): Linear(in_features=128, out_features=128, bias=True)
            (dropout): Dropout(p=0.1, inplace=False)
          )
          (feed_forward): FeedForwardNetwork(
            (network): Sequential(
              (0): Linear(in_features=128, out_features=256, bias=True)
              (1): GELU(approximate='none')
              (2): Dropout(p=0.1, inplace=False)
              (3): Linear(in_features=256, out_features=128, bias=True)
              (4): Dropout(p=0.1, inplace=False)
            )
          )
          (norm_temporal): LayerNorm((128,), eps=1e-05, elementwise_affine=True)
          (norm_graph): LayerNorm((128,), eps=1e-05, elementwise_affine=True)
          (norm_cross): LayerNorm((128,), eps=1e-05, elementwise_affine=True)
          (norm_spatiotemporal): LayerNorm((128,), eps=1e-05, elementwise_affine=True)
          (norm_ffn): LayerNorm((128,), eps=1e-05, elementwise_affine=True)
          (dropout): Dropout(p=0.1, inplace=False)
          (time_scale_shift): Sequential(
            (0): SiLU()
            (1): Linear(in_features=128, out_features=256, bias=True)
          )
        )
      )
      (final_norm): LayerNorm((128,), eps=1e-05, elementwise_affine=True)
      (output_projection): Linear(in_features=128, out_features=3, bias=True)
      (adaptive_graph_learner): AdaptiveGraphLearner(
        (feature_projection): Linear(in_features=128, out_features=32, bias=True)
        (time_projection): Linear(in_features=128, out_features=32, bias=True)
      )
    )
    (diffusion_scheduler): DiffusionScheduler()
  )
)
2026-05-18 14:25:11,076 - INFO - module.condition_encoder.temporal_position_embedding	torch.Size([1, 12, 1, 128])	cuda:0	True
2026-05-18 14:25:11,077 - INFO - module.condition_encoder.input_projection.weight	torch.Size([128, 3])	cuda:0	True
2026-05-18 14:25:11,077 - INFO - module.condition_encoder.input_projection.bias	torch.Size([128])	cuda:0	True
2026-05-18 14:25:11,077 - INFO - module.condition_encoder.blocks.0.temporal_attention.query_projection.weight	torch.Size([128, 128])	cuda:0	True
2026-05-18 14:25:11,077 - INFO - module.condition_encoder.blocks.0.temporal_attention.query_projection.bias	torch.Size([128])	cuda:0	True
2026-05-18 14:25:11,077 - INFO - module.condition_encoder.blocks.0.temporal_attention.key_projection.weight	torch.Size([128, 128])	cuda:0	True
2026-05-18 14:25:11,077 - INFO - module.condition_encoder.blocks.0.temporal_attention.key_projection.bias	torch.Size([128])	cuda:0	True
2026-05-18 14:25:11,077 - INFO - module.condition_encoder.blocks.0.temporal_attention.value_projection.weight	torch.Size([128, 128])	cuda:0	True
2026-05-18 14:25:11,077 - INFO - module.condition_encoder.blocks.0.temporal_attention.value_projection.bias	torch.Size([128])	cuda:0	True
2026-05-18 14:25:11,077 - INFO - module.condition_encoder.blocks.0.temporal_attention.output_projection.weight	torch.Size([128, 128])	cuda:0	True
2026-05-18 14:25:11,077 - INFO - module.condition_encoder.blocks.0.temporal_attention.output_projection.bias	torch.Size([128])	cuda:0	True
2026-05-18 14:25:11,077 - INFO - module.condition_encoder.blocks.0.graph_convolution.projections.0.weight	torch.Size([128, 128])	cuda:0	True
2026-05-18 14:25:11,077 - INFO - module.condition_encoder.blocks.0.graph_convolution.projections.0.bias	torch.Size([128])	cuda:0	True
2026-05-18 14:25:11,077 - INFO - module.condition_encoder.blocks.0.graph_convolution.projections.1.weight	torch.Size([128, 128])	cuda:0	True
2026-05-18 14:25:11,077 - INFO - module.condition_encoder.blocks.0.graph_convolution.projections.1.bias	torch.Size([128])	cuda:0	True
2026-05-18 14:25:11,077 - INFO - module.condition_encoder.blocks.0.graph_convolution.projections.2.weight	torch.Size([128, 128])	cuda:0	True
2026-05-18 14:25:11,077 - INFO - module.condition_encoder.blocks.0.graph_convolution.projections.2.bias	torch.Size([128])	cuda:0	True
2026-05-18 14:25:11,077 - INFO - module.condition_encoder.blocks.0.feed_forward.network.0.weight	torch.Size([256, 128])	cuda:0	True
2026-05-18 14:25:11,077 - INFO - module.condition_encoder.blocks.0.feed_forward.network.0.bias	torch.Size([256])	cuda:0	True
2026-05-18 14:25:11,077 - INFO - module.condition_encoder.blocks.0.feed_forward.network.3.weight	torch.Size([128, 256])	cuda:0	True
2026-05-18 14:25:11,077 - INFO - module.condition_encoder.blocks.0.feed_forward.network.3.bias	torch.Size([128])	cuda:0	True
2026-05-18 14:25:11,077 - INFO - module.condition_encoder.blocks.0.norm_temporal.weight	torch.Size([128])	cuda:0	True
2026-05-18 14:25:11,077 - INFO - module.condition_encoder.blocks.0.norm_temporal.bias	torch.Size([128])	cuda:0	True
2026-05-18 14:25:11,077 - INFO - module.condition_encoder.blocks.0.norm_graph.weight	torch.Size([128])	cuda:0	True
2026-05-18 14:25:11,078 - INFO - module.condition_encoder.blocks.0.norm_graph.bias	torch.Size([128])	cuda:0	True
2026-05-18 14:25:11,078 - INFO - module.condition_encoder.blocks.0.norm_ffn.weight	torch.Size([128])	cuda:0	True
2026-05-18 14:25:11,078 - INFO - module.condition_encoder.blocks.0.norm_ffn.bias	torch.Size([128])	cuda:0	True
2026-05-18 14:25:11,078 - INFO - module.condition_encoder.blocks.1.temporal_attention.query_projection.weight	torch.Size([128, 128])	cuda:0	True
2026-05-18 14:25:11,078 - INFO - module.condition_encoder.blocks.1.temporal_attention.query_projection.bias	torch.Size([128])	cuda:0	True
2026-05-18 14:25:11,078 - INFO - module.condition_encoder.blocks.1.temporal_attention.key_projection.weight	torch.Size([128, 128])	cuda:0	True
2026-05-18 14:25:11,078 - INFO - module.condition_encoder.blocks.1.temporal_attention.key_projection.bias	torch.Size([128])	cuda:0	True
2026-05-18 14:25:11,078 - INFO - module.condition_encoder.blocks.1.temporal_attention.value_projection.weight	torch.Size([128, 128])	cuda:0	True
2026-05-18 14:25:11,078 - INFO - module.condition_encoder.blocks.1.temporal_attention.value_projection.bias	torch.Size([128])	cuda:0	True
2026-05-18 14:25:11,078 - INFO - module.condition_encoder.blocks.1.temporal_attention.output_projection.weight	torch.Size([128, 128])	cuda:0	True
2026-05-18 14:25:11,078 - INFO - module.condition_encoder.blocks.1.temporal_attention.output_projection.bias	torch.Size([128])	cuda:0	True
2026-05-18 14:25:11,078 - INFO - module.condition_encoder.blocks.1.graph_convolution.projections.0.weight	torch.Size([128, 128])	cuda:0	True
2026-05-18 14:25:11,078 - INFO - module.condition_encoder.blocks.1.graph_convolution.projections.0.bias	torch.Size([128])	cuda:0	True
2026-05-18 14:25:11,078 - INFO - module.condition_encoder.blocks.1.graph_convolution.projections.1.weight	torch.Size([128, 128])	cuda:0	True
2026-05-18 14:25:11,078 - INFO - module.condition_encoder.blocks.1.graph_convolution.projections.1.bias	torch.Size([128])	cuda:0	True
2026-05-18 14:25:11,078 - INFO - module.condition_encoder.blocks.1.graph_convolution.projections.2.weight	torch.Size([128, 128])	cuda:0	True
2026-05-18 14:25:11,078 - INFO - module.condition_encoder.blocks.1.graph_convolution.projections.2.bias	torch.Size([128])	cuda:0	True
2026-05-18 14:25:11,078 - INFO - module.condition_encoder.blocks.1.feed_forward.network.0.weight	torch.Size([256, 128])	cuda:0	True
2026-05-18 14:25:11,078 - INFO - module.condition_encoder.blocks.1.feed_forward.network.0.bias	torch.Size([256])	cuda:0	True
2026-05-18 14:25:11,078 - INFO - module.condition_encoder.blocks.1.feed_forward.network.3.weight	torch.Size([128, 256])	cuda:0	True
2026-05-18 14:25:11,078 - INFO - module.condition_encoder.blocks.1.feed_forward.network.3.bias	torch.Size([128])	cuda:0	True
2026-05-18 14:25:11,078 - INFO - module.condition_encoder.blocks.1.norm_temporal.weight	torch.Size([128])	cuda:0	True
2026-05-18 14:25:11,078 - INFO - module.condition_encoder.blocks.1.norm_temporal.bias	torch.Size([128])	cuda:0	True
2026-05-18 14:25:11,078 - INFO - module.condition_encoder.blocks.1.norm_graph.weight	torch.Size([128])	cuda:0	True
2026-05-18 14:25:11,078 - INFO - module.condition_encoder.blocks.1.norm_graph.bias	torch.Size([128])	cuda:0	True
2026-05-18 14:25:11,078 - INFO - module.condition_encoder.blocks.1.norm_ffn.weight	torch.Size([128])	cuda:0	True
2026-05-18 14:25:11,079 - INFO - module.condition_encoder.blocks.1.norm_ffn.bias	torch.Size([128])	cuda:0	True
2026-05-18 14:25:11,079 - INFO - module.condition_encoder.final_norm.weight	torch.Size([128])	cuda:0	True
2026-05-18 14:25:11,079 - INFO - module.condition_encoder.final_norm.bias	torch.Size([128])	cuda:0	True
2026-05-18 14:25:11,079 - INFO - module.noise_predictor.future_position_embedding	torch.Size([1, 12, 1, 128])	cuda:0	True
2026-05-18 14:25:11,079 - INFO - module.noise_predictor.condition_temporal_weight	torch.Size([12])	cuda:0	True
2026-05-18 14:25:11,079 - INFO - module.noise_predictor.input_projection.weight	torch.Size([128, 3])	cuda:0	True
2026-05-18 14:25:11,079 - INFO - module.noise_predictor.input_projection.bias	torch.Size([128])	cuda:0	True
2026-05-18 14:25:11,079 - INFO - module.noise_predictor.time_projection.0.weight	torch.Size([128, 128])	cuda:0	True
2026-05-18 14:25:11,079 - INFO - module.noise_predictor.time_projection.0.bias	torch.Size([128])	cuda:0	True
2026-05-18 14:25:11,079 - INFO - module.noise_predictor.time_projection.2.weight	torch.Size([128, 128])	cuda:0	True
2026-05-18 14:25:11,079 - INFO - module.noise_predictor.time_projection.2.bias	torch.Size([128])	cuda:0	True
2026-05-18 14:25:11,079 - INFO - module.noise_predictor.condition_fusion.weight	torch.Size([128, 256])	cuda:0	True
2026-05-18 14:25:11,079 - INFO - module.noise_predictor.condition_fusion.bias	torch.Size([128])	cuda:0	True
2026-05-18 14:25:11,079 - INFO - module.noise_predictor.blocks.0.temporal_attention.query_projection.weight	torch.Size([128, 128])	cuda:0	True
2026-05-18 14:25:11,079 - INFO - module.noise_predictor.blocks.0.temporal_attention.query_projection.bias	torch.Size([128])	cuda:0	True
2026-05-18 14:25:11,079 - INFO - module.noise_predictor.blocks.0.temporal_attention.key_projection.weight	torch.Size([128, 128])	cuda:0	True
2026-05-18 14:25:11,079 - INFO - module.noise_predictor.blocks.0.temporal_attention.key_projection.bias	torch.Size([128])	cuda:0	True
2026-05-18 14:25:11,079 - INFO - module.noise_predictor.blocks.0.temporal_attention.value_projection.weight	torch.Size([128, 128])	cuda:0	True
2026-05-18 14:25:11,079 - INFO - module.noise_predictor.blocks.0.temporal_attention.value_projection.bias	torch.Size([128])	cuda:0	True
2026-05-18 14:25:11,079 - INFO - module.noise_predictor.blocks.0.temporal_attention.output_projection.weight	torch.Size([128, 128])	cuda:0	True
2026-05-18 14:25:11,079 - INFO - module.noise_predictor.blocks.0.temporal_attention.output_projection.bias	torch.Size([128])	cuda:0	True
2026-05-18 14:25:11,079 - INFO - module.noise_predictor.blocks.0.graph_convolution.projections.0.weight	torch.Size([128, 128])	cuda:0	True
2026-05-18 14:25:11,079 - INFO - module.noise_predictor.blocks.0.graph_convolution.projections.0.bias	torch.Size([128])	cuda:0	True
2026-05-18 14:25:11,079 - INFO - module.noise_predictor.blocks.0.graph_convolution.projections.1.weight	torch.Size([128, 128])	cuda:0	True
2026-05-18 14:25:11,079 - INFO - module.noise_predictor.blocks.0.graph_convolution.projections.1.bias	torch.Size([128])	cuda:0	True
2026-05-18 14:25:11,079 - INFO - module.noise_predictor.blocks.0.graph_convolution.projections.2.weight	torch.Size([128, 128])	cuda:0	True
2026-05-18 14:25:11,079 - INFO - module.noise_predictor.blocks.0.graph_convolution.projections.2.bias	torch.Size([128])	cuda:0	True
2026-05-18 14:25:11,080 - INFO - module.noise_predictor.blocks.0.cross_attention.query_projection.weight	torch.Size([128, 128])	cuda:0	True
2026-05-18 14:25:11,080 - INFO - module.noise_predictor.blocks.0.cross_attention.query_projection.bias	torch.Size([128])	cuda:0	True
2026-05-18 14:25:11,080 - INFO - module.noise_predictor.blocks.0.cross_attention.key_projection.weight	torch.Size([128, 128])	cuda:0	True
2026-05-18 14:25:11,080 - INFO - module.noise_predictor.blocks.0.cross_attention.key_projection.bias	torch.Size([128])	cuda:0	True
2026-05-18 14:25:11,080 - INFO - module.noise_predictor.blocks.0.cross_attention.value_projection.weight	torch.Size([128, 128])	cuda:0	True
2026-05-18 14:25:11,080 - INFO - module.noise_predictor.blocks.0.cross_attention.value_projection.bias	torch.Size([128])	cuda:0	True
2026-05-18 14:25:11,080 - INFO - module.noise_predictor.blocks.0.cross_attention.output_projection.weight	torch.Size([128, 128])	cuda:0	True
2026-05-18 14:25:11,080 - INFO - module.noise_predictor.blocks.0.cross_attention.output_projection.bias	torch.Size([128])	cuda:0	True
2026-05-18 14:25:11,080 - INFO - module.noise_predictor.blocks.0.spatiotemporal_attention.query_projection.weight	torch.Size([128, 128])	cuda:0	True
2026-05-18 14:25:11,080 - INFO - module.noise_predictor.blocks.0.spatiotemporal_attention.query_projection.bias	torch.Size([128])	cuda:0	True
2026-05-18 14:25:11,080 - INFO - module.noise_predictor.blocks.0.spatiotemporal_attention.key_projection.weight	torch.Size([128, 128])	cuda:0	True
2026-05-18 14:25:11,080 - INFO - module.noise_predictor.blocks.0.spatiotemporal_attention.key_projection.bias	torch.Size([128])	cuda:0	True
2026-05-18 14:25:11,080 - INFO - module.noise_predictor.blocks.0.spatiotemporal_attention.value_projection.weight	torch.Size([128, 128])	cuda:0	True
2026-05-18 14:25:11,080 - INFO - module.noise_predictor.blocks.0.spatiotemporal_attention.value_projection.bias	torch.Size([128])	cuda:0	True
2026-05-18 14:25:11,080 - INFO - module.noise_predictor.blocks.0.spatiotemporal_attention.output_projection.weight	torch.Size([128, 128])	cuda:0	True
2026-05-18 14:25:11,080 - INFO - module.noise_predictor.blocks.0.spatiotemporal_attention.output_projection.bias	torch.Size([128])	cuda:0	True
2026-05-18 14:25:11,080 - INFO - module.noise_predictor.blocks.0.feed_forward.network.0.weight	torch.Size([256, 128])	cuda:0	True
2026-05-18 14:25:11,080 - INFO - module.noise_predictor.blocks.0.feed_forward.network.0.bias	torch.Size([256])	cuda:0	True
2026-05-18 14:25:11,080 - INFO - module.noise_predictor.blocks.0.feed_forward.network.3.weight	torch.Size([128, 256])	cuda:0	True
2026-05-18 14:25:11,080 - INFO - module.noise_predictor.blocks.0.feed_forward.network.3.bias	torch.Size([128])	cuda:0	True
2026-05-18 14:25:11,080 - INFO - module.noise_predictor.blocks.0.norm_temporal.weight	torch.Size([128])	cuda:0	True
2026-05-18 14:25:11,080 - INFO - module.noise_predictor.blocks.0.norm_temporal.bias	torch.Size([128])	cuda:0	True
2026-05-18 14:25:11,080 - INFO - module.noise_predictor.blocks.0.norm_graph.weight	torch.Size([128])	cuda:0	True
2026-05-18 14:25:11,080 - INFO - module.noise_predictor.blocks.0.norm_graph.bias	torch.Size([128])	cuda:0	True
2026-05-18 14:25:11,080 - INFO - module.noise_predictor.blocks.0.norm_cross.weight	torch.Size([128])	cuda:0	True
2026-05-18 14:25:11,080 - INFO - module.noise_predictor.blocks.0.norm_cross.bias	torch.Size([128])	cuda:0	True
2026-05-18 14:25:11,081 - INFO - module.noise_predictor.blocks.0.norm_spatiotemporal.weight	torch.Size([128])	cuda:0	True
2026-05-18 14:25:11,081 - INFO - module.noise_predictor.blocks.0.norm_spatiotemporal.bias	torch.Size([128])	cuda:0	True
2026-05-18 14:25:11,081 - INFO - module.noise_predictor.blocks.0.norm_ffn.weight	torch.Size([128])	cuda:0	True
2026-05-18 14:25:11,081 - INFO - module.noise_predictor.blocks.0.norm_ffn.bias	torch.Size([128])	cuda:0	True
2026-05-18 14:25:11,081 - INFO - module.noise_predictor.blocks.0.time_scale_shift.1.weight	torch.Size([256, 128])	cuda:0	True
2026-05-18 14:25:11,081 - INFO - module.noise_predictor.blocks.0.time_scale_shift.1.bias	torch.Size([256])	cuda:0	True
2026-05-18 14:25:11,081 - INFO - module.noise_predictor.blocks.1.temporal_attention.query_projection.weight	torch.Size([128, 128])	cuda:0	True
2026-05-18 14:25:11,081 - INFO - module.noise_predictor.blocks.1.temporal_attention.query_projection.bias	torch.Size([128])	cuda:0	True
2026-05-18 14:25:11,081 - INFO - module.noise_predictor.blocks.1.temporal_attention.key_projection.weight	torch.Size([128, 128])	cuda:0	True
2026-05-18 14:25:11,081 - INFO - module.noise_predictor.blocks.1.temporal_attention.key_projection.bias	torch.Size([128])	cuda:0	True
2026-05-18 14:25:11,081 - INFO - module.noise_predictor.blocks.1.temporal_attention.value_projection.weight	torch.Size([128, 128])	cuda:0	True
2026-05-18 14:25:11,081 - INFO - module.noise_predictor.blocks.1.temporal_attention.value_projection.bias	torch.Size([128])	cuda:0	True
2026-05-18 14:25:11,081 - INFO - module.noise_predictor.blocks.1.temporal_attention.output_projection.weight	torch.Size([128, 128])	cuda:0	True
2026-05-18 14:25:11,081 - INFO - module.noise_predictor.blocks.1.temporal_attention.output_projection.bias	torch.Size([128])	cuda:0	True
2026-05-18 14:25:11,081 - INFO - module.noise_predictor.blocks.1.graph_convolution.projections.0.weight	torch.Size([128, 128])	cuda:0	True
2026-05-18 14:25:11,081 - INFO - module.noise_predictor.blocks.1.graph_convolution.projections.0.bias	torch.Size([128])	cuda:0	True
2026-05-18 14:25:11,081 - INFO - module.noise_predictor.blocks.1.graph_convolution.projections.1.weight	torch.Size([128, 128])	cuda:0	True
2026-05-18 14:25:11,081 - INFO - module.noise_predictor.blocks.1.graph_convolution.projections.1.bias	torch.Size([128])	cuda:0	True
2026-05-18 14:25:11,081 - INFO - module.noise_predictor.blocks.1.graph_convolution.projections.2.weight	torch.Size([128, 128])	cuda:0	True
2026-05-18 14:25:11,081 - INFO - module.noise_predictor.blocks.1.graph_convolution.projections.2.bias	torch.Size([128])	cuda:0	True
2026-05-18 14:25:11,081 - INFO - module.noise_predictor.blocks.1.cross_attention.query_projection.weight	torch.Size([128, 128])	cuda:0	True
2026-05-18 14:25:11,081 - INFO - module.noise_predictor.blocks.1.cross_attention.query_projection.bias	torch.Size([128])	cuda:0	True
2026-05-18 14:25:11,081 - INFO - module.noise_predictor.blocks.1.cross_attention.key_projection.weight	torch.Size([128, 128])	cuda:0	True
2026-05-18 14:25:11,081 - INFO - module.noise_predictor.blocks.1.cross_attention.key_projection.bias	torch.Size([128])	cuda:0	True
2026-05-18 14:25:11,081 - INFO - module.noise_predictor.blocks.1.cross_attention.value_projection.weight	torch.Size([128, 128])	cuda:0	True
2026-05-18 14:25:11,081 - INFO - module.noise_predictor.blocks.1.cross_attention.value_projection.bias	torch.Size([128])	cuda:0	True
2026-05-18 14:25:11,081 - INFO - module.noise_predictor.blocks.1.cross_attention.output_projection.weight	torch.Size([128, 128])	cuda:0	True
2026-05-18 14:25:11,082 - INFO - module.noise_predictor.blocks.1.cross_attention.output_projection.bias	torch.Size([128])	cuda:0	True
2026-05-18 14:25:11,082 - INFO - module.noise_predictor.blocks.1.spatiotemporal_attention.query_projection.weight	torch.Size([128, 128])	cuda:0	True
2026-05-18 14:25:11,082 - INFO - module.noise_predictor.blocks.1.spatiotemporal_attention.query_projection.bias	torch.Size([128])	cuda:0	True
2026-05-18 14:25:11,082 - INFO - module.noise_predictor.blocks.1.spatiotemporal_attention.key_projection.weight	torch.Size([128, 128])	cuda:0	True
2026-05-18 14:25:11,082 - INFO - module.noise_predictor.blocks.1.spatiotemporal_attention.key_projection.bias	torch.Size([128])	cuda:0	True
2026-05-18 14:25:11,082 - INFO - module.noise_predictor.blocks.1.spatiotemporal_attention.value_projection.weight	torch.Size([128, 128])	cuda:0	True
2026-05-18 14:25:11,082 - INFO - module.noise_predictor.blocks.1.spatiotemporal_attention.value_projection.bias	torch.Size([128])	cuda:0	True
2026-05-18 14:25:11,082 - INFO - module.noise_predictor.blocks.1.spatiotemporal_attention.output_projection.weight	torch.Size([128, 128])	cuda:0	True
2026-05-18 14:25:11,082 - INFO - module.noise_predictor.blocks.1.spatiotemporal_attention.output_projection.bias	torch.Size([128])	cuda:0	True
2026-05-18 14:25:11,082 - INFO - module.noise_predictor.blocks.1.feed_forward.network.0.weight	torch.Size([256, 128])	cuda:0	True
2026-05-18 14:25:11,082 - INFO - module.noise_predictor.blocks.1.feed_forward.network.0.bias	torch.Size([256])	cuda:0	True
2026-05-18 14:25:11,082 - INFO - module.noise_predictor.blocks.1.feed_forward.network.3.weight	torch.Size([128, 256])	cuda:0	True
2026-05-18 14:25:11,082 - INFO - module.noise_predictor.blocks.1.feed_forward.network.3.bias	torch.Size([128])	cuda:0	True
2026-05-18 14:25:11,082 - INFO - module.noise_predictor.blocks.1.norm_temporal.weight	torch.Size([128])	cuda:0	True
2026-05-18 14:25:11,082 - INFO - module.noise_predictor.blocks.1.norm_temporal.bias	torch.Size([128])	cuda:0	True
2026-05-18 14:25:11,082 - INFO - module.noise_predictor.blocks.1.norm_graph.weight	torch.Size([128])	cuda:0	True
2026-05-18 14:25:11,082 - INFO - module.noise_predictor.blocks.1.norm_graph.bias	torch.Size([128])	cuda:0	True
2026-05-18 14:25:11,082 - INFO - module.noise_predictor.blocks.1.norm_cross.weight	torch.Size([128])	cuda:0	True
2026-05-18 14:25:11,082 - INFO - module.noise_predictor.blocks.1.norm_cross.bias	torch.Size([128])	cuda:0	True
2026-05-18 14:25:11,082 - INFO - module.noise_predictor.blocks.1.norm_spatiotemporal.weight	torch.Size([128])	cuda:0	True
2026-05-18 14:25:11,082 - INFO - module.noise_predictor.blocks.1.norm_spatiotemporal.bias	torch.Size([128])	cuda:0	True
2026-05-18 14:25:11,082 - INFO - module.noise_predictor.blocks.1.norm_ffn.weight	torch.Size([128])	cuda:0	True
2026-05-18 14:25:11,082 - INFO - module.noise_predictor.blocks.1.norm_ffn.bias	torch.Size([128])	cuda:0	True
2026-05-18 14:25:11,082 - INFO - module.noise_predictor.blocks.1.time_scale_shift.1.weight	torch.Size([256, 128])	cuda:0	True
2026-05-18 14:25:11,082 - INFO - module.noise_predictor.blocks.1.time_scale_shift.1.bias	torch.Size([256])	cuda:0	True
2026-05-18 14:25:11,082 - INFO - module.noise_predictor.blocks.2.temporal_attention.query_projection.weight	torch.Size([128, 128])	cuda:0	True
2026-05-18 14:25:11,082 - INFO - module.noise_predictor.blocks.2.temporal_attention.query_projection.bias	torch.Size([128])	cuda:0	True
2026-05-18 14:25:11,083 - INFO - module.noise_predictor.blocks.2.temporal_attention.key_projection.weight	torch.Size([128, 128])	cuda:0	True
2026-05-18 14:25:11,083 - INFO - module.noise_predictor.blocks.2.temporal_attention.key_projection.bias	torch.Size([128])	cuda:0	True
2026-05-18 14:25:11,083 - INFO - module.noise_predictor.blocks.2.temporal_attention.value_projection.weight	torch.Size([128, 128])	cuda:0	True
2026-05-18 14:25:11,083 - INFO - module.noise_predictor.blocks.2.temporal_attention.value_projection.bias	torch.Size([128])	cuda:0	True
2026-05-18 14:25:11,083 - INFO - module.noise_predictor.blocks.2.temporal_attention.output_projection.weight	torch.Size([128, 128])	cuda:0	True
2026-05-18 14:25:11,083 - INFO - module.noise_predictor.blocks.2.temporal_attention.output_projection.bias	torch.Size([128])	cuda:0	True
2026-05-18 14:25:11,083 - INFO - module.noise_predictor.blocks.2.graph_convolution.projections.0.weight	torch.Size([128, 128])	cuda:0	True
2026-05-18 14:25:11,083 - INFO - module.noise_predictor.blocks.2.graph_convolution.projections.0.bias	torch.Size([128])	cuda:0	True
2026-05-18 14:25:11,083 - INFO - module.noise_predictor.blocks.2.graph_convolution.projections.1.weight	torch.Size([128, 128])	cuda:0	True
2026-05-18 14:25:11,083 - INFO - module.noise_predictor.blocks.2.graph_convolution.projections.1.bias	torch.Size([128])	cuda:0	True
2026-05-18 14:25:11,083 - INFO - module.noise_predictor.blocks.2.graph_convolution.projections.2.weight	torch.Size([128, 128])	cuda:0	True
2026-05-18 14:25:11,083 - INFO - module.noise_predictor.blocks.2.graph_convolution.projections.2.bias	torch.Size([128])	cuda:0	True
2026-05-18 14:25:11,083 - INFO - module.noise_predictor.blocks.2.cross_attention.query_projection.weight	torch.Size([128, 128])	cuda:0	True
2026-05-18 14:25:11,083 - INFO - module.noise_predictor.blocks.2.cross_attention.query_projection.bias	torch.Size([128])	cuda:0	True
2026-05-18 14:25:11,083 - INFO - module.noise_predictor.blocks.2.cross_attention.key_projection.weight	torch.Size([128, 128])	cuda:0	True
2026-05-18 14:25:11,083 - INFO - module.noise_predictor.blocks.2.cross_attention.key_projection.bias	torch.Size([128])	cuda:0	True
2026-05-18 14:25:11,083 - INFO - module.noise_predictor.blocks.2.cross_attention.value_projection.weight	torch.Size([128, 128])	cuda:0	True
2026-05-18 14:25:11,083 - INFO - module.noise_predictor.blocks.2.cross_attention.value_projection.bias	torch.Size([128])	cuda:0	True
2026-05-18 14:25:11,083 - INFO - module.noise_predictor.blocks.2.cross_attention.output_projection.weight	torch.Size([128, 128])	cuda:0	True
2026-05-18 14:25:11,083 - INFO - module.noise_predictor.blocks.2.cross_attention.output_projection.bias	torch.Size([128])	cuda:0	True
2026-05-18 14:25:11,083 - INFO - module.noise_predictor.blocks.2.spatiotemporal_attention.query_projection.weight	torch.Size([128, 128])	cuda:0	True
2026-05-18 14:25:11,083 - INFO - module.noise_predictor.blocks.2.spatiotemporal_attention.query_projection.bias	torch.Size([128])	cuda:0	True
2026-05-18 14:25:11,083 - INFO - module.noise_predictor.blocks.2.spatiotemporal_attention.key_projection.weight	torch.Size([128, 128])	cuda:0	True
2026-05-18 14:25:11,083 - INFO - module.noise_predictor.blocks.2.spatiotemporal_attention.key_projection.bias	torch.Size([128])	cuda:0	True
2026-05-18 14:25:11,083 - INFO - module.noise_predictor.blocks.2.spatiotemporal_attention.value_projection.weight	torch.Size([128, 128])	cuda:0	True
2026-05-18 14:25:11,083 - INFO - module.noise_predictor.blocks.2.spatiotemporal_attention.value_projection.bias	torch.Size([128])	cuda:0	True
2026-05-18 14:25:11,083 - INFO - module.noise_predictor.blocks.2.spatiotemporal_attention.output_projection.weight	torch.Size([128, 128])	cuda:0	True
2026-05-18 14:25:11,083 - INFO - module.noise_predictor.blocks.2.spatiotemporal_attention.output_projection.bias	torch.Size([128])	cuda:0	True
2026-05-18 14:25:11,084 - INFO - module.noise_predictor.blocks.2.feed_forward.network.0.weight	torch.Size([256, 128])	cuda:0	True
2026-05-18 14:25:11,084 - INFO - module.noise_predictor.blocks.2.feed_forward.network.0.bias	torch.Size([256])	cuda:0	True
2026-05-18 14:25:11,084 - INFO - module.noise_predictor.blocks.2.feed_forward.network.3.weight	torch.Size([128, 256])	cuda:0	True
2026-05-18 14:25:11,084 - INFO - module.noise_predictor.blocks.2.feed_forward.network.3.bias	torch.Size([128])	cuda:0	True
2026-05-18 14:25:11,084 - INFO - module.noise_predictor.blocks.2.norm_temporal.weight	torch.Size([128])	cuda:0	True
2026-05-18 14:25:11,084 - INFO - module.noise_predictor.blocks.2.norm_temporal.bias	torch.Size([128])	cuda:0	True
2026-05-18 14:25:11,084 - INFO - module.noise_predictor.blocks.2.norm_graph.weight	torch.Size([128])	cuda:0	True
2026-05-18 14:25:11,084 - INFO - module.noise_predictor.blocks.2.norm_graph.bias	torch.Size([128])	cuda:0	True
2026-05-18 14:25:11,084 - INFO - module.noise_predictor.blocks.2.norm_cross.weight	torch.Size([128])	cuda:0	True
2026-05-18 14:25:11,084 - INFO - module.noise_predictor.blocks.2.norm_cross.bias	torch.Size([128])	cuda:0	True
2026-05-18 14:25:11,084 - INFO - module.noise_predictor.blocks.2.norm_spatiotemporal.weight	torch.Size([128])	cuda:0	True
2026-05-18 14:25:11,084 - INFO - module.noise_predictor.blocks.2.norm_spatiotemporal.bias	torch.Size([128])	cuda:0	True
2026-05-18 14:25:11,084 - INFO - module.noise_predictor.blocks.2.norm_ffn.weight	torch.Size([128])	cuda:0	True
2026-05-18 14:25:11,084 - INFO - module.noise_predictor.blocks.2.norm_ffn.bias	torch.Size([128])	cuda:0	True
2026-05-18 14:25:11,084 - INFO - module.noise_predictor.blocks.2.time_scale_shift.1.weight	torch.Size([256, 128])	cuda:0	True
2026-05-18 14:25:11,084 - INFO - module.noise_predictor.blocks.2.time_scale_shift.1.bias	torch.Size([256])	cuda:0	True
2026-05-18 14:25:11,084 - INFO - module.noise_predictor.blocks.3.temporal_attention.query_projection.weight	torch.Size([128, 128])	cuda:0	True
2026-05-18 14:25:11,084 - INFO - module.noise_predictor.blocks.3.temporal_attention.query_projection.bias	torch.Size([128])	cuda:0	True
2026-05-18 14:25:11,084 - INFO - module.noise_predictor.blocks.3.temporal_attention.key_projection.weight	torch.Size([128, 128])	cuda:0	True
2026-05-18 14:25:11,084 - INFO - module.noise_predictor.blocks.3.temporal_attention.key_projection.bias	torch.Size([128])	cuda:0	True
2026-05-18 14:25:11,084 - INFO - module.noise_predictor.blocks.3.temporal_attention.value_projection.weight	torch.Size([128, 128])	cuda:0	True
2026-05-18 14:25:11,084 - INFO - module.noise_predictor.blocks.3.temporal_attention.value_projection.bias	torch.Size([128])	cuda:0	True
2026-05-18 14:25:11,084 - INFO - module.noise_predictor.blocks.3.temporal_attention.output_projection.weight	torch.Size([128, 128])	cuda:0	True
2026-05-18 14:25:11,084 - INFO - module.noise_predictor.blocks.3.temporal_attention.output_projection.bias	torch.Size([128])	cuda:0	True
2026-05-18 14:25:11,084 - INFO - module.noise_predictor.blocks.3.graph_convolution.projections.0.weight	torch.Size([128, 128])	cuda:0	True
2026-05-18 14:25:11,084 - INFO - module.noise_predictor.blocks.3.graph_convolution.projections.0.bias	torch.Size([128])	cuda:0	True
2026-05-18 14:25:11,084 - INFO - module.noise_predictor.blocks.3.graph_convolution.projections.1.weight	torch.Size([128, 128])	cuda:0	True
2026-05-18 14:25:11,085 - INFO - module.noise_predictor.blocks.3.graph_convolution.projections.1.bias	torch.Size([128])	cuda:0	True
2026-05-18 14:25:11,085 - INFO - module.noise_predictor.blocks.3.graph_convolution.projections.2.weight	torch.Size([128, 128])	cuda:0	True
2026-05-18 14:25:11,085 - INFO - module.noise_predictor.blocks.3.graph_convolution.projections.2.bias	torch.Size([128])	cuda:0	True
2026-05-18 14:25:11,085 - INFO - module.noise_predictor.blocks.3.cross_attention.query_projection.weight	torch.Size([128, 128])	cuda:0	True
2026-05-18 14:25:11,085 - INFO - module.noise_predictor.blocks.3.cross_attention.query_projection.bias	torch.Size([128])	cuda:0	True
2026-05-18 14:25:11,085 - INFO - module.noise_predictor.blocks.3.cross_attention.key_projection.weight	torch.Size([128, 128])	cuda:0	True
2026-05-18 14:25:11,085 - INFO - module.noise_predictor.blocks.3.cross_attention.key_projection.bias	torch.Size([128])	cuda:0	True
2026-05-18 14:25:11,085 - INFO - module.noise_predictor.blocks.3.cross_attention.value_projection.weight	torch.Size([128, 128])	cuda:0	True
2026-05-18 14:25:11,085 - INFO - module.noise_predictor.blocks.3.cross_attention.value_projection.bias	torch.Size([128])	cuda:0	True
2026-05-18 14:25:11,085 - INFO - module.noise_predictor.blocks.3.cross_attention.output_projection.weight	torch.Size([128, 128])	cuda:0	True
2026-05-18 14:25:11,085 - INFO - module.noise_predictor.blocks.3.cross_attention.output_projection.bias	torch.Size([128])	cuda:0	True
2026-05-18 14:25:11,085 - INFO - module.noise_predictor.blocks.3.spatiotemporal_attention.query_projection.weight	torch.Size([128, 128])	cuda:0	True
2026-05-18 14:25:11,085 - INFO - module.noise_predictor.blocks.3.spatiotemporal_attention.query_projection.bias	torch.Size([128])	cuda:0	True
2026-05-18 14:25:11,085 - INFO - module.noise_predictor.blocks.3.spatiotemporal_attention.key_projection.weight	torch.Size([128, 128])	cuda:0	True
2026-05-18 14:25:11,085 - INFO - module.noise_predictor.blocks.3.spatiotemporal_attention.key_projection.bias	torch.Size([128])	cuda:0	True
2026-05-18 14:25:11,085 - INFO - module.noise_predictor.blocks.3.spatiotemporal_attention.value_projection.weight	torch.Size([128, 128])	cuda:0	True
2026-05-18 14:25:11,085 - INFO - module.noise_predictor.blocks.3.spatiotemporal_attention.value_projection.bias	torch.Size([128])	cuda:0	True
2026-05-18 14:25:11,085 - INFO - module.noise_predictor.blocks.3.spatiotemporal_attention.output_projection.weight	torch.Size([128, 128])	cuda:0	True
2026-05-18 14:25:11,085 - INFO - module.noise_predictor.blocks.3.spatiotemporal_attention.output_projection.bias	torch.Size([128])	cuda:0	True
2026-05-18 14:25:11,085 - INFO - module.noise_predictor.blocks.3.feed_forward.network.0.weight	torch.Size([256, 128])	cuda:0	True
2026-05-18 14:25:11,085 - INFO - module.noise_predictor.blocks.3.feed_forward.network.0.bias	torch.Size([256])	cuda:0	True
2026-05-18 14:25:11,085 - INFO - module.noise_predictor.blocks.3.feed_forward.network.3.weight	torch.Size([128, 256])	cuda:0	True
2026-05-18 14:25:11,085 - INFO - module.noise_predictor.blocks.3.feed_forward.network.3.bias	torch.Size([128])	cuda:0	True
2026-05-18 14:25:11,085 - INFO - module.noise_predictor.blocks.3.norm_temporal.weight	torch.Size([128])	cuda:0	True
2026-05-18 14:25:11,085 - INFO - module.noise_predictor.blocks.3.norm_temporal.bias	torch.Size([128])	cuda:0	True
2026-05-18 14:25:11,085 - INFO - module.noise_predictor.blocks.3.norm_graph.weight	torch.Size([128])	cuda:0	True
2026-05-18 14:25:11,085 - INFO - module.noise_predictor.blocks.3.norm_graph.bias	torch.Size([128])	cuda:0	True
2026-05-18 14:25:11,086 - INFO - module.noise_predictor.blocks.3.norm_cross.weight	torch.Size([128])	cuda:0	True
2026-05-18 14:25:11,086 - INFO - module.noise_predictor.blocks.3.norm_cross.bias	torch.Size([128])	cuda:0	True
2026-05-18 14:25:11,086 - INFO - module.noise_predictor.blocks.3.norm_spatiotemporal.weight	torch.Size([128])	cuda:0	True
2026-05-18 14:25:11,086 - INFO - module.noise_predictor.blocks.3.norm_spatiotemporal.bias	torch.Size([128])	cuda:0	True
2026-05-18 14:25:11,086 - INFO - module.noise_predictor.blocks.3.norm_ffn.weight	torch.Size([128])	cuda:0	True
2026-05-18 14:25:11,086 - INFO - module.noise_predictor.blocks.3.norm_ffn.bias	torch.Size([128])	cuda:0	True
2026-05-18 14:25:11,086 - INFO - module.noise_predictor.blocks.3.time_scale_shift.1.weight	torch.Size([256, 128])	cuda:0	True
2026-05-18 14:25:11,086 - INFO - module.noise_predictor.blocks.3.time_scale_shift.1.bias	torch.Size([256])	cuda:0	True
2026-05-18 14:25:11,086 - INFO - module.noise_predictor.final_norm.weight	torch.Size([128])	cuda:0	True
2026-05-18 14:25:11,086 - INFO - module.noise_predictor.final_norm.bias	torch.Size([128])	cuda:0	True
2026-05-18 14:25:11,086 - INFO - module.noise_predictor.output_projection.weight	torch.Size([3, 128])	cuda:0	True
2026-05-18 14:25:11,086 - INFO - module.noise_predictor.output_projection.bias	torch.Size([3])	cuda:0	True
2026-05-18 14:25:11,086 - INFO - module.noise_predictor.adaptive_graph_learner.node_embeddings	torch.Size([307, 32])	cuda:0	True
2026-05-18 14:25:11,086 - INFO - module.noise_predictor.adaptive_graph_learner.blend_logit	torch.Size([])	cuda:0	True
2026-05-18 14:25:11,086 - INFO - module.noise_predictor.adaptive_graph_learner.fuzzy_centers	torch.Size([3])	cuda:0	True
2026-05-18 14:25:11,086 - INFO - module.noise_predictor.adaptive_graph_learner.fuzzy_log_sigmas	torch.Size([3])	cuda:0	True
2026-05-18 14:25:11,086 - INFO - module.noise_predictor.adaptive_graph_learner.fuzzy_rule_logits	torch.Size([3])	cuda:0	True
2026-05-18 14:25:11,086 - INFO - module.noise_predictor.adaptive_graph_learner.feature_projection.weight	torch.Size([32, 128])	cuda:0	True
2026-05-18 14:25:11,086 - INFO - module.noise_predictor.adaptive_graph_learner.feature_projection.bias	torch.Size([32])	cuda:0	True
2026-05-18 14:25:11,086 - INFO - module.noise_predictor.adaptive_graph_learner.time_projection.weight	torch.Size([32, 128])	cuda:0	True
2026-05-18 14:25:11,086 - INFO - module.noise_predictor.adaptive_graph_learner.time_projection.bias	torch.Size([32])	cuda:0	True
2026-05-18 14:25:11,087 - INFO - Total parameter numbers: 1845177
2026-05-18 14:25:11,087 - INFO - Enable AMP training (dtype=float16).
2026-05-18 14:25:11,087 - INFO - You select `adamw` optimizer.
2026-05-18 14:25:11,088 - INFO - You select `reducelronplateau` lr_scheduler.
2026-05-18 14:25:11,088 - WARNING - Received none train loss func and will use the loss func defined in the model.
2026-05-18 14:25:11,088 - INFO - Start training ...
2026-05-18 14:25:11,088 - INFO - num_batches:80
2026-05-18 14:25:11,370 - INFO - Enable physics warmup: steps=3000 start_ratio=0.200 mode=linear.
2026-05-18 14:25:11,470 - INFO - Enable physics warmup: steps=3000 start_ratio=0.200 mode=linear.
2026-05-18 14:25:46,697 - INFO - epoch complete!
2026-05-18 14:25:46,697 - INFO - epoch complete!
2026-05-18 14:25:46,697 - INFO - evaluating now!
2026-05-18 14:25:46,697 - INFO - evaluating now!
2026-05-18 14:25:50,202 - INFO - Epoch [0/5] train_loss: 4.3530, val_loss: 1.8626, lr: 0.000300, 39.13s
2026-05-18 14:25:50,202 - INFO - Epoch [0/5] train_loss: 4.3413, val_loss: 1.8626, lr: 0.000300, 39.11s
2026-05-18 14:25:50,539 - INFO - Saved model at 0
2026-05-18 14:25:50,539 - INFO - Val loss decrease from inf to 1.8626, saving to /home/lizhuoxuan/lzq/Bigscity-LibCity-master/outputs/20260518_142501__traffic_state_pred__new_diffusion_fuzzy_2__PEMSD4/model_cache/new_diffusion_fuzzy_2_PEMSD4_epoch0.tar
2026-05-18 14:25:50,548 - INFO - Saved model at 0
2026-05-18 14:25:50,549 - INFO - Val loss decrease from inf to 1.8626, saving to /home/lizhuoxuan/lzq/Bigscity-LibCity-master/outputs/20260518_142501__traffic_state_pred__new_diffusion_fuzzy_2__PEMSD4/model_cache/new_diffusion_fuzzy_2_PEMSD4_epoch0.tar
2026-05-18 14:26:25,611 - INFO - epoch complete!
2026-05-18 14:26:25,611 - INFO - epoch complete!
2026-05-18 14:26:25,611 - INFO - evaluating now!
2026-05-18 14:26:25,611 - INFO - evaluating now!
2026-05-18 14:26:29,118 - INFO - Epoch [1/5] train_loss: 1.7616, val_loss: 1.4353, lr: 0.000300, 38.58s
2026-05-18 14:26:29,118 - INFO - Epoch [1/5] train_loss: 1.7583, val_loss: 1.4353, lr: 0.000300, 38.57s
2026-05-18 14:26:29,476 - INFO - Saved model at 1
2026-05-18 14:26:29,476 - INFO - Saved model at 1
2026-05-18 14:26:29,476 - INFO - Val loss decrease from 1.8626 to 1.4353, saving to /home/lizhuoxuan/lzq/Bigscity-LibCity-master/outputs/20260518_142501__traffic_state_pred__new_diffusion_fuzzy_2__PEMSD4/model_cache/new_diffusion_fuzzy_2_PEMSD4_epoch1.tar
2026-05-18 14:26:29,476 - INFO - Val loss decrease from 1.8626 to 1.4353, saving to /home/lizhuoxuan/lzq/Bigscity-LibCity-master/outputs/20260518_142501__traffic_state_pred__new_diffusion_fuzzy_2__PEMSD4/model_cache/new_diffusion_fuzzy_2_PEMSD4_epoch1.tar
2026-05-18 14:27:04,565 - INFO - epoch complete!
2026-05-18 14:27:04,565 - INFO - epoch complete!
2026-05-18 14:27:04,565 - INFO - evaluating now!
2026-05-18 14:27:04,565 - INFO - evaluating now!
2026-05-18 14:27:08,110 - INFO - Epoch [2/5] train_loss: 1.3978, val_loss: 1.3038, lr: 0.000300, 38.63s
2026-05-18 14:27:08,110 - INFO - Epoch [2/5] train_loss: 1.3961, val_loss: 1.3038, lr: 0.000300, 38.63s
2026-05-18 14:27:08,176 - INFO - Saved model at 2
2026-05-18 14:27:08,176 - INFO - Saved model at 2
2026-05-18 14:27:08,177 - INFO - Val loss decrease from 1.4353 to 1.3038, saving to /home/lizhuoxuan/lzq/Bigscity-LibCity-master/outputs/20260518_142501__traffic_state_pred__new_diffusion_fuzzy_2__PEMSD4/model_cache/new_diffusion_fuzzy_2_PEMSD4_epoch2.tar
2026-05-18 14:27:08,177 - INFO - Val loss decrease from 1.4353 to 1.3038, saving to /home/lizhuoxuan/lzq/Bigscity-LibCity-master/outputs/20260518_142501__traffic_state_pred__new_diffusion_fuzzy_2__PEMSD4/model_cache/new_diffusion_fuzzy_2_PEMSD4_epoch2.tar
2026-05-18 14:27:43,919 - INFO - epoch complete!
2026-05-18 14:27:43,919 - INFO - evaluating now!
2026-05-18 14:27:43,919 - INFO - epoch complete!
2026-05-18 14:27:43,919 - INFO - evaluating now!
2026-05-18 14:27:47,613 - INFO - Epoch [3/5] train_loss: 1.2736, val_loss: 1.2169, lr: 0.000300, 39.44s
2026-05-18 14:27:47,613 - INFO - Epoch [3/5] train_loss: 1.2747, val_loss: 1.2169, lr: 0.000300, 39.44s
2026-05-18 14:27:47,949 - INFO - Saved model at 3
2026-05-18 14:27:47,949 - INFO - Val loss decrease from 1.3038 to 1.2169, saving to /home/lizhuoxuan/lzq/Bigscity-LibCity-master/outputs/20260518_142501__traffic_state_pred__new_diffusion_fuzzy_2__PEMSD4/model_cache/new_diffusion_fuzzy_2_PEMSD4_epoch3.tar
2026-05-18 14:27:47,987 - INFO - Saved model at 3
2026-05-18 14:27:47,987 - INFO - Val loss decrease from 1.3038 to 1.2169, saving to /home/lizhuoxuan/lzq/Bigscity-LibCity-master/outputs/20260518_142501__traffic_state_pred__new_diffusion_fuzzy_2__PEMSD4/model_cache/new_diffusion_fuzzy_2_PEMSD4_epoch3.tar
2026-05-18 14:28:23,389 - INFO - epoch complete!
2026-05-18 14:28:23,390 - INFO - evaluating now!
2026-05-18 14:28:23,390 - INFO - epoch complete!
2026-05-18 14:28:23,390 - INFO - evaluating now!
2026-05-18 14:28:26,946 - INFO - Epoch [4/5] train_loss: 1.2545, val_loss: 1.1980, lr: 0.000300, 38.96s
2026-05-18 14:28:26,946 - INFO - Epoch [4/5] train_loss: 1.2553, val_loss: 1.1980, lr: 0.000300, 39.00s
2026-05-18 14:28:27,082 - INFO - Saved model at 4
2026-05-18 14:28:27,083 - INFO - Val loss decrease from 1.2169 to 1.1980, saving to /home/lizhuoxuan/lzq/Bigscity-LibCity-master/outputs/20260518_142501__traffic_state_pred__new_diffusion_fuzzy_2__PEMSD4/model_cache/new_diffusion_fuzzy_2_PEMSD4_epoch4.tar
2026-05-18 14:28:27,083 - INFO - Trained totally 5 epochs, average train time is 35.386s, average eval time is 3.561s
2026-05-18 14:28:27,096 - INFO - Saved model at 4
2026-05-18 14:28:27,096 - INFO - Val loss decrease from 1.2169 to 1.1980, saving to /home/lizhuoxuan/lzq/Bigscity-LibCity-master/outputs/20260518_142501__traffic_state_pred__new_diffusion_fuzzy_2__PEMSD4/model_cache/new_diffusion_fuzzy_2_PEMSD4_epoch4.tar
2026-05-18 14:28:27,096 - INFO - Trained totally 5 epochs, average train time is 35.388s, average eval time is 3.561s
2026-05-18 14:28:27,225 - INFO - Loaded model at 4
2026-05-18 14:28:27,225 - INFO - Start evaluating ...
2026-05-18 14:28:27,241 - INFO - Loaded model at 4
2026-05-18 14:28:27,242 - INFO - Saved model at /home/lizhuoxuan/lzq/Bigscity-LibCity-master/outputs/20260518_142501__traffic_state_pred__new_diffusion_fuzzy_2__PEMSD4/model_cache/new_diffusion_fuzzy_2_PEMSD4.m
2026-05-18 14:28:27,308 - INFO - Start evaluating ...
2026-05-18 14:38:13,462 - INFO - Note that you select the single mode to evaluate!
2026-05-18 14:38:13,470 - INFO - Evaluate result is saved at /home/lizhuoxuan/lzq/Bigscity-LibCity-master/outputs/20260518_142501__traffic_state_pred__new_diffusion_fuzzy_2__PEMSD4/evaluate_cache/2026_05_18_14_38_13_new_diffusion_fuzzy_2_PEMSD4.csv
2026-05-18 14:38:13,484 - INFO - 
          MAE          MAPE           MSE  ...  masked_RMSE        R2      EVAR
1   46.867290  25981.304688  10922.397461  ...   104.878654  0.344159  0.433131
2   46.967606  25887.343750  10965.605469  ...   105.085991  0.341574  0.431162
3   46.924191  25687.332031  10961.198242  ...   105.066017  0.341849  0.431753
4   47.006184  25505.914062  10987.392578  ...   105.192543  0.340284  0.431080
5   47.227322  25315.568359  11078.838867  ...   105.631279  0.334802  0.426741
6   47.291969  25151.105469  11117.790039  ...   105.817482  0.332468  0.425090
7   47.413872  24978.941406  11167.447266  ...   106.054985  0.329490  0.422821
8   47.506920  24922.125000  11206.991211  ...   106.242195  0.327118  0.421025
9   47.698685  24962.753906  11278.895508  ...   106.583122  0.322806  0.417661
10  47.753445  25131.228516  11307.851562  ...   106.718483  0.321071  0.415945
11  47.910057  25088.392578  11362.524414  ...   106.976128  0.317791  0.413514
12  48.174686  25205.394531  11483.994141  ...   107.545982  0.310502  0.407418

[12 rows x 10 columns]
2026-05-18 18:12:28,183 - INFO - Log directory: /home/lizhuoxuan/lzq/Bigscity-LibCity-master/outputs/20260518_142501__traffic_state_pred__new_diffusion_fuzzy_2__PEMSD4/logs
2026-05-18 18:12:28,184 - INFO - Begin eval checkpoint pipeline, run_id=20260518_142501__traffic_state_pred__new_diffusion_fuzzy_2__PEMSD4, epoch=4, task=traffic_state_pred, model=new_diffusion_fuzzy_2, dataset=PEMSD4
2026-05-18 18:12:28,184 - INFO - {'task': 'traffic_state_pred', 'model': 'new_diffusion_fuzzy_2', 'dataset': 'PEMSD4', 'saved_model': False, 'train': False, 'exp_id': '20260518_142501__traffic_state_pred__new_diffusion_fuzzy_2__PEMSD4', 'epoch': 4, 'data_version_id': 'dv_1779079885_200e2aed', 'dataset_class': 'TrafficStatePointDataset', 'executor': 'DiffusionTrafficStateExecutor', 'evaluator': 'TrafficStateEvaluator', 'input_window': 12, 'output_window': 12, 'hidden_dim': 128, 'num_heads': 4, 'encoder_layers': 2, 'denoiser_layers': 4, 'ffn_hidden_dim': 256, 'graph_k_hop': 2, 'use_adaptive_graph': True, 'adaptive_graph_embed_dim': 32, 'adaptive_graph_topk': 12, 'adaptive_graph_blend_init': 0.5, 'use_fuzzy_graph': True, 'fuzzy_graph_num_sets': 3, 'fuzzy_graph_sigma_init': 0.7, 'use_spatiotemporal_attention': True, 'use_temporal_position_embedding': True, 'use_gradient_checkpointing': False, 'use_amp': True, 'dropout': 0.1, 'diffusion_steps': 100, 'diffusion_schedule': 'linear', 'beta_start': 0.0001, 'beta_end': 0.01, 'prediction_clamp_min': -3.0, 'prediction_clamp_max': 3.0, 'num_sampling_steps': 50, 'num_prediction_samples': 1, 'sampling_method': 'ddim', 'ddim_eta': 0.3, 'physics_loss_weight': 0.0, 'physics_warmup_steps': 3000, 'physics_warmup_start_ratio': 0.2, 'physics_warmup_mode': 'linear', 'flow_conservation_coeff': 1.0, 'physics_channel_idx': 0, 'use_fuzzy_conservation': True, 'fuzzy_conservation_threshold': 0.6, 'fuzzy_conservation_temperature': 8.0, 'scaler': 'standard', 'load_external': False, 'normal_external': False, 'add_time_in_day': True, 'add_day_in_week': True, 'max_epoch': 100, 'scale_lr': False, 'learner': 'adamw', 'learning_rate': 0.0003, 'lr_decay': True, 'lr_scheduler': 'reducelronplateau', 'lr_decay_ratio': 0.5, 'lr_patience': 5, 'lr_threshold': 0.001, 'weight_decay': 0.0001, 'clip_grad_norm': True, 'max_grad_norm': 3, 'use_early_stop': True, 'patience': 30, 'batch_size': 32, 'eval_batch_size': 32, 'cache_dataset': True, 'num_workers': 0, 'pad_with_last_sample': True, 'train_rate': 0.7, 'eval_rate': 0.1, 'ext_scaler': 'none', 'robustness_test': False, 'noise_type': 'gaussian', 'disturb_rate': 0.5, 'noise_mean': [5], 'noise_SD': [10], 'train_loss': 'none', 'gpu': True, 'gpu_id': 0, 'lr_T_max': 100, 'lr_eta_min': 1e-05, 'log_every': 1, 'load_best_epoch': True, 'metrics': ['MAE', 'MAPE', 'MSE', 'RMSE', 'masked_MAE', 'masked_MAPE', 'masked_MSE', 'masked_RMSE', 'R2', 'EVAR'], 'evaluator_mode': 'single', 'save_mode': ['csv'], 'geo': {'including_types': ['Point'], 'Point': {}}, 'rel': {'including_types': ['geo'], 'geo': {'cost': 'num'}}, 'dyna': {'including_types': ['state'], 'state': {'entity_id': 'geo_id', 'traffic_flow': 'num', 'traffic_occupancy': 'num', 'traffic_speed': 'num'}}, 'data_col': ['traffic_flow', 'traffic_occupancy', 'traffic_speed'], 'weight_col': 'cost', 'data_files': ['PEMSD4'], 'geo_file': 'PEMSD4', 'rel_file': 'PEMSD4', 'output_dim': 3, 'time_intervals': 300, 'init_weight_inf_or_zero': 'zero', 'set_weight_link_or_dist': 'link', 'calculate_weight_adj': False, 'weight_adj_epsilon': 0.1, 'is_distributed': False, 'world_size': 1, 'rank': 0, 'device': device(type='cuda', index=0)}
2026-05-18 18:12:39,205 - WARNING - [FORCE_REUSE] Artifact data_signature mismatch: artifact=`623c9f1ca83fc4c2adb26bf7c5a180351247f056`, expected=`2fdc0fd7d34f1bbaf7a946f4d1f776ae6eeb1ea4`. Different fields: eval_rate, seed, train_rate.
2026-05-18 18:12:39,757 - INFO - NewDiffusion(
  (condition_encoder): STEncoder(
    (input_projection): Linear(in_features=3, out_features=128, bias=True)
    (blocks): ModuleList(
      (0-1): 2 x STEncoderBlock(
        (temporal_attention): MultiHeadAttention(
          (query_projection): Linear(in_features=128, out_features=128, bias=True)
          (key_projection): Linear(in_features=128, out_features=128, bias=True)
          (value_projection): Linear(in_features=128, out_features=128, bias=True)
          (output_projection): Linear(in_features=128, out_features=128, bias=True)
          (dropout): Dropout(p=0.1, inplace=False)
        )
        (graph_convolution): GraphConvolution(
          (projections): ModuleList(
            (0-2): 3 x Linear(in_features=128, out_features=128, bias=True)
          )
        )
        (feed_forward): FeedForwardNetwork(
          (network): Sequential(
            (0): Linear(in_features=128, out_features=256, bias=True)
            (1): GELU(approximate='none')
            (2): Dropout(p=0.1, inplace=False)
            (3): Linear(in_features=256, out_features=128, bias=True)
            (4): Dropout(p=0.1, inplace=False)
          )
        )
        (norm_temporal): LayerNorm((128,), eps=1e-05, elementwise_affine=True)
        (norm_graph): LayerNorm((128,), eps=1e-05, elementwise_affine=True)
        (norm_ffn): LayerNorm((128,), eps=1e-05, elementwise_affine=True)
        (dropout): Dropout(p=0.1, inplace=False)
      )
    )
    (final_norm): LayerNorm((128,), eps=1e-05, elementwise_affine=True)
  )
  (noise_predictor): AttentionDenoiser(
    (input_projection): Linear(in_features=3, out_features=128, bias=True)
    (time_embedding): SinusoidalTimeEmbedding()
    (time_projection): Sequential(
      (0): Linear(in_features=128, out_features=128, bias=True)
      (1): SiLU()
      (2): Linear(in_features=128, out_features=128, bias=True)
    )
    (condition_fusion): Linear(in_features=256, out_features=128, bias=True)
    (blocks): ModuleList(
      (0-3): 4 x DenoiserBlock(
        (temporal_attention): MultiHeadAttention(
          (query_projection): Linear(in_features=128, out_features=128, bias=True)
          (key_projection): Linear(in_features=128, out_features=128, bias=True)
          (value_projection): Linear(in_features=128, out_features=128, bias=True)
          (output_projection): Linear(in_features=128, out_features=128, bias=True)
          (dropout): Dropout(p=0.1, inplace=False)
        )
        (graph_convolution): GraphConvolution(
          (projections): ModuleList(
            (0-2): 3 x Linear(in_features=128, out_features=128, bias=True)
          )
        )
        (cross_attention): MultiHeadAttention(
          (query_projection): Linear(in_features=128, out_features=128, bias=True)
          (key_projection): Linear(in_features=128, out_features=128, bias=True)
          (value_projection): Linear(in_features=128, out_features=128, bias=True)
          (output_projection): Linear(in_features=128, out_features=128, bias=True)
          (dropout): Dropout(p=0.1, inplace=False)
        )
        (spatiotemporal_attention): MultiHeadAttention(
          (query_projection): Linear(in_features=128, out_features=128, bias=True)
          (key_projection): Linear(in_features=128, out_features=128, bias=True)
          (value_projection): Linear(in_features=128, out_features=128, bias=True)
          (output_projection): Linear(in_features=128, out_features=128, bias=True)
          (dropout): Dropout(p=0.1, inplace=False)
        )
        (feed_forward): FeedForwardNetwork(
          (network): Sequential(
            (0): Linear(in_features=128, out_features=256, bias=True)
            (1): GELU(approximate='none')
            (2): Dropout(p=0.1, inplace=False)
            (3): Linear(in_features=256, out_features=128, bias=True)
            (4): Dropout(p=0.1, inplace=False)
          )
        )
        (norm_temporal): LayerNorm((128,), eps=1e-05, elementwise_affine=True)
        (norm_graph): LayerNorm((128,), eps=1e-05, elementwise_affine=True)
        (norm_cross): LayerNorm((128,), eps=1e-05, elementwise_affine=True)
        (norm_spatiotemporal): LayerNorm((128,), eps=1e-05, elementwise_affine=True)
        (norm_ffn): LayerNorm((128,), eps=1e-05, elementwise_affine=True)
        (dropout): Dropout(p=0.1, inplace=False)
        (time_scale_shift): Sequential(
          (0): SiLU()
          (1): Linear(in_features=128, out_features=256, bias=True)
        )
      )
    )
    (final_norm): LayerNorm((128,), eps=1e-05, elementwise_affine=True)
    (output_projection): Linear(in_features=128, out_features=3, bias=True)
    (adaptive_graph_learner): AdaptiveGraphLearner(
      (feature_projection): Linear(in_features=128, out_features=32, bias=True)
      (time_projection): Linear(in_features=128, out_features=32, bias=True)
    )
  )
  (diffusion_scheduler): DiffusionScheduler()
)
2026-05-18 18:12:39,759 - INFO - condition_encoder.temporal_position_embedding	torch.Size([1, 12, 1, 128])	cuda:0	True
2026-05-18 18:12:39,759 - INFO - condition_encoder.input_projection.weight	torch.Size([128, 3])	cuda:0	True
2026-05-18 18:12:39,759 - INFO - condition_encoder.input_projection.bias	torch.Size([128])	cuda:0	True
2026-05-18 18:12:39,759 - INFO - condition_encoder.blocks.0.temporal_attention.query_projection.weight	torch.Size([128, 128])	cuda:0	True
2026-05-18 18:12:39,759 - INFO - condition_encoder.blocks.0.temporal_attention.query_projection.bias	torch.Size([128])	cuda:0	True
2026-05-18 18:12:39,759 - INFO - condition_encoder.blocks.0.temporal_attention.key_projection.weight	torch.Size([128, 128])	cuda:0	True
2026-05-18 18:12:39,759 - INFO - condition_encoder.blocks.0.temporal_attention.key_projection.bias	torch.Size([128])	cuda:0	True
2026-05-18 18:12:39,759 - INFO - condition_encoder.blocks.0.temporal_attention.value_projection.weight	torch.Size([128, 128])	cuda:0	True
2026-05-18 18:12:39,759 - INFO - condition_encoder.blocks.0.temporal_attention.value_projection.bias	torch.Size([128])	cuda:0	True
2026-05-18 18:12:39,759 - INFO - condition_encoder.blocks.0.temporal_attention.output_projection.weight	torch.Size([128, 128])	cuda:0	True
2026-05-18 18:12:39,759 - INFO - condition_encoder.blocks.0.temporal_attention.output_projection.bias	torch.Size([128])	cuda:0	True
2026-05-18 18:12:39,759 - INFO - condition_encoder.blocks.0.graph_convolution.projections.0.weight	torch.Size([128, 128])	cuda:0	True
2026-05-18 18:12:39,759 - INFO - condition_encoder.blocks.0.graph_convolution.projections.0.bias	torch.Size([128])	cuda:0	True
2026-05-18 18:12:39,759 - INFO - condition_encoder.blocks.0.graph_convolution.projections.1.weight	torch.Size([128, 128])	cuda:0	True
2026-05-18 18:12:39,759 - INFO - condition_encoder.blocks.0.graph_convolution.projections.1.bias	torch.Size([128])	cuda:0	True
2026-05-18 18:12:39,759 - INFO - condition_encoder.blocks.0.graph_convolution.projections.2.weight	torch.Size([128, 128])	cuda:0	True
2026-05-18 18:12:39,759 - INFO - condition_encoder.blocks.0.graph_convolution.projections.2.bias	torch.Size([128])	cuda:0	True
2026-05-18 18:12:39,759 - INFO - condition_encoder.blocks.0.feed_forward.network.0.weight	torch.Size([256, 128])	cuda:0	True
2026-05-18 18:12:39,759 - INFO - condition_encoder.blocks.0.feed_forward.network.0.bias	torch.Size([256])	cuda:0	True
2026-05-18 18:12:39,759 - INFO - condition_encoder.blocks.0.feed_forward.network.3.weight	torch.Size([128, 256])	cuda:0	True
2026-05-18 18:12:39,759 - INFO - condition_encoder.blocks.0.feed_forward.network.3.bias	torch.Size([128])	cuda:0	True
2026-05-18 18:12:39,759 - INFO - condition_encoder.blocks.0.norm_temporal.weight	torch.Size([128])	cuda:0	True
2026-05-18 18:12:39,759 - INFO - condition_encoder.blocks.0.norm_temporal.bias	torch.Size([128])	cuda:0	True
2026-05-18 18:12:39,759 - INFO - condition_encoder.blocks.0.norm_graph.weight	torch.Size([128])	cuda:0	True
2026-05-18 18:12:39,759 - INFO - condition_encoder.blocks.0.norm_graph.bias	torch.Size([128])	cuda:0	True
2026-05-18 18:12:39,760 - INFO - condition_encoder.blocks.0.norm_ffn.weight	torch.Size([128])	cuda:0	True
2026-05-18 18:12:39,760 - INFO - condition_encoder.blocks.0.norm_ffn.bias	torch.Size([128])	cuda:0	True
2026-05-18 18:12:39,760 - INFO - condition_encoder.blocks.1.temporal_attention.query_projection.weight	torch.Size([128, 128])	cuda:0	True
2026-05-18 18:12:39,760 - INFO - condition_encoder.blocks.1.temporal_attention.query_projection.bias	torch.Size([128])	cuda:0	True
2026-05-18 18:12:39,760 - INFO - condition_encoder.blocks.1.temporal_attention.key_projection.weight	torch.Size([128, 128])	cuda:0	True
2026-05-18 18:12:39,760 - INFO - condition_encoder.blocks.1.temporal_attention.key_projection.bias	torch.Size([128])	cuda:0	True
2026-05-18 18:12:39,760 - INFO - condition_encoder.blocks.1.temporal_attention.value_projection.weight	torch.Size([128, 128])	cuda:0	True
2026-05-18 18:12:39,760 - INFO - condition_encoder.blocks.1.temporal_attention.value_projection.bias	torch.Size([128])	cuda:0	True
2026-05-18 18:12:39,760 - INFO - condition_encoder.blocks.1.temporal_attention.output_projection.weight	torch.Size([128, 128])	cuda:0	True
2026-05-18 18:12:39,760 - INFO - condition_encoder.blocks.1.temporal_attention.output_projection.bias	torch.Size([128])	cuda:0	True
2026-05-18 18:12:39,760 - INFO - condition_encoder.blocks.1.graph_convolution.projections.0.weight	torch.Size([128, 128])	cuda:0	True
2026-05-18 18:12:39,760 - INFO - condition_encoder.blocks.1.graph_convolution.projections.0.bias	torch.Size([128])	cuda:0	True
2026-05-18 18:12:39,760 - INFO - condition_encoder.blocks.1.graph_convolution.projections.1.weight	torch.Size([128, 128])	cuda:0	True
2026-05-18 18:12:39,760 - INFO - condition_encoder.blocks.1.graph_convolution.projections.1.bias	torch.Size([128])	cuda:0	True
2026-05-18 18:12:39,760 - INFO - condition_encoder.blocks.1.graph_convolution.projections.2.weight	torch.Size([128, 128])	cuda:0	True
2026-05-18 18:12:39,760 - INFO - condition_encoder.blocks.1.graph_convolution.projections.2.bias	torch.Size([128])	cuda:0	True
2026-05-18 18:12:39,760 - INFO - condition_encoder.blocks.1.feed_forward.network.0.weight	torch.Size([256, 128])	cuda:0	True
2026-05-18 18:12:39,760 - INFO - condition_encoder.blocks.1.feed_forward.network.0.bias	torch.Size([256])	cuda:0	True
2026-05-18 18:12:39,760 - INFO - condition_encoder.blocks.1.feed_forward.network.3.weight	torch.Size([128, 256])	cuda:0	True
2026-05-18 18:12:39,760 - INFO - condition_encoder.blocks.1.feed_forward.network.3.bias	torch.Size([128])	cuda:0	True
2026-05-18 18:12:39,760 - INFO - condition_encoder.blocks.1.norm_temporal.weight	torch.Size([128])	cuda:0	True
2026-05-18 18:12:39,760 - INFO - condition_encoder.blocks.1.norm_temporal.bias	torch.Size([128])	cuda:0	True
2026-05-18 18:12:39,760 - INFO - condition_encoder.blocks.1.norm_graph.weight	torch.Size([128])	cuda:0	True
2026-05-18 18:12:39,760 - INFO - condition_encoder.blocks.1.norm_graph.bias	torch.Size([128])	cuda:0	True
2026-05-18 18:12:39,760 - INFO - condition_encoder.blocks.1.norm_ffn.weight	torch.Size([128])	cuda:0	True
2026-05-18 18:12:39,760 - INFO - condition_encoder.blocks.1.norm_ffn.bias	torch.Size([128])	cuda:0	True
2026-05-18 18:12:39,760 - INFO - condition_encoder.final_norm.weight	torch.Size([128])	cuda:0	True
2026-05-18 18:12:39,760 - INFO - condition_encoder.final_norm.bias	torch.Size([128])	cuda:0	True
2026-05-18 18:12:39,760 - INFO - noise_predictor.future_position_embedding	torch.Size([1, 12, 1, 128])	cuda:0	True
2026-05-18 18:12:39,760 - INFO - noise_predictor.condition_temporal_weight	torch.Size([12])	cuda:0	True
2026-05-18 18:12:39,760 - INFO - noise_predictor.input_projection.weight	torch.Size([128, 3])	cuda:0	True
2026-05-18 18:12:39,760 - INFO - noise_predictor.input_projection.bias	torch.Size([128])	cuda:0	True
2026-05-18 18:12:39,760 - INFO - noise_predictor.time_projection.0.weight	torch.Size([128, 128])	cuda:0	True
2026-05-18 18:12:39,760 - INFO - noise_predictor.time_projection.0.bias	torch.Size([128])	cuda:0	True
2026-05-18 18:12:39,760 - INFO - noise_predictor.time_projection.2.weight	torch.Size([128, 128])	cuda:0	True
2026-05-18 18:12:39,760 - INFO - noise_predictor.time_projection.2.bias	torch.Size([128])	cuda:0	True
2026-05-18 18:12:39,760 - INFO - noise_predictor.condition_fusion.weight	torch.Size([128, 256])	cuda:0	True
2026-05-18 18:12:39,761 - INFO - noise_predictor.condition_fusion.bias	torch.Size([128])	cuda:0	True
2026-05-18 18:12:39,761 - INFO - noise_predictor.blocks.0.temporal_attention.query_projection.weight	torch.Size([128, 128])	cuda:0	True
2026-05-18 18:12:39,761 - INFO - noise_predictor.blocks.0.temporal_attention.query_projection.bias	torch.Size([128])	cuda:0	True
2026-05-18 18:12:39,761 - INFO - noise_predictor.blocks.0.temporal_attention.key_projection.weight	torch.Size([128, 128])	cuda:0	True
2026-05-18 18:12:39,761 - INFO - noise_predictor.blocks.0.temporal_attention.key_projection.bias	torch.Size([128])	cuda:0	True
2026-05-18 18:12:39,761 - INFO - noise_predictor.blocks.0.temporal_attention.value_projection.weight	torch.Size([128, 128])	cuda:0	True
2026-05-18 18:12:39,761 - INFO - noise_predictor.blocks.0.temporal_attention.value_projection.bias	torch.Size([128])	cuda:0	True
2026-05-18 18:12:39,761 - INFO - noise_predictor.blocks.0.temporal_attention.output_projection.weight	torch.Size([128, 128])	cuda:0	True
2026-05-18 18:12:39,761 - INFO - noise_predictor.blocks.0.temporal_attention.output_projection.bias	torch.Size([128])	cuda:0	True
2026-05-18 18:12:39,761 - INFO - noise_predictor.blocks.0.graph_convolution.projections.0.weight	torch.Size([128, 128])	cuda:0	True
2026-05-18 18:12:39,761 - INFO - noise_predictor.blocks.0.graph_convolution.projections.0.bias	torch.Size([128])	cuda:0	True
2026-05-18 18:12:39,761 - INFO - noise_predictor.blocks.0.graph_convolution.projections.1.weight	torch.Size([128, 128])	cuda:0	True
2026-05-18 18:12:39,761 - INFO - noise_predictor.blocks.0.graph_convolution.projections.1.bias	torch.Size([128])	cuda:0	True
2026-05-18 18:12:39,761 - INFO - noise_predictor.blocks.0.graph_convolution.projections.2.weight	torch.Size([128, 128])	cuda:0	True
2026-05-18 18:12:39,761 - INFO - noise_predictor.blocks.0.graph_convolution.projections.2.bias	torch.Size([128])	cuda:0	True
2026-05-18 18:12:39,761 - INFO - noise_predictor.blocks.0.cross_attention.query_projection.weight	torch.Size([128, 128])	cuda:0	True
2026-05-18 18:12:39,761 - INFO - noise_predictor.blocks.0.cross_attention.query_projection.bias	torch.Size([128])	cuda:0	True
2026-05-18 18:12:39,761 - INFO - noise_predictor.blocks.0.cross_attention.key_projection.weight	torch.Size([128, 128])	cuda:0	True
2026-05-18 18:12:39,761 - INFO - noise_predictor.blocks.0.cross_attention.key_projection.bias	torch.Size([128])	cuda:0	True
2026-05-18 18:12:39,761 - INFO - noise_predictor.blocks.0.cross_attention.value_projection.weight	torch.Size([128, 128])	cuda:0	True
2026-05-18 18:12:39,761 - INFO - noise_predictor.blocks.0.cross_attention.value_projection.bias	torch.Size([128])	cuda:0	True
2026-05-18 18:12:39,761 - INFO - noise_predictor.blocks.0.cross_attention.output_projection.weight	torch.Size([128, 128])	cuda:0	True
2026-05-18 18:12:39,761 - INFO - noise_predictor.blocks.0.cross_attention.output_projection.bias	torch.Size([128])	cuda:0	True
2026-05-18 18:12:39,761 - INFO - noise_predictor.blocks.0.spatiotemporal_attention.query_projection.weight	torch.Size([128, 128])	cuda:0	True
2026-05-18 18:12:39,761 - INFO - noise_predictor.blocks.0.spatiotemporal_attention.query_projection.bias	torch.Size([128])	cuda:0	True
2026-05-18 18:12:39,761 - INFO - noise_predictor.blocks.0.spatiotemporal_attention.key_projection.weight	torch.Size([128, 128])	cuda:0	True
2026-05-18 18:12:39,761 - INFO - noise_predictor.blocks.0.spatiotemporal_attention.key_projection.bias	torch.Size([128])	cuda:0	True
2026-05-18 18:12:39,761 - INFO - noise_predictor.blocks.0.spatiotemporal_attention.value_projection.weight	torch.Size([128, 128])	cuda:0	True
2026-05-18 18:12:39,761 - INFO - noise_predictor.blocks.0.spatiotemporal_attention.value_projection.bias	torch.Size([128])	cuda:0	True
2026-05-18 18:12:39,761 - INFO - noise_predictor.blocks.0.spatiotemporal_attention.output_projection.weight	torch.Size([128, 128])	cuda:0	True
2026-05-18 18:12:39,761 - INFO - noise_predictor.blocks.0.spatiotemporal_attention.output_projection.bias	torch.Size([128])	cuda:0	True
2026-05-18 18:12:39,761 - INFO - noise_predictor.blocks.0.feed_forward.network.0.weight	torch.Size([256, 128])	cuda:0	True
2026-05-18 18:12:39,761 - INFO - noise_predictor.blocks.0.feed_forward.network.0.bias	torch.Size([256])	cuda:0	True
2026-05-18 18:12:39,761 - INFO - noise_predictor.blocks.0.feed_forward.network.3.weight	torch.Size([128, 256])	cuda:0	True
2026-05-18 18:12:39,761 - INFO - noise_predictor.blocks.0.feed_forward.network.3.bias	torch.Size([128])	cuda:0	True
2026-05-18 18:12:39,761 - INFO - noise_predictor.blocks.0.norm_temporal.weight	torch.Size([128])	cuda:0	True
2026-05-18 18:12:39,761 - INFO - noise_predictor.blocks.0.norm_temporal.bias	torch.Size([128])	cuda:0	True
2026-05-18 18:12:39,761 - INFO - noise_predictor.blocks.0.norm_graph.weight	torch.Size([128])	cuda:0	True
2026-05-18 18:12:39,762 - INFO - noise_predictor.blocks.0.norm_graph.bias	torch.Size([128])	cuda:0	True
2026-05-18 18:12:39,762 - INFO - noise_predictor.blocks.0.norm_cross.weight	torch.Size([128])	cuda:0	True
2026-05-18 18:12:39,762 - INFO - noise_predictor.blocks.0.norm_cross.bias	torch.Size([128])	cuda:0	True
2026-05-18 18:12:39,762 - INFO - noise_predictor.blocks.0.norm_spatiotemporal.weight	torch.Size([128])	cuda:0	True
2026-05-18 18:12:39,762 - INFO - noise_predictor.blocks.0.norm_spatiotemporal.bias	torch.Size([128])	cuda:0	True
2026-05-18 18:12:39,762 - INFO - noise_predictor.blocks.0.norm_ffn.weight	torch.Size([128])	cuda:0	True
2026-05-18 18:12:39,762 - INFO - noise_predictor.blocks.0.norm_ffn.bias	torch.Size([128])	cuda:0	True
2026-05-18 18:12:39,762 - INFO - noise_predictor.blocks.0.time_scale_shift.1.weight	torch.Size([256, 128])	cuda:0	True
2026-05-18 18:12:39,762 - INFO - noise_predictor.blocks.0.time_scale_shift.1.bias	torch.Size([256])	cuda:0	True
2026-05-18 18:12:39,762 - INFO - noise_predictor.blocks.1.temporal_attention.query_projection.weight	torch.Size([128, 128])	cuda:0	True
2026-05-18 18:12:39,762 - INFO - noise_predictor.blocks.1.temporal_attention.query_projection.bias	torch.Size([128])	cuda:0	True
2026-05-18 18:12:39,762 - INFO - noise_predictor.blocks.1.temporal_attention.key_projection.weight	torch.Size([128, 128])	cuda:0	True
2026-05-18 18:12:39,762 - INFO - noise_predictor.blocks.1.temporal_attention.key_projection.bias	torch.Size([128])	cuda:0	True
2026-05-18 18:12:39,762 - INFO - noise_predictor.blocks.1.temporal_attention.value_projection.weight	torch.Size([128, 128])	cuda:0	True
2026-05-18 18:12:39,762 - INFO - noise_predictor.blocks.1.temporal_attention.value_projection.bias	torch.Size([128])	cuda:0	True
2026-05-18 18:12:39,762 - INFO - noise_predictor.blocks.1.temporal_attention.output_projection.weight	torch.Size([128, 128])	cuda:0	True
2026-05-18 18:12:39,762 - INFO - noise_predictor.blocks.1.temporal_attention.output_projection.bias	torch.Size([128])	cuda:0	True
2026-05-18 18:12:39,762 - INFO - noise_predictor.blocks.1.graph_convolution.projections.0.weight	torch.Size([128, 128])	cuda:0	True
2026-05-18 18:12:39,762 - INFO - noise_predictor.blocks.1.graph_convolution.projections.0.bias	torch.Size([128])	cuda:0	True
2026-05-18 18:12:39,762 - INFO - noise_predictor.blocks.1.graph_convolution.projections.1.weight	torch.Size([128, 128])	cuda:0	True
2026-05-18 18:12:39,762 - INFO - noise_predictor.blocks.1.graph_convolution.projections.1.bias	torch.Size([128])	cuda:0	True
2026-05-18 18:12:39,762 - INFO - noise_predictor.blocks.1.graph_convolution.projections.2.weight	torch.Size([128, 128])	cuda:0	True
2026-05-18 18:12:39,762 - INFO - noise_predictor.blocks.1.graph_convolution.projections.2.bias	torch.Size([128])	cuda:0	True
2026-05-18 18:12:39,762 - INFO - noise_predictor.blocks.1.cross_attention.query_projection.weight	torch.Size([128, 128])	cuda:0	True
2026-05-18 18:12:39,762 - INFO - noise_predictor.blocks.1.cross_attention.query_projection.bias	torch.Size([128])	cuda:0	True
2026-05-18 18:12:39,762 - INFO - noise_predictor.blocks.1.cross_attention.key_projection.weight	torch.Size([128, 128])	cuda:0	True
2026-05-18 18:12:39,762 - INFO - noise_predictor.blocks.1.cross_attention.key_projection.bias	torch.Size([128])	cuda:0	True
2026-05-18 18:12:39,762 - INFO - noise_predictor.blocks.1.cross_attention.value_projection.weight	torch.Size([128, 128])	cuda:0	True
2026-05-18 18:12:39,762 - INFO - noise_predictor.blocks.1.cross_attention.value_projection.bias	torch.Size([128])	cuda:0	True
2026-05-18 18:12:39,762 - INFO - noise_predictor.blocks.1.cross_attention.output_projection.weight	torch.Size([128, 128])	cuda:0	True
2026-05-18 18:12:39,762 - INFO - noise_predictor.blocks.1.cross_attention.output_projection.bias	torch.Size([128])	cuda:0	True
2026-05-18 18:12:39,762 - INFO - noise_predictor.blocks.1.spatiotemporal_attention.query_projection.weight	torch.Size([128, 128])	cuda:0	True
2026-05-18 18:12:39,762 - INFO - noise_predictor.blocks.1.spatiotemporal_attention.query_projection.bias	torch.Size([128])	cuda:0	True
2026-05-18 18:12:39,762 - INFO - noise_predictor.blocks.1.spatiotemporal_attention.key_projection.weight	torch.Size([128, 128])	cuda:0	True
2026-05-18 18:12:39,762 - INFO - noise_predictor.blocks.1.spatiotemporal_attention.key_projection.bias	torch.Size([128])	cuda:0	True
2026-05-18 18:12:39,762 - INFO - noise_predictor.blocks.1.spatiotemporal_attention.value_projection.weight	torch.Size([128, 128])	cuda:0	True
2026-05-18 18:12:39,762 - INFO - noise_predictor.blocks.1.spatiotemporal_attention.value_projection.bias	torch.Size([128])	cuda:0	True
2026-05-18 18:12:39,762 - INFO - noise_predictor.blocks.1.spatiotemporal_attention.output_projection.weight	torch.Size([128, 128])	cuda:0	True
2026-05-18 18:12:39,763 - INFO - noise_predictor.blocks.1.spatiotemporal_attention.output_projection.bias	torch.Size([128])	cuda:0	True
2026-05-18 18:12:39,763 - INFO - noise_predictor.blocks.1.feed_forward.network.0.weight	torch.Size([256, 128])	cuda:0	True
2026-05-18 18:12:39,763 - INFO - noise_predictor.blocks.1.feed_forward.network.0.bias	torch.Size([256])	cuda:0	True
2026-05-18 18:12:39,763 - INFO - noise_predictor.blocks.1.feed_forward.network.3.weight	torch.Size([128, 256])	cuda:0	True
2026-05-18 18:12:39,763 - INFO - noise_predictor.blocks.1.feed_forward.network.3.bias	torch.Size([128])	cuda:0	True
2026-05-18 18:12:39,763 - INFO - noise_predictor.blocks.1.norm_temporal.weight	torch.Size([128])	cuda:0	True
2026-05-18 18:12:39,763 - INFO - noise_predictor.blocks.1.norm_temporal.bias	torch.Size([128])	cuda:0	True
2026-05-18 18:12:39,763 - INFO - noise_predictor.blocks.1.norm_graph.weight	torch.Size([128])	cuda:0	True
2026-05-18 18:12:39,763 - INFO - noise_predictor.blocks.1.norm_graph.bias	torch.Size([128])	cuda:0	True
2026-05-18 18:12:39,763 - INFO - noise_predictor.blocks.1.norm_cross.weight	torch.Size([128])	cuda:0	True
2026-05-18 18:12:39,763 - INFO - noise_predictor.blocks.1.norm_cross.bias	torch.Size([128])	cuda:0	True
2026-05-18 18:12:39,763 - INFO - noise_predictor.blocks.1.norm_spatiotemporal.weight	torch.Size([128])	cuda:0	True
2026-05-18 18:12:39,763 - INFO - noise_predictor.blocks.1.norm_spatiotemporal.bias	torch.Size([128])	cuda:0	True
2026-05-18 18:12:39,763 - INFO - noise_predictor.blocks.1.norm_ffn.weight	torch.Size([128])	cuda:0	True
2026-05-18 18:12:39,763 - INFO - noise_predictor.blocks.1.norm_ffn.bias	torch.Size([128])	cuda:0	True
2026-05-18 18:12:39,763 - INFO - noise_predictor.blocks.1.time_scale_shift.1.weight	torch.Size([256, 128])	cuda:0	True
2026-05-18 18:12:39,763 - INFO - noise_predictor.blocks.1.time_scale_shift.1.bias	torch.Size([256])	cuda:0	True
2026-05-18 18:12:39,763 - INFO - noise_predictor.blocks.2.temporal_attention.query_projection.weight	torch.Size([128, 128])	cuda:0	True
2026-05-18 18:12:39,763 - INFO - noise_predictor.blocks.2.temporal_attention.query_projection.bias	torch.Size([128])	cuda:0	True
2026-05-18 18:12:39,763 - INFO - noise_predictor.blocks.2.temporal_attention.key_projection.weight	torch.Size([128, 128])	cuda:0	True
2026-05-18 18:12:39,763 - INFO - noise_predictor.blocks.2.temporal_attention.key_projection.bias	torch.Size([128])	cuda:0	True
2026-05-18 18:12:39,763 - INFO - noise_predictor.blocks.2.temporal_attention.value_projection.weight	torch.Size([128, 128])	cuda:0	True
2026-05-18 18:12:39,763 - INFO - noise_predictor.blocks.2.temporal_attention.value_projection.bias	torch.Size([128])	cuda:0	True
2026-05-18 18:12:39,763 - INFO - noise_predictor.blocks.2.temporal_attention.output_projection.weight	torch.Size([128, 128])	cuda:0	True
2026-05-18 18:12:39,763 - INFO - noise_predictor.blocks.2.temporal_attention.output_projection.bias	torch.Size([128])	cuda:0	True
2026-05-18 18:12:39,763 - INFO - noise_predictor.blocks.2.graph_convolution.projections.0.weight	torch.Size([128, 128])	cuda:0	True
2026-05-18 18:12:39,763 - INFO - noise_predictor.blocks.2.graph_convolution.projections.0.bias	torch.Size([128])	cuda:0	True
2026-05-18 18:12:39,763 - INFO - noise_predictor.blocks.2.graph_convolution.projections.1.weight	torch.Size([128, 128])	cuda:0	True
2026-05-18 18:12:39,763 - INFO - noise_predictor.blocks.2.graph_convolution.projections.1.bias	torch.Size([128])	cuda:0	True
2026-05-18 18:12:39,763 - INFO - noise_predictor.blocks.2.graph_convolution.projections.2.weight	torch.Size([128, 128])	cuda:0	True
2026-05-18 18:12:39,763 - INFO - noise_predictor.blocks.2.graph_convolution.projections.2.bias	torch.Size([128])	cuda:0	True
2026-05-18 18:12:39,763 - INFO - noise_predictor.blocks.2.cross_attention.query_projection.weight	torch.Size([128, 128])	cuda:0	True
2026-05-18 18:12:39,763 - INFO - noise_predictor.blocks.2.cross_attention.query_projection.bias	torch.Size([128])	cuda:0	True
2026-05-18 18:12:39,763 - INFO - noise_predictor.blocks.2.cross_attention.key_projection.weight	torch.Size([128, 128])	cuda:0	True
2026-05-18 18:12:39,763 - INFO - noise_predictor.blocks.2.cross_attention.key_projection.bias	torch.Size([128])	cuda:0	True
2026-05-18 18:12:39,763 - INFO - noise_predictor.blocks.2.cross_attention.value_projection.weight	torch.Size([128, 128])	cuda:0	True
2026-05-18 18:12:39,763 - INFO - noise_predictor.blocks.2.cross_attention.value_projection.bias	torch.Size([128])	cuda:0	True
2026-05-18 18:12:39,764 - INFO - noise_predictor.blocks.2.cross_attention.output_projection.weight	torch.Size([128, 128])	cuda:0	True
2026-05-18 18:12:39,764 - INFO - noise_predictor.blocks.2.cross_attention.output_projection.bias	torch.Size([128])	cuda:0	True
2026-05-18 18:12:39,764 - INFO - noise_predictor.blocks.2.spatiotemporal_attention.query_projection.weight	torch.Size([128, 128])	cuda:0	True
2026-05-18 18:12:39,764 - INFO - noise_predictor.blocks.2.spatiotemporal_attention.query_projection.bias	torch.Size([128])	cuda:0	True
2026-05-18 18:12:39,764 - INFO - noise_predictor.blocks.2.spatiotemporal_attention.key_projection.weight	torch.Size([128, 128])	cuda:0	True
2026-05-18 18:12:39,764 - INFO - noise_predictor.blocks.2.spatiotemporal_attention.key_projection.bias	torch.Size([128])	cuda:0	True
2026-05-18 18:12:39,764 - INFO - noise_predictor.blocks.2.spatiotemporal_attention.value_projection.weight	torch.Size([128, 128])	cuda:0	True
2026-05-18 18:12:39,764 - INFO - noise_predictor.blocks.2.spatiotemporal_attention.value_projection.bias	torch.Size([128])	cuda:0	True
2026-05-18 18:12:39,764 - INFO - noise_predictor.blocks.2.spatiotemporal_attention.output_projection.weight	torch.Size([128, 128])	cuda:0	True
2026-05-18 18:12:39,764 - INFO - noise_predictor.blocks.2.spatiotemporal_attention.output_projection.bias	torch.Size([128])	cuda:0	True
2026-05-18 18:12:39,764 - INFO - noise_predictor.blocks.2.feed_forward.network.0.weight	torch.Size([256, 128])	cuda:0	True
2026-05-18 18:12:39,764 - INFO - noise_predictor.blocks.2.feed_forward.network.0.bias	torch.Size([256])	cuda:0	True
2026-05-18 18:12:39,764 - INFO - noise_predictor.blocks.2.feed_forward.network.3.weight	torch.Size([128, 256])	cuda:0	True
2026-05-18 18:12:39,764 - INFO - noise_predictor.blocks.2.feed_forward.network.3.bias	torch.Size([128])	cuda:0	True
2026-05-18 18:12:39,764 - INFO - noise_predictor.blocks.2.norm_temporal.weight	torch.Size([128])	cuda:0	True
2026-05-18 18:12:39,764 - INFO - noise_predictor.blocks.2.norm_temporal.bias	torch.Size([128])	cuda:0	True
2026-05-18 18:12:39,764 - INFO - noise_predictor.blocks.2.norm_graph.weight	torch.Size([128])	cuda:0	True
2026-05-18 18:12:39,764 - INFO - noise_predictor.blocks.2.norm_graph.bias	torch.Size([128])	cuda:0	True
2026-05-18 18:12:39,764 - INFO - noise_predictor.blocks.2.norm_cross.weight	torch.Size([128])	cuda:0	True
2026-05-18 18:12:39,764 - INFO - noise_predictor.blocks.2.norm_cross.bias	torch.Size([128])	cuda:0	True
2026-05-18 18:12:39,764 - INFO - noise_predictor.blocks.2.norm_spatiotemporal.weight	torch.Size([128])	cuda:0	True
2026-05-18 18:12:39,764 - INFO - noise_predictor.blocks.2.norm_spatiotemporal.bias	torch.Size([128])	cuda:0	True
2026-05-18 18:12:39,764 - INFO - noise_predictor.blocks.2.norm_ffn.weight	torch.Size([128])	cuda:0	True
2026-05-18 18:12:39,764 - INFO - noise_predictor.blocks.2.norm_ffn.bias	torch.Size([128])	cuda:0	True
2026-05-18 18:12:39,764 - INFO - noise_predictor.blocks.2.time_scale_shift.1.weight	torch.Size([256, 128])	cuda:0	True
2026-05-18 18:12:39,764 - INFO - noise_predictor.blocks.2.time_scale_shift.1.bias	torch.Size([256])	cuda:0	True
2026-05-18 18:12:39,764 - INFO - noise_predictor.blocks.3.temporal_attention.query_projection.weight	torch.Size([128, 128])	cuda:0	True
2026-05-18 18:12:39,764 - INFO - noise_predictor.blocks.3.temporal_attention.query_projection.bias	torch.Size([128])	cuda:0	True
2026-05-18 18:12:39,764 - INFO - noise_predictor.blocks.3.temporal_attention.key_projection.weight	torch.Size([128, 128])	cuda:0	True
2026-05-18 18:12:39,764 - INFO - noise_predictor.blocks.3.temporal_attention.key_projection.bias	torch.Size([128])	cuda:0	True
2026-05-18 18:12:39,764 - INFO - noise_predictor.blocks.3.temporal_attention.value_projection.weight	torch.Size([128, 128])	cuda:0	True
2026-05-18 18:12:39,764 - INFO - noise_predictor.blocks.3.temporal_attention.value_projection.bias	torch.Size([128])	cuda:0	True
2026-05-18 18:12:39,764 - INFO - noise_predictor.blocks.3.temporal_attention.output_projection.weight	torch.Size([128, 128])	cuda:0	True
2026-05-18 18:12:39,764 - INFO - noise_predictor.blocks.3.temporal_attention.output_projection.bias	torch.Size([128])	cuda:0	True
2026-05-18 18:12:39,764 - INFO - noise_predictor.blocks.3.graph_convolution.projections.0.weight	torch.Size([128, 128])	cuda:0	True
2026-05-18 18:12:39,764 - INFO - noise_predictor.blocks.3.graph_convolution.projections.0.bias	torch.Size([128])	cuda:0	True
2026-05-18 18:12:39,764 - INFO - noise_predictor.blocks.3.graph_convolution.projections.1.weight	torch.Size([128, 128])	cuda:0	True
2026-05-18 18:12:39,765 - INFO - noise_predictor.blocks.3.graph_convolution.projections.1.bias	torch.Size([128])	cuda:0	True
2026-05-18 18:12:39,765 - INFO - noise_predictor.blocks.3.graph_convolution.projections.2.weight	torch.Size([128, 128])	cuda:0	True
2026-05-18 18:12:39,765 - INFO - noise_predictor.blocks.3.graph_convolution.projections.2.bias	torch.Size([128])	cuda:0	True
2026-05-18 18:12:39,765 - INFO - noise_predictor.blocks.3.cross_attention.query_projection.weight	torch.Size([128, 128])	cuda:0	True
2026-05-18 18:12:39,765 - INFO - noise_predictor.blocks.3.cross_attention.query_projection.bias	torch.Size([128])	cuda:0	True
2026-05-18 18:12:39,765 - INFO - noise_predictor.blocks.3.cross_attention.key_projection.weight	torch.Size([128, 128])	cuda:0	True
2026-05-18 18:12:39,765 - INFO - noise_predictor.blocks.3.cross_attention.key_projection.bias	torch.Size([128])	cuda:0	True
2026-05-18 18:12:39,765 - INFO - noise_predictor.blocks.3.cross_attention.value_projection.weight	torch.Size([128, 128])	cuda:0	True
2026-05-18 18:12:39,765 - INFO - noise_predictor.blocks.3.cross_attention.value_projection.bias	torch.Size([128])	cuda:0	True
2026-05-18 18:12:39,765 - INFO - noise_predictor.blocks.3.cross_attention.output_projection.weight	torch.Size([128, 128])	cuda:0	True
2026-05-18 18:12:39,765 - INFO - noise_predictor.blocks.3.cross_attention.output_projection.bias	torch.Size([128])	cuda:0	True
2026-05-18 18:12:39,765 - INFO - noise_predictor.blocks.3.spatiotemporal_attention.query_projection.weight	torch.Size([128, 128])	cuda:0	True
2026-05-18 18:12:39,765 - INFO - noise_predictor.blocks.3.spatiotemporal_attention.query_projection.bias	torch.Size([128])	cuda:0	True
2026-05-18 18:12:39,765 - INFO - noise_predictor.blocks.3.spatiotemporal_attention.key_projection.weight	torch.Size([128, 128])	cuda:0	True
2026-05-18 18:12:39,765 - INFO - noise_predictor.blocks.3.spatiotemporal_attention.key_projection.bias	torch.Size([128])	cuda:0	True
2026-05-18 18:12:39,765 - INFO - noise_predictor.blocks.3.spatiotemporal_attention.value_projection.weight	torch.Size([128, 128])	cuda:0	True
2026-05-18 18:12:39,765 - INFO - noise_predictor.blocks.3.spatiotemporal_attention.value_projection.bias	torch.Size([128])	cuda:0	True
2026-05-18 18:12:39,765 - INFO - noise_predictor.blocks.3.spatiotemporal_attention.output_projection.weight	torch.Size([128, 128])	cuda:0	True
2026-05-18 18:12:39,765 - INFO - noise_predictor.blocks.3.spatiotemporal_attention.output_projection.bias	torch.Size([128])	cuda:0	True
2026-05-18 18:12:39,765 - INFO - noise_predictor.blocks.3.feed_forward.network.0.weight	torch.Size([256, 128])	cuda:0	True
2026-05-18 18:12:39,765 - INFO - noise_predictor.blocks.3.feed_forward.network.0.bias	torch.Size([256])	cuda:0	True
2026-05-18 18:12:39,765 - INFO - noise_predictor.blocks.3.feed_forward.network.3.weight	torch.Size([128, 256])	cuda:0	True
2026-05-18 18:12:39,765 - INFO - noise_predictor.blocks.3.feed_forward.network.3.bias	torch.Size([128])	cuda:0	True
2026-05-18 18:12:39,765 - INFO - noise_predictor.blocks.3.norm_temporal.weight	torch.Size([128])	cuda:0	True
2026-05-18 18:12:39,765 - INFO - noise_predictor.blocks.3.norm_temporal.bias	torch.Size([128])	cuda:0	True
2026-05-18 18:12:39,765 - INFO - noise_predictor.blocks.3.norm_graph.weight	torch.Size([128])	cuda:0	True
2026-05-18 18:12:39,765 - INFO - noise_predictor.blocks.3.norm_graph.bias	torch.Size([128])	cuda:0	True
2026-05-18 18:12:39,765 - INFO - noise_predictor.blocks.3.norm_cross.weight	torch.Size([128])	cuda:0	True
2026-05-18 18:12:39,765 - INFO - noise_predictor.blocks.3.norm_cross.bias	torch.Size([128])	cuda:0	True
2026-05-18 18:12:39,765 - INFO - noise_predictor.blocks.3.norm_spatiotemporal.weight	torch.Size([128])	cuda:0	True
2026-05-18 18:12:39,765 - INFO - noise_predictor.blocks.3.norm_spatiotemporal.bias	torch.Size([128])	cuda:0	True
2026-05-18 18:12:39,765 - INFO - noise_predictor.blocks.3.norm_ffn.weight	torch.Size([128])	cuda:0	True
2026-05-18 18:12:39,765 - INFO - noise_predictor.blocks.3.norm_ffn.bias	torch.Size([128])	cuda:0	True
2026-05-18 18:12:39,765 - INFO - noise_predictor.blocks.3.time_scale_shift.1.weight	torch.Size([256, 128])	cuda:0	True
2026-05-18 18:12:39,765 - INFO - noise_predictor.blocks.3.time_scale_shift.1.bias	torch.Size([256])	cuda:0	True
2026-05-18 18:12:39,765 - INFO - noise_predictor.final_norm.weight	torch.Size([128])	cuda:0	True
2026-05-18 18:12:39,765 - INFO - noise_predictor.final_norm.bias	torch.Size([128])	cuda:0	True
2026-05-18 18:12:39,766 - INFO - noise_predictor.output_projection.weight	torch.Size([3, 128])	cuda:0	True
2026-05-18 18:12:39,766 - INFO - noise_predictor.output_projection.bias	torch.Size([3])	cuda:0	True
2026-05-18 18:12:39,766 - INFO - noise_predictor.adaptive_graph_learner.node_embeddings	torch.Size([307, 32])	cuda:0	True
2026-05-18 18:12:39,766 - INFO - noise_predictor.adaptive_graph_learner.blend_logit	torch.Size([])	cuda:0	True
2026-05-18 18:12:39,766 - INFO - noise_predictor.adaptive_graph_learner.fuzzy_centers	torch.Size([3])	cuda:0	True
2026-05-18 18:12:39,766 - INFO - noise_predictor.adaptive_graph_learner.fuzzy_log_sigmas	torch.Size([3])	cuda:0	True
2026-05-18 18:12:39,766 - INFO - noise_predictor.adaptive_graph_learner.fuzzy_rule_logits	torch.Size([3])	cuda:0	True
2026-05-18 18:12:39,766 - INFO - noise_predictor.adaptive_graph_learner.feature_projection.weight	torch.Size([32, 128])	cuda:0	True
2026-05-18 18:12:39,766 - INFO - noise_predictor.adaptive_graph_learner.feature_projection.bias	torch.Size([32])	cuda:0	True
2026-05-18 18:12:39,766 - INFO - noise_predictor.adaptive_graph_learner.time_projection.weight	torch.Size([32, 128])	cuda:0	True
2026-05-18 18:12:39,766 - INFO - noise_predictor.adaptive_graph_learner.time_projection.bias	torch.Size([32])	cuda:0	True
2026-05-18 18:12:39,766 - INFO - Total parameter numbers: 1845177
2026-05-18 18:12:39,766 - INFO - Enable AMP training (dtype=float16).
2026-05-18 18:12:39,766 - INFO - You select `adamw` optimizer.
2026-05-18 18:12:40,637 - INFO - You select `reducelronplateau` lr_scheduler.
2026-05-18 18:12:40,956 - INFO - Loaded model at 4
2026-05-18 18:12:40,956 - WARNING - Received none train loss func and will use the loss func defined in the model.
2026-05-18 18:12:40,956 - INFO - Start evaluating ...
2026-05-18 18:18:49,934 - INFO - Note that you select the single mode to evaluate!
2026-05-18 18:18:49,938 - INFO - Evaluate result is saved at /home/lizhuoxuan/lzq/Bigscity-LibCity-master/outputs/20260518_142501__traffic_state_pred__new_diffusion_fuzzy_2__PEMSD4/evaluate_cache/2026_05_18_18_18_49_new_diffusion_fuzzy_2_PEMSD4.csv
2026-05-18 18:18:49,949 - INFO - 
          MAE          MAPE           MSE  ...  masked_RMSE        R2      EVAR
1   51.461349  31088.771484  12657.605469  ...   112.865746  0.235339  0.314504
2   51.422211  30523.226562  12645.688477  ...   112.816391  0.236027  0.315489
3   51.539051  30366.277344  12695.091797  ...   113.039627  0.233136  0.313562
4   51.554882  30139.128906  12701.687500  ...   113.067787  0.232675  0.313275
5   51.738003  30423.646484  12759.369141  ...   113.325218  0.229180  0.310205
6   51.943184  30748.695312  12795.650391  ...   113.478661  0.226861  0.308077
7   52.000244  30423.501953  12829.452148  ...   113.636497  0.224789  0.306730
8   52.149006  31048.312500  12877.208984  ...   113.840469  0.221888  0.303748
9   52.395901  31371.392578  12956.838867  ...   114.188637  0.217108  0.299823
10  52.567638  31171.625000  13009.014648  ...   114.418869  0.213899  0.296814
11  52.795990  31442.695312  13061.230469  ...   114.649811  0.210732  0.293660
12  53.099739  31737.693359  13167.041992  ...   115.114105  0.204366  0.287708

[12 rows x 10 columns]
2026-05-18 18:18:49,950 - INFO - Eval checkpoint pipeline finished.
