2026-05-21 16:12:38,060 - INFO - Log directory: /home/lizhuoxuan/lzq/Bigscity-LibCity-master/outputs/20260521_161238__traffic_state_pred__new_fuzzy_2__METR_LA/logs
2026-05-21 16:12:38,175 - INFO - Log directory: /home/lizhuoxuan/lzq/Bigscity-LibCity-master/outputs/20260521_161238__traffic_state_pred__new_fuzzy_2__METR_LA/logs
2026-05-21 16:12:38,175 - INFO - Begin artifact training pipeline, task=traffic_state_pred, model_name=new_fuzzy_2, dataset_name=METR_LA, exp_id=20260521_161238__traffic_state_pred__new_fuzzy_2__METR_LA
2026-05-21 16:12:38,175 - INFO - {'task': 'traffic_state_pred', 'model': 'new_fuzzy_2', 'dataset': 'METR_LA', 'saved_model': True, 'train': True, 'seed': 42, 'train_rate': 0.6, 'eval_rate': 0.2, 'batch_size': 64, 'learning_rate': 0.0005, 'max_epoch': 10, 'dataset_class': 'TrafficStatePointDataset', 'executor': 'TrafficStateExecutor', 'evaluator': 'TrafficStateEvaluator', 'calculate_weight_adj': True, 'conservation_loss_weight': 0.1, 'conservation_steps_per_epoch': 80, 'conservation_warmup_epochs': 5, 'data_col': ['traffic_speed'], 'data_files': ['METR_LA'], 'decoder_layers': 2, 'device': device(type='cuda', index=0), 'disturb_rate': 0.5, 'dropout': 0.1, 'dyna': {'including_types': ['state'], 'state': {'entity_id': 'geo_id', 'traffic_speed': 'num'}}, 'encoder_layers': 2, 'eval_batch_size': 64, 'evaluator_mode': 'single', 'ffn_hidden_dim': 128, 'fuzzy_num_sets': 3, 'geo': {'including_types': ['Point'], 'Point': {}}, 'geo_file': 'METR_LA', 'graph_k_hop': 2, 'hidden_dim': 64, 'init_weight_inf_or_zero': 'inf', 'is_distributed': True, 'metrics': ['MAE', 'MAPE', 'MSE', 'RMSE', 'masked_MAE', 'masked_MAPE', 'masked_MSE', 'masked_RMSE', 'R2', 'EVAR'], 'noise_SD': [10], 'noise_mean': [5], 'noise_type': 'gaussian', 'num_heads': 2, 'num_workers': 0, 'output_dim': 1, 'pad_with_last_sample': True, 'physics_channel_idx': 0, 'rank': 0, 'rel': {'including_types': ['geo'], 'geo': {'cost': 'num'}}, 'rel_file': 'METR_LA', 'robustness_test': False, 'save_mode': ['csv'], 'scale_lr': False, 'set_weight_link_or_dist': 'dist', 'time_intervals': 300, 'use_amp': True, 'use_fuzzy_conservation': True, 'use_fuzzy_graph': True, 'use_gradient_checkpointing': False, 'use_spatiotemporal_attention': True, 'use_temporal_position_embedding': True, 'weight_adj_epsilon': 0.1, 'weight_col': 'cost', 'world_size': 4, 'clip_grad_norm': True, 'epoch': 0, 'gpu': True, 'gpu_id': 0, 'learner': 'adamw', 'load_best_epoch': True, 'log_every': 1, 'lr_decay': True, 'lr_decay_ratio': 0.5, 'lr_patience': 5, 'lr_scheduler': 'reducelronplateau', 'lr_threshold': 0.001, 'max_grad_norm': 3, 'patience': 30, 'train_loss': 'none', 'use_early_stop': True, 'weight_decay': 0.0001, 'data_version_id': 'dv_1779350544_501cf2f6', 'input_window': 12, 'output_window': 12, 'scaler': 'standard', 'load_external': False, 'normal_external': False, 'add_time_in_day': True, 'add_day_in_week': True, 'cache_dataset': True, 'ext_scaler': 'none', 'local_rank': 0, 'dist_backend': 'nccl', 'exp_id': '20260521_161238__traffic_state_pred__new_fuzzy_2__METR_LA'}
2026-05-21 16:12:38,259 - INFO - Log directory: /home/lizhuoxuan/lzq/Bigscity-LibCity-master/outputs/20260521_161238__traffic_state_pred__new_fuzzy_2__METR_LA/logs
2026-05-21 16:12:38,366 - INFO - Log directory: /home/lizhuoxuan/lzq/Bigscity-LibCity-master/outputs/20260521_161238__traffic_state_pred__new_fuzzy_2__METR_LA/logs
2026-05-21 16:13:00,455 - INFO - Enable AMP training (dtype=float16).
2026-05-21 16:13:00,456 - INFO - You select `adamw` optimizer.
2026-05-21 16:13:00,456 - INFO - Enable AMP training (dtype=float16).
2026-05-21 16:13:00,456 - INFO - You select `adamw` optimizer.
2026-05-21 16:13:00,456 - INFO - You select `reducelronplateau` lr_scheduler.
2026-05-21 16:13:00,456 - WARNING - Received none train loss func and will use the loss func defined in the model.
2026-05-21 16:13:00,456 - INFO - Start training ...
2026-05-21 16:13:00,456 - INFO - num_batches:81
2026-05-21 16:13:00,456 - INFO - DistributedDataParallel(
  (module): NewFuzzy2(
    (fuzzy_graph): FuzzyRelationalGraphLearner(
      (raw_projection): Linear(in_features=9, out_features=64, bias=True)
      (feature_to_membership): Sequential(
        (0): Linear(in_features=64, out_features=32, bias=True)
        (1): GELU(approximate='none')
        (2): Linear(in_features=32, out_features=3, bias=True)
      )
    )
    (condition_encoder): STEncoder(
      (input_projection): Linear(in_features=9, out_features=64, bias=True)
      (blocks): ModuleList(
        (0-1): 2 x STEncoderBlock(
          (temporal_attention): MultiHeadAttention(
            (query_projection): Linear(in_features=64, out_features=64, bias=True)
            (key_projection): Linear(in_features=64, out_features=64, bias=True)
            (value_projection): Linear(in_features=64, out_features=64, bias=True)
            (output_projection): Linear(in_features=64, out_features=64, bias=True)
            (dropout): Dropout(p=0.1, inplace=False)
          )
          (graph_convolution): FuzzyGraphConvolution(
            (projections): ModuleList(
              (0-2): 3 x Linear(in_features=64, out_features=64, bias=True)
            )
          )
          (feed_forward): FeedForwardNetwork(
            (network): Sequential(
              (0): Linear(in_features=64, out_features=128, bias=True)
              (1): GELU(approximate='none')
              (2): Dropout(p=0.1, inplace=False)
              (3): Linear(in_features=128, out_features=64, bias=True)
              (4): Dropout(p=0.1, inplace=False)
            )
          )
          (norm_temporal): LayerNorm((64,), eps=1e-05, elementwise_affine=True)
          (norm_graph): LayerNorm((64,), eps=1e-05, elementwise_affine=True)
          (norm_ffn): LayerNorm((64,), eps=1e-05, elementwise_affine=True)
          (dropout): Dropout(p=0.1, inplace=False)
        )
      )
      (final_norm): LayerNorm((64,), eps=1e-05, elementwise_affine=True)
    )
    (future_decoder): FutureDecoder(
      (blocks): ModuleList(
        (0-1): 2 x DecoderBlock(
          (temporal_attention): MultiHeadAttention(
            (query_projection): Linear(in_features=64, out_features=64, bias=True)
            (key_projection): Linear(in_features=64, out_features=64, bias=True)
            (value_projection): Linear(in_features=64, out_features=64, bias=True)
            (output_projection): Linear(in_features=64, out_features=64, bias=True)
            (dropout): Dropout(p=0.1, inplace=False)
          )
          (graph_convolution): FuzzyGraphConvolution(
            (projections): ModuleList(
              (0-2): 3 x Linear(in_features=64, out_features=64, bias=True)
            )
          )
          (cross_attention): MultiHeadAttention(
            (query_projection): Linear(in_features=64, out_features=64, bias=True)
            (key_projection): Linear(in_features=64, out_features=64, bias=True)
            (value_projection): Linear(in_features=64, out_features=64, bias=True)
            (output_projection): Linear(in_features=64, out_features=64, bias=True)
            (dropout): Dropout(p=0.1, inplace=False)
          )
          (spatiotemporal_attention): MultiHeadAttention(
            (query_projection): Linear(in_features=64, out_features=64, bias=True)
            (key_projection): Linear(in_features=64, out_features=64, bias=True)
            (value_projection): Linear(in_features=64, out_features=64, bias=True)
            (output_projection): Linear(in_features=64, out_features=64, bias=True)
            (dropout): Dropout(p=0.1, inplace=False)
          )
          (feed_forward): FeedForwardNetwork(
            (network): Sequential(
              (0): Linear(in_features=64, out_features=128, bias=True)
              (1): GELU(approximate='none')
              (2): Dropout(p=0.1, inplace=False)
              (3): Linear(in_features=128, out_features=64, bias=True)
              (4): Dropout(p=0.1, inplace=False)
            )
          )
          (norm_temporal): LayerNorm((64,), eps=1e-05, elementwise_affine=True)
          (norm_graph): LayerNorm((64,), eps=1e-05, elementwise_affine=True)
          (norm_cross): LayerNorm((64,), eps=1e-05, elementwise_affine=True)
          (norm_spatiotemporal): LayerNorm((64,), eps=1e-05, elementwise_affine=True)
          (norm_ffn): LayerNorm((64,), eps=1e-05, elementwise_affine=True)
          (dropout): Dropout(p=0.1, inplace=False)
        )
      )
      (final_norm): LayerNorm((64,), eps=1e-05, elementwise_affine=True)
      (output_projection): Linear(in_features=64, out_features=1, bias=True)
    )
  )
)
2026-05-21 16:13:00,457 - INFO - You select `reducelronplateau` lr_scheduler.
2026-05-21 16:13:00,457 - WARNING - Received none train loss func and will use the loss func defined in the model.
2026-05-21 16:13:00,457 - INFO - Start training ...
2026-05-21 16:13:00,457 - INFO - num_batches:81
2026-05-21 16:13:00,457 - INFO - Enable AMP training (dtype=float16).
2026-05-21 16:13:00,457 - INFO - You select `adamw` optimizer.
2026-05-21 16:13:00,457 - INFO - module.fuzzy_graph.base_memberships	torch.Size([207, 3])	cuda:0	True
2026-05-21 16:13:00,457 - INFO - module.fuzzy_graph.fuzzy_prototypes	torch.Size([3, 64])	cuda:0	True
2026-05-21 16:13:00,457 - INFO - module.fuzzy_graph.blend_logit	torch.Size([])	cuda:0	True
2026-05-21 16:13:00,457 - INFO - module.fuzzy_graph.raw_projection.weight	torch.Size([64, 9])	cuda:0	True
2026-05-21 16:13:00,457 - INFO - module.fuzzy_graph.raw_projection.bias	torch.Size([64])	cuda:0	True
2026-05-21 16:13:00,457 - INFO - module.fuzzy_graph.feature_to_membership.0.weight	torch.Size([32, 64])	cuda:0	True
2026-05-21 16:13:00,457 - INFO - module.fuzzy_graph.feature_to_membership.0.bias	torch.Size([32])	cuda:0	True
2026-05-21 16:13:00,458 - INFO - module.fuzzy_graph.feature_to_membership.2.weight	torch.Size([3, 32])	cuda:0	True
2026-05-21 16:13:00,458 - INFO - module.fuzzy_graph.feature_to_membership.2.bias	torch.Size([3])	cuda:0	True
2026-05-21 16:13:00,458 - INFO - module.condition_encoder.temporal_position_embedding	torch.Size([1, 12, 1, 64])	cuda:0	True
2026-05-21 16:13:00,458 - INFO - module.condition_encoder.input_projection.weight	torch.Size([64, 9])	cuda:0	True
2026-05-21 16:13:00,458 - INFO - module.condition_encoder.input_projection.bias	torch.Size([64])	cuda:0	True
2026-05-21 16:13:00,458 - INFO - module.condition_encoder.blocks.0.temporal_attention.query_projection.weight	torch.Size([64, 64])	cuda:0	True
2026-05-21 16:13:00,458 - INFO - module.condition_encoder.blocks.0.temporal_attention.query_projection.bias	torch.Size([64])	cuda:0	True
2026-05-21 16:13:00,458 - INFO - module.condition_encoder.blocks.0.temporal_attention.key_projection.weight	torch.Size([64, 64])	cuda:0	True
2026-05-21 16:13:00,458 - INFO - module.condition_encoder.blocks.0.temporal_attention.key_projection.bias	torch.Size([64])	cuda:0	True
2026-05-21 16:13:00,458 - INFO - module.condition_encoder.blocks.0.temporal_attention.value_projection.weight	torch.Size([64, 64])	cuda:0	True
2026-05-21 16:13:00,458 - INFO - module.condition_encoder.blocks.0.temporal_attention.value_projection.bias	torch.Size([64])	cuda:0	True
2026-05-21 16:13:00,458 - INFO - module.condition_encoder.blocks.0.temporal_attention.output_projection.weight	torch.Size([64, 64])	cuda:0	True
2026-05-21 16:13:00,458 - INFO - module.condition_encoder.blocks.0.temporal_attention.output_projection.bias	torch.Size([64])	cuda:0	True
2026-05-21 16:13:00,458 - INFO - module.condition_encoder.blocks.0.graph_convolution.projections.0.weight	torch.Size([64, 64])	cuda:0	True
2026-05-21 16:13:00,458 - INFO - You select `reducelronplateau` lr_scheduler.
2026-05-21 16:13:00,458 - INFO - module.condition_encoder.blocks.0.graph_convolution.projections.0.bias	torch.Size([64])	cuda:0	True
2026-05-21 16:13:00,458 - INFO - module.condition_encoder.blocks.0.graph_convolution.projections.1.weight	torch.Size([64, 64])	cuda:0	True
2026-05-21 16:13:00,458 - INFO - module.condition_encoder.blocks.0.graph_convolution.projections.1.bias	torch.Size([64])	cuda:0	True
2026-05-21 16:13:00,458 - WARNING - Received none train loss func and will use the loss func defined in the model.
2026-05-21 16:13:00,458 - INFO - module.condition_encoder.blocks.0.graph_convolution.projections.2.weight	torch.Size([64, 64])	cuda:0	True
2026-05-21 16:13:00,458 - INFO - module.condition_encoder.blocks.0.graph_convolution.projections.2.bias	torch.Size([64])	cuda:0	True
2026-05-21 16:13:00,458 - INFO - module.condition_encoder.blocks.0.feed_forward.network.0.weight	torch.Size([128, 64])	cuda:0	True
2026-05-21 16:13:00,458 - INFO - Start training ...
2026-05-21 16:13:00,458 - INFO - module.condition_encoder.blocks.0.feed_forward.network.0.bias	torch.Size([128])	cuda:0	True
2026-05-21 16:13:00,458 - INFO - module.condition_encoder.blocks.0.feed_forward.network.3.weight	torch.Size([64, 128])	cuda:0	True
2026-05-21 16:13:00,458 - INFO - module.condition_encoder.blocks.0.feed_forward.network.3.bias	torch.Size([64])	cuda:0	True
2026-05-21 16:13:00,458 - INFO - num_batches:81
2026-05-21 16:13:00,458 - INFO - module.condition_encoder.blocks.0.norm_temporal.weight	torch.Size([64])	cuda:0	True
2026-05-21 16:13:00,458 - INFO - module.condition_encoder.blocks.0.norm_temporal.bias	torch.Size([64])	cuda:0	True
2026-05-21 16:13:00,458 - INFO - module.condition_encoder.blocks.0.norm_graph.weight	torch.Size([64])	cuda:0	True
2026-05-21 16:13:00,458 - INFO - module.condition_encoder.blocks.0.norm_graph.bias	torch.Size([64])	cuda:0	True
2026-05-21 16:13:00,458 - INFO - module.condition_encoder.blocks.0.norm_ffn.weight	torch.Size([64])	cuda:0	True
2026-05-21 16:13:00,458 - INFO - module.condition_encoder.blocks.0.norm_ffn.bias	torch.Size([64])	cuda:0	True
2026-05-21 16:13:00,458 - INFO - module.condition_encoder.blocks.1.temporal_attention.query_projection.weight	torch.Size([64, 64])	cuda:0	True
2026-05-21 16:13:00,458 - INFO - module.condition_encoder.blocks.1.temporal_attention.query_projection.bias	torch.Size([64])	cuda:0	True
2026-05-21 16:13:00,458 - INFO - module.condition_encoder.blocks.1.temporal_attention.key_projection.weight	torch.Size([64, 64])	cuda:0	True
2026-05-21 16:13:00,458 - INFO - module.condition_encoder.blocks.1.temporal_attention.key_projection.bias	torch.Size([64])	cuda:0	True
2026-05-21 16:13:00,459 - INFO - module.condition_encoder.blocks.1.temporal_attention.value_projection.weight	torch.Size([64, 64])	cuda:0	True
2026-05-21 16:13:00,459 - INFO - module.condition_encoder.blocks.1.temporal_attention.value_projection.bias	torch.Size([64])	cuda:0	True
2026-05-21 16:13:00,459 - INFO - module.condition_encoder.blocks.1.temporal_attention.output_projection.weight	torch.Size([64, 64])	cuda:0	True
2026-05-21 16:13:00,459 - INFO - module.condition_encoder.blocks.1.temporal_attention.output_projection.bias	torch.Size([64])	cuda:0	True
2026-05-21 16:13:00,459 - INFO - module.condition_encoder.blocks.1.graph_convolution.projections.0.weight	torch.Size([64, 64])	cuda:0	True
2026-05-21 16:13:00,459 - INFO - module.condition_encoder.blocks.1.graph_convolution.projections.0.bias	torch.Size([64])	cuda:0	True
2026-05-21 16:13:00,459 - INFO - module.condition_encoder.blocks.1.graph_convolution.projections.1.weight	torch.Size([64, 64])	cuda:0	True
2026-05-21 16:13:00,459 - INFO - module.condition_encoder.blocks.1.graph_convolution.projections.1.bias	torch.Size([64])	cuda:0	True
2026-05-21 16:13:00,459 - INFO - module.condition_encoder.blocks.1.graph_convolution.projections.2.weight	torch.Size([64, 64])	cuda:0	True
2026-05-21 16:13:00,459 - INFO - module.condition_encoder.blocks.1.graph_convolution.projections.2.bias	torch.Size([64])	cuda:0	True
2026-05-21 16:13:00,459 - INFO - module.condition_encoder.blocks.1.feed_forward.network.0.weight	torch.Size([128, 64])	cuda:0	True
2026-05-21 16:13:00,459 - INFO - module.condition_encoder.blocks.1.feed_forward.network.0.bias	torch.Size([128])	cuda:0	True
2026-05-21 16:13:00,459 - INFO - module.condition_encoder.blocks.1.feed_forward.network.3.weight	torch.Size([64, 128])	cuda:0	True
2026-05-21 16:13:00,459 - INFO - module.condition_encoder.blocks.1.feed_forward.network.3.bias	torch.Size([64])	cuda:0	True
2026-05-21 16:13:00,459 - INFO - module.condition_encoder.blocks.1.norm_temporal.weight	torch.Size([64])	cuda:0	True
2026-05-21 16:13:00,459 - INFO - module.condition_encoder.blocks.1.norm_temporal.bias	torch.Size([64])	cuda:0	True
2026-05-21 16:13:00,459 - INFO - module.condition_encoder.blocks.1.norm_graph.weight	torch.Size([64])	cuda:0	True
2026-05-21 16:13:00,459 - INFO - module.condition_encoder.blocks.1.norm_graph.bias	torch.Size([64])	cuda:0	True
2026-05-21 16:13:00,459 - INFO - module.condition_encoder.blocks.1.norm_ffn.weight	torch.Size([64])	cuda:0	True
2026-05-21 16:13:00,459 - INFO - module.condition_encoder.blocks.1.norm_ffn.bias	torch.Size([64])	cuda:0	True
2026-05-21 16:13:00,459 - INFO - module.condition_encoder.final_norm.weight	torch.Size([64])	cuda:0	True
2026-05-21 16:13:00,459 - INFO - module.condition_encoder.final_norm.bias	torch.Size([64])	cuda:0	True
2026-05-21 16:13:00,459 - INFO - module.future_decoder.future_queries	torch.Size([1, 12, 207, 64])	cuda:0	True
2026-05-21 16:13:00,459 - INFO - module.future_decoder.blocks.0.temporal_attention.query_projection.weight	torch.Size([64, 64])	cuda:0	True
2026-05-21 16:13:00,459 - INFO - module.future_decoder.blocks.0.temporal_attention.query_projection.bias	torch.Size([64])	cuda:0	True
2026-05-21 16:13:00,459 - INFO - module.future_decoder.blocks.0.temporal_attention.key_projection.weight	torch.Size([64, 64])	cuda:0	True
2026-05-21 16:13:00,459 - INFO - module.future_decoder.blocks.0.temporal_attention.key_projection.bias	torch.Size([64])	cuda:0	True
2026-05-21 16:13:00,459 - INFO - module.future_decoder.blocks.0.temporal_attention.value_projection.weight	torch.Size([64, 64])	cuda:0	True
2026-05-21 16:13:00,459 - INFO - module.future_decoder.blocks.0.temporal_attention.value_projection.bias	torch.Size([64])	cuda:0	True
2026-05-21 16:13:00,459 - INFO - module.future_decoder.blocks.0.temporal_attention.output_projection.weight	torch.Size([64, 64])	cuda:0	True
2026-05-21 16:13:00,459 - INFO - module.future_decoder.blocks.0.temporal_attention.output_projection.bias	torch.Size([64])	cuda:0	True
2026-05-21 16:13:00,459 - INFO - module.future_decoder.blocks.0.graph_convolution.projections.0.weight	torch.Size([64, 64])	cuda:0	True
2026-05-21 16:13:00,459 - INFO - module.future_decoder.blocks.0.graph_convolution.projections.0.bias	torch.Size([64])	cuda:0	True
2026-05-21 16:13:00,460 - INFO - module.future_decoder.blocks.0.graph_convolution.projections.1.weight	torch.Size([64, 64])	cuda:0	True
2026-05-21 16:13:00,460 - INFO - module.future_decoder.blocks.0.graph_convolution.projections.1.bias	torch.Size([64])	cuda:0	True
2026-05-21 16:13:00,460 - INFO - module.future_decoder.blocks.0.graph_convolution.projections.2.weight	torch.Size([64, 64])	cuda:0	True
2026-05-21 16:13:00,460 - INFO - module.future_decoder.blocks.0.graph_convolution.projections.2.bias	torch.Size([64])	cuda:0	True
2026-05-21 16:13:00,460 - INFO - module.future_decoder.blocks.0.cross_attention.query_projection.weight	torch.Size([64, 64])	cuda:0	True
2026-05-21 16:13:00,460 - INFO - module.future_decoder.blocks.0.cross_attention.query_projection.bias	torch.Size([64])	cuda:0	True
2026-05-21 16:13:00,460 - INFO - module.future_decoder.blocks.0.cross_attention.key_projection.weight	torch.Size([64, 64])	cuda:0	True
2026-05-21 16:13:00,460 - INFO - module.future_decoder.blocks.0.cross_attention.key_projection.bias	torch.Size([64])	cuda:0	True
2026-05-21 16:13:00,460 - INFO - module.future_decoder.blocks.0.cross_attention.value_projection.weight	torch.Size([64, 64])	cuda:0	True
2026-05-21 16:13:00,460 - INFO - module.future_decoder.blocks.0.cross_attention.value_projection.bias	torch.Size([64])	cuda:0	True
2026-05-21 16:13:00,460 - INFO - module.future_decoder.blocks.0.cross_attention.output_projection.weight	torch.Size([64, 64])	cuda:0	True
2026-05-21 16:13:00,460 - INFO - module.future_decoder.blocks.0.cross_attention.output_projection.bias	torch.Size([64])	cuda:0	True
2026-05-21 16:13:00,460 - INFO - module.future_decoder.blocks.0.spatiotemporal_attention.query_projection.weight	torch.Size([64, 64])	cuda:0	True
2026-05-21 16:13:00,460 - INFO - module.future_decoder.blocks.0.spatiotemporal_attention.query_projection.bias	torch.Size([64])	cuda:0	True
2026-05-21 16:13:00,460 - INFO - module.future_decoder.blocks.0.spatiotemporal_attention.key_projection.weight	torch.Size([64, 64])	cuda:0	True
2026-05-21 16:13:00,460 - INFO - module.future_decoder.blocks.0.spatiotemporal_attention.key_projection.bias	torch.Size([64])	cuda:0	True
2026-05-21 16:13:00,460 - INFO - module.future_decoder.blocks.0.spatiotemporal_attention.value_projection.weight	torch.Size([64, 64])	cuda:0	True
2026-05-21 16:13:00,460 - INFO - module.future_decoder.blocks.0.spatiotemporal_attention.value_projection.bias	torch.Size([64])	cuda:0	True
2026-05-21 16:13:00,460 - INFO - module.future_decoder.blocks.0.spatiotemporal_attention.output_projection.weight	torch.Size([64, 64])	cuda:0	True
2026-05-21 16:13:00,460 - INFO - module.future_decoder.blocks.0.spatiotemporal_attention.output_projection.bias	torch.Size([64])	cuda:0	True
2026-05-21 16:13:00,460 - INFO - module.future_decoder.blocks.0.feed_forward.network.0.weight	torch.Size([128, 64])	cuda:0	True
2026-05-21 16:13:00,460 - INFO - module.future_decoder.blocks.0.feed_forward.network.0.bias	torch.Size([128])	cuda:0	True
2026-05-21 16:13:00,460 - INFO - module.future_decoder.blocks.0.feed_forward.network.3.weight	torch.Size([64, 128])	cuda:0	True
2026-05-21 16:13:00,460 - INFO - module.future_decoder.blocks.0.feed_forward.network.3.bias	torch.Size([64])	cuda:0	True
2026-05-21 16:13:00,460 - INFO - module.future_decoder.blocks.0.norm_temporal.weight	torch.Size([64])	cuda:0	True
2026-05-21 16:13:00,460 - INFO - module.future_decoder.blocks.0.norm_temporal.bias	torch.Size([64])	cuda:0	True
2026-05-21 16:13:00,460 - INFO - module.future_decoder.blocks.0.norm_graph.weight	torch.Size([64])	cuda:0	True
2026-05-21 16:13:00,460 - INFO - module.future_decoder.blocks.0.norm_graph.bias	torch.Size([64])	cuda:0	True
2026-05-21 16:13:00,460 - INFO - module.future_decoder.blocks.0.norm_cross.weight	torch.Size([64])	cuda:0	True
2026-05-21 16:13:00,460 - INFO - module.future_decoder.blocks.0.norm_cross.bias	torch.Size([64])	cuda:0	True
2026-05-21 16:13:00,460 - INFO - module.future_decoder.blocks.0.norm_spatiotemporal.weight	torch.Size([64])	cuda:0	True
2026-05-21 16:13:00,460 - INFO - module.future_decoder.blocks.0.norm_spatiotemporal.bias	torch.Size([64])	cuda:0	True
2026-05-21 16:13:00,460 - INFO - module.future_decoder.blocks.0.norm_ffn.weight	torch.Size([64])	cuda:0	True
2026-05-21 16:13:00,460 - INFO - module.future_decoder.blocks.0.norm_ffn.bias	torch.Size([64])	cuda:0	True
2026-05-21 16:13:00,461 - INFO - module.future_decoder.blocks.1.temporal_attention.query_projection.weight	torch.Size([64, 64])	cuda:0	True
2026-05-21 16:13:00,461 - INFO - module.future_decoder.blocks.1.temporal_attention.query_projection.bias	torch.Size([64])	cuda:0	True
2026-05-21 16:13:00,461 - INFO - module.future_decoder.blocks.1.temporal_attention.key_projection.weight	torch.Size([64, 64])	cuda:0	True
2026-05-21 16:13:00,461 - INFO - module.future_decoder.blocks.1.temporal_attention.key_projection.bias	torch.Size([64])	cuda:0	True
2026-05-21 16:13:00,461 - INFO - module.future_decoder.blocks.1.temporal_attention.value_projection.weight	torch.Size([64, 64])	cuda:0	True
2026-05-21 16:13:00,461 - INFO - module.future_decoder.blocks.1.temporal_attention.value_projection.bias	torch.Size([64])	cuda:0	True
2026-05-21 16:13:00,461 - INFO - module.future_decoder.blocks.1.temporal_attention.output_projection.weight	torch.Size([64, 64])	cuda:0	True
2026-05-21 16:13:00,461 - INFO - module.future_decoder.blocks.1.temporal_attention.output_projection.bias	torch.Size([64])	cuda:0	True
2026-05-21 16:13:00,461 - INFO - module.future_decoder.blocks.1.graph_convolution.projections.0.weight	torch.Size([64, 64])	cuda:0	True
2026-05-21 16:13:00,461 - INFO - module.future_decoder.blocks.1.graph_convolution.projections.0.bias	torch.Size([64])	cuda:0	True
2026-05-21 16:13:00,461 - INFO - module.future_decoder.blocks.1.graph_convolution.projections.1.weight	torch.Size([64, 64])	cuda:0	True
2026-05-21 16:13:00,461 - INFO - module.future_decoder.blocks.1.graph_convolution.projections.1.bias	torch.Size([64])	cuda:0	True
2026-05-21 16:13:00,461 - INFO - module.future_decoder.blocks.1.graph_convolution.projections.2.weight	torch.Size([64, 64])	cuda:0	True
2026-05-21 16:13:00,461 - INFO - module.future_decoder.blocks.1.graph_convolution.projections.2.bias	torch.Size([64])	cuda:0	True
2026-05-21 16:13:00,461 - INFO - module.future_decoder.blocks.1.cross_attention.query_projection.weight	torch.Size([64, 64])	cuda:0	True
2026-05-21 16:13:00,461 - INFO - module.future_decoder.blocks.1.cross_attention.query_projection.bias	torch.Size([64])	cuda:0	True
2026-05-21 16:13:00,461 - INFO - module.future_decoder.blocks.1.cross_attention.key_projection.weight	torch.Size([64, 64])	cuda:0	True
2026-05-21 16:13:00,461 - INFO - module.future_decoder.blocks.1.cross_attention.key_projection.bias	torch.Size([64])	cuda:0	True
2026-05-21 16:13:00,461 - INFO - module.future_decoder.blocks.1.cross_attention.value_projection.weight	torch.Size([64, 64])	cuda:0	True
2026-05-21 16:13:00,461 - INFO - module.future_decoder.blocks.1.cross_attention.value_projection.bias	torch.Size([64])	cuda:0	True
2026-05-21 16:13:00,461 - INFO - module.future_decoder.blocks.1.cross_attention.output_projection.weight	torch.Size([64, 64])	cuda:0	True
2026-05-21 16:13:00,461 - INFO - module.future_decoder.blocks.1.cross_attention.output_projection.bias	torch.Size([64])	cuda:0	True
2026-05-21 16:13:00,461 - INFO - module.future_decoder.blocks.1.spatiotemporal_attention.query_projection.weight	torch.Size([64, 64])	cuda:0	True
2026-05-21 16:13:00,461 - INFO - module.future_decoder.blocks.1.spatiotemporal_attention.query_projection.bias	torch.Size([64])	cuda:0	True
2026-05-21 16:13:00,461 - INFO - module.future_decoder.blocks.1.spatiotemporal_attention.key_projection.weight	torch.Size([64, 64])	cuda:0	True
2026-05-21 16:13:00,461 - INFO - module.future_decoder.blocks.1.spatiotemporal_attention.key_projection.bias	torch.Size([64])	cuda:0	True
2026-05-21 16:13:00,461 - INFO - module.future_decoder.blocks.1.spatiotemporal_attention.value_projection.weight	torch.Size([64, 64])	cuda:0	True
2026-05-21 16:13:00,461 - INFO - module.future_decoder.blocks.1.spatiotemporal_attention.value_projection.bias	torch.Size([64])	cuda:0	True
2026-05-21 16:13:00,461 - INFO - module.future_decoder.blocks.1.spatiotemporal_attention.output_projection.weight	torch.Size([64, 64])	cuda:0	True
2026-05-21 16:13:00,461 - INFO - module.future_decoder.blocks.1.spatiotemporal_attention.output_projection.bias	torch.Size([64])	cuda:0	True
2026-05-21 16:13:00,461 - INFO - module.future_decoder.blocks.1.feed_forward.network.0.weight	torch.Size([128, 64])	cuda:0	True
2026-05-21 16:13:00,461 - INFO - module.future_decoder.blocks.1.feed_forward.network.0.bias	torch.Size([128])	cuda:0	True
2026-05-21 16:13:00,461 - INFO - module.future_decoder.blocks.1.feed_forward.network.3.weight	torch.Size([64, 128])	cuda:0	True
2026-05-21 16:13:00,461 - INFO - module.future_decoder.blocks.1.feed_forward.network.3.bias	torch.Size([64])	cuda:0	True
2026-05-21 16:13:00,462 - INFO - module.future_decoder.blocks.1.norm_temporal.weight	torch.Size([64])	cuda:0	True
2026-05-21 16:13:00,462 - INFO - module.future_decoder.blocks.1.norm_temporal.bias	torch.Size([64])	cuda:0	True
2026-05-21 16:13:00,462 - INFO - module.future_decoder.blocks.1.norm_graph.weight	torch.Size([64])	cuda:0	True
2026-05-21 16:13:00,462 - INFO - module.future_decoder.blocks.1.norm_graph.bias	torch.Size([64])	cuda:0	True
2026-05-21 16:13:00,462 - INFO - module.future_decoder.blocks.1.norm_cross.weight	torch.Size([64])	cuda:0	True
2026-05-21 16:13:00,462 - INFO - module.future_decoder.blocks.1.norm_cross.bias	torch.Size([64])	cuda:0	True
2026-05-21 16:13:00,462 - INFO - module.future_decoder.blocks.1.norm_spatiotemporal.weight	torch.Size([64])	cuda:0	True
2026-05-21 16:13:00,462 - INFO - module.future_decoder.blocks.1.norm_spatiotemporal.bias	torch.Size([64])	cuda:0	True
2026-05-21 16:13:00,462 - INFO - module.future_decoder.blocks.1.norm_ffn.weight	torch.Size([64])	cuda:0	True
2026-05-21 16:13:00,462 - INFO - module.future_decoder.blocks.1.norm_ffn.bias	torch.Size([64])	cuda:0	True
2026-05-21 16:13:00,462 - INFO - module.future_decoder.final_norm.weight	torch.Size([64])	cuda:0	True
2026-05-21 16:13:00,462 - INFO - module.future_decoder.final_norm.bias	torch.Size([64])	cuda:0	True
2026-05-21 16:13:00,462 - INFO - module.future_decoder.output_projection.weight	torch.Size([1, 64])	cuda:0	True
2026-05-21 16:13:00,462 - INFO - module.future_decoder.output_projection.bias	torch.Size([1])	cuda:0	True
2026-05-21 16:13:00,462 - INFO - Total parameter numbers: 415730
2026-05-21 16:13:00,462 - INFO - Enable AMP training (dtype=float16).
2026-05-21 16:13:00,463 - INFO - You select `adamw` optimizer.
2026-05-21 16:13:00,463 - INFO - You select `reducelronplateau` lr_scheduler.
2026-05-21 16:13:00,463 - WARNING - Received none train loss func and will use the loss func defined in the model.
2026-05-21 16:13:00,463 - INFO - Start training ...
2026-05-21 16:13:00,463 - INFO - num_batches:81
2026-05-21 16:13:08,504 - INFO - epoch complete!
2026-05-21 16:13:08,504 - INFO - evaluating now!
2026-05-21 16:13:08,519 - INFO - epoch complete!
2026-05-21 16:13:08,520 - INFO - evaluating now!
2026-05-21 16:13:09,170 - INFO - epoch complete!
2026-05-21 16:13:09,171 - INFO - evaluating now!
2026-05-21 16:13:09,221 - INFO - Epoch [0/10] train_loss: 0.5145, val_loss: 0.4913, lr: 0.000500, 8.76s
2026-05-21 16:13:09,257 - INFO - Saved model at 0
2026-05-21 16:13:09,258 - INFO - Val loss decrease from inf to 0.4913, saving to /home/lizhuoxuan/lzq/Bigscity-LibCity-master/outputs/20260521_161238__traffic_state_pred__new_fuzzy_2__METR_LA/model_cache/new_fuzzy_2_METR_LA_epoch0.tar
2026-05-21 16:13:09,320 - INFO - Epoch [0/10] train_loss: 0.5150, val_loss: 0.4945, lr: 0.000500, 8.86s
2026-05-21 16:13:09,504 - INFO - Saved model at 0
2026-05-21 16:13:09,505 - INFO - Val loss decrease from inf to 0.4945, saving to /home/lizhuoxuan/lzq/Bigscity-LibCity-master/outputs/20260521_161238__traffic_state_pred__new_fuzzy_2__METR_LA/model_cache/new_fuzzy_2_METR_LA_epoch0.tar
2026-05-21 16:13:09,897 - INFO - Epoch [0/10] train_loss: 0.5158, val_loss: 0.4921, lr: 0.000500, 9.44s
2026-05-21 16:13:09,986 - INFO - Saved model at 0
2026-05-21 16:13:09,987 - INFO - Val loss decrease from inf to 0.4921, saving to /home/lizhuoxuan/lzq/Bigscity-LibCity-master/outputs/20260521_161238__traffic_state_pred__new_fuzzy_2__METR_LA/model_cache/new_fuzzy_2_METR_LA_epoch0.tar
2026-05-21 16:13:16,532 - INFO - epoch complete!
2026-05-21 16:13:16,532 - INFO - evaluating now!
2026-05-21 16:13:16,815 - INFO - epoch complete!
2026-05-21 16:13:16,815 - INFO - evaluating now!
2026-05-21 16:13:17,249 - INFO - Epoch [1/10] train_loss: 0.4676, val_loss: 0.4941, lr: 0.000500, 7.99s
2026-05-21 16:13:17,543 - INFO - Epoch [1/10] train_loss: 0.4663, val_loss: 0.4903, lr: 0.000500, 8.04s
2026-05-21 16:13:17,578 - INFO - Saved model at 1
2026-05-21 16:13:17,578 - INFO - Val loss decrease from 0.4945 to 0.4903, saving to /home/lizhuoxuan/lzq/Bigscity-LibCity-master/outputs/20260521_161238__traffic_state_pred__new_fuzzy_2__METR_LA/model_cache/new_fuzzy_2_METR_LA_epoch1.tar
2026-05-21 16:13:17,706 - INFO - epoch complete!
2026-05-21 16:13:17,706 - INFO - evaluating now!
2026-05-21 16:13:18,415 - INFO - Epoch [1/10] train_loss: 0.4720, val_loss: 0.4904, lr: 0.000500, 8.43s
2026-05-21 16:13:18,466 - INFO - Saved model at 1
2026-05-21 16:13:18,466 - INFO - Val loss decrease from 0.4921 to 0.4904, saving to /home/lizhuoxuan/lzq/Bigscity-LibCity-master/outputs/20260521_161238__traffic_state_pred__new_fuzzy_2__METR_LA/model_cache/new_fuzzy_2_METR_LA_epoch1.tar
2026-05-21 16:13:22,034 - INFO - epoch complete!
2026-05-21 16:13:22,034 - INFO - evaluating now!
2026-05-21 16:13:23,682 - INFO - Epoch [0/10] train_loss: 0.5191, val_loss: 0.4941, lr: 0.000500, 23.22s
2026-05-21 16:13:23,725 - INFO - Saved model at 0
2026-05-21 16:13:23,725 - INFO - Val loss decrease from inf to 0.4941, saving to /home/lizhuoxuan/lzq/Bigscity-LibCity-master/outputs/20260521_161238__traffic_state_pred__new_fuzzy_2__METR_LA/model_cache/new_fuzzy_2_METR_LA_epoch0.tar
2026-05-21 16:13:24,517 - INFO - epoch complete!
2026-05-21 16:13:24,517 - INFO - evaluating now!
2026-05-21 16:13:24,902 - INFO - epoch complete!
2026-05-21 16:13:24,902 - INFO - evaluating now!
2026-05-21 16:13:25,225 - INFO - Epoch [2/10] train_loss: 0.4614, val_loss: 0.4831, lr: 0.000500, 7.98s
2026-05-21 16:13:25,260 - INFO - Saved model at 2
2026-05-21 16:13:25,260 - INFO - Val loss decrease from 0.4913 to 0.4831, saving to /home/lizhuoxuan/lzq/Bigscity-LibCity-master/outputs/20260521_161238__traffic_state_pred__new_fuzzy_2__METR_LA/model_cache/new_fuzzy_2_METR_LA_epoch2.tar
2026-05-21 16:13:25,609 - INFO - Epoch [2/10] train_loss: 0.4612, val_loss: 0.4881, lr: 0.000500, 8.03s
2026-05-21 16:13:25,646 - INFO - Saved model at 2
2026-05-21 16:13:25,646 - INFO - Val loss decrease from 0.4903 to 0.4881, saving to /home/lizhuoxuan/lzq/Bigscity-LibCity-master/outputs/20260521_161238__traffic_state_pred__new_fuzzy_2__METR_LA/model_cache/new_fuzzy_2_METR_LA_epoch2.tar
2026-05-21 16:13:25,859 - INFO - epoch complete!
2026-05-21 16:13:25,860 - INFO - evaluating now!
2026-05-21 16:13:26,558 - INFO - Epoch [2/10] train_loss: 0.4659, val_loss: 0.4875, lr: 0.000500, 8.09s
2026-05-21 16:13:26,666 - INFO - Saved model at 2
2026-05-21 16:13:26,666 - INFO - Val loss decrease from 0.4904 to 0.4875, saving to /home/lizhuoxuan/lzq/Bigscity-LibCity-master/outputs/20260521_161238__traffic_state_pred__new_fuzzy_2__METR_LA/model_cache/new_fuzzy_2_METR_LA_epoch2.tar
2026-05-21 16:13:32,510 - INFO - epoch complete!
2026-05-21 16:13:32,510 - INFO - evaluating now!
2026-05-21 16:13:32,914 - INFO - epoch complete!
2026-05-21 16:13:32,915 - INFO - evaluating now!
2026-05-21 16:13:33,208 - INFO - Epoch [3/10] train_loss: 0.4541, val_loss: 0.4716, lr: 0.000500, 7.95s
2026-05-21 16:13:33,243 - INFO - Saved model at 3
2026-05-21 16:13:33,243 - INFO - Val loss decrease from 0.4831 to 0.4716, saving to /home/lizhuoxuan/lzq/Bigscity-LibCity-master/outputs/20260521_161238__traffic_state_pred__new_fuzzy_2__METR_LA/model_cache/new_fuzzy_2_METR_LA_epoch3.tar
2026-05-21 16:13:33,620 - INFO - Epoch [3/10] train_loss: 0.4583, val_loss: 0.5014, lr: 0.000500, 7.97s
2026-05-21 16:13:34,082 - INFO - epoch complete!
2026-05-21 16:13:34,082 - INFO - evaluating now!
2026-05-21 16:13:34,779 - INFO - Epoch [3/10] train_loss: 0.4482, val_loss: 0.4784, lr: 0.000500, 8.11s
2026-05-21 16:13:34,823 - INFO - Saved model at 3
2026-05-21 16:13:34,823 - INFO - Val loss decrease from 0.4875 to 0.4784, saving to /home/lizhuoxuan/lzq/Bigscity-LibCity-master/outputs/20260521_161238__traffic_state_pred__new_fuzzy_2__METR_LA/model_cache/new_fuzzy_2_METR_LA_epoch3.tar
2026-05-21 16:13:40,617 - INFO - epoch complete!
2026-05-21 16:13:40,617 - INFO - evaluating now!
2026-05-21 16:13:40,920 - INFO - epoch complete!
2026-05-21 16:13:40,921 - INFO - evaluating now!
2026-05-21 16:13:41,326 - INFO - Epoch [4/10] train_loss: 0.4416, val_loss: 0.4570, lr: 0.000500, 8.08s
2026-05-21 16:13:41,361 - INFO - Saved model at 4
2026-05-21 16:13:41,361 - INFO - Val loss decrease from 0.4716 to 0.4570, saving to /home/lizhuoxuan/lzq/Bigscity-LibCity-master/outputs/20260521_161238__traffic_state_pred__new_fuzzy_2__METR_LA/model_cache/new_fuzzy_2_METR_LA_epoch4.tar
2026-05-21 16:13:41,635 - INFO - Epoch [4/10] train_loss: 0.4416, val_loss: 0.4610, lr: 0.000500, 8.01s
2026-05-21 16:13:41,812 - INFO - Saved model at 4
2026-05-21 16:13:41,812 - INFO - Val loss decrease from 0.4881 to 0.4610, saving to /home/lizhuoxuan/lzq/Bigscity-LibCity-master/outputs/20260521_161238__traffic_state_pred__new_fuzzy_2__METR_LA/model_cache/new_fuzzy_2_METR_LA_epoch4.tar
2026-05-21 16:13:42,157 - INFO - epoch complete!
2026-05-21 16:13:42,158 - INFO - evaluating now!
2026-05-21 16:13:42,847 - INFO - Epoch [4/10] train_loss: 0.4442, val_loss: 0.4633, lr: 0.000500, 8.02s
2026-05-21 16:13:42,884 - INFO - Saved model at 4
2026-05-21 16:13:42,884 - INFO - Val loss decrease from 0.4784 to 0.4633, saving to /home/lizhuoxuan/lzq/Bigscity-LibCity-master/outputs/20260521_161238__traffic_state_pred__new_fuzzy_2__METR_LA/model_cache/new_fuzzy_2_METR_LA_epoch4.tar
2026-05-21 16:13:44,600 - INFO - epoch complete!
2026-05-21 16:13:44,601 - INFO - evaluating now!
2026-05-21 16:13:46,157 - INFO - Epoch [1/10] train_loss: 0.4611, val_loss: 0.4943, lr: 0.000500, 22.43s
2026-05-21 16:13:48,741 - INFO - epoch complete!
2026-05-21 16:13:48,741 - INFO - evaluating now!
2026-05-21 16:13:49,101 - INFO - epoch complete!
2026-05-21 16:13:49,101 - INFO - evaluating now!
2026-05-21 16:13:49,442 - INFO - Epoch [5/10] train_loss: 0.4376, val_loss: 0.4487, lr: 0.000500, 8.08s
2026-05-21 16:13:49,478 - INFO - Saved model at 5
2026-05-21 16:13:49,478 - INFO - Val loss decrease from 0.4570 to 0.4487, saving to /home/lizhuoxuan/lzq/Bigscity-LibCity-master/outputs/20260521_161238__traffic_state_pred__new_fuzzy_2__METR_LA/model_cache/new_fuzzy_2_METR_LA_epoch5.tar
2026-05-21 16:13:49,802 - INFO - Epoch [5/10] train_loss: 0.4335, val_loss: 0.4490, lr: 0.000500, 7.99s
2026-05-21 16:13:49,838 - INFO - Saved model at 5
2026-05-21 16:13:49,839 - INFO - Val loss decrease from 0.4610 to 0.4490, saving to /home/lizhuoxuan/lzq/Bigscity-LibCity-master/outputs/20260521_161238__traffic_state_pred__new_fuzzy_2__METR_LA/model_cache/new_fuzzy_2_METR_LA_epoch5.tar
2026-05-21 16:13:50,222 - INFO - epoch complete!
2026-05-21 16:13:50,222 - INFO - evaluating now!
2026-05-21 16:13:50,913 - INFO - Epoch [5/10] train_loss: 0.4268, val_loss: 0.4491, lr: 0.000500, 8.03s
2026-05-21 16:13:50,956 - INFO - Saved model at 5
2026-05-21 16:13:50,956 - INFO - Val loss decrease from 0.4633 to 0.4491, saving to /home/lizhuoxuan/lzq/Bigscity-LibCity-master/outputs/20260521_161238__traffic_state_pred__new_fuzzy_2__METR_LA/model_cache/new_fuzzy_2_METR_LA_epoch5.tar
2026-05-21 16:13:56,829 - INFO - epoch complete!
2026-05-21 16:13:56,829 - INFO - evaluating now!
2026-05-21 16:13:57,150 - INFO - epoch complete!
2026-05-21 16:13:57,150 - INFO - evaluating now!
2026-05-21 16:13:57,522 - INFO - Epoch [6/10] train_loss: 0.4188, val_loss: 0.4425, lr: 0.000500, 8.04s
2026-05-21 16:13:57,558 - INFO - Saved model at 6
2026-05-21 16:13:57,558 - INFO - Val loss decrease from 0.4487 to 0.4425, saving to /home/lizhuoxuan/lzq/Bigscity-LibCity-master/outputs/20260521_161238__traffic_state_pred__new_fuzzy_2__METR_LA/model_cache/new_fuzzy_2_METR_LA_epoch6.tar
2026-05-21 16:13:57,862 - INFO - Epoch [6/10] train_loss: 0.4292, val_loss: 0.4412, lr: 0.000500, 8.02s
2026-05-21 16:13:57,962 - INFO - Saved model at 6
2026-05-21 16:13:57,962 - INFO - Val loss decrease from 0.4490 to 0.4412, saving to /home/lizhuoxuan/lzq/Bigscity-LibCity-master/outputs/20260521_161238__traffic_state_pred__new_fuzzy_2__METR_LA/model_cache/new_fuzzy_2_METR_LA_epoch6.tar
2026-05-21 16:13:58,338 - INFO - epoch complete!
2026-05-21 16:13:58,339 - INFO - evaluating now!
2026-05-21 16:13:59,027 - INFO - Epoch [6/10] train_loss: 0.4216, val_loss: 0.4605, lr: 0.000500, 8.07s
2026-05-21 16:14:04,940 - INFO - epoch complete!
2026-05-21 16:14:04,941 - INFO - evaluating now!
2026-05-21 16:14:05,282 - INFO - epoch complete!
2026-05-21 16:14:05,282 - INFO - evaluating now!
2026-05-21 16:14:05,649 - INFO - Epoch [7/10] train_loss: 0.4015, val_loss: 0.4351, lr: 0.000500, 8.09s
2026-05-21 16:14:05,684 - INFO - Saved model at 7
2026-05-21 16:14:05,684 - INFO - Val loss decrease from 0.4425 to 0.4351, saving to /home/lizhuoxuan/lzq/Bigscity-LibCity-master/outputs/20260521_161238__traffic_state_pred__new_fuzzy_2__METR_LA/model_cache/new_fuzzy_2_METR_LA_epoch7.tar
2026-05-21 16:14:06,007 - INFO - Epoch [7/10] train_loss: 0.4060, val_loss: 0.4082, lr: 0.000500, 8.04s
2026-05-21 16:14:06,044 - INFO - Saved model at 7
2026-05-21 16:14:06,044 - INFO - Val loss decrease from 0.4412 to 0.4082, saving to /home/lizhuoxuan/lzq/Bigscity-LibCity-master/outputs/20260521_161238__traffic_state_pred__new_fuzzy_2__METR_LA/model_cache/new_fuzzy_2_METR_LA_epoch7.tar
2026-05-21 16:14:06,110 - INFO - epoch complete!
2026-05-21 16:14:06,110 - INFO - evaluating now!
2026-05-21 16:14:06,381 - INFO - epoch complete!
2026-05-21 16:14:06,381 - INFO - evaluating now!
2026-05-21 16:14:07,075 - INFO - Epoch [7/10] train_loss: 0.4063, val_loss: 0.4154, lr: 0.000500, 8.05s
2026-05-21 16:14:07,113 - INFO - Saved model at 7
2026-05-21 16:14:07,113 - INFO - Val loss decrease from 0.4491 to 0.4154, saving to /home/lizhuoxuan/lzq/Bigscity-LibCity-master/outputs/20260521_161238__traffic_state_pred__new_fuzzy_2__METR_LA/model_cache/new_fuzzy_2_METR_LA_epoch7.tar
2026-05-21 16:14:08,014 - INFO - Epoch [2/10] train_loss: 0.4608, val_loss: 0.4891, lr: 0.000500, 21.86s
2026-05-21 16:14:08,051 - INFO - Saved model at 2
2026-05-21 16:14:08,051 - INFO - Val loss decrease from 0.4941 to 0.4891, saving to /home/lizhuoxuan/lzq/Bigscity-LibCity-master/outputs/20260521_161238__traffic_state_pred__new_fuzzy_2__METR_LA/model_cache/new_fuzzy_2_METR_LA_epoch2.tar
2026-05-21 16:14:13,039 - INFO - epoch complete!
2026-05-21 16:14:13,039 - INFO - evaluating now!
2026-05-21 16:14:13,354 - INFO - epoch complete!
2026-05-21 16:14:13,355 - INFO - evaluating now!
2026-05-21 16:14:13,735 - INFO - Epoch [8/10] train_loss: 0.3919, val_loss: 0.4072, lr: 0.000500, 8.05s
2026-05-21 16:14:13,769 - INFO - Saved model at 8
2026-05-21 16:14:13,769 - INFO - Val loss decrease from 0.4351 to 0.4072, saving to /home/lizhuoxuan/lzq/Bigscity-LibCity-master/outputs/20260521_161238__traffic_state_pred__new_fuzzy_2__METR_LA/model_cache/new_fuzzy_2_METR_LA_epoch8.tar
2026-05-21 16:14:14,075 - INFO - Epoch [8/10] train_loss: 0.3775, val_loss: 0.3913, lr: 0.000500, 8.03s
2026-05-21 16:14:14,302 - INFO - Saved model at 8
2026-05-21 16:14:14,302 - INFO - Val loss decrease from 0.4082 to 0.3913, saving to /home/lizhuoxuan/lzq/Bigscity-LibCity-master/outputs/20260521_161238__traffic_state_pred__new_fuzzy_2__METR_LA/model_cache/new_fuzzy_2_METR_LA_epoch8.tar
2026-05-21 16:14:14,445 - INFO - epoch complete!
2026-05-21 16:14:14,445 - INFO - evaluating now!
2026-05-21 16:14:15,126 - INFO - Epoch [8/10] train_loss: 0.3953, val_loss: 0.4575, lr: 0.000500, 8.01s
2026-05-21 16:14:21,093 - INFO - epoch complete!
2026-05-21 16:14:21,093 - INFO - evaluating now!
2026-05-21 16:14:21,603 - INFO - epoch complete!
2026-05-21 16:14:21,603 - INFO - evaluating now!
2026-05-21 16:14:21,796 - INFO - Epoch [9/10] train_loss: 0.3815, val_loss: 0.3822, lr: 0.000500, 8.03s
2026-05-21 16:14:21,832 - INFO - Saved model at 9
2026-05-21 16:14:21,832 - INFO - Val loss decrease from 0.4072 to 0.3822, saving to /home/lizhuoxuan/lzq/Bigscity-LibCity-master/outputs/20260521_161238__traffic_state_pred__new_fuzzy_2__METR_LA/model_cache/new_fuzzy_2_METR_LA_epoch9.tar
2026-05-21 16:14:21,832 - INFO - Trained totally 10 epochs, average train time is 7.400s, average eval time is 0.705s
2026-05-21 16:14:21,951 - INFO - Loaded model at 9
2026-05-21 16:14:21,952 - INFO - Start evaluating ...
2026-05-21 16:14:22,311 - INFO - Epoch [9/10] train_loss: 0.3783, val_loss: 0.4295, lr: 0.000500, 8.01s
2026-05-21 16:14:22,312 - INFO - Trained totally 10 epochs, average train time is 7.379s, average eval time is 0.722s
2026-05-21 16:14:22,425 - INFO - Loaded model at 8
2026-05-21 16:14:22,425 - INFO - Start evaluating ...
2026-05-21 16:14:22,464 - INFO - epoch complete!
2026-05-21 16:14:22,464 - INFO - evaluating now!
2026-05-21 16:14:23,181 - INFO - Epoch [9/10] train_loss: 0.3845, val_loss: 0.3884, lr: 0.000500, 8.05s
2026-05-21 16:14:23,289 - INFO - Saved model at 9
2026-05-21 16:14:23,289 - INFO - Val loss decrease from 0.4154 to 0.3884, saving to /home/lizhuoxuan/lzq/Bigscity-LibCity-master/outputs/20260521_161238__traffic_state_pred__new_fuzzy_2__METR_LA/model_cache/new_fuzzy_2_METR_LA_epoch9.tar
2026-05-21 16:14:23,289 - INFO - Trained totally 10 epochs, average train time is 7.531s, average eval time is 0.699s
2026-05-21 16:14:23,422 - INFO - Loaded model at 9
2026-05-21 16:14:23,423 - INFO - Start evaluating ...
2026-05-21 16:14:29,208 - INFO - epoch complete!
2026-05-21 16:14:29,208 - INFO - evaluating now!
2026-05-21 16:14:30,969 - INFO - Epoch [3/10] train_loss: 0.4594, val_loss: 0.4793, lr: 0.000500, 22.92s
2026-05-21 16:14:31,006 - INFO - Saved model at 3
2026-05-21 16:14:31,006 - INFO - Val loss decrease from 0.4891 to 0.4793, saving to /home/lizhuoxuan/lzq/Bigscity-LibCity-master/outputs/20260521_161238__traffic_state_pred__new_fuzzy_2__METR_LA/model_cache/new_fuzzy_2_METR_LA_epoch3.tar
2026-05-21 16:14:50,486 - INFO - epoch complete!
2026-05-21 16:14:50,486 - INFO - evaluating now!
2026-05-21 16:14:52,536 - INFO - Epoch [4/10] train_loss: 0.4409, val_loss: 0.4700, lr: 0.000500, 21.53s
2026-05-21 16:14:52,726 - INFO - Saved model at 4
2026-05-21 16:14:52,727 - INFO - Val loss decrease from 0.4793 to 0.4700, saving to /home/lizhuoxuan/lzq/Bigscity-LibCity-master/outputs/20260521_161238__traffic_state_pred__new_fuzzy_2__METR_LA/model_cache/new_fuzzy_2_METR_LA_epoch4.tar
2026-05-21 16:15:11,888 - INFO - epoch complete!
2026-05-21 16:15:11,888 - INFO - evaluating now!
2026-05-21 16:15:13,802 - INFO - Epoch [5/10] train_loss: 0.4280, val_loss: 0.4839, lr: 0.000500, 21.08s
2026-05-21 16:15:36,119 - INFO - epoch complete!
2026-05-21 16:15:36,120 - INFO - evaluating now!
2026-05-21 16:15:37,930 - INFO - Epoch [6/10] train_loss: 0.4199, val_loss: 0.4429, lr: 0.000500, 24.13s
2026-05-21 16:15:38,018 - INFO - Saved model at 6
2026-05-21 16:15:38,018 - INFO - Val loss decrease from 0.4700 to 0.4429, saving to /home/lizhuoxuan/lzq/Bigscity-LibCity-master/outputs/20260521_161238__traffic_state_pred__new_fuzzy_2__METR_LA/model_cache/new_fuzzy_2_METR_LA_epoch6.tar
2026-05-21 16:15:57,332 - INFO - epoch complete!
2026-05-21 16:15:57,342 - INFO - evaluating now!
2026-05-21 16:15:59,275 - INFO - Epoch [7/10] train_loss: 0.4123, val_loss: 0.4181, lr: 0.000500, 21.26s
2026-05-21 16:15:59,312 - INFO - Saved model at 7
2026-05-21 16:15:59,312 - INFO - Val loss decrease from 0.4429 to 0.4181, saving to /home/lizhuoxuan/lzq/Bigscity-LibCity-master/outputs/20260521_161238__traffic_state_pred__new_fuzzy_2__METR_LA/model_cache/new_fuzzy_2_METR_LA_epoch7.tar
2026-05-21 16:16:19,198 - INFO - epoch complete!
2026-05-21 16:16:19,198 - INFO - evaluating now!
2026-05-21 16:16:20,882 - INFO - Epoch [8/10] train_loss: 0.4071, val_loss: 0.4376, lr: 0.000500, 21.57s
2026-05-21 16:16:43,483 - INFO - epoch complete!
2026-05-21 16:16:43,484 - INFO - evaluating now!
2026-05-21 16:16:45,152 - INFO - Epoch [9/10] train_loss: 0.3811, val_loss: 0.4181, lr: 0.000500, 24.27s
2026-05-21 16:16:45,152 - INFO - Trained totally 10 epochs, average train time is 20.631s, average eval time is 1.793s
2026-05-21 16:16:46,181 - INFO - Loaded model at 7
2026-05-21 16:16:46,182 - INFO - Saved model at /home/lizhuoxuan/lzq/Bigscity-LibCity-master/outputs/20260521_161238__traffic_state_pred__new_fuzzy_2__METR_LA/model_cache/new_fuzzy_2_METR_LA.m
2026-05-21 16:16:46,220 - INFO - Start evaluating ...
2026-05-21 16:17:02,742 - INFO - Note that you select the single mode to evaluate!
2026-05-21 16:17:02,746 - INFO - Evaluate result is saved at /home/lizhuoxuan/lzq/Bigscity-LibCity-master/outputs/20260521_161238__traffic_state_pred__new_fuzzy_2__METR_LA/evaluate_cache/2026_05_21_16_17_02_new_fuzzy_2_METR_LA.csv
2026-05-21 16:17:02,758 - INFO - 
         MAE      MAPE         MSE  ...  masked_RMSE        R2      EVAR
1   7.835297  0.229810  210.438950  ...    12.298985  0.594096  0.608470
2   8.028746  0.231793  222.960266  ...    12.586265  0.569952  0.584678
3   8.217235  0.233793  235.248840  ...    12.869116  0.546259  0.561192
4   8.398975  0.235697  246.565826  ...    13.126107  0.524448  0.539287
5   8.608880  0.238103  260.318268  ...    13.426353  0.497939  0.513321
6   8.785100  0.240184  271.347321  ...    13.676538  0.476677  0.492293
7   8.941204  0.242319  281.463379  ...    13.892381  0.457184  0.473195
8   9.078187  0.244267  290.105927  ...    14.079575  0.440530  0.456817
9   9.209182  0.246271  298.514465  ...    14.252014  0.424329  0.440989
10  9.338544  0.248400  306.450592  ...    14.431756  0.409046  0.426126
11  9.462031  0.250480  314.497772  ...    14.603471  0.393549  0.411237
12  9.590464  0.252606  322.464752  ...    14.776310  0.378206  0.396336

[12 rows x 10 columns]
