2026-06-04 13:42:47,086 - INFO - Log directory: D:\a_code\A_Agent\projects\LibCity\outputs\20260604_134247__traffic_state_pred__final_3_type2__PEMSD8\logs
2026-06-04 13:42:47,086 - INFO - Begin artifact training pipeline, task=traffic_state_pred, model_name=final_3_type2, dataset_name=PEMSD8, exp_id=20260604_134247__traffic_state_pred__final_3_type2__PEMSD8
2026-06-04 13:42:47,086 - INFO - {'task': 'traffic_state_pred', 'model': 'final_3_type2', 'dataset': 'PEMSD8', 'saved_model': True, 'train': True, 'seed': 42, 'gpu': True, 'gpu_id': 0, 'train_rate': 0.6, 'eval_rate': 0.2, 'batch_size': 64, 'learning_rate': 0.01, 'max_epoch': 10, 'dataset_class': 'TrafficStatePointDataset', 'executor': 'FinalNewExecutor3_Type2', 'evaluator': 'TrafficStateEvaluator', 'band_center_init': 1.1, 'band_width_init': 0.7, 'calculate_weight_adj': False, 'cell_blend_init': 0, 'conservation_loss_weight': 0.1, 'conservation_steps_per_epoch': 80, 'conservation_warmup_epochs': 5, 'data_col': ['traffic_flow', 'traffic_occupancy', 'traffic_speed'], 'data_files': ['PEMSD8'], 'decoder_layers': 2, 'device': device(type='cuda', index=0), 'disturb_rate': 0.5, 'dropout': 0.1, 'dyna': {'including_types': ['state'], 'state': {'entity_id': 'geo_id', 'traffic_flow': 'num', 'traffic_occupancy': 'num', 'traffic_speed': 'num'}}, 'encoder_layers': 2, 'entropy_scale': 0.1, 'eval_batch_size': 64, 'evaluator_mode': 'single', 'ffn_hidden_dim': 128, 'fir_mode': 'lukasiewicz', 'fou_entropy_align_weight': 0.01, 'fuzzy_num_sets': 8, 'geo': {'including_types': ['Point'], 'Point': {}}, 'geo_file': 'PEMSD8', 'graph_k_hop': 2, 'hidden_dim': 96, 'init_weight_inf_or_zero': 'zero', 'is_distributed': False, 'metrics': ['MAE', 'MAPE', 'MSE', 'RMSE', 'masked_MAE', 'masked_MAPE', 'masked_MSE', 'masked_RMSE', 'R2', 'EVAR'], 'noise_SD': [10], 'noise_mean': [5], 'noise_type': 'gaussian', 'num_cells': 16, 'num_heads': 2, 'num_workers': 0, 'output_dim': 3, 'pad_with_last_sample': True, 'physics_channel_idx': 0, 'rank': 0, 'region_transformer_layers': 1, 'rel': {'including_types': ['geo'], 'geo': {'cost': 'num'}}, 'rel_file': 'PEMSD8', 'robustness_test': False, 'save_mode': ['csv'], 'semantic_closure_hops': 3, 'set_weight_link_or_dist': 'link', 'sparsification_epsilon': 0.05, 'time_intervals': 300, 'type2_fou_gate_scale': 1, 'type2_graph_mode': 'mid', 'use_amp': True, 'use_entropy_dynamic_graph': True, 'use_entropy_fir_weight': True, 'use_fou_entropy_modulation': True, 'use_fuzzy_routing': True, 'use_fuzzy_sparsification': True, 'use_gradient_checkpointing': False, 'use_semantic_closure': True, 'use_temporal_position_embedding': True, 'use_type2_fuzzy': True, 'weight_adj_epsilon': 0.1, 'weight_col': 'cost', 'world_size': 1, 'clip_grad_norm': True, 'epoch': 0, 'learner': 'adamw', 'load_best_epoch': True, 'log_every': 1, 'lr_decay': True, 'lr_decay_ratio': 0.5, 'lr_patience': 5, 'lr_scheduler': 'cosineannealinglr', 'lr_threshold': 0.001, 'max_grad_norm': 3, 'patience': 10, 'train_loss': 'none', 'use_early_stop': True, 'weight_decay': 0.0001, 'data_version_id': 'dv_1780551246_598e22f2', 'input_window': 12, 'output_window': 12, 'scaler': 'standard', 'load_external': False, 'normal_external': False, 'add_time_in_day': True, 'add_day_in_week': True, 'cache_dataset': True, 'ext_scaler': 'none', 'exp_id': '20260604_134247__traffic_state_pred__final_3_type2__PEMSD8'}
2026-06-04 13:43:00,284 - INFO - NewFuzzyCellAttention3_Type2(
  (fuzzy_graph): FuzzyRelationalGraphLearner(
    (raw_projection): Linear(in_features=11, out_features=96, bias=True)
    (feature_to_membership): Sequential(
      (0): Linear(in_features=96, out_features=48, bias=True)
      (1): GELU(approximate='none')
      (2): Linear(in_features=48, out_features=8, bias=True)
    )
  )
  (condition_encoder): STEncoder(
    (input_projection): Linear(in_features=11, out_features=96, bias=True)
    (blocks): ModuleList(
      (0-1): 2 x STEncoderBlock(
        (temporal_attention): MultiHeadAttention(
          (query_projection): Linear(in_features=96, out_features=96, bias=True)
          (key_projection): Linear(in_features=96, out_features=96, bias=True)
          (value_projection): Linear(in_features=96, out_features=96, bias=True)
          (output_projection): Linear(in_features=96, out_features=96, bias=True)
          (dropout): Dropout(p=0.1, inplace=False)
        )
        (graph_convolution): FuzzyGraphConvolution(
          (projections): ModuleList(
            (0-2): 3 x Linear(in_features=96, out_features=96, bias=True)
          )
        )
        (feed_forward): FeedForwardNetwork(
          (network): Sequential(
            (0): Linear(in_features=96, out_features=128, bias=True)
            (1): GELU(approximate='none')
            (2): Dropout(p=0.1, inplace=False)
            (3): Linear(in_features=128, out_features=96, bias=True)
            (4): Dropout(p=0.1, inplace=False)
          )
        )
        (norm_temporal): LayerNorm((96,), eps=1e-05, elementwise_affine=True)
        (norm_graph): LayerNorm((96,), eps=1e-05, elementwise_affine=True)
        (norm_ffn): LayerNorm((96,), eps=1e-05, elementwise_affine=True)
        (dropout): Dropout(p=0.1, inplace=False)
        (cell_attention): FuzzyCellAttention(
          (cell_transform): Linear(in_features=96, out_features=96, bias=True)
          (output_projection): Linear(in_features=96, out_features=96, bias=True)
          (region_transformer): RegionTransformer(
            (self_attn): MultiHeadAttention(
              (query_projection): Linear(in_features=96, out_features=96, bias=True)
              (key_projection): Linear(in_features=96, out_features=96, bias=True)
              (value_projection): Linear(in_features=96, out_features=96, bias=True)
              (output_projection): Linear(in_features=96, out_features=96, bias=True)
              (dropout): Dropout(p=0.1, inplace=False)
            )
            (ffn): FeedForwardNetwork(
              (network): Sequential(
                (0): Linear(in_features=96, out_features=192, bias=True)
                (1): GELU(approximate='none')
                (2): Dropout(p=0.1, inplace=False)
                (3): Linear(in_features=192, out_features=96, bias=True)
                (4): Dropout(p=0.1, inplace=False)
              )
            )
            (norm1): LayerNorm((96,), eps=1e-05, elementwise_affine=True)
            (norm2): LayerNorm((96,), eps=1e-05, elementwise_affine=True)
            (dropout): Dropout(p=0.1, inplace=False)
          )
          (fuzzy_to_cell): Linear(in_features=8, out_features=16, bias=True)
        )
        (norm_cell): LayerNorm((96,), eps=1e-05, elementwise_affine=True)
      )
    )
    (final_norm): LayerNorm((96,), eps=1e-05, elementwise_affine=True)
  )
  (future_decoder): FutureDecoder(
    (blocks): ModuleList(
      (0-1): 2 x DecoderBlock(
        (temporal_attention): MultiHeadAttention(
          (query_projection): Linear(in_features=96, out_features=96, bias=True)
          (key_projection): Linear(in_features=96, out_features=96, bias=True)
          (value_projection): Linear(in_features=96, out_features=96, bias=True)
          (output_projection): Linear(in_features=96, out_features=96, bias=True)
          (dropout): Dropout(p=0.1, inplace=False)
        )
        (graph_convolution): FuzzyGraphConvolution(
          (projections): ModuleList(
            (0-2): 3 x Linear(in_features=96, out_features=96, bias=True)
          )
        )
        (cross_attention): MultiHeadAttention(
          (query_projection): Linear(in_features=96, out_features=96, bias=True)
          (key_projection): Linear(in_features=96, out_features=96, bias=True)
          (value_projection): Linear(in_features=96, out_features=96, bias=True)
          (output_projection): Linear(in_features=96, out_features=96, bias=True)
          (dropout): Dropout(p=0.1, inplace=False)
        )
        (feed_forward): FeedForwardNetwork(
          (network): Sequential(
            (0): Linear(in_features=96, out_features=128, bias=True)
            (1): GELU(approximate='none')
            (2): Dropout(p=0.1, inplace=False)
            (3): Linear(in_features=128, out_features=96, bias=True)
            (4): Dropout(p=0.1, inplace=False)
          )
        )
        (norm_temporal): LayerNorm((96,), eps=1e-05, elementwise_affine=True)
        (norm_graph): LayerNorm((96,), eps=1e-05, elementwise_affine=True)
        (norm_cross): LayerNorm((96,), eps=1e-05, elementwise_affine=True)
        (norm_ffn): LayerNorm((96,), eps=1e-05, elementwise_affine=True)
        (dropout): Dropout(p=0.1, inplace=False)
        (cell_attention): FuzzyCellAttention(
          (cell_transform): Linear(in_features=96, out_features=96, bias=True)
          (output_projection): Linear(in_features=96, out_features=96, bias=True)
          (region_transformer): RegionTransformer(
            (self_attn): MultiHeadAttention(
              (query_projection): Linear(in_features=96, out_features=96, bias=True)
              (key_projection): Linear(in_features=96, out_features=96, bias=True)
              (value_projection): Linear(in_features=96, out_features=96, bias=True)
              (output_projection): Linear(in_features=96, out_features=96, bias=True)
              (dropout): Dropout(p=0.1, inplace=False)
            )
            (ffn): FeedForwardNetwork(
              (network): Sequential(
                (0): Linear(in_features=96, out_features=192, bias=True)
                (1): GELU(approximate='none')
                (2): Dropout(p=0.1, inplace=False)
                (3): Linear(in_features=192, out_features=96, bias=True)
                (4): Dropout(p=0.1, inplace=False)
              )
            )
            (norm1): LayerNorm((96,), eps=1e-05, elementwise_affine=True)
            (norm2): LayerNorm((96,), eps=1e-05, elementwise_affine=True)
            (dropout): Dropout(p=0.1, inplace=False)
          )
          (fuzzy_to_cell): Linear(in_features=8, out_features=16, bias=True)
        )
        (norm_cell): LayerNorm((96,), eps=1e-05, elementwise_affine=True)
      )
    )
    (final_norm): LayerNorm((96,), eps=1e-05, elementwise_affine=True)
    (output_projection): Linear(in_features=96, out_features=3, bias=True)
  )
)
2026-06-04 13:43:00,287 - INFO - fuzzy_graph.base_membership_lower	torch.Size([170, 8])	cuda:0	True
2026-06-04 13:43:00,287 - INFO - fuzzy_graph.base_membership_delta	torch.Size([170, 8])	cuda:0	True
2026-06-04 13:43:00,287 - INFO - fuzzy_graph.blend_logit	torch.Size([])	cuda:0	True
2026-06-04 13:43:00,287 - INFO - fuzzy_graph.raw_projection.weight	torch.Size([96, 11])	cuda:0	True
2026-06-04 13:43:00,287 - INFO - fuzzy_graph.raw_projection.bias	torch.Size([96])	cuda:0	True
2026-06-04 13:43:00,287 - INFO - fuzzy_graph.feature_to_membership.0.weight	torch.Size([48, 96])	cuda:0	True
2026-06-04 13:43:00,287 - INFO - fuzzy_graph.feature_to_membership.0.bias	torch.Size([48])	cuda:0	True
2026-06-04 13:43:00,287 - INFO - fuzzy_graph.feature_to_membership.2.weight	torch.Size([8, 48])	cuda:0	True
2026-06-04 13:43:00,287 - INFO - fuzzy_graph.feature_to_membership.2.bias	torch.Size([8])	cuda:0	True
2026-06-04 13:43:00,287 - INFO - condition_encoder.temporal_position_embedding	torch.Size([1, 12, 1, 96])	cuda:0	True
2026-06-04 13:43:00,287 - INFO - condition_encoder.input_projection.weight	torch.Size([96, 11])	cuda:0	True
2026-06-04 13:43:00,287 - INFO - condition_encoder.input_projection.bias	torch.Size([96])	cuda:0	True
2026-06-04 13:43:00,287 - INFO - condition_encoder.blocks.0.temporal_attention.query_projection.weight	torch.Size([96, 96])	cuda:0	True
2026-06-04 13:43:00,287 - INFO - condition_encoder.blocks.0.temporal_attention.query_projection.bias	torch.Size([96])	cuda:0	True
2026-06-04 13:43:00,289 - INFO - condition_encoder.blocks.0.temporal_attention.key_projection.weight	torch.Size([96, 96])	cuda:0	True
2026-06-04 13:43:00,289 - INFO - condition_encoder.blocks.0.temporal_attention.key_projection.bias	torch.Size([96])	cuda:0	True
2026-06-04 13:43:00,289 - INFO - condition_encoder.blocks.0.temporal_attention.value_projection.weight	torch.Size([96, 96])	cuda:0	True
2026-06-04 13:43:00,289 - INFO - condition_encoder.blocks.0.temporal_attention.value_projection.bias	torch.Size([96])	cuda:0	True
2026-06-04 13:43:00,289 - INFO - condition_encoder.blocks.0.temporal_attention.output_projection.weight	torch.Size([96, 96])	cuda:0	True
2026-06-04 13:43:00,289 - INFO - condition_encoder.blocks.0.temporal_attention.output_projection.bias	torch.Size([96])	cuda:0	True
2026-06-04 13:43:00,289 - INFO - condition_encoder.blocks.0.graph_convolution.projections.0.weight	torch.Size([96, 96])	cuda:0	True
2026-06-04 13:43:00,289 - INFO - condition_encoder.blocks.0.graph_convolution.projections.0.bias	torch.Size([96])	cuda:0	True
2026-06-04 13:43:00,289 - INFO - condition_encoder.blocks.0.graph_convolution.projections.1.weight	torch.Size([96, 96])	cuda:0	True
2026-06-04 13:43:00,289 - INFO - condition_encoder.blocks.0.graph_convolution.projections.1.bias	torch.Size([96])	cuda:0	True
2026-06-04 13:43:00,289 - INFO - condition_encoder.blocks.0.graph_convolution.projections.2.weight	torch.Size([96, 96])	cuda:0	True
2026-06-04 13:43:00,289 - INFO - condition_encoder.blocks.0.graph_convolution.projections.2.bias	torch.Size([96])	cuda:0	True
2026-06-04 13:43:00,289 - INFO - condition_encoder.blocks.0.feed_forward.network.0.weight	torch.Size([128, 96])	cuda:0	True
2026-06-04 13:43:00,289 - INFO - condition_encoder.blocks.0.feed_forward.network.0.bias	torch.Size([128])	cuda:0	True
2026-06-04 13:43:00,289 - INFO - condition_encoder.blocks.0.feed_forward.network.3.weight	torch.Size([96, 128])	cuda:0	True
2026-06-04 13:43:00,289 - INFO - condition_encoder.blocks.0.feed_forward.network.3.bias	torch.Size([96])	cuda:0	True
2026-06-04 13:43:00,289 - INFO - condition_encoder.blocks.0.norm_temporal.weight	torch.Size([96])	cuda:0	True
2026-06-04 13:43:00,289 - INFO - condition_encoder.blocks.0.norm_temporal.bias	torch.Size([96])	cuda:0	True
2026-06-04 13:43:00,289 - INFO - condition_encoder.blocks.0.norm_graph.weight	torch.Size([96])	cuda:0	True
2026-06-04 13:43:00,289 - INFO - condition_encoder.blocks.0.norm_graph.bias	torch.Size([96])	cuda:0	True
2026-06-04 13:43:00,289 - INFO - condition_encoder.blocks.0.norm_ffn.weight	torch.Size([96])	cuda:0	True
2026-06-04 13:43:00,290 - INFO - condition_encoder.blocks.0.norm_ffn.bias	torch.Size([96])	cuda:0	True
2026-06-04 13:43:00,290 - INFO - condition_encoder.blocks.0.cell_attention.region_mu	torch.Size([16, 96])	cuda:0	True
2026-06-04 13:43:00,290 - INFO - condition_encoder.blocks.0.cell_attention.region_log_sigma	torch.Size([16])	cuda:0	True
2026-06-04 13:43:00,290 - INFO - condition_encoder.blocks.0.cell_attention.log_sigma_sq	torch.Size([1])	cuda:0	True
2026-06-04 13:43:00,290 - INFO - condition_encoder.blocks.0.cell_attention.cell_blend	torch.Size([])	cuda:0	True
2026-06-04 13:43:00,290 - INFO - condition_encoder.blocks.0.cell_attention.band_center	torch.Size([])	cuda:0	True
2026-06-04 13:43:00,290 - INFO - condition_encoder.blocks.0.cell_attention.band_width_raw	torch.Size([])	cuda:0	True
2026-06-04 13:43:00,290 - INFO - condition_encoder.blocks.0.cell_attention.cell_transform.weight	torch.Size([96, 96])	cuda:0	True
2026-06-04 13:43:00,290 - INFO - condition_encoder.blocks.0.cell_attention.cell_transform.bias	torch.Size([96])	cuda:0	True
2026-06-04 13:43:00,290 - INFO - condition_encoder.blocks.0.cell_attention.output_projection.weight	torch.Size([96, 96])	cuda:0	True
2026-06-04 13:43:00,290 - INFO - condition_encoder.blocks.0.cell_attention.output_projection.bias	torch.Size([96])	cuda:0	True
2026-06-04 13:43:00,290 - INFO - condition_encoder.blocks.0.cell_attention.region_transformer.self_attn.query_projection.weight	torch.Size([96, 96])	cuda:0	True
2026-06-04 13:43:00,290 - INFO - condition_encoder.blocks.0.cell_attention.region_transformer.self_attn.query_projection.bias	torch.Size([96])	cuda:0	True
2026-06-04 13:43:00,290 - INFO - condition_encoder.blocks.0.cell_attention.region_transformer.self_attn.key_projection.weight	torch.Size([96, 96])	cuda:0	True
2026-06-04 13:43:00,290 - INFO - condition_encoder.blocks.0.cell_attention.region_transformer.self_attn.key_projection.bias	torch.Size([96])	cuda:0	True
2026-06-04 13:43:00,290 - INFO - condition_encoder.blocks.0.cell_attention.region_transformer.self_attn.value_projection.weight	torch.Size([96, 96])	cuda:0	True
2026-06-04 13:43:00,290 - INFO - condition_encoder.blocks.0.cell_attention.region_transformer.self_attn.value_projection.bias	torch.Size([96])	cuda:0	True
2026-06-04 13:43:00,290 - INFO - condition_encoder.blocks.0.cell_attention.region_transformer.self_attn.output_projection.weight	torch.Size([96, 96])	cuda:0	True
2026-06-04 13:43:00,290 - INFO - condition_encoder.blocks.0.cell_attention.region_transformer.self_attn.output_projection.bias	torch.Size([96])	cuda:0	True
2026-06-04 13:43:00,290 - INFO - condition_encoder.blocks.0.cell_attention.region_transformer.ffn.network.0.weight	torch.Size([192, 96])	cuda:0	True
2026-06-04 13:43:00,290 - INFO - condition_encoder.blocks.0.cell_attention.region_transformer.ffn.network.0.bias	torch.Size([192])	cuda:0	True
2026-06-04 13:43:00,290 - INFO - condition_encoder.blocks.0.cell_attention.region_transformer.ffn.network.3.weight	torch.Size([96, 192])	cuda:0	True
2026-06-04 13:43:00,290 - INFO - condition_encoder.blocks.0.cell_attention.region_transformer.ffn.network.3.bias	torch.Size([96])	cuda:0	True
2026-06-04 13:43:00,290 - INFO - condition_encoder.blocks.0.cell_attention.region_transformer.norm1.weight	torch.Size([96])	cuda:0	True
2026-06-04 13:43:00,290 - INFO - condition_encoder.blocks.0.cell_attention.region_transformer.norm1.bias	torch.Size([96])	cuda:0	True
2026-06-04 13:43:00,290 - INFO - condition_encoder.blocks.0.cell_attention.region_transformer.norm2.weight	torch.Size([96])	cuda:0	True
2026-06-04 13:43:00,292 - INFO - condition_encoder.blocks.0.cell_attention.region_transformer.norm2.bias	torch.Size([96])	cuda:0	True
2026-06-04 13:43:00,292 - INFO - condition_encoder.blocks.0.cell_attention.fuzzy_to_cell.weight	torch.Size([16, 8])	cuda:0	True
2026-06-04 13:43:00,292 - INFO - condition_encoder.blocks.0.cell_attention.fuzzy_to_cell.bias	torch.Size([16])	cuda:0	True
2026-06-04 13:43:00,292 - INFO - condition_encoder.blocks.0.norm_cell.weight	torch.Size([96])	cuda:0	True
2026-06-04 13:43:00,292 - INFO - condition_encoder.blocks.0.norm_cell.bias	torch.Size([96])	cuda:0	True
2026-06-04 13:43:00,292 - INFO - condition_encoder.blocks.1.temporal_attention.query_projection.weight	torch.Size([96, 96])	cuda:0	True
2026-06-04 13:43:00,292 - INFO - condition_encoder.blocks.1.temporal_attention.query_projection.bias	torch.Size([96])	cuda:0	True
2026-06-04 13:43:00,292 - INFO - condition_encoder.blocks.1.temporal_attention.key_projection.weight	torch.Size([96, 96])	cuda:0	True
2026-06-04 13:43:00,292 - INFO - condition_encoder.blocks.1.temporal_attention.key_projection.bias	torch.Size([96])	cuda:0	True
2026-06-04 13:43:00,292 - INFO - condition_encoder.blocks.1.temporal_attention.value_projection.weight	torch.Size([96, 96])	cuda:0	True
2026-06-04 13:43:00,292 - INFO - condition_encoder.blocks.1.temporal_attention.value_projection.bias	torch.Size([96])	cuda:0	True
2026-06-04 13:43:00,292 - INFO - condition_encoder.blocks.1.temporal_attention.output_projection.weight	torch.Size([96, 96])	cuda:0	True
2026-06-04 13:43:00,292 - INFO - condition_encoder.blocks.1.temporal_attention.output_projection.bias	torch.Size([96])	cuda:0	True
2026-06-04 13:43:00,292 - INFO - condition_encoder.blocks.1.graph_convolution.projections.0.weight	torch.Size([96, 96])	cuda:0	True
2026-06-04 13:43:00,292 - INFO - condition_encoder.blocks.1.graph_convolution.projections.0.bias	torch.Size([96])	cuda:0	True
2026-06-04 13:43:00,292 - INFO - condition_encoder.blocks.1.graph_convolution.projections.1.weight	torch.Size([96, 96])	cuda:0	True
2026-06-04 13:43:00,292 - INFO - condition_encoder.blocks.1.graph_convolution.projections.1.bias	torch.Size([96])	cuda:0	True
2026-06-04 13:43:00,292 - INFO - condition_encoder.blocks.1.graph_convolution.projections.2.weight	torch.Size([96, 96])	cuda:0	True
2026-06-04 13:43:00,292 - INFO - condition_encoder.blocks.1.graph_convolution.projections.2.bias	torch.Size([96])	cuda:0	True
2026-06-04 13:43:00,292 - INFO - condition_encoder.blocks.1.feed_forward.network.0.weight	torch.Size([128, 96])	cuda:0	True
2026-06-04 13:43:00,292 - INFO - condition_encoder.blocks.1.feed_forward.network.0.bias	torch.Size([128])	cuda:0	True
2026-06-04 13:43:00,292 - INFO - condition_encoder.blocks.1.feed_forward.network.3.weight	torch.Size([96, 128])	cuda:0	True
2026-06-04 13:43:00,292 - INFO - condition_encoder.blocks.1.feed_forward.network.3.bias	torch.Size([96])	cuda:0	True
2026-06-04 13:43:00,292 - INFO - condition_encoder.blocks.1.norm_temporal.weight	torch.Size([96])	cuda:0	True
2026-06-04 13:43:00,294 - INFO - condition_encoder.blocks.1.norm_temporal.bias	torch.Size([96])	cuda:0	True
2026-06-04 13:43:00,294 - INFO - condition_encoder.blocks.1.norm_graph.weight	torch.Size([96])	cuda:0	True
2026-06-04 13:43:00,294 - INFO - condition_encoder.blocks.1.norm_graph.bias	torch.Size([96])	cuda:0	True
2026-06-04 13:43:00,294 - INFO - condition_encoder.blocks.1.norm_ffn.weight	torch.Size([96])	cuda:0	True
2026-06-04 13:43:00,294 - INFO - condition_encoder.blocks.1.norm_ffn.bias	torch.Size([96])	cuda:0	True
2026-06-04 13:43:00,294 - INFO - condition_encoder.blocks.1.cell_attention.region_mu	torch.Size([16, 96])	cuda:0	True
2026-06-04 13:43:00,294 - INFO - condition_encoder.blocks.1.cell_attention.region_log_sigma	torch.Size([16])	cuda:0	True
2026-06-04 13:43:00,294 - INFO - condition_encoder.blocks.1.cell_attention.log_sigma_sq	torch.Size([1])	cuda:0	True
2026-06-04 13:43:00,294 - INFO - condition_encoder.blocks.1.cell_attention.cell_blend	torch.Size([])	cuda:0	True
2026-06-04 13:43:00,294 - INFO - condition_encoder.blocks.1.cell_attention.band_center	torch.Size([])	cuda:0	True
2026-06-04 13:43:00,294 - INFO - condition_encoder.blocks.1.cell_attention.band_width_raw	torch.Size([])	cuda:0	True
2026-06-04 13:43:00,294 - INFO - condition_encoder.blocks.1.cell_attention.cell_transform.weight	torch.Size([96, 96])	cuda:0	True
2026-06-04 13:43:00,294 - INFO - condition_encoder.blocks.1.cell_attention.cell_transform.bias	torch.Size([96])	cuda:0	True
2026-06-04 13:43:00,294 - INFO - condition_encoder.blocks.1.cell_attention.output_projection.weight	torch.Size([96, 96])	cuda:0	True
2026-06-04 13:43:00,294 - INFO - condition_encoder.blocks.1.cell_attention.output_projection.bias	torch.Size([96])	cuda:0	True
2026-06-04 13:43:00,294 - INFO - condition_encoder.blocks.1.cell_attention.region_transformer.self_attn.query_projection.weight	torch.Size([96, 96])	cuda:0	True
2026-06-04 13:43:00,294 - INFO - condition_encoder.blocks.1.cell_attention.region_transformer.self_attn.query_projection.bias	torch.Size([96])	cuda:0	True
2026-06-04 13:43:00,294 - INFO - condition_encoder.blocks.1.cell_attention.region_transformer.self_attn.key_projection.weight	torch.Size([96, 96])	cuda:0	True
2026-06-04 13:43:00,294 - INFO - condition_encoder.blocks.1.cell_attention.region_transformer.self_attn.key_projection.bias	torch.Size([96])	cuda:0	True
2026-06-04 13:43:00,294 - INFO - condition_encoder.blocks.1.cell_attention.region_transformer.self_attn.value_projection.weight	torch.Size([96, 96])	cuda:0	True
2026-06-04 13:43:00,294 - INFO - condition_encoder.blocks.1.cell_attention.region_transformer.self_attn.value_projection.bias	torch.Size([96])	cuda:0	True
2026-06-04 13:43:00,294 - INFO - condition_encoder.blocks.1.cell_attention.region_transformer.self_attn.output_projection.weight	torch.Size([96, 96])	cuda:0	True
2026-06-04 13:43:00,295 - INFO - condition_encoder.blocks.1.cell_attention.region_transformer.self_attn.output_projection.bias	torch.Size([96])	cuda:0	True
2026-06-04 13:43:00,295 - INFO - condition_encoder.blocks.1.cell_attention.region_transformer.ffn.network.0.weight	torch.Size([192, 96])	cuda:0	True
2026-06-04 13:43:00,295 - INFO - condition_encoder.blocks.1.cell_attention.region_transformer.ffn.network.0.bias	torch.Size([192])	cuda:0	True
2026-06-04 13:43:00,295 - INFO - condition_encoder.blocks.1.cell_attention.region_transformer.ffn.network.3.weight	torch.Size([96, 192])	cuda:0	True
2026-06-04 13:43:00,295 - INFO - condition_encoder.blocks.1.cell_attention.region_transformer.ffn.network.3.bias	torch.Size([96])	cuda:0	True
2026-06-04 13:43:00,295 - INFO - condition_encoder.blocks.1.cell_attention.region_transformer.norm1.weight	torch.Size([96])	cuda:0	True
2026-06-04 13:43:00,295 - INFO - condition_encoder.blocks.1.cell_attention.region_transformer.norm1.bias	torch.Size([96])	cuda:0	True
2026-06-04 13:43:00,295 - INFO - condition_encoder.blocks.1.cell_attention.region_transformer.norm2.weight	torch.Size([96])	cuda:0	True
2026-06-04 13:43:00,295 - INFO - condition_encoder.blocks.1.cell_attention.region_transformer.norm2.bias	torch.Size([96])	cuda:0	True
2026-06-04 13:43:00,295 - INFO - condition_encoder.blocks.1.cell_attention.fuzzy_to_cell.weight	torch.Size([16, 8])	cuda:0	True
2026-06-04 13:43:00,295 - INFO - condition_encoder.blocks.1.cell_attention.fuzzy_to_cell.bias	torch.Size([16])	cuda:0	True
2026-06-04 13:43:00,295 - INFO - condition_encoder.blocks.1.norm_cell.weight	torch.Size([96])	cuda:0	True
2026-06-04 13:43:00,295 - INFO - condition_encoder.blocks.1.norm_cell.bias	torch.Size([96])	cuda:0	True
2026-06-04 13:43:00,295 - INFO - condition_encoder.final_norm.weight	torch.Size([96])	cuda:0	True
2026-06-04 13:43:00,295 - INFO - condition_encoder.final_norm.bias	torch.Size([96])	cuda:0	True
2026-06-04 13:43:00,295 - INFO - future_decoder.future_queries	torch.Size([1, 12, 170, 96])	cuda:0	True
2026-06-04 13:43:00,295 - INFO - future_decoder.blocks.0.temporal_attention.query_projection.weight	torch.Size([96, 96])	cuda:0	True
2026-06-04 13:43:00,295 - INFO - future_decoder.blocks.0.temporal_attention.query_projection.bias	torch.Size([96])	cuda:0	True
2026-06-04 13:43:00,295 - INFO - future_decoder.blocks.0.temporal_attention.key_projection.weight	torch.Size([96, 96])	cuda:0	True
2026-06-04 13:43:00,295 - INFO - future_decoder.blocks.0.temporal_attention.key_projection.bias	torch.Size([96])	cuda:0	True
2026-06-04 13:43:00,297 - INFO - future_decoder.blocks.0.temporal_attention.value_projection.weight	torch.Size([96, 96])	cuda:0	True
2026-06-04 13:43:00,297 - INFO - future_decoder.blocks.0.temporal_attention.value_projection.bias	torch.Size([96])	cuda:0	True
2026-06-04 13:43:00,297 - INFO - future_decoder.blocks.0.temporal_attention.output_projection.weight	torch.Size([96, 96])	cuda:0	True
2026-06-04 13:43:00,297 - INFO - future_decoder.blocks.0.temporal_attention.output_projection.bias	torch.Size([96])	cuda:0	True
2026-06-04 13:43:00,297 - INFO - future_decoder.blocks.0.graph_convolution.projections.0.weight	torch.Size([96, 96])	cuda:0	True
2026-06-04 13:43:00,297 - INFO - future_decoder.blocks.0.graph_convolution.projections.0.bias	torch.Size([96])	cuda:0	True
2026-06-04 13:43:00,297 - INFO - future_decoder.blocks.0.graph_convolution.projections.1.weight	torch.Size([96, 96])	cuda:0	True
2026-06-04 13:43:00,297 - INFO - future_decoder.blocks.0.graph_convolution.projections.1.bias	torch.Size([96])	cuda:0	True
2026-06-04 13:43:00,297 - INFO - future_decoder.blocks.0.graph_convolution.projections.2.weight	torch.Size([96, 96])	cuda:0	True
2026-06-04 13:43:00,297 - INFO - future_decoder.blocks.0.graph_convolution.projections.2.bias	torch.Size([96])	cuda:0	True
2026-06-04 13:43:00,297 - INFO - future_decoder.blocks.0.cross_attention.query_projection.weight	torch.Size([96, 96])	cuda:0	True
2026-06-04 13:43:00,297 - INFO - future_decoder.blocks.0.cross_attention.query_projection.bias	torch.Size([96])	cuda:0	True
2026-06-04 13:43:00,297 - INFO - future_decoder.blocks.0.cross_attention.key_projection.weight	torch.Size([96, 96])	cuda:0	True
2026-06-04 13:43:00,297 - INFO - future_decoder.blocks.0.cross_attention.key_projection.bias	torch.Size([96])	cuda:0	True
2026-06-04 13:43:00,297 - INFO - future_decoder.blocks.0.cross_attention.value_projection.weight	torch.Size([96, 96])	cuda:0	True
2026-06-04 13:43:00,297 - INFO - future_decoder.blocks.0.cross_attention.value_projection.bias	torch.Size([96])	cuda:0	True
2026-06-04 13:43:00,297 - INFO - future_decoder.blocks.0.cross_attention.output_projection.weight	torch.Size([96, 96])	cuda:0	True
2026-06-04 13:43:00,297 - INFO - future_decoder.blocks.0.cross_attention.output_projection.bias	torch.Size([96])	cuda:0	True
2026-06-04 13:43:00,297 - INFO - future_decoder.blocks.0.feed_forward.network.0.weight	torch.Size([128, 96])	cuda:0	True
2026-06-04 13:43:00,297 - INFO - future_decoder.blocks.0.feed_forward.network.0.bias	torch.Size([128])	cuda:0	True
2026-06-04 13:43:00,297 - INFO - future_decoder.blocks.0.feed_forward.network.3.weight	torch.Size([96, 128])	cuda:0	True
2026-06-04 13:43:00,297 - INFO - future_decoder.blocks.0.feed_forward.network.3.bias	torch.Size([96])	cuda:0	True
2026-06-04 13:43:00,297 - INFO - future_decoder.blocks.0.norm_temporal.weight	torch.Size([96])	cuda:0	True
2026-06-04 13:43:00,297 - INFO - future_decoder.blocks.0.norm_temporal.bias	torch.Size([96])	cuda:0	True
2026-06-04 13:43:00,297 - INFO - future_decoder.blocks.0.norm_graph.weight	torch.Size([96])	cuda:0	True
2026-06-04 13:43:00,297 - INFO - future_decoder.blocks.0.norm_graph.bias	torch.Size([96])	cuda:0	True
2026-06-04 13:43:00,297 - INFO - future_decoder.blocks.0.norm_cross.weight	torch.Size([96])	cuda:0	True
2026-06-04 13:43:00,298 - INFO - future_decoder.blocks.0.norm_cross.bias	torch.Size([96])	cuda:0	True
2026-06-04 13:43:00,298 - INFO - future_decoder.blocks.0.norm_ffn.weight	torch.Size([96])	cuda:0	True
2026-06-04 13:43:00,298 - INFO - future_decoder.blocks.0.norm_ffn.bias	torch.Size([96])	cuda:0	True
2026-06-04 13:43:00,298 - INFO - future_decoder.blocks.0.cell_attention.region_mu	torch.Size([16, 96])	cuda:0	True
2026-06-04 13:43:00,298 - INFO - future_decoder.blocks.0.cell_attention.region_log_sigma	torch.Size([16])	cuda:0	True
2026-06-04 13:43:00,298 - INFO - future_decoder.blocks.0.cell_attention.log_sigma_sq	torch.Size([1])	cuda:0	True
2026-06-04 13:43:00,298 - INFO - future_decoder.blocks.0.cell_attention.cell_blend	torch.Size([])	cuda:0	True
2026-06-04 13:43:00,298 - INFO - future_decoder.blocks.0.cell_attention.band_center	torch.Size([])	cuda:0	True
2026-06-04 13:43:00,298 - INFO - future_decoder.blocks.0.cell_attention.band_width_raw	torch.Size([])	cuda:0	True
2026-06-04 13:43:00,299 - INFO - future_decoder.blocks.0.cell_attention.cell_transform.weight	torch.Size([96, 96])	cuda:0	True
2026-06-04 13:43:00,299 - INFO - future_decoder.blocks.0.cell_attention.cell_transform.bias	torch.Size([96])	cuda:0	True
2026-06-04 13:43:00,299 - INFO - future_decoder.blocks.0.cell_attention.output_projection.weight	torch.Size([96, 96])	cuda:0	True
2026-06-04 13:43:00,299 - INFO - future_decoder.blocks.0.cell_attention.output_projection.bias	torch.Size([96])	cuda:0	True
2026-06-04 13:43:00,299 - INFO - future_decoder.blocks.0.cell_attention.region_transformer.self_attn.query_projection.weight	torch.Size([96, 96])	cuda:0	True
2026-06-04 13:43:00,299 - INFO - future_decoder.blocks.0.cell_attention.region_transformer.self_attn.query_projection.bias	torch.Size([96])	cuda:0	True
2026-06-04 13:43:00,299 - INFO - future_decoder.blocks.0.cell_attention.region_transformer.self_attn.key_projection.weight	torch.Size([96, 96])	cuda:0	True
2026-06-04 13:43:00,299 - INFO - future_decoder.blocks.0.cell_attention.region_transformer.self_attn.key_projection.bias	torch.Size([96])	cuda:0	True
2026-06-04 13:43:00,299 - INFO - future_decoder.blocks.0.cell_attention.region_transformer.self_attn.value_projection.weight	torch.Size([96, 96])	cuda:0	True
2026-06-04 13:43:00,299 - INFO - future_decoder.blocks.0.cell_attention.region_transformer.self_attn.value_projection.bias	torch.Size([96])	cuda:0	True
2026-06-04 13:43:00,299 - INFO - future_decoder.blocks.0.cell_attention.region_transformer.self_attn.output_projection.weight	torch.Size([96, 96])	cuda:0	True
2026-06-04 13:43:00,299 - INFO - future_decoder.blocks.0.cell_attention.region_transformer.self_attn.output_projection.bias	torch.Size([96])	cuda:0	True
2026-06-04 13:43:00,299 - INFO - future_decoder.blocks.0.cell_attention.region_transformer.ffn.network.0.weight	torch.Size([192, 96])	cuda:0	True
2026-06-04 13:43:00,299 - INFO - future_decoder.blocks.0.cell_attention.region_transformer.ffn.network.0.bias	torch.Size([192])	cuda:0	True
2026-06-04 13:43:00,299 - INFO - future_decoder.blocks.0.cell_attention.region_transformer.ffn.network.3.weight	torch.Size([96, 192])	cuda:0	True
2026-06-04 13:43:00,299 - INFO - future_decoder.blocks.0.cell_attention.region_transformer.ffn.network.3.bias	torch.Size([96])	cuda:0	True
2026-06-04 13:43:00,299 - INFO - future_decoder.blocks.0.cell_attention.region_transformer.norm1.weight	torch.Size([96])	cuda:0	True
2026-06-04 13:43:00,299 - INFO - future_decoder.blocks.0.cell_attention.region_transformer.norm1.bias	torch.Size([96])	cuda:0	True
2026-06-04 13:43:00,299 - INFO - future_decoder.blocks.0.cell_attention.region_transformer.norm2.weight	torch.Size([96])	cuda:0	True
2026-06-04 13:43:00,299 - INFO - future_decoder.blocks.0.cell_attention.region_transformer.norm2.bias	torch.Size([96])	cuda:0	True
2026-06-04 13:43:00,299 - INFO - future_decoder.blocks.0.cell_attention.fuzzy_to_cell.weight	torch.Size([16, 8])	cuda:0	True
2026-06-04 13:43:00,299 - INFO - future_decoder.blocks.0.cell_attention.fuzzy_to_cell.bias	torch.Size([16])	cuda:0	True
2026-06-04 13:43:00,299 - INFO - future_decoder.blocks.0.norm_cell.weight	torch.Size([96])	cuda:0	True
2026-06-04 13:43:00,299 - INFO - future_decoder.blocks.0.norm_cell.bias	torch.Size([96])	cuda:0	True
2026-06-04 13:43:00,299 - INFO - future_decoder.blocks.1.temporal_attention.query_projection.weight	torch.Size([96, 96])	cuda:0	True
2026-06-04 13:43:00,299 - INFO - future_decoder.blocks.1.temporal_attention.query_projection.bias	torch.Size([96])	cuda:0	True
2026-06-04 13:43:00,299 - INFO - future_decoder.blocks.1.temporal_attention.key_projection.weight	torch.Size([96, 96])	cuda:0	True
2026-06-04 13:43:00,299 - INFO - future_decoder.blocks.1.temporal_attention.key_projection.bias	torch.Size([96])	cuda:0	True
2026-06-04 13:43:00,299 - INFO - future_decoder.blocks.1.temporal_attention.value_projection.weight	torch.Size([96, 96])	cuda:0	True
2026-06-04 13:43:00,299 - INFO - future_decoder.blocks.1.temporal_attention.value_projection.bias	torch.Size([96])	cuda:0	True
2026-06-04 13:43:00,299 - INFO - future_decoder.blocks.1.temporal_attention.output_projection.weight	torch.Size([96, 96])	cuda:0	True
2026-06-04 13:43:00,299 - INFO - future_decoder.blocks.1.temporal_attention.output_projection.bias	torch.Size([96])	cuda:0	True
2026-06-04 13:43:00,299 - INFO - future_decoder.blocks.1.graph_convolution.projections.0.weight	torch.Size([96, 96])	cuda:0	True
2026-06-04 13:43:00,299 - INFO - future_decoder.blocks.1.graph_convolution.projections.0.bias	torch.Size([96])	cuda:0	True
2026-06-04 13:43:00,301 - INFO - future_decoder.blocks.1.graph_convolution.projections.1.weight	torch.Size([96, 96])	cuda:0	True
2026-06-04 13:43:00,301 - INFO - future_decoder.blocks.1.graph_convolution.projections.1.bias	torch.Size([96])	cuda:0	True
2026-06-04 13:43:00,301 - INFO - future_decoder.blocks.1.graph_convolution.projections.2.weight	torch.Size([96, 96])	cuda:0	True
2026-06-04 13:43:00,301 - INFO - future_decoder.blocks.1.graph_convolution.projections.2.bias	torch.Size([96])	cuda:0	True
2026-06-04 13:43:00,301 - INFO - future_decoder.blocks.1.cross_attention.query_projection.weight	torch.Size([96, 96])	cuda:0	True
2026-06-04 13:43:00,301 - INFO - future_decoder.blocks.1.cross_attention.query_projection.bias	torch.Size([96])	cuda:0	True
2026-06-04 13:43:00,301 - INFO - future_decoder.blocks.1.cross_attention.key_projection.weight	torch.Size([96, 96])	cuda:0	True
2026-06-04 13:43:00,301 - INFO - future_decoder.blocks.1.cross_attention.key_projection.bias	torch.Size([96])	cuda:0	True
2026-06-04 13:43:00,301 - INFO - future_decoder.blocks.1.cross_attention.value_projection.weight	torch.Size([96, 96])	cuda:0	True
2026-06-04 13:43:00,301 - INFO - future_decoder.blocks.1.cross_attention.value_projection.bias	torch.Size([96])	cuda:0	True
2026-06-04 13:43:00,301 - INFO - future_decoder.blocks.1.cross_attention.output_projection.weight	torch.Size([96, 96])	cuda:0	True
2026-06-04 13:43:00,301 - INFO - future_decoder.blocks.1.cross_attention.output_projection.bias	torch.Size([96])	cuda:0	True
2026-06-04 13:43:00,301 - INFO - future_decoder.blocks.1.feed_forward.network.0.weight	torch.Size([128, 96])	cuda:0	True
2026-06-04 13:43:00,301 - INFO - future_decoder.blocks.1.feed_forward.network.0.bias	torch.Size([128])	cuda:0	True
2026-06-04 13:43:00,301 - INFO - future_decoder.blocks.1.feed_forward.network.3.weight	torch.Size([96, 128])	cuda:0	True
2026-06-04 13:43:00,301 - INFO - future_decoder.blocks.1.feed_forward.network.3.bias	torch.Size([96])	cuda:0	True
2026-06-04 13:43:00,301 - INFO - future_decoder.blocks.1.norm_temporal.weight	torch.Size([96])	cuda:0	True
2026-06-04 13:43:00,301 - INFO - future_decoder.blocks.1.norm_temporal.bias	torch.Size([96])	cuda:0	True
2026-06-04 13:43:00,301 - INFO - future_decoder.blocks.1.norm_graph.weight	torch.Size([96])	cuda:0	True
2026-06-04 13:43:00,301 - INFO - future_decoder.blocks.1.norm_graph.bias	torch.Size([96])	cuda:0	True
2026-06-04 13:43:00,301 - INFO - future_decoder.blocks.1.norm_cross.weight	torch.Size([96])	cuda:0	True
2026-06-04 13:43:00,301 - INFO - future_decoder.blocks.1.norm_cross.bias	torch.Size([96])	cuda:0	True
2026-06-04 13:43:00,301 - INFO - future_decoder.blocks.1.norm_ffn.weight	torch.Size([96])	cuda:0	True
2026-06-04 13:43:00,301 - INFO - future_decoder.blocks.1.norm_ffn.bias	torch.Size([96])	cuda:0	True
2026-06-04 13:43:00,301 - INFO - future_decoder.blocks.1.cell_attention.region_mu	torch.Size([16, 96])	cuda:0	True
2026-06-04 13:43:00,301 - INFO - future_decoder.blocks.1.cell_attention.region_log_sigma	torch.Size([16])	cuda:0	True
2026-06-04 13:43:00,301 - INFO - future_decoder.blocks.1.cell_attention.log_sigma_sq	torch.Size([1])	cuda:0	True
2026-06-04 13:43:00,301 - INFO - future_decoder.blocks.1.cell_attention.cell_blend	torch.Size([])	cuda:0	True
2026-06-04 13:43:00,301 - INFO - future_decoder.blocks.1.cell_attention.band_center	torch.Size([])	cuda:0	True
2026-06-04 13:43:00,302 - INFO - future_decoder.blocks.1.cell_attention.band_width_raw	torch.Size([])	cuda:0	True
2026-06-04 13:43:00,302 - INFO - future_decoder.blocks.1.cell_attention.cell_transform.weight	torch.Size([96, 96])	cuda:0	True
2026-06-04 13:43:00,302 - INFO - future_decoder.blocks.1.cell_attention.cell_transform.bias	torch.Size([96])	cuda:0	True
2026-06-04 13:43:00,302 - INFO - future_decoder.blocks.1.cell_attention.output_projection.weight	torch.Size([96, 96])	cuda:0	True
2026-06-04 13:43:00,302 - INFO - future_decoder.blocks.1.cell_attention.output_projection.bias	torch.Size([96])	cuda:0	True
2026-06-04 13:43:00,302 - INFO - future_decoder.blocks.1.cell_attention.region_transformer.self_attn.query_projection.weight	torch.Size([96, 96])	cuda:0	True
2026-06-04 13:43:00,302 - INFO - future_decoder.blocks.1.cell_attention.region_transformer.self_attn.query_projection.bias	torch.Size([96])	cuda:0	True
2026-06-04 13:43:00,302 - INFO - future_decoder.blocks.1.cell_attention.region_transformer.self_attn.key_projection.weight	torch.Size([96, 96])	cuda:0	True
2026-06-04 13:43:00,302 - INFO - future_decoder.blocks.1.cell_attention.region_transformer.self_attn.key_projection.bias	torch.Size([96])	cuda:0	True
2026-06-04 13:43:00,302 - INFO - future_decoder.blocks.1.cell_attention.region_transformer.self_attn.value_projection.weight	torch.Size([96, 96])	cuda:0	True
2026-06-04 13:43:00,302 - INFO - future_decoder.blocks.1.cell_attention.region_transformer.self_attn.value_projection.bias	torch.Size([96])	cuda:0	True
2026-06-04 13:43:00,302 - INFO - future_decoder.blocks.1.cell_attention.region_transformer.self_attn.output_projection.weight	torch.Size([96, 96])	cuda:0	True
2026-06-04 13:43:00,302 - INFO - future_decoder.blocks.1.cell_attention.region_transformer.self_attn.output_projection.bias	torch.Size([96])	cuda:0	True
2026-06-04 13:43:00,302 - INFO - future_decoder.blocks.1.cell_attention.region_transformer.ffn.network.0.weight	torch.Size([192, 96])	cuda:0	True
2026-06-04 13:43:00,302 - INFO - future_decoder.blocks.1.cell_attention.region_transformer.ffn.network.0.bias	torch.Size([192])	cuda:0	True
2026-06-04 13:43:00,302 - INFO - future_decoder.blocks.1.cell_attention.region_transformer.ffn.network.3.weight	torch.Size([96, 192])	cuda:0	True
2026-06-04 13:43:00,302 - INFO - future_decoder.blocks.1.cell_attention.region_transformer.ffn.network.3.bias	torch.Size([96])	cuda:0	True
2026-06-04 13:43:00,302 - INFO - future_decoder.blocks.1.cell_attention.region_transformer.norm1.weight	torch.Size([96])	cuda:0	True
2026-06-04 13:43:00,302 - INFO - future_decoder.blocks.1.cell_attention.region_transformer.norm1.bias	torch.Size([96])	cuda:0	True
2026-06-04 13:43:00,302 - INFO - future_decoder.blocks.1.cell_attention.region_transformer.norm2.weight	torch.Size([96])	cuda:0	True
2026-06-04 13:43:00,302 - INFO - future_decoder.blocks.1.cell_attention.region_transformer.norm2.bias	torch.Size([96])	cuda:0	True
2026-06-04 13:43:00,302 - INFO - future_decoder.blocks.1.cell_attention.fuzzy_to_cell.weight	torch.Size([16, 8])	cuda:0	True
2026-06-04 13:43:00,302 - INFO - future_decoder.blocks.1.cell_attention.fuzzy_to_cell.bias	torch.Size([16])	cuda:0	True
2026-06-04 13:43:00,302 - INFO - future_decoder.blocks.1.norm_cell.weight	torch.Size([96])	cuda:0	True
2026-06-04 13:43:00,304 - INFO - future_decoder.blocks.1.norm_cell.bias	torch.Size([96])	cuda:0	True
2026-06-04 13:43:00,304 - INFO - future_decoder.final_norm.weight	torch.Size([96])	cuda:0	True
2026-06-04 13:43:00,304 - INFO - future_decoder.final_norm.bias	torch.Size([96])	cuda:0	True
2026-06-04 13:43:00,304 - INFO - future_decoder.output_projection.weight	torch.Size([3, 96])	cuda:0	True
2026-06-04 13:43:00,304 - INFO - future_decoder.output_projection.bias	torch.Size([3])	cuda:0	True
2026-06-04 13:43:00,304 - INFO - Total parameter numbers: 1026060
2026-06-04 13:43:00,304 - INFO - Enable AMP training (dtype=float16).
2026-06-04 13:43:00,304 - INFO - You select `adamw` optimizer.
2026-06-04 13:43:01,953 - INFO - You select `cosineannealinglr` lr_scheduler.
2026-06-04 13:43:01,953 - WARNING - Received none train loss func and will use the loss func defined in the model.
2026-06-04 13:43:01,956 - INFO - Start training ...
2026-06-04 13:43:01,956 - INFO - num_batches:169
2026-06-04 13:43:34,723 - INFO - Epoch [0/10] train_loss: 0.4024, val_loss: 0.3462, lr: 0.009973, 32.77s
2026-06-04 13:43:34,853 - INFO - Saved model at 0
2026-06-04 13:43:34,853 - INFO - Val loss decrease from inf to 0.3462, saving to D:\a_code\A_Agent\projects\LibCity\outputs\20260604_134247__traffic_state_pred__final_3_type2__PEMSD8\model_cache/final_3_type2_PEMSD8_epoch0.tar
2026-06-04 13:44:08,055 - INFO - Epoch [1/10] train_loss: 0.3305, val_loss: 0.3320, lr: 0.009891, 33.20s
2026-06-04 13:44:08,182 - INFO - Saved model at 1
2026-06-04 13:44:08,182 - INFO - Val loss decrease from 0.3462 to 0.3320, saving to D:\a_code\A_Agent\projects\LibCity\outputs\20260604_134247__traffic_state_pred__final_3_type2__PEMSD8\model_cache/final_3_type2_PEMSD8_epoch1.tar
2026-06-04 13:44:41,805 - INFO - Epoch [2/10] train_loss: 0.3276, val_loss: 0.3388, lr: 0.009755, 33.62s
2026-06-04 13:45:13,981 - INFO - Epoch [3/10] train_loss: 0.3267, val_loss: 0.3340, lr: 0.009568, 32.18s
2026-06-04 13:45:45,648 - INFO - Epoch [4/10] train_loss: 0.3282, val_loss: 0.3316, lr: 0.009330, 31.67s
2026-06-04 13:45:45,773 - INFO - Saved model at 4
2026-06-04 13:45:45,773 - INFO - Val loss decrease from 0.3320 to 0.3316, saving to D:\a_code\A_Agent\projects\LibCity\outputs\20260604_134247__traffic_state_pred__final_3_type2__PEMSD8\model_cache/final_3_type2_PEMSD8_epoch4.tar
2026-06-04 13:46:19,130 - INFO - Epoch [5/10] train_loss: 0.3271, val_loss: 0.3349, lr: 0.009045, 33.36s
2026-06-04 13:46:52,780 - INFO - Epoch [6/10] train_loss: 0.3270, val_loss: 0.3338, lr: 0.008716, 33.65s
2026-06-04 13:47:26,054 - INFO - Epoch [7/10] train_loss: 0.3255, val_loss: 0.3377, lr: 0.008346, 33.27s
2026-06-04 13:47:57,564 - INFO - Epoch [8/10] train_loss: 0.3254, val_loss: 0.3316, lr: 0.007939, 31.51s
2026-06-04 13:48:29,199 - INFO - Epoch [9/10] train_loss: 0.3253, val_loss: 0.3309, lr: 0.007500, 31.64s
2026-06-04 13:48:29,317 - INFO - Saved model at 9
2026-06-04 13:48:29,317 - INFO - Val loss decrease from 0.3316 to 0.3309, saving to D:\a_code\A_Agent\projects\LibCity\outputs\20260604_134247__traffic_state_pred__final_3_type2__PEMSD8\model_cache/final_3_type2_PEMSD8_epoch9.tar
2026-06-04 13:48:29,317 - INFO - Trained totally 10 epochs, average train time is 28.885s, average eval time is 3.801s
2026-06-04 13:48:29,318 - INFO - Loading best model state from epoch 9
2026-06-04 13:48:29,327 - INFO - Saved model at D:\a_code\A_Agent\projects\LibCity\outputs\20260604_134247__traffic_state_pred__final_3_type2__PEMSD8\model_cache\final_3_type2_PEMSD8.m
2026-06-04 13:48:29,445 - INFO - Start evaluating ...
2026-06-04 13:48:36,759 - INFO - Note that you select the single mode to evaluate!
2026-06-04 13:48:36,773 - INFO - Evaluate result is saved at D:\a_code\A_Agent\projects\LibCity\outputs\20260604_134247__traffic_state_pred__final_3_type2__PEMSD8\evaluate_cache\2026_06_04_13_48_36_final_3_type2_PEMSD8.csv
2026-06-04 13:48:36,786 - INFO - 
          MAE      MAPE          MSE  ...  masked_RMSE        R2      EVAR
1   41.624172  2.503500  7333.560059  ...    85.453369  0.556056  0.560203
2   41.641911  2.515011  7333.551758  ...    85.458725  0.555788  0.559893
3   41.615852  2.507921  7328.336914  ...    85.428131  0.555990  0.560100
4   41.612782  2.506926  7327.006348  ...    85.420326  0.555899  0.559990
5   41.619461  2.515529  7326.998535  ...    85.414795  0.555587  0.559627
6   41.619320  2.511873  7325.629883  ...    85.406677  0.555460  0.559471
7   41.641743  2.526907  7327.711426  ...    85.424286  0.555066  0.559025
8   41.635738  2.529591  7325.095215  ...    85.408936  0.555033  0.558973
9   41.630356  2.517986  7323.320312  ...    85.393036  0.554937  0.558854
10  41.645447  2.515111  7324.241699  ...    85.392860  0.554646  0.558523
11  41.663376  2.520908  7325.273438  ...    85.409721  0.554344  0.558178
12  41.668968  2.524601  7325.496582  ...    85.400055  0.554092  0.557891

[12 rows x 10 columns]
