2026-05-26 21:04:15,073 - INFO - Log directory: /home/lizhuoxuan/lzq/Bigscity-LibCity-master/outputs/20260526_210415__traffic_state_pred__final_new__PEMSD4/logs
2026-05-26 21:04:15,073 - INFO - Begin artifact training pipeline, task=traffic_state_pred, model_name=final_new, dataset_name=PEMSD4, exp_id=20260526_210415__traffic_state_pred__final_new__PEMSD4
2026-05-26 21:04:15,073 - INFO - {'task': 'traffic_state_pred', 'model': 'final_new', 'dataset': 'PEMSD4', 'saved_model': True, 'train': True, 'seed': 42, 'train_rate': 0.6, 'eval_rate': 0.2, 'batch_size': 64, 'learning_rate': 0.002, 'max_epoch': 50, 'dataset_class': 'TrafficStatePointDataset', 'executor': 'FinalNewExecutor', 'evaluator': 'TrafficStateEvaluator', 'band_center_init': 1.1, 'band_width_init': 0.7, 'calculate_weight_adj': False, 'cell_blend_init': 0, 'conservation_loss_weight': 0.1, 'conservation_steps_per_epoch': 80, 'conservation_warmup_epochs': 5, 'data_col': ['traffic_flow', 'traffic_occupancy', 'traffic_speed'], 'data_files': ['PEMSD4'], 'decoder_layers': 2, 'device': device(type='cuda', index=0), 'disturb_rate': 0.5, 'dropout': 0.1, 'dyna': {'including_types': ['state'], 'state': {'entity_id': 'geo_id', 'traffic_flow': 'num', 'traffic_occupancy': 'num', 'traffic_speed': 'num'}}, 'encoder_layers': 2, 'eval_batch_size': 64, 'evaluator_mode': 'single', 'ffn_hidden_dim': 128, 'fir_mode': 'lukasiewicz', 'fuzzy_num_sets': 4, 'geo': {'including_types': ['Point'], 'Point': {}}, 'geo_file': 'PEMSD4', 'graph_k_hop': 2, 'hidden_dim': 96, 'init_weight_inf_or_zero': 'zero', 'is_distributed': True, 'metrics': ['MAE', 'MAPE', 'MSE', 'RMSE', 'masked_MAE', 'masked_MAPE', 'masked_MSE', 'masked_RMSE', 'R2', 'EVAR'], 'noise_SD': [10], 'noise_mean': [5], 'noise_type': 'gaussian', 'num_cells': 8, 'num_heads': 2, 'num_workers': 0, 'output_dim': 3, 'pad_with_last_sample': True, 'physics_channel_idx': 0, 'rank': 0, 'region_transformer_layers': 1, 'rel': {'including_types': ['geo'], 'geo': {'cost': 'num'}}, 'rel_file': 'PEMSD4', 'robustness_test': False, 'save_mode': ['csv'], 'set_weight_link_or_dist': 'link', 'time_intervals': 300, 'use_amp': True, 'use_gradient_checkpointing': False, 'use_temporal_position_embedding': True, 'weight_adj_epsilon': 0.1, 'weight_col': 'cost', 'world_size': 2, 'clip_grad_norm': True, 'epoch': 0, 'gpu': True, 'gpu_id': 0, 'learner': 'adamw', 'load_best_epoch': True, 'log_every': 1, 'lr_decay': True, 'lr_decay_ratio': 0.5, 'lr_patience': 5, 'lr_scheduler': 'cosineannealinglr', 'lr_threshold': 0.001, 'max_grad_norm': 3, 'patience': 10, 'train_loss': 'none', 'use_early_stop': True, 'weight_decay': 0.0001, 'data_version_id': 'dv_1779797150_01347d35', 'input_window': 12, 'output_window': 12, 'scaler': 'standard', 'load_external': False, 'normal_external': False, 'add_time_in_day': True, 'add_day_in_week': True, 'cache_dataset': True, 'ext_scaler': 'none', 'local_rank': 0, 'dist_backend': 'nccl', 'exp_id': '20260526_210415__traffic_state_pred__final_new__PEMSD4'}
2026-05-26 21:04:15,271 - INFO - Log directory: /home/lizhuoxuan/lzq/Bigscity-LibCity-master/outputs/20260526_210415__traffic_state_pred__final_new__PEMSD4/logs
2026-05-26 21:04:25,827 - INFO - Enable AMP training (dtype=float16).
2026-05-26 21:04:25,827 - INFO - You select `adamw` optimizer.
2026-05-26 21:04:25,828 - INFO - You select `cosineannealinglr` lr_scheduler.
2026-05-26 21:04:25,828 - WARNING - Received none train loss func and will use the loss func defined in the model.
2026-05-26 21:04:25,828 - INFO - DistributedDataParallel(
  (module): NewFuzzyCellAttention(
    (fuzzy_graph): FuzzyRelationalGraphLearner(
      (raw_projection): Linear(in_features=3, out_features=96, bias=True)
      (feature_to_membership): Sequential(
        (0): Linear(in_features=96, out_features=48, bias=True)
        (1): GELU(approximate='none')
        (2): Linear(in_features=48, out_features=4, bias=True)
      )
    )
    (condition_encoder): STEncoder(
      (input_projection): Linear(in_features=3, out_features=96, bias=True)
      (blocks): ModuleList(
        (0-1): 2 x STEncoderBlock(
          (temporal_attention): MultiHeadAttention(
            (query_projection): Linear(in_features=96, out_features=96, bias=True)
            (key_projection): Linear(in_features=96, out_features=96, bias=True)
            (value_projection): Linear(in_features=96, out_features=96, bias=True)
            (output_projection): Linear(in_features=96, out_features=96, bias=True)
            (dropout): Dropout(p=0.1, inplace=False)
          )
          (graph_convolution): FuzzyGraphConvolution(
            (projections): ModuleList(
              (0-2): 3 x Linear(in_features=96, out_features=96, bias=True)
            )
          )
          (feed_forward): FeedForwardNetwork(
            (network): Sequential(
              (0): Linear(in_features=96, out_features=128, bias=True)
              (1): GELU(approximate='none')
              (2): Dropout(p=0.1, inplace=False)
              (3): Linear(in_features=128, out_features=96, bias=True)
              (4): Dropout(p=0.1, inplace=False)
            )
          )
          (norm_temporal): LayerNorm((96,), eps=1e-05, elementwise_affine=True)
          (norm_graph): LayerNorm((96,), eps=1e-05, elementwise_affine=True)
          (norm_ffn): LayerNorm((96,), eps=1e-05, elementwise_affine=True)
          (dropout): Dropout(p=0.1, inplace=False)
          (cell_attention): FuzzyCellAttention(
            (cell_transform): Linear(in_features=96, out_features=96, bias=True)
            (output_projection): Linear(in_features=96, out_features=96, bias=True)
            (region_transformer): RegionTransformer(
              (self_attn): MultiHeadAttention(
                (query_projection): Linear(in_features=96, out_features=96, bias=True)
                (key_projection): Linear(in_features=96, out_features=96, bias=True)
                (value_projection): Linear(in_features=96, out_features=96, bias=True)
                (output_projection): Linear(in_features=96, out_features=96, bias=True)
                (dropout): Dropout(p=0.1, inplace=False)
              )
              (ffn): FeedForwardNetwork(
                (network): Sequential(
                  (0): Linear(in_features=96, out_features=192, bias=True)
                  (1): GELU(approximate='none')
                  (2): Dropout(p=0.1, inplace=False)
                  (3): Linear(in_features=192, out_features=96, bias=True)
                  (4): Dropout(p=0.1, inplace=False)
                )
              )
              (norm1): LayerNorm((96,), eps=1e-05, elementwise_affine=True)
              (norm2): LayerNorm((96,), eps=1e-05, elementwise_affine=True)
              (dropout): Dropout(p=0.1, inplace=False)
            )
            (fuzzy_to_cell): Linear(in_features=4, out_features=8, bias=True)
          )
          (norm_cell): LayerNorm((96,), eps=1e-05, elementwise_affine=True)
        )
      )
      (final_norm): LayerNorm((96,), eps=1e-05, elementwise_affine=True)
    )
    (future_decoder): FutureDecoder(
      (blocks): ModuleList(
        (0-1): 2 x DecoderBlock(
          (temporal_attention): MultiHeadAttention(
            (query_projection): Linear(in_features=96, out_features=96, bias=True)
            (key_projection): Linear(in_features=96, out_features=96, bias=True)
            (value_projection): Linear(in_features=96, out_features=96, bias=True)
            (output_projection): Linear(in_features=96, out_features=96, bias=True)
            (dropout): Dropout(p=0.1, inplace=False)
          )
          (graph_convolution): FuzzyGraphConvolution(
            (projections): ModuleList(
              (0-2): 3 x Linear(in_features=96, out_features=96, bias=True)
            )
          )
          (cross_attention): MultiHeadAttention(
            (query_projection): Linear(in_features=96, out_features=96, bias=True)
            (key_projection): Linear(in_features=96, out_features=96, bias=True)
            (value_projection): Linear(in_features=96, out_features=96, bias=True)
            (output_projection): Linear(in_features=96, out_features=96, bias=True)
            (dropout): Dropout(p=0.1, inplace=False)
          )
          (feed_forward): FeedForwardNetwork(
            (network): Sequential(
              (0): Linear(in_features=96, out_features=128, bias=True)
              (1): GELU(approximate='none')
              (2): Dropout(p=0.1, inplace=False)
              (3): Linear(in_features=128, out_features=96, bias=True)
              (4): Dropout(p=0.1, inplace=False)
            )
          )
          (norm_temporal): LayerNorm((96,), eps=1e-05, elementwise_affine=True)
          (norm_graph): LayerNorm((96,), eps=1e-05, elementwise_affine=True)
          (norm_cross): LayerNorm((96,), eps=1e-05, elementwise_affine=True)
          (norm_ffn): LayerNorm((96,), eps=1e-05, elementwise_affine=True)
          (dropout): Dropout(p=0.1, inplace=False)
          (cell_attention): FuzzyCellAttention(
            (cell_transform): Linear(in_features=96, out_features=96, bias=True)
            (output_projection): Linear(in_features=96, out_features=96, bias=True)
            (region_transformer): RegionTransformer(
              (self_attn): MultiHeadAttention(
                (query_projection): Linear(in_features=96, out_features=96, bias=True)
                (key_projection): Linear(in_features=96, out_features=96, bias=True)
                (value_projection): Linear(in_features=96, out_features=96, bias=True)
                (output_projection): Linear(in_features=96, out_features=96, bias=True)
                (dropout): Dropout(p=0.1, inplace=False)
              )
              (ffn): FeedForwardNetwork(
                (network): Sequential(
                  (0): Linear(in_features=96, out_features=192, bias=True)
                  (1): GELU(approximate='none')
                  (2): Dropout(p=0.1, inplace=False)
                  (3): Linear(in_features=192, out_features=96, bias=True)
                  (4): Dropout(p=0.1, inplace=False)
                )
              )
              (norm1): LayerNorm((96,), eps=1e-05, elementwise_affine=True)
              (norm2): LayerNorm((96,), eps=1e-05, elementwise_affine=True)
              (dropout): Dropout(p=0.1, inplace=False)
            )
            (fuzzy_to_cell): Linear(in_features=4, out_features=8, bias=True)
          )
          (norm_cell): LayerNorm((96,), eps=1e-05, elementwise_affine=True)
        )
      )
      (final_norm): LayerNorm((96,), eps=1e-05, elementwise_affine=True)
      (output_projection): Linear(in_features=96, out_features=3, bias=True)
    )
  )
)
2026-05-26 21:04:25,830 - INFO - module.fuzzy_graph.base_memberships	torch.Size([307, 4])	cuda:0	True
2026-05-26 21:04:25,830 - INFO - module.fuzzy_graph.blend_logit	torch.Size([])	cuda:0	True
2026-05-26 21:04:25,830 - INFO - module.fuzzy_graph.raw_projection.weight	torch.Size([96, 3])	cuda:0	True
2026-05-26 21:04:25,830 - INFO - module.fuzzy_graph.raw_projection.bias	torch.Size([96])	cuda:0	True
2026-05-26 21:04:25,830 - INFO - module.fuzzy_graph.feature_to_membership.0.weight	torch.Size([48, 96])	cuda:0	True
2026-05-26 21:04:25,830 - INFO - module.fuzzy_graph.feature_to_membership.0.bias	torch.Size([48])	cuda:0	True
2026-05-26 21:04:25,831 - INFO - module.fuzzy_graph.feature_to_membership.2.weight	torch.Size([4, 48])	cuda:0	True
2026-05-26 21:04:25,831 - INFO - module.fuzzy_graph.feature_to_membership.2.bias	torch.Size([4])	cuda:0	True
2026-05-26 21:04:25,831 - INFO - module.condition_encoder.temporal_position_embedding	torch.Size([1, 12, 1, 96])	cuda:0	True
2026-05-26 21:04:25,831 - INFO - module.condition_encoder.input_projection.weight	torch.Size([96, 3])	cuda:0	True
2026-05-26 21:04:25,831 - INFO - module.condition_encoder.input_projection.bias	torch.Size([96])	cuda:0	True
2026-05-26 21:04:25,831 - INFO - module.condition_encoder.blocks.0.temporal_attention.query_projection.weight	torch.Size([96, 96])	cuda:0	True
2026-05-26 21:04:25,831 - INFO - module.condition_encoder.blocks.0.temporal_attention.query_projection.bias	torch.Size([96])	cuda:0	True
2026-05-26 21:04:25,831 - INFO - module.condition_encoder.blocks.0.temporal_attention.key_projection.weight	torch.Size([96, 96])	cuda:0	True
2026-05-26 21:04:25,831 - INFO - module.condition_encoder.blocks.0.temporal_attention.key_projection.bias	torch.Size([96])	cuda:0	True
2026-05-26 21:04:25,831 - INFO - module.condition_encoder.blocks.0.temporal_attention.value_projection.weight	torch.Size([96, 96])	cuda:0	True
2026-05-26 21:04:25,831 - INFO - module.condition_encoder.blocks.0.temporal_attention.value_projection.bias	torch.Size([96])	cuda:0	True
2026-05-26 21:04:25,831 - INFO - module.condition_encoder.blocks.0.temporal_attention.output_projection.weight	torch.Size([96, 96])	cuda:0	True
2026-05-26 21:04:25,831 - INFO - module.condition_encoder.blocks.0.temporal_attention.output_projection.bias	torch.Size([96])	cuda:0	True
2026-05-26 21:04:25,831 - INFO - module.condition_encoder.blocks.0.graph_convolution.projections.0.weight	torch.Size([96, 96])	cuda:0	True
2026-05-26 21:04:25,831 - INFO - module.condition_encoder.blocks.0.graph_convolution.projections.0.bias	torch.Size([96])	cuda:0	True
2026-05-26 21:04:25,831 - INFO - module.condition_encoder.blocks.0.graph_convolution.projections.1.weight	torch.Size([96, 96])	cuda:0	True
2026-05-26 21:04:25,831 - INFO - module.condition_encoder.blocks.0.graph_convolution.projections.1.bias	torch.Size([96])	cuda:0	True
2026-05-26 21:04:25,831 - INFO - module.condition_encoder.blocks.0.graph_convolution.projections.2.weight	torch.Size([96, 96])	cuda:0	True
2026-05-26 21:04:25,831 - INFO - module.condition_encoder.blocks.0.graph_convolution.projections.2.bias	torch.Size([96])	cuda:0	True
2026-05-26 21:04:25,831 - INFO - module.condition_encoder.blocks.0.feed_forward.network.0.weight	torch.Size([128, 96])	cuda:0	True
2026-05-26 21:04:25,831 - INFO - module.condition_encoder.blocks.0.feed_forward.network.0.bias	torch.Size([128])	cuda:0	True
2026-05-26 21:04:25,831 - INFO - module.condition_encoder.blocks.0.feed_forward.network.3.weight	torch.Size([96, 128])	cuda:0	True
2026-05-26 21:04:25,831 - INFO - module.condition_encoder.blocks.0.feed_forward.network.3.bias	torch.Size([96])	cuda:0	True
2026-05-26 21:04:25,831 - INFO - module.condition_encoder.blocks.0.norm_temporal.weight	torch.Size([96])	cuda:0	True
2026-05-26 21:04:25,831 - INFO - module.condition_encoder.blocks.0.norm_temporal.bias	torch.Size([96])	cuda:0	True
2026-05-26 21:04:25,831 - INFO - module.condition_encoder.blocks.0.norm_graph.weight	torch.Size([96])	cuda:0	True
2026-05-26 21:04:25,831 - INFO - module.condition_encoder.blocks.0.norm_graph.bias	torch.Size([96])	cuda:0	True
2026-05-26 21:04:25,831 - INFO - module.condition_encoder.blocks.0.norm_ffn.weight	torch.Size([96])	cuda:0	True
2026-05-26 21:04:25,831 - INFO - module.condition_encoder.blocks.0.norm_ffn.bias	torch.Size([96])	cuda:0	True
2026-05-26 21:04:25,831 - INFO - module.condition_encoder.blocks.0.cell_attention.centers	torch.Size([8, 96])	cuda:0	True
2026-05-26 21:04:25,831 - INFO - module.condition_encoder.blocks.0.cell_attention.log_sigma_sq	torch.Size([1])	cuda:0	True
2026-05-26 21:04:25,831 - INFO - module.condition_encoder.blocks.0.cell_attention.cell_blend	torch.Size([])	cuda:0	True
2026-05-26 21:04:25,831 - INFO - module.condition_encoder.blocks.0.cell_attention.band_center	torch.Size([])	cuda:0	True
2026-05-26 21:04:25,831 - INFO - module.condition_encoder.blocks.0.cell_attention.band_width_raw	torch.Size([])	cuda:0	True
2026-05-26 21:04:25,831 - INFO - module.condition_encoder.blocks.0.cell_attention.cell_transform.weight	torch.Size([96, 96])	cuda:0	True
2026-05-26 21:04:25,831 - INFO - module.condition_encoder.blocks.0.cell_attention.cell_transform.bias	torch.Size([96])	cuda:0	True
2026-05-26 21:04:25,832 - INFO - module.condition_encoder.blocks.0.cell_attention.output_projection.weight	torch.Size([96, 96])	cuda:0	True
2026-05-26 21:04:25,832 - INFO - module.condition_encoder.blocks.0.cell_attention.output_projection.bias	torch.Size([96])	cuda:0	True
2026-05-26 21:04:25,832 - INFO - module.condition_encoder.blocks.0.cell_attention.region_transformer.self_attn.query_projection.weight	torch.Size([96, 96])	cuda:0	True
2026-05-26 21:04:25,832 - INFO - module.condition_encoder.blocks.0.cell_attention.region_transformer.self_attn.query_projection.bias	torch.Size([96])	cuda:0	True
2026-05-26 21:04:25,832 - INFO - module.condition_encoder.blocks.0.cell_attention.region_transformer.self_attn.key_projection.weight	torch.Size([96, 96])	cuda:0	True
2026-05-26 21:04:25,832 - INFO - module.condition_encoder.blocks.0.cell_attention.region_transformer.self_attn.key_projection.bias	torch.Size([96])	cuda:0	True
2026-05-26 21:04:25,832 - INFO - module.condition_encoder.blocks.0.cell_attention.region_transformer.self_attn.value_projection.weight	torch.Size([96, 96])	cuda:0	True
2026-05-26 21:04:25,832 - INFO - module.condition_encoder.blocks.0.cell_attention.region_transformer.self_attn.value_projection.bias	torch.Size([96])	cuda:0	True
2026-05-26 21:04:25,832 - INFO - module.condition_encoder.blocks.0.cell_attention.region_transformer.self_attn.output_projection.weight	torch.Size([96, 96])	cuda:0	True
2026-05-26 21:04:25,832 - INFO - module.condition_encoder.blocks.0.cell_attention.region_transformer.self_attn.output_projection.bias	torch.Size([96])	cuda:0	True
2026-05-26 21:04:25,832 - INFO - module.condition_encoder.blocks.0.cell_attention.region_transformer.ffn.network.0.weight	torch.Size([192, 96])	cuda:0	True
2026-05-26 21:04:25,832 - INFO - module.condition_encoder.blocks.0.cell_attention.region_transformer.ffn.network.0.bias	torch.Size([192])	cuda:0	True
2026-05-26 21:04:25,832 - INFO - module.condition_encoder.blocks.0.cell_attention.region_transformer.ffn.network.3.weight	torch.Size([96, 192])	cuda:0	True
2026-05-26 21:04:25,832 - INFO - module.condition_encoder.blocks.0.cell_attention.region_transformer.ffn.network.3.bias	torch.Size([96])	cuda:0	True
2026-05-26 21:04:25,832 - INFO - module.condition_encoder.blocks.0.cell_attention.region_transformer.norm1.weight	torch.Size([96])	cuda:0	True
2026-05-26 21:04:25,832 - INFO - module.condition_encoder.blocks.0.cell_attention.region_transformer.norm1.bias	torch.Size([96])	cuda:0	True
2026-05-26 21:04:25,832 - INFO - module.condition_encoder.blocks.0.cell_attention.region_transformer.norm2.weight	torch.Size([96])	cuda:0	True
2026-05-26 21:04:25,832 - INFO - module.condition_encoder.blocks.0.cell_attention.region_transformer.norm2.bias	torch.Size([96])	cuda:0	True
2026-05-26 21:04:25,832 - INFO - module.condition_encoder.blocks.0.cell_attention.fuzzy_to_cell.weight	torch.Size([8, 4])	cuda:0	True
2026-05-26 21:04:25,832 - INFO - module.condition_encoder.blocks.0.cell_attention.fuzzy_to_cell.bias	torch.Size([8])	cuda:0	True
2026-05-26 21:04:25,832 - INFO - module.condition_encoder.blocks.0.norm_cell.weight	torch.Size([96])	cuda:0	True
2026-05-26 21:04:25,832 - INFO - module.condition_encoder.blocks.0.norm_cell.bias	torch.Size([96])	cuda:0	True
2026-05-26 21:04:25,832 - INFO - module.condition_encoder.blocks.1.temporal_attention.query_projection.weight	torch.Size([96, 96])	cuda:0	True
2026-05-26 21:04:25,832 - INFO - module.condition_encoder.blocks.1.temporal_attention.query_projection.bias	torch.Size([96])	cuda:0	True
2026-05-26 21:04:25,832 - INFO - module.condition_encoder.blocks.1.temporal_attention.key_projection.weight	torch.Size([96, 96])	cuda:0	True
2026-05-26 21:04:25,832 - INFO - module.condition_encoder.blocks.1.temporal_attention.key_projection.bias	torch.Size([96])	cuda:0	True
2026-05-26 21:04:25,832 - INFO - module.condition_encoder.blocks.1.temporal_attention.value_projection.weight	torch.Size([96, 96])	cuda:0	True
2026-05-26 21:04:25,832 - INFO - module.condition_encoder.blocks.1.temporal_attention.value_projection.bias	torch.Size([96])	cuda:0	True
2026-05-26 21:04:25,832 - INFO - module.condition_encoder.blocks.1.temporal_attention.output_projection.weight	torch.Size([96, 96])	cuda:0	True
2026-05-26 21:04:25,832 - INFO - module.condition_encoder.blocks.1.temporal_attention.output_projection.bias	torch.Size([96])	cuda:0	True
2026-05-26 21:04:25,832 - INFO - module.condition_encoder.blocks.1.graph_convolution.projections.0.weight	torch.Size([96, 96])	cuda:0	True
2026-05-26 21:04:25,832 - INFO - module.condition_encoder.blocks.1.graph_convolution.projections.0.bias	torch.Size([96])	cuda:0	True
2026-05-26 21:04:25,832 - INFO - module.condition_encoder.blocks.1.graph_convolution.projections.1.weight	torch.Size([96, 96])	cuda:0	True
2026-05-26 21:04:25,832 - INFO - module.condition_encoder.blocks.1.graph_convolution.projections.1.bias	torch.Size([96])	cuda:0	True
2026-05-26 21:04:25,832 - INFO - module.condition_encoder.blocks.1.graph_convolution.projections.2.weight	torch.Size([96, 96])	cuda:0	True
2026-05-26 21:04:25,832 - INFO - module.condition_encoder.blocks.1.graph_convolution.projections.2.bias	torch.Size([96])	cuda:0	True
2026-05-26 21:04:25,833 - INFO - module.condition_encoder.blocks.1.feed_forward.network.0.weight	torch.Size([128, 96])	cuda:0	True
2026-05-26 21:04:25,833 - INFO - module.condition_encoder.blocks.1.feed_forward.network.0.bias	torch.Size([128])	cuda:0	True
2026-05-26 21:04:25,833 - INFO - module.condition_encoder.blocks.1.feed_forward.network.3.weight	torch.Size([96, 128])	cuda:0	True
2026-05-26 21:04:25,833 - INFO - module.condition_encoder.blocks.1.feed_forward.network.3.bias	torch.Size([96])	cuda:0	True
2026-05-26 21:04:25,833 - INFO - module.condition_encoder.blocks.1.norm_temporal.weight	torch.Size([96])	cuda:0	True
2026-05-26 21:04:25,833 - INFO - module.condition_encoder.blocks.1.norm_temporal.bias	torch.Size([96])	cuda:0	True
2026-05-26 21:04:25,833 - INFO - module.condition_encoder.blocks.1.norm_graph.weight	torch.Size([96])	cuda:0	True
2026-05-26 21:04:25,833 - INFO - module.condition_encoder.blocks.1.norm_graph.bias	torch.Size([96])	cuda:0	True
2026-05-26 21:04:25,833 - INFO - module.condition_encoder.blocks.1.norm_ffn.weight	torch.Size([96])	cuda:0	True
2026-05-26 21:04:25,833 - INFO - module.condition_encoder.blocks.1.norm_ffn.bias	torch.Size([96])	cuda:0	True
2026-05-26 21:04:25,833 - INFO - module.condition_encoder.blocks.1.cell_attention.centers	torch.Size([8, 96])	cuda:0	True
2026-05-26 21:04:25,833 - INFO - module.condition_encoder.blocks.1.cell_attention.log_sigma_sq	torch.Size([1])	cuda:0	True
2026-05-26 21:04:25,833 - INFO - module.condition_encoder.blocks.1.cell_attention.cell_blend	torch.Size([])	cuda:0	True
2026-05-26 21:04:25,833 - INFO - module.condition_encoder.blocks.1.cell_attention.band_center	torch.Size([])	cuda:0	True
2026-05-26 21:04:25,833 - INFO - module.condition_encoder.blocks.1.cell_attention.band_width_raw	torch.Size([])	cuda:0	True
2026-05-26 21:04:25,833 - INFO - module.condition_encoder.blocks.1.cell_attention.cell_transform.weight	torch.Size([96, 96])	cuda:0	True
2026-05-26 21:04:25,833 - INFO - module.condition_encoder.blocks.1.cell_attention.cell_transform.bias	torch.Size([96])	cuda:0	True
2026-05-26 21:04:25,833 - INFO - module.condition_encoder.blocks.1.cell_attention.output_projection.weight	torch.Size([96, 96])	cuda:0	True
2026-05-26 21:04:25,833 - INFO - module.condition_encoder.blocks.1.cell_attention.output_projection.bias	torch.Size([96])	cuda:0	True
2026-05-26 21:04:25,833 - INFO - module.condition_encoder.blocks.1.cell_attention.region_transformer.self_attn.query_projection.weight	torch.Size([96, 96])	cuda:0	True
2026-05-26 21:04:25,833 - INFO - module.condition_encoder.blocks.1.cell_attention.region_transformer.self_attn.query_projection.bias	torch.Size([96])	cuda:0	True
2026-05-26 21:04:25,833 - INFO - module.condition_encoder.blocks.1.cell_attention.region_transformer.self_attn.key_projection.weight	torch.Size([96, 96])	cuda:0	True
2026-05-26 21:04:25,833 - INFO - module.condition_encoder.blocks.1.cell_attention.region_transformer.self_attn.key_projection.bias	torch.Size([96])	cuda:0	True
2026-05-26 21:04:25,833 - INFO - module.condition_encoder.blocks.1.cell_attention.region_transformer.self_attn.value_projection.weight	torch.Size([96, 96])	cuda:0	True
2026-05-26 21:04:25,833 - INFO - module.condition_encoder.blocks.1.cell_attention.region_transformer.self_attn.value_projection.bias	torch.Size([96])	cuda:0	True
2026-05-26 21:04:25,833 - INFO - module.condition_encoder.blocks.1.cell_attention.region_transformer.self_attn.output_projection.weight	torch.Size([96, 96])	cuda:0	True
2026-05-26 21:04:25,833 - INFO - module.condition_encoder.blocks.1.cell_attention.region_transformer.self_attn.output_projection.bias	torch.Size([96])	cuda:0	True
2026-05-26 21:04:25,833 - INFO - module.condition_encoder.blocks.1.cell_attention.region_transformer.ffn.network.0.weight	torch.Size([192, 96])	cuda:0	True
2026-05-26 21:04:25,833 - INFO - module.condition_encoder.blocks.1.cell_attention.region_transformer.ffn.network.0.bias	torch.Size([192])	cuda:0	True
2026-05-26 21:04:25,833 - INFO - module.condition_encoder.blocks.1.cell_attention.region_transformer.ffn.network.3.weight	torch.Size([96, 192])	cuda:0	True
2026-05-26 21:04:25,833 - INFO - module.condition_encoder.blocks.1.cell_attention.region_transformer.ffn.network.3.bias	torch.Size([96])	cuda:0	True
2026-05-26 21:04:25,833 - INFO - module.condition_encoder.blocks.1.cell_attention.region_transformer.norm1.weight	torch.Size([96])	cuda:0	True
2026-05-26 21:04:25,833 - INFO - module.condition_encoder.blocks.1.cell_attention.region_transformer.norm1.bias	torch.Size([96])	cuda:0	True
2026-05-26 21:04:25,833 - INFO - module.condition_encoder.blocks.1.cell_attention.region_transformer.norm2.weight	torch.Size([96])	cuda:0	True
2026-05-26 21:04:25,833 - INFO - module.condition_encoder.blocks.1.cell_attention.region_transformer.norm2.bias	torch.Size([96])	cuda:0	True
2026-05-26 21:04:25,833 - INFO - module.condition_encoder.blocks.1.cell_attention.fuzzy_to_cell.weight	torch.Size([8, 4])	cuda:0	True
2026-05-26 21:04:25,833 - INFO - module.condition_encoder.blocks.1.cell_attention.fuzzy_to_cell.bias	torch.Size([8])	cuda:0	True
2026-05-26 21:04:25,833 - INFO - module.condition_encoder.blocks.1.norm_cell.weight	torch.Size([96])	cuda:0	True
2026-05-26 21:04:25,834 - INFO - module.condition_encoder.blocks.1.norm_cell.bias	torch.Size([96])	cuda:0	True
2026-05-26 21:04:25,834 - INFO - module.condition_encoder.final_norm.weight	torch.Size([96])	cuda:0	True
2026-05-26 21:04:25,834 - INFO - module.condition_encoder.final_norm.bias	torch.Size([96])	cuda:0	True
2026-05-26 21:04:25,834 - INFO - module.future_decoder.future_queries	torch.Size([1, 12, 307, 96])	cuda:0	True
2026-05-26 21:04:25,834 - INFO - module.future_decoder.blocks.0.temporal_attention.query_projection.weight	torch.Size([96, 96])	cuda:0	True
2026-05-26 21:04:25,834 - INFO - module.future_decoder.blocks.0.temporal_attention.query_projection.bias	torch.Size([96])	cuda:0	True
2026-05-26 21:04:25,834 - INFO - module.future_decoder.blocks.0.temporal_attention.key_projection.weight	torch.Size([96, 96])	cuda:0	True
2026-05-26 21:04:25,834 - INFO - module.future_decoder.blocks.0.temporal_attention.key_projection.bias	torch.Size([96])	cuda:0	True
2026-05-26 21:04:25,834 - INFO - module.future_decoder.blocks.0.temporal_attention.value_projection.weight	torch.Size([96, 96])	cuda:0	True
2026-05-26 21:04:25,834 - INFO - module.future_decoder.blocks.0.temporal_attention.value_projection.bias	torch.Size([96])	cuda:0	True
2026-05-26 21:04:25,834 - INFO - module.future_decoder.blocks.0.temporal_attention.output_projection.weight	torch.Size([96, 96])	cuda:0	True
2026-05-26 21:04:25,834 - INFO - module.future_decoder.blocks.0.temporal_attention.output_projection.bias	torch.Size([96])	cuda:0	True
2026-05-26 21:04:25,834 - INFO - module.future_decoder.blocks.0.graph_convolution.projections.0.weight	torch.Size([96, 96])	cuda:0	True
2026-05-26 21:04:25,834 - INFO - module.future_decoder.blocks.0.graph_convolution.projections.0.bias	torch.Size([96])	cuda:0	True
2026-05-26 21:04:25,834 - INFO - module.future_decoder.blocks.0.graph_convolution.projections.1.weight	torch.Size([96, 96])	cuda:0	True
2026-05-26 21:04:25,834 - INFO - module.future_decoder.blocks.0.graph_convolution.projections.1.bias	torch.Size([96])	cuda:0	True
2026-05-26 21:04:25,834 - INFO - module.future_decoder.blocks.0.graph_convolution.projections.2.weight	torch.Size([96, 96])	cuda:0	True
2026-05-26 21:04:25,834 - INFO - module.future_decoder.blocks.0.graph_convolution.projections.2.bias	torch.Size([96])	cuda:0	True
2026-05-26 21:04:25,834 - INFO - module.future_decoder.blocks.0.cross_attention.query_projection.weight	torch.Size([96, 96])	cuda:0	True
2026-05-26 21:04:25,834 - INFO - module.future_decoder.blocks.0.cross_attention.query_projection.bias	torch.Size([96])	cuda:0	True
2026-05-26 21:04:25,834 - INFO - module.future_decoder.blocks.0.cross_attention.key_projection.weight	torch.Size([96, 96])	cuda:0	True
2026-05-26 21:04:25,834 - INFO - module.future_decoder.blocks.0.cross_attention.key_projection.bias	torch.Size([96])	cuda:0	True
2026-05-26 21:04:25,834 - INFO - module.future_decoder.blocks.0.cross_attention.value_projection.weight	torch.Size([96, 96])	cuda:0	True
2026-05-26 21:04:25,834 - INFO - module.future_decoder.blocks.0.cross_attention.value_projection.bias	torch.Size([96])	cuda:0	True
2026-05-26 21:04:25,834 - INFO - module.future_decoder.blocks.0.cross_attention.output_projection.weight	torch.Size([96, 96])	cuda:0	True
2026-05-26 21:04:25,834 - INFO - module.future_decoder.blocks.0.cross_attention.output_projection.bias	torch.Size([96])	cuda:0	True
2026-05-26 21:04:25,834 - INFO - module.future_decoder.blocks.0.feed_forward.network.0.weight	torch.Size([128, 96])	cuda:0	True
2026-05-26 21:04:25,834 - INFO - module.future_decoder.blocks.0.feed_forward.network.0.bias	torch.Size([128])	cuda:0	True
2026-05-26 21:04:25,834 - INFO - module.future_decoder.blocks.0.feed_forward.network.3.weight	torch.Size([96, 128])	cuda:0	True
2026-05-26 21:04:25,834 - INFO - module.future_decoder.blocks.0.feed_forward.network.3.bias	torch.Size([96])	cuda:0	True
2026-05-26 21:04:25,834 - INFO - module.future_decoder.blocks.0.norm_temporal.weight	torch.Size([96])	cuda:0	True
2026-05-26 21:04:25,834 - INFO - module.future_decoder.blocks.0.norm_temporal.bias	torch.Size([96])	cuda:0	True
2026-05-26 21:04:25,834 - INFO - module.future_decoder.blocks.0.norm_graph.weight	torch.Size([96])	cuda:0	True
2026-05-26 21:04:25,834 - INFO - module.future_decoder.blocks.0.norm_graph.bias	torch.Size([96])	cuda:0	True
2026-05-26 21:04:25,834 - INFO - module.future_decoder.blocks.0.norm_cross.weight	torch.Size([96])	cuda:0	True
2026-05-26 21:04:25,834 - INFO - module.future_decoder.blocks.0.norm_cross.bias	torch.Size([96])	cuda:0	True
2026-05-26 21:04:25,834 - INFO - module.future_decoder.blocks.0.norm_ffn.weight	torch.Size([96])	cuda:0	True
2026-05-26 21:04:25,835 - INFO - module.future_decoder.blocks.0.norm_ffn.bias	torch.Size([96])	cuda:0	True
2026-05-26 21:04:25,835 - INFO - module.future_decoder.blocks.0.cell_attention.centers	torch.Size([8, 96])	cuda:0	True
2026-05-26 21:04:25,835 - INFO - module.future_decoder.blocks.0.cell_attention.log_sigma_sq	torch.Size([1])	cuda:0	True
2026-05-26 21:04:25,835 - INFO - module.future_decoder.blocks.0.cell_attention.cell_blend	torch.Size([])	cuda:0	True
2026-05-26 21:04:25,835 - INFO - module.future_decoder.blocks.0.cell_attention.band_center	torch.Size([])	cuda:0	True
2026-05-26 21:04:25,835 - INFO - module.future_decoder.blocks.0.cell_attention.band_width_raw	torch.Size([])	cuda:0	True
2026-05-26 21:04:25,835 - INFO - module.future_decoder.blocks.0.cell_attention.cell_transform.weight	torch.Size([96, 96])	cuda:0	True
2026-05-26 21:04:25,835 - INFO - module.future_decoder.blocks.0.cell_attention.cell_transform.bias	torch.Size([96])	cuda:0	True
2026-05-26 21:04:25,835 - INFO - module.future_decoder.blocks.0.cell_attention.output_projection.weight	torch.Size([96, 96])	cuda:0	True
2026-05-26 21:04:25,835 - INFO - module.future_decoder.blocks.0.cell_attention.output_projection.bias	torch.Size([96])	cuda:0	True
2026-05-26 21:04:25,835 - INFO - module.future_decoder.blocks.0.cell_attention.region_transformer.self_attn.query_projection.weight	torch.Size([96, 96])	cuda:0	True
2026-05-26 21:04:25,835 - INFO - module.future_decoder.blocks.0.cell_attention.region_transformer.self_attn.query_projection.bias	torch.Size([96])	cuda:0	True
2026-05-26 21:04:25,835 - INFO - module.future_decoder.blocks.0.cell_attention.region_transformer.self_attn.key_projection.weight	torch.Size([96, 96])	cuda:0	True
2026-05-26 21:04:25,835 - INFO - module.future_decoder.blocks.0.cell_attention.region_transformer.self_attn.key_projection.bias	torch.Size([96])	cuda:0	True
2026-05-26 21:04:25,835 - INFO - module.future_decoder.blocks.0.cell_attention.region_transformer.self_attn.value_projection.weight	torch.Size([96, 96])	cuda:0	True
2026-05-26 21:04:25,835 - INFO - module.future_decoder.blocks.0.cell_attention.region_transformer.self_attn.value_projection.bias	torch.Size([96])	cuda:0	True
2026-05-26 21:04:25,835 - INFO - module.future_decoder.blocks.0.cell_attention.region_transformer.self_attn.output_projection.weight	torch.Size([96, 96])	cuda:0	True
2026-05-26 21:04:25,835 - INFO - module.future_decoder.blocks.0.cell_attention.region_transformer.self_attn.output_projection.bias	torch.Size([96])	cuda:0	True
2026-05-26 21:04:25,835 - INFO - module.future_decoder.blocks.0.cell_attention.region_transformer.ffn.network.0.weight	torch.Size([192, 96])	cuda:0	True
2026-05-26 21:04:25,835 - INFO - module.future_decoder.blocks.0.cell_attention.region_transformer.ffn.network.0.bias	torch.Size([192])	cuda:0	True
2026-05-26 21:04:25,835 - INFO - module.future_decoder.blocks.0.cell_attention.region_transformer.ffn.network.3.weight	torch.Size([96, 192])	cuda:0	True
2026-05-26 21:04:25,835 - INFO - module.future_decoder.blocks.0.cell_attention.region_transformer.ffn.network.3.bias	torch.Size([96])	cuda:0	True
2026-05-26 21:04:25,835 - INFO - module.future_decoder.blocks.0.cell_attention.region_transformer.norm1.weight	torch.Size([96])	cuda:0	True
2026-05-26 21:04:25,835 - INFO - module.future_decoder.blocks.0.cell_attention.region_transformer.norm1.bias	torch.Size([96])	cuda:0	True
2026-05-26 21:04:25,835 - INFO - module.future_decoder.blocks.0.cell_attention.region_transformer.norm2.weight	torch.Size([96])	cuda:0	True
2026-05-26 21:04:25,835 - INFO - module.future_decoder.blocks.0.cell_attention.region_transformer.norm2.bias	torch.Size([96])	cuda:0	True
2026-05-26 21:04:25,835 - INFO - module.future_decoder.blocks.0.cell_attention.fuzzy_to_cell.weight	torch.Size([8, 4])	cuda:0	True
2026-05-26 21:04:25,835 - INFO - module.future_decoder.blocks.0.cell_attention.fuzzy_to_cell.bias	torch.Size([8])	cuda:0	True
2026-05-26 21:04:25,835 - INFO - module.future_decoder.blocks.0.norm_cell.weight	torch.Size([96])	cuda:0	True
2026-05-26 21:04:25,835 - INFO - module.future_decoder.blocks.0.norm_cell.bias	torch.Size([96])	cuda:0	True
2026-05-26 21:04:25,835 - INFO - module.future_decoder.blocks.1.temporal_attention.query_projection.weight	torch.Size([96, 96])	cuda:0	True
2026-05-26 21:04:25,835 - INFO - module.future_decoder.blocks.1.temporal_attention.query_projection.bias	torch.Size([96])	cuda:0	True
2026-05-26 21:04:25,835 - INFO - module.future_decoder.blocks.1.temporal_attention.key_projection.weight	torch.Size([96, 96])	cuda:0	True
2026-05-26 21:04:25,835 - INFO - module.future_decoder.blocks.1.temporal_attention.key_projection.bias	torch.Size([96])	cuda:0	True
2026-05-26 21:04:25,835 - INFO - module.future_decoder.blocks.1.temporal_attention.value_projection.weight	torch.Size([96, 96])	cuda:0	True
2026-05-26 21:04:25,835 - INFO - module.future_decoder.blocks.1.temporal_attention.value_projection.bias	torch.Size([96])	cuda:0	True
2026-05-26 21:04:25,835 - INFO - module.future_decoder.blocks.1.temporal_attention.output_projection.weight	torch.Size([96, 96])	cuda:0	True
2026-05-26 21:04:25,835 - INFO - module.future_decoder.blocks.1.temporal_attention.output_projection.bias	torch.Size([96])	cuda:0	True
2026-05-26 21:04:25,836 - INFO - module.future_decoder.blocks.1.graph_convolution.projections.0.weight	torch.Size([96, 96])	cuda:0	True
2026-05-26 21:04:25,836 - INFO - module.future_decoder.blocks.1.graph_convolution.projections.0.bias	torch.Size([96])	cuda:0	True
2026-05-26 21:04:25,836 - INFO - module.future_decoder.blocks.1.graph_convolution.projections.1.weight	torch.Size([96, 96])	cuda:0	True
2026-05-26 21:04:25,836 - INFO - module.future_decoder.blocks.1.graph_convolution.projections.1.bias	torch.Size([96])	cuda:0	True
2026-05-26 21:04:25,836 - INFO - module.future_decoder.blocks.1.graph_convolution.projections.2.weight	torch.Size([96, 96])	cuda:0	True
2026-05-26 21:04:25,836 - INFO - module.future_decoder.blocks.1.graph_convolution.projections.2.bias	torch.Size([96])	cuda:0	True
2026-05-26 21:04:25,836 - INFO - module.future_decoder.blocks.1.cross_attention.query_projection.weight	torch.Size([96, 96])	cuda:0	True
2026-05-26 21:04:25,836 - INFO - module.future_decoder.blocks.1.cross_attention.query_projection.bias	torch.Size([96])	cuda:0	True
2026-05-26 21:04:25,836 - INFO - module.future_decoder.blocks.1.cross_attention.key_projection.weight	torch.Size([96, 96])	cuda:0	True
2026-05-26 21:04:25,836 - INFO - module.future_decoder.blocks.1.cross_attention.key_projection.bias	torch.Size([96])	cuda:0	True
2026-05-26 21:04:25,836 - INFO - module.future_decoder.blocks.1.cross_attention.value_projection.weight	torch.Size([96, 96])	cuda:0	True
2026-05-26 21:04:25,836 - INFO - module.future_decoder.blocks.1.cross_attention.value_projection.bias	torch.Size([96])	cuda:0	True
2026-05-26 21:04:25,836 - INFO - module.future_decoder.blocks.1.cross_attention.output_projection.weight	torch.Size([96, 96])	cuda:0	True
2026-05-26 21:04:25,836 - INFO - module.future_decoder.blocks.1.cross_attention.output_projection.bias	torch.Size([96])	cuda:0	True
2026-05-26 21:04:25,836 - INFO - module.future_decoder.blocks.1.feed_forward.network.0.weight	torch.Size([128, 96])	cuda:0	True
2026-05-26 21:04:25,836 - INFO - module.future_decoder.blocks.1.feed_forward.network.0.bias	torch.Size([128])	cuda:0	True
2026-05-26 21:04:25,836 - INFO - module.future_decoder.blocks.1.feed_forward.network.3.weight	torch.Size([96, 128])	cuda:0	True
2026-05-26 21:04:25,836 - INFO - module.future_decoder.blocks.1.feed_forward.network.3.bias	torch.Size([96])	cuda:0	True
2026-05-26 21:04:25,836 - INFO - module.future_decoder.blocks.1.norm_temporal.weight	torch.Size([96])	cuda:0	True
2026-05-26 21:04:25,836 - INFO - module.future_decoder.blocks.1.norm_temporal.bias	torch.Size([96])	cuda:0	True
2026-05-26 21:04:25,836 - INFO - module.future_decoder.blocks.1.norm_graph.weight	torch.Size([96])	cuda:0	True
2026-05-26 21:04:25,836 - INFO - module.future_decoder.blocks.1.norm_graph.bias	torch.Size([96])	cuda:0	True
2026-05-26 21:04:25,836 - INFO - module.future_decoder.blocks.1.norm_cross.weight	torch.Size([96])	cuda:0	True
2026-05-26 21:04:25,836 - INFO - module.future_decoder.blocks.1.norm_cross.bias	torch.Size([96])	cuda:0	True
2026-05-26 21:04:25,836 - INFO - module.future_decoder.blocks.1.norm_ffn.weight	torch.Size([96])	cuda:0	True
2026-05-26 21:04:25,836 - INFO - module.future_decoder.blocks.1.norm_ffn.bias	torch.Size([96])	cuda:0	True
2026-05-26 21:04:25,836 - INFO - module.future_decoder.blocks.1.cell_attention.centers	torch.Size([8, 96])	cuda:0	True
2026-05-26 21:04:25,836 - INFO - module.future_decoder.blocks.1.cell_attention.log_sigma_sq	torch.Size([1])	cuda:0	True
2026-05-26 21:04:25,836 - INFO - module.future_decoder.blocks.1.cell_attention.cell_blend	torch.Size([])	cuda:0	True
2026-05-26 21:04:25,836 - INFO - module.future_decoder.blocks.1.cell_attention.band_center	torch.Size([])	cuda:0	True
2026-05-26 21:04:25,836 - INFO - module.future_decoder.blocks.1.cell_attention.band_width_raw	torch.Size([])	cuda:0	True
2026-05-26 21:04:25,836 - INFO - module.future_decoder.blocks.1.cell_attention.cell_transform.weight	torch.Size([96, 96])	cuda:0	True
2026-05-26 21:04:25,836 - INFO - module.future_decoder.blocks.1.cell_attention.cell_transform.bias	torch.Size([96])	cuda:0	True
2026-05-26 21:04:25,836 - INFO - module.future_decoder.blocks.1.cell_attention.output_projection.weight	torch.Size([96, 96])	cuda:0	True
2026-05-26 21:04:25,836 - INFO - module.future_decoder.blocks.1.cell_attention.output_projection.bias	torch.Size([96])	cuda:0	True
2026-05-26 21:04:25,836 - INFO - module.future_decoder.blocks.1.cell_attention.region_transformer.self_attn.query_projection.weight	torch.Size([96, 96])	cuda:0	True
2026-05-26 21:04:25,837 - INFO - module.future_decoder.blocks.1.cell_attention.region_transformer.self_attn.query_projection.bias	torch.Size([96])	cuda:0	True
2026-05-26 21:04:25,837 - INFO - module.future_decoder.blocks.1.cell_attention.region_transformer.self_attn.key_projection.weight	torch.Size([96, 96])	cuda:0	True
2026-05-26 21:04:25,837 - INFO - module.future_decoder.blocks.1.cell_attention.region_transformer.self_attn.key_projection.bias	torch.Size([96])	cuda:0	True
2026-05-26 21:04:25,837 - INFO - module.future_decoder.blocks.1.cell_attention.region_transformer.self_attn.value_projection.weight	torch.Size([96, 96])	cuda:0	True
2026-05-26 21:04:25,837 - INFO - module.future_decoder.blocks.1.cell_attention.region_transformer.self_attn.value_projection.bias	torch.Size([96])	cuda:0	True
2026-05-26 21:04:25,837 - INFO - module.future_decoder.blocks.1.cell_attention.region_transformer.self_attn.output_projection.weight	torch.Size([96, 96])	cuda:0	True
2026-05-26 21:04:25,837 - INFO - module.future_decoder.blocks.1.cell_attention.region_transformer.self_attn.output_projection.bias	torch.Size([96])	cuda:0	True
2026-05-26 21:04:25,837 - INFO - module.future_decoder.blocks.1.cell_attention.region_transformer.ffn.network.0.weight	torch.Size([192, 96])	cuda:0	True
2026-05-26 21:04:25,837 - INFO - module.future_decoder.blocks.1.cell_attention.region_transformer.ffn.network.0.bias	torch.Size([192])	cuda:0	True
2026-05-26 21:04:25,837 - INFO - module.future_decoder.blocks.1.cell_attention.region_transformer.ffn.network.3.weight	torch.Size([96, 192])	cuda:0	True
2026-05-26 21:04:25,837 - INFO - module.future_decoder.blocks.1.cell_attention.region_transformer.ffn.network.3.bias	torch.Size([96])	cuda:0	True
2026-05-26 21:04:25,837 - INFO - module.future_decoder.blocks.1.cell_attention.region_transformer.norm1.weight	torch.Size([96])	cuda:0	True
2026-05-26 21:04:25,837 - INFO - module.future_decoder.blocks.1.cell_attention.region_transformer.norm1.bias	torch.Size([96])	cuda:0	True
2026-05-26 21:04:25,837 - INFO - module.future_decoder.blocks.1.cell_attention.region_transformer.norm2.weight	torch.Size([96])	cuda:0	True
2026-05-26 21:04:25,837 - INFO - module.future_decoder.blocks.1.cell_attention.region_transformer.norm2.bias	torch.Size([96])	cuda:0	True
2026-05-26 21:04:25,837 - INFO - module.future_decoder.blocks.1.cell_attention.fuzzy_to_cell.weight	torch.Size([8, 4])	cuda:0	True
2026-05-26 21:04:25,837 - INFO - module.future_decoder.blocks.1.cell_attention.fuzzy_to_cell.bias	torch.Size([8])	cuda:0	True
2026-05-26 21:04:25,837 - INFO - module.future_decoder.blocks.1.norm_cell.weight	torch.Size([96])	cuda:0	True
2026-05-26 21:04:25,837 - INFO - module.future_decoder.blocks.1.norm_cell.bias	torch.Size([96])	cuda:0	True
2026-05-26 21:04:25,837 - INFO - module.future_decoder.final_norm.weight	torch.Size([96])	cuda:0	True
2026-05-26 21:04:25,837 - INFO - module.future_decoder.final_norm.bias	torch.Size([96])	cuda:0	True
2026-05-26 21:04:25,837 - INFO - module.future_decoder.output_projection.weight	torch.Size([3, 96])	cuda:0	True
2026-05-26 21:04:25,837 - INFO - module.future_decoder.output_projection.bias	torch.Size([3])	cuda:0	True
2026-05-26 21:04:25,838 - INFO - Total parameter numbers: 1177108
2026-05-26 21:04:25,838 - INFO - Enable AMP training (dtype=float16).
2026-05-26 21:04:25,838 - INFO - You select `adamw` optimizer.
2026-05-26 21:04:25,838 - INFO - You select `cosineannealinglr` lr_scheduler.
2026-05-26 21:04:25,839 - WARNING - Received none train loss func and will use the loss func defined in the model.
2026-05-26 21:04:25,839 - INFO - Start training ...
2026-05-26 21:04:25,839 - INFO - num_batches:80
2026-05-26 21:04:40,337 - INFO - Epoch [0/50] train_loss: 0.4423, val_loss: 0.3632, lr: 0.001995, 14.50s
2026-05-26 21:04:40,404 - INFO - Saved model at 0
2026-05-26 21:04:40,404 - INFO - Val loss decrease from inf to 0.3632, saving to /home/lizhuoxuan/lzq/Bigscity-LibCity-master/outputs/20260526_210415__traffic_state_pred__final_new__PEMSD4/model_cache/final_new_PEMSD4_epoch0.tar
2026-05-26 21:04:53,571 - INFO - Epoch [1/50] train_loss: 0.3565, val_loss: 0.3692, lr: 0.001978, 13.17s
2026-05-26 21:05:06,722 - INFO - Epoch [2/50] train_loss: 0.3525, val_loss: 0.3675, lr: 0.001951, 13.15s
2026-05-26 21:05:19,831 - INFO - Epoch [3/50] train_loss: 0.3513, val_loss: 0.3721, lr: 0.001914, 13.11s
2026-05-26 21:05:32,965 - INFO - Epoch [4/50] train_loss: 0.3548, val_loss: 0.3691, lr: 0.001866, 13.13s
2026-05-26 21:05:46,093 - INFO - Epoch [5/50] train_loss: 0.3535, val_loss: 0.3695, lr: 0.001809, 13.13s
2026-05-26 21:05:59,217 - INFO - Epoch [6/50] train_loss: 0.3528, val_loss: nan, lr: 0.001743, 13.12s
2026-05-26 21:06:12,326 - INFO - Epoch [7/50] train_loss: 0.3520, val_loss: 0.3649, lr: 0.001669, 13.11s
2026-05-26 21:06:25,391 - INFO - Epoch [8/50] train_loss: 0.3473, val_loss: 0.3641, lr: 0.001588, 13.06s
2026-05-26 21:06:38,537 - INFO - Epoch [9/50] train_loss: 0.3486, val_loss: 0.3623, lr: 0.001500, 13.15s
2026-05-26 21:06:38,605 - INFO - Saved model at 9
2026-05-26 21:06:38,605 - INFO - Val loss decrease from 0.3632 to 0.3623, saving to /home/lizhuoxuan/lzq/Bigscity-LibCity-master/outputs/20260526_210415__traffic_state_pred__final_new__PEMSD4/model_cache/final_new_PEMSD4_epoch9.tar
2026-05-26 21:06:51,717 - INFO - Epoch [10/50] train_loss: 0.3481, val_loss: nan, lr: 0.001407, 13.11s
2026-05-26 21:07:04,899 - INFO - Epoch [11/50] train_loss: 0.3451, val_loss: 0.3615, lr: 0.001309, 13.18s
2026-05-26 21:07:04,963 - INFO - Saved model at 11
2026-05-26 21:07:04,963 - INFO - Val loss decrease from 0.3623 to 0.3615, saving to /home/lizhuoxuan/lzq/Bigscity-LibCity-master/outputs/20260526_210415__traffic_state_pred__final_new__PEMSD4/model_cache/final_new_PEMSD4_epoch11.tar
2026-05-26 21:07:18,122 - INFO - Epoch [12/50] train_loss: 0.3470, val_loss: nan, lr: 0.001208, 13.16s
2026-05-26 21:07:31,281 - INFO - Epoch [13/50] train_loss: 0.3473, val_loss: 0.3593, lr: 0.001105, 13.16s
2026-05-26 21:07:31,346 - INFO - Saved model at 13
2026-05-26 21:07:31,346 - INFO - Val loss decrease from 0.3615 to 0.3593, saving to /home/lizhuoxuan/lzq/Bigscity-LibCity-master/outputs/20260526_210415__traffic_state_pred__final_new__PEMSD4/model_cache/final_new_PEMSD4_epoch13.tar
2026-05-26 21:07:44,500 - INFO - Epoch [14/50] train_loss: 0.3456, val_loss: 0.3572, lr: 0.001000, 13.15s
2026-05-26 21:07:44,564 - INFO - Saved model at 14
2026-05-26 21:07:44,565 - INFO - Val loss decrease from 0.3593 to 0.3572, saving to /home/lizhuoxuan/lzq/Bigscity-LibCity-master/outputs/20260526_210415__traffic_state_pred__final_new__PEMSD4/model_cache/final_new_PEMSD4_epoch14.tar
2026-05-26 21:07:57,702 - INFO - Epoch [15/50] train_loss: 0.3450, val_loss: 0.3611, lr: 0.000895, 13.14s
2026-05-26 21:08:10,827 - INFO - Epoch [16/50] train_loss: 0.3419, val_loss: 0.3619, lr: 0.000792, 13.12s
2026-05-26 21:08:23,929 - INFO - Epoch [17/50] train_loss: 0.3341, val_loss: 0.3440, lr: 0.000691, 13.10s
2026-05-26 21:08:23,994 - INFO - Saved model at 17
2026-05-26 21:08:23,995 - INFO - Val loss decrease from 0.3572 to 0.3440, saving to /home/lizhuoxuan/lzq/Bigscity-LibCity-master/outputs/20260526_210415__traffic_state_pred__final_new__PEMSD4/model_cache/final_new_PEMSD4_epoch17.tar
2026-05-26 21:08:37,154 - INFO - Epoch [18/50] train_loss: 0.3097, val_loss: 0.2806, lr: 0.000593, 13.16s
2026-05-26 21:08:37,235 - INFO - Saved model at 18
2026-05-26 21:08:37,236 - INFO - Val loss decrease from 0.3440 to 0.2806, saving to /home/lizhuoxuan/lzq/Bigscity-LibCity-master/outputs/20260526_210415__traffic_state_pred__final_new__PEMSD4/model_cache/final_new_PEMSD4_epoch18.tar
2026-05-26 21:08:50,358 - INFO - Epoch [19/50] train_loss: 0.3012, val_loss: 0.2781, lr: 0.000500, 13.12s
2026-05-26 21:08:50,423 - INFO - Saved model at 19
2026-05-26 21:08:50,423 - INFO - Val loss decrease from 0.2806 to 0.2781, saving to /home/lizhuoxuan/lzq/Bigscity-LibCity-master/outputs/20260526_210415__traffic_state_pred__final_new__PEMSD4/model_cache/final_new_PEMSD4_epoch19.tar
2026-05-26 21:09:03,584 - INFO - Epoch [20/50] train_loss: 0.2945, val_loss: 0.2693, lr: 0.000412, 13.16s
2026-05-26 21:09:03,649 - INFO - Saved model at 20
2026-05-26 21:09:03,649 - INFO - Val loss decrease from 0.2781 to 0.2693, saving to /home/lizhuoxuan/lzq/Bigscity-LibCity-master/outputs/20260526_210415__traffic_state_pred__final_new__PEMSD4/model_cache/final_new_PEMSD4_epoch20.tar
2026-05-26 21:09:16,822 - INFO - Epoch [21/50] train_loss: 0.2903, val_loss: 0.2772, lr: 0.000331, 13.17s
2026-05-26 21:09:29,954 - INFO - Epoch [22/50] train_loss: 0.2899, val_loss: 0.2979, lr: 0.000257, 13.13s
2026-05-26 21:09:43,117 - INFO - Epoch [23/50] train_loss: 0.2859, val_loss: 0.3190, lr: 0.000191, 13.16s
2026-05-26 21:09:56,333 - INFO - Epoch [24/50] train_loss: 0.2885, val_loss: 0.3146, lr: 0.000134, 13.22s
2026-05-26 21:10:09,476 - INFO - Epoch [25/50] train_loss: 0.2828, val_loss: 0.3286, lr: 0.000086, 13.14s
2026-05-26 21:10:22,629 - INFO - Epoch [26/50] train_loss: 0.2828, val_loss: 0.3418, lr: 0.000049, 13.15s
2026-05-26 21:10:35,785 - INFO - Epoch [27/50] train_loss: 0.2829, val_loss: 0.3317, lr: 0.000022, 13.16s
2026-05-26 21:10:48,933 - INFO - Epoch [28/50] train_loss: 0.2835, val_loss: 0.3410, lr: 0.000005, 13.15s
2026-05-26 21:11:02,143 - INFO - Epoch [29/50] train_loss: 0.2810, val_loss: 0.3453, lr: 0.000000, 13.21s
2026-05-26 21:11:15,276 - INFO - Epoch [30/50] train_loss: 0.2830, val_loss: 0.3453, lr: 0.000005, 13.13s
2026-05-26 21:11:15,276 - WARNING - Early stopping at epoch: 30
2026-05-26 21:11:15,276 - INFO - Trained totally 31 epochs, average train time is 11.970s, average eval time is 1.218s
2026-05-26 21:11:15,276 - INFO - Loading best model state from epoch 20
2026-05-26 21:11:15,281 - INFO - Start evaluating ...
2026-05-26 21:11:15,281 - INFO - Saved model at /home/lizhuoxuan/lzq/Bigscity-LibCity-master/outputs/20260526_210415__traffic_state_pred__final_new__PEMSD4/model_cache/final_new_PEMSD4.m
2026-05-26 21:11:15,333 - INFO - Start evaluating ...
2026-05-26 21:11:42,145 - INFO - Note that you select the single mode to evaluate!
2026-05-26 21:11:42,172 - INFO - Evaluate result is saved at /home/lizhuoxuan/lzq/Bigscity-LibCity-master/outputs/20260526_210415__traffic_state_pred__final_new__PEMSD4/evaluate_cache/2026_05_26_21_11_42_final_new_PEMSD4.csv
2026-05-26 21:11:42,183 - INFO - 
          MAE       MAPE          MSE  ...  masked_RMSE        R2      EVAR
1   30.555256  10.950657  4585.507324  ...    67.518654  0.724661  0.728428
2   30.596355  10.899876  4600.992188  ...    67.633766  0.723735  0.727507
3   30.646906  10.896308  4619.098633  ...    67.767937  0.722652  0.726434
4   30.694435  10.908148  4636.472656  ...    67.896034  0.721612  0.725370
5   30.762878  10.905701  4660.258301  ...    68.071625  0.720188  0.723978
6   30.829409  10.822108  4684.204102  ...    68.248123  0.718752  0.722537
7   30.908142  10.786576  4711.195801  ...    68.447029  0.717133  0.720933
8   30.989014  10.885259  4737.707520  ...    68.641899  0.715542  0.719332
9   31.078941  10.889595  4767.728516  ...    68.861191  0.713742  0.717548
10  31.173164  10.866463  4799.726562  ...    69.094048  0.711822  0.715640
11  31.274065  10.851398  4833.651855  ...    69.339523  0.709786  0.713611
12  31.373487  10.892385  4866.824219  ...    69.578156  0.707796  0.711601

[12 rows x 10 columns]
