2026-05-08 11:03:10,592 - INFO - Log directory: /home/lizhuoxuan/lzq/Bigscity-LibCity-master/outputs/20260508_110310__traffic_state_pred__STGCN__PEMSD4/logs
2026-05-08 11:03:10,797 - INFO - Log directory: /home/lizhuoxuan/lzq/Bigscity-LibCity-master/outputs/20260508_110310__traffic_state_pred__STGCN__PEMSD4/logs
2026-05-08 11:03:10,926 - INFO - Log directory: /home/lizhuoxuan/lzq/Bigscity-LibCity-master/outputs/20260508_110310__traffic_state_pred__STGCN__PEMSD4/logs
2026-05-08 11:03:10,926 - INFO - Begin artifact training pipeline, task=traffic_state_pred, model_name=STGCN, dataset_name=PEMSD4, exp_id=20260508_110310__traffic_state_pred__STGCN__PEMSD4
2026-05-08 11:03:10,926 - INFO - {'task': 'traffic_state_pred', 'model': 'STGCN', 'dataset': 'PEMSD4', 'saved_model': True, 'train': True, 'seed': 0, 'train_rate': 0.6, 'eval_rate': 0.2, 'batch_size': 64, 'learning_rate': 0.004, 'max_epoch': 10, 'executor': 'TrafficStateExecutor', 'evaluator': 'TrafficStateEvaluator', 'Ks': 3, 'Kt': 3, 'bidir_adj_mx': True, 'blocks': [[1, 32, 64], [64, 32, 128]], 'calculate_weight_adj': False, 'data_col': ['traffic_flow', 'traffic_occupancy', 'traffic_speed'], 'data_files': ['PEMSD4'], 'device': device(type='cuda', index=0), 'disturb_rate': 0.5, 'dropout': 0, 'dyna': {'including_types': ['state'], 'state': {'entity_id': 'geo_id', 'traffic_flow': 'num', 'traffic_occupancy': 'num', 'traffic_speed': 'num'}}, 'evaluator_mode': 'single', 'geo': {'including_types': ['Point'], 'Point': {}}, 'geo_file': 'PEMSD4', 'graph_conv_type': 'chebconv', 'init_weight_inf_or_zero': 'zero', 'is_distributed': True, 'metrics': ['MAE', 'MAPE', 'MSE', 'RMSE', 'masked_MAE', 'masked_MAPE', 'masked_MSE', 'masked_RMSE', 'R2', 'EVAR'], 'noise_SD': [10], 'noise_mean': [5], 'noise_type': 'gaussian', 'num_workers': 0, 'output_dim': 3, 'pad_with_last_sample': True, 'rank': 0, 'rel': {'including_types': ['geo'], 'geo': {'cost': 'num'}}, 'rel_file': 'PEMSD4', 'robustness_test': False, 'save_mode': ['csv'], 'set_weight_link_or_dist': 'link', 'stgcn_train_mode': 'quick', 'time_intervals': 300, 'weight_adj_epsilon': 0.1, 'weight_col': 'cost', 'world_size': 4, 'clip_grad_norm': False, 'epoch': 0, 'gpu': True, 'gpu_id': 0, 'hyper_tune': False, 'learner': 'rmsprop', 'load_best_epoch': True, 'log_every': 1, 'log_level': 'INFO', 'lr_T_max': 30, 'lr_alpha': 0.99, 'lr_beta1': 0.9, 'lr_beta2': 0.999, 'lr_decay': True, 'lr_decay_ratio': 0.7, 'lr_epsilon': 1e-08, 'lr_eta_min': 0, 'lr_momentum': 0, 'lr_patience': 10, 'lr_scheduler': 'steplr', 'lr_threshold': 0.0001, 'max_grad_norm': 1, 'patience': 50, 'step_size': 5, 'steps': [5, 20, 40, 70], 'train_loss': 'none', 'use_early_stop': False, 'weight_decay': 0, 'data_version_id': 'dv_1778079443_22c52435', 'dataset_class': 'TrafficStatePointDataset', 'scaler': 'standard', 'load_external': False, 'normal_external': False, 'ext_scaler': 'none', 'add_time_in_day': False, 'add_day_in_week': False, 'cache_dataset': True, 'input_window': 12, 'output_window': 12, 'local_rank': 0, 'dist_backend': 'nccl', 'exp_id': '20260508_110310__traffic_state_pred__STGCN__PEMSD4'}
2026-05-08 11:03:19,550 - INFO - You select quick mode to train STGCN model.
2026-05-08 11:03:19,653 - INFO - Chebyshev_polynomial_Lk shape: (3, 307, 307)
2026-05-08 11:03:19,765 - INFO - You select quick mode to train STGCN model.
2026-05-08 11:03:19,869 - INFO - Chebyshev_polynomial_Lk shape: (3, 307, 307)
2026-05-08 11:03:20,194 - INFO - You select quick mode to train STGCN model.
2026-05-08 11:03:20,298 - INFO - Chebyshev_polynomial_Lk shape: (3, 307, 307)
2026-05-08 11:03:21,861 - INFO - Enable AMP training (dtype=float16).
2026-05-08 11:03:21,861 - INFO - You select `rmsprop` optimizer.
2026-05-08 11:03:21,861 - INFO - DistributedDataParallel(
  (module): STGCN(
    (st_conv1): STConvBlock(
      (tconv1): TemporalConvLayer(
        (align): Align()
        (conv): Conv2d(3, 64, kernel_size=(3, 1), stride=(1, 1))
      )
      (sconv): SpatioConvLayer(
        (align): Align()
      )
      (tconv2): TemporalConvLayer(
        (align): Align()
        (conv): Conv2d(32, 64, kernel_size=(3, 1), stride=(1, 1))
      )
      (ln): LayerNorm((307, 64), eps=1e-05, elementwise_affine=True)
      (dropout): Dropout(p=0, inplace=False)
    )
    (st_conv2): STConvBlock(
      (tconv1): TemporalConvLayer(
        (align): Align(
          (conv1x1): Conv2d(64, 32, kernel_size=(1, 1), stride=(1, 1))
        )
        (conv): Conv2d(64, 64, kernel_size=(3, 1), stride=(1, 1))
      )
      (sconv): SpatioConvLayer(
        (align): Align()
      )
      (tconv2): TemporalConvLayer(
        (align): Align()
        (conv): Conv2d(32, 128, kernel_size=(3, 1), stride=(1, 1))
      )
      (ln): LayerNorm((307, 128), eps=1e-05, elementwise_affine=True)
      (dropout): Dropout(p=0, inplace=False)
    )
    (output): OutputLayer(
      (tconv1): TemporalConvLayer(
        (align): Align()
        (conv): Conv2d(128, 256, kernel_size=(4, 1), stride=(1, 1))
      )
      (ln): LayerNorm((307, 128), eps=1e-05, elementwise_affine=True)
      (tconv2): TemporalConvLayer(
        (align): Align()
        (conv): Conv2d(128, 128, kernel_size=(1, 1), stride=(1, 1))
      )
      (fc): FullyConvLayer(
        (conv): Conv2d(128, 3, kernel_size=(1, 1), stride=(1, 1))
      )
    )
  )
)
2026-05-08 11:03:21,861 - INFO - You select `steplr` lr_scheduler.
2026-05-08 11:03:21,861 - INFO - Enable AMP training (dtype=float16).
2026-05-08 11:03:21,862 - INFO - You select `rmsprop` optimizer.
2026-05-08 11:03:21,862 - WARNING - Received none train loss func and will use the loss func defined in the model.
2026-05-08 11:03:21,862 - INFO - Start training ...
2026-05-08 11:03:21,862 - INFO - module.st_conv1.tconv1.conv.weight	torch.Size([64, 3, 3, 1])	cuda:0	True
2026-05-08 11:03:21,862 - INFO - num_batches:40
2026-05-08 11:03:21,862 - INFO - module.st_conv1.tconv1.conv.bias	torch.Size([64])	cuda:0	True
2026-05-08 11:03:21,862 - INFO - module.st_conv1.sconv.theta	torch.Size([32, 32, 3])	cuda:0	True
2026-05-08 11:03:21,862 - INFO - module.st_conv1.sconv.b	torch.Size([1, 32, 1, 1])	cuda:0	True
2026-05-08 11:03:21,862 - INFO - module.st_conv1.tconv2.conv.weight	torch.Size([64, 32, 3, 1])	cuda:0	True
2026-05-08 11:03:21,862 - INFO - You select `steplr` lr_scheduler.
2026-05-08 11:03:21,862 - INFO - module.st_conv1.tconv2.conv.bias	torch.Size([64])	cuda:0	True
2026-05-08 11:03:21,862 - INFO - module.st_conv1.ln.weight	torch.Size([307, 64])	cuda:0	True
2026-05-08 11:03:21,862 - INFO - module.st_conv1.ln.bias	torch.Size([307, 64])	cuda:0	True
2026-05-08 11:03:21,862 - WARNING - Received none train loss func and will use the loss func defined in the model.
2026-05-08 11:03:21,862 - INFO - module.st_conv2.tconv1.align.conv1x1.weight	torch.Size([32, 64, 1, 1])	cuda:0	True
2026-05-08 11:03:21,862 - INFO - module.st_conv2.tconv1.align.conv1x1.bias	torch.Size([32])	cuda:0	True
2026-05-08 11:03:21,862 - INFO - module.st_conv2.tconv1.conv.weight	torch.Size([64, 64, 3, 1])	cuda:0	True
2026-05-08 11:03:21,862 - INFO - module.st_conv2.tconv1.conv.bias	torch.Size([64])	cuda:0	True
2026-05-08 11:03:21,862 - INFO - Start training ...
2026-05-08 11:03:21,862 - INFO - module.st_conv2.sconv.theta	torch.Size([32, 32, 3])	cuda:0	True
2026-05-08 11:03:21,862 - INFO - module.st_conv2.sconv.b	torch.Size([1, 32, 1, 1])	cuda:0	True
2026-05-08 11:03:21,862 - INFO - num_batches:40
2026-05-08 11:03:21,862 - INFO - module.st_conv2.tconv2.conv.weight	torch.Size([128, 32, 3, 1])	cuda:0	True
2026-05-08 11:03:21,862 - INFO - module.st_conv2.tconv2.conv.bias	torch.Size([128])	cuda:0	True
2026-05-08 11:03:21,862 - INFO - module.st_conv2.ln.weight	torch.Size([307, 128])	cuda:0	True
2026-05-08 11:03:21,862 - INFO - module.st_conv2.ln.bias	torch.Size([307, 128])	cuda:0	True
2026-05-08 11:03:21,862 - INFO - module.output.tconv1.conv.weight	torch.Size([256, 128, 4, 1])	cuda:0	True
2026-05-08 11:03:21,862 - INFO - module.output.tconv1.conv.bias	torch.Size([256])	cuda:0	True
2026-05-08 11:03:21,862 - INFO - module.output.ln.weight	torch.Size([307, 128])	cuda:0	True
2026-05-08 11:03:21,862 - INFO - module.output.ln.bias	torch.Size([307, 128])	cuda:0	True
2026-05-08 11:03:21,862 - INFO - module.output.tconv2.conv.weight	torch.Size([128, 128, 1, 1])	cuda:0	True
2026-05-08 11:03:21,862 - INFO - module.output.tconv2.conv.bias	torch.Size([128])	cuda:0	True
2026-05-08 11:03:21,862 - INFO - module.output.fc.conv.weight	torch.Size([3, 128, 1, 1])	cuda:0	True
2026-05-08 11:03:21,862 - INFO - module.output.fc.conv.bias	torch.Size([3])	cuda:0	True
2026-05-08 11:03:21,862 - INFO - Total parameter numbers: 384611
2026-05-08 11:03:21,863 - INFO - Enable AMP training (dtype=float16).
2026-05-08 11:03:21,863 - INFO - You select `rmsprop` optimizer.
2026-05-08 11:03:21,863 - INFO - You select `steplr` lr_scheduler.
2026-05-08 11:03:21,863 - WARNING - Received none train loss func and will use the loss func defined in the model.
2026-05-08 11:03:21,863 - INFO - Start training ...
2026-05-08 11:03:21,863 - INFO - num_batches:40
2026-05-08 11:03:23,037 - INFO - epoch complete!
2026-05-08 11:03:23,037 - INFO - evaluating now!
2026-05-08 11:03:23,043 - INFO - epoch complete!
2026-05-08 11:03:23,043 - INFO - evaluating now!
2026-05-08 11:03:23,058 - INFO - epoch complete!
2026-05-08 11:03:23,058 - INFO - evaluating now!
2026-05-08 11:03:23,438 - INFO - Epoch [0/10] train_loss: 19487.3316, val_loss: 2054.7310, lr: 0.004000, 1.57s
2026-05-08 11:03:23,449 - INFO - Saved model at 0
2026-05-08 11:03:23,449 - INFO - Val loss decrease from inf to 2054.7310, saving to /home/lizhuoxuan/lzq/Bigscity-LibCity-master/outputs/20260508_110310__traffic_state_pred__STGCN__PEMSD4/model_cache/STGCN_PEMSD4_epoch0.tar
2026-05-08 11:03:23,454 - INFO - Epoch [0/10] train_loss: 22399.2628, val_loss: 6808.5713, lr: 0.004000, 1.59s
2026-05-08 11:03:23,462 - INFO - Epoch [0/10] train_loss: 18876.6715, val_loss: 2218.6530, lr: 0.004000, 1.60s
2026-05-08 11:03:23,467 - INFO - Saved model at 0
2026-05-08 11:03:23,467 - INFO - Val loss decrease from inf to 6808.5713, saving to /home/lizhuoxuan/lzq/Bigscity-LibCity-master/outputs/20260508_110310__traffic_state_pred__STGCN__PEMSD4/model_cache/STGCN_PEMSD4_epoch0.tar
2026-05-08 11:03:23,474 - INFO - Saved model at 0
2026-05-08 11:03:23,474 - INFO - Val loss decrease from inf to 2218.6530, saving to /home/lizhuoxuan/lzq/Bigscity-LibCity-master/outputs/20260508_110310__traffic_state_pred__STGCN__PEMSD4/model_cache/STGCN_PEMSD4_epoch0.tar
2026-05-08 11:03:23,934 - INFO - epoch complete!
2026-05-08 11:03:23,934 - INFO - evaluating now!
2026-05-08 11:03:23,947 - INFO - epoch complete!
2026-05-08 11:03:23,947 - INFO - evaluating now!
2026-05-08 11:03:23,948 - INFO - epoch complete!
2026-05-08 11:03:23,948 - INFO - evaluating now!
2026-05-08 11:03:24,330 - INFO - Epoch [1/10] train_loss: 1115.2171, val_loss: 1302.9144, lr: 0.004000, 0.86s
2026-05-08 11:03:24,333 - INFO - Epoch [1/10] train_loss: 2375.8458, val_loss: 1576.8299, lr: 0.004000, 0.87s
2026-05-08 11:03:24,341 - INFO - Saved model at 1
2026-05-08 11:03:24,341 - INFO - Val loss decrease from 2218.6530 to 1302.9144, saving to /home/lizhuoxuan/lzq/Bigscity-LibCity-master/outputs/20260508_110310__traffic_state_pred__STGCN__PEMSD4/model_cache/STGCN_PEMSD4_epoch1.tar
2026-05-08 11:03:24,341 - INFO - Saved model at 1
2026-05-08 11:03:24,341 - INFO - Val loss decrease from 6808.5713 to 1576.8299, saving to /home/lizhuoxuan/lzq/Bigscity-LibCity-master/outputs/20260508_110310__traffic_state_pred__STGCN__PEMSD4/model_cache/STGCN_PEMSD4_epoch1.tar
2026-05-08 11:03:24,350 - INFO - Epoch [1/10] train_loss: 1099.6416, val_loss: 2016.9301, lr: 0.004000, 0.90s
2026-05-08 11:03:24,444 - INFO - Saved model at 1
2026-05-08 11:03:24,445 - INFO - Val loss decrease from 2054.7310 to 2016.9301, saving to /home/lizhuoxuan/lzq/Bigscity-LibCity-master/outputs/20260508_110310__traffic_state_pred__STGCN__PEMSD4/model_cache/STGCN_PEMSD4_epoch1.tar
2026-05-08 11:03:24,812 - INFO - epoch complete!
2026-05-08 11:03:24,813 - INFO - evaluating now!
2026-05-08 11:03:24,826 - INFO - epoch complete!
2026-05-08 11:03:24,826 - INFO - evaluating now!
2026-05-08 11:03:24,980 - INFO - epoch complete!
2026-05-08 11:03:24,980 - INFO - evaluating now!
2026-05-08 11:03:25,192 - INFO - Epoch [2/10] train_loss: 859.8328, val_loss: 1522.0941, lr: 0.004000, 0.85s
2026-05-08 11:03:25,210 - INFO - Epoch [2/10] train_loss: 1229.7423, val_loss: 1678.5834, lr: 0.004000, 0.87s
2026-05-08 11:03:25,396 - INFO - Epoch [2/10] train_loss: 869.6145, val_loss: 1300.3833, lr: 0.004000, 0.95s
2026-05-08 11:03:25,410 - INFO - Saved model at 2
2026-05-08 11:03:25,410 - INFO - Val loss decrease from 2016.9301 to 1300.3833, saving to /home/lizhuoxuan/lzq/Bigscity-LibCity-master/outputs/20260508_110310__traffic_state_pred__STGCN__PEMSD4/model_cache/STGCN_PEMSD4_epoch2.tar
2026-05-08 11:03:25,659 - INFO - epoch complete!
2026-05-08 11:03:25,660 - INFO - evaluating now!
2026-05-08 11:03:25,680 - INFO - epoch complete!
2026-05-08 11:03:25,681 - INFO - evaluating now!
2026-05-08 11:03:25,940 - INFO - epoch complete!
2026-05-08 11:03:25,940 - INFO - evaluating now!
2026-05-08 11:03:26,041 - INFO - Epoch [3/10] train_loss: 739.8794, val_loss: 1226.4524, lr: 0.004000, 0.85s
2026-05-08 11:03:26,050 - INFO - Saved model at 3
2026-05-08 11:03:26,051 - INFO - Val loss decrease from 1302.9144 to 1226.4524, saving to /home/lizhuoxuan/lzq/Bigscity-LibCity-master/outputs/20260508_110310__traffic_state_pred__STGCN__PEMSD4/model_cache/STGCN_PEMSD4_epoch3.tar
2026-05-08 11:03:26,065 - INFO - Epoch [3/10] train_loss: 950.1687, val_loss: 1208.9863, lr: 0.004000, 0.86s
2026-05-08 11:03:26,077 - INFO - Saved model at 3
2026-05-08 11:03:26,077 - INFO - Val loss decrease from 1576.8299 to 1208.9863, saving to /home/lizhuoxuan/lzq/Bigscity-LibCity-master/outputs/20260508_110310__traffic_state_pred__STGCN__PEMSD4/model_cache/STGCN_PEMSD4_epoch3.tar
2026-05-08 11:03:26,356 - INFO - Epoch [3/10] train_loss: 714.1415, val_loss: 1381.1502, lr: 0.004000, 0.95s
2026-05-08 11:03:26,521 - INFO - epoch complete!
2026-05-08 11:03:26,521 - INFO - evaluating now!
2026-05-08 11:03:26,553 - INFO - epoch complete!
2026-05-08 11:03:26,553 - INFO - evaluating now!
2026-05-08 11:03:26,889 - INFO - epoch complete!
2026-05-08 11:03:26,889 - INFO - evaluating now!
2026-05-08 11:03:26,903 - INFO - Epoch [4/10] train_loss: 644.3381, val_loss: 1321.5759, lr: 0.002800, 0.85s
2026-05-08 11:03:26,939 - INFO - Epoch [4/10] train_loss: 816.7000, val_loss: 4085.4343, lr: 0.002800, 0.86s
2026-05-08 11:03:27,305 - INFO - Epoch [4/10] train_loss: 676.2705, val_loss: 1592.0471, lr: 0.002800, 0.95s
2026-05-08 11:03:27,376 - INFO - epoch complete!
2026-05-08 11:03:27,377 - INFO - evaluating now!
2026-05-08 11:03:27,412 - INFO - epoch complete!
2026-05-08 11:03:27,412 - INFO - evaluating now!
2026-05-08 11:03:27,758 - INFO - Epoch [5/10] train_loss: 465.7775, val_loss: 1151.8436, lr: 0.002800, 0.85s
2026-05-08 11:03:27,784 - INFO - Saved model at 5
2026-05-08 11:03:27,784 - INFO - Val loss decrease from 1226.4524 to 1151.8436, saving to /home/lizhuoxuan/lzq/Bigscity-LibCity-master/outputs/20260508_110310__traffic_state_pred__STGCN__PEMSD4/model_cache/STGCN_PEMSD4_epoch5.tar
2026-05-08 11:03:27,797 - INFO - Epoch [5/10] train_loss: 612.6749, val_loss: 926.0823, lr: 0.002800, 0.86s
2026-05-08 11:03:27,809 - INFO - Saved model at 5
2026-05-08 11:03:27,809 - INFO - Val loss decrease from 1208.9863 to 926.0823, saving to /home/lizhuoxuan/lzq/Bigscity-LibCity-master/outputs/20260508_110310__traffic_state_pred__STGCN__PEMSD4/model_cache/STGCN_PEMSD4_epoch5.tar
2026-05-08 11:03:27,839 - INFO - epoch complete!
2026-05-08 11:03:27,839 - INFO - evaluating now!
2026-05-08 11:03:28,247 - INFO - Epoch [5/10] train_loss: 456.6539, val_loss: 967.0103, lr: 0.002800, 0.94s
2026-05-08 11:03:28,258 - INFO - Saved model at 5
2026-05-08 11:03:28,259 - INFO - Val loss decrease from 1300.3833 to 967.0103, saving to /home/lizhuoxuan/lzq/Bigscity-LibCity-master/outputs/20260508_110310__traffic_state_pred__STGCN__PEMSD4/model_cache/STGCN_PEMSD4_epoch5.tar
2026-05-08 11:03:28,267 - INFO - epoch complete!
2026-05-08 11:03:28,267 - INFO - evaluating now!
2026-05-08 11:03:28,292 - INFO - epoch complete!
2026-05-08 11:03:28,292 - INFO - evaluating now!
2026-05-08 11:03:28,651 - INFO - Epoch [6/10] train_loss: 464.3345, val_loss: 1795.1789, lr: 0.002800, 0.87s
2026-05-08 11:03:28,678 - INFO - Epoch [6/10] train_loss: 569.4877, val_loss: 1230.1825, lr: 0.002800, 0.87s
2026-05-08 11:03:28,709 - INFO - epoch complete!
2026-05-08 11:03:28,709 - INFO - evaluating now!
2026-05-08 11:03:29,090 - INFO - Epoch [6/10] train_loss: 502.6798, val_loss: 1256.5148, lr: 0.002800, 0.83s
2026-05-08 11:03:29,124 - INFO - epoch complete!
2026-05-08 11:03:29,124 - INFO - evaluating now!
2026-05-08 11:03:29,155 - INFO - epoch complete!
2026-05-08 11:03:29,156 - INFO - evaluating now!
2026-05-08 11:03:29,505 - INFO - Epoch [7/10] train_loss: 499.5976, val_loss: 1093.9270, lr: 0.002800, 0.85s
2026-05-08 11:03:29,515 - INFO - Saved model at 7
2026-05-08 11:03:29,515 - INFO - Val loss decrease from 1151.8436 to 1093.9270, saving to /home/lizhuoxuan/lzq/Bigscity-LibCity-master/outputs/20260508_110310__traffic_state_pred__STGCN__PEMSD4/model_cache/STGCN_PEMSD4_epoch7.tar
2026-05-08 11:03:29,540 - INFO - Epoch [7/10] train_loss: 629.5205, val_loss: 1593.0573, lr: 0.002800, 0.86s
2026-05-08 11:03:29,541 - INFO - epoch complete!
2026-05-08 11:03:29,541 - INFO - evaluating now!
2026-05-08 11:03:29,921 - INFO - Epoch [7/10] train_loss: 464.1458, val_loss: 1798.2031, lr: 0.002800, 0.83s
2026-05-08 11:03:29,984 - INFO - epoch complete!
2026-05-08 11:03:29,984 - INFO - evaluating now!
2026-05-08 11:03:30,012 - INFO - epoch complete!
2026-05-08 11:03:30,012 - INFO - evaluating now!
2026-05-08 11:03:30,366 - INFO - Epoch [8/10] train_loss: 499.7178, val_loss: 955.2191, lr: 0.002800, 0.85s
2026-05-08 11:03:30,375 - INFO - Saved model at 8
2026-05-08 11:03:30,376 - INFO - Val loss decrease from 1093.9270 to 955.2191, saving to /home/lizhuoxuan/lzq/Bigscity-LibCity-master/outputs/20260508_110310__traffic_state_pred__STGCN__PEMSD4/model_cache/STGCN_PEMSD4_epoch8.tar
2026-05-08 11:03:30,376 - INFO - epoch complete!
2026-05-08 11:03:30,376 - INFO - evaluating now!
2026-05-08 11:03:30,398 - INFO - Epoch [8/10] train_loss: 591.0336, val_loss: 1100.2259, lr: 0.002800, 0.86s
2026-05-08 11:03:30,756 - INFO - Epoch [8/10] train_loss: 463.8434, val_loss: 876.4639, lr: 0.002800, 0.83s
2026-05-08 11:03:30,839 - INFO - Saved model at 8
2026-05-08 11:03:30,839 - INFO - Val loss decrease from 967.0103 to 876.4639, saving to /home/lizhuoxuan/lzq/Bigscity-LibCity-master/outputs/20260508_110310__traffic_state_pred__STGCN__PEMSD4/model_cache/STGCN_PEMSD4_epoch8.tar
2026-05-08 11:03:30,852 - INFO - epoch complete!
2026-05-08 11:03:30,852 - INFO - evaluating now!
2026-05-08 11:03:30,878 - INFO - epoch complete!
2026-05-08 11:03:30,878 - INFO - evaluating now!
2026-05-08 11:03:31,233 - INFO - Epoch [9/10] train_loss: 473.4166, val_loss: 1652.7975, lr: 0.001960, 0.86s
2026-05-08 11:03:31,234 - INFO - Trained totally 10 epochs, average train time is 0.545s, average eval time is 0.384s
2026-05-08 11:03:31,249 - INFO - Loaded model at 8
2026-05-08 11:03:31,263 - INFO - Epoch [9/10] train_loss: 555.2507, val_loss: 1482.5082, lr: 0.001960, 0.87s
2026-05-08 11:03:31,263 - INFO - Trained totally 10 epochs, average train time is 0.548s, average eval time is 0.388s
2026-05-08 11:03:31,279 - INFO - Loaded model at 5
2026-05-08 11:03:31,295 - INFO - epoch complete!
2026-05-08 11:03:31,295 - INFO - evaluating now!
2026-05-08 11:03:31,675 - INFO - Epoch [9/10] train_loss: 454.7038, val_loss: 878.7359, lr: 0.001960, 0.84s
2026-05-08 11:03:31,676 - INFO - Trained totally 10 epochs, average train time is 0.560s, average eval time is 0.399s
2026-05-08 11:03:31,690 - INFO - Loaded model at 8
2026-05-08 11:03:31,690 - INFO - Saved model at /home/lizhuoxuan/lzq/Bigscity-LibCity-master/outputs/20260508_110310__traffic_state_pred__STGCN__PEMSD4/model_cache/STGCN_PEMSD4.m
2026-05-08 11:03:31,700 - INFO - Start evaluating ...
2026-05-08 11:03:35,516 - INFO - Note that you select the single mode to evaluate!
2026-05-08 11:03:35,518 - INFO - Evaluate result is saved at /home/lizhuoxuan/lzq/Bigscity-LibCity-master/outputs/20260508_110310__traffic_state_pred__STGCN__PEMSD4/evaluate_cache/2026_05_08_11_03_35_STGCN_PEMSD4.csv
2026-05-08 11:03:35,528 - INFO - 
          MAE          MAPE          MSE  ...  masked_RMSE        R2      EVAR
1    8.942615   8884.085938   390.870178  ...    19.525505  0.976519  0.976830
2    9.463414   6507.473633   424.177612  ...    20.599491  0.974514  0.974940
3   10.212275   6843.693848   495.831696  ...    22.274405  0.970220  0.970914
4   10.921740   7292.556152   566.373474  ...    23.807085  0.965982  0.967048
5   11.792232  10284.970703   682.426331  ...    25.964064  0.959007  0.960463
6   12.552893   8069.852539   774.281555  ...    27.845030  0.953480  0.955422
7   13.391499   8253.447266   894.016968  ...    29.927223  0.946306  0.948776
8   14.135982   8528.707031   999.643799  ...    31.649782  0.939961  0.943003
9   14.948287  11304.833984  1140.538696  ...    33.688358  0.931489  0.935072
10  15.610392   9240.198242  1250.671631  ...    35.405228  0.924860  0.929097
11  16.397089   9282.126953  1401.156006  ...    37.483105  0.915849  0.920771
12  17.109991   9525.491211  1543.039062  ...    39.338852  0.907326  0.912954

[12 rows x 10 columns]
