2026-05-21 16:27:51,436 - INFO - Log directory: /home/lizhuoxuan/lzq/Bigscity-LibCity-master/outputs/20260521_162751__traffic_state_pred__new_fuzzy_2__METR_LA/logs
2026-05-21 16:27:51,436 - INFO - Log directory: /home/lizhuoxuan/lzq/Bigscity-LibCity-master/outputs/20260521_162751__traffic_state_pred__new_fuzzy_2__METR_LA/logs
2026-05-21 16:27:51,437 - INFO - Begin artifact training pipeline, task=traffic_state_pred, model_name=new_fuzzy_2, dataset_name=METR_LA, exp_id=20260521_162751__traffic_state_pred__new_fuzzy_2__METR_LA
2026-05-21 16:27:51,437 - INFO - {'task': 'traffic_state_pred', 'model': 'new_fuzzy_2', 'dataset': 'METR_LA', 'saved_model': True, 'train': True, 'seed': 42, 'train_rate': 0.6, 'eval_rate': 0.2, 'batch_size': 64, 'learning_rate': 0.001, 'max_epoch': 10, 'dataset_class': 'TrafficStatePointDataset', 'executor': 'TrafficStateExecutor', 'evaluator': 'TrafficStateEvaluator', 'calculate_weight_adj': True, 'conservation_loss_weight': 0.1, 'conservation_steps_per_epoch': 80, 'conservation_warmup_epochs': 5, 'data_col': ['traffic_speed'], 'data_files': ['METR_LA'], 'decoder_layers': 2, 'device': device(type='cuda', index=0), 'disturb_rate': 0.5, 'dropout': 0.1, 'dyna': {'including_types': ['state'], 'state': {'entity_id': 'geo_id', 'traffic_speed': 'num'}}, 'encoder_layers': 2, 'eval_batch_size': 64, 'evaluator_mode': 'single', 'ffn_hidden_dim': 128, 'fuzzy_num_sets': 3, 'geo': {'including_types': ['Point'], 'Point': {}}, 'geo_file': 'METR_LA', 'graph_k_hop': 2, 'hidden_dim': 64, 'init_weight_inf_or_zero': 'inf', 'is_distributed': True, 'metrics': ['MAE', 'MAPE', 'MSE', 'RMSE', 'masked_MAE', 'masked_MAPE', 'masked_MSE', 'masked_RMSE', 'R2', 'EVAR'], 'noise_SD': [10], 'noise_mean': [5], 'noise_type': 'gaussian', 'num_heads': 2, 'num_workers': 0, 'output_dim': 1, 'pad_with_last_sample': True, 'physics_channel_idx': 0, 'rank': 0, 'rel': {'including_types': ['geo'], 'geo': {'cost': 'num'}}, 'rel_file': 'METR_LA', 'robustness_test': False, 'save_mode': ['csv'], 'scale_lr': False, 'set_weight_link_or_dist': 'dist', 'time_intervals': 300, 'use_amp': True, 'use_fuzzy_conservation': True, 'use_fuzzy_graph': True, 'use_gradient_checkpointing': False, 'use_spatiotemporal_attention': True, 'use_temporal_position_embedding': True, 'weight_adj_epsilon': 0.1, 'weight_col': 'cost', 'world_size': 4, 'clip_grad_norm': True, 'epoch': 0, 'gpu': True, 'gpu_id': 0, 'learner': 'adamw', 'load_best_epoch': True, 'log_every': 1, 'lr_decay': True, 'lr_decay_ratio': 0.5, 'lr_patience': 5, 'lr_scheduler': 'reducelronplateau', 'lr_threshold': 0.001, 'max_grad_norm': 3, 'patience': 30, 'train_loss': 'none', 'use_early_stop': True, 'weight_decay': 0.0001, 'data_version_id': 'dv_1779350544_501cf2f6', 'input_window': 12, 'output_window': 12, 'scaler': 'standard', 'load_external': False, 'normal_external': False, 'add_time_in_day': True, 'add_day_in_week': True, 'cache_dataset': True, 'ext_scaler': 'none', 'local_rank': 0, 'dist_backend': 'nccl', 'exp_id': '20260521_162751__traffic_state_pred__new_fuzzy_2__METR_LA'}
2026-05-21 16:28:13,929 - INFO - Enable AMP training (dtype=float16).
2026-05-21 16:28:13,929 - INFO - You select `adamw` optimizer.
2026-05-21 16:28:13,930 - INFO - You select `reducelronplateau` lr_scheduler.
2026-05-21 16:28:13,930 - WARNING - Received none train loss func and will use the loss func defined in the model.
2026-05-21 16:28:13,930 - INFO - Start training ...
2026-05-21 16:28:13,930 - INFO - num_batches:81
2026-05-21 16:28:13,936 - INFO - DistributedDataParallel(
  (module): NewFuzzy2(
    (fuzzy_graph): FuzzyRelationalGraphLearner(
      (raw_projection): Linear(in_features=9, out_features=64, bias=True)
      (feature_to_membership): Sequential(
        (0): Linear(in_features=64, out_features=32, bias=True)
        (1): GELU(approximate='none')
        (2): Linear(in_features=32, out_features=3, bias=True)
      )
    )
    (condition_encoder): STEncoder(
      (input_projection): Linear(in_features=9, out_features=64, bias=True)
      (blocks): ModuleList(
        (0-1): 2 x STEncoderBlock(
          (temporal_attention): MultiHeadAttention(
            (query_projection): Linear(in_features=64, out_features=64, bias=True)
            (key_projection): Linear(in_features=64, out_features=64, bias=True)
            (value_projection): Linear(in_features=64, out_features=64, bias=True)
            (output_projection): Linear(in_features=64, out_features=64, bias=True)
            (dropout): Dropout(p=0.1, inplace=False)
          )
          (graph_convolution): FuzzyGraphConvolution(
            (projections): ModuleList(
              (0-2): 3 x Linear(in_features=64, out_features=64, bias=True)
            )
          )
          (feed_forward): FeedForwardNetwork(
            (network): Sequential(
              (0): Linear(in_features=64, out_features=128, bias=True)
              (1): GELU(approximate='none')
              (2): Dropout(p=0.1, inplace=False)
              (3): Linear(in_features=128, out_features=64, bias=True)
              (4): Dropout(p=0.1, inplace=False)
            )
          )
          (norm_temporal): LayerNorm((64,), eps=1e-05, elementwise_affine=True)
          (norm_graph): LayerNorm((64,), eps=1e-05, elementwise_affine=True)
          (norm_ffn): LayerNorm((64,), eps=1e-05, elementwise_affine=True)
          (dropout): Dropout(p=0.1, inplace=False)
        )
      )
      (final_norm): LayerNorm((64,), eps=1e-05, elementwise_affine=True)
    )
    (future_decoder): FutureDecoder(
      (blocks): ModuleList(
        (0-1): 2 x DecoderBlock(
          (temporal_attention): MultiHeadAttention(
            (query_projection): Linear(in_features=64, out_features=64, bias=True)
            (key_projection): Linear(in_features=64, out_features=64, bias=True)
            (value_projection): Linear(in_features=64, out_features=64, bias=True)
            (output_projection): Linear(in_features=64, out_features=64, bias=True)
            (dropout): Dropout(p=0.1, inplace=False)
          )
          (graph_convolution): FuzzyGraphConvolution(
            (projections): ModuleList(
              (0-2): 3 x Linear(in_features=64, out_features=64, bias=True)
            )
          )
          (cross_attention): MultiHeadAttention(
            (query_projection): Linear(in_features=64, out_features=64, bias=True)
            (key_projection): Linear(in_features=64, out_features=64, bias=True)
            (value_projection): Linear(in_features=64, out_features=64, bias=True)
            (output_projection): Linear(in_features=64, out_features=64, bias=True)
            (dropout): Dropout(p=0.1, inplace=False)
          )
          (spatiotemporal_attention): MultiHeadAttention(
            (query_projection): Linear(in_features=64, out_features=64, bias=True)
            (key_projection): Linear(in_features=64, out_features=64, bias=True)
            (value_projection): Linear(in_features=64, out_features=64, bias=True)
            (output_projection): Linear(in_features=64, out_features=64, bias=True)
            (dropout): Dropout(p=0.1, inplace=False)
          )
          (feed_forward): FeedForwardNetwork(
            (network): Sequential(
              (0): Linear(in_features=64, out_features=128, bias=True)
              (1): GELU(approximate='none')
              (2): Dropout(p=0.1, inplace=False)
              (3): Linear(in_features=128, out_features=64, bias=True)
              (4): Dropout(p=0.1, inplace=False)
            )
          )
          (norm_temporal): LayerNorm((64,), eps=1e-05, elementwise_affine=True)
          (norm_graph): LayerNorm((64,), eps=1e-05, elementwise_affine=True)
          (norm_cross): LayerNorm((64,), eps=1e-05, elementwise_affine=True)
          (norm_spatiotemporal): LayerNorm((64,), eps=1e-05, elementwise_affine=True)
          (norm_ffn): LayerNorm((64,), eps=1e-05, elementwise_affine=True)
          (dropout): Dropout(p=0.1, inplace=False)
        )
      )
      (final_norm): LayerNorm((64,), eps=1e-05, elementwise_affine=True)
      (output_projection): Linear(in_features=64, out_features=1, bias=True)
    )
  )
)
2026-05-21 16:28:13,937 - INFO - module.fuzzy_graph.base_memberships	torch.Size([207, 3])	cuda:0	True
2026-05-21 16:28:13,938 - INFO - module.fuzzy_graph.fuzzy_prototypes	torch.Size([3, 64])	cuda:0	True
2026-05-21 16:28:13,938 - INFO - module.fuzzy_graph.blend_logit	torch.Size([])	cuda:0	True
2026-05-21 16:28:13,938 - INFO - module.fuzzy_graph.raw_projection.weight	torch.Size([64, 9])	cuda:0	True
2026-05-21 16:28:13,938 - INFO - module.fuzzy_graph.raw_projection.bias	torch.Size([64])	cuda:0	True
2026-05-21 16:28:13,938 - INFO - module.fuzzy_graph.feature_to_membership.0.weight	torch.Size([32, 64])	cuda:0	True
2026-05-21 16:28:13,938 - INFO - module.fuzzy_graph.feature_to_membership.0.bias	torch.Size([32])	cuda:0	True
2026-05-21 16:28:13,938 - INFO - module.fuzzy_graph.feature_to_membership.2.weight	torch.Size([3, 32])	cuda:0	True
2026-05-21 16:28:13,938 - INFO - module.fuzzy_graph.feature_to_membership.2.bias	torch.Size([3])	cuda:0	True
2026-05-21 16:28:13,938 - INFO - module.condition_encoder.temporal_position_embedding	torch.Size([1, 12, 1, 64])	cuda:0	True
2026-05-21 16:28:13,938 - INFO - module.condition_encoder.input_projection.weight	torch.Size([64, 9])	cuda:0	True
2026-05-21 16:28:13,938 - INFO - module.condition_encoder.input_projection.bias	torch.Size([64])	cuda:0	True
2026-05-21 16:28:13,938 - INFO - module.condition_encoder.blocks.0.temporal_attention.query_projection.weight	torch.Size([64, 64])	cuda:0	True
2026-05-21 16:28:13,938 - INFO - module.condition_encoder.blocks.0.temporal_attention.query_projection.bias	torch.Size([64])	cuda:0	True
2026-05-21 16:28:13,938 - INFO - module.condition_encoder.blocks.0.temporal_attention.key_projection.weight	torch.Size([64, 64])	cuda:0	True
2026-05-21 16:28:13,938 - INFO - module.condition_encoder.blocks.0.temporal_attention.key_projection.bias	torch.Size([64])	cuda:0	True
2026-05-21 16:28:13,938 - INFO - module.condition_encoder.blocks.0.temporal_attention.value_projection.weight	torch.Size([64, 64])	cuda:0	True
2026-05-21 16:28:13,938 - INFO - module.condition_encoder.blocks.0.temporal_attention.value_projection.bias	torch.Size([64])	cuda:0	True
2026-05-21 16:28:13,938 - INFO - module.condition_encoder.blocks.0.temporal_attention.output_projection.weight	torch.Size([64, 64])	cuda:0	True
2026-05-21 16:28:13,938 - INFO - module.condition_encoder.blocks.0.temporal_attention.output_projection.bias	torch.Size([64])	cuda:0	True
2026-05-21 16:28:13,938 - INFO - module.condition_encoder.blocks.0.graph_convolution.projections.0.weight	torch.Size([64, 64])	cuda:0	True
2026-05-21 16:28:13,938 - INFO - module.condition_encoder.blocks.0.graph_convolution.projections.0.bias	torch.Size([64])	cuda:0	True
2026-05-21 16:28:13,938 - INFO - module.condition_encoder.blocks.0.graph_convolution.projections.1.weight	torch.Size([64, 64])	cuda:0	True
2026-05-21 16:28:13,938 - INFO - module.condition_encoder.blocks.0.graph_convolution.projections.1.bias	torch.Size([64])	cuda:0	True
2026-05-21 16:28:13,938 - INFO - module.condition_encoder.blocks.0.graph_convolution.projections.2.weight	torch.Size([64, 64])	cuda:0	True
2026-05-21 16:28:13,938 - INFO - module.condition_encoder.blocks.0.graph_convolution.projections.2.bias	torch.Size([64])	cuda:0	True
2026-05-21 16:28:13,938 - INFO - module.condition_encoder.blocks.0.feed_forward.network.0.weight	torch.Size([128, 64])	cuda:0	True
2026-05-21 16:28:13,938 - INFO - module.condition_encoder.blocks.0.feed_forward.network.0.bias	torch.Size([128])	cuda:0	True
2026-05-21 16:28:13,939 - INFO - module.condition_encoder.blocks.0.feed_forward.network.3.weight	torch.Size([64, 128])	cuda:0	True
2026-05-21 16:28:13,939 - INFO - module.condition_encoder.blocks.0.feed_forward.network.3.bias	torch.Size([64])	cuda:0	True
2026-05-21 16:28:13,939 - INFO - module.condition_encoder.blocks.0.norm_temporal.weight	torch.Size([64])	cuda:0	True
2026-05-21 16:28:13,939 - INFO - module.condition_encoder.blocks.0.norm_temporal.bias	torch.Size([64])	cuda:0	True
2026-05-21 16:28:13,939 - INFO - module.condition_encoder.blocks.0.norm_graph.weight	torch.Size([64])	cuda:0	True
2026-05-21 16:28:13,939 - INFO - module.condition_encoder.blocks.0.norm_graph.bias	torch.Size([64])	cuda:0	True
2026-05-21 16:28:13,939 - INFO - module.condition_encoder.blocks.0.norm_ffn.weight	torch.Size([64])	cuda:0	True
2026-05-21 16:28:13,939 - INFO - module.condition_encoder.blocks.0.norm_ffn.bias	torch.Size([64])	cuda:0	True
2026-05-21 16:28:13,939 - INFO - module.condition_encoder.blocks.1.temporal_attention.query_projection.weight	torch.Size([64, 64])	cuda:0	True
2026-05-21 16:28:13,939 - INFO - module.condition_encoder.blocks.1.temporal_attention.query_projection.bias	torch.Size([64])	cuda:0	True
2026-05-21 16:28:13,939 - INFO - module.condition_encoder.blocks.1.temporal_attention.key_projection.weight	torch.Size([64, 64])	cuda:0	True
2026-05-21 16:28:13,939 - INFO - module.condition_encoder.blocks.1.temporal_attention.key_projection.bias	torch.Size([64])	cuda:0	True
2026-05-21 16:28:13,939 - INFO - module.condition_encoder.blocks.1.temporal_attention.value_projection.weight	torch.Size([64, 64])	cuda:0	True
2026-05-21 16:28:13,939 - INFO - module.condition_encoder.blocks.1.temporal_attention.value_projection.bias	torch.Size([64])	cuda:0	True
2026-05-21 16:28:13,939 - INFO - module.condition_encoder.blocks.1.temporal_attention.output_projection.weight	torch.Size([64, 64])	cuda:0	True
2026-05-21 16:28:13,939 - INFO - module.condition_encoder.blocks.1.temporal_attention.output_projection.bias	torch.Size([64])	cuda:0	True
2026-05-21 16:28:13,939 - INFO - module.condition_encoder.blocks.1.graph_convolution.projections.0.weight	torch.Size([64, 64])	cuda:0	True
2026-05-21 16:28:13,939 - INFO - module.condition_encoder.blocks.1.graph_convolution.projections.0.bias	torch.Size([64])	cuda:0	True
2026-05-21 16:28:13,939 - INFO - module.condition_encoder.blocks.1.graph_convolution.projections.1.weight	torch.Size([64, 64])	cuda:0	True
2026-05-21 16:28:13,939 - INFO - module.condition_encoder.blocks.1.graph_convolution.projections.1.bias	torch.Size([64])	cuda:0	True
2026-05-21 16:28:13,939 - INFO - module.condition_encoder.blocks.1.graph_convolution.projections.2.weight	torch.Size([64, 64])	cuda:0	True
2026-05-21 16:28:13,939 - INFO - module.condition_encoder.blocks.1.graph_convolution.projections.2.bias	torch.Size([64])	cuda:0	True
2026-05-21 16:28:13,939 - INFO - module.condition_encoder.blocks.1.feed_forward.network.0.weight	torch.Size([128, 64])	cuda:0	True
2026-05-21 16:28:13,939 - INFO - module.condition_encoder.blocks.1.feed_forward.network.0.bias	torch.Size([128])	cuda:0	True
2026-05-21 16:28:13,939 - INFO - module.condition_encoder.blocks.1.feed_forward.network.3.weight	torch.Size([64, 128])	cuda:0	True
2026-05-21 16:28:13,939 - INFO - module.condition_encoder.blocks.1.feed_forward.network.3.bias	torch.Size([64])	cuda:0	True
2026-05-21 16:28:13,940 - INFO - module.condition_encoder.blocks.1.norm_temporal.weight	torch.Size([64])	cuda:0	True
2026-05-21 16:28:13,940 - INFO - module.condition_encoder.blocks.1.norm_temporal.bias	torch.Size([64])	cuda:0	True
2026-05-21 16:28:13,940 - INFO - module.condition_encoder.blocks.1.norm_graph.weight	torch.Size([64])	cuda:0	True
2026-05-21 16:28:13,940 - INFO - module.condition_encoder.blocks.1.norm_graph.bias	torch.Size([64])	cuda:0	True
2026-05-21 16:28:13,940 - INFO - module.condition_encoder.blocks.1.norm_ffn.weight	torch.Size([64])	cuda:0	True
2026-05-21 16:28:13,940 - INFO - module.condition_encoder.blocks.1.norm_ffn.bias	torch.Size([64])	cuda:0	True
2026-05-21 16:28:13,940 - INFO - module.condition_encoder.final_norm.weight	torch.Size([64])	cuda:0	True
2026-05-21 16:28:13,940 - INFO - module.condition_encoder.final_norm.bias	torch.Size([64])	cuda:0	True
2026-05-21 16:28:13,940 - INFO - module.future_decoder.future_queries	torch.Size([1, 12, 207, 64])	cuda:0	True
2026-05-21 16:28:13,940 - INFO - module.future_decoder.blocks.0.temporal_attention.query_projection.weight	torch.Size([64, 64])	cuda:0	True
2026-05-21 16:28:13,940 - INFO - module.future_decoder.blocks.0.temporal_attention.query_projection.bias	torch.Size([64])	cuda:0	True
2026-05-21 16:28:13,940 - INFO - module.future_decoder.blocks.0.temporal_attention.key_projection.weight	torch.Size([64, 64])	cuda:0	True
2026-05-21 16:28:13,940 - INFO - module.future_decoder.blocks.0.temporal_attention.key_projection.bias	torch.Size([64])	cuda:0	True
2026-05-21 16:28:13,940 - INFO - module.future_decoder.blocks.0.temporal_attention.value_projection.weight	torch.Size([64, 64])	cuda:0	True
2026-05-21 16:28:13,940 - INFO - module.future_decoder.blocks.0.temporal_attention.value_projection.bias	torch.Size([64])	cuda:0	True
2026-05-21 16:28:13,940 - INFO - module.future_decoder.blocks.0.temporal_attention.output_projection.weight	torch.Size([64, 64])	cuda:0	True
2026-05-21 16:28:13,940 - INFO - module.future_decoder.blocks.0.temporal_attention.output_projection.bias	torch.Size([64])	cuda:0	True
2026-05-21 16:28:13,940 - INFO - module.future_decoder.blocks.0.graph_convolution.projections.0.weight	torch.Size([64, 64])	cuda:0	True
2026-05-21 16:28:13,940 - INFO - module.future_decoder.blocks.0.graph_convolution.projections.0.bias	torch.Size([64])	cuda:0	True
2026-05-21 16:28:13,940 - INFO - module.future_decoder.blocks.0.graph_convolution.projections.1.weight	torch.Size([64, 64])	cuda:0	True
2026-05-21 16:28:13,940 - INFO - module.future_decoder.blocks.0.graph_convolution.projections.1.bias	torch.Size([64])	cuda:0	True
2026-05-21 16:28:13,940 - INFO - module.future_decoder.blocks.0.graph_convolution.projections.2.weight	torch.Size([64, 64])	cuda:0	True
2026-05-21 16:28:13,940 - INFO - module.future_decoder.blocks.0.graph_convolution.projections.2.bias	torch.Size([64])	cuda:0	True
2026-05-21 16:28:13,940 - INFO - module.future_decoder.blocks.0.cross_attention.query_projection.weight	torch.Size([64, 64])	cuda:0	True
2026-05-21 16:28:13,940 - INFO - module.future_decoder.blocks.0.cross_attention.query_projection.bias	torch.Size([64])	cuda:0	True
2026-05-21 16:28:13,940 - INFO - module.future_decoder.blocks.0.cross_attention.key_projection.weight	torch.Size([64, 64])	cuda:0	True
2026-05-21 16:28:13,940 - INFO - module.future_decoder.blocks.0.cross_attention.key_projection.bias	torch.Size([64])	cuda:0	True
2026-05-21 16:28:13,940 - INFO - module.future_decoder.blocks.0.cross_attention.value_projection.weight	torch.Size([64, 64])	cuda:0	True
2026-05-21 16:28:13,940 - INFO - module.future_decoder.blocks.0.cross_attention.value_projection.bias	torch.Size([64])	cuda:0	True
2026-05-21 16:28:13,941 - INFO - module.future_decoder.blocks.0.cross_attention.output_projection.weight	torch.Size([64, 64])	cuda:0	True
2026-05-21 16:28:13,941 - INFO - module.future_decoder.blocks.0.cross_attention.output_projection.bias	torch.Size([64])	cuda:0	True
2026-05-21 16:28:13,941 - INFO - module.future_decoder.blocks.0.spatiotemporal_attention.query_projection.weight	torch.Size([64, 64])	cuda:0	True
2026-05-21 16:28:13,941 - INFO - module.future_decoder.blocks.0.spatiotemporal_attention.query_projection.bias	torch.Size([64])	cuda:0	True
2026-05-21 16:28:13,941 - INFO - module.future_decoder.blocks.0.spatiotemporal_attention.key_projection.weight	torch.Size([64, 64])	cuda:0	True
2026-05-21 16:28:13,941 - INFO - module.future_decoder.blocks.0.spatiotemporal_attention.key_projection.bias	torch.Size([64])	cuda:0	True
2026-05-21 16:28:13,941 - INFO - module.future_decoder.blocks.0.spatiotemporal_attention.value_projection.weight	torch.Size([64, 64])	cuda:0	True
2026-05-21 16:28:13,941 - INFO - module.future_decoder.blocks.0.spatiotemporal_attention.value_projection.bias	torch.Size([64])	cuda:0	True
2026-05-21 16:28:13,941 - INFO - module.future_decoder.blocks.0.spatiotemporal_attention.output_projection.weight	torch.Size([64, 64])	cuda:0	True
2026-05-21 16:28:13,941 - INFO - module.future_decoder.blocks.0.spatiotemporal_attention.output_projection.bias	torch.Size([64])	cuda:0	True
2026-05-21 16:28:13,941 - INFO - module.future_decoder.blocks.0.feed_forward.network.0.weight	torch.Size([128, 64])	cuda:0	True
2026-05-21 16:28:13,941 - INFO - module.future_decoder.blocks.0.feed_forward.network.0.bias	torch.Size([128])	cuda:0	True
2026-05-21 16:28:13,941 - INFO - module.future_decoder.blocks.0.feed_forward.network.3.weight	torch.Size([64, 128])	cuda:0	True
2026-05-21 16:28:13,941 - INFO - module.future_decoder.blocks.0.feed_forward.network.3.bias	torch.Size([64])	cuda:0	True
2026-05-21 16:28:13,941 - INFO - module.future_decoder.blocks.0.norm_temporal.weight	torch.Size([64])	cuda:0	True
2026-05-21 16:28:13,941 - INFO - module.future_decoder.blocks.0.norm_temporal.bias	torch.Size([64])	cuda:0	True
2026-05-21 16:28:13,941 - INFO - module.future_decoder.blocks.0.norm_graph.weight	torch.Size([64])	cuda:0	True
2026-05-21 16:28:13,941 - INFO - module.future_decoder.blocks.0.norm_graph.bias	torch.Size([64])	cuda:0	True
2026-05-21 16:28:13,941 - INFO - module.future_decoder.blocks.0.norm_cross.weight	torch.Size([64])	cuda:0	True
2026-05-21 16:28:13,941 - INFO - module.future_decoder.blocks.0.norm_cross.bias	torch.Size([64])	cuda:0	True
2026-05-21 16:28:13,941 - INFO - module.future_decoder.blocks.0.norm_spatiotemporal.weight	torch.Size([64])	cuda:0	True
2026-05-21 16:28:13,941 - INFO - module.future_decoder.blocks.0.norm_spatiotemporal.bias	torch.Size([64])	cuda:0	True
2026-05-21 16:28:13,941 - INFO - module.future_decoder.blocks.0.norm_ffn.weight	torch.Size([64])	cuda:0	True
2026-05-21 16:28:13,941 - INFO - module.future_decoder.blocks.0.norm_ffn.bias	torch.Size([64])	cuda:0	True
2026-05-21 16:28:13,941 - INFO - module.future_decoder.blocks.1.temporal_attention.query_projection.weight	torch.Size([64, 64])	cuda:0	True
2026-05-21 16:28:13,941 - INFO - module.future_decoder.blocks.1.temporal_attention.query_projection.bias	torch.Size([64])	cuda:0	True
2026-05-21 16:28:13,941 - INFO - module.future_decoder.blocks.1.temporal_attention.key_projection.weight	torch.Size([64, 64])	cuda:0	True
2026-05-21 16:28:13,941 - INFO - module.future_decoder.blocks.1.temporal_attention.key_projection.bias	torch.Size([64])	cuda:0	True
2026-05-21 16:28:13,941 - INFO - module.future_decoder.blocks.1.temporal_attention.value_projection.weight	torch.Size([64, 64])	cuda:0	True
2026-05-21 16:28:13,942 - INFO - module.future_decoder.blocks.1.temporal_attention.value_projection.bias	torch.Size([64])	cuda:0	True
2026-05-21 16:28:13,942 - INFO - module.future_decoder.blocks.1.temporal_attention.output_projection.weight	torch.Size([64, 64])	cuda:0	True
2026-05-21 16:28:13,942 - INFO - module.future_decoder.blocks.1.temporal_attention.output_projection.bias	torch.Size([64])	cuda:0	True
2026-05-21 16:28:13,942 - INFO - module.future_decoder.blocks.1.graph_convolution.projections.0.weight	torch.Size([64, 64])	cuda:0	True
2026-05-21 16:28:13,942 - INFO - module.future_decoder.blocks.1.graph_convolution.projections.0.bias	torch.Size([64])	cuda:0	True
2026-05-21 16:28:13,942 - INFO - module.future_decoder.blocks.1.graph_convolution.projections.1.weight	torch.Size([64, 64])	cuda:0	True
2026-05-21 16:28:13,942 - INFO - module.future_decoder.blocks.1.graph_convolution.projections.1.bias	torch.Size([64])	cuda:0	True
2026-05-21 16:28:13,942 - INFO - module.future_decoder.blocks.1.graph_convolution.projections.2.weight	torch.Size([64, 64])	cuda:0	True
2026-05-21 16:28:13,942 - INFO - module.future_decoder.blocks.1.graph_convolution.projections.2.bias	torch.Size([64])	cuda:0	True
2026-05-21 16:28:13,942 - INFO - module.future_decoder.blocks.1.cross_attention.query_projection.weight	torch.Size([64, 64])	cuda:0	True
2026-05-21 16:28:13,942 - INFO - module.future_decoder.blocks.1.cross_attention.query_projection.bias	torch.Size([64])	cuda:0	True
2026-05-21 16:28:13,942 - INFO - module.future_decoder.blocks.1.cross_attention.key_projection.weight	torch.Size([64, 64])	cuda:0	True
2026-05-21 16:28:13,942 - INFO - module.future_decoder.blocks.1.cross_attention.key_projection.bias	torch.Size([64])	cuda:0	True
2026-05-21 16:28:13,942 - INFO - module.future_decoder.blocks.1.cross_attention.value_projection.weight	torch.Size([64, 64])	cuda:0	True
2026-05-21 16:28:13,942 - INFO - module.future_decoder.blocks.1.cross_attention.value_projection.bias	torch.Size([64])	cuda:0	True
2026-05-21 16:28:13,942 - INFO - module.future_decoder.blocks.1.cross_attention.output_projection.weight	torch.Size([64, 64])	cuda:0	True
2026-05-21 16:28:13,942 - INFO - module.future_decoder.blocks.1.cross_attention.output_projection.bias	torch.Size([64])	cuda:0	True
2026-05-21 16:28:13,942 - INFO - module.future_decoder.blocks.1.spatiotemporal_attention.query_projection.weight	torch.Size([64, 64])	cuda:0	True
2026-05-21 16:28:13,942 - INFO - module.future_decoder.blocks.1.spatiotemporal_attention.query_projection.bias	torch.Size([64])	cuda:0	True
2026-05-21 16:28:13,942 - INFO - module.future_decoder.blocks.1.spatiotemporal_attention.key_projection.weight	torch.Size([64, 64])	cuda:0	True
2026-05-21 16:28:13,942 - INFO - module.future_decoder.blocks.1.spatiotemporal_attention.key_projection.bias	torch.Size([64])	cuda:0	True
2026-05-21 16:28:13,942 - INFO - module.future_decoder.blocks.1.spatiotemporal_attention.value_projection.weight	torch.Size([64, 64])	cuda:0	True
2026-05-21 16:28:13,942 - INFO - module.future_decoder.blocks.1.spatiotemporal_attention.value_projection.bias	torch.Size([64])	cuda:0	True
2026-05-21 16:28:13,942 - INFO - module.future_decoder.blocks.1.spatiotemporal_attention.output_projection.weight	torch.Size([64, 64])	cuda:0	True
2026-05-21 16:28:13,942 - INFO - module.future_decoder.blocks.1.spatiotemporal_attention.output_projection.bias	torch.Size([64])	cuda:0	True
2026-05-21 16:28:13,942 - INFO - module.future_decoder.blocks.1.feed_forward.network.0.weight	torch.Size([128, 64])	cuda:0	True
2026-05-21 16:28:13,943 - INFO - module.future_decoder.blocks.1.feed_forward.network.0.bias	torch.Size([128])	cuda:0	True
2026-05-21 16:28:13,943 - INFO - module.future_decoder.blocks.1.feed_forward.network.3.weight	torch.Size([64, 128])	cuda:0	True
2026-05-21 16:28:13,943 - INFO - module.future_decoder.blocks.1.feed_forward.network.3.bias	torch.Size([64])	cuda:0	True
2026-05-21 16:28:13,943 - INFO - module.future_decoder.blocks.1.norm_temporal.weight	torch.Size([64])	cuda:0	True
2026-05-21 16:28:13,943 - INFO - module.future_decoder.blocks.1.norm_temporal.bias	torch.Size([64])	cuda:0	True
2026-05-21 16:28:13,943 - INFO - module.future_decoder.blocks.1.norm_graph.weight	torch.Size([64])	cuda:0	True
2026-05-21 16:28:13,943 - INFO - module.future_decoder.blocks.1.norm_graph.bias	torch.Size([64])	cuda:0	True
2026-05-21 16:28:13,943 - INFO - module.future_decoder.blocks.1.norm_cross.weight	torch.Size([64])	cuda:0	True
2026-05-21 16:28:13,943 - INFO - module.future_decoder.blocks.1.norm_cross.bias	torch.Size([64])	cuda:0	True
2026-05-21 16:28:13,943 - INFO - module.future_decoder.blocks.1.norm_spatiotemporal.weight	torch.Size([64])	cuda:0	True
2026-05-21 16:28:13,943 - INFO - module.future_decoder.blocks.1.norm_spatiotemporal.bias	torch.Size([64])	cuda:0	True
2026-05-21 16:28:13,943 - INFO - module.future_decoder.blocks.1.norm_ffn.weight	torch.Size([64])	cuda:0	True
2026-05-21 16:28:13,943 - INFO - module.future_decoder.blocks.1.norm_ffn.bias	torch.Size([64])	cuda:0	True
2026-05-21 16:28:13,943 - INFO - module.future_decoder.final_norm.weight	torch.Size([64])	cuda:0	True
2026-05-21 16:28:13,943 - INFO - module.future_decoder.final_norm.bias	torch.Size([64])	cuda:0	True
2026-05-21 16:28:13,943 - INFO - module.future_decoder.output_projection.weight	torch.Size([1, 64])	cuda:0	True
2026-05-21 16:28:13,943 - INFO - module.future_decoder.output_projection.bias	torch.Size([1])	cuda:0	True
2026-05-21 16:28:13,944 - INFO - Total parameter numbers: 415730
2026-05-21 16:28:13,944 - INFO - Enable AMP training (dtype=float16).
2026-05-21 16:28:13,944 - INFO - You select `adamw` optimizer.
2026-05-21 16:28:13,945 - INFO - You select `reducelronplateau` lr_scheduler.
2026-05-21 16:28:13,945 - WARNING - Received none train loss func and will use the loss func defined in the model.
2026-05-21 16:28:13,945 - INFO - Start training ...
2026-05-21 16:28:13,945 - INFO - num_batches:81
2026-05-21 16:28:21,977 - INFO - epoch complete!
2026-05-21 16:28:21,977 - INFO - evaluating now!
2026-05-21 16:28:22,687 - INFO - Epoch [0/10] train_loss: 0.5780, val_loss: 0.4930, lr: 0.001000, 8.76s
2026-05-21 16:28:22,723 - INFO - Saved model at 0
2026-05-21 16:28:22,723 - INFO - Val loss decrease from inf to 0.4930, saving to /home/lizhuoxuan/lzq/Bigscity-LibCity-master/outputs/20260521_162751__traffic_state_pred__new_fuzzy_2__METR_LA/model_cache/new_fuzzy_2_METR_LA_epoch0.tar
2026-05-21 16:28:29,989 - INFO - epoch complete!
2026-05-21 16:28:29,989 - INFO - evaluating now!
2026-05-21 16:28:30,757 - INFO - Epoch [1/10] train_loss: 0.4675, val_loss: 0.4936, lr: 0.001000, 8.03s
2026-05-21 16:28:34,618 - INFO - epoch complete!
2026-05-21 16:28:34,618 - INFO - evaluating now!
2026-05-21 16:28:36,144 - INFO - Epoch [0/10] train_loss: 0.5873, val_loss: 0.5023, lr: 0.001000, 22.20s
2026-05-21 16:28:36,353 - INFO - Saved model at 0
2026-05-21 16:28:36,353 - INFO - Val loss decrease from inf to 0.5023, saving to /home/lizhuoxuan/lzq/Bigscity-LibCity-master/outputs/20260521_162751__traffic_state_pred__new_fuzzy_2__METR_LA/model_cache/new_fuzzy_2_METR_LA_epoch0.tar
2026-05-21 16:28:38,062 - INFO - epoch complete!
2026-05-21 16:28:38,063 - INFO - evaluating now!
2026-05-21 16:28:38,822 - INFO - Epoch [2/10] train_loss: 0.4650, val_loss: 0.4831, lr: 0.001000, 8.06s
2026-05-21 16:28:38,863 - INFO - Saved model at 2
2026-05-21 16:28:38,863 - INFO - Val loss decrease from 0.4930 to 0.4831, saving to /home/lizhuoxuan/lzq/Bigscity-LibCity-master/outputs/20260521_162751__traffic_state_pred__new_fuzzy_2__METR_LA/model_cache/new_fuzzy_2_METR_LA_epoch2.tar
2026-05-21 16:28:46,199 - INFO - epoch complete!
2026-05-21 16:28:46,199 - INFO - evaluating now!
2026-05-21 16:28:46,944 - INFO - Epoch [3/10] train_loss: 0.4593, val_loss: 0.4701, lr: 0.001000, 8.08s
2026-05-21 16:28:46,979 - INFO - Saved model at 3
2026-05-21 16:28:46,980 - INFO - Val loss decrease from 0.4831 to 0.4701, saving to /home/lizhuoxuan/lzq/Bigscity-LibCity-master/outputs/20260521_162751__traffic_state_pred__new_fuzzy_2__METR_LA/model_cache/new_fuzzy_2_METR_LA_epoch3.tar
2026-05-21 16:28:54,268 - INFO - epoch complete!
2026-05-21 16:28:54,269 - INFO - evaluating now!
2026-05-21 16:28:55,053 - INFO - Epoch [4/10] train_loss: 0.4393, val_loss: 0.4618, lr: 0.001000, 8.07s
2026-05-21 16:28:55,117 - INFO - Saved model at 4
2026-05-21 16:28:55,118 - INFO - Val loss decrease from 0.4701 to 0.4618, saving to /home/lizhuoxuan/lzq/Bigscity-LibCity-master/outputs/20260521_162751__traffic_state_pred__new_fuzzy_2__METR_LA/model_cache/new_fuzzy_2_METR_LA_epoch4.tar
2026-05-21 16:28:58,686 - INFO - epoch complete!
2026-05-21 16:28:58,687 - INFO - evaluating now!
2026-05-21 16:28:59,964 - INFO - Epoch [1/10] train_loss: 0.4597, val_loss: 0.4884, lr: 0.001000, 23.61s
2026-05-21 16:28:59,999 - INFO - Saved model at 1
2026-05-21 16:28:59,999 - INFO - Val loss decrease from 0.5023 to 0.4884, saving to /home/lizhuoxuan/lzq/Bigscity-LibCity-master/outputs/20260521_162751__traffic_state_pred__new_fuzzy_2__METR_LA/model_cache/new_fuzzy_2_METR_LA_epoch1.tar
2026-05-21 16:29:02,433 - INFO - epoch complete!
2026-05-21 16:29:02,433 - INFO - evaluating now!
2026-05-21 16:29:03,197 - INFO - Epoch [5/10] train_loss: 0.4357, val_loss: 0.4638, lr: 0.001000, 8.08s
2026-05-21 16:29:10,547 - INFO - epoch complete!
2026-05-21 16:29:10,548 - INFO - evaluating now!
2026-05-21 16:29:11,342 - INFO - Epoch [6/10] train_loss: 0.4209, val_loss: 0.4291, lr: 0.001000, 8.14s
2026-05-21 16:29:11,419 - INFO - Saved model at 6
2026-05-21 16:29:11,420 - INFO - Val loss decrease from 0.4618 to 0.4291, saving to /home/lizhuoxuan/lzq/Bigscity-LibCity-master/outputs/20260521_162751__traffic_state_pred__new_fuzzy_2__METR_LA/model_cache/new_fuzzy_2_METR_LA_epoch6.tar
2026-05-21 16:29:17,038 - INFO - epoch complete!
2026-05-21 16:29:17,039 - INFO - evaluating now!
2026-05-21 16:29:18,723 - INFO - epoch complete!
2026-05-21 16:29:18,724 - INFO - evaluating now!
2026-05-21 16:29:18,741 - INFO - Epoch [2/10] train_loss: 0.4626, val_loss: 0.4857, lr: 0.001000, 18.74s
2026-05-21 16:29:18,780 - INFO - Saved model at 2
2026-05-21 16:29:18,780 - INFO - Val loss decrease from 0.4884 to 0.4857, saving to /home/lizhuoxuan/lzq/Bigscity-LibCity-master/outputs/20260521_162751__traffic_state_pred__new_fuzzy_2__METR_LA/model_cache/new_fuzzy_2_METR_LA_epoch2.tar
2026-05-21 16:29:19,508 - INFO - Epoch [7/10] train_loss: 0.3917, val_loss: 0.4310, lr: 0.001000, 8.09s
2026-05-21 16:29:26,793 - INFO - epoch complete!
2026-05-21 16:29:26,793 - INFO - evaluating now!
2026-05-21 16:29:27,527 - INFO - Epoch [8/10] train_loss: 0.3801, val_loss: 0.3722, lr: 0.001000, 8.02s
2026-05-21 16:29:27,563 - INFO - Saved model at 8
2026-05-21 16:29:27,564 - INFO - Val loss decrease from 0.4291 to 0.3722, saving to /home/lizhuoxuan/lzq/Bigscity-LibCity-master/outputs/20260521_162751__traffic_state_pred__new_fuzzy_2__METR_LA/model_cache/new_fuzzy_2_METR_LA_epoch8.tar
2026-05-21 16:29:34,872 - INFO - epoch complete!
2026-05-21 16:29:34,872 - INFO - evaluating now!
2026-05-21 16:29:35,612 - INFO - Epoch [9/10] train_loss: 0.3171, val_loss: 0.2835, lr: 0.001000, 8.05s
2026-05-21 16:29:35,651 - INFO - Saved model at 9
2026-05-21 16:29:35,651 - INFO - Val loss decrease from 0.3722 to 0.2835, saving to /home/lizhuoxuan/lzq/Bigscity-LibCity-master/outputs/20260521_162751__traffic_state_pred__new_fuzzy_2__METR_LA/model_cache/new_fuzzy_2_METR_LA_epoch9.tar
2026-05-21 16:29:35,651 - INFO - Trained totally 10 epochs, average train time is 7.380s, average eval time is 0.758s
2026-05-21 16:29:35,770 - INFO - Loaded model at 9
2026-05-21 16:29:35,771 - INFO - Start evaluating ...
2026-05-21 16:29:40,595 - INFO - epoch complete!
2026-05-21 16:29:40,596 - INFO - evaluating now!
2026-05-21 16:29:41,967 - INFO - Epoch [3/10] train_loss: 0.4609, val_loss: 0.4815, lr: 0.001000, 23.19s
2026-05-21 16:29:42,072 - INFO - Saved model at 3
2026-05-21 16:29:42,073 - INFO - Val loss decrease from 0.4857 to 0.4815, saving to /home/lizhuoxuan/lzq/Bigscity-LibCity-master/outputs/20260521_162751__traffic_state_pred__new_fuzzy_2__METR_LA/model_cache/new_fuzzy_2_METR_LA_epoch3.tar
2026-05-21 16:30:03,567 - INFO - epoch complete!
2026-05-21 16:30:03,568 - INFO - evaluating now!
2026-05-21 16:30:05,430 - INFO - Epoch [4/10] train_loss: 0.4364, val_loss: 0.4720, lr: 0.001000, 23.36s
2026-05-21 16:30:05,467 - INFO - Saved model at 4
2026-05-21 16:30:05,467 - INFO - Val loss decrease from 0.4815 to 0.4720, saving to /home/lizhuoxuan/lzq/Bigscity-LibCity-master/outputs/20260521_162751__traffic_state_pred__new_fuzzy_2__METR_LA/model_cache/new_fuzzy_2_METR_LA_epoch4.tar
2026-05-21 16:30:21,670 - INFO - epoch complete!
2026-05-21 16:30:21,670 - INFO - evaluating now!
2026-05-21 16:30:23,105 - INFO - Epoch [5/10] train_loss: 0.4302, val_loss: 0.4433, lr: 0.001000, 17.64s
2026-05-21 16:30:23,143 - INFO - Saved model at 5
2026-05-21 16:30:23,143 - INFO - Val loss decrease from 0.4720 to 0.4433, saving to /home/lizhuoxuan/lzq/Bigscity-LibCity-master/outputs/20260521_162751__traffic_state_pred__new_fuzzy_2__METR_LA/model_cache/new_fuzzy_2_METR_LA_epoch5.tar
2026-05-21 16:30:45,386 - INFO - epoch complete!
2026-05-21 16:30:45,386 - INFO - evaluating now!
2026-05-21 16:30:47,415 - INFO - Epoch [6/10] train_loss: 0.4310, val_loss: 0.4501, lr: 0.001000, 24.27s
2026-05-21 16:31:07,074 - INFO - epoch complete!
2026-05-21 16:31:07,074 - INFO - evaluating now!
2026-05-21 16:31:09,004 - INFO - Epoch [7/10] train_loss: 0.4110, val_loss: 0.4295, lr: 0.001000, 21.59s
2026-05-21 16:31:09,041 - INFO - Saved model at 7
2026-05-21 16:31:09,041 - INFO - Val loss decrease from 0.4433 to 0.4295, saving to /home/lizhuoxuan/lzq/Bigscity-LibCity-master/outputs/20260521_162751__traffic_state_pred__new_fuzzy_2__METR_LA/model_cache/new_fuzzy_2_METR_LA_epoch7.tar
2026-05-21 16:31:30,309 - INFO - epoch complete!
2026-05-21 16:31:30,309 - INFO - evaluating now!
2026-05-21 16:31:31,527 - INFO - Epoch [8/10] train_loss: 0.3795, val_loss: 0.3953, lr: 0.001000, 22.49s
2026-05-21 16:31:31,669 - INFO - Saved model at 8
2026-05-21 16:31:31,669 - INFO - Val loss decrease from 0.4295 to 0.3953, saving to /home/lizhuoxuan/lzq/Bigscity-LibCity-master/outputs/20260521_162751__traffic_state_pred__new_fuzzy_2__METR_LA/model_cache/new_fuzzy_2_METR_LA_epoch8.tar
2026-05-21 16:31:50,893 - INFO - epoch complete!
2026-05-21 16:31:50,893 - INFO - evaluating now!
2026-05-21 16:31:52,977 - INFO - Epoch [9/10] train_loss: 0.3627, val_loss: 0.3779, lr: 0.001000, 21.31s
2026-05-21 16:31:53,014 - INFO - Saved model at 9
2026-05-21 16:31:53,014 - INFO - Val loss decrease from 0.3953 to 0.3779, saving to /home/lizhuoxuan/lzq/Bigscity-LibCity-master/outputs/20260521_162751__traffic_state_pred__new_fuzzy_2__METR_LA/model_cache/new_fuzzy_2_METR_LA_epoch9.tar
2026-05-21 16:31:53,015 - INFO - Trained totally 10 epochs, average train time is 20.195s, average eval time is 1.643s
2026-05-21 16:31:54,511 - INFO - Loaded model at 9
2026-05-21 16:31:54,511 - INFO - Saved model at /home/lizhuoxuan/lzq/Bigscity-LibCity-master/outputs/20260521_162751__traffic_state_pred__new_fuzzy_2__METR_LA/model_cache/new_fuzzy_2_METR_LA.m
2026-05-21 16:31:54,548 - INFO - Start evaluating ...
2026-05-21 16:32:08,232 - INFO - Note that you select the single mode to evaluate!
2026-05-21 16:32:08,236 - INFO - Evaluate result is saved at /home/lizhuoxuan/lzq/Bigscity-LibCity-master/outputs/20260521_162751__traffic_state_pred__new_fuzzy_2__METR_LA/evaluate_cache/2026_05_21_16_32_08_new_fuzzy_2_METR_LA.csv
2026-05-21 16:32:08,248 - INFO - 
         MAE      MAPE         MSE  ...  masked_RMSE        R2      EVAR
1   5.598621  0.145782  130.981155  ...     9.110547  0.747358  0.754683
2   5.960949  0.152391  150.475891  ...     9.787528  0.709761  0.717150
3   6.267247  0.158270  166.939178  ...    10.347016  0.678012  0.685466
4   6.565904  0.163908  183.417542  ...    10.878313  0.646242  0.653746
5   6.854958  0.168954  199.714584  ...    11.370949  0.614822  0.622384
6   7.139269  0.173865  215.748245  ...    11.818147  0.583906  0.591568
7   7.400292  0.178988  230.062531  ...    12.228005  0.556313  0.564026
8   7.653327  0.184109  243.875931  ...    12.616350  0.529685  0.537498
9   7.885560  0.188535  256.890472  ...    12.969405  0.504599  0.512498
10  8.116117  0.192875  269.641235  ...    13.297204  0.480029  0.488065
11  8.329581  0.197397  281.146820  ...    13.608269  0.457860  0.465999
12  8.532955  0.202070  291.978088  ...    13.897691  0.436992  0.445267

[12 rows x 10 columns]
